2025-09-30 18:53:53,774 : INFO : root : Loading config.
2025-09-30 18:53:53,779 : INFO : YamlMultifileConfigLoader : Machine config file #1: config.yaml
2025-09-30 18:53:53,779 : WARNING : ConfigProcessor : Config file in cache changed: C:\venv\mpf\mmmdrop\config\config.yaml
2025-09-30 18:53:53,780 : INFO : ConfigProcessor : Loading config from file c:\venv\mpf\lib\site-packages\mpf\mpfconfig.yaml.
2025-09-30 18:53:53,788 : INFO : ConfigProcessor : Loading config: c:\venv\mpf\lib\site-packages\mpf\mpfconfig.yaml
2025-09-30 18:53:53,789 : INFO : ConfigProcessor : Loading config from file C:\venv\mpf\mmmdrop\config\config.yaml.
2025-09-30 18:53:53,792 : INFO : ConfigProcessor : Loading config: C:\venv\mpf\mmmdrop\config\config.yaml
2025-09-30 18:53:53,794 : INFO : ConfigProcessor : Loading config: C:\venv\mpf\mmmdrop\config\coils.yaml
2025-09-30 18:53:53,797 : INFO : ConfigProcessor : Loading config: C:\venv\mpf\mmmdrop\config\switches.yaml
2025-09-30 18:53:53,800 : INFO : ConfigProcessor : Loading config: C:\venv\mpf\mmmdrop\config\lights.yaml
2025-09-30 18:53:53,803 : INFO : ConfigProcessor : Config file cache created: C:\Users\sdona\AppData\Local\Temp\19f6d0d7953982fda9d956182316b8e5.mpf_cache
2025-09-30 18:53:53,916 : INFO : ConfigProcessor : Loading config from cache: C:\Users\sdona\AppData\Local\Temp\835b5bfea4be8b279a05e96caaaffbbb.mpf_cache
2025-09-30 18:53:53,918 : INFO : ConfigProcessor : Loading config from cache: C:\Users\sdona\AppData\Local\Temp\9b0a7575388f9d9bd2f6ab87bf9fd2f7.mpf_cache
2025-09-30 18:53:53,919 : INFO : ConfigProcessor : Loading config from cache: C:\Users\sdona\AppData\Local\Temp\c340ec0033d1055cd797ffd5447ef414.mpf_cache
2025-09-30 18:53:53,920 : INFO : ConfigProcessor : Loading config from cache: C:\Users\sdona\AppData\Local\Temp\835b5bfea4be8b279a05e96caaaffbbb.mpf_cache
2025-09-30 18:53:53,921 : INFO : ConfigProcessor : Loading config from cache: C:\Users\sdona\AppData\Local\Temp\f0c219a993d891ee86dcb7eae47dde67.mpf_cache
2025-09-30 18:53:53,922 : INFO : ConfigProcessor : Loading config from cache: C:\Users\sdona\AppData\Local\Temp\96aa58108928490b129531848cd9b506.mpf_cache
2025-09-30 18:53:53,923 : INFO : Machine : Mission Pinball Framework Core Engine v0.80.0.dev9
2025-09-30 18:53:53,923 : INFO : Machine : Command line arguments: {'no_load_cache': False, 'create_config_cache': True, 'bcp': True, 'configfile': ['config.yaml'], 'force_assets_load': False, 'platform_integration_test': False, 'jsonlogging': False, 'logfile': 'logs\\2025-09-30-18-53-53-mpf-PinballLaptop.log', 'pause': False, 'production': False, 'text_ui': True, 'loglevel': 15, 'consoleloglevel': 20, 'force_platform': 'smart_virtual', 'syslog_address': None, 'full_logfile_path': 'C:\\venv\\mpf\\mmmdrop\\logs\\2025-09-30-18-53-53-mpf-PinballLaptop.log'}
2025-09-30 18:53:53,923 : INFO : Machine : MPF path: c:\venv\mpf\lib\site-packages\mpf
2025-09-30 18:53:53,923 : INFO : Machine : Machine path: C:\venv\mpf\mmmdrop
2025-09-30 18:53:53,923 : INFO : Machine : Platform: win32
2025-09-30 18:53:53,923 : INFO : Machine : Python executable location: c:\venv\mpf\Scripts\python.exe
2025-09-30 18:53:53,923 : INFO : Machine : Python version: 3.9.13 (64-bit)
2025-09-30 18:53:53,925 : INFO : Machine : Initializing MPF...
2025-09-30 18:53:54,138 : INFO : EventManager : Event: ======'machine_var_credits_string'====== Args={'value': 'FREE PLAY', 'prev_value': None, 'change': True}
2025-09-30 18:53:54,168 : INFO : EventManager : Event: ======'machine_var_fast_audio_headphones_volume'====== Args={'value': 10, 'prev_value': None, 'change': True}
2025-09-30 18:53:54,168 : INFO : EventManager : Event: ======'machine_var_fast_audio_main_volume'====== Args={'value': 44, 'prev_value': None, 'change': True}
2025-09-30 18:53:54,168 : INFO : EventManager : Event: ======'machine_var_master_volume'====== Args={'value': 0.15, 'prev_value': None, 'change': True}
2025-09-30 18:53:54,168 : INFO : EventManager : Event: ======'machine_var_player1_score'====== Args={'value': 140190, 'prev_value': None, 'change': True}
2025-09-30 18:53:54,168 : INFO : EventManager : Event: ======'machine_var_mpf_version'====== Args={'value': 'Mission Pinball Framework v0.80.0.dev9', 'prev_value': None, 'change': True}
2025-09-30 18:53:54,168 : INFO : EventManager : Event: ======'machine_var_mpf_extended_version'====== Args={'value': 'Mission Pinball Framework v0.80.0.dev9, Config version:6, Show version: 6, BCP version:1.1', 'prev_value': None, 'change': True}
2025-09-30 18:53:54,168 : INFO : EventManager : Event: ======'machine_var_python_version'====== Args={'value': '3.9.13', 'prev_value': None, 'change': True}
2025-09-30 18:53:54,218 : INFO : EventManager : Event: ======'machine_var_platform'====== Args={'value': 'Windows-10-10.0.26100-SP0', 'prev_value': None, 'change': True}
2025-09-30 18:53:54,218 : INFO : EventManager : Event: ======'machine_var_platform_system'====== Args={'value': 'Windows', 'prev_value': None, 'change': True}
2025-09-30 18:53:54,218 : INFO : EventManager : Event: ======'machine_var_platform_release'====== Args={'value': '10', 'prev_value': None, 'change': True}
2025-09-30 18:53:54,218 : INFO : EventManager : Event: ======'machine_var_platform_version'====== Args={'value': '10.0.26100', 'prev_value': None, 'change': True}
2025-09-30 18:53:54,218 : INFO : EventManager : Event: ======'machine_var_platform_machine'====== Args={'value': 'AMD64', 'prev_value': None, 'change': True}
2025-09-30 18:53:54,218 : INFO : EventManager : Event: ======'machine_var_log_file_path'====== Args={'value': 'C:\\venv\\mpf\\mmmdrop\\logs\\2025-09-30-18-53-53-mpf-PinballLaptop.log', 'prev_value': None, 'change': True}
2025-09-30 18:53:54,218 : INFO : EventManager : Event: ======'init_phase_1'====== Args={}
2025-09-30 18:53:54,246 : INFO : EventManager : Event: ======'drop_target_bank_three_bank_up'====== Args={}
2025-09-30 18:53:54,248 : INFO : EventManager : Event: ======'init_phase_2'====== Args={}
2025-09-30 18:53:54,248 : INFO : SwitchController : Found active switch: ('3208-0', <Platform.SmartVirtual>) <switch.s_trough1>
2025-09-30 18:53:54,248 : INFO : SwitchController : Found active switch: ('3208-1', <Platform.SmartVirtual>) <switch.s_trough2>
2025-09-30 18:53:54,248 : INFO : SwitchController : Found active switch: ('3208-2', <Platform.SmartVirtual>) <switch.s_trough3>
2025-09-30 18:53:54,248 : INFO : SwitchController : Found active switch: ('3208-3', <Platform.SmartVirtual>) <switch.s_trough4>
2025-09-30 18:53:54,248 : INFO : SwitchController : Found active switch: ('3208-4', <Platform.SmartVirtual>) <switch.s_trough5>
2025-09-30 18:53:54,248 : INFO : SwitchController : Found active switch: ('3208-5', <Platform.SmartVirtual>) <switch.s_trough6>
2025-09-30 18:53:54,252 : INFO : EventManager : Event: ======'bcp_connection_attempt'====== Args={'name': 'local_display', 'host': 'localhost', 'port': 5050}
2025-09-30 18:53:54,254 : INFO : BCPClientSocket : Connecting BCP to 'local_display' at localhost:5050...
2025-09-30 18:54:00,486 : INFO : BCPClientSocket : Connected BCP to 'local_display' localhost:5050
2025-09-30 18:54:00,487 : INFO : EventManager : Event: ======'bcp_clients_connected'====== Args={}
2025-09-30 18:54:00,621 : INFO : ball_device.bd_trough : BCH: Initial count: 6
2025-09-30 18:54:00,622 : INFO : ball_device.bd_trough : State: idle
2025-09-30 18:54:00,623 : INFO : ball_device.bd_plunger : BCH: Initial count: 0
2025-09-30 18:54:00,623 : INFO : ball_device.bd_plunger : State: idle
2025-09-30 18:54:00,624 : INFO : ball_device.bd_scoop : BCH: Initial count: 0
2025-09-30 18:54:00,624 : INFO : ball_device.bd_scoop : State: idle
2025-09-30 18:54:00,647 : INFO : EventManager : Event: ======'init_phase_3'====== Args={}
2025-09-30 18:54:00,652 : INFO : EventManager : Event: ======'init_phase_4'====== Args={}
2025-09-30 18:54:00,652 : INFO : BallController : Initial balls found: 6
2025-09-30 18:54:00,654 : INFO : EventManager : Event: ======'machine_var_audits_events_game_ended'====== Args={'value': 36, 'prev_value': None, 'change': True}
2025-09-30 18:54:00,655 : INFO : EventManager : Event: ======'machine_var_audits_events_game_started'====== Args={'value': 148, 'prev_value': None, 'change': True}
2025-09-30 18:54:00,655 : INFO : EventManager : Event: ======'machine_var_audits_missing_switches_s_captive_ball'====== Args={'value': 74, 'prev_value': None, 'change': True}
2025-09-30 18:54:00,655 : INFO : EventManager : Event: ======'machine_var_audits_missing_switches_s_center_upper_pop'====== Args={'value': 74, 'prev_value': None, 'change': True}
2025-09-30 18:54:00,655 : INFO : EventManager : Event: ======'machine_var_audits_missing_switches_s_inner_orbit'====== Args={'value': 74, 'prev_value': None, 'change': True}
2025-09-30 18:54:00,655 : INFO : EventManager : Event: ======'machine_var_audits_missing_switches_s_left_flipper'====== Args={'value': 74, 'prev_value': None, 'change': True}
2025-09-30 18:54:00,655 : INFO : EventManager : Event: ======'machine_var_audits_missing_switches_s_left_inlane'====== Args={'value': 74, 'prev_value': None, 'change': True}
2025-09-30 18:54:00,655 : INFO : EventManager : Event: ======'machine_var_audits_missing_switches_s_left_orbit'====== Args={'value': 74, 'prev_value': None, 'change': True}
2025-09-30 18:54:00,655 : INFO : EventManager : Event: ======'machine_var_audits_missing_switches_s_left_outlane'====== Args={'value': 74, 'prev_value': None, 'change': True}
2025-09-30 18:54:00,655 : INFO : EventManager : Event: ======'machine_var_audits_missing_switches_s_left_ramp'====== Args={'value': 74, 'prev_value': None, 'change': True}
2025-09-30 18:54:00,655 : INFO : EventManager : Event: ======'machine_var_audits_missing_switches_s_left_slingshot'====== Args={'value': 74, 'prev_value': None, 'change': True}
2025-09-30 18:54:00,656 : INFO : EventManager : Event: ======'machine_var_audits_missing_switches_s_left_upper_pop'====== Args={'value': 74, 'prev_value': None, 'change': True}
2025-09-30 18:54:00,656 : INFO : EventManager : Event: ======'machine_var_audits_missing_switches_s_pop_standup'====== Args={'value': 74, 'prev_value': None, 'change': True}
2025-09-30 18:54:00,656 : INFO : EventManager : Event: ======'machine_var_audits_missing_switches_s_right_flipper'====== Args={'value': 74, 'prev_value': None, 'change': True}
2025-09-30 18:54:00,656 : INFO : EventManager : Event: ======'machine_var_audits_missing_switches_s_right_inlane'====== Args={'value': 74, 'prev_value': None, 'change': True}
2025-09-30 18:54:00,656 : INFO : EventManager : Event: ======'machine_var_audits_missing_switches_s_right_orbit'====== Args={'value': 74, 'prev_value': None, 'change': True}
2025-09-30 18:54:00,656 : INFO : EventManager : Event: ======'machine_var_audits_missing_switches_s_right_outlane'====== Args={'value': 74, 'prev_value': None, 'change': True}
2025-09-30 18:54:00,656 : INFO : EventManager : Event: ======'machine_var_audits_missing_switches_s_right_ramp'====== Args={'value': 74, 'prev_value': None, 'change': True}
2025-09-30 18:54:00,656 : INFO : EventManager : Event: ======'machine_var_audits_missing_switches_s_right_slingshot'====== Args={'value': 74, 'prev_value': None, 'change': True}
2025-09-30 18:54:00,656 : INFO : EventManager : Event: ======'machine_var_audits_missing_switches_s_spinner'====== Args={'value': 74, 'prev_value': None, 'change': True}
2025-09-30 18:54:00,656 : INFO : EventManager : Event: ======'machine_var_audits_missing_switches_s_start'====== Args={'value': 19, 'prev_value': None, 'change': True}
2025-09-30 18:54:00,656 : INFO : EventManager : Event: ======'machine_var_audits_missing_switches_s_tilt_bob'====== Args={'value': 82, 'prev_value': None, 'change': True}
2025-09-30 18:54:00,656 : INFO : EventManager : Event: ======'machine_var_audits_missing_switches_s_top_right_flipper'====== Args={'value': 74, 'prev_value': None, 'change': True}
2025-09-30 18:54:00,657 : INFO : EventManager : Event: ======'machine_var_audits_missing_switches_s_trough1'====== Args={'value': 34, 'prev_value': None, 'change': True}
2025-09-30 18:54:00,657 : INFO : EventManager : Event: ======'machine_var_audits_missing_switches_s_trough2'====== Args={'value': 73, 'prev_value': None, 'change': True}
2025-09-30 18:54:00,657 : INFO : EventManager : Event: ======'machine_var_audits_missing_switches_s_trough3'====== Args={'value': 73, 'prev_value': None, 'change': True}
2025-09-30 18:54:00,657 : INFO : EventManager : Event: ======'machine_var_audits_missing_switches_s_trough4'====== Args={'value': 73, 'prev_value': None, 'change': True}
2025-09-30 18:54:00,657 : INFO : EventManager : Event: ======'machine_var_audits_missing_switches_s_trough5'====== Args={'value': 73, 'prev_value': None, 'change': True}
2025-09-30 18:54:00,657 : INFO : EventManager : Event: ======'machine_var_audits_missing_switches_s_trough6'====== Args={'value': 74, 'prev_value': None, 'change': True}
2025-09-30 18:54:00,657 : INFO : EventManager : Event: ======'machine_var_audits_missing_switches_s_trough_jam'====== Args={'value': 74, 'prev_value': None, 'change': True}
2025-09-30 18:54:00,657 : INFO : EventManager : Event: ======'machine_var_audits_missing_switches_s_tshirt_bottom_standup'====== Args={'value': 74, 'prev_value': None, 'change': True}
2025-09-30 18:54:00,657 : INFO : EventManager : Event: ======'machine_var_audits_missing_switches_s_tshirt_top_standup'====== Args={'value': 74, 'prev_value': None, 'change': True}
2025-09-30 18:54:00,657 : INFO : EventManager : Event: ======'machine_var_audits_missing_switches_s_upper_pop_standup'====== Args={'value': 74, 'prev_value': None, 'change': True}
2025-09-30 18:54:00,657 : INFO : EventManager : Event: ======'machine_var_audits_player_score'====== Args={'value': {'average': 16766, 'top': [140190, 55679, 54526, 46225, 25350, 24166, 23278, 22740, 20422, 20201], 'total': 37}, 'prev_value': None, 'change': True}
2025-09-30 18:54:00,658 : INFO : EventManager : Event: ======'machine_var_audits_shots_skill_captive'====== Args={'value': 16, 'prev_value': None, 'change': True}
2025-09-30 18:54:00,658 : INFO : EventManager : Event: ======'machine_var_audits_switches_s_captive_ball'====== Args={'value': 158, 'prev_value': None, 'change': True}
2025-09-30 18:54:00,658 : INFO : EventManager : Event: ======'machine_var_audits_switches_s_center_upper_pop'====== Args={'value': 182, 'prev_value': None, 'change': True}
2025-09-30 18:54:00,658 : INFO : EventManager : Event: ======'machine_var_audits_switches_s_inner_orbit'====== Args={'value': 0, 'prev_value': None, 'change': True}
2025-09-30 18:54:00,658 : INFO : EventManager : Event: ======'machine_var_audits_switches_s_left_flipper'====== Args={'value': 1240, 'prev_value': None, 'change': True}
2025-09-30 18:54:00,658 : INFO : EventManager : Event: ======'machine_var_audits_switches_s_left_inlane'====== Args={'value': 107, 'prev_value': None, 'change': True}
2025-09-30 18:54:00,659 : INFO : EventManager : Event: ======'machine_var_audits_switches_s_left_orbit'====== Args={'value': 0, 'prev_value': None, 'change': True}
2025-09-30 18:54:00,659 : INFO : EventManager : Event: ======'machine_var_audits_switches_s_left_outlane'====== Args={'value': 53, 'prev_value': None, 'change': True}
2025-09-30 18:54:00,659 : INFO : EventManager : Event: ======'machine_var_audits_switches_s_left_ramp'====== Args={'value': 0, 'prev_value': None, 'change': True}
2025-09-30 18:54:00,659 : INFO : EventManager : Event: ======'machine_var_audits_switches_s_left_slingshot'====== Args={'value': 259, 'prev_value': None, 'change': True}
2025-09-30 18:54:00,659 : INFO : EventManager : Event: ======'machine_var_audits_switches_s_left_upper_pop'====== Args={'value': 139, 'prev_value': None, 'change': True}
2025-09-30 18:54:00,659 : INFO : EventManager : Event: ======'machine_var_audits_switches_s_plunger'====== Args={'value': 530, 'prev_value': None, 'change': True}
2025-09-30 18:54:00,659 : INFO : EventManager : Event: ======'machine_var_audits_switches_s_pop_standup'====== Args={'value': 48, 'prev_value': None, 'change': True}
2025-09-30 18:54:00,659 : INFO : EventManager : Event: ======'machine_var_audits_switches_s_right_flipper'====== Args={'value': 1509, 'prev_value': None, 'change': True}
2025-09-30 18:54:00,659 : INFO : EventManager : Event: ======'machine_var_audits_switches_s_right_inlane'====== Args={'value': 104, 'prev_value': None, 'change': True}
2025-09-30 18:54:00,660 : INFO : EventManager : Event: ======'machine_var_audits_switches_s_right_lower_pop'====== Args={'value': 353, 'prev_value': None, 'change': True}
2025-09-30 18:54:00,660 : INFO : EventManager : Event: ======'machine_var_audits_switches_s_right_orbit'====== Args={'value': 0, 'prev_value': None, 'change': True}
2025-09-30 18:54:00,660 : INFO : EventManager : Event: ======'machine_var_audits_switches_s_right_outlane'====== Args={'value': 51, 'prev_value': None, 'change': True}
2025-09-30 18:54:00,660 : INFO : EventManager : Event: ======'machine_var_audits_switches_s_right_ramp'====== Args={'value': 0, 'prev_value': None, 'change': True}
2025-09-30 18:54:00,660 : INFO : EventManager : Event: ======'machine_var_audits_switches_s_right_slingshot'====== Args={'value': 365, 'prev_value': None, 'change': True}
2025-09-30 18:54:00,660 : INFO : EventManager : Event: ======'machine_var_audits_switches_s_scoop'====== Args={'value': 107, 'prev_value': None, 'change': True}
2025-09-30 18:54:00,661 : INFO : EventManager : Event: ======'machine_var_audits_switches_s_spinner'====== Args={'value': 1364, 'prev_value': None, 'change': True}
2025-09-30 18:54:00,661 : INFO : EventManager : Event: ======'machine_var_audits_switches_s_start'====== Args={'value': 52, 'prev_value': None, 'change': True}
2025-09-30 18:54:00,661 : INFO : EventManager : Event: ======'machine_var_audits_switches_s_three_bank_bottom'====== Args={'value': 92, 'prev_value': None, 'change': True}
2025-09-30 18:54:00,661 : INFO : EventManager : Event: ======'machine_var_audits_switches_s_three_bank_middle'====== Args={'value': 89, 'prev_value': None, 'change': True}
2025-09-30 18:54:00,661 : INFO : EventManager : Event: ======'machine_var_audits_switches_s_three_bank_standup'====== Args={'value': 79, 'prev_value': None, 'change': True}
2025-09-30 18:54:00,661 : INFO : EventManager : Event: ======'machine_var_audits_switches_s_three_bank_top'====== Args={'value': 83, 'prev_value': None, 'change': True}
2025-09-30 18:54:00,662 : INFO : EventManager : Event: ======'machine_var_audits_switches_s_tilt_bob'====== Args={'value': 21, 'prev_value': None, 'change': True}
2025-09-30 18:54:00,662 : INFO : EventManager : Event: ======'machine_var_audits_switches_s_top_right_flipper'====== Args={'value': 1294, 'prev_value': None, 'change': True}
2025-09-30 18:54:00,662 : INFO : EventManager : Event: ======'machine_var_audits_switches_s_trough1'====== Args={'value': 239, 'prev_value': None, 'change': True}
2025-09-30 18:54:00,662 : INFO : EventManager : Event: ======'machine_var_audits_switches_s_trough2'====== Args={'value': 248, 'prev_value': None, 'change': True}
2025-09-30 18:54:00,662 : INFO : EventManager : Event: ======'machine_var_audits_switches_s_trough3'====== Args={'value': 178, 'prev_value': None, 'change': True}
2025-09-30 18:54:00,662 : INFO : EventManager : Event: ======'machine_var_audits_switches_s_trough4'====== Args={'value': 160, 'prev_value': None, 'change': True}
2025-09-30 18:54:00,663 : INFO : EventManager : Event: ======'machine_var_audits_switches_s_trough5'====== Args={'value': 160, 'prev_value': None, 'change': True}
2025-09-30 18:54:00,663 : INFO : EventManager : Event: ======'machine_var_audits_switches_s_trough6'====== Args={'value': 158, 'prev_value': None, 'change': True}
2025-09-30 18:54:00,663 : INFO : EventManager : Event: ======'machine_var_audits_switches_s_trough_jam'====== Args={'value': 206, 'prev_value': None, 'change': True}
2025-09-30 18:54:00,663 : INFO : EventManager : Event: ======'machine_var_audits_switches_s_tshirt_bottom_standup'====== Args={'value': 28, 'prev_value': None, 'change': True}
2025-09-30 18:54:00,663 : INFO : EventManager : Event: ======'machine_var_audits_switches_s_tshirt_top_standup'====== Args={'value': 33, 'prev_value': None, 'change': True}
2025-09-30 18:54:00,664 : INFO : EventManager : Event: ======'machine_var_audits_switches_s_upper_pop_standup'====== Args={'value': 158, 'prev_value': None, 'change': True}
2025-09-30 18:54:00,664 : INFO : EventManager : Event: ======'init_phase_5'====== Args={}
2025-09-30 18:54:00,722 : INFO : EventManager : Event: ======'init_done'====== Args={}
2025-09-30 18:54:00,723 : INFO : EventManager : Event: ======'machine_reset_phase_1'====== Args={}
2025-09-30 18:54:00,731 : INFO : EventManager : Event: ======'machine_reset_phase_2'====== Args={}
2025-09-30 18:54:00,731 : INFO : EventManager : Event: ======'machine_reset_phase_3'====== Args={}
2025-09-30 18:54:00,731 : INFO : drop_target_bank.three_bank : All targets are already up. Will not reset bank.
2025-09-30 18:54:00,731 : INFO : EventManager : Event: ======'reset_complete'====== Args={}
2025-09-30 18:54:00,731 : INFO : EventManager : Event: ======'mode_attract_will_start'====== Args={}
2025-09-30 18:54:00,732 : INFO : EventManager : Event: ======'mode_attract_starting'====== Args={}
2025-09-30 18:54:00,732 : INFO : Mode.attract : Started. Priority: 10
2025-09-30 18:54:00,732 : INFO : EventManager : Event: ======'modes_active_modes_changed'====== Args={}
2025-09-30 18:54:00,734 : INFO : EventManager : Event: ======'mode_attract_started'====== Args={}
2025-09-30 18:54:00,734 : INFO : EventManager : Event: ======'collecting_balls_complete'====== Args={}
2025-09-30 18:54:00,751 : INFO : Machine : Starting the main run loop with active modes: [<Mode.attract>]
2025-09-30 18:54:00,752 : INFO : EventManager : Event: ======'slide_loading_created'====== Args={'_from_bcp': True}
2025-09-30 18:54:00,752 : INFO : EventManager : Event: ======'slide__removed'====== Args={'_from_bcp': True}
2025-09-30 18:54:00,752 : INFO : EventManager : Event: ======'slide_loading_active'====== Args={'original_context': '_global', 'original_calling_context': 'init_done', 'priority': 0.0, 'cmd': 'slides_play', '_from_bcp': True}
2025-09-30 18:54:00,772 : INFO : EventManager : Event: ======'slide_attract_created'====== Args={'_from_bcp': True}
2025-09-30 18:54:00,773 : INFO : EventManager : Event: ======'slide_loading_inactive'====== Args={'is_removing': True, '_from_bcp': True}
2025-09-30 18:54:00,773 : INFO : EventManager : Event: ======'slide_attract_active'====== Args={'original_context': 'attract', 'original_calling_context': 'mode_attract_started', 'priority': 10.0, 'cmd': 'slides_play', '_from_bcp': True}
2025-09-30 18:54:00,773 : INFO : EventManager : Event: ======'slide_loading_removed'====== Args={'_from_bcp': True}
2025-09-30 18:54:13,494 : INFO : BcpServer : New client connected.
2025-09-30 19:01:36,885 : INFO : SwitchController : <<<<<<< 's_inner_orbit' active >>>>>>>
2025-09-30 19:01:38,944 : INFO : SwitchController : <<<<<<< 's_inner_orbit' inactive >>>>>>>
2025-09-30 19:06:08,319 : INFO : SwitchController : <<<<<<< 's_start' active >>>>>>>
2025-09-30 19:06:08,485 : INFO : SwitchController : <<<<<<< 's_start' inactive >>>>>>>
2025-09-30 19:06:08,485 : INFO : EventManager : Event: ======'request_to_start_game'====== Args={}
2025-09-30 19:06:08,486 : INFO : EventManager : Event: ======'game_start'====== Args={'buttons': [], 'hold_time': 0.1559999999590218}
2025-09-30 19:06:08,486 : INFO : EventManager : Event: ======'mode_game_will_start'====== Args={'buttons': [], 'hold_time': 0.1559999999590218}
2025-09-30 19:06:08,487 : INFO : EventManager : Event: ======'mode_game_starting'====== Args={'buttons': [], 'hold_time': 0.1559999999590218}
2025-09-30 19:06:08,487 : INFO : EventManager : Event: ======'mode_attract_will_stop'====== Args={}
2025-09-30 19:06:08,487 : INFO : EventManager : Event: ======'mode_attract_stopping'====== Args={}
2025-09-30 19:06:08,487 : INFO : Mode.attract : Stopped.
2025-09-30 19:06:08,487 : INFO : EventManager : Event: ======'modes_active_modes_changed'====== Args={}
2025-09-30 19:06:08,487 : INFO : EventManager : Event: ======'mode_attract_stopped'====== Args={}
2025-09-30 19:06:08,487 : INFO : EventManager : Event: ======'clear'====== Args={'key': 'attract'}
2025-09-30 19:06:08,487 : INFO : Mode.game : Started. Priority: 20
2025-09-30 19:06:08,487 : INFO : EventManager : Event: ======'modes_active_modes_changed'====== Args={}
2025-09-30 19:06:08,489 : INFO : EventManager : Event: ======'mode_game_started'====== Args={'buttons': [], 'hold_time': 0.1559999999590218}
2025-09-30 19:06:08,493 : INFO : EventManager : Event: ======'game_will_start'====== Args={}
2025-09-30 19:06:08,494 : INFO : EventManager : Event: ======'game_starting'====== Args={'game': <Mode.game>}
2025-09-30 19:06:08,496 : INFO : EventManager : Unordered handler for class <Auditor> on event game_ended with priority 1. Handlers: [RegisteredHandler(callback=<bound method Auditor.disable of <Auditor>>, priority=1, kwargs={}, key=UUID('70e6aed1-7131-4dd8-abc9-28feef1c1e84'), condition=None, blocking_facility=None), RegisteredHandler(callback=<bound method Auditor._save_audits of <Auditor>>, priority=1, kwargs={}, key=UUID('b74fa4cf-2418-4f87-a8de-5abfdeea26c7'), condition=None, blocking_facility=None)]. The order of those handlers is not defined and they will be executed in random order. This might lead to race conditions and potential bugs.
2025-09-30 19:06:08,496 : INFO : EventManager : Event: ======'player_add_request'====== Args={}
2025-09-30 19:06:08,497 : INFO : EventManager : Event: ======'player_will_add'====== Args={'number': 1}
2025-09-30 19:06:08,497 : INFO : EventManager : Event: ======'player_adding'====== Args={'player': <Player 1>, 'number': 1}
2025-09-30 19:06:08,497 : INFO : EventManager : Event: ======'player_added'====== Args={'player': <Player 1>, 'num': 1}
2025-09-30 19:06:08,497 : INFO : Mode.game : Player added successfully. Total players: 1
2025-09-30 19:06:08,498 : INFO : EventManager : Event: ======'player_index'====== Args={'value': 0, 'prev_value': 0, 'change': 0, 'player_num': 1}
2025-09-30 19:06:08,498 : INFO : EventManager : Event: ======'player_number'====== Args={'value': 1, 'prev_value': 1, 'change': 0, 'player_num': 1}
2025-09-30 19:06:08,499 : INFO : EventManager : Event: ======'player_score'====== Args={'value': 0, 'prev_value': 0, 'change': 0, 'player_num': 1}
2025-09-30 19:06:08,500 : INFO : EventManager : Event: ======'game_started'====== Args={}
2025-09-30 19:06:08,508 : INFO : EventManager : Event: ======'player_turn_will_start'====== Args={'player': <Player 1>, 'number': 1}
2025-09-30 19:06:08,514 : INFO : EventManager : Event: ======'player_turn_starting'====== Args={'player': <Player 1>, 'number': 1}
2025-09-30 19:06:08,515 : INFO : EventManager : Event: ======'player_ball'====== Args={'value': 1, 'prev_value': 0, 'change': 1, 'player_num': 1}
2025-09-30 19:06:08,516 : INFO : EventManager : Event: ======'player_turn_started'====== Args={'player': <Player 1>, 'number': 1}
2025-09-30 19:06:08,519 : INFO : EventManager : Event: ======'ball_will_start'====== Args={'player': 1, 'ball': 1, 'balls_remaining': 2, 'is_extra_ball': False}
2025-09-30 19:06:08,522 : INFO : EventManager : Event: ======'ball_starting'====== Args={'player': 1, 'ball': 1, 'balls_remaining': 2, 'is_extra_ball': False}
2025-09-30 19:06:08,524 : INFO : EventManager : Event: ======'mode_base_will_start'====== Args={'queue': <QueuedEvent>, 'player': 1, 'ball': 1, 'balls_remaining': 2, 'is_extra_ball': False}
2025-09-30 19:06:08,528 : INFO : EventManager : Event: ======'mode_base_starting'====== Args={'queue': <QueuedEvent>, 'player': 1, 'ball': 1, 'balls_remaining': 2, 'is_extra_ball': False}
2025-09-30 19:06:08,528 : INFO : drop_target_bank.three_bank : All targets are already up. Will not reset bank.
2025-09-30 19:06:08,529 : INFO : EventManager : Event: ======'balls_in_play'====== Args={'balls': 1}
2025-09-30 19:06:08,530 : INFO : EventManager : Event: ======'ball_started'====== Args={'player': 1, 'ball': 1, 'balls_remaining': 2, 'is_extra_ball': False}
2025-09-30 19:06:08,530 : INFO : EventManager : Event: ======'logicblock_drop_target_counter_updated'====== Args={'value': 0, 'enabled': True}
2025-09-30 19:06:08,530 : INFO : EventManager : Event: ======'mode_carousel_will_start'====== Args={'queue': <QueuedEvent>, 'player': 1, 'ball': 1, 'balls_remaining': 2, 'is_extra_ball': False}
2025-09-30 19:06:08,532 : INFO : EventManager : Event: ======'mode_carousel_starting'====== Args={'queue': <QueuedEvent>, 'player': 1, 'ball': 1, 'balls_remaining': 2, 'is_extra_ball': False}
2025-09-30 19:06:08,532 : INFO : EventManager : Event: ======'logicblock_drop_target_counter_updated'====== Args={'value': 0, 'enabled': True}
2025-09-30 19:06:08,532 : INFO : Mode.base : Started. Priority: 100
2025-09-30 19:06:08,532 : INFO : EventManager : Event: ======'modes_active_modes_changed'====== Args={}
2025-09-30 19:06:08,533 : INFO : EventManager : Event: ======'mode_base_started'====== Args={'queue': <QueuedEvent>, 'player': 1, 'ball': 1, 'balls_remaining': 2, 'is_extra_ball': False}
2025-09-30 19:06:08,535 : INFO : EventManager : Event: ======'ball_save_default_enabled'====== Args={}
2025-09-30 19:06:08,536 : INFO : Mode.carousel : Started. Priority: 200
2025-09-30 19:06:08,536 : INFO : EventManager : Event: ======'modes_active_modes_changed'====== Args={}
2025-09-30 19:06:08,536 : INFO : EventManager : Event: ======'mode_carousel_started'====== Args={'queue': <QueuedEvent>, 'player': 1, 'ball': 1, 'balls_remaining': 2, 'is_extra_ball': False}
2025-09-30 19:06:08,536 : INFO : EventManager : Event: ======'item_highlighted'====== Args={'carousel': 'carousel', 'direction': None, 'item': 'intergalactic'}
2025-09-30 19:06:08,537 : INFO : EventManager : Event: ======'single_player_ball_started'====== Args={}
2025-09-30 19:06:08,551 : INFO : EventManager : Event: ======'ball_start_target'====== Args={'target': 'playfield'}
2025-09-30 19:06:08,552 : INFO : ball_device.bd_plunger : Setting up player-controlled eject. Balls: 1, Target: <playfield.playfield>, player_controlled_eject_event: None
2025-09-30 19:06:08,553 : INFO : EventManager : Event: ======'balldevice_balls_available'====== Args={}
2025-09-30 19:06:08,554 : INFO : ball_device.bd_trough : State: waiting_for_target_ready
2025-09-30 19:06:08,555 : INFO : EventManager : Event: ======'balldevice_bd_trough_ball_eject_attempt'====== Args={'balls': 1, 'target': <ball_device.bd_plunger>, 'source': <ball_device.bd_trough>, 'mechanical_eject': True, 'num_attempts': 0}
2025-09-30 19:06:08,555 : INFO : ball_device.bd_plunger : State: waiting_for_ball
2025-09-30 19:06:08,556 : INFO : ball_device.bd_trough : State: ejecting
2025-09-30 19:06:08,557 : INFO : ball_device.bd_trough : Ejecting ball to <ball_device.bd_plunger>
2025-09-30 19:06:08,557 : INFO : EventManager : Event: ======'balldevice_bd_trough_ejecting_ball'====== Args={'balls': 1, 'target': <ball_device.bd_plunger>, 'source': <ball_device.bd_trough>, 'mechanical_eject': True, 'num_attempts': 0}
2025-09-30 19:06:08,559 : INFO : EventManager : Event: ======'slide_base_created'====== Args={'_from_bcp': True}
2025-09-30 19:06:08,560 : INFO : ball_device.bd_trough : Wait for ball to leave device
2025-09-30 19:06:08,560 : INFO : coil.c_trough_eject : Pulsing Driver for 20ms (1.0 pulse_power)
2025-09-30 19:06:08,562 : INFO : SwitchController : <<<<<<< 's_trough1' inactive >>>>>>>
2025-09-30 19:06:08,567 : INFO : EventManager : Event: ======'slide_score_overlay_created'====== Args={'_from_bcp': True}
2025-09-30 19:06:08,568 : INFO : EventManager : Event: ======'slide_attract_inactive'====== Args={'is_removing': True, '_from_bcp': True}
2025-09-30 19:06:08,569 : INFO : ball_device.bd_trough : State: ball_left
2025-09-30 19:06:08,569 : INFO : ball_device.bd_trough : Ball left
2025-09-30 19:06:08,569 : INFO : ball_device.bd_trough : Wait for confirm with timeout 3.0
2025-09-30 19:06:08,570 : INFO : EventManager : Event: ======'slide_score_overlay_active'====== Args={'original_context': 'base', 'original_calling_context': 'mode_base_started', 'priority': 100.0, 'queue': '<QueuedEvent>', 'player': 1.0, 'ball': 1.0, 'balls_remaining': 2.0, 'is_extra_ball': False, 'cmd': 'slides_play', '_from_bcp': True}
2025-09-30 19:06:08,570 : INFO : EventManager : Event: ======'slide_attract_removed'====== Args={'_from_bcp': True}
2025-09-30 19:06:08,669 : INFO : SwitchController : <<<<<<< 's_plunger' active >>>>>>>
2025-09-30 19:06:08,669 : INFO : EventManager : Event: ======'machine_var_audits_switches_s_plunger'====== Args={'value': 531, 'prev_value': 530, 'change': 1}
2025-09-30 19:06:08,921 : INFO : EventManager : Event: ======'slide_current_selection_intergalactic_created'====== Args={'_from_bcp': True}
2025-09-30 19:06:09,187 : INFO : ball_device.bd_plunger : Received ball from <ball_device.bd_trough>
2025-09-30 19:06:09,187 : INFO : EventManager : Event: ======'balldevice_bd_plunger_ball_enter'====== Args={'new_balls': 1, 'unclaimed_balls': 0, 'new_available_balls': 0, 'device': <ball_device.bd_plunger>}
2025-09-30 19:06:09,188 : INFO : EventManager : Event: ======'balldevice_bd_plunger_ball_entered'====== Args={'new_balls': 0, 'device': <ball_device.bd_plunger>}
2025-09-30 19:06:09,189 : INFO : EventManager : Event: ======'balldevice_bd_plunger_ball_count_changed'====== Args={'balls': 1}
2025-09-30 19:06:09,189 : INFO : ball_device.bd_trough : Got eject confirm
2025-09-30 19:06:09,189 : INFO : ball_device.bd_trough : Eject successful
2025-09-30 19:06:09,189 : INFO : EventManager : Event: ======'balldevice_bd_trough_ball_eject_success'====== Args={'balls': 1, 'target': <ball_device.bd_plunger>}
2025-09-30 19:06:09,190 : INFO : EventManager : Event: ======'balldevice_bd_trough_ball_count_changed'====== Args={'balls': 5}
2025-09-30 19:06:09,191 : INFO : ball_device.bd_trough : State: idle
2025-09-30 19:06:09,191 : INFO : ball_device.bd_plunger : State: waiting_for_target_ready
2025-09-30 19:06:09,191 : INFO : EventManager : Event: ======'balldevice_bd_plunger_ball_eject_attempt'====== Args={'balls': 1, 'target': <playfield.playfield>, 'source': <ball_device.bd_plunger>, 'mechanical_eject': True, 'num_attempts': 0}
2025-09-30 19:06:09,192 : INFO : ball_device.bd_plunger : State: ejecting
2025-09-30 19:06:09,192 : INFO : ball_device.bd_plunger : Ejecting ball to <playfield.playfield>
2025-09-30 19:06:09,192 : INFO : EventManager : Event: ======'balldevice_bd_plunger_ejecting_ball'====== Args={'balls': 1, 'target': <playfield.playfield>, 'source': <ball_device.bd_plunger>, 'mechanical_eject': True, 'num_attempts': 0}
2025-09-30 19:06:09,194 : INFO : ball_device.bd_plunger : Wait for ball to leave device
2025-09-30 19:06:23,482 : INFO : SwitchController : <<<<<<< 's_plunger' inactive >>>>>>>
2025-09-30 19:06:23,483 : INFO : EventManager : Event: ======'ball_out'====== Args={}
2025-09-30 19:06:23,483 : INFO : EventManager : Event: ======'ball_save_default_timer_start'====== Args={}
2025-09-30 19:06:23,488 : INFO : ball_device.bd_plunger : State: ball_left
2025-09-30 19:06:23,488 : INFO : ball_device.bd_plunger : Ball left
2025-09-30 19:06:23,488 : INFO : ball_device.bd_plunger : Wait for confirm with timeout 3.0
2025-09-30 19:06:26,471 : INFO : EventManager : Event: ======'ball_save_default_hurry_up'====== Args={}
2025-09-30 19:06:26,501 : INFO : ball_device.bd_plunger : State: failed_confirm
2025-09-30 19:06:26,501 : INFO : ball_device.bd_plunger : Got timeout (3.0s) before confirm from <playfield.playfield>
2025-09-30 19:06:26,593 : INFO : ball_device.bd_plunger : Confirming eject because target is playfield and ball did not return.
2025-09-30 19:06:26,593 : INFO : ball_device.bd_plunger : Eject successful
2025-09-30 19:06:26,593 : INFO : EventManager : Event: ======'balldevice_bd_plunger_ball_eject_success'====== Args={'balls': 1, 'target': <playfield.playfield>}
2025-09-30 19:06:26,594 : INFO : EventManager : Event: ======'balldevice_playfield_ball_enter'====== Args={'new_balls': 1, 'unclaimed_balls': 1, 'device': <playfield.playfield>}
2025-09-30 19:06:26,594 : INFO : EventManager : Event: ======'playfield_ball_count_change'====== Args={'balls': 1, 'change': 1}
2025-09-30 19:06:26,595 : INFO : EventManager : Event: ======'balldevice_bd_plunger_ball_count_changed'====== Args={'balls': 0}
2025-09-30 19:06:26,595 : INFO : ball_device.bd_plunger : State: idle
2025-09-30 19:06:27,749 : INFO : SwitchController : <<<<<<< 's_right_lower_pop' active >>>>>>>
2025-09-30 19:06:27,749 : INFO : EventManager : Event: ======'s_right_lower_pop_active'====== Args={}
2025-09-30 19:06:27,750 : INFO : EventManager : Event: ======'machine_var_audits_switches_s_right_lower_pop'====== Args={'value': 354, 'prev_value': 353, 'change': 1}
2025-09-30 19:06:27,751 : INFO : EventManager : Event: ======'item_highlighted'====== Args={'carousel': 'carousel', 'direction': 'backwards', 'item': 'intergalactic'}
2025-09-30 19:06:27,751 : INFO : EventManager : Event: ======'player_score'====== Args={'value': 1110, 'prev_value': 0, 'change': 1110, 'player_num': 1, 'source': 'base'}
2025-09-30 19:06:27,803 : INFO : SwitchController : <<<<<<< 's_right_lower_pop' inactive >>>>>>>
2025-09-30 19:06:28,467 : INFO : EventManager : Event: ======'ball_save_default_grace_period'====== Args={}
2025-09-30 19:06:30,464 : INFO : EventManager : Event: ======'ball_save_default_disabled'====== Args={}
2025-09-30 19:06:33,823 : INFO : SwitchController : <<<<<<< 's_three_bank_bottom' active >>>>>>>
2025-09-30 19:06:33,823 : INFO : EventManager : Event: ======'s_three_bank_bottom_active'====== Args={}
2025-09-30 19:06:33,823 : INFO : EventManager : Event: ======'drop_target_bottom_down'====== Args={'device': <drop_target.bottom>}
2025-09-30 19:06:33,823 : INFO : EventManager : Event: ======'drop_target_bank_three_bank_mixed'====== Args={'prev_value': <DropTargetBankState.UP: 'up'>, 'down': 1}
2025-09-30 19:06:33,823 : INFO : EventManager : Event: ======'machine_var_audits_switches_s_three_bank_bottom'====== Args={'value': 93, 'prev_value': 92, 'change': 1}
2025-09-30 19:06:33,824 : INFO : EventManager : Event: ======'player_score'====== Args={'value': 3330, 'prev_value': 1110, 'change': 2220, 'player_num': 1, 'source': 'base'}
2025-09-30 19:06:33,885 : INFO : SwitchController : <<<<<<< 's_three_bank_bottom' inactive >>>>>>>
2025-09-30 19:06:33,885 : INFO : EventManager : Event: ======'drop_target_bottom_up'====== Args={'device': <drop_target.bottom>}
2025-09-30 19:06:33,886 : INFO : EventManager : Event: ======'drop_target_bank_three_bank_up'====== Args={}
2025-09-30 19:06:34,609 : INFO : SwitchController : <<<<<<< 's_three_bank_middle' active >>>>>>>
2025-09-30 19:06:34,610 : INFO : EventManager : Event: ======'s_three_bank_middle_active'====== Args={}
2025-09-30 19:06:34,610 : INFO : EventManager : Event: ======'drop_target_middle_down'====== Args={'device': <drop_target.middle>}
2025-09-30 19:06:34,610 : INFO : EventManager : Event: ======'drop_target_bank_three_bank_mixed'====== Args={'prev_value': <DropTargetBankState.UP: 'up'>, 'down': 1}
2025-09-30 19:06:34,610 : INFO : EventManager : Event: ======'machine_var_audits_switches_s_three_bank_middle'====== Args={'value': 90, 'prev_value': 89, 'change': 1}
2025-09-30 19:06:34,612 : INFO : EventManager : Event: ======'player_score'====== Args={'value': 5550, 'prev_value': 3330, 'change': 2220, 'player_num': 1, 'source': 'base'}
2025-09-30 19:06:34,684 : INFO : SwitchController : <<<<<<< 's_three_bank_middle' inactive >>>>>>>
2025-09-30 19:06:34,684 : INFO : EventManager : Event: ======'drop_target_middle_up'====== Args={'device': <drop_target.middle>}
2025-09-30 19:06:34,684 : INFO : EventManager : Event: ======'drop_target_bank_three_bank_up'====== Args={}
2025-09-30 19:06:35,609 : INFO : SwitchController : <<<<<<< 's_three_bank_top' active >>>>>>>
2025-09-30 19:06:35,609 : INFO : EventManager : Event: ======'s_three_bank_top_active'====== Args={}
2025-09-30 19:06:35,609 : INFO : EventManager : Event: ======'drop_target_top_down'====== Args={'device': <drop_target.top>}
2025-09-30 19:06:35,610 : INFO : EventManager : Event: ======'drop_target_bank_three_bank_mixed'====== Args={'prev_value': <DropTargetBankState.UP: 'up'>, 'down': 1}
2025-09-30 19:06:35,610 : INFO : EventManager : Event: ======'machine_var_audits_switches_s_three_bank_top'====== Args={'value': 84, 'prev_value': 83, 'change': 1}
2025-09-30 19:06:35,611 : INFO : EventManager : Event: ======'player_score'====== Args={'value': 7770, 'prev_value': 5550, 'change': 2220, 'player_num': 1, 'source': 'base'}
2025-09-30 19:06:35,657 : INFO : SwitchController : <<<<<<< 's_three_bank_top' inactive >>>>>>>
2025-09-30 19:06:35,657 : INFO : EventManager : Event: ======'drop_target_top_up'====== Args={'device': <drop_target.top>}
2025-09-30 19:06:35,657 : INFO : EventManager : Event: ======'drop_target_bank_three_bank_up'====== Args={}
2025-09-30 19:06:38,042 : INFO : SwitchController : <<<<<<< 's_three_bank_bottom' active >>>>>>>
2025-09-30 19:06:38,042 : INFO : EventManager : Event: ======'s_three_bank_bottom_active'====== Args={}
2025-09-30 19:06:38,042 : INFO : EventManager : Event: ======'drop_target_bottom_down'====== Args={'device': <drop_target.bottom>}
2025-09-30 19:06:38,043 : INFO : EventManager : Event: ======'drop_target_bank_three_bank_mixed'====== Args={'prev_value': <DropTargetBankState.UP: 'up'>, 'down': 1}
2025-09-30 19:06:38,043 : INFO : EventManager : Event: ======'machine_var_audits_switches_s_three_bank_bottom'====== Args={'value': 94, 'prev_value': 93, 'change': 1}
2025-09-30 19:06:38,044 : INFO : EventManager : Event: ======'player_score'====== Args={'value': 9990, 'prev_value': 7770, 'change': 2220, 'player_num': 1, 'source': 'base'}
2025-09-30 19:06:38,355 : INFO : SwitchController : <<<<<<< 's_three_bank_bottom' inactive >>>>>>>
2025-09-30 19:06:38,356 : INFO : EventManager : Event: ======'drop_target_bottom_up'====== Args={'device': <drop_target.bottom>}
2025-09-30 19:06:38,356 : INFO : EventManager : Event: ======'drop_target_bank_three_bank_up'====== Args={}
2025-09-30 19:06:43,556 : INFO : SwitchController : <<<<<<< 's_three_bank_bottom' active >>>>>>>
2025-09-30 19:06:43,557 : INFO : EventManager : Event: ======'s_three_bank_bottom_active'====== Args={}
2025-09-30 19:06:43,557 : INFO : EventManager : Event: ======'drop_target_bottom_down'====== Args={'device': <drop_target.bottom>}
2025-09-30 19:06:43,557 : INFO : EventManager : Event: ======'drop_target_bank_three_bank_mixed'====== Args={'prev_value': <DropTargetBankState.UP: 'up'>, 'down': 1}
2025-09-30 19:06:43,557 : INFO : EventManager : Event: ======'machine_var_audits_switches_s_three_bank_bottom'====== Args={'value': 95, 'prev_value': 94, 'change': 1}
2025-09-30 19:06:43,558 : INFO : EventManager : Event: ======'player_score'====== Args={'value': 12210, 'prev_value': 9990, 'change': 2220, 'player_num': 1, 'source': 'base'}
2025-09-30 19:06:44,140 : INFO : SwitchController : <<<<<<< 's_three_bank_middle' active >>>>>>>
2025-09-30 19:06:44,141 : INFO : EventManager : Event: ======'s_three_bank_middle_active'====== Args={}
2025-09-30 19:06:44,141 : INFO : EventManager : Event: ======'drop_target_middle_down'====== Args={'device': <drop_target.middle>}
2025-09-30 19:06:44,141 : INFO : EventManager : Event: ======'drop_target_bank_three_bank_mixed'====== Args={'prev_value': <DropTargetBankState.MIXED: 'mixed'>, 'down': 2}
2025-09-30 19:06:44,141 : INFO : EventManager : Event: ======'machine_var_audits_switches_s_three_bank_middle'====== Args={'value': 91, 'prev_value': 90, 'change': 1}
2025-09-30 19:06:44,142 : INFO : EventManager : Event: ======'player_score'====== Args={'value': 14430, 'prev_value': 12210, 'change': 2220, 'player_num': 1, 'source': 'base'}
2025-09-30 19:06:44,640 : INFO : SwitchController : <<<<<<< 's_three_bank_top' active >>>>>>>
2025-09-30 19:06:44,640 : INFO : EventManager : Event: ======'s_three_bank_top_active'====== Args={}
2025-09-30 19:06:44,640 : INFO : EventManager : Event: ======'drop_target_top_down'====== Args={'device': <drop_target.top>}
2025-09-30 19:06:44,641 : INFO : EventManager : Event: ======'drop_target_bank_three_bank_down'====== Args={}
2025-09-30 19:06:44,641 : INFO : EventManager : Event: ======'machine_var_audits_switches_s_three_bank_top'====== Args={'value': 85, 'prev_value': 84, 'change': 1}
2025-09-30 19:06:44,641 : INFO : EventManager : Event: ======'player_score'====== Args={'value': 16650, 'prev_value': 14430, 'change': 2220, 'player_num': 1, 'source': 'base'}
2025-09-30 19:06:45,154 : INFO : drop_target_bank.three_bank : 3 targets are down. Will reset those.
2025-09-30 19:06:45,154 : INFO : coil.c_three_bank : Pulsing Driver for 23ms (1.0 pulse_power)
2025-09-30 19:06:45,217 : INFO : SwitchController : <<<<<<< 's_three_bank_bottom' inactive (muted) >>>>>>>
2025-09-30 19:06:45,217 : INFO : SwitchController : <<<<<<< 's_three_bank_middle' inactive (muted) >>>>>>>
2025-09-30 19:06:45,218 : INFO : SwitchController : <<<<<<< 's_three_bank_top' inactive (muted) >>>>>>>
2025-09-30 19:06:45,652 : INFO : EventManager : Event: ======'drop_target_bottom_up'====== Args={'device': <drop_target.bottom>}
2025-09-30 19:06:45,653 : INFO : EventManager : Event: ======'drop_target_middle_up'====== Args={'device': <drop_target.middle>}
2025-09-30 19:06:45,653 : INFO : EventManager : Event: ======'drop_target_top_up'====== Args={'device': <drop_target.top>}
2025-09-30 19:06:45,653 : INFO : EventManager : Event: ======'drop_target_bank_three_bank_up'====== Args={}
2025-09-30 19:06:51,127 : INFO : SwitchController : <<<<<<< 's_left_upper_pop' active >>>>>>>
2025-09-30 19:06:51,127 : INFO : EventManager : Event: ======'s_left_upper_pop_active'====== Args={}
2025-09-30 19:06:51,127 : INFO : EventManager : Event: ======'machine_var_audits_switches_s_left_upper_pop'====== Args={'value': 140, 'prev_value': 139, 'change': 1}
2025-09-30 19:06:51,128 : INFO : EventManager : Event: ======'item_highlighted'====== Args={'carousel': 'carousel', 'direction': 'forwards', 'item': 'intergalactic'}
2025-09-30 19:06:51,129 : INFO : EventManager : Event: ======'player_score'====== Args={'value': 17760, 'prev_value': 16650, 'change': 1110, 'player_num': 1, 'source': 'base'}
2025-09-30 19:06:51,190 : INFO : SwitchController : <<<<<<< 's_left_upper_pop' inactive >>>>>>>
2025-09-30 19:06:52,154 : INFO : SwitchController : <<<<<<< 's_center_upper_pop' active >>>>>>>
2025-09-30 19:06:52,154 : INFO : EventManager : Event: ======'s_center_upper_pop_active'====== Args={}
2025-09-30 19:06:52,155 : INFO : EventManager : Event: ======'machine_var_audits_switches_s_center_upper_pop'====== Args={'value': 183, 'prev_value': 182, 'change': 1}
2025-09-30 19:06:52,155 : INFO : EventManager : Event: ======'item_highlighted'====== Args={'carousel': 'carousel', 'direction': 'forwards', 'item': 'intergalactic'}
2025-09-30 19:06:52,156 : INFO : EventManager : Event: ======'player_score'====== Args={'value': 18870, 'prev_value': 17760, 'change': 1110, 'player_num': 1, 'source': 'base'}
2025-09-30 19:06:52,215 : INFO : SwitchController : <<<<<<< 's_center_upper_pop' inactive >>>>>>>
2025-09-30 19:06:53,272 : INFO : SwitchController : <<<<<<< 's_left_ramp' active >>>>>>>
2025-09-30 19:06:53,272 : INFO : EventManager : Event: ======'s_left_ramp_active'====== Args={}
2025-09-30 19:06:53,272 : INFO : EventManager : Event: ======'machine_var_audits_switches_s_left_ramp'====== Args={'value': 1, 'prev_value': 0, 'change': 1}
2025-09-30 19:06:53,273 : INFO : EventManager : Event: ======'left_ramp_hit'====== Args={'elapsed': 0}
2025-09-30 19:06:53,274 : INFO : EventManager : Event: ======'player_score'====== Args={'value': 21880, 'prev_value': 18870, 'change': 3010, 'player_num': 1, 'source': 'base'}
2025-09-30 19:06:53,366 : INFO : SwitchController : <<<<<<< 's_left_ramp' inactive >>>>>>>
2025-09-30 19:06:54,478 : INFO : SwitchController : <<<<<<< 's_right_ramp' active >>>>>>>
2025-09-30 19:06:54,478 : INFO : EventManager : Event: ======'s_right_ramp_active'====== Args={}
2025-09-30 19:06:54,479 : INFO : EventManager : Event: ======'machine_var_audits_switches_s_right_ramp'====== Args={'value': 1, 'prev_value': 0, 'change': 1}
2025-09-30 19:06:54,480 : INFO : EventManager : Event: ======'right_ramp_hit'====== Args={'elapsed': 0}
2025-09-30 19:06:54,480 : INFO : EventManager : Event: ======'player_score'====== Args={'value': 24890, 'prev_value': 21880, 'change': 3010, 'player_num': 1, 'source': 'base'}
2025-09-30 19:06:54,536 : INFO : SwitchController : <<<<<<< 's_right_ramp' inactive >>>>>>>
2025-09-30 19:06:56,983 : INFO : SwitchController : <<<<<<< 's_three_bank_standup' active >>>>>>>
2025-09-30 19:06:56,983 : INFO : EventManager : Event: ======'s_three_bank_standup_active'====== Args={}
2025-09-30 19:06:56,983 : INFO : EventManager : Event: ======'machine_var_audits_switches_s_three_bank_standup'====== Args={'value': 80, 'prev_value': 79, 'change': 1}
2025-09-30 19:06:56,984 : INFO : EventManager : Event: ======'player_score'====== Args={'value': 44900, 'prev_value': 24890, 'change': 20010, 'player_num': 1, 'source': 'base'}
2025-09-30 19:06:57,034 : INFO : SwitchController : <<<<<<< 's_three_bank_standup' inactive >>>>>>>
2025-09-30 19:06:58,335 : INFO : SwitchController : <<<<<<< 's_left_outlane' active >>>>>>>
2025-09-30 19:06:58,335 : INFO : EventManager : Event: ======'s_left_outlane_active'====== Args={}
2025-09-30 19:06:58,336 : INFO : EventManager : Event: ======'sw_playfield_active'====== Args={}
2025-09-30 19:06:58,336 : INFO : EventManager : Event: ======'machine_var_audits_switches_s_left_outlane'====== Args={'value': 54, 'prev_value': 53, 'change': 1}
2025-09-30 19:06:58,337 : INFO : EventManager : Event: ======'player_score'====== Args={'value': 46010, 'prev_value': 44900, 'change': 1110, 'player_num': 1, 'source': 'base'}
2025-09-30 19:06:58,389 : INFO : SwitchController : <<<<<<< 's_left_outlane' inactive >>>>>>>
2025-09-30 19:06:59,184 : INFO : SwitchController : <<<<<<< 's_left_inlane' active >>>>>>>
2025-09-30 19:06:59,185 : INFO : EventManager : Event: ======'s_left_inlane_active'====== Args={}
2025-09-30 19:06:59,185 : INFO : EventManager : Event: ======'sw_playfield_active'====== Args={}
2025-09-30 19:06:59,185 : INFO : EventManager : Event: ======'machine_var_audits_switches_s_left_inlane'====== Args={'value': 108, 'prev_value': 107, 'change': 1}
2025-09-30 19:06:59,186 : INFO : EventManager : Event: ======'player_score'====== Args={'value': 46120, 'prev_value': 46010, 'change': 110, 'player_num': 1, 'source': 'base'}
2025-09-30 19:06:59,233 : INFO : SwitchController : <<<<<<< 's_left_inlane' inactive >>>>>>>
2025-09-30 19:07:00,227 : INFO : SwitchController : <<<<<<< 's_right_inlane' active >>>>>>>
2025-09-30 19:07:00,227 : INFO : EventManager : Event: ======'s_right_inlane_active'====== Args={}
2025-09-30 19:07:00,228 : INFO : EventManager : Event: ======'sw_playfield_active'====== Args={}
2025-09-30 19:07:00,228 : INFO : EventManager : Event: ======'machine_var_audits_switches_s_right_inlane'====== Args={'value': 105, 'prev_value': 104, 'change': 1}
2025-09-30 19:07:00,228 : INFO : EventManager : Event: ======'player_score'====== Args={'value': 46230, 'prev_value': 46120, 'change': 110, 'player_num': 1, 'source': 'base'}
2025-09-30 19:07:00,304 : INFO : SwitchController : <<<<<<< 's_right_inlane' inactive >>>>>>>
2025-09-30 19:07:01,061 : INFO : SwitchController : <<<<<<< 's_right_outlane' active >>>>>>>
2025-09-30 19:07:01,061 : INFO : EventManager : Event: ======'s_right_outlane_active'====== Args={}
2025-09-30 19:07:01,062 : INFO : EventManager : Event: ======'sw_playfield_active'====== Args={}
2025-09-30 19:07:01,062 : INFO : EventManager : Event: ======'machine_var_audits_switches_s_right_outlane'====== Args={'value': 52, 'prev_value': 51, 'change': 1}
2025-09-30 19:07:01,063 : INFO : EventManager : Event: ======'player_score'====== Args={'value': 47340, 'prev_value': 46230, 'change': 1110, 'player_num': 1, 'source': 'base'}
2025-09-30 19:07:01,160 : INFO : SwitchController : <<<<<<< 's_right_outlane' inactive >>>>>>>
2025-09-30 19:07:02,847 : INFO : SwitchController : <<<<<<< 's_scoop' active >>>>>>>
2025-09-30 19:07:02,847 : INFO : EventManager : Event: ======'s_scoop_active'====== Args={}
2025-09-30 19:07:02,847 : INFO : EventManager : Event: ======'machine_var_audits_switches_s_scoop'====== Args={'value': 108, 'prev_value': 107, 'change': 1}
2025-09-30 19:07:02,848 : INFO : EventManager : Event: ======'scoop_hit'====== Args={'elapsed': 0}
2025-09-30 19:07:02,848 : INFO : EventManager : Event: ======'carousel_intergalactic_selected'====== Args={}
2025-09-30 19:07:02,848 : INFO : EventManager : Event: ======'carousel_item_selected'====== Args={}
2025-09-30 19:07:02,848 : INFO : EventManager : Event: ======'player_score'====== Args={'value': 49650, 'prev_value': 47340, 'change': 2310, 'player_num': 1, 'source': 'base'}
2025-09-30 19:07:02,849 : INFO : EventManager : Event: ======'mode_intergalactic_will_start'====== Args={}
2025-09-30 19:07:02,849 : INFO : EventManager : Event: ======'mode_intergalactic_starting'====== Args={}
2025-09-30 19:07:02,849 : INFO : EventManager : Event: ======'player_selected_mode'====== Args={'value': 'intergalactic', 'prev_value': 0, 'change': True, 'player_num': 1, 'source': 'carousel'}
2025-09-30 19:07:02,850 : INFO : EventManager : Event: ======'mode_carousel_will_stop'====== Args={}
2025-09-30 19:07:02,850 : INFO : EventManager : Event: ======'mode_carousel_stopping'====== Args={}
2025-09-30 19:07:02,850 : INFO : Mode.carousel : Stopped.
2025-09-30 19:07:02,850 : INFO : EventManager : Event: ======'modes_active_modes_changed'====== Args={}
2025-09-30 19:07:02,850 : INFO : EventManager : Event: ======'mode_carousel_stopped'====== Args={}
2025-09-30 19:07:02,851 : INFO : EventManager : Event: ======'clear'====== Args={'key': 'carousel'}
2025-09-30 19:07:02,868 : INFO : EventManager : Event: ======'logicblock_intergalactic_sequence_updated'====== Args={'value': 0, 'enabled': True}
2025-09-30 19:07:02,869 : INFO : EventManager : Event: ======'logicblock_intergalactic_sequence_updated'====== Args={'value': 0, 'enabled': True}
2025-09-30 19:07:02,869 : INFO : Mode.intergalactic : Started. Priority: 1000
2025-09-30 19:07:02,869 : INFO : EventManager : Event: ======'modes_active_modes_changed'====== Args={}
2025-09-30 19:07:02,869 : INFO : EventManager : Event: ======'mode_intergalactic_started'====== Args={}
2025-09-30 19:07:02,870 : INFO : EventManager : Event: ======'slide_current_selection_intergalactic_removed'====== Args={'_from_bcp': True}
2025-09-30 19:07:02,883 : INFO : EventManager : Event: ======'slide_base_removed'====== Args={'_from_bcp': True}
2025-09-30 19:07:02,883 : INFO : EventManager : Event: ======'slide_intergalactic_created'====== Args={'_from_bcp': True}
2025-09-30 19:07:02,902 : INFO : SwitchController : <<<<<<< 's_scoop' inactive >>>>>>>
2025-09-30 19:07:07,460 : INFO : SwitchController : <<<<<<< 's_right_ramp' active >>>>>>>
2025-09-30 19:07:07,460 : INFO : EventManager : Event: ======'s_right_ramp_active'====== Args={}
2025-09-30 19:07:07,460 : INFO : EventManager : Event: ======'machine_var_audits_switches_s_right_ramp'====== Args={'value': 2, 'prev_value': 1, 'change': 1}
2025-09-30 19:07:07,461 : INFO : EventManager : Event: ======'right_ramp_hit'====== Args={'elapsed': 0}
2025-09-30 19:07:07,461 : INFO : EventManager : Event: ======'player_score'====== Args={'value': 52660, 'prev_value': 49650, 'change': 3010, 'player_num': 1, 'source': 'base'}
2025-09-30 19:07:07,461 : INFO : EventManager : Event: ======'logicblock_intergalactic_sequence_updated'====== Args={'value': 1, 'enabled': True}
2025-09-30 19:07:07,461 : INFO : EventManager : Event: ======'logicblock_intergalactic_sequence_hit'====== Args={'step': 1}
2025-09-30 19:07:07,529 : INFO : SwitchController : <<<<<<< 's_right_ramp' inactive >>>>>>>
2025-09-30 19:07:09,803 : INFO : SwitchController : <<<<<<< 's_right_orbit' active >>>>>>>
2025-09-30 19:07:09,803 : INFO : EventManager : Event: ======'s_right_orbit_active'====== Args={}
2025-09-30 19:07:09,803 : INFO : EventManager : Event: ======'machine_var_audits_switches_s_right_orbit'====== Args={'value': 1, 'prev_value': 0, 'change': 1}
2025-09-30 19:07:09,804 : INFO : EventManager : Event: ======'player_score'====== Args={'value': 52770, 'prev_value': 52660, 'change': 110, 'player_num': 1, 'source': 'base'}
2025-09-30 19:07:09,872 : INFO : SwitchController : <<<<<<< 's_right_orbit' inactive >>>>>>>
2025-09-30 19:07:10,647 : INFO : SwitchController : <<<<<<< 's_right_ramp' active >>>>>>>
2025-09-30 19:07:10,648 : INFO : EventManager : Event: ======'s_right_ramp_active'====== Args={}
2025-09-30 19:07:10,648 : INFO : EventManager : Event: ======'machine_var_audits_switches_s_right_ramp'====== Args={'value': 3, 'prev_value': 2, 'change': 1}
2025-09-30 19:07:10,649 : INFO : EventManager : Event: ======'right_ramp_hit'====== Args={'elapsed': 0}
2025-09-30 19:07:10,650 : INFO : EventManager : Event: ======'player_score'====== Args={'value': 55780, 'prev_value': 52770, 'change': 3010, 'player_num': 1, 'source': 'base'}
2025-09-30 19:07:10,734 : INFO : SwitchController : <<<<<<< 's_right_ramp' inactive >>>>>>>
2025-09-30 19:07:11,384 : INFO : SwitchController : <<<<<<< 's_right_orbit' active >>>>>>>
2025-09-30 19:07:11,384 : INFO : EventManager : Event: ======'s_right_orbit_active'====== Args={}
2025-09-30 19:07:11,384 : INFO : EventManager : Event: ======'machine_var_audits_switches_s_right_orbit'====== Args={'value': 2, 'prev_value': 1, 'change': 1}
2025-09-30 19:07:11,385 : INFO : EventManager : Event: ======'player_score'====== Args={'value': 55890, 'prev_value': 55780, 'change': 110, 'player_num': 1, 'source': 'base'}
2025-09-30 19:07:11,469 : INFO : SwitchController : <<<<<<< 's_right_orbit' inactive >>>>>>>
2025-09-30 19:07:12,476 : INFO : SwitchController : <<<<<<< 's_left_ramp' active >>>>>>>
2025-09-30 19:07:12,476 : INFO : EventManager : Event: ======'s_left_ramp_active'====== Args={}
2025-09-30 19:07:12,476 : INFO : EventManager : Event: ======'machine_var_audits_switches_s_left_ramp'====== Args={'value': 2, 'prev_value': 1, 'change': 1}
2025-09-30 19:07:12,476 : INFO : EventManager : Event: ======'left_ramp_hit'====== Args={'elapsed': 0}
2025-09-30 19:07:12,477 : INFO : EventManager : Event: ======'player_score'====== Args={'value': 58900, 'prev_value': 55890, 'change': 3010, 'player_num': 1, 'source': 'base'}
2025-09-30 19:07:12,477 : INFO : EventManager : Event: ======'logicblock_intergalactic_sequence_updated'====== Args={'value': 2, 'enabled': True}
2025-09-30 19:07:12,477 : INFO : EventManager : Event: ======'logicblock_intergalactic_sequence_hit'====== Args={'step': 2}
2025-09-30 19:07:12,549 : INFO : SwitchController : <<<<<<< 's_left_ramp' inactive >>>>>>>
2025-09-30 19:07:12,808 : INFO : EventManager : Event: ======'right_orbit_timeout'====== Args={}
2025-09-30 19:07:13,102 : INFO : SwitchController : <<<<<<< 's_spinner' active >>>>>>>
2025-09-30 19:07:13,102 : INFO : EventManager : Event: ======'s_spinner_active'====== Args={}
2025-09-30 19:07:13,103 : INFO : EventManager : Event: ======'spinner_basic_spinner_active'====== Args={'label': None}
2025-09-30 19:07:13,103 : INFO : EventManager : Event: ======'spinner_basic_spinner_hit'====== Args={'hits': 1, 'change': 1, 'label': None}
2025-09-30 19:07:13,103 : INFO : EventManager : Event: ======'machine_var_audits_switches_s_spinner'====== Args={'value': 1365, 'prev_value': 1364, 'change': 1}
2025-09-30 19:07:13,104 : INFO : EventManager : Event: ======'player_score'====== Args={'value': 59910, 'prev_value': 58900, 'change': 1010, 'player_num': 1, 'source': 'base'}
2025-09-30 19:07:13,175 : INFO : SwitchController : <<<<<<< 's_spinner' inactive >>>>>>>
2025-09-30 19:07:13,816 : INFO : SwitchController : <<<<<<< 's_left_ramp' active >>>>>>>
2025-09-30 19:07:13,816 : INFO : EventManager : Event: ======'s_left_ramp_active'====== Args={}
2025-09-30 19:07:13,816 : INFO : EventManager : Event: ======'machine_var_audits_switches_s_left_ramp'====== Args={'value': 3, 'prev_value': 2, 'change': 1}
2025-09-30 19:07:13,817 : INFO : EventManager : Event: ======'left_ramp_hit'====== Args={'elapsed': 0}
2025-09-30 19:07:13,818 : INFO : EventManager : Event: ======'player_score'====== Args={'value': 62920, 'prev_value': 59910, 'change': 3010, 'player_num': 1, 'source': 'base'}
2025-09-30 19:07:13,899 : INFO : SwitchController : <<<<<<< 's_left_ramp' inactive >>>>>>>
2025-09-30 19:07:14,095 : INFO : EventManager : Event: ======'spinner_basic_spinner_inactive'====== Args={'hits': 1}
2025-09-30 19:07:14,380 : INFO : EventManager : Event: ======'right_orbit_timeout'====== Args={}
2025-09-30 19:07:14,381 : INFO : SwitchController : <<<<<<< 's_spinner' active >>>>>>>
2025-09-30 19:07:14,381 : INFO : EventManager : Event: ======'s_spinner_active'====== Args={}
2025-09-30 19:07:14,381 : INFO : EventManager : Event: ======'spinner_basic_spinner_active'====== Args={'label': None}
2025-09-30 19:07:14,381 : INFO : EventManager : Event: ======'spinner_basic_spinner_hit'====== Args={'hits': 2, 'change': 1, 'label': None}
2025-09-30 19:07:14,381 : INFO : EventManager : Event: ======'machine_var_audits_switches_s_spinner'====== Args={'value': 1366, 'prev_value': 1365, 'change': 1}
2025-09-30 19:07:14,382 : INFO : EventManager : Event: ======'player_score'====== Args={'value': 63930, 'prev_value': 62920, 'change': 1010, 'player_num': 1, 'source': 'base'}
2025-09-30 19:07:14,468 : INFO : SwitchController : <<<<<<< 's_spinner' inactive >>>>>>>
2025-09-30 19:07:15,388 : INFO : EventManager : Event: ======'spinner_basic_spinner_inactive'====== Args={'hits': 2}
2025-09-30 19:07:16,230 : INFO : Machine : Shutting down...
2025-09-30 19:07:16,230 : INFO : EventManager : Event: ======'shutdown'====== Args={}
2025-09-30 19:07:16,231 : INFO : EventManager : Event: ======'mode_game_will_stop'====== Args={}
2025-09-30 19:07:16,232 : INFO : EventManager : Event: ======'mode_game_stopping'====== Args={}
2025-09-30 19:07:16,233 : INFO : EventManager : Event: ======'mode_base_will_stop'====== Args={}
2025-09-30 19:07:16,233 : INFO : EventManager : Event: ======'mode_base_stopping'====== Args={}
2025-09-30 19:07:16,233 : INFO : EventManager : Event: ======'mode_intergalactic_will_stop'====== Args={}
2025-09-30 19:07:16,233 : INFO : EventManager : Event: ======'mode_intergalactic_stopping'====== Args={}
2025-09-30 19:07:16,233 : INFO : Mode.intergalactic : Stopped.
2025-09-30 19:07:16,234 : INFO : EventManager : Event: ======'modes_active_modes_changed'====== Args={}
2025-09-30 19:07:16,234 : INFO : EventManager : Event: ======'mode_intergalactic_stopped'====== Args={}
2025-09-30 19:07:16,234 : INFO : EventManager : Event: ======'clear'====== Args={'key': 'intergalactic'}
2025-09-30 19:07:16,234 : INFO : Mode.base : Stopped.
2025-09-30 19:07:16,234 : INFO : EventManager : Event: ======'modes_active_modes_changed'====== Args={}
2025-09-30 19:07:16,234 : INFO : EventManager : Event: ======'mode_base_stopped'====== Args={}
2025-09-30 19:07:16,234 : INFO : EventManager : Event: ======'clear'====== Args={'key': 'base'}
2025-09-30 19:07:16,237 : INFO : Mode.game : Stopped.
2025-09-30 19:07:16,237 : INFO : EventManager : Event: ======'modes_active_modes_changed'====== Args={}
2025-09-30 19:07:16,237 : INFO : EventManager : Event: ======'mode_game_stopped'====== Args={}
2025-09-30 19:07:16,237 : INFO : EventManager : Event: ======'clear'====== Args={'key': 'game'}
2025-09-30 19:07:16,241 : INFO : root : MPF run loop ended.
