2025-10-11 14:14:20,210 : INFO : root : Loading config.
2025-10-11 14:14:20,215 : INFO : YamlMultifileConfigLoader : Machine config file #1: config.yaml
2025-10-11 14:14:20,215 : INFO : ConfigProcessor : Loading config from cache: C:\Users\sdona\AppData\Local\Temp\19f6d0d7953982fda9d956182316b8e5.mpf_cache
2025-10-11 14:14:20,345 : WARNING : ConfigProcessor : Config file in cache changed: C:\venv\mpf\mmmdrop\modes\attract\config\attract.yaml
2025-10-11 14:14:20,345 : INFO : ConfigProcessor : Loading config from file c:\venv\mpf\lib\site-packages\mpf\modes\attract\config\attract.yaml.
2025-10-11 14:14:20,347 : INFO : ConfigProcessor : Loading config: c:\venv\mpf\lib\site-packages\mpf\modes\attract\config\attract.yaml
2025-10-11 14:14:20,347 : INFO : ConfigProcessor : Loading config from file C:\venv\mpf\mmmdrop\modes\attract\config\attract.yaml.
2025-10-11 14:14:20,349 : INFO : ConfigProcessor : Loading config: C:\venv\mpf\mmmdrop\modes\attract\config\attract.yaml
2025-10-11 14:14:20,350 : INFO : ConfigProcessor : Config file cache created: C:\Users\sdona\AppData\Local\Temp\835b5bfea4be8b279a05e96caaaffbbb.mpf_cache
2025-10-11 14:14:20,351 : INFO : ConfigProcessor : Loading config from cache: C:\Users\sdona\AppData\Local\Temp\9b0a7575388f9d9bd2f6ab87bf9fd2f7.mpf_cache
2025-10-11 14:14:20,352 : INFO : ConfigProcessor : Loading config from cache: C:\Users\sdona\AppData\Local\Temp\c340ec0033d1055cd797ffd5447ef414.mpf_cache
2025-10-11 14:14:20,352 : INFO : ConfigProcessor : Loading config from cache: C:\Users\sdona\AppData\Local\Temp\835b5bfea4be8b279a05e96caaaffbbb.mpf_cache
2025-10-11 14:14:20,367 : INFO : ConfigProcessor : Loading config from cache: C:\Users\sdona\AppData\Local\Temp\8c11a28e3c38d4ad47947b6a126f2ee9.mpf_cache
2025-10-11 14:14:20,368 : INFO : ConfigProcessor : Loading config from cache: C:\Users\sdona\AppData\Local\Temp\e391083cdc9e667060411fe5838e93f2.mpf_cache
2025-10-11 14:14:20,369 : INFO : ConfigProcessor : Loading config from cache: C:\Users\sdona\AppData\Local\Temp\f0c219a993d891ee86dcb7eae47dde67.mpf_cache
2025-10-11 14:14:20,371 : INFO : ConfigProcessor : Loading config from cache: C:\Users\sdona\AppData\Local\Temp\96aa58108928490b129531848cd9b506.mpf_cache
2025-10-11 14:14:20,372 : INFO : ConfigProcessor : Loading config from cache: C:\Users\sdona\AppData\Local\Temp\567636b9d9766e3361204e954a8382da.mpf_cache
2025-10-11 14:14:20,372 : INFO : ConfigProcessor : Loading config from cache: C:\Users\sdona\AppData\Local\Temp\d5ead8dff868c6c4b1faf37537a19bc2.mpf_cache
2025-10-11 14:14:20,373 : INFO : ConfigProcessor : Loading config from cache: C:\Users\sdona\AppData\Local\Temp\112f935d1c2002cb40d3e6e497be9e7c.mpf_cache
2025-10-11 14:14:20,374 : INFO : Machine : Mission Pinball Framework Core Engine v0.80.0.dev9
2025-10-11 14:14:20,374 : INFO : Machine : Command line arguments: {'no_load_cache': False, 'create_config_cache': True, 'bcp': True, 'configfile': ['config.yaml'], 'force_assets_load': False, 'platform_integration_test': False, 'jsonlogging': False, 'logfile': 'logs\\2025-10-11-14-14-20-mpf-PinballLaptop.log', 'pause': False, 'production': False, 'text_ui': True, 'loglevel': 15, 'consoleloglevel': 20, 'force_platform': 'smart_virtual', 'syslog_address': None, 'full_logfile_path': 'C:\\venv\\mpf\\mmmdrop\\logs\\2025-10-11-14-14-20-mpf-PinballLaptop.log'}
2025-10-11 14:14:20,375 : INFO : Machine : MPF path: c:\venv\mpf\lib\site-packages\mpf
2025-10-11 14:14:20,375 : INFO : Machine : Machine path: C:\venv\mpf\mmmdrop
2025-10-11 14:14:20,375 : INFO : Machine : Platform: win32
2025-10-11 14:14:20,375 : INFO : Machine : Python executable location: c:\venv\mpf\Scripts\python.exe
2025-10-11 14:14:20,375 : INFO : Machine : Python version: 3.9.13 (64-bit)
2025-10-11 14:14:20,377 : INFO : Machine : Initializing MPF...
2025-10-11 14:14:20,600 : INFO : EventManager : Event: ======'machine_var_credits_string'====== Args={'value': 'FREE PLAY', 'prev_value': None, 'change': True}
2025-10-11 14:14:20,627 : INFO : EventManager : Event: ======'machine_var_fast_audio_headphones_volume'====== Args={'value': 10, 'prev_value': None, 'change': True}
2025-10-11 14:14:20,627 : INFO : EventManager : Event: ======'machine_var_fast_audio_main_volume'====== Args={'value': 44, 'prev_value': None, 'change': True}
2025-10-11 14:14:20,627 : INFO : EventManager : Event: ======'machine_var_master_volume'====== Args={'value': 0.5, 'prev_value': None, 'change': True}
2025-10-11 14:14:20,627 : INFO : EventManager : Event: ======'machine_var_player1_score'====== Args={'value': 142237180, 'prev_value': None, 'change': True}
2025-10-11 14:14:20,627 : INFO : EventManager : Event: ======'machine_var_mpf_version'====== Args={'value': 'Mission Pinball Framework v0.80.0.dev9', 'prev_value': None, 'change': True}
2025-10-11 14:14:20,627 : INFO : EventManager : Event: ======'machine_var_mpf_extended_version'====== Args={'value': 'Mission Pinball Framework v0.80.0.dev9, Config version:6, Show version: 6, BCP version:1.1', 'prev_value': None, 'change': True}
2025-10-11 14:14:20,627 : INFO : EventManager : Event: ======'machine_var_python_version'====== Args={'value': '3.9.13', 'prev_value': None, 'change': True}
2025-10-11 14:14:20,655 : INFO : EventManager : Event: ======'machine_var_platform'====== Args={'value': 'Windows-10-10.0.26100-SP0', 'prev_value': None, 'change': True}
2025-10-11 14:14:20,655 : INFO : EventManager : Event: ======'machine_var_platform_system'====== Args={'value': 'Windows', 'prev_value': None, 'change': True}
2025-10-11 14:14:20,655 : INFO : EventManager : Event: ======'machine_var_platform_release'====== Args={'value': '10', 'prev_value': None, 'change': True}
2025-10-11 14:14:20,655 : INFO : EventManager : Event: ======'machine_var_platform_version'====== Args={'value': '10.0.26100', 'prev_value': None, 'change': True}
2025-10-11 14:14:20,655 : INFO : EventManager : Event: ======'machine_var_platform_machine'====== Args={'value': 'AMD64', 'prev_value': None, 'change': True}
2025-10-11 14:14:20,655 : INFO : EventManager : Event: ======'machine_var_log_file_path'====== Args={'value': 'C:\\venv\\mpf\\mmmdrop\\logs\\2025-10-11-14-14-20-mpf-PinballLaptop.log', 'prev_value': None, 'change': True}
2025-10-11 14:14:20,655 : INFO : EventManager : Event: ======'init_phase_1'====== Args={}
2025-10-11 14:14:20,694 : INFO : EventManager : Event: ======'drop_target_bank_three_bank_up'====== Args={}
2025-10-11 14:14:20,694 : INFO : EventManager : Event: ======'init_phase_2'====== Args={}
2025-10-11 14:14:20,695 : INFO : SwitchController : Found active switch: ('3208-0', <Platform.SmartVirtual>) <switch.s_trough1>
2025-10-11 14:14:20,695 : INFO : SwitchController : Found active switch: ('3208-1', <Platform.SmartVirtual>) <switch.s_trough2>
2025-10-11 14:14:20,695 : INFO : SwitchController : Found active switch: ('3208-2', <Platform.SmartVirtual>) <switch.s_trough3>
2025-10-11 14:14:20,695 : INFO : SwitchController : Found active switch: ('3208-3', <Platform.SmartVirtual>) <switch.s_trough4>
2025-10-11 14:14:20,695 : INFO : SwitchController : Found active switch: ('3208-4', <Platform.SmartVirtual>) <switch.s_trough5>
2025-10-11 14:14:20,695 : INFO : SwitchController : Found active switch: ('3208-5', <Platform.SmartVirtual>) <switch.s_trough6>
2025-10-11 14:14:20,704 : INFO : EventManager : Event: ======'bcp_connection_attempt'====== Args={'name': 'local_display', 'host': 'localhost', 'port': 5050}
2025-10-11 14:14:20,706 : INFO : BCPClientSocket : Connecting BCP to 'local_display' at localhost:5050...
2025-10-11 14:14:24,904 : INFO : BCPClientSocket : Connected BCP to 'local_display' localhost:5050
2025-10-11 14:14:24,904 : INFO : EventManager : Event: ======'bcp_clients_connected'====== Args={}
2025-10-11 14:14:25,087 : INFO : ball_device.bd_trough : BCH: Initial count: 6
2025-10-11 14:14:25,087 : INFO : ball_device.bd_trough : State: idle
2025-10-11 14:14:25,088 : INFO : ball_device.bd_plunger : BCH: Initial count: 0
2025-10-11 14:14:25,088 : INFO : ball_device.bd_plunger : State: idle
2025-10-11 14:14:25,089 : INFO : ball_device.bd_scoop : BCH: Initial count: 0
2025-10-11 14:14:25,089 : INFO : ball_device.bd_scoop : State: idle
2025-10-11 14:14:25,108 : INFO : EventManager : Event: ======'init_phase_3'====== Args={}
2025-10-11 14:14:25,111 : INFO : EventManager : Event: ======'init_phase_4'====== Args={}
2025-10-11 14:14:25,112 : INFO : BallController : Initial balls found: 6
2025-10-11 14:14:25,113 : INFO : EventManager : Event: ======'machine_var_audits_events_game_ended'====== Args={'value': 39, 'prev_value': None, 'change': True}
2025-10-11 14:14:25,114 : INFO : EventManager : Event: ======'machine_var_audits_events_game_started'====== Args={'value': 367, 'prev_value': None, 'change': True}
2025-10-11 14:14:25,114 : INFO : EventManager : Event: ======'machine_var_audits_missing_switches_s_center_upper_pop'====== Args={'value': 3, 'prev_value': None, 'change': True}
2025-10-11 14:14:25,114 : INFO : EventManager : Event: ======'machine_var_audits_missing_switches_s_inner_orbit'====== Args={'value': 23, 'prev_value': None, 'change': True}
2025-10-11 14:14:25,114 : INFO : EventManager : Event: ======'machine_var_audits_missing_switches_s_left_flipper'====== Args={'value': 77, 'prev_value': None, 'change': True}
2025-10-11 14:14:25,114 : INFO : EventManager : Event: ======'machine_var_audits_missing_switches_s_left_inlane'====== Args={'value': 23, 'prev_value': None, 'change': True}
2025-10-11 14:14:25,114 : INFO : EventManager : Event: ======'machine_var_audits_missing_switches_s_left_outlane'====== Args={'value': 111, 'prev_value': None, 'change': True}
2025-10-11 14:14:25,114 : INFO : EventManager : Event: ======'machine_var_audits_missing_switches_s_left_slingshot'====== Args={'value': 293, 'prev_value': None, 'change': True}
2025-10-11 14:14:25,115 : INFO : EventManager : Event: ======'machine_var_audits_missing_switches_s_left_upper_pop'====== Args={'value': 3, 'prev_value': None, 'change': True}
2025-10-11 14:14:25,115 : INFO : EventManager : Event: ======'machine_var_audits_missing_switches_s_pop_standup'====== Args={'value': 20, 'prev_value': None, 'change': True}
2025-10-11 14:14:25,115 : INFO : EventManager : Event: ======'machine_var_audits_missing_switches_s_right_flipper'====== Args={'value': 77, 'prev_value': None, 'change': True}
2025-10-11 14:14:25,115 : INFO : EventManager : Event: ======'machine_var_audits_missing_switches_s_right_inlane'====== Args={'value': 23, 'prev_value': None, 'change': True}
2025-10-11 14:14:25,115 : INFO : EventManager : Event: ======'machine_var_audits_missing_switches_s_right_outlane'====== Args={'value': 178, 'prev_value': None, 'change': True}
2025-10-11 14:14:25,115 : INFO : EventManager : Event: ======'machine_var_audits_missing_switches_s_right_slingshot'====== Args={'value': 143, 'prev_value': None, 'change': True}
2025-10-11 14:14:25,115 : INFO : EventManager : Event: ======'machine_var_audits_missing_switches_s_service_down'====== Args={'value': 12, 'prev_value': None, 'change': True}
2025-10-11 14:14:25,115 : INFO : EventManager : Event: ======'machine_var_audits_missing_switches_s_service_enter'====== Args={'value': 12, 'prev_value': None, 'change': True}
2025-10-11 14:14:25,115 : INFO : EventManager : Event: ======'machine_var_audits_missing_switches_s_service_esc'====== Args={'value': 12, 'prev_value': None, 'change': True}
2025-10-11 14:14:25,115 : INFO : EventManager : Event: ======'machine_var_audits_missing_switches_s_service_up'====== Args={'value': 12, 'prev_value': None, 'change': True}
2025-10-11 14:14:25,116 : INFO : EventManager : Event: ======'machine_var_audits_missing_switches_s_start'====== Args={'value': 76, 'prev_value': None, 'change': True}
2025-10-11 14:14:25,116 : INFO : EventManager : Event: ======'machine_var_audits_missing_switches_s_tilt_bob'====== Args={'value': 301, 'prev_value': None, 'change': True}
2025-10-11 14:14:25,116 : INFO : EventManager : Event: ======'machine_var_audits_missing_switches_s_top_right_flipper'====== Args={'value': 293, 'prev_value': None, 'change': True}
2025-10-11 14:14:25,116 : INFO : EventManager : Event: ======'machine_var_audits_missing_switches_s_trough4'====== Args={'value': 292, 'prev_value': None, 'change': True}
2025-10-11 14:14:25,116 : INFO : EventManager : Event: ======'machine_var_audits_missing_switches_s_trough5'====== Args={'value': 292, 'prev_value': None, 'change': True}
2025-10-11 14:14:25,116 : INFO : EventManager : Event: ======'machine_var_audits_missing_switches_s_trough6'====== Args={'value': 142, 'prev_value': None, 'change': True}
2025-10-11 14:14:25,116 : INFO : EventManager : Event: ======'machine_var_audits_missing_switches_s_trough_jam'====== Args={'value': 293, 'prev_value': None, 'change': True}
2025-10-11 14:14:25,116 : INFO : EventManager : Event: ======'machine_var_audits_missing_switches_s_tshirt_bottom_standup'====== Args={'value': 139, 'prev_value': None, 'change': True}
2025-10-11 14:14:25,117 : INFO : EventManager : Event: ======'machine_var_audits_missing_switches_s_tshirt_top_standup'====== Args={'value': 118, 'prev_value': None, 'change': True}
2025-10-11 14:14:25,117 : INFO : EventManager : Event: ======'machine_var_audits_missing_switches_s_upper_pop_standup'====== Args={'value': 293, 'prev_value': None, 'change': True}
2025-10-11 14:14:25,117 : INFO : EventManager : Event: ======'machine_var_audits_missing_switches_service_esc'====== Args={'value': 1, 'prev_value': None, 'change': True}
2025-10-11 14:14:25,117 : INFO : EventManager : Event: ======'machine_var_audits_player_score'====== Args={'value': {'average': 3674556, 'top': [142237180, 2075720, 2049050, 140190, 55679, 54526, 46225, 25350, 24166, 23278], 'total': 40}, 'prev_value': None, 'change': True}
2025-10-11 14:14:25,117 : INFO : EventManager : Event: ======'machine_var_audits_shots_skill_captive'====== Args={'value': 16, 'prev_value': None, 'change': True}
2025-10-11 14:14:25,117 : INFO : EventManager : Event: ======'machine_var_audits_shots_skill_drop_targets'====== Args={'value': 154, 'prev_value': None, 'change': True}
2025-10-11 14:14:25,117 : INFO : EventManager : Event: ======'machine_var_audits_shots_skill_side_targets'====== Args={'value': 27, 'prev_value': None, 'change': True}
2025-10-11 14:14:25,117 : INFO : EventManager : Event: ======'machine_var_audits_switches_s_captive_ball'====== Args={'value': 185, 'prev_value': None, 'change': True}
2025-10-11 14:14:25,118 : INFO : EventManager : Event: ======'machine_var_audits_switches_s_center_upper_pop'====== Args={'value': 214, 'prev_value': None, 'change': True}
2025-10-11 14:14:25,118 : INFO : EventManager : Event: ======'machine_var_audits_switches_s_inner_orbit'====== Args={'value': 1, 'prev_value': None, 'change': True}
2025-10-11 14:14:25,118 : INFO : EventManager : Event: ======'machine_var_audits_switches_s_left_flipper'====== Args={'value': 1247, 'prev_value': None, 'change': True}
2025-10-11 14:14:25,118 : INFO : EventManager : Event: ======'machine_var_audits_switches_s_left_inlane'====== Args={'value': 111, 'prev_value': None, 'change': True}
2025-10-11 14:14:25,118 : INFO : EventManager : Event: ======'machine_var_audits_switches_s_left_orbit'====== Args={'value': 57, 'prev_value': None, 'change': True}
2025-10-11 14:14:25,118 : INFO : EventManager : Event: ======'machine_var_audits_switches_s_left_outlane'====== Args={'value': 56, 'prev_value': None, 'change': True}
2025-10-11 14:14:25,118 : INFO : EventManager : Event: ======'machine_var_audits_switches_s_left_ramp'====== Args={'value': 121, 'prev_value': None, 'change': True}
2025-10-11 14:14:25,118 : INFO : EventManager : Event: ======'machine_var_audits_switches_s_left_slingshot'====== Args={'value': 259, 'prev_value': None, 'change': True}
2025-10-11 14:14:25,119 : INFO : EventManager : Event: ======'machine_var_audits_switches_s_left_upper_pop'====== Args={'value': 158, 'prev_value': None, 'change': True}
2025-10-11 14:14:25,119 : INFO : EventManager : Event: ======'machine_var_audits_switches_s_plunger'====== Args={'value': 983, 'prev_value': None, 'change': True}
2025-10-11 14:14:25,119 : INFO : EventManager : Event: ======'machine_var_audits_switches_s_pop_standup'====== Args={'value': 94, 'prev_value': None, 'change': True}
2025-10-11 14:14:25,119 : INFO : EventManager : Event: ======'machine_var_audits_switches_s_right_flipper'====== Args={'value': 1521, 'prev_value': None, 'change': True}
2025-10-11 14:14:25,119 : INFO : EventManager : Event: ======'machine_var_audits_switches_s_right_inlane'====== Args={'value': 107, 'prev_value': None, 'change': True}
2025-10-11 14:14:25,119 : INFO : EventManager : Event: ======'machine_var_audits_switches_s_right_lower_pop'====== Args={'value': 596, 'prev_value': None, 'change': True}
2025-10-11 14:14:25,119 : INFO : EventManager : Event: ======'machine_var_audits_switches_s_right_orbit'====== Args={'value': 59, 'prev_value': None, 'change': True}
2025-10-11 14:14:25,120 : INFO : EventManager : Event: ======'machine_var_audits_switches_s_right_outlane'====== Args={'value': 53, 'prev_value': None, 'change': True}
2025-10-11 14:14:25,120 : INFO : EventManager : Event: ======'machine_var_audits_switches_s_right_ramp'====== Args={'value': 120, 'prev_value': None, 'change': True}
2025-10-11 14:14:25,120 : INFO : EventManager : Event: ======'machine_var_audits_switches_s_right_slingshot'====== Args={'value': 366, 'prev_value': None, 'change': True}
2025-10-11 14:14:25,120 : INFO : EventManager : Event: ======'machine_var_audits_switches_s_scoop'====== Args={'value': 291, 'prev_value': None, 'change': True}
2025-10-11 14:14:25,120 : INFO : EventManager : Event: ======'machine_var_audits_switches_s_service_down'====== Args={'value': 0, 'prev_value': None, 'change': True}
2025-10-11 14:14:25,120 : INFO : EventManager : Event: ======'machine_var_audits_switches_s_service_enter'====== Args={'value': 0, 'prev_value': None, 'change': True}
2025-10-11 14:14:25,120 : INFO : EventManager : Event: ======'machine_var_audits_switches_s_service_esc'====== Args={'value': 0, 'prev_value': None, 'change': True}
2025-10-11 14:14:25,120 : INFO : EventManager : Event: ======'machine_var_audits_switches_s_service_up'====== Args={'value': 0, 'prev_value': None, 'change': True}
2025-10-11 14:14:25,120 : INFO : EventManager : Event: ======'machine_var_audits_switches_s_spinner'====== Args={'value': 1921, 'prev_value': None, 'change': True}
2025-10-11 14:14:25,120 : INFO : EventManager : Event: ======'machine_var_audits_switches_s_start'====== Args={'value': 56, 'prev_value': None, 'change': True}
2025-10-11 14:14:25,120 : INFO : EventManager : Event: ======'machine_var_audits_switches_s_three_bank_bottom'====== Args={'value': 397, 'prev_value': None, 'change': True}
2025-10-11 14:14:25,120 : INFO : EventManager : Event: ======'machine_var_audits_switches_s_three_bank_middle'====== Args={'value': 441, 'prev_value': None, 'change': True}
2025-10-11 14:14:25,121 : INFO : EventManager : Event: ======'machine_var_audits_switches_s_three_bank_standup'====== Args={'value': 223, 'prev_value': None, 'change': True}
2025-10-11 14:14:25,121 : INFO : EventManager : Event: ======'machine_var_audits_switches_s_three_bank_top'====== Args={'value': 435, 'prev_value': None, 'change': True}
2025-10-11 14:14:25,121 : INFO : EventManager : Event: ======'machine_var_audits_switches_s_tilt_bob'====== Args={'value': 21, 'prev_value': None, 'change': True}
2025-10-11 14:14:25,121 : INFO : EventManager : Event: ======'machine_var_audits_switches_s_top_right_flipper'====== Args={'value': 1294, 'prev_value': None, 'change': True}
2025-10-11 14:14:25,121 : INFO : EventManager : Event: ======'machine_var_audits_switches_s_trough1'====== Args={'value': 275, 'prev_value': None, 'change': True}
2025-10-11 14:14:25,121 : INFO : EventManager : Event: ======'machine_var_audits_switches_s_trough2'====== Args={'value': 291, 'prev_value': None, 'change': True}
2025-10-11 14:14:25,121 : INFO : EventManager : Event: ======'machine_var_audits_switches_s_trough3'====== Args={'value': 220, 'prev_value': None, 'change': True}
2025-10-11 14:14:25,121 : INFO : EventManager : Event: ======'machine_var_audits_switches_s_trough4'====== Args={'value': 160, 'prev_value': None, 'change': True}
2025-10-11 14:14:25,121 : INFO : EventManager : Event: ======'machine_var_audits_switches_s_trough5'====== Args={'value': 160, 'prev_value': None, 'change': True}
2025-10-11 14:14:25,122 : INFO : EventManager : Event: ======'machine_var_audits_switches_s_trough6'====== Args={'value': 161, 'prev_value': None, 'change': True}
2025-10-11 14:14:25,122 : INFO : EventManager : Event: ======'machine_var_audits_switches_s_trough_jam'====== Args={'value': 206, 'prev_value': None, 'change': True}
2025-10-11 14:14:25,122 : INFO : EventManager : Event: ======'machine_var_audits_switches_s_tshirt_bottom_standup'====== Args={'value': 31, 'prev_value': None, 'change': True}
2025-10-11 14:14:25,122 : INFO : EventManager : Event: ======'machine_var_audits_switches_s_tshirt_top_standup'====== Args={'value': 58, 'prev_value': None, 'change': True}
2025-10-11 14:14:25,122 : INFO : EventManager : Event: ======'machine_var_audits_switches_s_upper_pop_standup'====== Args={'value': 158, 'prev_value': None, 'change': True}
2025-10-11 14:14:25,122 : INFO : EventManager : Event: ======'machine_var_audits_switches_service_down'====== Args={'value': 1, 'prev_value': None, 'change': True}
2025-10-11 14:14:25,122 : INFO : EventManager : Event: ======'machine_var_audits_switches_service_enter'====== Args={'value': 2, 'prev_value': None, 'change': True}
2025-10-11 14:14:25,122 : INFO : EventManager : Event: ======'machine_var_audits_switches_service_esc'====== Args={'value': 0, 'prev_value': None, 'change': True}
2025-10-11 14:14:25,123 : INFO : EventManager : Event: ======'machine_var_audits_switches_service_up'====== Args={'value': 2, 'prev_value': None, 'change': True}
2025-10-11 14:14:25,123 : INFO : EventManager : Event: ======'init_phase_5'====== Args={}
2025-10-11 14:14:25,187 : INFO : EventManager : Event: ======'init_done'====== Args={}
2025-10-11 14:14:25,188 : INFO : EventManager : Event: ======'machine_reset_phase_1'====== Args={}
2025-10-11 14:14:25,194 : INFO : EventManager : Event: ======'machine_reset_phase_2'====== Args={}
2025-10-11 14:14:25,195 : INFO : EventManager : Event: ======'machine_reset_phase_3'====== Args={}
2025-10-11 14:14:25,195 : INFO : drop_target_bank.three_bank : All targets are already up. Will not reset bank.
2025-10-11 14:14:25,195 : INFO : EventManager : Event: ======'reset_complete'====== Args={}
2025-10-11 14:14:25,195 : INFO : EventManager : Event: ======'mode_service_will_start'====== Args={}
2025-10-11 14:14:25,196 : INFO : EventManager : Event: ======'mode_service_starting'====== Args={}
2025-10-11 14:14:25,196 : INFO : EventManager : Event: ======'mode_attract_will_start'====== Args={}
2025-10-11 14:14:25,197 : INFO : Timer.attract_carousel_timer : Starting Timer.
2025-10-11 14:14:25,197 : INFO : EventManager : Event: ======'timer_attract_carousel_timer_started'====== Args={'ticks': 0, 'ticks_remaining': 1}
2025-10-11 14:14:25,197 : INFO : EventManager : Event: ======'timer_attract_carousel_timer_tick'====== Args={'ticks': 0, 'ticks_remaining': 1}
2025-10-11 14:14:25,198 : INFO : EventManager : Event: ======'mode_attract_starting'====== Args={}
2025-10-11 14:14:25,198 : INFO : Mode.attract : Started. Priority: 10
2025-10-11 14:14:25,198 : INFO : EventManager : Event: ======'modes_active_modes_changed'====== Args={}
2025-10-11 14:14:25,198 : INFO : EventManager : Event: ======'mode_attract_started'====== Args={}
2025-10-11 14:14:25,198 : INFO : EventManager : Event: ======'collecting_balls_complete'====== Args={}
2025-10-11 14:14:25,199 : INFO : EventManager : Event: ======'item_highlighted'====== Args={'carousel': 'attract', 'direction': None, 'item': 'gameover'}
2025-10-11 14:14:25,200 : INFO : EventManager : Event: ======'timer_attract_carousel_timer_tick'====== Args={'ticks': 0, 'ticks_remaining': 1}
2025-10-11 14:14:25,200 : INFO : Mode.service : Started. Priority: 100000
2025-10-11 14:14:25,200 : INFO : EventManager : Event: ======'modes_active_modes_changed'====== Args={}
2025-10-11 14:14:25,200 : INFO : EventManager : Event: ======'mode_service_started'====== Args={}
2025-10-11 14:14:25,220 : INFO : EventManager : Event: ======'slide_loading_created'====== Args={'_from_bcp': True}
2025-10-11 14:14:25,220 : INFO : EventManager : Event: ======'slide__removed'====== Args={'_from_bcp': True}
2025-10-11 14:14:25,221 : INFO : Machine : Starting the main run loop with active modes: [<Mode.service>, <Mode.attract>]
2025-10-11 14:14:25,221 : INFO : EventManager : Event: ======'slide_loading_active'====== Args={'original_context': '_global', 'original_calling_context': 'init_done', 'priority': 0.0, 'cmd': 'slides_play', '_from_bcp': True}
2025-10-11 14:14:25,308 : INFO : BcpServer : New client connected.
2025-10-11 14:14:25,355 : INFO : EventManager : Event: ======'slide_attract_created'====== Args={'_from_bcp': True}
2025-10-11 14:14:25,356 : INFO : EventManager : Event: ======'slide_loading_inactive'====== Args={'is_removing': True, '_from_bcp': True}
2025-10-11 14:14:25,356 : INFO : EventManager : Event: ======'slide_attract_active'====== Args={'original_context': 'attract', 'original_calling_context': 'mode_attract_started', 'priority': 10.0, 'cmd': 'slides_play', '_from_bcp': True}
2025-10-11 14:14:25,357 : INFO : EventManager : Event: ======'slide_loading_removed'====== Args={'_from_bcp': True}
2025-10-11 14:14:30,210 : INFO : Timer.attract_carousel_timer : Timer Complete
2025-10-11 14:14:30,210 : INFO : Timer.attract_carousel_timer : Stopping Timer
2025-10-11 14:14:30,210 : INFO : EventManager : Event: ======'timer_attract_carousel_timer_stopped'====== Args={'ticks': 1, 'ticks_remaining': 1}
2025-10-11 14:14:30,210 : INFO : EventManager : Event: ======'timer_attract_carousel_timer_complete'====== Args={'ticks': 1, 'ticks_remaining': 1}
2025-10-11 14:14:30,211 : INFO : EventManager : Event: ======'item_highlighted'====== Args={'carousel': 'attract', 'direction': 'forwards', 'item': 'last_scores_1p'}
2025-10-11 14:14:30,212 : INFO : Timer.attract_carousel_timer : Starting Timer.
2025-10-11 14:14:30,212 : INFO : EventManager : Event: ======'timer_attract_carousel_timer_started'====== Args={'ticks': 0, 'ticks_remaining': 1}
2025-10-11 14:14:30,212 : INFO : EventManager : Event: ======'timer_attract_carousel_timer_tick'====== Args={'ticks': 0, 'ticks_remaining': 1}
2025-10-11 14:14:35,202 : INFO : Timer.attract_carousel_timer : Timer Complete
2025-10-11 14:14:35,202 : INFO : Timer.attract_carousel_timer : Stopping Timer
2025-10-11 14:14:35,202 : INFO : EventManager : Event: ======'timer_attract_carousel_timer_stopped'====== Args={'ticks': 1, 'ticks_remaining': 1}
2025-10-11 14:14:35,202 : INFO : EventManager : Event: ======'timer_attract_carousel_timer_complete'====== Args={'ticks': 1, 'ticks_remaining': 1}
2025-10-11 14:14:35,203 : INFO : EventManager : Event: ======'item_highlighted'====== Args={'carousel': 'attract', 'direction': 'forwards', 'item': 'credits'}
2025-10-11 14:14:35,204 : INFO : Timer.attract_carousel_timer : Starting Timer.
2025-10-11 14:14:35,204 : INFO : EventManager : Event: ======'timer_attract_carousel_timer_started'====== Args={'ticks': 0, 'ticks_remaining': 1}
2025-10-11 14:14:35,204 : INFO : EventManager : Event: ======'timer_attract_carousel_timer_tick'====== Args={'ticks': 0, 'ticks_remaining': 1}
2025-10-11 14:14:40,221 : INFO : Timer.attract_carousel_timer : Timer Complete
2025-10-11 14:14:40,221 : INFO : Timer.attract_carousel_timer : Stopping Timer
2025-10-11 14:14:40,221 : INFO : EventManager : Event: ======'timer_attract_carousel_timer_stopped'====== Args={'ticks': 1, 'ticks_remaining': 1}
2025-10-11 14:14:40,221 : INFO : EventManager : Event: ======'timer_attract_carousel_timer_complete'====== Args={'ticks': 1, 'ticks_remaining': 1}
2025-10-11 14:14:40,222 : INFO : EventManager : Event: ======'item_highlighted'====== Args={'carousel': 'attract', 'direction': 'forwards', 'item': 'pressstart'}
2025-10-11 14:14:40,222 : INFO : Timer.attract_carousel_timer : Starting Timer.
2025-10-11 14:14:40,223 : INFO : EventManager : Event: ======'timer_attract_carousel_timer_started'====== Args={'ticks': 0, 'ticks_remaining': 1}
2025-10-11 14:14:40,223 : INFO : EventManager : Event: ======'timer_attract_carousel_timer_tick'====== Args={'ticks': 0, 'ticks_remaining': 1}
2025-10-11 14:14:41,375 : INFO : EventManager : Event: ======'remove'====== Args={'_from_bcp': True}
2025-10-11 14:14:45,208 : INFO : Timer.attract_carousel_timer : Timer Complete
2025-10-11 14:14:45,208 : INFO : Timer.attract_carousel_timer : Stopping Timer
2025-10-11 14:14:45,208 : INFO : EventManager : Event: ======'timer_attract_carousel_timer_stopped'====== Args={'ticks': 1, 'ticks_remaining': 1}
2025-10-11 14:14:45,209 : INFO : EventManager : Event: ======'timer_attract_carousel_timer_complete'====== Args={'ticks': 1, 'ticks_remaining': 1}
2025-10-11 14:14:45,209 : INFO : EventManager : Event: ======'item_highlighted'====== Args={'carousel': 'attract', 'direction': 'forwards', 'item': 'version'}
2025-10-11 14:14:45,209 : INFO : Timer.attract_carousel_timer : Starting Timer.
2025-10-11 14:14:45,209 : INFO : EventManager : Event: ======'timer_attract_carousel_timer_started'====== Args={'ticks': 0, 'ticks_remaining': 1}
2025-10-11 14:14:45,209 : INFO : EventManager : Event: ======'timer_attract_carousel_timer_tick'====== Args={'ticks': 0, 'ticks_remaining': 1}
2025-10-11 14:14:50,218 : INFO : Timer.attract_carousel_timer : Timer Complete
2025-10-11 14:14:50,218 : INFO : Timer.attract_carousel_timer : Stopping Timer
2025-10-11 14:14:50,219 : INFO : EventManager : Event: ======'timer_attract_carousel_timer_stopped'====== Args={'ticks': 1, 'ticks_remaining': 1}
2025-10-11 14:14:50,219 : INFO : EventManager : Event: ======'timer_attract_carousel_timer_complete'====== Args={'ticks': 1, 'ticks_remaining': 1}
2025-10-11 14:14:50,219 : INFO : EventManager : Event: ======'item_highlighted'====== Args={'carousel': 'attract', 'direction': 'forwards', 'item': 'mpf_logo'}
2025-10-11 14:14:50,220 : INFO : Timer.attract_carousel_timer : Starting Timer.
2025-10-11 14:14:50,220 : INFO : EventManager : Event: ======'timer_attract_carousel_timer_started'====== Args={'ticks': 0, 'ticks_remaining': 1}
2025-10-11 14:14:50,220 : INFO : EventManager : Event: ======'timer_attract_carousel_timer_tick'====== Args={'ticks': 0, 'ticks_remaining': 1}
2025-10-11 14:14:55,224 : INFO : Timer.attract_carousel_timer : Timer Complete
2025-10-11 14:14:55,224 : INFO : Timer.attract_carousel_timer : Stopping Timer
2025-10-11 14:14:55,224 : INFO : EventManager : Event: ======'timer_attract_carousel_timer_stopped'====== Args={'ticks': 1, 'ticks_remaining': 1}
2025-10-11 14:14:55,225 : INFO : EventManager : Event: ======'timer_attract_carousel_timer_complete'====== Args={'ticks': 1, 'ticks_remaining': 1}
2025-10-11 14:14:55,225 : INFO : EventManager : Event: ======'item_highlighted'====== Args={'carousel': 'attract', 'direction': 'forwards', 'item': 'gameover'}
2025-10-11 14:14:55,226 : INFO : Timer.attract_carousel_timer : Starting Timer.
2025-10-11 14:14:55,226 : INFO : EventManager : Event: ======'timer_attract_carousel_timer_started'====== Args={'ticks': 0, 'ticks_remaining': 1}
2025-10-11 14:14:55,226 : INFO : EventManager : Event: ======'timer_attract_carousel_timer_tick'====== Args={'ticks': 0, 'ticks_remaining': 1}
2025-10-11 14:15:00,210 : INFO : Timer.attract_carousel_timer : Timer Complete
2025-10-11 14:15:00,210 : INFO : Timer.attract_carousel_timer : Stopping Timer
2025-10-11 14:15:00,210 : INFO : EventManager : Event: ======'timer_attract_carousel_timer_stopped'====== Args={'ticks': 1, 'ticks_remaining': 1}
2025-10-11 14:15:00,212 : INFO : EventManager : Event: ======'timer_attract_carousel_timer_complete'====== Args={'ticks': 1, 'ticks_remaining': 1}
2025-10-11 14:15:00,213 : INFO : EventManager : Event: ======'item_highlighted'====== Args={'carousel': 'attract', 'direction': 'forwards', 'item': 'last_scores_1p'}
2025-10-11 14:15:00,214 : INFO : Timer.attract_carousel_timer : Starting Timer.
2025-10-11 14:15:00,214 : INFO : EventManager : Event: ======'timer_attract_carousel_timer_started'====== Args={'ticks': 0, 'ticks_remaining': 1}
2025-10-11 14:15:00,214 : INFO : EventManager : Event: ======'timer_attract_carousel_timer_tick'====== Args={'ticks': 0, 'ticks_remaining': 1}
2025-10-11 14:15:05,212 : INFO : Timer.attract_carousel_timer : Timer Complete
2025-10-11 14:15:05,212 : INFO : Timer.attract_carousel_timer : Stopping Timer
2025-10-11 14:15:05,213 : INFO : EventManager : Event: ======'timer_attract_carousel_timer_stopped'====== Args={'ticks': 1, 'ticks_remaining': 1}
2025-10-11 14:15:05,213 : INFO : EventManager : Event: ======'timer_attract_carousel_timer_complete'====== Args={'ticks': 1, 'ticks_remaining': 1}
2025-10-11 14:15:05,213 : INFO : EventManager : Event: ======'item_highlighted'====== Args={'carousel': 'attract', 'direction': 'forwards', 'item': 'credits'}
2025-10-11 14:15:05,213 : INFO : Timer.attract_carousel_timer : Starting Timer.
2025-10-11 14:15:05,213 : INFO : EventManager : Event: ======'timer_attract_carousel_timer_started'====== Args={'ticks': 0, 'ticks_remaining': 1}
2025-10-11 14:15:05,214 : INFO : EventManager : Event: ======'timer_attract_carousel_timer_tick'====== Args={'ticks': 0, 'ticks_remaining': 1}
2025-10-11 14:15:10,209 : INFO : Timer.attract_carousel_timer : Timer Complete
2025-10-11 14:15:10,209 : INFO : Timer.attract_carousel_timer : Stopping Timer
2025-10-11 14:15:10,209 : INFO : EventManager : Event: ======'timer_attract_carousel_timer_stopped'====== Args={'ticks': 1, 'ticks_remaining': 1}
2025-10-11 14:15:10,209 : INFO : EventManager : Event: ======'timer_attract_carousel_timer_complete'====== Args={'ticks': 1, 'ticks_remaining': 1}
2025-10-11 14:15:10,211 : INFO : EventManager : Event: ======'item_highlighted'====== Args={'carousel': 'attract', 'direction': 'forwards', 'item': 'pressstart'}
2025-10-11 14:15:10,212 : INFO : Timer.attract_carousel_timer : Starting Timer.
2025-10-11 14:15:10,212 : INFO : EventManager : Event: ======'timer_attract_carousel_timer_started'====== Args={'ticks': 0, 'ticks_remaining': 1}
2025-10-11 14:15:10,212 : INFO : EventManager : Event: ======'timer_attract_carousel_timer_tick'====== Args={'ticks': 0, 'ticks_remaining': 1}
2025-10-11 14:15:11,877 : INFO : Machine : Shutting down...
2025-10-11 14:15:11,877 : INFO : EventManager : Event: ======'shutdown'====== Args={}
2025-10-11 14:15:11,877 : INFO : EventManager : Event: ======'mode_service_will_stop'====== Args={}
2025-10-11 14:15:11,878 : INFO : EventManager : Event: ======'mode_service_stopping'====== Args={}
2025-10-11 14:15:11,879 : INFO : Mode.service : Stopped.
2025-10-11 14:15:11,879 : INFO : EventManager : Event: ======'modes_active_modes_changed'====== Args={}
2025-10-11 14:15:11,879 : INFO : EventManager : Event: ======'mode_service_stopped'====== Args={}
2025-10-11 14:15:11,879 : INFO : EventManager : Event: ======'clear'====== Args={'key': 'service'}
2025-10-11 14:15:11,913 : INFO : root : MPF run loop ended.
