2025-09-28 17:21:40,770 : INFO : root : Loading config.
2025-09-28 17:21:40,777 : INFO : YamlMultifileConfigLoader : Machine config file #1: config.yaml
2025-09-28 17:21:40,778 : INFO : ConfigProcessor : Loading config from cache: C:\Users\sdona\AppData\Local\Temp\19f6d0d7953982fda9d956182316b8e5.mpf_cache
2025-09-28 17:21:40,936 : INFO : ConfigProcessor : Loading config from cache: C:\Users\sdona\AppData\Local\Temp\835b5bfea4be8b279a05e96caaaffbbb.mpf_cache
2025-09-28 17:21:40,938 : INFO : ConfigProcessor : Loading config from cache: C:\Users\sdona\AppData\Local\Temp\9b0a7575388f9d9bd2f6ab87bf9fd2f7.mpf_cache
2025-09-28 17:21:40,939 : INFO : ConfigProcessor : Loading config from cache: C:\Users\sdona\AppData\Local\Temp\c340ec0033d1055cd797ffd5447ef414.mpf_cache
2025-09-28 17:21:40,939 : INFO : ConfigProcessor : Loading config from cache: C:\Users\sdona\AppData\Local\Temp\835b5bfea4be8b279a05e96caaaffbbb.mpf_cache
2025-09-28 17:21:40,942 : WARNING : ConfigProcessor : Config file in cache changed: C:\venv\mpf\mmmdrop\modes\carousel\config\carousel.yaml
2025-09-28 17:21:40,942 : INFO : ConfigProcessor : Loading config from file C:\venv\mpf\mmmdrop\modes\carousel\config\carousel.yaml.
2025-09-28 17:21:40,944 : INFO : ConfigProcessor : Loading config: C:\venv\mpf\mmmdrop\modes\carousel\config\carousel.yaml
2025-09-28 17:21:40,945 : INFO : ConfigProcessor : Config file cache created: C:\Users\sdona\AppData\Local\Temp\f0c219a993d891ee86dcb7eae47dde67.mpf_cache
2025-09-28 17:21:40,946 : INFO : ConfigProcessor : Loading config from cache: C:\Users\sdona\AppData\Local\Temp\96aa58108928490b129531848cd9b506.mpf_cache
2025-09-28 17:21:40,961 : INFO : Machine : Mission Pinball Framework Core Engine v0.80.0.dev9
2025-09-28 17:21:40,961 : INFO : Machine : Command line arguments: {'no_load_cache': False, 'create_config_cache': True, 'bcp': True, 'configfile': ['config.yaml'], 'force_assets_load': False, 'platform_integration_test': False, 'jsonlogging': False, 'logfile': 'logs\\2025-09-28-17-21-40-mpf-PinballLaptop.log', 'pause': False, 'production': False, 'text_ui': True, 'loglevel': 15, 'consoleloglevel': 20, 'force_platform': 'smart_virtual', 'syslog_address': None, 'full_logfile_path': 'C:\\venv\\mpf\\mmmdrop\\logs\\2025-09-28-17-21-40-mpf-PinballLaptop.log'}
2025-09-28 17:21:40,961 : INFO : Machine : MPF path: c:\venv\mpf\lib\site-packages\mpf
2025-09-28 17:21:40,961 : INFO : Machine : Machine path: C:\venv\mpf\mmmdrop
2025-09-28 17:21:40,961 : INFO : Machine : Platform: win32
2025-09-28 17:21:40,961 : INFO : Machine : Python executable location: c:\venv\mpf\Scripts\python.exe
2025-09-28 17:21:40,961 : INFO : Machine : Python version: 3.9.13 (64-bit)
2025-09-28 17:21:40,964 : INFO : Machine : Initializing MPF...
2025-09-28 17:21:41,292 : INFO : EventManager : Event: ======'machine_var_credits_string'====== Args={'value': 'FREE PLAY', 'prev_value': None, 'change': True}
2025-09-28 17:21:41,339 : INFO : EventManager : Event: ======'machine_var_fast_audio_headphones_volume'====== Args={'value': 10, 'prev_value': None, 'change': True}
2025-09-28 17:21:41,339 : INFO : EventManager : Event: ======'machine_var_fast_audio_main_volume'====== Args={'value': 44, 'prev_value': None, 'change': True}
2025-09-28 17:21:41,339 : INFO : EventManager : Event: ======'machine_var_master_volume'====== Args={'value': 0.15, 'prev_value': None, 'change': True}
2025-09-28 17:21:41,340 : INFO : EventManager : Event: ======'machine_var_player1_score'====== Args={'value': 140190, 'prev_value': None, 'change': True}
2025-09-28 17:21:41,340 : INFO : EventManager : Event: ======'machine_var_mpf_version'====== Args={'value': 'Mission Pinball Framework v0.80.0.dev9', 'prev_value': None, 'change': True}
2025-09-28 17:21:41,340 : INFO : EventManager : Event: ======'machine_var_mpf_extended_version'====== Args={'value': 'Mission Pinball Framework v0.80.0.dev9, Config version:6, Show version: 6, BCP version:1.1', 'prev_value': None, 'change': True}
2025-09-28 17:21:41,340 : INFO : EventManager : Event: ======'machine_var_python_version'====== Args={'value': '3.9.13', 'prev_value': None, 'change': True}
2025-09-28 17:21:41,382 : INFO : EventManager : Event: ======'machine_var_platform'====== Args={'value': 'Windows-10-10.0.26100-SP0', 'prev_value': None, 'change': True}
2025-09-28 17:21:41,382 : INFO : EventManager : Event: ======'machine_var_platform_system'====== Args={'value': 'Windows', 'prev_value': None, 'change': True}
2025-09-28 17:21:41,382 : INFO : EventManager : Event: ======'machine_var_platform_release'====== Args={'value': '10', 'prev_value': None, 'change': True}
2025-09-28 17:21:41,382 : INFO : EventManager : Event: ======'machine_var_platform_version'====== Args={'value': '10.0.26100', 'prev_value': None, 'change': True}
2025-09-28 17:21:41,382 : INFO : EventManager : Event: ======'machine_var_platform_machine'====== Args={'value': 'AMD64', 'prev_value': None, 'change': True}
2025-09-28 17:21:41,382 : INFO : EventManager : Event: ======'machine_var_log_file_path'====== Args={'value': 'C:\\venv\\mpf\\mmmdrop\\logs\\2025-09-28-17-21-40-mpf-PinballLaptop.log', 'prev_value': None, 'change': True}
2025-09-28 17:21:41,383 : INFO : EventManager : Event: ======'init_phase_1'====== Args={}
2025-09-28 17:21:41,417 : INFO : EventManager : Event: ======'drop_target_bank_three_bank_up'====== Args={}
2025-09-28 17:21:41,419 : INFO : EventManager : Event: ======'init_phase_2'====== Args={}
2025-09-28 17:21:41,419 : INFO : SwitchController : Found active switch: ('3208-0', <Platform.SmartVirtual>) <switch.s_trough1>
2025-09-28 17:21:41,419 : INFO : SwitchController : Found active switch: ('3208-1', <Platform.SmartVirtual>) <switch.s_trough2>
2025-09-28 17:21:41,419 : INFO : SwitchController : Found active switch: ('3208-2', <Platform.SmartVirtual>) <switch.s_trough3>
2025-09-28 17:21:41,419 : INFO : SwitchController : Found active switch: ('3208-3', <Platform.SmartVirtual>) <switch.s_trough4>
2025-09-28 17:21:41,419 : INFO : SwitchController : Found active switch: ('3208-4', <Platform.SmartVirtual>) <switch.s_trough5>
2025-09-28 17:21:41,419 : INFO : SwitchController : Found active switch: ('3208-5', <Platform.SmartVirtual>) <switch.s_trough6>
2025-09-28 17:21:41,425 : INFO : EventManager : Event: ======'bcp_connection_attempt'====== Args={'name': 'local_display', 'host': 'localhost', 'port': 5050}
2025-09-28 17:21:41,429 : INFO : BCPClientSocket : Connecting BCP to 'local_display' at localhost:5050...
2025-09-28 17:21:51,354 : INFO : BCPClientSocket : Connected BCP to 'local_display' localhost:5050
2025-09-28 17:21:51,355 : INFO : EventManager : Event: ======'bcp_clients_connected'====== Args={}
2025-09-28 17:21:51,555 : INFO : ball_device.bd_trough : BCH: Initial count: 6
2025-09-28 17:21:51,555 : INFO : ball_device.bd_trough : State: idle
2025-09-28 17:21:51,556 : INFO : ball_device.bd_plunger : BCH: Initial count: 0
2025-09-28 17:21:51,556 : INFO : ball_device.bd_plunger : State: idle
2025-09-28 17:21:51,556 : INFO : ball_device.bd_scoop : BCH: Initial count: 0
2025-09-28 17:21:51,557 : INFO : ball_device.bd_scoop : State: idle
2025-09-28 17:21:51,577 : INFO : EventManager : Event: ======'init_phase_3'====== Args={}
2025-09-28 17:21:51,580 : INFO : EventManager : Event: ======'init_phase_4'====== Args={}
2025-09-28 17:21:51,581 : INFO : BallController : Initial balls found: 6
2025-09-28 17:21:51,583 : INFO : EventManager : Event: ======'machine_var_audits_events_game_ended'====== Args={'value': 36, 'prev_value': None, 'change': True}
2025-09-28 17:21:51,583 : INFO : EventManager : Event: ======'machine_var_audits_events_game_started'====== Args={'value': 134, 'prev_value': None, 'change': True}
2025-09-28 17:21:51,583 : INFO : EventManager : Event: ======'machine_var_audits_missing_switches_s_captive_ball'====== Args={'value': 60, 'prev_value': None, 'change': True}
2025-09-28 17:21:51,583 : INFO : EventManager : Event: ======'machine_var_audits_missing_switches_s_center_upper_pop'====== Args={'value': 60, 'prev_value': None, 'change': True}
2025-09-28 17:21:51,583 : INFO : EventManager : Event: ======'machine_var_audits_missing_switches_s_inner_orbit'====== Args={'value': 60, 'prev_value': None, 'change': True}
2025-09-28 17:21:51,583 : INFO : EventManager : Event: ======'machine_var_audits_missing_switches_s_left_flipper'====== Args={'value': 60, 'prev_value': None, 'change': True}
2025-09-28 17:21:51,583 : INFO : EventManager : Event: ======'machine_var_audits_missing_switches_s_left_inlane'====== Args={'value': 60, 'prev_value': None, 'change': True}
2025-09-28 17:21:51,584 : INFO : EventManager : Event: ======'machine_var_audits_missing_switches_s_left_orbit'====== Args={'value': 60, 'prev_value': None, 'change': True}
2025-09-28 17:21:51,584 : INFO : EventManager : Event: ======'machine_var_audits_missing_switches_s_left_outlane'====== Args={'value': 60, 'prev_value': None, 'change': True}
2025-09-28 17:21:51,584 : INFO : EventManager : Event: ======'machine_var_audits_missing_switches_s_left_ramp'====== Args={'value': 60, 'prev_value': None, 'change': True}
2025-09-28 17:21:51,584 : INFO : EventManager : Event: ======'machine_var_audits_missing_switches_s_left_slingshot'====== Args={'value': 60, 'prev_value': None, 'change': True}
2025-09-28 17:21:51,584 : INFO : EventManager : Event: ======'machine_var_audits_missing_switches_s_left_upper_pop'====== Args={'value': 60, 'prev_value': None, 'change': True}
2025-09-28 17:21:51,584 : INFO : EventManager : Event: ======'machine_var_audits_missing_switches_s_plunger'====== Args={'value': 1, 'prev_value': None, 'change': True}
2025-09-28 17:21:51,584 : INFO : EventManager : Event: ======'machine_var_audits_missing_switches_s_pop_standup'====== Args={'value': 60, 'prev_value': None, 'change': True}
2025-09-28 17:21:51,584 : INFO : EventManager : Event: ======'machine_var_audits_missing_switches_s_right_flipper'====== Args={'value': 60, 'prev_value': None, 'change': True}
2025-09-28 17:21:51,585 : INFO : EventManager : Event: ======'machine_var_audits_missing_switches_s_right_inlane'====== Args={'value': 60, 'prev_value': None, 'change': True}
2025-09-28 17:21:51,585 : INFO : EventManager : Event: ======'machine_var_audits_missing_switches_s_right_lower_pop'====== Args={'value': 1, 'prev_value': None, 'change': True}
2025-09-28 17:21:51,585 : INFO : EventManager : Event: ======'machine_var_audits_missing_switches_s_right_orbit'====== Args={'value': 60, 'prev_value': None, 'change': True}
2025-09-28 17:21:51,585 : INFO : EventManager : Event: ======'machine_var_audits_missing_switches_s_right_outlane'====== Args={'value': 60, 'prev_value': None, 'change': True}
2025-09-28 17:21:51,585 : INFO : EventManager : Event: ======'machine_var_audits_missing_switches_s_right_ramp'====== Args={'value': 60, 'prev_value': None, 'change': True}
2025-09-28 17:21:51,585 : INFO : EventManager : Event: ======'machine_var_audits_missing_switches_s_right_slingshot'====== Args={'value': 60, 'prev_value': None, 'change': True}
2025-09-28 17:21:51,585 : INFO : EventManager : Event: ======'machine_var_audits_missing_switches_s_scoop'====== Args={'value': 1, 'prev_value': None, 'change': True}
2025-09-28 17:21:51,585 : INFO : EventManager : Event: ======'machine_var_audits_missing_switches_s_spinner'====== Args={'value': 60, 'prev_value': None, 'change': True}
2025-09-28 17:21:51,585 : INFO : EventManager : Event: ======'machine_var_audits_missing_switches_s_start'====== Args={'value': 5, 'prev_value': None, 'change': True}
2025-09-28 17:21:51,585 : INFO : EventManager : Event: ======'machine_var_audits_missing_switches_s_three_bank_bottom'====== Args={'value': 7, 'prev_value': None, 'change': True}
2025-09-28 17:21:51,586 : INFO : EventManager : Event: ======'machine_var_audits_missing_switches_s_three_bank_middle'====== Args={'value': 7, 'prev_value': None, 'change': True}
2025-09-28 17:21:51,586 : INFO : EventManager : Event: ======'machine_var_audits_missing_switches_s_three_bank_standup'====== Args={'value': 7, 'prev_value': None, 'change': True}
2025-09-28 17:21:51,586 : INFO : EventManager : Event: ======'machine_var_audits_missing_switches_s_three_bank_top'====== Args={'value': 7, 'prev_value': None, 'change': True}
2025-09-28 17:21:51,586 : INFO : EventManager : Event: ======'machine_var_audits_missing_switches_s_tilt_bob'====== Args={'value': 68, 'prev_value': None, 'change': True}
2025-09-28 17:21:51,586 : INFO : EventManager : Event: ======'machine_var_audits_missing_switches_s_top_right_flipper'====== Args={'value': 60, 'prev_value': None, 'change': True}
2025-09-28 17:21:51,586 : INFO : EventManager : Event: ======'machine_var_audits_missing_switches_s_trough1'====== Args={'value': 20, 'prev_value': None, 'change': True}
2025-09-28 17:21:51,586 : INFO : EventManager : Event: ======'machine_var_audits_missing_switches_s_trough2'====== Args={'value': 59, 'prev_value': None, 'change': True}
2025-09-28 17:21:51,587 : INFO : EventManager : Event: ======'machine_var_audits_missing_switches_s_trough3'====== Args={'value': 59, 'prev_value': None, 'change': True}
2025-09-28 17:21:51,587 : INFO : EventManager : Event: ======'machine_var_audits_missing_switches_s_trough4'====== Args={'value': 59, 'prev_value': None, 'change': True}
2025-09-28 17:21:51,587 : INFO : EventManager : Event: ======'machine_var_audits_missing_switches_s_trough5'====== Args={'value': 59, 'prev_value': None, 'change': True}
2025-09-28 17:21:51,587 : INFO : EventManager : Event: ======'machine_var_audits_missing_switches_s_trough6'====== Args={'value': 60, 'prev_value': None, 'change': True}
2025-09-28 17:21:51,587 : INFO : EventManager : Event: ======'machine_var_audits_missing_switches_s_trough_jam'====== Args={'value': 60, 'prev_value': None, 'change': True}
2025-09-28 17:21:51,587 : INFO : EventManager : Event: ======'machine_var_audits_missing_switches_s_tshirt_bottom_standup'====== Args={'value': 60, 'prev_value': None, 'change': True}
2025-09-28 17:21:51,587 : INFO : EventManager : Event: ======'machine_var_audits_missing_switches_s_tshirt_top_standup'====== Args={'value': 60, 'prev_value': None, 'change': True}
2025-09-28 17:21:51,587 : INFO : EventManager : Event: ======'machine_var_audits_missing_switches_s_upper_pop_standup'====== Args={'value': 60, 'prev_value': None, 'change': True}
2025-09-28 17:21:51,588 : INFO : EventManager : Event: ======'machine_var_audits_player_score'====== Args={'value': {'average': 16766, 'top': [140190, 55679, 54526, 46225, 25350, 24166, 23278, 22740, 20422, 20201], 'total': 37}, 'prev_value': None, 'change': True}
2025-09-28 17:21:51,588 : INFO : EventManager : Event: ======'machine_var_audits_shots_skill_captive'====== Args={'value': 16, 'prev_value': None, 'change': True}
2025-09-28 17:21:51,588 : INFO : EventManager : Event: ======'machine_var_audits_switches_s_captive_ball'====== Args={'value': 158, 'prev_value': None, 'change': True}
2025-09-28 17:21:51,588 : INFO : EventManager : Event: ======'machine_var_audits_switches_s_center_upper_pop'====== Args={'value': 182, 'prev_value': None, 'change': True}
2025-09-28 17:21:51,588 : INFO : EventManager : Event: ======'machine_var_audits_switches_s_inner_orbit'====== Args={'value': 0, 'prev_value': None, 'change': True}
2025-09-28 17:21:51,588 : INFO : EventManager : Event: ======'machine_var_audits_switches_s_left_flipper'====== Args={'value': 1240, 'prev_value': None, 'change': True}
2025-09-28 17:21:51,588 : INFO : EventManager : Event: ======'machine_var_audits_switches_s_left_inlane'====== Args={'value': 107, 'prev_value': None, 'change': True}
2025-09-28 17:21:51,588 : INFO : EventManager : Event: ======'machine_var_audits_switches_s_left_orbit'====== Args={'value': 0, 'prev_value': None, 'change': True}
2025-09-28 17:21:51,588 : INFO : EventManager : Event: ======'machine_var_audits_switches_s_left_outlane'====== Args={'value': 53, 'prev_value': None, 'change': True}
2025-09-28 17:21:51,589 : INFO : EventManager : Event: ======'machine_var_audits_switches_s_left_ramp'====== Args={'value': 0, 'prev_value': None, 'change': True}
2025-09-28 17:21:51,589 : INFO : EventManager : Event: ======'machine_var_audits_switches_s_left_slingshot'====== Args={'value': 259, 'prev_value': None, 'change': True}
2025-09-28 17:21:51,589 : INFO : EventManager : Event: ======'machine_var_audits_switches_s_left_upper_pop'====== Args={'value': 139, 'prev_value': None, 'change': True}
2025-09-28 17:21:51,589 : INFO : EventManager : Event: ======'machine_var_audits_switches_s_plunger'====== Args={'value': 524, 'prev_value': None, 'change': True}
2025-09-28 17:21:51,589 : INFO : EventManager : Event: ======'machine_var_audits_switches_s_pop_standup'====== Args={'value': 48, 'prev_value': None, 'change': True}
2025-09-28 17:21:51,589 : INFO : EventManager : Event: ======'machine_var_audits_switches_s_right_flipper'====== Args={'value': 1509, 'prev_value': None, 'change': True}
2025-09-28 17:21:51,589 : INFO : EventManager : Event: ======'machine_var_audits_switches_s_right_inlane'====== Args={'value': 104, 'prev_value': None, 'change': True}
2025-09-28 17:21:51,589 : INFO : EventManager : Event: ======'machine_var_audits_switches_s_right_lower_pop'====== Args={'value': 343, 'prev_value': None, 'change': True}
2025-09-28 17:21:51,589 : INFO : EventManager : Event: ======'machine_var_audits_switches_s_right_orbit'====== Args={'value': 0, 'prev_value': None, 'change': True}
2025-09-28 17:21:51,590 : INFO : EventManager : Event: ======'machine_var_audits_switches_s_right_outlane'====== Args={'value': 51, 'prev_value': None, 'change': True}
2025-09-28 17:21:51,590 : INFO : EventManager : Event: ======'machine_var_audits_switches_s_right_ramp'====== Args={'value': 0, 'prev_value': None, 'change': True}
2025-09-28 17:21:51,590 : INFO : EventManager : Event: ======'machine_var_audits_switches_s_right_slingshot'====== Args={'value': 365, 'prev_value': None, 'change': True}
2025-09-28 17:21:51,590 : INFO : EventManager : Event: ======'machine_var_audits_switches_s_scoop'====== Args={'value': 103, 'prev_value': None, 'change': True}
2025-09-28 17:21:51,590 : INFO : EventManager : Event: ======'machine_var_audits_switches_s_spinner'====== Args={'value': 1364, 'prev_value': None, 'change': True}
2025-09-28 17:21:51,590 : INFO : EventManager : Event: ======'machine_var_audits_switches_s_start'====== Args={'value': 52, 'prev_value': None, 'change': True}
2025-09-28 17:21:51,590 : INFO : EventManager : Event: ======'machine_var_audits_switches_s_three_bank_bottom'====== Args={'value': 90, 'prev_value': None, 'change': True}
2025-09-28 17:21:51,590 : INFO : EventManager : Event: ======'machine_var_audits_switches_s_three_bank_middle'====== Args={'value': 87, 'prev_value': None, 'change': True}
2025-09-28 17:21:51,591 : INFO : EventManager : Event: ======'machine_var_audits_switches_s_three_bank_standup'====== Args={'value': 77, 'prev_value': None, 'change': True}
2025-09-28 17:21:51,591 : INFO : EventManager : Event: ======'machine_var_audits_switches_s_three_bank_top'====== Args={'value': 81, 'prev_value': None, 'change': True}
2025-09-28 17:21:51,591 : INFO : EventManager : Event: ======'machine_var_audits_switches_s_tilt_bob'====== Args={'value': 21, 'prev_value': None, 'change': True}
2025-09-28 17:21:51,591 : INFO : EventManager : Event: ======'machine_var_audits_switches_s_top_right_flipper'====== Args={'value': 1294, 'prev_value': None, 'change': True}
2025-09-28 17:21:51,592 : INFO : EventManager : Event: ======'machine_var_audits_switches_s_trough1'====== Args={'value': 239, 'prev_value': None, 'change': True}
2025-09-28 17:21:51,592 : INFO : EventManager : Event: ======'machine_var_audits_switches_s_trough2'====== Args={'value': 248, 'prev_value': None, 'change': True}
2025-09-28 17:21:51,592 : INFO : EventManager : Event: ======'machine_var_audits_switches_s_trough3'====== Args={'value': 178, 'prev_value': None, 'change': True}
2025-09-28 17:21:51,592 : INFO : EventManager : Event: ======'machine_var_audits_switches_s_trough4'====== Args={'value': 160, 'prev_value': None, 'change': True}
2025-09-28 17:21:51,592 : INFO : EventManager : Event: ======'machine_var_audits_switches_s_trough5'====== Args={'value': 160, 'prev_value': None, 'change': True}
2025-09-28 17:21:51,592 : INFO : EventManager : Event: ======'machine_var_audits_switches_s_trough6'====== Args={'value': 158, 'prev_value': None, 'change': True}
2025-09-28 17:21:51,592 : INFO : EventManager : Event: ======'machine_var_audits_switches_s_trough_jam'====== Args={'value': 206, 'prev_value': None, 'change': True}
2025-09-28 17:21:51,593 : INFO : EventManager : Event: ======'machine_var_audits_switches_s_tshirt_bottom_standup'====== Args={'value': 28, 'prev_value': None, 'change': True}
2025-09-28 17:21:51,593 : INFO : EventManager : Event: ======'machine_var_audits_switches_s_tshirt_top_standup'====== Args={'value': 33, 'prev_value': None, 'change': True}
2025-09-28 17:21:51,593 : INFO : EventManager : Event: ======'machine_var_audits_switches_s_upper_pop_standup'====== Args={'value': 158, 'prev_value': None, 'change': True}
2025-09-28 17:21:51,593 : INFO : EventManager : Event: ======'init_phase_5'====== Args={}
2025-09-28 17:21:51,663 : INFO : EventManager : Event: ======'init_done'====== Args={}
2025-09-28 17:21:51,664 : INFO : EventManager : Event: ======'machine_reset_phase_1'====== Args={}
2025-09-28 17:21:51,673 : INFO : EventManager : Event: ======'machine_reset_phase_2'====== Args={}
2025-09-28 17:21:51,674 : INFO : EventManager : Event: ======'machine_reset_phase_3'====== Args={}
2025-09-28 17:21:51,674 : INFO : drop_target_bank.three_bank : All targets are already up. Will not reset bank.
2025-09-28 17:21:51,674 : INFO : EventManager : Event: ======'reset_complete'====== Args={}
2025-09-28 17:21:51,675 : INFO : EventManager : Event: ======'mode_attract_will_start'====== Args={}
2025-09-28 17:21:51,676 : INFO : EventManager : Event: ======'mode_attract_starting'====== Args={}
2025-09-28 17:21:51,676 : INFO : Mode.attract : Started. Priority: 10
2025-09-28 17:21:51,676 : INFO : EventManager : Event: ======'modes_active_modes_changed'====== Args={}
2025-09-28 17:21:51,676 : INFO : EventManager : Event: ======'mode_attract_started'====== Args={}
2025-09-28 17:21:51,677 : INFO : EventManager : Event: ======'collecting_balls_complete'====== Args={}
2025-09-28 17:21:51,698 : INFO : BcpServer : New client connected.
2025-09-28 17:21:51,698 : INFO : EventManager : Event: ======'slide_loading_created'====== Args={'_from_bcp': True}
2025-09-28 17:21:51,700 : INFO : EventManager : Event: ======'slide__removed'====== Args={'_from_bcp': True}
2025-09-28 17:21:51,700 : INFO : EventManager : Event: ======'slide_loading_active'====== Args={'original_context': '_global', 'original_calling_context': 'init_done', 'priority': 0.0, 'cmd': 'slides_play', '_from_bcp': True}
2025-09-28 17:21:51,705 : INFO : Machine : Starting the main run loop with active modes: [<Mode.attract>]
2025-09-28 17:21:51,724 : INFO : EventManager : Event: ======'slide_attract_created'====== Args={'_from_bcp': True}
2025-09-28 17:21:51,725 : INFO : EventManager : Event: ======'slide_loading_inactive'====== Args={'is_removing': True, '_from_bcp': True}
2025-09-28 17:21:51,726 : INFO : EventManager : Event: ======'slide_attract_active'====== Args={'original_context': 'attract', 'original_calling_context': 'mode_attract_started', 'priority': 10.0, 'cmd': 'slides_play', '_from_bcp': True}
2025-09-28 17:21:51,727 : INFO : EventManager : Event: ======'slide_loading_removed'====== Args={'_from_bcp': True}
2025-09-28 17:22:07,265 : INFO : SwitchController : <<<<<<< 's_start' active >>>>>>>
2025-09-28 17:22:07,466 : INFO : SwitchController : <<<<<<< 's_start' inactive >>>>>>>
2025-09-28 17:22:07,466 : INFO : EventManager : Event: ======'request_to_start_game'====== Args={}
2025-09-28 17:22:07,467 : INFO : EventManager : Event: ======'game_start'====== Args={'buttons': [], 'hold_time': 0.2029999999795109}
2025-09-28 17:22:07,467 : INFO : EventManager : Event: ======'mode_game_will_start'====== Args={'buttons': [], 'hold_time': 0.2029999999795109}
2025-09-28 17:22:07,468 : INFO : EventManager : Event: ======'mode_game_starting'====== Args={'buttons': [], 'hold_time': 0.2029999999795109}
2025-09-28 17:22:07,468 : INFO : EventManager : Event: ======'mode_attract_will_stop'====== Args={}
2025-09-28 17:22:07,468 : INFO : EventManager : Event: ======'mode_attract_stopping'====== Args={}
2025-09-28 17:22:07,468 : INFO : Mode.attract : Stopped.
2025-09-28 17:22:07,468 : INFO : EventManager : Event: ======'modes_active_modes_changed'====== Args={}
2025-09-28 17:22:07,469 : INFO : EventManager : Event: ======'mode_attract_stopped'====== Args={}
2025-09-28 17:22:07,469 : INFO : EventManager : Event: ======'clear'====== Args={'key': 'attract'}
2025-09-28 17:22:07,469 : INFO : Mode.game : Started. Priority: 20
2025-09-28 17:22:07,469 : INFO : EventManager : Event: ======'modes_active_modes_changed'====== Args={}
2025-09-28 17:22:07,469 : INFO : EventManager : Event: ======'mode_game_started'====== Args={'buttons': [], 'hold_time': 0.2029999999795109}
2025-09-28 17:22:07,475 : INFO : EventManager : Event: ======'game_will_start'====== Args={}
2025-09-28 17:22:07,476 : INFO : EventManager : Event: ======'game_starting'====== Args={'game': <Mode.game>}
2025-09-28 17:22:07,477 : INFO : EventManager : Unordered handler for class <Auditor> on event game_ended with priority 1. Handlers: [RegisteredHandler(callback=<bound method Auditor.disable of <Auditor>>, priority=1, kwargs={}, key=UUID('bca43dd2-d23d-41df-96b3-7c7440ce9ae8'), condition=None, blocking_facility=None), RegisteredHandler(callback=<bound method Auditor._save_audits of <Auditor>>, priority=1, kwargs={}, key=UUID('b53378b1-2f9a-4ff7-93c2-66659dd7d156'), condition=None, blocking_facility=None)]. The order of those handlers is not defined and they will be executed in random order. This might lead to race conditions and potential bugs.
2025-09-28 17:22:07,478 : INFO : EventManager : Event: ======'player_add_request'====== Args={}
2025-09-28 17:22:07,479 : INFO : EventManager : Event: ======'player_will_add'====== Args={'number': 1}
2025-09-28 17:22:07,479 : INFO : EventManager : Event: ======'player_adding'====== Args={'player': <Player 1>, 'number': 1}
2025-09-28 17:22:07,480 : INFO : EventManager : Event: ======'player_added'====== Args={'player': <Player 1>, 'num': 1}
2025-09-28 17:22:07,481 : INFO : Mode.game : Player added successfully. Total players: 1
2025-09-28 17:22:07,481 : INFO : EventManager : Event: ======'player_index'====== Args={'value': 0, 'prev_value': 0, 'change': 0, 'player_num': 1}
2025-09-28 17:22:07,481 : INFO : EventManager : Event: ======'player_number'====== Args={'value': 1, 'prev_value': 1, 'change': 0, 'player_num': 1}
2025-09-28 17:22:07,482 : INFO : EventManager : Event: ======'player_score'====== Args={'value': 0, 'prev_value': 0, 'change': 0, 'player_num': 1}
2025-09-28 17:22:07,483 : INFO : EventManager : Event: ======'game_started'====== Args={}
2025-09-28 17:22:07,495 : INFO : EventManager : Event: ======'player_turn_will_start'====== Args={'player': <Player 1>, 'number': 1}
2025-09-28 17:22:07,497 : INFO : EventManager : Event: ======'player_turn_starting'====== Args={'player': <Player 1>, 'number': 1}
2025-09-28 17:22:07,507 : INFO : EventManager : Event: ======'player_ball'====== Args={'value': 1, 'prev_value': 0, 'change': 1, 'player_num': 1}
2025-09-28 17:22:07,508 : INFO : EventManager : Event: ======'player_turn_started'====== Args={'player': <Player 1>, 'number': 1}
2025-09-28 17:22:07,509 : INFO : EventManager : Event: ======'ball_will_start'====== Args={'player': 1, 'ball': 1, 'balls_remaining': 2, 'is_extra_ball': False}
2025-09-28 17:22:07,515 : INFO : EventManager : Event: ======'ball_starting'====== Args={'player': 1, 'ball': 1, 'balls_remaining': 2, 'is_extra_ball': False}
2025-09-28 17:22:07,517 : INFO : EventManager : Event: ======'mode_base_will_start'====== Args={'queue': <QueuedEvent>, 'player': 1, 'ball': 1, 'balls_remaining': 2, 'is_extra_ball': False}
2025-09-28 17:22:07,520 : INFO : EventManager : Event: ======'mode_base_starting'====== Args={'queue': <QueuedEvent>, 'player': 1, 'ball': 1, 'balls_remaining': 2, 'is_extra_ball': False}
2025-09-28 17:22:07,520 : INFO : drop_target_bank.three_bank : All targets are already up. Will not reset bank.
2025-09-28 17:22:07,521 : INFO : EventManager : Event: ======'balls_in_play'====== Args={'balls': 1}
2025-09-28 17:22:07,523 : INFO : EventManager : Event: ======'ball_started'====== Args={'player': 1, 'ball': 1, 'balls_remaining': 2, 'is_extra_ball': False}
2025-09-28 17:22:07,524 : INFO : EventManager : Event: ======'logicblock_drop_target_counter_updated'====== Args={'value': 0, 'enabled': True}
2025-09-28 17:22:07,524 : INFO : EventManager : Event: ======'mode_carousel_will_start'====== Args={'queue': <QueuedEvent>, 'player': 1, 'ball': 1, 'balls_remaining': 2, 'is_extra_ball': False}
2025-09-28 17:22:07,525 : INFO : EventManager : Event: ======'mode_carousel_starting'====== Args={'queue': <QueuedEvent>, 'player': 1, 'ball': 1, 'balls_remaining': 2, 'is_extra_ball': False}
2025-09-28 17:22:07,525 : INFO : EventManager : Event: ======'logicblock_drop_target_counter_updated'====== Args={'value': 0, 'enabled': True}
2025-09-28 17:22:07,526 : INFO : Mode.base : Started. Priority: 100
2025-09-28 17:22:07,526 : INFO : EventManager : Event: ======'modes_active_modes_changed'====== Args={}
2025-09-28 17:22:07,526 : INFO : EventManager : Event: ======'mode_base_started'====== Args={'queue': <QueuedEvent>, 'player': 1, 'ball': 1, 'balls_remaining': 2, 'is_extra_ball': False}
2025-09-28 17:22:07,529 : INFO : EventManager : Event: ======'ball_save_default_enabled'====== Args={}
2025-09-28 17:22:07,530 : INFO : Mode.carousel : Started. Priority: 200
2025-09-28 17:22:07,530 : INFO : EventManager : Event: ======'modes_active_modes_changed'====== Args={}
2025-09-28 17:22:07,530 : INFO : EventManager : Event: ======'mode_carousel_started'====== Args={'queue': <QueuedEvent>, 'player': 1, 'ball': 1, 'balls_remaining': 2, 'is_extra_ball': False}
2025-09-28 17:22:07,531 : INFO : EventManager : Event: ======'item_highlighted'====== Args={'carousel': 'carousel', 'direction': None, 'item': 'intergalactic'}
2025-09-28 17:22:07,532 : INFO : EventManager : Event: ======'single_player_ball_started'====== Args={}
2025-09-28 17:22:07,550 : INFO : EventManager : Event: ======'ball_start_target'====== Args={'target': 'playfield'}
2025-09-28 17:22:07,552 : INFO : ball_device.bd_plunger : Setting up player-controlled eject. Balls: 1, Target: <playfield.playfield>, player_controlled_eject_event: None
2025-09-28 17:22:07,553 : INFO : EventManager : Event: ======'balldevice_balls_available'====== Args={}
2025-09-28 17:22:07,553 : INFO : EventManager : Event: ======'slide_base_created'====== Args={'_from_bcp': True}
2025-09-28 17:22:07,555 : INFO : ball_device.bd_trough : State: waiting_for_target_ready
2025-09-28 17:22:07,555 : INFO : EventManager : Event: ======'balldevice_bd_trough_ball_eject_attempt'====== Args={'balls': 1, 'target': <ball_device.bd_plunger>, 'source': <ball_device.bd_trough>, 'mechanical_eject': True, 'num_attempts': 0}
2025-09-28 17:22:07,556 : INFO : ball_device.bd_plunger : State: waiting_for_ball
2025-09-28 17:22:07,557 : INFO : ball_device.bd_trough : State: ejecting
2025-09-28 17:22:07,557 : INFO : ball_device.bd_trough : Ejecting ball to <ball_device.bd_plunger>
2025-09-28 17:22:07,558 : INFO : EventManager : Event: ======'balldevice_bd_trough_ejecting_ball'====== Args={'balls': 1, 'target': <ball_device.bd_plunger>, 'source': <ball_device.bd_trough>, 'mechanical_eject': True, 'num_attempts': 0}
2025-09-28 17:22:07,559 : INFO : ball_device.bd_trough : Wait for ball to leave device
2025-09-28 17:22:07,559 : INFO : coil.c_trough_eject : Pulsing Driver for 20ms (1.0 pulse_power)
2025-09-28 17:22:07,562 : INFO : SwitchController : <<<<<<< 's_trough1' inactive >>>>>>>
2025-09-28 17:22:07,568 : INFO : EventManager : Event: ======'slide_score_overlay_created'====== Args={'_from_bcp': True}
2025-09-28 17:22:07,569 : INFO : EventManager : Event: ======'slide_attract_inactive'====== Args={'is_removing': True, '_from_bcp': True}
2025-09-28 17:22:07,569 : INFO : EventManager : Event: ======'slide_score_overlay_active'====== Args={'original_context': 'base', 'original_calling_context': 'mode_base_started', 'priority': 100.0, 'queue': '<QueuedEvent>', 'player': 1.0, 'ball': 1.0, 'balls_remaining': 2.0, 'is_extra_ball': False, 'cmd': 'slides_play', '_from_bcp': True}
2025-09-28 17:22:07,569 : INFO : EventManager : Event: ======'slide_attract_removed'====== Args={'_from_bcp': True}
2025-09-28 17:22:07,571 : INFO : ball_device.bd_trough : State: ball_left
2025-09-28 17:22:07,571 : INFO : ball_device.bd_trough : Ball left
2025-09-28 17:22:07,571 : INFO : ball_device.bd_trough : Wait for confirm with timeout 3.0
2025-09-28 17:22:07,657 : INFO : SwitchController : <<<<<<< 's_plunger' active >>>>>>>
2025-09-28 17:22:07,658 : INFO : EventManager : Event: ======'machine_var_audits_switches_s_plunger'====== Args={'value': 525, 'prev_value': 524, 'change': 1}
2025-09-28 17:22:08,171 : INFO : ball_device.bd_plunger : Received ball from <ball_device.bd_trough>
2025-09-28 17:22:08,171 : INFO : EventManager : Event: ======'balldevice_bd_plunger_ball_enter'====== Args={'new_balls': 1, 'unclaimed_balls': 0, 'new_available_balls': 0, 'device': <ball_device.bd_plunger>}
2025-09-28 17:22:08,173 : INFO : EventManager : Event: ======'balldevice_bd_plunger_ball_entered'====== Args={'new_balls': 0, 'device': <ball_device.bd_plunger>}
2025-09-28 17:22:08,174 : INFO : EventManager : Event: ======'balldevice_bd_plunger_ball_count_changed'====== Args={'balls': 1}
2025-09-28 17:22:08,174 : INFO : ball_device.bd_trough : Got eject confirm
2025-09-28 17:22:08,174 : INFO : ball_device.bd_trough : Eject successful
2025-09-28 17:22:08,175 : INFO : EventManager : Event: ======'balldevice_bd_trough_ball_eject_success'====== Args={'balls': 1, 'target': <ball_device.bd_plunger>}
2025-09-28 17:22:08,176 : INFO : EventManager : Event: ======'balldevice_bd_trough_ball_count_changed'====== Args={'balls': 5}
2025-09-28 17:22:08,176 : INFO : ball_device.bd_trough : State: idle
2025-09-28 17:22:08,176 : INFO : ball_device.bd_plunger : State: waiting_for_target_ready
2025-09-28 17:22:08,177 : INFO : EventManager : Event: ======'balldevice_bd_plunger_ball_eject_attempt'====== Args={'balls': 1, 'target': <playfield.playfield>, 'source': <ball_device.bd_plunger>, 'mechanical_eject': True, 'num_attempts': 0}
2025-09-28 17:22:08,179 : INFO : ball_device.bd_plunger : State: ejecting
2025-09-28 17:22:08,179 : INFO : ball_device.bd_plunger : Ejecting ball to <playfield.playfield>
2025-09-28 17:22:08,179 : INFO : EventManager : Event: ======'balldevice_bd_plunger_ejecting_ball'====== Args={'balls': 1, 'target': <playfield.playfield>, 'source': <ball_device.bd_plunger>, 'mechanical_eject': True, 'num_attempts': 0}
2025-09-28 17:22:08,182 : INFO : ball_device.bd_plunger : Wait for ball to leave device
2025-09-28 17:22:34,877 : INFO : SwitchController : <<<<<<< 's_plunger' inactive >>>>>>>
2025-09-28 17:22:34,878 : INFO : EventManager : Event: ======'ball_out'====== Args={}
2025-09-28 17:22:34,878 : INFO : EventManager : Event: ======'ball_save_default_timer_start'====== Args={}
2025-09-28 17:22:34,883 : INFO : ball_device.bd_plunger : State: ball_left
2025-09-28 17:22:34,884 : INFO : ball_device.bd_plunger : Ball left
2025-09-28 17:22:34,884 : INFO : ball_device.bd_plunger : Wait for confirm with timeout 3.0
2025-09-28 17:22:37,882 : INFO : EventManager : Event: ======'ball_save_default_hurry_up'====== Args={}
2025-09-28 17:22:37,883 : INFO : ball_device.bd_plunger : State: failed_confirm
2025-09-28 17:22:37,884 : INFO : ball_device.bd_plunger : Got timeout (3.0s) before confirm from <playfield.playfield>
2025-09-28 17:22:37,974 : INFO : ball_device.bd_plunger : Confirming eject because target is playfield and ball did not return.
2025-09-28 17:22:37,974 : INFO : ball_device.bd_plunger : Eject successful
2025-09-28 17:22:37,974 : INFO : EventManager : Event: ======'balldevice_bd_plunger_ball_eject_success'====== Args={'balls': 1, 'target': <playfield.playfield>}
2025-09-28 17:22:37,976 : INFO : EventManager : Event: ======'balldevice_playfield_ball_enter'====== Args={'new_balls': 1, 'unclaimed_balls': 1, 'device': <playfield.playfield>}
2025-09-28 17:22:37,976 : INFO : EventManager : Event: ======'playfield_ball_count_change'====== Args={'balls': 1, 'change': 1}
2025-09-28 17:22:37,976 : INFO : EventManager : Event: ======'balldevice_bd_plunger_ball_count_changed'====== Args={'balls': 0}
2025-09-28 17:22:37,977 : INFO : ball_device.bd_plunger : State: idle
2025-09-28 17:22:39,882 : INFO : EventManager : Event: ======'ball_save_default_grace_period'====== Args={}
2025-09-28 17:22:40,972 : INFO : SwitchController : <<<<<<< 's_right_lower_pop' active >>>>>>>
2025-09-28 17:22:40,972 : INFO : EventManager : Event: ======'s_right_lower_pop_active'====== Args={}
2025-09-28 17:22:40,973 : INFO : EventManager : Event: ======'machine_var_audits_switches_s_right_lower_pop'====== Args={'value': 344, 'prev_value': 343, 'change': 1}
2025-09-28 17:22:40,975 : INFO : EventManager : Event: ======'item_highlighted'====== Args={'carousel': 'carousel', 'direction': 'backwards', 'item': 'intergalactic'}
2025-09-28 17:22:40,976 : INFO : EventManager : Event: ======'player_score'====== Args={'value': 1110, 'prev_value': 0, 'change': 1110, 'player_num': 1, 'source': 'base'}
2025-09-28 17:22:41,080 : INFO : SwitchController : <<<<<<< 's_right_lower_pop' inactive >>>>>>>
2025-09-28 17:22:41,865 : INFO : EventManager : Event: ======'ball_save_default_disabled'====== Args={}
2025-09-28 17:25:20,929 : INFO : SwitchController : <<<<<<< 's_scoop' active >>>>>>>
2025-09-28 17:25:20,929 : INFO : EventManager : Event: ======'s_scoop_active'====== Args={}
2025-09-28 17:25:20,929 : INFO : EventManager : Event: ======'machine_var_audits_switches_s_scoop'====== Args={'value': 104, 'prev_value': 103, 'change': 1}
2025-09-28 17:25:20,930 : INFO : EventManager : Event: ======'scoop_hit'====== Args={'elapsed': 0}
2025-09-28 17:25:20,931 : INFO : EventManager : Event: ======'carousel_intergalactic_selected'====== Args={}
2025-09-28 17:25:20,931 : INFO : EventManager : Event: ======'carousel_item_selected'====== Args={}
2025-09-28 17:25:20,931 : INFO : EventManager : Event: ======'player_score'====== Args={'value': 3420, 'prev_value': 1110, 'change': 2310, 'player_num': 1, 'source': 'base'}
2025-09-28 17:25:20,931 : INFO : EventManager : Event: ======'mode_intergalactic_will_start'====== Args={}
2025-09-28 17:25:20,932 : INFO : EventManager : Event: ======'mode_intergalactic_starting'====== Args={}
2025-09-28 17:25:20,933 : INFO : EventManager : Event: ======'player_selected_mode'====== Args={'value': 'intergalactic', 'prev_value': 0, 'change': True, 'player_num': 1, 'source': 'carousel'}
2025-09-28 17:25:20,933 : INFO : EventManager : Event: ======'mode_carousel_will_stop'====== Args={}
2025-09-28 17:25:20,933 : INFO : EventManager : Event: ======'mode_carousel_stopping'====== Args={}
2025-09-28 17:25:20,933 : INFO : Mode.carousel : Stopped.
2025-09-28 17:25:20,933 : INFO : EventManager : Event: ======'modes_active_modes_changed'====== Args={}
2025-09-28 17:25:20,933 : INFO : EventManager : Event: ======'mode_carousel_stopped'====== Args={}
2025-09-28 17:25:20,935 : INFO : EventManager : Event: ======'clear'====== Args={'key': 'carousel'}
2025-09-28 17:25:20,953 : INFO : EventManager : Event: ======'logicblock_intergalactic_sequence_updated'====== Args={'value': 0, 'enabled': True}
2025-09-28 17:25:20,954 : INFO : EventManager : Event: ======'logicblock_intergalactic_sequence_updated'====== Args={'value': 0, 'enabled': True}
2025-09-28 17:25:20,954 : INFO : Mode.intergalactic : Started. Priority: 1000
2025-09-28 17:25:20,954 : INFO : EventManager : Event: ======'modes_active_modes_changed'====== Args={}
2025-09-28 17:25:20,954 : INFO : EventManager : Event: ======'mode_intergalactic_started'====== Args={}
2025-09-28 17:25:20,987 : INFO : EventManager : Event: ======'slide_intergalactic_created'====== Args={'_from_bcp': True}
2025-09-28 17:25:21,437 : INFO : EventManager : Event: ======'balldevice_bd_scoop_ball_count_changed'====== Args={'balls': 1}
2025-09-28 17:25:21,437 : INFO : ball_device.bd_scoop : Received unexpected ball
2025-09-28 17:25:21,437 : INFO : EventManager : Event: ======'balldevice_captured_from_playfield'====== Args={'balls': 1}
2025-09-28 17:25:21,437 : INFO : EventManager : Event: ======'sw_playfield_active'====== Args={'balls': 1}
2025-09-28 17:25:21,438 : INFO : EventManager : Event: ======'playfield_ball_count_change'====== Args={'balls': 0, 'change': -1}
2025-09-28 17:25:21,439 : INFO : EventManager : Event: ======'balldevice_bd_scoop_ball_enter'====== Args={'new_balls': 1, 'unclaimed_balls': 1, 'new_available_balls': 1, 'device': <ball_device.bd_scoop>}
2025-09-28 17:25:21,440 : INFO : ball_device.bd_scoop : Ejecting 1 unexpected balls using path deque([<ball_device.bd_scoop>, <playfield.playfield>])
2025-09-28 17:25:21,441 : INFO : EventManager : Event: ======'balldevice_balls_available'====== Args={}
2025-09-28 17:25:21,441 : INFO : EventManager : Event: ======'balldevice_balls_available'====== Args={}
2025-09-28 17:25:21,441 : INFO : EventManager : Event: ======'balldevice_bd_scoop_ball_entered'====== Args={'new_balls': 1, 'device': <ball_device.bd_scoop>}
2025-09-28 17:25:21,443 : INFO : ball_device.bd_scoop : State: waiting_for_target_ready
2025-09-28 17:25:21,444 : INFO : EventManager : Event: ======'balldevice_bd_scoop_ball_eject_attempt'====== Args={'balls': 1, 'target': <playfield.playfield>, 'source': <ball_device.bd_scoop>, 'mechanical_eject': False, 'num_attempts': 0}
2025-09-28 17:25:21,445 : INFO : ball_device.bd_scoop : State: ejecting
2025-09-28 17:25:21,445 : INFO : ball_device.bd_scoop : Ejecting ball to <playfield.playfield>
2025-09-28 17:25:21,445 : INFO : EventManager : Event: ======'balldevice_bd_scoop_ejecting_ball'====== Args={'balls': 1, 'target': <playfield.playfield>, 'source': <ball_device.bd_scoop>, 'mechanical_eject': False, 'num_attempts': 0}
2025-09-28 17:25:21,447 : INFO : ball_device.bd_scoop : Wait for ball to leave device
2025-09-28 17:25:21,447 : INFO : coil.c_scoop_eject : Pulsing Driver for 25ms (1.0 pulse_power)
2025-09-28 17:25:21,447 : INFO : SwitchController : <<<<<<< 's_scoop' inactive >>>>>>>
2025-09-28 17:25:21,452 : INFO : ball_device.bd_scoop : State: ball_left
2025-09-28 17:25:21,452 : INFO : ball_device.bd_scoop : Ball left
2025-09-28 17:25:21,452 : INFO : ball_device.bd_scoop : Wait for confirm with timeout 3.0
2025-09-28 17:25:24,449 : INFO : ball_device.bd_scoop : State: failed_confirm
2025-09-28 17:25:24,449 : INFO : ball_device.bd_scoop : Got timeout (3.0s) before confirm from <playfield.playfield>
2025-09-28 17:25:24,542 : INFO : ball_device.bd_scoop : Confirming eject because target is playfield and ball did not return.
2025-09-28 17:25:24,542 : INFO : ball_device.bd_scoop : Eject successful
2025-09-28 17:25:24,542 : INFO : EventManager : Event: ======'balldevice_bd_scoop_ball_eject_success'====== Args={'balls': 1, 'target': <playfield.playfield>}
2025-09-28 17:25:24,543 : INFO : EventManager : Event: ======'balldevice_playfield_ball_enter'====== Args={'new_balls': 1, 'unclaimed_balls': 1, 'device': <playfield.playfield>}
2025-09-28 17:25:24,543 : INFO : EventManager : Event: ======'playfield_ball_count_change'====== Args={'balls': 1, 'change': 1}
2025-09-28 17:25:24,543 : INFO : EventManager : Event: ======'balldevice_bd_scoop_ball_count_changed'====== Args={'balls': 0}
2025-09-28 17:25:24,544 : INFO : ball_device.bd_scoop : State: idle
2025-09-28 17:27:19,301 : INFO : Machine : Shutting down...
2025-09-28 17:27:19,301 : INFO : EventManager : Event: ======'shutdown'====== Args={}
2025-09-28 17:27:19,304 : INFO : EventManager : Event: ======'mode_game_will_stop'====== Args={}
2025-09-28 17:27:19,304 : INFO : EventManager : Event: ======'mode_game_stopping'====== Args={}
2025-09-28 17:27:19,305 : INFO : EventManager : Event: ======'mode_base_will_stop'====== Args={}
2025-09-28 17:27:19,306 : INFO : EventManager : Event: ======'mode_base_stopping'====== Args={}
2025-09-28 17:27:19,306 : INFO : EventManager : Event: ======'mode_intergalactic_will_stop'====== Args={}
2025-09-28 17:27:19,306 : INFO : EventManager : Event: ======'mode_intergalactic_stopping'====== Args={}
2025-09-28 17:27:19,307 : INFO : Mode.intergalactic : Stopped.
2025-09-28 17:27:19,307 : INFO : EventManager : Event: ======'modes_active_modes_changed'====== Args={}
2025-09-28 17:27:19,307 : INFO : EventManager : Event: ======'mode_intergalactic_stopped'====== Args={}
2025-09-28 17:27:19,307 : INFO : EventManager : Event: ======'clear'====== Args={'key': 'intergalactic'}
2025-09-28 17:27:19,307 : INFO : Mode.base : Stopped.
2025-09-28 17:27:19,307 : INFO : EventManager : Event: ======'modes_active_modes_changed'====== Args={}
2025-09-28 17:27:19,308 : INFO : EventManager : Event: ======'mode_base_stopped'====== Args={}
2025-09-28 17:27:19,308 : INFO : EventManager : Event: ======'clear'====== Args={'key': 'base'}
2025-09-28 17:27:19,309 : INFO : Mode.game : Stopped.
2025-09-28 17:27:19,309 : INFO : EventManager : Event: ======'modes_active_modes_changed'====== Args={}
2025-09-28 17:27:19,309 : INFO : EventManager : Event: ======'mode_game_stopped'====== Args={}
2025-09-28 17:27:19,310 : INFO : EventManager : Event: ======'clear'====== Args={'key': 'game'}
2025-09-28 17:27:19,349 : INFO : root : MPF run loop ended.
