2025-09-19 09:03:26,635 : INFO : root : Loading config.
2025-09-19 09:03:26,638 : INFO : YamlMultifileConfigLoader : Machine config file #1: config.yaml
2025-09-19 09:03:26,639 : WARNING : ConfigProcessor : Config file in cache changed: C:\venv\mpf\soultrain\config\config.yaml
2025-09-19 09:03:26,639 : INFO : ConfigProcessor : Loading config from file c:\venv\mpf\lib\site-packages\mpf\mpfconfig.yaml.
2025-09-19 09:03:26,647 : INFO : ConfigProcessor : Loading config: c:\venv\mpf\lib\site-packages\mpf\mpfconfig.yaml
2025-09-19 09:03:26,648 : INFO : ConfigProcessor : Loading config from file C:\venv\mpf\soultrain\config\config.yaml.
2025-09-19 09:03:26,651 : INFO : ConfigProcessor : Loading config: C:\venv\mpf\soultrain\config\config.yaml
2025-09-19 09:03:26,653 : INFO : ConfigProcessor : Loading config: C:\venv\mpf\soultrain\config\coils.yaml
2025-09-19 09:03:26,655 : INFO : ConfigProcessor : Loading config: C:\venv\mpf\soultrain\config\switches.yaml
2025-09-19 09:03:26,657 : INFO : ConfigProcessor : Loading config: C:\venv\mpf\soultrain\config\multiball.yaml
2025-09-19 09:03:26,659 : INFO : ConfigProcessor : Config file cache created: C:\Users\sdona\AppData\Local\Temp\1b3b705e53fd006acd47691e80f804b6.mpf_cache
2025-09-19 09:03:26,727 : INFO : ConfigProcessor : Loading config from file c:\venv\mpf\lib\site-packages\mpf\modes\attract\config\attract.yaml.
2025-09-19 09:03:26,729 : INFO : ConfigProcessor : Loading config: c:\venv\mpf\lib\site-packages\mpf\modes\attract\config\attract.yaml
2025-09-19 09:03:26,729 : INFO : ConfigProcessor : Loading config from file C:\venv\mpf\soultrain\modes\attract\config\attract.yaml.
2025-09-19 09:03:26,729 : INFO : ConfigProcessor : Loading config: C:\venv\mpf\soultrain\modes\attract\config\attract.yaml
2025-09-19 09:03:26,731 : INFO : ConfigProcessor : Config file cache created: C:\Users\sdona\AppData\Local\Temp\e94a3f920a4b4ef5386ff9f8a570c7d8.mpf_cache
2025-09-19 09:03:26,732 : INFO : ConfigProcessor : Loading config from cache: C:\Users\sdona\AppData\Local\Temp\9b0a7575388f9d9bd2f6ab87bf9fd2f7.mpf_cache
2025-09-19 09:03:26,732 : WARNING : ConfigProcessor : Config file in cache changed: C:\venv\mpf\soultrain\modes\base\config\base.yaml
2025-09-19 09:03:26,732 : INFO : ConfigProcessor : Loading config from file C:\venv\mpf\soultrain\modes\base\config\base.yaml.
2025-09-19 09:03:26,734 : INFO : ConfigProcessor : Loading config: C:\venv\mpf\soultrain\modes\base\config\base.yaml
