2025-10-10 21:17:40,609 : INFO : root : Loading config.
2025-10-10 21:17:40,614 : INFO : YamlMultifileConfigLoader : Machine config file #1: config.yaml
2025-10-10 21:17:40,614 : INFO : ConfigProcessor : Loading config from cache: C:\Users\sdona\AppData\Local\Temp\19f6d0d7953982fda9d956182316b8e5.mpf_cache
2025-10-10 21:17:40,732 : INFO : ConfigProcessor : Loading config from cache: C:\Users\sdona\AppData\Local\Temp\835b5bfea4be8b279a05e96caaaffbbb.mpf_cache
2025-10-10 21:17:40,733 : INFO : ConfigProcessor : Loading config from cache: C:\Users\sdona\AppData\Local\Temp\9b0a7575388f9d9bd2f6ab87bf9fd2f7.mpf_cache
2025-10-10 21:17:40,733 : INFO : ConfigProcessor : Loading config from cache: C:\Users\sdona\AppData\Local\Temp\c340ec0033d1055cd797ffd5447ef414.mpf_cache
2025-10-10 21:17:40,736 : INFO : ConfigProcessor : Loading config from cache: C:\Users\sdona\AppData\Local\Temp\835b5bfea4be8b279a05e96caaaffbbb.mpf_cache
2025-10-10 21:17:40,736 : INFO : ConfigProcessor : Loading config from cache: C:\Users\sdona\AppData\Local\Temp\8c11a28e3c38d4ad47947b6a126f2ee9.mpf_cache
2025-10-10 21:17:40,737 : INFO : ConfigProcessor : Loading config from cache: C:\Users\sdona\AppData\Local\Temp\e391083cdc9e667060411fe5838e93f2.mpf_cache
2025-10-10 21:17:40,738 : INFO : ConfigProcessor : Loading config from cache: C:\Users\sdona\AppData\Local\Temp\f0c219a993d891ee86dcb7eae47dde67.mpf_cache
2025-10-10 21:17:40,738 : INFO : ConfigProcessor : Loading config from cache: C:\Users\sdona\AppData\Local\Temp\96aa58108928490b129531848cd9b506.mpf_cache
2025-10-10 21:17:40,740 : INFO : ConfigProcessor : Loading config from cache: C:\Users\sdona\AppData\Local\Temp\567636b9d9766e3361204e954a8382da.mpf_cache
2025-10-10 21:17:40,741 : INFO : ConfigProcessor : Loading config from cache: C:\Users\sdona\AppData\Local\Temp\d5ead8dff868c6c4b1faf37537a19bc2.mpf_cache
2025-10-10 21:17:40,742 : INFO : Machine : Mission Pinball Framework Core Engine v0.80.0.dev9
2025-10-10 21:17:40,742 : INFO : Machine : Command line arguments: {'no_load_cache': False, 'create_config_cache': True, 'bcp': True, 'configfile': ['config.yaml'], 'force_assets_load': False, 'platform_integration_test': False, 'jsonlogging': False, 'logfile': 'logs\\2025-10-10-21-17-40-mpf-PinballLaptop.log', 'pause': False, 'production': False, 'text_ui': True, 'loglevel': 15, 'consoleloglevel': 20, 'force_platform': 'smart_virtual', 'syslog_address': None, 'full_logfile_path': 'C:\\venv\\mpf\\mmmdrop\\logs\\2025-10-10-21-17-40-mpf-PinballLaptop.log'}
2025-10-10 21:17:40,742 : INFO : Machine : MPF path: c:\venv\mpf\lib\site-packages\mpf
2025-10-10 21:17:40,742 : INFO : Machine : Machine path: C:\venv\mpf\mmmdrop
2025-10-10 21:17:40,742 : INFO : Machine : Platform: win32
2025-10-10 21:17:40,742 : INFO : Machine : Python executable location: c:\venv\mpf\Scripts\python.exe
2025-10-10 21:17:40,742 : INFO : Machine : Python version: 3.9.13 (64-bit)
2025-10-10 21:17:40,744 : INFO : Machine : Initializing MPF...
2025-10-10 21:17:40,958 : INFO : EventManager : Event: ======'machine_var_credits_string'====== Args={'value': 'FREE PLAY', 'prev_value': None, 'change': True}
2025-10-10 21:17:40,991 : INFO : EventManager : Event: ======'machine_var_fast_audio_headphones_volume'====== Args={'value': 10, 'prev_value': None, 'change': True}
2025-10-10 21:17:40,992 : INFO : EventManager : Event: ======'machine_var_fast_audio_main_volume'====== Args={'value': 44, 'prev_value': None, 'change': True}
2025-10-10 21:17:40,992 : INFO : EventManager : Event: ======'machine_var_master_volume'====== Args={'value': 0.15, 'prev_value': None, 'change': True}
2025-10-10 21:17:40,992 : INFO : EventManager : Event: ======'machine_var_player1_score'====== Args={'value': 2075720, 'prev_value': None, 'change': True}
2025-10-10 21:17:40,992 : INFO : EventManager : Event: ======'machine_var_mpf_version'====== Args={'value': 'Mission Pinball Framework v0.80.0.dev9', 'prev_value': None, 'change': True}
2025-10-10 21:17:40,992 : INFO : EventManager : Event: ======'machine_var_mpf_extended_version'====== Args={'value': 'Mission Pinball Framework v0.80.0.dev9, Config version:6, Show version: 6, BCP version:1.1', 'prev_value': None, 'change': True}
2025-10-10 21:17:40,992 : INFO : EventManager : Event: ======'machine_var_python_version'====== Args={'value': '3.9.13', 'prev_value': None, 'change': True}
2025-10-10 21:17:41,043 : INFO : EventManager : Event: ======'machine_var_platform'====== Args={'value': 'Windows-10-10.0.26100-SP0', 'prev_value': None, 'change': True}
2025-10-10 21:17:41,044 : INFO : EventManager : Event: ======'machine_var_platform_system'====== Args={'value': 'Windows', 'prev_value': None, 'change': True}
2025-10-10 21:17:41,044 : INFO : EventManager : Event: ======'machine_var_platform_release'====== Args={'value': '10', 'prev_value': None, 'change': True}
2025-10-10 21:17:41,044 : INFO : EventManager : Event: ======'machine_var_platform_version'====== Args={'value': '10.0.26100', 'prev_value': None, 'change': True}
2025-10-10 21:17:41,044 : INFO : EventManager : Event: ======'machine_var_platform_machine'====== Args={'value': 'AMD64', 'prev_value': None, 'change': True}
2025-10-10 21:17:41,044 : INFO : EventManager : Event: ======'machine_var_log_file_path'====== Args={'value': 'C:\\venv\\mpf\\mmmdrop\\logs\\2025-10-10-21-17-40-mpf-PinballLaptop.log', 'prev_value': None, 'change': True}
2025-10-10 21:17:41,044 : INFO : EventManager : Event: ======'init_phase_1'====== Args={}
2025-10-10 21:17:41,084 : INFO : EventManager : Event: ======'drop_target_bank_three_bank_up'====== Args={}
2025-10-10 21:17:41,084 : INFO : EventManager : Event: ======'init_phase_2'====== Args={}
2025-10-10 21:17:41,085 : INFO : SwitchController : Found active switch: ('3208-0', <Platform.SmartVirtual>) <switch.s_trough1>
2025-10-10 21:17:41,085 : INFO : SwitchController : Found active switch: ('3208-1', <Platform.SmartVirtual>) <switch.s_trough2>
2025-10-10 21:17:41,085 : INFO : SwitchController : Found active switch: ('3208-2', <Platform.SmartVirtual>) <switch.s_trough3>
2025-10-10 21:17:41,085 : INFO : SwitchController : Found active switch: ('3208-3', <Platform.SmartVirtual>) <switch.s_trough4>
2025-10-10 21:17:41,085 : INFO : SwitchController : Found active switch: ('3208-4', <Platform.SmartVirtual>) <switch.s_trough5>
2025-10-10 21:17:41,085 : INFO : SwitchController : Found active switch: ('3208-5', <Platform.SmartVirtual>) <switch.s_trough6>
2025-10-10 21:17:41,093 : INFO : EventManager : Event: ======'bcp_connection_attempt'====== Args={'name': 'local_display', 'host': 'localhost', 'port': 5050}
2025-10-10 21:17:41,095 : INFO : BCPClientSocket : Connecting BCP to 'local_display' at localhost:5050...
2025-10-10 21:17:47,336 : INFO : BCPClientSocket : Connected BCP to 'local_display' localhost:5050
2025-10-10 21:17:47,337 : INFO : EventManager : Event: ======'bcp_clients_connected'====== Args={}
2025-10-10 21:17:47,469 : INFO : ball_device.bd_trough : BCH: Initial count: 6
2025-10-10 21:17:47,471 : INFO : ball_device.bd_trough : State: idle
2025-10-10 21:17:47,472 : INFO : ball_device.bd_plunger : BCH: Initial count: 0
2025-10-10 21:17:47,472 : INFO : ball_device.bd_plunger : State: idle
2025-10-10 21:17:47,472 : INFO : ball_device.bd_scoop : BCH: Initial count: 0
2025-10-10 21:17:47,473 : INFO : ball_device.bd_scoop : State: idle
2025-10-10 21:17:47,492 : INFO : EventManager : Event: ======'init_phase_3'====== Args={}
2025-10-10 21:17:47,497 : INFO : EventManager : Event: ======'init_phase_4'====== Args={}
2025-10-10 21:17:47,497 : INFO : BallController : Initial balls found: 6
2025-10-10 21:17:47,499 : INFO : EventManager : Event: ======'machine_var_audits_events_game_ended'====== Args={'value': 37, 'prev_value': None, 'change': True}
2025-10-10 21:17:47,500 : INFO : EventManager : Event: ======'machine_var_audits_events_game_started'====== Args={'value': 355, 'prev_value': None, 'change': True}
2025-10-10 21:17:47,500 : INFO : EventManager : Event: ======'machine_var_audits_missing_switches_s_captive_ball'====== Args={'value': 8, 'prev_value': None, 'change': True}
2025-10-10 21:17:47,500 : INFO : EventManager : Event: ======'machine_var_audits_missing_switches_s_center_upper_pop'====== Args={'value': 11, 'prev_value': None, 'change': True}
2025-10-10 21:17:47,500 : INFO : EventManager : Event: ======'machine_var_audits_missing_switches_s_inner_orbit'====== Args={'value': 11, 'prev_value': None, 'change': True}
2025-10-10 21:17:47,500 : INFO : EventManager : Event: ======'machine_var_audits_missing_switches_s_left_flipper'====== Args={'value': 65, 'prev_value': None, 'change': True}
2025-10-10 21:17:47,500 : INFO : EventManager : Event: ======'machine_var_audits_missing_switches_s_left_inlane'====== Args={'value': 11, 'prev_value': None, 'change': True}
2025-10-10 21:17:47,501 : INFO : EventManager : Event: ======'machine_var_audits_missing_switches_s_left_orbit'====== Args={'value': 8, 'prev_value': None, 'change': True}
2025-10-10 21:17:47,501 : INFO : EventManager : Event: ======'machine_var_audits_missing_switches_s_left_outlane'====== Args={'value': 99, 'prev_value': None, 'change': True}
2025-10-10 21:17:47,501 : INFO : EventManager : Event: ======'machine_var_audits_missing_switches_s_left_ramp'====== Args={'value': 8, 'prev_value': None, 'change': True}
2025-10-10 21:17:47,501 : INFO : EventManager : Event: ======'machine_var_audits_missing_switches_s_left_slingshot'====== Args={'value': 281, 'prev_value': None, 'change': True}
2025-10-10 21:17:47,501 : INFO : EventManager : Event: ======'machine_var_audits_missing_switches_s_left_upper_pop'====== Args={'value': 11, 'prev_value': None, 'change': True}
2025-10-10 21:17:47,501 : INFO : EventManager : Event: ======'machine_var_audits_missing_switches_s_pop_standup'====== Args={'value': 8, 'prev_value': None, 'change': True}
2025-10-10 21:17:47,501 : INFO : EventManager : Event: ======'machine_var_audits_missing_switches_s_right_flipper'====== Args={'value': 65, 'prev_value': None, 'change': True}
2025-10-10 21:17:47,501 : INFO : EventManager : Event: ======'machine_var_audits_missing_switches_s_right_inlane'====== Args={'value': 11, 'prev_value': None, 'change': True}
2025-10-10 21:17:47,501 : INFO : EventManager : Event: ======'machine_var_audits_missing_switches_s_right_lower_pop'====== Args={'value': 2, 'prev_value': None, 'change': True}
2025-10-10 21:17:47,501 : INFO : EventManager : Event: ======'machine_var_audits_missing_switches_s_right_orbit'====== Args={'value': 8, 'prev_value': None, 'change': True}
2025-10-10 21:17:47,501 : INFO : EventManager : Event: ======'machine_var_audits_missing_switches_s_right_outlane'====== Args={'value': 166, 'prev_value': None, 'change': True}
2025-10-10 21:17:47,501 : INFO : EventManager : Event: ======'machine_var_audits_missing_switches_s_right_ramp'====== Args={'value': 8, 'prev_value': None, 'change': True}
2025-10-10 21:17:47,501 : INFO : EventManager : Event: ======'machine_var_audits_missing_switches_s_right_slingshot'====== Args={'value': 131, 'prev_value': None, 'change': True}
2025-10-10 21:17:47,502 : INFO : EventManager : Event: ======'machine_var_audits_missing_switches_s_scoop'====== Args={'value': 8, 'prev_value': None, 'change': True}
2025-10-10 21:17:47,502 : INFO : EventManager : Event: ======'machine_var_audits_missing_switches_s_spinner'====== Args={'value': 9, 'prev_value': None, 'change': True}
2025-10-10 21:17:47,502 : INFO : EventManager : Event: ======'machine_var_audits_missing_switches_s_start'====== Args={'value': 64, 'prev_value': None, 'change': True}
2025-10-10 21:17:47,502 : INFO : EventManager : Event: ======'machine_var_audits_missing_switches_s_three_bank_bottom'====== Args={'value': 1, 'prev_value': None, 'change': True}
2025-10-10 21:17:47,502 : INFO : EventManager : Event: ======'machine_var_audits_missing_switches_s_three_bank_middle'====== Args={'value': 1, 'prev_value': None, 'change': True}
2025-10-10 21:17:47,502 : INFO : EventManager : Event: ======'machine_var_audits_missing_switches_s_three_bank_standup'====== Args={'value': 1, 'prev_value': None, 'change': True}
2025-10-10 21:17:47,502 : INFO : EventManager : Event: ======'machine_var_audits_missing_switches_s_three_bank_top'====== Args={'value': 1, 'prev_value': None, 'change': True}
2025-10-10 21:17:47,502 : INFO : EventManager : Event: ======'machine_var_audits_missing_switches_s_tilt_bob'====== Args={'value': 289, 'prev_value': None, 'change': True}
2025-10-10 21:17:47,503 : INFO : EventManager : Event: ======'machine_var_audits_missing_switches_s_top_right_flipper'====== Args={'value': 281, 'prev_value': None, 'change': True}
2025-10-10 21:17:47,503 : INFO : EventManager : Event: ======'machine_var_audits_missing_switches_s_trough1'====== Args={'value': 15, 'prev_value': None, 'change': True}
2025-10-10 21:17:47,503 : INFO : EventManager : Event: ======'machine_var_audits_missing_switches_s_trough2'====== Args={'value': 1, 'prev_value': None, 'change': True}
2025-10-10 21:17:47,503 : INFO : EventManager : Event: ======'machine_var_audits_missing_switches_s_trough3'====== Args={'value': 1, 'prev_value': None, 'change': True}
2025-10-10 21:17:47,503 : INFO : EventManager : Event: ======'machine_var_audits_missing_switches_s_trough4'====== Args={'value': 280, 'prev_value': None, 'change': True}
2025-10-10 21:17:47,503 : INFO : EventManager : Event: ======'machine_var_audits_missing_switches_s_trough5'====== Args={'value': 280, 'prev_value': None, 'change': True}
2025-10-10 21:17:47,503 : INFO : EventManager : Event: ======'machine_var_audits_missing_switches_s_trough6'====== Args={'value': 130, 'prev_value': None, 'change': True}
2025-10-10 21:17:47,503 : INFO : EventManager : Event: ======'machine_var_audits_missing_switches_s_trough_jam'====== Args={'value': 281, 'prev_value': None, 'change': True}
2025-10-10 21:17:47,503 : INFO : EventManager : Event: ======'machine_var_audits_missing_switches_s_tshirt_bottom_standup'====== Args={'value': 127, 'prev_value': None, 'change': True}
2025-10-10 21:17:47,503 : INFO : EventManager : Event: ======'machine_var_audits_missing_switches_s_tshirt_top_standup'====== Args={'value': 106, 'prev_value': None, 'change': True}
2025-10-10 21:17:47,503 : INFO : EventManager : Event: ======'machine_var_audits_missing_switches_s_upper_pop_standup'====== Args={'value': 281, 'prev_value': None, 'change': True}
2025-10-10 21:17:47,503 : INFO : EventManager : Event: ======'machine_var_audits_missing_switches_service_esc'====== Args={'value': 1, 'prev_value': None, 'change': True}
2025-10-10 21:17:47,503 : INFO : EventManager : Event: ======'machine_var_audits_player_score'====== Args={'value': {'average': 70949, 'top': [2075720, 140190, 55679, 54526, 46225, 25350, 24166, 23278, 22740, 20422], 'total': 38}, 'prev_value': None, 'change': True}
2025-10-10 21:17:47,503 : INFO : EventManager : Event: ======'machine_var_audits_shots_skill_captive'====== Args={'value': 16, 'prev_value': None, 'change': True}
2025-10-10 21:17:47,504 : INFO : EventManager : Event: ======'machine_var_audits_shots_skill_drop_targets'====== Args={'value': 137, 'prev_value': None, 'change': True}
2025-10-10 21:17:47,504 : INFO : EventManager : Event: ======'machine_var_audits_shots_skill_side_targets'====== Args={'value': 27, 'prev_value': None, 'change': True}
2025-10-10 21:17:47,504 : INFO : EventManager : Event: ======'machine_var_audits_switches_s_captive_ball'====== Args={'value': 184, 'prev_value': None, 'change': True}
2025-10-10 21:17:47,504 : INFO : EventManager : Event: ======'machine_var_audits_switches_s_center_upper_pop'====== Args={'value': 203, 'prev_value': None, 'change': True}
2025-10-10 21:17:47,504 : INFO : EventManager : Event: ======'machine_var_audits_switches_s_inner_orbit'====== Args={'value': 1, 'prev_value': None, 'change': True}
2025-10-10 21:17:47,504 : INFO : EventManager : Event: ======'machine_var_audits_switches_s_left_flipper'====== Args={'value': 1247, 'prev_value': None, 'change': True}
2025-10-10 21:17:47,504 : INFO : EventManager : Event: ======'machine_var_audits_switches_s_left_inlane'====== Args={'value': 111, 'prev_value': None, 'change': True}
2025-10-10 21:17:47,504 : INFO : EventManager : Event: ======'machine_var_audits_switches_s_left_orbit'====== Args={'value': 55, 'prev_value': None, 'change': True}
2025-10-10 21:17:47,504 : INFO : EventManager : Event: ======'machine_var_audits_switches_s_left_outlane'====== Args={'value': 56, 'prev_value': None, 'change': True}
2025-10-10 21:17:47,504 : INFO : EventManager : Event: ======'machine_var_audits_switches_s_left_ramp'====== Args={'value': 100, 'prev_value': None, 'change': True}
2025-10-10 21:17:47,505 : INFO : EventManager : Event: ======'machine_var_audits_switches_s_left_slingshot'====== Args={'value': 259, 'prev_value': None, 'change': True}
2025-10-10 21:17:47,505 : INFO : EventManager : Event: ======'machine_var_audits_switches_s_left_upper_pop'====== Args={'value': 157, 'prev_value': None, 'change': True}
2025-10-10 21:17:47,505 : INFO : EventManager : Event: ======'machine_var_audits_switches_s_plunger'====== Args={'value': 945, 'prev_value': None, 'change': True}
2025-10-10 21:17:47,505 : INFO : EventManager : Event: ======'machine_var_audits_switches_s_pop_standup'====== Args={'value': 94, 'prev_value': None, 'change': True}
2025-10-10 21:17:47,505 : INFO : EventManager : Event: ======'machine_var_audits_switches_s_right_flipper'====== Args={'value': 1521, 'prev_value': None, 'change': True}
2025-10-10 21:17:47,505 : INFO : EventManager : Event: ======'machine_var_audits_switches_s_right_inlane'====== Args={'value': 107, 'prev_value': None, 'change': True}
2025-10-10 21:17:47,505 : INFO : EventManager : Event: ======'machine_var_audits_switches_s_right_lower_pop'====== Args={'value': 493, 'prev_value': None, 'change': True}
2025-10-10 21:17:47,505 : INFO : EventManager : Event: ======'machine_var_audits_switches_s_right_orbit'====== Args={'value': 57, 'prev_value': None, 'change': True}
2025-10-10 21:17:47,506 : INFO : EventManager : Event: ======'machine_var_audits_switches_s_right_outlane'====== Args={'value': 53, 'prev_value': None, 'change': True}
2025-10-10 21:17:47,506 : INFO : EventManager : Event: ======'machine_var_audits_switches_s_right_ramp'====== Args={'value': 106, 'prev_value': None, 'change': True}
2025-10-10 21:17:47,506 : INFO : EventManager : Event: ======'machine_var_audits_switches_s_right_slingshot'====== Args={'value': 366, 'prev_value': None, 'change': True}
2025-10-10 21:17:47,506 : INFO : EventManager : Event: ======'machine_var_audits_switches_s_scoop'====== Args={'value': 272, 'prev_value': None, 'change': True}
2025-10-10 21:17:47,506 : INFO : EventManager : Event: ======'machine_var_audits_switches_s_spinner'====== Args={'value': 1555, 'prev_value': None, 'change': True}
2025-10-10 21:17:47,506 : INFO : EventManager : Event: ======'machine_var_audits_switches_s_start'====== Args={'value': 56, 'prev_value': None, 'change': True}
2025-10-10 21:17:47,506 : INFO : EventManager : Event: ======'machine_var_audits_switches_s_three_bank_bottom'====== Args={'value': 353, 'prev_value': None, 'change': True}
2025-10-10 21:17:47,506 : INFO : EventManager : Event: ======'machine_var_audits_switches_s_three_bank_middle'====== Args={'value': 396, 'prev_value': None, 'change': True}
2025-10-10 21:17:47,506 : INFO : EventManager : Event: ======'machine_var_audits_switches_s_three_bank_standup'====== Args={'value': 211, 'prev_value': None, 'change': True}
2025-10-10 21:17:47,506 : INFO : EventManager : Event: ======'machine_var_audits_switches_s_three_bank_top'====== Args={'value': 389, 'prev_value': None, 'change': True}
2025-10-10 21:17:47,506 : INFO : EventManager : Event: ======'machine_var_audits_switches_s_tilt_bob'====== Args={'value': 21, 'prev_value': None, 'change': True}
2025-10-10 21:17:47,506 : INFO : EventManager : Event: ======'machine_var_audits_switches_s_top_right_flipper'====== Args={'value': 1294, 'prev_value': None, 'change': True}
2025-10-10 21:17:47,507 : INFO : EventManager : Event: ======'machine_var_audits_switches_s_trough1'====== Args={'value': 264, 'prev_value': None, 'change': True}
2025-10-10 21:17:47,507 : INFO : EventManager : Event: ======'machine_var_audits_switches_s_trough2'====== Args={'value': 283, 'prev_value': None, 'change': True}
2025-10-10 21:17:47,507 : INFO : EventManager : Event: ======'machine_var_audits_switches_s_trough3'====== Args={'value': 217, 'prev_value': None, 'change': True}
2025-10-10 21:17:47,507 : INFO : EventManager : Event: ======'machine_var_audits_switches_s_trough4'====== Args={'value': 160, 'prev_value': None, 'change': True}
2025-10-10 21:17:47,507 : INFO : EventManager : Event: ======'machine_var_audits_switches_s_trough5'====== Args={'value': 160, 'prev_value': None, 'change': True}
2025-10-10 21:17:47,507 : INFO : EventManager : Event: ======'machine_var_audits_switches_s_trough6'====== Args={'value': 161, 'prev_value': None, 'change': True}
2025-10-10 21:17:47,507 : INFO : EventManager : Event: ======'machine_var_audits_switches_s_trough_jam'====== Args={'value': 206, 'prev_value': None, 'change': True}
2025-10-10 21:17:47,508 : INFO : EventManager : Event: ======'machine_var_audits_switches_s_tshirt_bottom_standup'====== Args={'value': 31, 'prev_value': None, 'change': True}
2025-10-10 21:17:47,508 : INFO : EventManager : Event: ======'machine_var_audits_switches_s_tshirt_top_standup'====== Args={'value': 58, 'prev_value': None, 'change': True}
2025-10-10 21:17:47,509 : INFO : EventManager : Event: ======'machine_var_audits_switches_s_upper_pop_standup'====== Args={'value': 158, 'prev_value': None, 'change': True}
2025-10-10 21:17:47,509 : INFO : EventManager : Event: ======'machine_var_audits_switches_service_down'====== Args={'value': 1, 'prev_value': None, 'change': True}
2025-10-10 21:17:47,509 : INFO : EventManager : Event: ======'machine_var_audits_switches_service_enter'====== Args={'value': 2, 'prev_value': None, 'change': True}
2025-10-10 21:17:47,509 : INFO : EventManager : Event: ======'machine_var_audits_switches_service_esc'====== Args={'value': 0, 'prev_value': None, 'change': True}
2025-10-10 21:17:47,509 : INFO : EventManager : Event: ======'machine_var_audits_switches_service_up'====== Args={'value': 2, 'prev_value': None, 'change': True}
2025-10-10 21:17:47,509 : INFO : EventManager : Event: ======'machine_var_audits_switches_s_service_up'====== Args={'value': 0, 'prev_value': None, 'change': True}
2025-10-10 21:17:47,509 : INFO : EventManager : Event: ======'machine_var_audits_switches_s_service_down'====== Args={'value': 0, 'prev_value': None, 'change': True}
2025-10-10 21:17:47,509 : INFO : EventManager : Event: ======'machine_var_audits_switches_s_service_enter'====== Args={'value': 0, 'prev_value': None, 'change': True}
2025-10-10 21:17:47,509 : INFO : EventManager : Event: ======'machine_var_audits_switches_s_service_esc'====== Args={'value': 0, 'prev_value': None, 'change': True}
2025-10-10 21:17:47,510 : INFO : EventManager : Event: ======'init_phase_5'====== Args={}
2025-10-10 21:17:47,566 : INFO : EventManager : Event: ======'init_done'====== Args={}
2025-10-10 21:17:47,567 : INFO : EventManager : Event: ======'machine_reset_phase_1'====== Args={}
2025-10-10 21:17:47,576 : INFO : EventManager : Event: ======'machine_reset_phase_2'====== Args={}
2025-10-10 21:17:47,576 : INFO : EventManager : Event: ======'machine_reset_phase_3'====== Args={}
2025-10-10 21:17:47,576 : INFO : drop_target_bank.three_bank : All targets are already up. Will not reset bank.
2025-10-10 21:17:47,576 : INFO : EventManager : Event: ======'reset_complete'====== Args={}
2025-10-10 21:17:47,576 : INFO : EventManager : Event: ======'mode_service_will_start'====== Args={}
2025-10-10 21:17:47,577 : INFO : EventManager : Event: ======'mode_service_starting'====== Args={}
2025-10-10 21:17:47,577 : INFO : EventManager : Event: ======'mode_attract_will_start'====== Args={}
2025-10-10 21:17:47,579 : INFO : EventManager : Event: ======'mode_attract_starting'====== Args={}
2025-10-10 21:17:47,579 : INFO : Mode.attract : Started. Priority: 10
2025-10-10 21:17:47,579 : INFO : EventManager : Event: ======'modes_active_modes_changed'====== Args={}
2025-10-10 21:17:47,579 : INFO : EventManager : Event: ======'mode_attract_started'====== Args={}
2025-10-10 21:17:47,580 : INFO : EventManager : Event: ======'collecting_balls_complete'====== Args={}
2025-10-10 21:17:47,580 : INFO : Mode.service : Started. Priority: 100000
2025-10-10 21:17:47,580 : INFO : EventManager : Event: ======'modes_active_modes_changed'====== Args={}
2025-10-10 21:17:47,581 : INFO : EventManager : Event: ======'mode_service_started'====== Args={}
2025-10-10 21:17:47,601 : INFO : Machine : Starting the main run loop with active modes: [<Mode.service>, <Mode.attract>]
2025-10-10 21:17:47,604 : INFO : EventManager : Event: ======'slide_loading_created'====== Args={'_from_bcp': True}
2025-10-10 21:17:47,604 : INFO : EventManager : Event: ======'slide__removed'====== Args={'_from_bcp': True}
2025-10-10 21:17:47,606 : INFO : EventManager : Event: ======'slide_loading_active'====== Args={'original_context': '_global', 'original_calling_context': 'init_done', 'priority': 0.0, 'cmd': 'slides_play', '_from_bcp': True}
2025-10-10 21:17:47,684 : INFO : EventManager : Event: ======'slide_attract_created'====== Args={'_from_bcp': True}
2025-10-10 21:17:47,685 : INFO : EventManager : Event: ======'slide_loading_inactive'====== Args={'is_removing': True, '_from_bcp': True}
2025-10-10 21:17:47,685 : INFO : EventManager : Event: ======'slide_attract_active'====== Args={'original_context': 'attract', 'original_calling_context': 'mode_attract_started', 'priority': 10.0, 'cmd': 'slides_play', '_from_bcp': True}
2025-10-10 21:17:47,686 : INFO : EventManager : Event: ======'slide_loading_removed'====== Args={'_from_bcp': True}
2025-10-10 21:17:52,417 : INFO : SwitchController : <<<<<<< 's_service_enter' active >>>>>>>
2025-10-10 21:17:52,417 : INFO : EventManager : Event: ======'sw_service_enter_active'====== Args={}
2025-10-10 21:17:52,420 : INFO : service : Entered service mode. Resetting game if running. Resetting hardware interface now.
2025-10-10 21:17:52,421 : INFO : EventManager : Event: ======'mode_attract_will_stop'====== Args={}
2025-10-10 21:17:52,421 : INFO : EventManager : Event: ======'mode_attract_stopping'====== Args={}
2025-10-10 21:17:52,421 : INFO : EventManager : Event: ======'service_mode_entered'====== Args={}
2025-10-10 21:17:52,421 : INFO : EventManager : Event: ======'service_main_menu'====== Args={}
2025-10-10 21:17:52,422 : INFO : Mode.attract : Stopped.
2025-10-10 21:17:52,422 : INFO : EventManager : Event: ======'modes_active_modes_changed'====== Args={}
2025-10-10 21:17:52,422 : INFO : EventManager : Event: ======'mode_attract_stopped'====== Args={}
2025-10-10 21:17:52,422 : INFO : EventManager : Event: ======'clear'====== Args={'key': 'attract'}
2025-10-10 21:17:52,505 : INFO : EventManager : Event: ======'slide_service_created'====== Args={'_from_bcp': True}
2025-10-10 21:17:52,505 : INFO : EventManager : Event: ======'slide_attract_inactive'====== Args={'is_removing': True, '_from_bcp': True}
2025-10-10 21:17:52,505 : INFO : EventManager : Event: ======'slide_service_active'====== Args={'_from_bcp': True}
2025-10-10 21:17:52,516 : INFO : EventManager : Event: ======'slide_attract_removed'====== Args={'_from_bcp': True}
2025-10-10 21:17:52,522 : INFO : SwitchController : <<<<<<< 's_service_enter' inactive >>>>>>>
2025-10-10 21:18:06,105 : INFO : SwitchController : <<<<<<< 's_service_down' active >>>>>>>
2025-10-10 21:18:06,105 : INFO : EventManager : Event: ======'sw_service_down_active'====== Args={}
2025-10-10 21:18:06,108 : INFO : EventManager : Event: ======'service_button'====== Args={'button': 'DOWN'}
2025-10-10 21:18:06,272 : INFO : SwitchController : <<<<<<< 's_service_down' inactive >>>>>>>
2025-10-10 21:18:06,387 : INFO : SwitchController : <<<<<<< 's_service_up' active >>>>>>>
2025-10-10 21:18:06,387 : INFO : EventManager : Event: ======'sw_service_up_active'====== Args={}
2025-10-10 21:18:06,390 : INFO : EventManager : Event: ======'service_button'====== Args={'button': 'UP'}
2025-10-10 21:18:06,537 : INFO : SwitchController : <<<<<<< 's_service_up' inactive >>>>>>>
2025-10-10 21:18:06,811 : INFO : SwitchController : <<<<<<< 's_service_up' active >>>>>>>
2025-10-10 21:18:06,811 : INFO : EventManager : Event: ======'sw_service_up_active'====== Args={}
2025-10-10 21:18:06,815 : INFO : EventManager : Event: ======'service_button'====== Args={'button': 'UP'}
2025-10-10 21:18:06,954 : INFO : SwitchController : <<<<<<< 's_service_up' inactive >>>>>>>
2025-10-10 21:18:07,203 : INFO : SwitchController : <<<<<<< 's_service_down' active >>>>>>>
2025-10-10 21:18:07,203 : INFO : EventManager : Event: ======'sw_service_down_active'====== Args={}
2025-10-10 21:18:07,206 : INFO : EventManager : Event: ======'service_button'====== Args={'button': 'DOWN'}
2025-10-10 21:18:07,386 : INFO : SwitchController : <<<<<<< 's_service_down' inactive >>>>>>>
2025-10-10 21:18:07,536 : INFO : SwitchController : <<<<<<< 's_service_down' active >>>>>>>
2025-10-10 21:18:07,536 : INFO : EventManager : Event: ======'sw_service_down_active'====== Args={}
2025-10-10 21:18:07,540 : INFO : EventManager : Event: ======'service_button'====== Args={'button': 'DOWN'}
2025-10-10 21:18:07,687 : INFO : SwitchController : <<<<<<< 's_service_down' inactive >>>>>>>
2025-10-10 21:18:07,825 : INFO : SwitchController : <<<<<<< 's_service_down' active >>>>>>>
2025-10-10 21:18:07,826 : INFO : EventManager : Event: ======'sw_service_down_active'====== Args={}
2025-10-10 21:18:07,829 : INFO : EventManager : Event: ======'service_button'====== Args={'button': 'DOWN'}
2025-10-10 21:18:08,036 : INFO : SwitchController : <<<<<<< 's_service_down' inactive >>>>>>>
2025-10-10 21:18:08,186 : INFO : SwitchController : <<<<<<< 's_service_down' active >>>>>>>
2025-10-10 21:18:08,186 : INFO : EventManager : Event: ======'sw_service_down_active'====== Args={}
2025-10-10 21:18:08,189 : INFO : EventManager : Event: ======'service_button'====== Args={'button': 'DOWN'}
2025-10-10 21:18:08,369 : INFO : SwitchController : <<<<<<< 's_service_down' inactive >>>>>>>
2025-10-10 21:18:08,519 : INFO : SwitchController : <<<<<<< 's_service_down' active >>>>>>>
2025-10-10 21:18:08,519 : INFO : EventManager : Event: ======'sw_service_down_active'====== Args={}
2025-10-10 21:18:08,522 : INFO : EventManager : Event: ======'service_button'====== Args={'button': 'DOWN'}
2025-10-10 21:18:08,703 : INFO : SwitchController : <<<<<<< 's_service_down' inactive >>>>>>>
2025-10-10 21:18:08,836 : INFO : SwitchController : <<<<<<< 's_service_up' active >>>>>>>
2025-10-10 21:18:08,836 : INFO : EventManager : Event: ======'sw_service_up_active'====== Args={}
2025-10-10 21:18:08,839 : INFO : EventManager : Event: ======'service_button'====== Args={'button': 'UP'}
2025-10-10 21:18:09,001 : INFO : SwitchController : <<<<<<< 's_service_up' inactive >>>>>>>
2025-10-10 21:18:09,168 : INFO : SwitchController : <<<<<<< 's_service_up' active >>>>>>>
2025-10-10 21:18:09,168 : INFO : EventManager : Event: ======'sw_service_up_active'====== Args={}
2025-10-10 21:18:09,171 : INFO : EventManager : Event: ======'service_button'====== Args={'button': 'UP'}
2025-10-10 21:18:09,301 : INFO : SwitchController : <<<<<<< 's_service_up' inactive >>>>>>>
2025-10-10 21:18:09,751 : INFO : SwitchController : <<<<<<< 's_service_down' active >>>>>>>
2025-10-10 21:18:09,751 : INFO : EventManager : Event: ======'sw_service_down_active'====== Args={}
2025-10-10 21:18:09,755 : INFO : EventManager : Event: ======'service_button'====== Args={'button': 'DOWN'}
2025-10-10 21:18:09,901 : INFO : SwitchController : <<<<<<< 's_service_down' inactive >>>>>>>
2025-10-10 21:18:10,017 : INFO : SwitchController : <<<<<<< 's_service_down' active >>>>>>>
2025-10-10 21:18:10,017 : INFO : EventManager : Event: ======'sw_service_down_active'====== Args={}
2025-10-10 21:18:10,020 : INFO : EventManager : Event: ======'service_button'====== Args={'button': 'DOWN'}
2025-10-10 21:18:10,200 : INFO : SwitchController : <<<<<<< 's_service_down' inactive >>>>>>>
2025-10-10 21:18:10,383 : INFO : SwitchController : <<<<<<< 's_service_up' active >>>>>>>
2025-10-10 21:18:10,383 : INFO : EventManager : Event: ======'sw_service_up_active'====== Args={}
2025-10-10 21:18:10,386 : INFO : EventManager : Event: ======'service_button'====== Args={'button': 'UP'}
2025-10-10 21:18:10,500 : INFO : SwitchController : <<<<<<< 's_service_up' inactive >>>>>>>
2025-10-10 21:18:11,599 : INFO : SwitchController : <<<<<<< 's_service_down' active >>>>>>>
2025-10-10 21:18:11,600 : INFO : EventManager : Event: ======'sw_service_down_active'====== Args={}
2025-10-10 21:18:11,602 : INFO : EventManager : Event: ======'service_button'====== Args={'button': 'DOWN'}
2025-10-10 21:18:11,806 : INFO : SwitchController : <<<<<<< 's_service_down' inactive >>>>>>>
2025-10-10 21:18:12,900 : INFO : SwitchController : <<<<<<< 's_service_up' active >>>>>>>
2025-10-10 21:18:12,900 : INFO : EventManager : Event: ======'sw_service_up_active'====== Args={}
2025-10-10 21:18:12,902 : INFO : EventManager : Event: ======'service_button'====== Args={'button': 'UP'}
2025-10-10 21:18:13,048 : INFO : SwitchController : <<<<<<< 's_service_up' inactive >>>>>>>
2025-10-10 21:18:13,366 : INFO : SwitchController : <<<<<<< 's_service_up' active >>>>>>>
2025-10-10 21:18:13,366 : INFO : EventManager : Event: ======'sw_service_up_active'====== Args={}
2025-10-10 21:18:13,369 : INFO : EventManager : Event: ======'service_button'====== Args={'button': 'UP'}
2025-10-10 21:18:13,515 : INFO : SwitchController : <<<<<<< 's_service_up' inactive >>>>>>>
2025-10-10 21:18:13,840 : INFO : SwitchController : <<<<<<< 's_service_down' active >>>>>>>
2025-10-10 21:18:13,840 : INFO : EventManager : Event: ======'sw_service_down_active'====== Args={}
2025-10-10 21:18:13,844 : INFO : EventManager : Event: ======'service_button'====== Args={'button': 'DOWN'}
2025-10-10 21:18:14,048 : INFO : SwitchController : <<<<<<< 's_service_down' inactive >>>>>>>
2025-10-10 21:18:14,147 : INFO : SwitchController : <<<<<<< 's_service_down' active >>>>>>>
2025-10-10 21:18:14,148 : INFO : EventManager : Event: ======'sw_service_down_active'====== Args={}
2025-10-10 21:18:14,151 : INFO : EventManager : Event: ======'service_button'====== Args={'button': 'DOWN'}
2025-10-10 21:18:14,349 : INFO : SwitchController : <<<<<<< 's_service_down' inactive >>>>>>>
2025-10-10 21:18:16,364 : INFO : Machine : Shutting down...
2025-10-10 21:18:16,364 : INFO : EventManager : Event: ======'shutdown'====== Args={}
2025-10-10 21:18:16,364 : INFO : EventManager : Event: ======'mode_service_will_stop'====== Args={}
2025-10-10 21:18:16,364 : INFO : EventManager : Event: ======'mode_service_stopping'====== Args={}
2025-10-10 21:18:16,365 : INFO : Mode.service : Stopped.
2025-10-10 21:18:16,365 : INFO : EventManager : Event: ======'modes_active_modes_changed'====== Args={}
2025-10-10 21:18:16,365 : INFO : EventManager : Event: ======'mode_service_stopped'====== Args={}
2025-10-10 21:18:16,365 : INFO : EventManager : Event: ======'clear'====== Args={'key': 'service'}
2025-10-10 21:18:16,367 : INFO : root : MPF run loop ended.
