2025-10-20 14:59:25,514 : INFO : root : Loading config.
2025-10-20 14:59:25,521 : INFO : YamlMultifileConfigLoader : Machine config file #1: config.yaml
2025-10-20 14:59:25,523 : INFO : ConfigProcessor : Loading config from cache: C:\Users\sdona\AppData\Local\Temp\19f6d0d7953982fda9d956182316b8e5.mpf_cache
2025-10-20 14:59:25,789 : INFO : ConfigProcessor : Loading config from cache: C:\Users\sdona\AppData\Local\Temp\835b5bfea4be8b279a05e96caaaffbbb.mpf_cache
2025-10-20 14:59:25,791 : INFO : ConfigProcessor : Loading config from cache: C:\Users\sdona\AppData\Local\Temp\9b0a7575388f9d9bd2f6ab87bf9fd2f7.mpf_cache
2025-10-20 14:59:25,792 : INFO : ConfigProcessor : Loading config from cache: C:\Users\sdona\AppData\Local\Temp\c340ec0033d1055cd797ffd5447ef414.mpf_cache
2025-10-20 14:59:25,794 : INFO : ConfigProcessor : Loading config from cache: C:\Users\sdona\AppData\Local\Temp\835b5bfea4be8b279a05e96caaaffbbb.mpf_cache
2025-10-20 14:59:25,795 : INFO : ConfigProcessor : Loading config from cache: C:\Users\sdona\AppData\Local\Temp\8c11a28e3c38d4ad47947b6a126f2ee9.mpf_cache
2025-10-20 14:59:25,797 : INFO : ConfigProcessor : Loading config from cache: C:\Users\sdona\AppData\Local\Temp\e391083cdc9e667060411fe5838e93f2.mpf_cache
2025-10-20 14:59:25,798 : INFO : ConfigProcessor : Loading config from cache: C:\Users\sdona\AppData\Local\Temp\f0c219a993d891ee86dcb7eae47dde67.mpf_cache
2025-10-20 14:59:25,800 : INFO : ConfigProcessor : Loading config from cache: C:\Users\sdona\AppData\Local\Temp\96aa58108928490b129531848cd9b506.mpf_cache
2025-10-20 14:59:25,801 : INFO : ConfigProcessor : Loading config from cache: C:\Users\sdona\AppData\Local\Temp\567636b9d9766e3361204e954a8382da.mpf_cache
2025-10-20 14:59:25,802 : INFO : ConfigProcessor : Loading config from cache: C:\Users\sdona\AppData\Local\Temp\d5ead8dff868c6c4b1faf37537a19bc2.mpf_cache
2025-10-20 14:59:25,805 : WARNING : ConfigProcessor : Config file in cache changed: C:\venv\mpf\mmmdrop\modes\makesomenoise\config\makesomenoise.yaml
2025-10-20 14:59:25,805 : INFO : ConfigProcessor : Loading config from file C:\venv\mpf\mmmdrop\modes\makesomenoise\config\makesomenoise.yaml.
2025-10-20 14:59:25,819 : INFO : ConfigProcessor : Loading config: C:\venv\mpf\mmmdrop\modes\makesomenoise\config\makesomenoise.yaml
2025-10-20 14:59:25,820 : INFO : ConfigProcessor : Config file cache created: C:\Users\sdona\AppData\Local\Temp\112f935d1c2002cb40d3e6e497be9e7c.mpf_cache
2025-10-20 14:59:25,822 : INFO : ConfigProcessor : Loading config from cache: C:\Users\sdona\AppData\Local\Temp\aba0711976820dea629bb4c00b006efc.mpf_cache
2025-10-20 14:59:25,823 : INFO : ConfigProcessor : Loading config from cache: C:\Users\sdona\AppData\Local\Temp\de8ed6c6d4c48d1b5b054ff74222cb35.mpf_cache
2025-10-20 14:59:25,824 : INFO : ConfigProcessor : Loading config from cache: C:\Users\sdona\AppData\Local\Temp\e6b55d6a1c06b0dd6369c964181bf8d3.mpf_cache
2025-10-20 14:59:25,825 : INFO : ConfigProcessor : Loading config from cache: C:\Users\sdona\AppData\Local\Temp\64b6da5876f56fc970400d85dfe882ec.mpf_cache
2025-10-20 14:59:25,828 : INFO : ConfigProcessor : Loading config from cache: C:\Users\sdona\AppData\Local\Temp\b0b8ed4dbd306ac2f063788d81ec6bc4.mpf_cache
2025-10-20 14:59:25,828 : INFO : ConfigProcessor : Loading config from cache: C:\Users\sdona\AppData\Local\Temp\cba807ea4a81180f6dd01afffacec8ed.mpf_cache
2025-10-20 14:59:25,830 : INFO : ConfigProcessor : Loading config from cache: C:\Users\sdona\AppData\Local\Temp\c25e7c71bc90546538d4e68911be6658.mpf_cache
2025-10-20 14:59:25,831 : INFO : ConfigProcessor : Loading config from cache: C:\Users\sdona\AppData\Local\Temp\b7a51086f1e3c926b3977a0d025a1faa.mpf_cache
2025-10-20 14:59:25,832 : INFO : ConfigProcessor : Loading config from cache: C:\Users\sdona\AppData\Local\Temp\479eb3ca656e084fa2e092204a5b8039.mpf_cache
2025-10-20 14:59:25,833 : INFO : ConfigProcessor : Loading config from cache: C:\Users\sdona\AppData\Local\Temp\bdb81eccbf19551abd8bea5fafeca7c0.mpf_cache
2025-10-20 14:59:25,833 : INFO : ConfigProcessor : Loading config from cache: C:\Users\sdona\AppData\Local\Temp\8f065719b93e886777277178babee650.mpf_cache
2025-10-20 14:59:25,835 : INFO : ConfigProcessor : Loading config from cache: C:\Users\sdona\AppData\Local\Temp\7fef0463a0df344c3146c845257ec616.mpf_cache
2025-10-20 14:59:25,836 : INFO : ConfigProcessor : Loading config from cache: C:\Users\sdona\AppData\Local\Temp\a4f333ad36a077996c49298642b6bdcf.mpf_cache
2025-10-20 14:59:25,837 : INFO : ConfigProcessor : Loading config from cache: C:\Users\sdona\AppData\Local\Temp\e8d69d74f27089cda2650299e9916804.mpf_cache
2025-10-20 14:59:25,838 : INFO : ConfigProcessor : Loading config from cache: C:\Users\sdona\AppData\Local\Temp\05530f35bd950f18d27d3fd571d96823.mpf_cache
2025-10-20 14:59:25,839 : INFO : ConfigProcessor : Loading config from cache: C:\Users\sdona\AppData\Local\Temp\8e3ea42c38f2105e0d9462648474c540.mpf_cache
2025-10-20 14:59:25,840 : INFO : ConfigProcessor : Loading config from cache: C:\Users\sdona\AppData\Local\Temp\a61b86d39bcc5a5ea0a5885549542355.mpf_cache
2025-10-20 14:59:25,841 : INFO : Machine : Mission Pinball Framework Core Engine v0.80.0.dev9
2025-10-20 14:59:25,841 : INFO : Machine : Command line arguments: {'no_load_cache': False, 'create_config_cache': True, 'bcp': True, 'configfile': ['config.yaml'], 'force_assets_load': False, 'platform_integration_test': False, 'jsonlogging': False, 'logfile': 'logs\\2025-10-20-14-59-25-mpf-PinballLaptop.log', 'pause': False, 'production': False, 'text_ui': True, 'loglevel': 15, 'consoleloglevel': 20, 'force_platform': 'smart_virtual', 'syslog_address': None, 'full_logfile_path': 'C:\\venv\\mpf\\mmmdrop\\logs\\2025-10-20-14-59-25-mpf-PinballLaptop.log'}
2025-10-20 14:59:25,841 : INFO : Machine : MPF path: c:\venv\mpf\lib\site-packages\mpf
2025-10-20 14:59:25,841 : INFO : Machine : Machine path: C:\venv\mpf\mmmdrop
2025-10-20 14:59:25,841 : INFO : Machine : Platform: win32
2025-10-20 14:59:25,841 : INFO : Machine : Python executable location: c:\venv\mpf\Scripts\python.exe
2025-10-20 14:59:25,841 : INFO : Machine : Python version: 3.9.13 (64-bit)
2025-10-20 14:59:25,844 : INFO : Machine : Initializing MPF...
2025-10-20 14:59:26,255 : INFO : EventManager : Event: ======'machine_var_credits_string'====== Args={'value': 'FREE PLAY', 'prev_value': None, 'change': True}
2025-10-20 14:59:26,302 : INFO : EventManager : Event: ======'machine_var_fast_audio_headphones_volume'====== Args={'value': 10, 'prev_value': None, 'change': True}
2025-10-20 14:59:26,302 : INFO : EventManager : Event: ======'machine_var_fast_audio_main_volume'====== Args={'value': 44, 'prev_value': None, 'change': True}
2025-10-20 14:59:26,302 : INFO : EventManager : Event: ======'machine_var_master_volume'====== Args={'value': 0.55, 'prev_value': None, 'change': True}
2025-10-20 14:59:26,302 : INFO : EventManager : Event: ======'machine_var_player1_score'====== Args={'value': 85092890, 'prev_value': None, 'change': True}
2025-10-20 14:59:26,302 : INFO : EventManager : Event: ======'machine_var_game_just_played'====== Args={'value': 0, 'prev_value': None, 'change': True}
2025-10-20 14:59:26,302 : INFO : EventManager : Event: ======'machine_var_mpf_version'====== Args={'value': 'Mission Pinball Framework v0.80.0.dev9', 'prev_value': None, 'change': True}
2025-10-20 14:59:26,302 : INFO : EventManager : Event: ======'machine_var_mpf_extended_version'====== Args={'value': 'Mission Pinball Framework v0.80.0.dev9, Config version:6, Show version: 6, BCP version:1.1', 'prev_value': None, 'change': True}
2025-10-20 14:59:26,302 : INFO : EventManager : Event: ======'machine_var_python_version'====== Args={'value': '3.9.13', 'prev_value': None, 'change': True}
2025-10-20 14:59:26,340 : INFO : EventManager : Event: ======'machine_var_platform'====== Args={'value': 'Windows-10-10.0.26100-SP0', 'prev_value': None, 'change': True}
2025-10-20 14:59:26,340 : INFO : EventManager : Event: ======'machine_var_platform_system'====== Args={'value': 'Windows', 'prev_value': None, 'change': True}
2025-10-20 14:59:26,341 : INFO : EventManager : Event: ======'machine_var_platform_release'====== Args={'value': '10', 'prev_value': None, 'change': True}
2025-10-20 14:59:26,341 : INFO : EventManager : Event: ======'machine_var_platform_version'====== Args={'value': '10.0.26100', 'prev_value': None, 'change': True}
2025-10-20 14:59:26,341 : INFO : EventManager : Event: ======'machine_var_platform_machine'====== Args={'value': 'AMD64', 'prev_value': None, 'change': True}
2025-10-20 14:59:26,341 : INFO : EventManager : Event: ======'machine_var_log_file_path'====== Args={'value': 'C:\\venv\\mpf\\mmmdrop\\logs\\2025-10-20-14-59-25-mpf-PinballLaptop.log', 'prev_value': None, 'change': True}
2025-10-20 14:59:26,341 : INFO : EventManager : Event: ======'init_phase_1'====== Args={}
2025-10-20 14:59:26,408 : INFO : EventManager : Event: ======'drop_target_bank_three_bank_up'====== Args={}
2025-10-20 14:59:26,410 : INFO : EventManager : Event: ======'init_phase_2'====== Args={}
2025-10-20 14:59:26,410 : INFO : SwitchController : Found active switch: ('3208-0', <Platform.SmartVirtual>) <switch.s_trough1>
2025-10-20 14:59:26,410 : INFO : SwitchController : Found active switch: ('3208-1', <Platform.SmartVirtual>) <switch.s_trough2>
2025-10-20 14:59:26,410 : INFO : SwitchController : Found active switch: ('3208-2', <Platform.SmartVirtual>) <switch.s_trough3>
2025-10-20 14:59:26,410 : INFO : SwitchController : Found active switch: ('3208-3', <Platform.SmartVirtual>) <switch.s_trough4>
2025-10-20 14:59:26,410 : INFO : SwitchController : Found active switch: ('3208-4', <Platform.SmartVirtual>) <switch.s_trough5>
2025-10-20 14:59:26,410 : INFO : SwitchController : Found active switch: ('3208-5', <Platform.SmartVirtual>) <switch.s_trough6>
2025-10-20 14:59:26,428 : INFO : EventManager : Event: ======'bcp_connection_attempt'====== Args={'name': 'local_display', 'host': 'localhost', 'port': 5050}
2025-10-20 14:59:26,432 : INFO : BCPClientSocket : Connecting BCP to 'local_display' at localhost:5050...
2025-10-20 14:59:30,031 : INFO : BCPClientSocket : Connected BCP to 'local_display' localhost:5050
2025-10-20 14:59:30,032 : INFO : EventManager : Event: ======'bcp_clients_connected'====== Args={}
2025-10-20 14:59:30,234 : INFO : ball_device.bd_trough : BCH: Initial count: 6
2025-10-20 14:59:30,299 : INFO : ball_device.bd_trough : State: idle
2025-10-20 14:59:30,300 : INFO : ball_device.bd_plunger : BCH: Initial count: 0
2025-10-20 14:59:30,300 : INFO : ball_device.bd_plunger : State: idle
2025-10-20 14:59:30,301 : INFO : ball_device.bd_scoop : BCH: Initial count: 0
2025-10-20 14:59:30,301 : INFO : ball_device.bd_scoop : State: idle
2025-10-20 14:59:30,322 : INFO : EventManager : Event: ======'init_phase_3'====== Args={}
2025-10-20 14:59:30,335 : INFO : EventManager : Event: ======'init_phase_4'====== Args={}
2025-10-20 14:59:30,335 : INFO : BallController : Initial balls found: 6
2025-10-20 14:59:30,339 : INFO : EventManager : Event: ======'machine_var_audits_events_game_ended'====== Args={'value': 57, 'prev_value': None, 'change': True}
2025-10-20 14:59:30,339 : INFO : EventManager : Event: ======'machine_var_audits_events_game_started'====== Args={'value': 437, 'prev_value': None, 'change': True}
2025-10-20 14:59:30,339 : INFO : EventManager : Event: ======'machine_var_audits_missing_switches_s_captive_ball'====== Args={'value': 1, 'prev_value': None, 'change': True}
2025-10-20 14:59:30,339 : INFO : EventManager : Event: ======'machine_var_audits_missing_switches_s_center_upper_pop'====== Args={'value': 21, 'prev_value': None, 'change': True}
2025-10-20 14:59:30,339 : INFO : EventManager : Event: ======'machine_var_audits_missing_switches_s_inner_orbit'====== Args={'value': 93, 'prev_value': None, 'change': True}
2025-10-20 14:59:30,340 : INFO : EventManager : Event: ======'machine_var_audits_missing_switches_s_left_flipper'====== Args={'value': 1, 'prev_value': None, 'change': True}
2025-10-20 14:59:30,340 : INFO : EventManager : Event: ======'machine_var_audits_missing_switches_s_left_inlane'====== Args={'value': 93, 'prev_value': None, 'change': True}
2025-10-20 14:59:30,340 : INFO : EventManager : Event: ======'machine_var_audits_missing_switches_s_left_orbit'====== Args={'value': 1, 'prev_value': None, 'change': True}
2025-10-20 14:59:30,340 : INFO : EventManager : Event: ======'machine_var_audits_missing_switches_s_left_outlane'====== Args={'value': 181, 'prev_value': None, 'change': True}
2025-10-20 14:59:30,340 : INFO : EventManager : Event: ======'machine_var_audits_missing_switches_s_left_ramp'====== Args={'value': 1, 'prev_value': None, 'change': True}
2025-10-20 14:59:30,341 : INFO : EventManager : Event: ======'machine_var_audits_missing_switches_s_left_slingshot'====== Args={'value': 363, 'prev_value': None, 'change': True}
2025-10-20 14:59:30,341 : INFO : EventManager : Event: ======'machine_var_audits_missing_switches_s_left_upper_pop'====== Args={'value': 21, 'prev_value': None, 'change': True}
2025-10-20 14:59:30,341 : INFO : EventManager : Event: ======'machine_var_audits_missing_switches_s_pop_standup'====== Args={'value': 1, 'prev_value': None, 'change': True}
2025-10-20 14:59:30,341 : INFO : EventManager : Event: ======'machine_var_audits_missing_switches_s_right_flipper'====== Args={'value': 1, 'prev_value': None, 'change': True}
2025-10-20 14:59:30,341 : INFO : EventManager : Event: ======'machine_var_audits_missing_switches_s_right_inlane'====== Args={'value': 93, 'prev_value': None, 'change': True}
2025-10-20 14:59:30,341 : INFO : EventManager : Event: ======'machine_var_audits_missing_switches_s_right_lower_pop'====== Args={'value': 1, 'prev_value': None, 'change': True}
2025-10-20 14:59:30,341 : INFO : EventManager : Event: ======'machine_var_audits_missing_switches_s_right_orbit'====== Args={'value': 1, 'prev_value': None, 'change': True}
2025-10-20 14:59:30,341 : INFO : EventManager : Event: ======'machine_var_audits_missing_switches_s_right_outlane'====== Args={'value': 248, 'prev_value': None, 'change': True}
2025-10-20 14:59:30,341 : INFO : EventManager : Event: ======'machine_var_audits_missing_switches_s_right_ramp'====== Args={'value': 1, 'prev_value': None, 'change': True}
2025-10-20 14:59:30,342 : INFO : EventManager : Event: ======'machine_var_audits_missing_switches_s_right_slingshot'====== Args={'value': 213, 'prev_value': None, 'change': True}
2025-10-20 14:59:30,342 : INFO : EventManager : Event: ======'machine_var_audits_missing_switches_s_scoop'====== Args={'value': 1, 'prev_value': None, 'change': True}
2025-10-20 14:59:30,342 : INFO : EventManager : Event: ======'machine_var_audits_missing_switches_s_service_down'====== Args={'value': 82, 'prev_value': None, 'change': True}
2025-10-20 14:59:30,342 : INFO : EventManager : Event: ======'machine_var_audits_missing_switches_s_service_enter'====== Args={'value': 82, 'prev_value': None, 'change': True}
2025-10-20 14:59:30,342 : INFO : EventManager : Event: ======'machine_var_audits_missing_switches_s_service_esc'====== Args={'value': 82, 'prev_value': None, 'change': True}
2025-10-20 14:59:30,342 : INFO : EventManager : Event: ======'machine_var_audits_missing_switches_s_service_up'====== Args={'value': 55, 'prev_value': None, 'change': True}
2025-10-20 14:59:30,342 : INFO : EventManager : Event: ======'machine_var_audits_missing_switches_s_spinner'====== Args={'value': 26, 'prev_value': None, 'change': True}
2025-10-20 14:59:30,342 : INFO : EventManager : Event: ======'machine_var_audits_missing_switches_s_start'====== Args={'value': 21, 'prev_value': None, 'change': True}
2025-10-20 14:59:30,343 : INFO : EventManager : Event: ======'machine_var_audits_missing_switches_s_three_bank_middle'====== Args={'value': 8, 'prev_value': None, 'change': True}
2025-10-20 14:59:30,343 : INFO : EventManager : Event: ======'machine_var_audits_missing_switches_s_three_bank_standup'====== Args={'value': 21, 'prev_value': None, 'change': True}
2025-10-20 14:59:30,343 : INFO : EventManager : Event: ======'machine_var_audits_missing_switches_s_top_right_flipper'====== Args={'value': 363, 'prev_value': None, 'change': True}
2025-10-20 14:59:30,343 : INFO : EventManager : Event: ======'machine_var_audits_missing_switches_s_trough2'====== Args={'value': 21, 'prev_value': None, 'change': True}
2025-10-20 14:59:30,343 : INFO : EventManager : Event: ======'machine_var_audits_missing_switches_s_trough3'====== Args={'value': 21, 'prev_value': None, 'change': True}
2025-10-20 14:59:30,343 : INFO : EventManager : Event: ======'machine_var_audits_missing_switches_s_trough4'====== Args={'value': 362, 'prev_value': None, 'change': True}
2025-10-20 14:59:30,343 : INFO : EventManager : Event: ======'machine_var_audits_missing_switches_s_trough5'====== Args={'value': 362, 'prev_value': None, 'change': True}
2025-10-20 14:59:30,343 : INFO : EventManager : Event: ======'machine_var_audits_missing_switches_s_trough6'====== Args={'value': 212, 'prev_value': None, 'change': True}
2025-10-20 14:59:30,344 : INFO : EventManager : Event: ======'machine_var_audits_missing_switches_s_trough_jam'====== Args={'value': 363, 'prev_value': None, 'change': True}
2025-10-20 14:59:30,344 : INFO : EventManager : Event: ======'machine_var_audits_missing_switches_s_tshirt_bottom_standup'====== Args={'value': 12, 'prev_value': None, 'change': True}
2025-10-20 14:59:30,344 : INFO : EventManager : Event: ======'machine_var_audits_missing_switches_s_tshirt_top_standup'====== Args={'value': 4, 'prev_value': None, 'change': True}
2025-10-20 14:59:30,344 : INFO : EventManager : Event: ======'machine_var_audits_missing_switches_s_upper_pop_standup'====== Args={'value': 1, 'prev_value': None, 'change': True}
2025-10-20 14:59:30,344 : INFO : EventManager : Event: ======'machine_var_audits_missing_switches_service_esc'====== Args={'value': 1, 'prev_value': None, 'change': True}
2025-10-20 14:59:30,344 : INFO : EventManager : Event: ======'machine_var_audits_player_score'====== Args={'value': {'average': 8816985, 'top': [147275560, 142237180, 85092890, 38155360, 32035610, 6038970, 6022290, 6019980, 6019980, 6019980], 'total': 61}, 'prev_value': None, 'change': True}
2025-10-20 14:59:30,344 : INFO : EventManager : Event: ======'machine_var_audits_shots_bottom_drop'====== Args={'value': 8, 'prev_value': None, 'change': True}
2025-10-20 14:59:30,344 : INFO : EventManager : Event: ======'machine_var_audits_shots_captive_ball'====== Args={'value': 3, 'prev_value': None, 'change': True}
2025-10-20 14:59:30,345 : INFO : EventManager : Event: ======'machine_var_audits_shots_left_orbit'====== Args={'value': 5, 'prev_value': None, 'change': True}
2025-10-20 14:59:30,345 : INFO : EventManager : Event: ======'machine_var_audits_shots_left_ramp'====== Args={'value': 11, 'prev_value': None, 'change': True}
2025-10-20 14:59:30,345 : INFO : EventManager : Event: ======'machine_var_audits_shots_middle_drop'====== Args={'value': 1, 'prev_value': None, 'change': True}
2025-10-20 14:59:30,345 : INFO : EventManager : Event: ======'machine_var_audits_shots_pop3'====== Args={'value': 17, 'prev_value': None, 'change': True}
2025-10-20 14:59:30,345 : INFO : EventManager : Event: ======'machine_var_audits_shots_pop_standup'====== Args={'value': 9, 'prev_value': None, 'change': True}
2025-10-20 14:59:30,345 : INFO : EventManager : Event: ======'machine_var_audits_shots_right_orbit'====== Args={'value': 6, 'prev_value': None, 'change': True}
2025-10-20 14:59:30,346 : INFO : EventManager : Event: ======'machine_var_audits_shots_right_ramp'====== Args={'value': 11, 'prev_value': None, 'change': True}
2025-10-20 14:59:30,346 : INFO : EventManager : Event: ======'machine_var_audits_shots_scoop'====== Args={'value': 17, 'prev_value': None, 'change': True}
2025-10-20 14:59:30,346 : INFO : EventManager : Event: ======'machine_var_audits_shots_skill_captive'====== Args={'value': 16, 'prev_value': None, 'change': True}
2025-10-20 14:59:30,346 : INFO : EventManager : Event: ======'machine_var_audits_shots_skill_drop_targets'====== Args={'value': 240, 'prev_value': None, 'change': True}
2025-10-20 14:59:30,346 : INFO : EventManager : Event: ======'machine_var_audits_shots_skill_side_targets'====== Args={'value': 27, 'prev_value': None, 'change': True}
2025-10-20 14:59:30,346 : INFO : EventManager : Event: ======'machine_var_audits_shots_skillshot_drop_targets'====== Args={'value': 18, 'prev_value': None, 'change': True}
2025-10-20 14:59:30,346 : INFO : EventManager : Event: ======'machine_var_audits_shots_skillshot_side_targets'====== Args={'value': 5, 'prev_value': None, 'change': True}
2025-10-20 14:59:30,346 : INFO : EventManager : Event: ======'machine_var_audits_shots_top_drop'====== Args={'value': 5, 'prev_value': None, 'change': True}
2025-10-20 14:59:30,346 : INFO : EventManager : Event: ======'machine_var_audits_shots_tshirt_top_standup'====== Args={'value': 1, 'prev_value': None, 'change': True}
2025-10-20 14:59:30,346 : INFO : EventManager : Event: ======'machine_var_audits_shots_upper_pop_standup'====== Args={'value': 3, 'prev_value': None, 'change': True}
2025-10-20 14:59:30,347 : INFO : EventManager : Event: ======'machine_var_audits_switches_s_captive_ball'====== Args={'value': 195, 'prev_value': None, 'change': True}
2025-10-20 14:59:30,347 : INFO : EventManager : Event: ======'machine_var_audits_switches_s_center_upper_pop'====== Args={'value': 220, 'prev_value': None, 'change': True}
2025-10-20 14:59:30,347 : INFO : EventManager : Event: ======'machine_var_audits_switches_s_inner_orbit'====== Args={'value': 1, 'prev_value': None, 'change': True}
2025-10-20 14:59:30,347 : INFO : EventManager : Event: ======'machine_var_audits_switches_s_left_flipper'====== Args={'value': 1285, 'prev_value': None, 'change': True}
2025-10-20 14:59:30,347 : INFO : EventManager : Event: ======'machine_var_audits_switches_s_left_inlane'====== Args={'value': 111, 'prev_value': None, 'change': True}
2025-10-20 14:59:30,347 : INFO : EventManager : Event: ======'machine_var_audits_switches_s_left_orbit'====== Args={'value': 82, 'prev_value': None, 'change': True}
2025-10-20 14:59:30,347 : INFO : EventManager : Event: ======'machine_var_audits_switches_s_left_outlane'====== Args={'value': 56, 'prev_value': None, 'change': True}
2025-10-20 14:59:30,347 : INFO : EventManager : Event: ======'machine_var_audits_switches_s_left_ramp'====== Args={'value': 145, 'prev_value': None, 'change': True}
2025-10-20 14:59:30,347 : INFO : EventManager : Event: ======'machine_var_audits_switches_s_left_slingshot'====== Args={'value': 259, 'prev_value': None, 'change': True}
2025-10-20 14:59:30,348 : INFO : EventManager : Event: ======'machine_var_audits_switches_s_left_upper_pop'====== Args={'value': 161, 'prev_value': None, 'change': True}
2025-10-20 14:59:30,348 : INFO : EventManager : Event: ======'machine_var_audits_switches_s_plunger'====== Args={'value': 1167, 'prev_value': None, 'change': True}
2025-10-20 14:59:30,348 : INFO : EventManager : Event: ======'machine_var_audits_switches_s_pop_standup'====== Args={'value': 130, 'prev_value': None, 'change': True}
2025-10-20 14:59:30,348 : INFO : EventManager : Event: ======'machine_var_audits_switches_s_right_flipper'====== Args={'value': 1633, 'prev_value': None, 'change': True}
2025-10-20 14:59:30,348 : INFO : EventManager : Event: ======'machine_var_audits_switches_s_right_inlane'====== Args={'value': 107, 'prev_value': None, 'change': True}
2025-10-20 14:59:30,348 : INFO : EventManager : Event: ======'machine_var_audits_switches_s_right_lower_pop'====== Args={'value': 765, 'prev_value': None, 'change': True}
2025-10-20 14:59:30,349 : INFO : EventManager : Event: ======'machine_var_audits_switches_s_right_orbit'====== Args={'value': 84, 'prev_value': None, 'change': True}
2025-10-20 14:59:30,349 : INFO : EventManager : Event: ======'machine_var_audits_switches_s_right_outlane'====== Args={'value': 53, 'prev_value': None, 'change': True}
2025-10-20 14:59:30,349 : INFO : EventManager : Event: ======'machine_var_audits_switches_s_right_ramp'====== Args={'value': 159, 'prev_value': None, 'change': True}
2025-10-20 14:59:30,349 : INFO : EventManager : Event: ======'machine_var_audits_switches_s_right_slingshot'====== Args={'value': 366, 'prev_value': None, 'change': True}
2025-10-20 14:59:30,349 : INFO : EventManager : Event: ======'machine_var_audits_switches_s_scoop'====== Args={'value': 360, 'prev_value': None, 'change': True}
2025-10-20 14:59:30,349 : INFO : EventManager : Event: ======'machine_var_audits_switches_s_service_down'====== Args={'value': 0, 'prev_value': None, 'change': True}
2025-10-20 14:59:30,349 : INFO : EventManager : Event: ======'machine_var_audits_switches_s_service_enter'====== Args={'value': 0, 'prev_value': None, 'change': True}
2025-10-20 14:59:30,349 : INFO : EventManager : Event: ======'machine_var_audits_switches_s_service_esc'====== Args={'value': 0, 'prev_value': None, 'change': True}
2025-10-20 14:59:30,350 : INFO : EventManager : Event: ======'machine_var_audits_switches_s_service_up'====== Args={'value': 1, 'prev_value': None, 'change': True}
2025-10-20 14:59:30,350 : INFO : EventManager : Event: ======'machine_var_audits_switches_s_spinner'====== Args={'value': 2058, 'prev_value': None, 'change': True}
2025-10-20 14:59:30,350 : INFO : EventManager : Event: ======'machine_var_audits_switches_s_start'====== Args={'value': 67, 'prev_value': None, 'change': True}
2025-10-20 14:59:30,350 : INFO : EventManager : Event: ======'machine_var_audits_switches_s_three_bank_bottom'====== Args={'value': 501, 'prev_value': None, 'change': True}
2025-10-20 14:59:30,350 : INFO : EventManager : Event: ======'machine_var_audits_switches_s_three_bank_middle'====== Args={'value': 532, 'prev_value': None, 'change': True}
2025-10-20 14:59:30,350 : INFO : EventManager : Event: ======'machine_var_audits_switches_s_three_bank_standup'====== Args={'value': 241, 'prev_value': None, 'change': True}
2025-10-20 14:59:30,350 : INFO : EventManager : Event: ======'machine_var_audits_switches_s_three_bank_top'====== Args={'value': 543, 'prev_value': None, 'change': True}
2025-10-20 14:59:30,350 : INFO : EventManager : Event: ======'machine_var_audits_switches_s_tilt_bob'====== Args={'value': 51, 'prev_value': None, 'change': True}
2025-10-20 14:59:30,350 : INFO : EventManager : Event: ======'machine_var_audits_switches_s_top_right_flipper'====== Args={'value': 1294, 'prev_value': None, 'change': True}
2025-10-20 14:59:30,351 : INFO : EventManager : Event: ======'machine_var_audits_switches_s_trough1'====== Args={'value': 386, 'prev_value': None, 'change': True}
2025-10-20 14:59:30,351 : INFO : EventManager : Event: ======'machine_var_audits_switches_s_trough2'====== Args={'value': 303, 'prev_value': None, 'change': True}
2025-10-20 14:59:30,351 : INFO : EventManager : Event: ======'machine_var_audits_switches_s_trough3'====== Args={'value': 228, 'prev_value': None, 'change': True}
2025-10-20 14:59:30,351 : INFO : EventManager : Event: ======'machine_var_audits_switches_s_trough4'====== Args={'value': 160, 'prev_value': None, 'change': True}
2025-10-20 14:59:30,351 : INFO : EventManager : Event: ======'machine_var_audits_switches_s_trough5'====== Args={'value': 160, 'prev_value': None, 'change': True}
2025-10-20 14:59:30,351 : INFO : EventManager : Event: ======'machine_var_audits_switches_s_trough6'====== Args={'value': 161, 'prev_value': None, 'change': True}
2025-10-20 14:59:30,351 : INFO : EventManager : Event: ======'machine_var_audits_switches_s_trough_jam'====== Args={'value': 206, 'prev_value': None, 'change': True}
2025-10-20 14:59:30,352 : INFO : EventManager : Event: ======'machine_var_audits_switches_s_tshirt_bottom_standup'====== Args={'value': 40, 'prev_value': None, 'change': True}
2025-10-20 14:59:30,352 : INFO : EventManager : Event: ======'machine_var_audits_switches_s_tshirt_top_standup'====== Args={'value': 68, 'prev_value': None, 'change': True}
2025-10-20 14:59:30,353 : INFO : EventManager : Event: ======'machine_var_audits_switches_s_upper_pop_standup'====== Args={'value': 177, 'prev_value': None, 'change': True}
2025-10-20 14:59:30,353 : INFO : EventManager : Event: ======'machine_var_audits_switches_service_down'====== Args={'value': 1, 'prev_value': None, 'change': True}
2025-10-20 14:59:30,353 : INFO : EventManager : Event: ======'machine_var_audits_switches_service_enter'====== Args={'value': 2, 'prev_value': None, 'change': True}
2025-10-20 14:59:30,353 : INFO : EventManager : Event: ======'machine_var_audits_switches_service_esc'====== Args={'value': 0, 'prev_value': None, 'change': True}
2025-10-20 14:59:30,354 : INFO : EventManager : Event: ======'machine_var_audits_switches_service_up'====== Args={'value': 2, 'prev_value': None, 'change': True}
2025-10-20 14:59:30,354 : INFO : EventManager : Event: ======'init_phase_5'====== Args={}
2025-10-20 14:59:30,374 : INFO : EventManager : Event: ======'init_done'====== Args={}
2025-10-20 14:59:30,376 : INFO : EventManager : Event: ======'machine_reset_phase_1'====== Args={}
2025-10-20 14:59:30,376 : INFO : BcpServer : New client connected.
2025-10-20 14:59:30,398 : INFO : EventManager : Event: ======'machine_reset_phase_2'====== Args={}
2025-10-20 14:59:30,399 : INFO : EventManager : Event: ======'game_just_played'====== Args={'priority': 0, 'action': 'set_machine', 'int': 0}
2025-10-20 14:59:30,399 : INFO : EventManager : Event: ======'machine_reset_phase_3'====== Args={}
2025-10-20 14:59:30,403 : INFO : EventManager : Event: ======'mode_tilt_will_start'====== Args={'queue': <QueuedEvent>}
2025-10-20 14:59:30,405 : INFO : EventManager : Event: ======'mode_tilt_starting'====== Args={'queue': <QueuedEvent>}
2025-10-20 14:59:30,406 : INFO : drop_target_bank.three_bank : All targets are already up. Will not reset bank.
2025-10-20 14:59:30,406 : INFO : Mode.tilt : Started. Priority: 1000000
2025-10-20 14:59:30,406 : INFO : EventManager : Event: ======'modes_active_modes_changed'====== Args={}
2025-10-20 14:59:30,406 : INFO : EventManager : Event: ======'mode_tilt_started'====== Args={'queue': <QueuedEvent>}
2025-10-20 14:59:30,409 : INFO : EventManager : Event: ======'reset_complete'====== Args={}
2025-10-20 14:59:30,410 : INFO : EventManager : Event: ======'mode_service_will_start'====== Args={}
2025-10-20 14:59:30,411 : INFO : EventManager : Event: ======'mode_service_starting'====== Args={}
2025-10-20 14:59:30,412 : INFO : EventManager : Event: ======'mode_attract_will_start'====== Args={}
2025-10-20 14:59:30,413 : INFO : Timer.attract_intro_timer : Starting Timer.
2025-10-20 14:59:30,413 : INFO : EventManager : Event: ======'timer_attract_intro_timer_started'====== Args={'ticks': 0, 'ticks_remaining': 16}
2025-10-20 14:59:30,413 : INFO : EventManager : Event: ======'timer_attract_intro_timer_tick'====== Args={'ticks': 0, 'ticks_remaining': 16}
2025-10-20 14:59:30,417 : INFO : EventManager : Event: ======'mode_attract_starting'====== Args={}
2025-10-20 14:59:30,417 : INFO : Mode.attract : Started. Priority: 10
2025-10-20 14:59:30,417 : INFO : EventManager : Event: ======'modes_active_modes_changed'====== Args={}
2025-10-20 14:59:30,418 : INFO : EventManager : Event: ======'mode_attract_started'====== Args={}
2025-10-20 14:59:30,421 : INFO : EventManager : Event: ======'timer_attract_intro_timer_tick'====== Args={'ticks': 0, 'ticks_remaining': 16}
2025-10-20 14:59:30,422 : INFO : EventManager : Event: ======'collecting_balls_complete'====== Args={}
2025-10-20 14:59:30,423 : INFO : EventManager : Event: ======'item_highlighted'====== Args={'carousel': 'attract', 'direction': None, 'item': 'mpf_logo'}
2025-10-20 14:59:30,426 : INFO : Timer.attract_carousel_timer : Starting Timer.
2025-10-20 14:59:30,426 : INFO : EventManager : Event: ======'timer_attract_carousel_timer_started'====== Args={'ticks': 0, 'ticks_remaining': 1}
2025-10-20 14:59:30,426 : INFO : EventManager : Event: ======'timer_attract_carousel_timer_tick'====== Args={'ticks': 0, 'ticks_remaining': 1}
2025-10-20 14:59:30,426 : INFO : Mode.service : Started. Priority: 100000
2025-10-20 14:59:30,426 : INFO : EventManager : Event: ======'modes_active_modes_changed'====== Args={}
2025-10-20 14:59:30,427 : INFO : EventManager : Event: ======'mode_service_started'====== Args={}
2025-10-20 14:59:30,456 : INFO : EventManager : Event: ======'slide_loading_created'====== Args={'_from_bcp': True}
2025-10-20 14:59:30,456 : INFO : EventManager : Event: ======'slide__removed'====== Args={'_from_bcp': True}
2025-10-20 14:59:30,457 : INFO : EventManager : Event: ======'slide_loading_active'====== Args={'original_context': '_global', 'original_calling_context': 'init_done', 'priority': 0.0, 'cmd': 'slides_play', '_from_bcp': True}
2025-10-20 14:59:30,458 : INFO : Machine : Starting the main run loop with active modes: [<Mode.tilt>, <Mode.service>, <Mode.attract>]
2025-10-20 14:59:30,614 : INFO : EventManager : Event: ======'slide_attract_load_created'====== Args={'_from_bcp': True}
2025-10-20 14:59:30,615 : INFO : EventManager : Event: ======'slide_loading_inactive'====== Args={'is_removing': True, '_from_bcp': True}
2025-10-20 14:59:30,615 : INFO : EventManager : Event: ======'slide_attract_load_active'====== Args={'original_context': 'attract', 'original_calling_context': 'mode_attract_started{machine.game_just_played==0}', 'priority': 10.0, 'cmd': 'slides_play', '_from_bcp': True}
2025-10-20 14:59:30,616 : INFO : EventManager : Event: ======'slide_loading_removed'====== Args={'_from_bcp': True}
2025-10-20 14:59:31,418 : INFO : EventManager : Event: ======'timer_attract_intro_timer_tick'====== Args={'ticks': 1, 'ticks_remaining': 15}
2025-10-20 14:59:32,431 : INFO : EventManager : Event: ======'timer_attract_intro_timer_tick'====== Args={'ticks': 2, 'ticks_remaining': 14}
2025-10-20 14:59:33,431 : INFO : EventManager : Event: ======'timer_attract_intro_timer_tick'====== Args={'ticks': 3, 'ticks_remaining': 13}
2025-10-20 14:59:34,416 : INFO : EventManager : Event: ======'timer_attract_intro_timer_tick'====== Args={'ticks': 4, 'ticks_remaining': 12}
2025-10-20 14:59:35,416 : INFO : EventManager : Event: ======'timer_attract_intro_timer_tick'====== Args={'ticks': 5, 'ticks_remaining': 11}
2025-10-20 14:59:35,446 : INFO : Timer.attract_carousel_timer : Timer Complete
2025-10-20 14:59:35,448 : INFO : Timer.attract_carousel_timer : Stopping Timer
2025-10-20 14:59:35,449 : INFO : EventManager : Event: ======'timer_attract_carousel_timer_stopped'====== Args={'ticks': 1, 'ticks_remaining': 1}
2025-10-20 14:59:35,449 : INFO : EventManager : Event: ======'timer_attract_carousel_timer_complete'====== Args={'ticks': 1, 'ticks_remaining': 1}
2025-10-20 14:59:35,450 : INFO : EventManager : Event: ======'item_highlighted'====== Args={'carousel': 'attract', 'direction': 'forwards', 'item': 'fast_logo'}
2025-10-20 14:59:35,452 : INFO : Timer.attract_carousel_timer : Starting Timer.
2025-10-20 14:59:35,453 : INFO : EventManager : Event: ======'timer_attract_carousel_timer_started'====== Args={'ticks': 0, 'ticks_remaining': 1}
2025-10-20 14:59:35,453 : INFO : EventManager : Event: ======'timer_attract_carousel_timer_tick'====== Args={'ticks': 0, 'ticks_remaining': 1}
2025-10-20 14:59:35,791 : INFO : SwitchController : <<<<<<< 's_start' active >>>>>>>
2025-10-20 14:59:35,924 : INFO : SwitchController : <<<<<<< 's_start' inactive >>>>>>>
2025-10-20 14:59:35,924 : INFO : EventManager : Event: ======'sw_start_inactive'====== Args={}
2025-10-20 14:59:35,925 : INFO : EventManager : Event: ======'request_to_start_game'====== Args={}
2025-10-20 14:59:35,926 : INFO : EventManager : Event: ======'game_start'====== Args={'buttons': [], 'hold_time': 0.1409999999887077}
2025-10-20 14:59:35,927 : INFO : EventManager : Event: ======'mode_game_will_start'====== Args={'buttons': [], 'hold_time': 0.1409999999887077}
2025-10-20 14:59:35,928 : INFO : EventManager : Event: ======'mode_game_starting'====== Args={'buttons': [], 'hold_time': 0.1409999999887077}
2025-10-20 14:59:35,928 : INFO : EventManager : Event: ======'mode_attract_will_stop'====== Args={}
2025-10-20 14:59:35,929 : INFO : EventManager : Event: ======'mode_attract_stopping'====== Args={}
2025-10-20 14:59:35,930 : INFO : Mode.game : Started. Priority: 20
2025-10-20 14:59:35,930 : INFO : EventManager : Event: ======'modes_active_modes_changed'====== Args={}
2025-10-20 14:59:35,930 : INFO : EventManager : Event: ======'mode_game_started'====== Args={'buttons': [], 'hold_time': 0.1409999999887077}
2025-10-20 14:59:35,951 : INFO : Mode.attract : Stopped.
2025-10-20 14:59:35,951 : INFO : EventManager : Event: ======'modes_active_modes_changed'====== Args={}
2025-10-20 14:59:35,952 : INFO : EventManager : Event: ======'mode_attract_stopped'====== Args={}
2025-10-20 14:59:35,952 : INFO : EventManager : Event: ======'clear'====== Args={'key': 'attract'}
2025-10-20 14:59:35,953 : INFO : Timer.attract_carousel_timer : Stopping Timer
2025-10-20 14:59:35,953 : INFO : EventManager : Event: ======'timer_attract_carousel_timer_stopped'====== Args={'ticks': 0, 'ticks_remaining': 1}
2025-10-20 14:59:35,954 : INFO : Timer.attract_intro_timer : Stopping Timer
2025-10-20 14:59:35,954 : INFO : EventManager : Event: ======'timer_attract_intro_timer_stopped'====== Args={'ticks': 5, 'ticks_remaining': 11}
2025-10-20 14:59:35,955 : INFO : EventManager : Event: ======'game_will_start'====== Args={}
2025-10-20 14:59:35,978 : INFO : EventManager : Event: ======'game_starting'====== Args={'game': <Mode.game>}
2025-10-20 14:59:35,980 : INFO : EventManager : Unordered handler for class <Auditor> on event game_ended with priority 1. Handlers: [RegisteredHandler(callback=<bound method Auditor.disable of <Auditor>>, priority=1, kwargs={}, key=UUID('7a9cb124-7fe7-4b6c-b21c-e80ef085fbb2'), condition=None, blocking_facility=None), RegisteredHandler(callback=<bound method Auditor._save_audits of <Auditor>>, priority=1, kwargs={}, key=UUID('f498be1f-2aea-4065-a78a-17885e42b173'), condition=None, blocking_facility=None)]. The order of those handlers is not defined and they will be executed in random order. This might lead to race conditions and potential bugs.
2025-10-20 14:59:35,980 : INFO : EventManager : Event: ======'player_add_request'====== Args={}
2025-10-20 14:59:35,982 : INFO : EventManager : Event: ======'player_will_add'====== Args={'number': 1}
2025-10-20 14:59:35,982 : INFO : EventManager : Event: ======'player_adding'====== Args={'player': <Player 1>, 'number': 1}
2025-10-20 14:59:35,983 : INFO : EventManager : Event: ======'player_added'====== Args={'player': <Player 1>, 'num': 1}
2025-10-20 14:59:35,983 : INFO : Mode.game : Player added successfully. Total players: 1
2025-10-20 14:59:35,984 : INFO : EventManager : Event: ======'player_index'====== Args={'value': 0, 'prev_value': 0, 'change': 0, 'player_num': 1}
2025-10-20 14:59:35,984 : INFO : EventManager : Event: ======'player_number'====== Args={'value': 1, 'prev_value': 1, 'change': 0, 'player_num': 1}
2025-10-20 14:59:35,985 : INFO : EventManager : Event: ======'player_score'====== Args={'value': 0, 'prev_value': 0, 'change': 0, 'player_num': 1}
2025-10-20 14:59:35,986 : INFO : EventManager : Event: ======'game_started'====== Args={}
2025-10-20 14:59:35,988 : INFO : EventManager : Event: ======'machine_var_game_just_played'====== Args={'value': 1, 'prev_value': 0, 'change': 1}
2025-10-20 14:59:36,008 : INFO : EventManager : Event: ======'player_turn_will_start'====== Args={'player': <Player 1>, 'number': 1}
2025-10-20 14:59:36,015 : INFO : EventManager : Event: ======'player_turn_starting'====== Args={'player': <Player 1>, 'number': 1}
2025-10-20 14:59:36,016 : INFO : EventManager : Event: ======'player_ball'====== Args={'value': 1, 'prev_value': 0, 'change': 1, 'player_num': 1}
2025-10-20 14:59:36,019 : INFO : EventManager : Event: ======'player_turn_started'====== Args={'player': <Player 1>, 'number': 1}
2025-10-20 14:59:36,021 : INFO : EventManager : Event: ======'ball_will_start'====== Args={'player': 1, 'ball': 1, 'balls_remaining': 2, 'is_extra_ball': False}
2025-10-20 14:59:36,027 : INFO : EventManager : Event: ======'ball_starting'====== Args={'player': 1, 'ball': 1, 'balls_remaining': 2, 'is_extra_ball': False}
2025-10-20 14:59:36,028 : INFO : EventManager : Event: ======'mode_base_will_start'====== Args={'queue': <QueuedEvent>, 'player': 1, 'ball': 1, 'balls_remaining': 2, 'is_extra_ball': False}
2025-10-20 14:59:36,029 : INFO : EventManager : Event: ======'player_shot_left_orbit_enabled'====== Args={'value': True, 'prev_value': 0, 'change': 1, 'player_num': 1}
2025-10-20 14:59:36,032 : INFO : EventManager : Event: ======'player_shot_right_orbit_enabled'====== Args={'value': True, 'prev_value': 0, 'change': 1, 'player_num': 1}
2025-10-20 14:59:36,033 : INFO : EventManager : Event: ======'player_shot_inner_loop_enabled'====== Args={'value': True, 'prev_value': 0, 'change': 1, 'player_num': 1}
2025-10-20 14:59:36,034 : INFO : EventManager : Event: ======'player_shot_right_ramp_enabled'====== Args={'value': True, 'prev_value': 0, 'change': 1, 'player_num': 1}
2025-10-20 14:59:36,035 : INFO : EventManager : Event: ======'player_shot_left_ramp_enabled'====== Args={'value': True, 'prev_value': 0, 'change': 1, 'player_num': 1}
2025-10-20 14:59:36,036 : INFO : EventManager : Event: ======'player_shot_pop_standup_enabled'====== Args={'value': True, 'prev_value': 0, 'change': 1, 'player_num': 1}
2025-10-20 14:59:36,036 : INFO : EventManager : Event: ======'player_shot_upper_pop_standup_enabled'====== Args={'value': True, 'prev_value': 0, 'change': 1, 'player_num': 1}
2025-10-20 14:59:36,037 : INFO : EventManager : Event: ======'player_shot_scoop_enabled'====== Args={'value': True, 'prev_value': 0, 'change': 1, 'player_num': 1}
2025-10-20 14:59:36,039 : INFO : EventManager : Event: ======'player_shot_captive_ball_enabled'====== Args={'value': True, 'prev_value': 0, 'change': 1, 'player_num': 1}
2025-10-20 14:59:36,040 : INFO : EventManager : Event: ======'player_shot_three_bank_standup_enabled'====== Args={'value': True, 'prev_value': 0, 'change': 1, 'player_num': 1}
2025-10-20 14:59:36,042 : INFO : EventManager : Event: ======'player_shot_spinner_enabled'====== Args={'value': True, 'prev_value': 0, 'change': 1, 'player_num': 1}
2025-10-20 14:59:36,044 : INFO : EventManager : Event: ======'player_shot_pop1_enabled'====== Args={'value': True, 'prev_value': 0, 'change': 1, 'player_num': 1}
2025-10-20 14:59:36,045 : INFO : EventManager : Event: ======'player_shot_pop2_enabled'====== Args={'value': True, 'prev_value': 0, 'change': 1, 'player_num': 1}
2025-10-20 14:59:36,046 : INFO : EventManager : Event: ======'player_shot_pop3_enabled'====== Args={'value': True, 'prev_value': 0, 'change': 1, 'player_num': 1}
2025-10-20 14:59:36,048 : INFO : EventManager : Event: ======'player_shot_bottom_drop_enabled'====== Args={'value': True, 'prev_value': 0, 'change': 1, 'player_num': 1}
2025-10-20 14:59:36,049 : INFO : EventManager : Event: ======'player_shot_middle_drop_enabled'====== Args={'value': True, 'prev_value': 0, 'change': 1, 'player_num': 1}
2025-10-20 14:59:36,051 : INFO : EventManager : Event: ======'player_shot_top_drop_enabled'====== Args={'value': True, 'prev_value': 0, 'change': 1, 'player_num': 1}
2025-10-20 14:59:36,052 : INFO : EventManager : Event: ======'player_shot_tshirt_top_standup_enabled'====== Args={'value': True, 'prev_value': 0, 'change': 1, 'player_num': 1}
2025-10-20 14:59:36,056 : INFO : EventManager : Event: ======'player_shot_tshirt_bottom_standup_enabled'====== Args={'value': True, 'prev_value': 0, 'change': 1, 'player_num': 1}
2025-10-20 14:59:36,061 : INFO : EventManager : Unordered handler for class <Auditor> on event game_ended with priority 1. Handlers: [RegisteredHandler(callback=<bound method Auditor.disable of <Auditor>>, priority=1, kwargs={}, key=UUID('7a9cb124-7fe7-4b6c-b21c-e80ef085fbb2'), condition=None, blocking_facility=None), RegisteredHandler(callback=<bound method Auditor._save_audits of <Auditor>>, priority=1, kwargs={}, key=UUID('f498be1f-2aea-4065-a78a-17885e42b173'), condition=None, blocking_facility=None)]. The order of those handlers is not defined and they will be executed in random order. This might lead to race conditions and potential bugs.
2025-10-20 14:59:36,069 : INFO : EventManager : Event: ======'mode_base_starting'====== Args={'queue': <QueuedEvent>, 'player': 1, 'ball': 1, 'balls_remaining': 2, 'is_extra_ball': False}
2025-10-20 14:59:36,071 : INFO : drop_target_bank.three_bank : All targets are already up. Will not reset bank.
2025-10-20 14:59:36,073 : INFO : EventManager : Event: ======'balls_in_play'====== Args={'balls': 1}
2025-10-20 14:59:36,074 : INFO : EventManager : Event: ======'ball_started'====== Args={'player': 1, 'ball': 1, 'balls_remaining': 2, 'is_extra_ball': False}
2025-10-20 14:59:36,121 : INFO : EventManager : Event: ======'logicblock_qualify_chcheckitout_multiball_updated'====== Args={'value': 0, 'enabled': True}
2025-10-20 14:59:36,123 : INFO : EventManager : Event: ======'logicblock_qualify_chcheckitout_multiball_updated'====== Args={'value': 0, 'enabled': True}
2025-10-20 14:59:36,123 : INFO : EventManager : Event: ======'logicblock_chcheckitout_multiball_ready_updated'====== Args={'value': 0, 'enabled': False}
2025-10-20 14:59:36,123 : INFO : EventManager : Event: ======'logicblock_drop_target_bank_counter_updated'====== Args={'value': 0, 'enabled': False}
2025-10-20 14:59:36,124 : INFO : Mode.base : Started. Priority: 100
2025-10-20 14:59:36,124 : INFO : EventManager : Event: ======'modes_active_modes_changed'====== Args={}
2025-10-20 14:59:36,126 : INFO : EventManager : Event: ======'mode_base_started'====== Args={'queue': <QueuedEvent>, 'player': 1, 'ball': 1, 'balls_remaining': 2, 'is_extra_ball': False}
2025-10-20 14:59:36,133 : INFO : EventManager : Event: ======'mode_skill_shot_will_start'====== Args={'player': 1, 'ball': 1, 'balls_remaining': 2, 'is_extra_ball': False}
2025-10-20 14:59:36,134 : INFO : EventManager : Event: ======'player_shot_skillshot_side_targets_enabled'====== Args={'value': True, 'prev_value': 0, 'change': 1, 'player_num': 1}
2025-10-20 14:59:36,136 : INFO : EventManager : Event: ======'player_shot_skillshot_drop_targets_enabled'====== Args={'value': True, 'prev_value': 0, 'change': 1, 'player_num': 1}
2025-10-20 14:59:36,139 : INFO : EventManager : Event: ======'skillshot_complete'====== Args={'state': 'off'}
2025-10-20 14:59:36,139 : INFO : EventManager : Event: ======'skillshot_off_complete'====== Args={}
2025-10-20 14:59:36,140 : INFO : EventManager : Event: ======'player_skill_shot_skill_shot_timeout_tick'====== Args={'value': 0, 'prev_value': 0, 'change': 0, 'player_num': 1}
2025-10-20 14:59:36,141 : INFO : EventManager : Unordered handler for class <timer.skill_shot_timeout> on event ball_starting with priority 1. Handlers: [RegisteredHandler(callback=<bound method Timer.reset of <timer.skill_shot_timeout>>, priority=1, kwargs={}, key=UUID('b5c26370-7e0e-4cb3-9e19-ed919ee41be7'), condition=None, blocking_facility=None), RegisteredHandler(callback=<bound method Timer.pause of <timer.skill_shot_timeout>>, priority=1, kwargs={'timer_value': None}, key=UUID('c1979a77-8cef-483a-8956-54218d7fd97d'), condition=None, blocking_facility=None)]. The order of those handlers is not defined and they will be executed in random order. This might lead to race conditions and potential bugs.
2025-10-20 14:59:36,143 : INFO : EventManager : Event: ======'mode_skill_shot_starting'====== Args={'player': 1, 'ball': 1, 'balls_remaining': 2, 'is_extra_ball': False}
2025-10-20 14:59:36,143 : INFO : EventManager : Event: ======'logicblock_drop_target_bank_counter_updated'====== Args={'value': 0, 'enabled': True}
2025-10-20 14:59:36,143 : INFO : EventManager : Event: ======'logicblock_qualify_chcheckitout_multiball_updated'====== Args={'value': 0, 'enabled': True}
2025-10-20 14:59:36,144 : INFO : EventManager : Event: ======'logicblock_chcheckitout_multiball_ready_updated'====== Args={'value': 0, 'enabled': False}
2025-10-20 14:59:36,144 : INFO : EventManager : Event: ======'player_multiball_blocking_flag'====== Args={'value': 0, 'prev_value': 0, 'change': 0, 'player_num': 1, 'source': 'base'}
2025-10-20 14:59:36,144 : INFO : EventManager : Event: ======'player_mode_blocking_flag'====== Args={'value': 0, 'prev_value': 0, 'change': 0, 'player_num': 1, 'source': 'base'}
2025-10-20 14:59:36,144 : INFO : EventManager : Event: ======'player_player_drop_target_bank_counter_count'====== Args={'value': 0, 'prev_value': 0, 'change': 0, 'player_num': 1, 'source': 'base'}
2025-10-20 14:59:36,146 : INFO : EventManager : Event: ======'player_drop_target_bank_counter_count'====== Args={'value': 0, 'prev_value': 0, 'change': 0, 'player_num': 1, 'source': 'base'}
2025-10-20 14:59:36,149 : INFO : EventManager : Event: ======'mode_multiball_will_start'====== Args={'queue': <QueuedEvent>, 'player': 1, 'ball': 1, 'balls_remaining': 2, 'is_extra_ball': False}
2025-10-20 14:59:36,151 : INFO : EventManager : Event: ======'mode_multiball_starting'====== Args={'queue': <QueuedEvent>, 'player': 1, 'ball': 1, 'balls_remaining': 2, 'is_extra_ball': False}
2025-10-20 14:59:36,151 : INFO : EventManager : Event: ======'mode_carousel_will_start'====== Args={'queue': <QueuedEvent>, 'player': 1, 'ball': 1, 'balls_remaining': 2, 'is_extra_ball': False}
2025-10-20 14:59:36,154 : INFO : EventManager : Event: ======'mode_carousel_starting'====== Args={'queue': <QueuedEvent>, 'player': 1, 'ball': 1, 'balls_remaining': 2, 'is_extra_ball': False}
2025-10-20 14:59:36,156 : INFO : EventManager : Event: ======'ball_save_default_enabled'====== Args={}
2025-10-20 14:59:36,156 : INFO : Mode.carousel : Started. Priority: 200
2025-10-20 14:59:36,156 : INFO : EventManager : Event: ======'modes_active_modes_changed'====== Args={}
2025-10-20 14:59:36,157 : INFO : EventManager : Event: ======'mode_carousel_started'====== Args={'queue': <QueuedEvent>, 'player': 1, 'ball': 1, 'balls_remaining': 2, 'is_extra_ball': False}
2025-10-20 14:59:36,158 : INFO : EventManager : Event: ======'item_highlighted'====== Args={'carousel': 'carousel', 'direction': None, 'item': 'intergalactic'}
2025-10-20 14:59:36,159 : INFO : Mode.multiball : Started. Priority: 1000
2025-10-20 14:59:36,159 : INFO : EventManager : Event: ======'modes_active_modes_changed'====== Args={}
2025-10-20 14:59:36,160 : INFO : EventManager : Event: ======'mode_multiball_started'====== Args={'queue': <QueuedEvent>, 'player': 1, 'ball': 1, 'balls_remaining': 2, 'is_extra_ball': False}
2025-10-20 14:59:36,160 : INFO : Mode.skill_shot : Started. Priority: 500
2025-10-20 14:59:36,160 : INFO : EventManager : Event: ======'modes_active_modes_changed'====== Args={}
2025-10-20 14:59:36,161 : INFO : EventManager : Event: ======'mode_skill_shot_started'====== Args={'player': 1, 'ball': 1, 'balls_remaining': 2, 'is_extra_ball': False}
2025-10-20 14:59:36,161 : INFO : EventManager : Event: ======'advance_skill_side_targets'====== Args={'player': 1, 'ball': 1, 'balls_remaining': 2, 'is_extra_ball': False}
2025-10-20 14:59:36,163 : INFO : EventManager : Event: ======'player_shot_skillshot_side_targets'====== Args={'value': 1, 'prev_value': 0, 'change': 1, 'player_num': 1}
2025-10-20 14:59:36,194 : INFO : EventManager : Event: ======'single_player_ball_started'====== Args={}
2025-10-20 14:59:36,196 : INFO : EventManager : Event: ======'ball_start_target'====== Args={'target': 'playfield'}
2025-10-20 14:59:36,196 : INFO : ball_device.bd_plunger : Setting up player-controlled eject. Balls: 1, Target: <playfield.playfield>, player_controlled_eject_event: None
2025-10-20 14:59:36,198 : INFO : EventManager : Event: ======'balldevice_balls_available'====== Args={}
2025-10-20 14:59:36,200 : INFO : ball_device.bd_trough : State: waiting_for_target_ready
2025-10-20 14:59:36,201 : INFO : EventManager : Event: ======'balldevice_bd_trough_ball_eject_attempt'====== Args={'balls': 1, 'target': <ball_device.bd_plunger>, 'source': <ball_device.bd_trough>, 'mechanical_eject': True, 'num_attempts': 0}
2025-10-20 14:59:36,201 : INFO : ball_device.bd_plunger : State: waiting_for_ball
2025-10-20 14:59:36,202 : INFO : ball_device.bd_trough : State: ejecting
2025-10-20 14:59:36,203 : INFO : ball_device.bd_trough : Ejecting ball to <ball_device.bd_plunger>
2025-10-20 14:59:36,203 : INFO : EventManager : Event: ======'balldevice_bd_trough_ejecting_ball'====== Args={'balls': 1, 'target': <ball_device.bd_plunger>, 'source': <ball_device.bd_trough>, 'mechanical_eject': True, 'num_attempts': 0}
2025-10-20 14:59:36,205 : INFO : ball_device.bd_trough : Wait for ball to leave device
2025-10-20 14:59:36,206 : INFO : coil.c_trough_eject : Pulsing Driver for 20ms (1.0 pulse_power)
2025-10-20 14:59:36,206 : INFO : SwitchController : <<<<<<< 's_trough1' inactive >>>>>>>
2025-10-20 14:59:36,213 : INFO : EventManager : Event: ======'slide_base_created'====== Args={'_from_bcp': True}
2025-10-20 14:59:36,215 : INFO : EventManager : Event: ======'play_base_video3'====== Args={'_from_bcp': True}
2025-10-20 14:59:36,217 : INFO : ball_device.bd_trough : State: ball_left
2025-10-20 14:59:36,218 : INFO : ball_device.bd_trough : Ball left
2025-10-20 14:59:36,218 : INFO : ball_device.bd_trough : Wait for confirm with timeout 3.0
2025-10-20 14:59:36,224 : INFO : EventManager : Event: ======'slide_score_overlay_created'====== Args={'_from_bcp': True}
2025-10-20 14:59:36,226 : INFO : EventManager : Event: ======'slide_attract_load_inactive'====== Args={'is_removing': True, '_from_bcp': True}
2025-10-20 14:59:36,226 : INFO : EventManager : Event: ======'slide_score_overlay_active'====== Args={'original_context': 'base', 'original_calling_context': 'mode_base_started', 'priority': 100.0, 'queue': '<QueuedEvent>', 'player': 1.0, 'ball': 1.0, 'balls_remaining': 2.0, 'is_extra_ball': False, 'cmd': 'slides_play', '_from_bcp': True}
2025-10-20 14:59:36,237 : INFO : EventManager : Event: ======'slide_attract_load_removed'====== Args={'_from_bcp': True}
2025-10-20 14:59:36,259 : INFO : EventManager : Event: ======'slide_current_mode_highlighted_created'====== Args={'_from_bcp': True}
2025-10-20 14:59:36,318 : INFO : SwitchController : <<<<<<< 's_plunger' active >>>>>>>
2025-10-20 14:59:36,319 : INFO : EventManager : Event: ======'machine_var_audits_switches_s_plunger'====== Args={'value': 1168, 'prev_value': 1167, 'change': 1}
2025-10-20 14:59:36,705 : INFO : EventManager : Event: ======'slide_skillshot_overlay_created'====== Args={'_from_bcp': True}
2025-10-20 14:59:36,742 : INFO : EventManager : Event: ======'slide_basevideo3_created'====== Args={'_from_bcp': True}
2025-10-20 14:59:36,816 : INFO : ball_device.bd_plunger : Received ball from <ball_device.bd_trough>
2025-10-20 14:59:36,817 : INFO : EventManager : Event: ======'balldevice_bd_plunger_ball_enter'====== Args={'new_balls': 1, 'unclaimed_balls': 0, 'new_available_balls': 0, 'device': <ball_device.bd_plunger>}
2025-10-20 14:59:36,818 : INFO : EventManager : Event: ======'balldevice_bd_plunger_ball_entered'====== Args={'new_balls': 0, 'device': <ball_device.bd_plunger>}
2025-10-20 14:59:36,818 : INFO : EventManager : Event: ======'balldevice_bd_plunger_ball_count_changed'====== Args={'balls': 1}
2025-10-20 14:59:36,819 : INFO : ball_device.bd_trough : Got eject confirm
2025-10-20 14:59:36,819 : INFO : ball_device.bd_trough : Eject successful
2025-10-20 14:59:36,819 : INFO : EventManager : Event: ======'balldevice_bd_trough_ball_eject_success'====== Args={'balls': 1, 'target': <ball_device.bd_plunger>}
2025-10-20 14:59:36,819 : INFO : EventManager : Event: ======'balldevice_bd_trough_ball_count_changed'====== Args={'balls': 5}
2025-10-20 14:59:36,820 : INFO : ball_device.bd_trough : State: idle
2025-10-20 14:59:36,820 : INFO : ball_device.bd_plunger : State: waiting_for_target_ready
2025-10-20 14:59:36,820 : INFO : EventManager : Event: ======'balldevice_bd_plunger_ball_eject_attempt'====== Args={'balls': 1, 'target': <playfield.playfield>, 'source': <ball_device.bd_plunger>, 'mechanical_eject': True, 'num_attempts': 0}
2025-10-20 14:59:36,821 : INFO : ball_device.bd_plunger : State: ejecting
2025-10-20 14:59:36,821 : INFO : ball_device.bd_plunger : Ejecting ball to <playfield.playfield>
2025-10-20 14:59:36,821 : INFO : EventManager : Event: ======'balldevice_bd_plunger_ejecting_ball'====== Args={'balls': 1, 'target': <playfield.playfield>, 'source': <ball_device.bd_plunger>, 'mechanical_eject': True, 'num_attempts': 0}
2025-10-20 14:59:36,823 : INFO : ball_device.bd_plunger : Wait for ball to leave device
2025-10-20 14:59:39,602 : INFO : SwitchController : <<<<<<< 's_right_flipper' active >>>>>>>
2025-10-20 14:59:39,602 : INFO : EventManager : Event: ======'s_right_flipper_active'====== Args={}
2025-10-20 14:59:39,602 : INFO : EventManager : Event: ======'machine_var_audits_switches_s_right_flipper'====== Args={'value': 1634, 'prev_value': 1633, 'change': 1}
2025-10-20 14:59:39,604 : INFO : EventManager : Event: ======'player_shot_skillshot_side_targets'====== Args={'value': 0, 'prev_value': 1, 'change': -1, 'player_num': 1}
2025-10-20 14:59:39,605 : INFO : EventManager : Event: ======'player_shot_skillshot_drop_targets'====== Args={'value': 1, 'prev_value': 0, 'change': 1, 'player_num': 1}
2025-10-20 14:59:39,686 : INFO : SwitchController : <<<<<<< 's_right_flipper' inactive >>>>>>>
2025-10-20 14:59:39,686 : INFO : EventManager : Event: ======'sw_right_flipper_inactive'====== Args={}
2025-10-20 14:59:40,904 : INFO : SwitchController : <<<<<<< 's_plunger' inactive >>>>>>>
2025-10-20 14:59:40,905 : INFO : EventManager : Event: ======'ball_out'====== Args={}
2025-10-20 14:59:40,905 : INFO : EventManager : Event: ======'ball_save_default_timer_start'====== Args={}
2025-10-20 14:59:40,909 : INFO : ball_device.bd_plunger : State: ball_left
2025-10-20 14:59:40,910 : INFO : ball_device.bd_plunger : Ball left
2025-10-20 14:59:40,910 : INFO : ball_device.bd_plunger : Wait for confirm with timeout 3.0
2025-10-20 14:59:41,249 : INFO : SwitchController : <<<<<<< 's_three_bank_bottom' active >>>>>>>
2025-10-20 14:59:41,249 : INFO : EventManager : Event: ======'playfield_active'====== Args={'source': 'skillshot_drop_targets'}
2025-10-20 14:59:41,249 : INFO : EventManager : Event: ======'playfield_active'====== Args={'source': 'bottom_drop'}
2025-10-20 14:59:41,249 : INFO : EventManager : Event: ======'s_three_bank_bottom_active'====== Args={}
2025-10-20 14:59:41,249 : INFO : EventManager : Event: ======'playfield_active'====== Args={'source': 'bottom'}
2025-10-20 14:59:41,250 : INFO : EventManager : Event: ======'drop_target_bottom_down'====== Args={'device': <drop_target.bottom>}
2025-10-20 14:59:41,250 : INFO : EventManager : Event: ======'drop_target_bank_three_bank_mixed'====== Args={'prev_value': <DropTargetBankState.UP: 'up'>, 'down': 1}
2025-10-20 14:59:41,250 : INFO : EventManager : Event: ======'machine_var_audits_switches_s_three_bank_bottom'====== Args={'value': 502, 'prev_value': 501, 'change': 1}
2025-10-20 14:59:41,252 : INFO : EventManager : Event: ======'machine_var_audits_shots_skillshot_drop_targets'====== Args={'value': 19, 'prev_value': 18, 'change': 1}
2025-10-20 14:59:41,252 : INFO : EventManager : Event: ======'skillshot_drop_targets_hit'====== Args={'profile': 'skill_shot_profile', 'state': 'lit', 'advancing': False}
2025-10-20 14:59:41,253 : INFO : EventManager : Event: ======'skillshot_drop_targets_skill_shot_profile_hit'====== Args={'profile': 'skill_shot_profile', 'state': 'lit', 'advancing': False}
2025-10-20 14:59:41,253 : INFO : EventManager : Event: ======'skillshot_drop_targets_skill_shot_profile_lit_hit'====== Args={'profile': 'skill_shot_profile', 'state': 'lit', 'advancing': False}
2025-10-20 14:59:41,253 : INFO : EventManager : Event: ======'skillshot_drop_targets_lit_hit'====== Args={'profile': 'skill_shot_profile', 'state': 'lit', 'advancing': False}
2025-10-20 14:59:41,253 : INFO : EventManager : Event: ======'machine_var_audits_shots_bottom_drop'====== Args={'value': 9, 'prev_value': 8, 'change': 1}
2025-10-20 14:59:41,253 : INFO : EventManager : Event: ======'bottom_drop_hit'====== Args={'profile': 'base_shot_profile', 'state': 'off', 'advancing': False}
2025-10-20 14:59:41,253 : INFO : EventManager : Event: ======'bottom_drop_base_shot_profile_hit'====== Args={'profile': 'base_shot_profile', 'state': 'off', 'advancing': False}
2025-10-20 14:59:41,254 : INFO : EventManager : Event: ======'bottom_drop_base_shot_profile_off_hit'====== Args={'profile': 'base_shot_profile', 'state': 'off', 'advancing': False}
2025-10-20 14:59:41,254 : INFO : EventManager : Event: ======'bottom_drop_off_hit'====== Args={'profile': 'base_shot_profile', 'state': 'off', 'advancing': False}
2025-10-20 14:59:41,254 : INFO : EventManager : Event: ======'player_score'====== Args={'value': 2220, 'prev_value': 0, 'change': 2220, 'player_num': 1, 'source': 'base'}
2025-10-20 14:59:41,254 : INFO : EventManager : Event: ======'skillshot_hit'====== Args={'shot': 'skillshot_drop_targets'}
2025-10-20 14:59:41,254 : INFO : EventManager : Event: ======'skillshot_lit_hit'====== Args={'shot': 'skillshot_drop_targets'}
2025-10-20 14:59:41,255 : INFO : EventManager : Event: ======'mode_skill_shot_will_stop'====== Args={}
2025-10-20 14:59:41,255 : INFO : EventManager : Event: ======'mode_skill_shot_stopping'====== Args={}
2025-10-20 14:59:41,255 : INFO : EventManager : Event: ======'player_shot_skillshot_drop_targets'====== Args={'value': 0, 'prev_value': 1, 'change': -1, 'player_num': 1}
2025-10-20 14:59:41,256 : INFO : EventManager : Event: ======'player_score'====== Args={'value': 2002220, 'prev_value': 2220, 'change': 2000000, 'player_num': 1, 'source': 'skill_shot'}
2025-10-20 14:59:41,256 : INFO : EventManager : Event: ======'skillshot_complete'====== Args={'state': 'off'}
2025-10-20 14:59:41,258 : INFO : EventManager : Event: ======'skillshot_off_complete'====== Args={}
2025-10-20 14:59:41,263 : INFO : Mode.skill_shot : Stopped.
2025-10-20 14:59:41,264 : INFO : EventManager : Event: ======'modes_active_modes_changed'====== Args={}
2025-10-20 14:59:41,264 : INFO : EventManager : Event: ======'mode_skill_shot_stopped'====== Args={}
2025-10-20 14:59:41,264 : INFO : EventManager : Event: ======'clear'====== Args={'key': 'skill_shot'}
2025-10-20 14:59:41,265 : INFO : Timer.skill_shot_timeout : Stopping Timer
2025-10-20 14:59:41,265 : INFO : EventManager : Event: ======'timer_skill_shot_timeout_stopped'====== Args={'ticks': 0, 'ticks_remaining': 0}
2025-10-20 14:59:41,326 : INFO : ball_device.bd_plunger : Got eject confirm
2025-10-20 14:59:41,326 : INFO : ball_device.bd_plunger : Eject successful
2025-10-20 14:59:41,326 : INFO : EventManager : Event: ======'balldevice_bd_plunger_ball_eject_success'====== Args={'balls': 1, 'target': <playfield.playfield>}
2025-10-20 14:59:41,328 : INFO : EventManager : Event: ======'slide_skillshot_overlay_removed'====== Args={'_from_bcp': True}
2025-10-20 14:59:41,328 : INFO : EventManager : Event: ======'slide_skillshot_success_overlay_created'====== Args={'_from_bcp': True}
2025-10-20 14:59:41,329 : INFO : EventManager : Event: ======'balldevice_playfield_ball_enter'====== Args={'new_balls': 1, 'unclaimed_balls': 1, 'device': <playfield.playfield>}
2025-10-20 14:59:41,329 : INFO : EventManager : Event: ======'playfield_ball_count_change'====== Args={'balls': 1, 'change': 1}
2025-10-20 14:59:41,330 : INFO : EventManager : Event: ======'balldevice_bd_plunger_ball_count_changed'====== Args={'balls': 0}
2025-10-20 14:59:41,330 : INFO : ball_device.bd_plunger : State: idle
2025-10-20 14:59:43,289 : INFO : EventManager : Event: ======'slide_skillshot_success_overlay_removed'====== Args={'_from_bcp': True}
2025-10-20 14:59:43,904 : INFO : EventManager : Event: ======'ball_save_default_hurry_up'====== Args={}
2025-10-20 14:59:45,903 : INFO : EventManager : Event: ======'ball_save_default_grace_period'====== Args={}
2025-10-20 14:59:46,781 : INFO : SwitchController : <<<<<<< 's_scoop' active >>>>>>>
2025-10-20 14:59:46,781 : INFO : EventManager : Event: ======'s_scoop_active'====== Args={}
2025-10-20 14:59:46,781 : INFO : EventManager : Event: ======'machine_var_audits_switches_s_scoop'====== Args={'value': 361, 'prev_value': 360, 'change': 1}
2025-10-20 14:59:46,783 : INFO : EventManager : Event: ======'machine_var_audits_shots_scoop'====== Args={'value': 18, 'prev_value': 17, 'change': 1}
2025-10-20 14:59:46,784 : INFO : EventManager : Event: ======'scoop_hit'====== Args={'profile': 'base_shot_profile', 'state': 'off', 'advancing': False}
2025-10-20 14:59:46,784 : INFO : EventManager : Event: ======'scoop_base_shot_profile_hit'====== Args={'profile': 'base_shot_profile', 'state': 'off', 'advancing': False}
2025-10-20 14:59:46,784 : INFO : EventManager : Event: ======'scoop_base_shot_profile_off_hit'====== Args={'profile': 'base_shot_profile', 'state': 'off', 'advancing': False}
2025-10-20 14:59:46,785 : INFO : EventManager : Event: ======'scoop_off_hit'====== Args={'profile': 'base_shot_profile', 'state': 'off', 'advancing': False}
2025-10-20 14:59:46,785 : INFO : EventManager : Event: ======'carousel_intergalactic_selected'====== Args={}
2025-10-20 14:59:46,785 : INFO : EventManager : Event: ======'carousel_item_selected'====== Args={}
2025-10-20 14:59:46,785 : INFO : EventManager : Event: ======'player_score'====== Args={'value': 2004530, 'prev_value': 2002220, 'change': 2310, 'player_num': 1, 'source': 'base'}
2025-10-20 14:59:46,785 : INFO : EventManager : Event: ======'mode_intergalactic_will_start'====== Args={}
2025-10-20 14:59:46,787 : INFO : EventManager : Event: ======'player_intergalactic_intergalactic_intro_show_tick'====== Args={'value': 0, 'prev_value': 0, 'change': 0, 'player_num': 1}
2025-10-20 14:59:46,787 : INFO : EventManager : Event: ======'player_intergalactic_intergalactic_time_remaining_tick'====== Args={'value': 60, 'prev_value': 0, 'change': 60, 'player_num': 1}
2025-10-20 14:59:46,793 : INFO : EventManager : Event: ======'mode_intergalactic_starting'====== Args={}
2025-10-20 14:59:46,794 : INFO : EventManager : Event: ======'player_selected_mode'====== Args={'value': 'Intergalactic', 'prev_value': 0, 'change': True, 'player_num': 1, 'source': 'carousel'}
2025-10-20 14:59:46,794 : INFO : EventManager : Event: ======'mode_carousel_will_stop'====== Args={}
2025-10-20 14:59:46,794 : INFO : EventManager : Event: ======'mode_carousel_stopping'====== Args={}
2025-10-20 14:59:46,796 : INFO : Mode.carousel : Stopped.
2025-10-20 14:59:46,797 : INFO : EventManager : Event: ======'modes_active_modes_changed'====== Args={}
2025-10-20 14:59:46,797 : INFO : EventManager : Event: ======'mode_carousel_stopped'====== Args={}
2025-10-20 14:59:46,797 : INFO : EventManager : Event: ======'clear'====== Args={'key': 'carousel'}
2025-10-20 14:59:46,829 : INFO : EventManager : Event: ======'logicblock_intergalactic_shot_1_updated'====== Args={'value': 0, 'enabled': True}
2025-10-20 14:59:46,829 : INFO : EventManager : Event: ======'logicblock_intergalactic_shot_1_updated'====== Args={'value': 0, 'enabled': True}
2025-10-20 14:59:46,829 : INFO : EventManager : Event: ======'logicblock_intergalactic_shot_2_updated'====== Args={'value': 0, 'enabled': False}
2025-10-20 14:59:46,829 : INFO : EventManager : Event: ======'logicblock_intergalactic_shot_3_updated'====== Args={'value': 0, 'enabled': False}
2025-10-20 14:59:46,829 : INFO : EventManager : Event: ======'logicblock_intergalactic_shot_4_updated'====== Args={'value': 0, 'enabled': False}
2025-10-20 14:59:46,829 : INFO : EventManager : Event: ======'logicblock_intergalactic_shot_5_updated'====== Args={'value': 0, 'enabled': False}
2025-10-20 14:59:46,830 : INFO : Mode.intergalactic : Started. Priority: 1000
2025-10-20 14:59:46,830 : INFO : EventManager : Event: ======'modes_active_modes_changed'====== Args={}
2025-10-20 14:59:46,830 : INFO : EventManager : Event: ======'mode_intergalactic_started'====== Args={}
2025-10-20 14:59:46,831 : INFO : EventManager : Event: ======'player_mode_blocking_flag'====== Args={'value': 1, 'prev_value': 0, 'change': 1, 'player_num': 1, 'source': 'intergalactic'}
2025-10-20 14:59:46,831 : INFO : EventManager : Event: ======'player_mode_intergalactic_score'====== Args={'value': 0, 'prev_value': 0, 'change': 0, 'player_num': 1, 'source': 'base'}
2025-10-20 14:59:46,831 : INFO : Timer.intergalactic_intro_show : Starting Timer.
2025-10-20 14:59:46,831 : INFO : EventManager : Event: ======'timer_intergalactic_intro_show_started'====== Args={'ticks': 0, 'ticks_remaining': 13}
2025-10-20 14:59:46,832 : INFO : EventManager : Event: ======'timer_intergalactic_intro_show_tick'====== Args={'ticks': 0, 'ticks_remaining': 13}
2025-10-20 14:59:46,836 : INFO : EventManager : Event: ======'player_intergalactic_intro_show_variable_times_100'====== Args={'value': 0, 'prev_value': 0, 'change': 0, 'player_num': 1, 'source': 'intergalactic'}
2025-10-20 14:59:46,837 : INFO : EventManager : Event: ======'slide_current_mode_highlighted_removed'====== Args={'_from_bcp': True}
2025-10-20 14:59:46,856 : INFO : EventManager : Event: ======'slide_base_removed'====== Args={'_from_bcp': True}
2025-10-20 14:59:46,857 : INFO : EventManager : Event: ======'slide_basevideo3_removed'====== Args={'_from_bcp': True}
2025-10-20 14:59:46,872 : INFO : EventManager : Event: ======'slide_intergalactic_created'====== Args={'_from_bcp': True}
2025-10-20 14:59:46,877 : INFO : EventManager : Event: ======'slide_intergalactic_instructions_created'====== Args={'_from_bcp': True}
2025-10-20 14:59:47,280 : INFO : EventManager : Event: ======'balldevice_bd_scoop_ball_count_changed'====== Args={'balls': 1}
2025-10-20 14:59:47,280 : INFO : ball_device.bd_scoop : Received unexpected ball
2025-10-20 14:59:47,280 : INFO : EventManager : Event: ======'balldevice_captured_from_playfield'====== Args={'balls': 1}
2025-10-20 14:59:47,281 : INFO : EventManager : Event: ======'sw_playfield_active'====== Args={'balls': 1}
2025-10-20 14:59:47,281 : INFO : EventManager : Event: ======'playfield_ball_count_change'====== Args={'balls': 0, 'change': -1}
2025-10-20 14:59:47,283 : INFO : EventManager : Event: ======'balldevice_bd_scoop_ball_enter'====== Args={'new_balls': 1, 'unclaimed_balls': 1, 'new_available_balls': 1, 'device': <ball_device.bd_scoop>}
2025-10-20 14:59:47,284 : INFO : EventManager : Event: ======'ball_hold_intergalactic_scoop_hold_held_ball'====== Args={'balls_held': 1, 'total_balls_held': 1}
2025-10-20 14:59:47,284 : INFO : EventManager : Event: ======'ball_hold_intergalactic_scoop_hold_full'====== Args={'balls': 1}
2025-10-20 14:59:47,285 : INFO : EventManager : Event: ======'balldevice_balls_available'====== Args={}
2025-10-20 14:59:47,285 : INFO : EventManager : Event: ======'balldevice_bd_scoop_ball_entered'====== Args={'new_balls': 1, 'device': <ball_device.bd_scoop>}
2025-10-20 14:59:47,844 : INFO : EventManager : Event: ======'player_intergalactic_intergalactic_intro_show_tick'====== Args={'value': 1, 'prev_value': 0, 'change': 1, 'player_num': 1}
2025-10-20 14:59:47,845 : INFO : EventManager : Event: ======'timer_intergalactic_intro_show_tick'====== Args={'ticks': 1, 'ticks_remaining': 12}
2025-10-20 14:59:47,848 : INFO : EventManager : Event: ======'player_intergalactic_intro_show_variable_times_100'====== Args={'value': 100, 'prev_value': 0, 'change': 100, 'player_num': 1, 'source': 'intergalactic'}
2025-10-20 14:59:47,890 : INFO : EventManager : Event: ======'ball_save_default_disabled'====== Args={}
2025-10-20 14:59:48,846 : INFO : EventManager : Event: ======'player_intergalactic_intergalactic_intro_show_tick'====== Args={'value': 2, 'prev_value': 1, 'change': 1, 'player_num': 1}
2025-10-20 14:59:48,847 : INFO : EventManager : Event: ======'timer_intergalactic_intro_show_tick'====== Args={'ticks': 2, 'ticks_remaining': 11}
2025-10-20 14:59:48,850 : INFO : EventManager : Event: ======'player_intergalactic_intro_show_variable_times_100'====== Args={'value': 200, 'prev_value': 100, 'change': 100, 'player_num': 1, 'source': 'intergalactic'}
2025-10-20 14:59:49,709 : INFO : SwitchController : <<<<<<< 's_right_flipper' active >>>>>>>
2025-10-20 14:59:49,710 : INFO : EventManager : Event: ======'machine_var_audits_switches_s_right_flipper'====== Args={'value': 1635, 'prev_value': 1634, 'change': 1}
2025-10-20 14:59:49,727 : INFO : SwitchController : <<<<<<< 's_left_flipper' active >>>>>>>
2025-10-20 14:59:49,727 : INFO : EventManager : Event: ======'flipper_cancel'====== Args={'triggering_group': 1, 'triggering_switch': 's_left_flipper'}
2025-10-20 14:59:49,729 : INFO : EventManager : Event: ======'machine_var_audits_switches_s_left_flipper'====== Args={'value': 1286, 'prev_value': 1285, 'change': 1}
2025-10-20 14:59:49,730 : INFO : EventManager : Event: ======'player_intergalactic_intergalactic_intro_show_tick'====== Args={'value': 13, 'prev_value': 2, 'change': 11, 'player_num': 1}
2025-10-20 14:59:49,730 : INFO : Timer.intergalactic_intro_show : Timer Complete
2025-10-20 14:59:49,730 : INFO : Timer.intergalactic_intro_show : Stopping Timer
2025-10-20 14:59:49,732 : INFO : EventManager : Event: ======'timer_intergalactic_intro_show_stopped'====== Args={'ticks': 13, 'ticks_remaining': 11}
2025-10-20 14:59:49,732 : INFO : EventManager : Event: ======'timer_intergalactic_intro_show_complete'====== Args={'ticks': 13, 'ticks_remaining': 11}
2025-10-20 14:59:49,734 : INFO : ball_device.bd_scoop : Adding 1 ball(s) to the eject_queue with target <playfield.playfield>.
2025-10-20 14:59:49,734 : INFO : EventManager : Event: ======'balldevice_balls_available'====== Args={}
2025-10-20 14:59:49,734 : INFO : EventManager : Event: ======'ball_hold_intergalactic_scoop_hold_balls_released'====== Args={'balls_released': 1}
2025-10-20 14:59:49,735 : INFO : Timer.intergalactic_time_remaining : Starting Timer.
2025-10-20 14:59:49,736 : INFO : EventManager : Event: ======'timer_intergalactic_time_remaining_started'====== Args={'ticks': 60, 'ticks_remaining': 60}
2025-10-20 14:59:49,737 : INFO : EventManager : Event: ======'timer_intergalactic_time_remaining_tick'====== Args={'ticks': 60, 'ticks_remaining': 60}
2025-10-20 14:59:49,738 : INFO : EventManager : Event: ======'player_intergalactic_time_remaining_variable_times_1'====== Args={'value': 60, 'prev_value': 0, 'change': 60, 'player_num': 1, 'source': 'intergalactic'}
2025-10-20 14:59:49,745 : INFO : EventManager : Event: ======'slide_intergalactic_instructions_removed'====== Args={'_from_bcp': True}
2025-10-20 14:59:49,746 : INFO : ball_device.bd_scoop : State: waiting_for_target_ready
2025-10-20 14:59:49,747 : INFO : EventManager : Event: ======'balldevice_bd_scoop_ball_eject_attempt'====== Args={'balls': 1, 'target': <playfield.playfield>, 'source': <ball_device.bd_scoop>, 'mechanical_eject': False, 'num_attempts': 0}
2025-10-20 14:59:49,749 : INFO : ball_device.bd_scoop : State: ejecting
2025-10-20 14:59:49,749 : INFO : ball_device.bd_scoop : Ejecting ball to <playfield.playfield>
2025-10-20 14:59:49,750 : INFO : EventManager : Event: ======'balldevice_bd_scoop_ejecting_ball'====== Args={'balls': 1, 'target': <playfield.playfield>, 'source': <ball_device.bd_scoop>, 'mechanical_eject': False, 'num_attempts': 0}
2025-10-20 14:59:49,751 : INFO : EventManager : Event: ======'slide_intergalactic_right_shot_lit_created'====== Args={'_from_bcp': True}
2025-10-20 14:59:49,752 : INFO : ball_device.bd_scoop : Wait for ball to leave device
2025-10-20 14:59:49,752 : INFO : coil.c_scoop_eject : Pulsing Driver for 25ms (1.0 pulse_power)
2025-10-20 14:59:49,754 : INFO : SwitchController : <<<<<<< 's_scoop' inactive >>>>>>>
2025-10-20 14:59:49,760 : INFO : EventManager : Event: ======'slide_intergalactic_display_timer_created'====== Args={'_from_bcp': True}
2025-10-20 14:59:49,761 : INFO : ball_device.bd_scoop : State: ball_left
2025-10-20 14:59:49,762 : INFO : ball_device.bd_scoop : Ball left
2025-10-20 14:59:49,762 : INFO : ball_device.bd_scoop : Wait for confirm with timeout 3.0
2025-10-20 14:59:49,859 : INFO : SwitchController : <<<<<<< 's_left_flipper' inactive >>>>>>>
2025-10-20 14:59:49,859 : INFO : EventManager : Event: ======'sw_left_flipper_inactive'====== Args={}
2025-10-20 14:59:49,859 : INFO : EventManager : Event: ======'both_flippers_one'====== Args={'triggering_group': 1, 'triggering_switch': 's_left_flipper'}
2025-10-20 14:59:49,893 : INFO : SwitchController : <<<<<<< 's_right_flipper' inactive >>>>>>>
2025-10-20 14:59:49,893 : INFO : EventManager : Event: ======'sw_right_flipper_inactive'====== Args={}
2025-10-20 14:59:49,893 : INFO : EventManager : Event: ======'both_flippers_inactive'====== Args={'triggering_group': 2, 'triggering_switch': 's_right_flipper'}
2025-10-20 14:59:50,722 : INFO : EventManager : Event: ======'player_intergalactic_intergalactic_time_remaining_tick'====== Args={'value': 59, 'prev_value': 60, 'change': -1, 'player_num': 1}
2025-10-20 14:59:50,723 : INFO : EventManager : Event: ======'timer_intergalactic_time_remaining_tick'====== Args={'ticks': 59, 'ticks_remaining': 59}
2025-10-20 14:59:50,726 : INFO : EventManager : Event: ======'player_intergalactic_time_remaining_variable_times_1'====== Args={'value': 59, 'prev_value': 60, 'change': -1, 'player_num': 1, 'source': 'intergalactic'}
2025-10-20 14:59:51,734 : INFO : EventManager : Event: ======'player_intergalactic_intergalactic_time_remaining_tick'====== Args={'value': 58, 'prev_value': 59, 'change': -1, 'player_num': 1}
2025-10-20 14:59:51,735 : INFO : EventManager : Event: ======'timer_intergalactic_time_remaining_tick'====== Args={'ticks': 58, 'ticks_remaining': 58}
2025-10-20 14:59:51,740 : INFO : EventManager : Event: ======'player_intergalactic_time_remaining_variable_times_1'====== Args={'value': 58, 'prev_value': 59, 'change': -1, 'player_num': 1, 'source': 'intergalactic'}
2025-10-20 14:59:52,738 : INFO : EventManager : Event: ======'player_intergalactic_intergalactic_time_remaining_tick'====== Args={'value': 57, 'prev_value': 58, 'change': -1, 'player_num': 1}
2025-10-20 14:59:52,739 : INFO : EventManager : Event: ======'timer_intergalactic_time_remaining_tick'====== Args={'ticks': 57, 'ticks_remaining': 57}
2025-10-20 14:59:52,742 : INFO : EventManager : Event: ======'player_intergalactic_time_remaining_variable_times_1'====== Args={'value': 57, 'prev_value': 58, 'change': -1, 'player_num': 1, 'source': 'intergalactic'}
2025-10-20 14:59:52,769 : INFO : ball_device.bd_scoop : State: failed_confirm
2025-10-20 14:59:52,770 : INFO : ball_device.bd_scoop : Got timeout (3.0s) before confirm from <playfield.playfield>
2025-10-20 14:59:52,862 : INFO : ball_device.bd_scoop : Confirming eject because target is playfield and ball did not return.
2025-10-20 14:59:52,862 : INFO : ball_device.bd_scoop : Eject successful
2025-10-20 14:59:52,862 : INFO : EventManager : Event: ======'balldevice_bd_scoop_ball_eject_success'====== Args={'balls': 1, 'target': <playfield.playfield>}
2025-10-20 14:59:52,864 : INFO : EventManager : Event: ======'balldevice_playfield_ball_enter'====== Args={'new_balls': 1, 'unclaimed_balls': 1, 'device': <playfield.playfield>}
2025-10-20 14:59:52,864 : INFO : EventManager : Event: ======'playfield_ball_count_change'====== Args={'balls': 1, 'change': 1}
2025-10-20 14:59:52,865 : INFO : EventManager : Event: ======'balldevice_bd_scoop_ball_count_changed'====== Args={'balls': 0}
2025-10-20 14:59:52,865 : INFO : ball_device.bd_scoop : State: idle
2025-10-20 14:59:53,737 : INFO : EventManager : Event: ======'player_intergalactic_intergalactic_time_remaining_tick'====== Args={'value': 56, 'prev_value': 57, 'change': -1, 'player_num': 1}
2025-10-20 14:59:53,739 : INFO : EventManager : Event: ======'timer_intergalactic_time_remaining_tick'====== Args={'ticks': 56, 'ticks_remaining': 56}
2025-10-20 14:59:53,742 : INFO : EventManager : Event: ======'player_intergalactic_time_remaining_variable_times_1'====== Args={'value': 56, 'prev_value': 57, 'change': -1, 'player_num': 1, 'source': 'intergalactic'}
2025-10-20 14:59:54,734 : INFO : EventManager : Event: ======'player_intergalactic_intergalactic_time_remaining_tick'====== Args={'value': 55, 'prev_value': 56, 'change': -1, 'player_num': 1}
2025-10-20 14:59:54,735 : INFO : EventManager : Event: ======'timer_intergalactic_time_remaining_tick'====== Args={'ticks': 55, 'ticks_remaining': 55}
2025-10-20 14:59:54,738 : INFO : EventManager : Event: ======'player_intergalactic_time_remaining_variable_times_1'====== Args={'value': 55, 'prev_value': 56, 'change': -1, 'player_num': 1, 'source': 'intergalactic'}
2025-10-20 14:59:55,092 : INFO : Machine : Shutting down...
2025-10-20 14:59:55,093 : INFO : EventManager : Event: ======'shutdown'====== Args={}
2025-10-20 14:59:55,093 : INFO : EventManager : Event: ======'mode_service_will_stop'====== Args={}
2025-10-20 14:59:55,094 : INFO : EventManager : Event: ======'mode_service_stopping'====== Args={}
2025-10-20 14:59:55,094 : INFO : Mode.service : Stopped.
2025-10-20 14:59:55,095 : INFO : EventManager : Event: ======'modes_active_modes_changed'====== Args={}
2025-10-20 14:59:55,095 : INFO : EventManager : Event: ======'mode_service_stopped'====== Args={}
2025-10-20 14:59:55,095 : INFO : EventManager : Event: ======'clear'====== Args={'key': 'service'}
2025-10-20 14:59:55,096 : INFO : EventManager : Event: ======'mode_game_will_stop'====== Args={}
2025-10-20 14:59:55,096 : INFO : EventManager : Event: ======'mode_game_stopping'====== Args={}
2025-10-20 14:59:55,097 : INFO : EventManager : Event: ======'mode_intergalactic_will_stop'====== Args={}
2025-10-20 14:59:55,097 : INFO : EventManager : Event: ======'mode_intergalactic_stopping'====== Args={}
2025-10-20 14:59:55,097 : INFO : EventManager : Event: ======'mode_base_will_stop'====== Args={}
2025-10-20 14:59:55,097 : INFO : EventManager : Event: ======'mode_base_stopping'====== Args={}
2025-10-20 14:59:55,097 : INFO : EventManager : Event: ======'mode_multiball_will_stop'====== Args={}
2025-10-20 14:59:55,097 : INFO : EventManager : Event: ======'mode_multiball_stopping'====== Args={}
2025-10-20 14:59:55,099 : INFO : Mode.multiball : Stopped.
2025-10-20 14:59:55,101 : INFO : EventManager : Event: ======'modes_active_modes_changed'====== Args={}
2025-10-20 14:59:55,101 : INFO : EventManager : Event: ======'mode_multiball_stopped'====== Args={}
2025-10-20 14:59:55,101 : INFO : EventManager : Event: ======'clear'====== Args={'key': 'multiball'}
2025-10-20 14:59:55,101 : INFO : Mode.base : Stopped.
2025-10-20 14:59:55,103 : INFO : EventManager : Event: ======'modes_active_modes_changed'====== Args={}
2025-10-20 14:59:55,103 : INFO : EventManager : Event: ======'mode_base_stopped'====== Args={}
2025-10-20 14:59:55,104 : INFO : EventManager : Event: ======'clear'====== Args={'key': 'base'}
2025-10-20 14:59:55,110 : INFO : Mode.intergalactic : Stopped.
2025-10-20 14:59:55,110 : INFO : EventManager : Event: ======'modes_active_modes_changed'====== Args={}
2025-10-20 14:59:55,111 : INFO : EventManager : Event: ======'mode_intergalactic_stopped'====== Args={}
2025-10-20 14:59:55,111 : INFO : EventManager : Event: ======'clear'====== Args={'key': 'intergalactic'}
2025-10-20 14:59:55,111 : INFO : Timer.intergalactic_time_remaining : Stopping Timer
2025-10-20 14:59:55,111 : INFO : EventManager : Event: ======'timer_intergalactic_time_remaining_stopped'====== Args={'ticks': 55, 'ticks_remaining': 55}
2025-10-20 14:59:55,111 : INFO : Timer.intergalactic_intro_show : Stopping Timer
2025-10-20 14:59:55,112 : INFO : EventManager : Event: ======'timer_intergalactic_intro_show_stopped'====== Args={'ticks': 13, 'ticks_remaining': 11}
2025-10-20 14:59:55,112 : INFO : Mode.game : Stopped.
2025-10-20 14:59:55,112 : INFO : EventManager : Event: ======'modes_active_modes_changed'====== Args={}
2025-10-20 14:59:55,113 : INFO : EventManager : Event: ======'mode_game_stopped'====== Args={}
2025-10-20 14:59:55,113 : INFO : EventManager : Event: ======'clear'====== Args={'key': 'game'}
2025-10-20 14:59:55,117 : INFO : root : MPF run loop ended.
