2025-10-02 19:39:36,925 : INFO : root : Loading config.
2025-10-02 19:39:36,930 : INFO : YamlMultifileConfigLoader : Machine config file #1: config.yaml
2025-10-02 19:39:36,930 : INFO : ConfigProcessor : Loading config from cache: C:\Users\sdona\AppData\Local\Temp\19f6d0d7953982fda9d956182316b8e5.mpf_cache
2025-10-02 19:39:37,047 : INFO : ConfigProcessor : Loading config from cache: C:\Users\sdona\AppData\Local\Temp\835b5bfea4be8b279a05e96caaaffbbb.mpf_cache
2025-10-02 19:39:37,047 : INFO : ConfigProcessor : Loading config from cache: C:\Users\sdona\AppData\Local\Temp\9b0a7575388f9d9bd2f6ab87bf9fd2f7.mpf_cache
2025-10-02 19:39:37,048 : INFO : ConfigProcessor : Loading config from cache: C:\Users\sdona\AppData\Local\Temp\c340ec0033d1055cd797ffd5447ef414.mpf_cache
2025-10-02 19:39:37,049 : INFO : ConfigProcessor : Loading config from cache: C:\Users\sdona\AppData\Local\Temp\835b5bfea4be8b279a05e96caaaffbbb.mpf_cache
2025-10-02 19:39:37,049 : INFO : ConfigProcessor : Loading config from cache: C:\Users\sdona\AppData\Local\Temp\8c11a28e3c38d4ad47947b6a126f2ee9.mpf_cache
2025-10-02 19:39:37,051 : WARNING : ConfigProcessor : Config file in cache changed: C:\venv\mpf\mmmdrop\modes\multiball\config\multiball.yaml
2025-10-02 19:39:37,051 : INFO : ConfigProcessor : Loading config from file C:\venv\mpf\mmmdrop\modes\multiball\config\multiball.yaml.
2025-10-02 19:39:37,054 : INFO : ConfigProcessor : Loading config: C:\venv\mpf\mmmdrop\modes\multiball\config\multiball.yaml
2025-10-02 19:39:37,054 : INFO : ConfigProcessor : Config file cache created: C:\Users\sdona\AppData\Local\Temp\e391083cdc9e667060411fe5838e93f2.mpf_cache
2025-10-02 19:39:37,055 : INFO : ConfigProcessor : Loading config from cache: C:\Users\sdona\AppData\Local\Temp\f0c219a993d891ee86dcb7eae47dde67.mpf_cache
2025-10-02 19:39:37,056 : INFO : ConfigProcessor : Loading config from cache: C:\Users\sdona\AppData\Local\Temp\96aa58108928490b129531848cd9b506.mpf_cache
2025-10-02 19:39:37,056 : INFO : ConfigProcessor : Loading config from cache: C:\Users\sdona\AppData\Local\Temp\567636b9d9766e3361204e954a8382da.mpf_cache
2025-10-02 19:39:37,058 : INFO : Machine : Mission Pinball Framework Core Engine v0.80.0.dev9
2025-10-02 19:39:37,058 : INFO : Machine : Command line arguments: {'no_load_cache': False, 'create_config_cache': True, 'bcp': True, 'configfile': ['config.yaml'], 'force_assets_load': False, 'platform_integration_test': False, 'jsonlogging': False, 'logfile': 'logs\\2025-10-02-19-39-36-mpf-PinballLaptop.log', 'pause': False, 'production': False, 'text_ui': True, 'loglevel': 15, 'consoleloglevel': 20, 'force_platform': 'smart_virtual', 'syslog_address': None, 'full_logfile_path': 'C:\\venv\\mpf\\mmmdrop\\logs\\2025-10-02-19-39-36-mpf-PinballLaptop.log'}
2025-10-02 19:39:37,058 : INFO : Machine : MPF path: c:\venv\mpf\lib\site-packages\mpf
2025-10-02 19:39:37,058 : INFO : Machine : Machine path: C:\venv\mpf\mmmdrop
2025-10-02 19:39:37,059 : INFO : Machine : Platform: win32
2025-10-02 19:39:37,059 : INFO : Machine : Python executable location: c:\venv\mpf\Scripts\python.exe
2025-10-02 19:39:37,059 : INFO : Machine : Python version: 3.9.13 (64-bit)
2025-10-02 19:39:37,060 : INFO : Machine : Initializing MPF...
2025-10-02 19:39:37,275 : INFO : EventManager : Event: ======'machine_var_credits_string'====== Args={'value': 'FREE PLAY', 'prev_value': None, 'change': True}
2025-10-02 19:39:37,304 : INFO : EventManager : Event: ======'machine_var_fast_audio_headphones_volume'====== Args={'value': 10, 'prev_value': None, 'change': True}
2025-10-02 19:39:37,305 : INFO : EventManager : Event: ======'machine_var_fast_audio_main_volume'====== Args={'value': 44, 'prev_value': None, 'change': True}
2025-10-02 19:39:37,305 : INFO : EventManager : Event: ======'machine_var_master_volume'====== Args={'value': 0.15, 'prev_value': None, 'change': True}
2025-10-02 19:39:37,305 : INFO : EventManager : Event: ======'machine_var_player1_score'====== Args={'value': 140190, 'prev_value': None, 'change': True}
2025-10-02 19:39:37,305 : INFO : EventManager : Event: ======'machine_var_mpf_version'====== Args={'value': 'Mission Pinball Framework v0.80.0.dev9', 'prev_value': None, 'change': True}
2025-10-02 19:39:37,305 : INFO : EventManager : Event: ======'machine_var_mpf_extended_version'====== Args={'value': 'Mission Pinball Framework v0.80.0.dev9, Config version:6, Show version: 6, BCP version:1.1', 'prev_value': None, 'change': True}
2025-10-02 19:39:37,305 : INFO : EventManager : Event: ======'machine_var_python_version'====== Args={'value': '3.9.13', 'prev_value': None, 'change': True}
2025-10-02 19:39:37,338 : INFO : EventManager : Event: ======'machine_var_platform'====== Args={'value': 'Windows-10-10.0.26100-SP0', 'prev_value': None, 'change': True}
2025-10-02 19:39:37,338 : INFO : EventManager : Event: ======'machine_var_platform_system'====== Args={'value': 'Windows', 'prev_value': None, 'change': True}
2025-10-02 19:39:37,338 : INFO : EventManager : Event: ======'machine_var_platform_release'====== Args={'value': '10', 'prev_value': None, 'change': True}
2025-10-02 19:39:37,338 : INFO : EventManager : Event: ======'machine_var_platform_version'====== Args={'value': '10.0.26100', 'prev_value': None, 'change': True}
2025-10-02 19:39:37,338 : INFO : EventManager : Event: ======'machine_var_platform_machine'====== Args={'value': 'AMD64', 'prev_value': None, 'change': True}
2025-10-02 19:39:37,338 : INFO : EventManager : Event: ======'machine_var_log_file_path'====== Args={'value': 'C:\\venv\\mpf\\mmmdrop\\logs\\2025-10-02-19-39-36-mpf-PinballLaptop.log', 'prev_value': None, 'change': True}
2025-10-02 19:39:37,338 : INFO : EventManager : Event: ======'init_phase_1'====== Args={}
2025-10-02 19:39:37,371 : INFO : EventManager : Event: ======'drop_target_bank_three_bank_up'====== Args={}
2025-10-02 19:39:37,371 : INFO : EventManager : Event: ======'init_phase_2'====== Args={}
2025-10-02 19:39:37,372 : INFO : SwitchController : Found active switch: ('3208-0', <Platform.SmartVirtual>) <switch.s_trough1>
2025-10-02 19:39:37,372 : INFO : SwitchController : Found active switch: ('3208-1', <Platform.SmartVirtual>) <switch.s_trough2>
2025-10-02 19:39:37,372 : INFO : SwitchController : Found active switch: ('3208-2', <Platform.SmartVirtual>) <switch.s_trough3>
2025-10-02 19:39:37,372 : INFO : SwitchController : Found active switch: ('3208-3', <Platform.SmartVirtual>) <switch.s_trough4>
2025-10-02 19:39:37,372 : INFO : SwitchController : Found active switch: ('3208-4', <Platform.SmartVirtual>) <switch.s_trough5>
2025-10-02 19:39:37,372 : INFO : SwitchController : Found active switch: ('3208-5', <Platform.SmartVirtual>) <switch.s_trough6>
2025-10-02 19:39:37,377 : INFO : EventManager : Event: ======'bcp_connection_attempt'====== Args={'name': 'local_display', 'host': 'localhost', 'port': 5050}
2025-10-02 19:39:37,379 : INFO : BCPClientSocket : Connecting BCP to 'local_display' at localhost:5050...
2025-10-02 19:39:40,958 : INFO : BCPClientSocket : Connected BCP to 'local_display' localhost:5050
2025-10-02 19:39:40,959 : INFO : EventManager : Event: ======'bcp_clients_connected'====== Args={}
2025-10-02 19:39:41,106 : INFO : ball_device.bd_trough : BCH: Initial count: 6
2025-10-02 19:39:41,106 : INFO : ball_device.bd_trough : State: idle
2025-10-02 19:39:41,108 : INFO : ball_device.bd_plunger : BCH: Initial count: 0
2025-10-02 19:39:41,108 : INFO : ball_device.bd_plunger : State: idle
2025-10-02 19:39:41,109 : INFO : ball_device.bd_scoop : BCH: Initial count: 0
2025-10-02 19:39:41,109 : INFO : ball_device.bd_scoop : State: idle
2025-10-02 19:39:41,125 : INFO : EventManager : Event: ======'init_phase_3'====== Args={}
2025-10-02 19:39:41,188 : INFO : EventManager : Event: ======'init_phase_4'====== Args={}
2025-10-02 19:39:41,190 : INFO : BallController : Initial balls found: 6
2025-10-02 19:39:41,192 : INFO : EventManager : Event: ======'machine_var_audits_events_game_ended'====== Args={'value': 36, 'prev_value': None, 'change': True}
2025-10-02 19:39:41,192 : INFO : EventManager : Event: ======'machine_var_audits_events_game_started'====== Args={'value': 224, 'prev_value': None, 'change': True}
2025-10-02 19:39:41,192 : INFO : EventManager : Event: ======'machine_var_audits_missing_switches_s_captive_ball'====== Args={'value': 17, 'prev_value': None, 'change': True}
2025-10-02 19:39:41,192 : INFO : EventManager : Event: ======'machine_var_audits_missing_switches_s_inner_orbit'====== Args={'value': 150, 'prev_value': None, 'change': True}
2025-10-02 19:39:41,192 : INFO : EventManager : Event: ======'machine_var_audits_missing_switches_s_left_flipper'====== Args={'value': 22, 'prev_value': None, 'change': True}
2025-10-02 19:39:41,194 : INFO : EventManager : Event: ======'machine_var_audits_missing_switches_s_left_inlane'====== Args={'value': 35, 'prev_value': None, 'change': True}
2025-10-02 19:39:41,194 : INFO : EventManager : Event: ======'machine_var_audits_missing_switches_s_left_orbit'====== Args={'value': 17, 'prev_value': None, 'change': True}
2025-10-02 19:39:41,194 : INFO : EventManager : Event: ======'machine_var_audits_missing_switches_s_left_outlane'====== Args={'value': 35, 'prev_value': None, 'change': True}
2025-10-02 19:39:41,194 : INFO : EventManager : Event: ======'machine_var_audits_missing_switches_s_left_ramp'====== Args={'value': 17, 'prev_value': None, 'change': True}
2025-10-02 19:39:41,194 : INFO : EventManager : Event: ======'machine_var_audits_missing_switches_s_left_slingshot'====== Args={'value': 150, 'prev_value': None, 'change': True}
2025-10-02 19:39:41,194 : INFO : EventManager : Event: ======'machine_var_audits_missing_switches_s_pop_standup'====== Args={'value': 17, 'prev_value': None, 'change': True}
2025-10-02 19:39:41,194 : INFO : EventManager : Event: ======'machine_var_audits_missing_switches_s_right_flipper'====== Args={'value': 22, 'prev_value': None, 'change': True}
2025-10-02 19:39:41,194 : INFO : EventManager : Event: ======'machine_var_audits_missing_switches_s_right_inlane'====== Args={'value': 35, 'prev_value': None, 'change': True}
2025-10-02 19:39:41,194 : INFO : EventManager : Event: ======'machine_var_audits_missing_switches_s_right_orbit'====== Args={'value': 17, 'prev_value': None, 'change': True}
2025-10-02 19:39:41,195 : INFO : EventManager : Event: ======'machine_var_audits_missing_switches_s_right_outlane'====== Args={'value': 35, 'prev_value': None, 'change': True}
2025-10-02 19:39:41,195 : INFO : EventManager : Event: ======'machine_var_audits_missing_switches_s_right_ramp'====== Args={'value': 17, 'prev_value': None, 'change': True}
2025-10-02 19:39:41,195 : INFO : EventManager : Event: ======'machine_var_audits_missing_switches_s_scoop'====== Args={'value': 1, 'prev_value': None, 'change': True}
2025-10-02 19:39:41,195 : INFO : EventManager : Event: ======'machine_var_audits_missing_switches_s_spinner'====== Args={'value': 56, 'prev_value': None, 'change': True}
2025-10-02 19:39:41,195 : INFO : EventManager : Event: ======'machine_var_audits_missing_switches_s_start'====== Args={'value': 19, 'prev_value': None, 'change': True}
2025-10-02 19:39:41,195 : INFO : EventManager : Event: ======'machine_var_audits_missing_switches_s_tilt_bob'====== Args={'value': 158, 'prev_value': None, 'change': True}
2025-10-02 19:39:41,195 : INFO : EventManager : Event: ======'machine_var_audits_missing_switches_s_top_right_flipper'====== Args={'value': 150, 'prev_value': None, 'change': True}
2025-10-02 19:39:41,195 : INFO : EventManager : Event: ======'machine_var_audits_missing_switches_s_trough1'====== Args={'value': 6, 'prev_value': None, 'change': True}
2025-10-02 19:39:41,195 : INFO : EventManager : Event: ======'machine_var_audits_missing_switches_s_trough2'====== Args={'value': 149, 'prev_value': None, 'change': True}
2025-10-02 19:39:41,196 : INFO : EventManager : Event: ======'machine_var_audits_missing_switches_s_trough3'====== Args={'value': 149, 'prev_value': None, 'change': True}
2025-10-02 19:39:41,196 : INFO : EventManager : Event: ======'machine_var_audits_missing_switches_s_trough4'====== Args={'value': 149, 'prev_value': None, 'change': True}
2025-10-02 19:39:41,196 : INFO : EventManager : Event: ======'machine_var_audits_missing_switches_s_trough5'====== Args={'value': 149, 'prev_value': None, 'change': True}
2025-10-02 19:39:41,196 : INFO : EventManager : Event: ======'machine_var_audits_missing_switches_s_trough6'====== Args={'value': 150, 'prev_value': None, 'change': True}
2025-10-02 19:39:41,196 : INFO : EventManager : Event: ======'machine_var_audits_missing_switches_s_trough_jam'====== Args={'value': 150, 'prev_value': None, 'change': True}
2025-10-02 19:39:41,196 : INFO : EventManager : Event: ======'machine_var_audits_missing_switches_s_tshirt_top_standup'====== Args={'value': 2, 'prev_value': None, 'change': True}
2025-10-02 19:39:41,196 : INFO : EventManager : Event: ======'machine_var_audits_missing_switches_s_upper_pop_standup'====== Args={'value': 150, 'prev_value': None, 'change': True}
2025-10-02 19:39:41,196 : INFO : EventManager : Event: ======'machine_var_audits_player_score'====== Args={'value': {'average': 16766, 'top': [140190, 55679, 54526, 46225, 25350, 24166, 23278, 22740, 20422, 20201], 'total': 37}, 'prev_value': None, 'change': True}
2025-10-02 19:39:41,197 : INFO : EventManager : Event: ======'machine_var_audits_shots_skill_captive'====== Args={'value': 16, 'prev_value': None, 'change': True}
2025-10-02 19:39:41,197 : INFO : EventManager : Event: ======'machine_var_audits_shots_skill_drop_targets'====== Args={'value': 13, 'prev_value': None, 'change': True}
2025-10-02 19:39:41,197 : INFO : EventManager : Event: ======'machine_var_audits_shots_skill_side_targets'====== Args={'value': 20, 'prev_value': None, 'change': True}
2025-10-02 19:39:41,197 : INFO : EventManager : Event: ======'machine_var_audits_switches_s_captive_ball'====== Args={'value': 159, 'prev_value': None, 'change': True}
2025-10-02 19:39:41,197 : INFO : EventManager : Event: ======'machine_var_audits_switches_s_center_upper_pop'====== Args={'value': 194, 'prev_value': None, 'change': True}
2025-10-02 19:39:41,197 : INFO : EventManager : Event: ======'machine_var_audits_switches_s_inner_orbit'====== Args={'value': 0, 'prev_value': None, 'change': True}
2025-10-02 19:39:41,197 : INFO : EventManager : Event: ======'machine_var_audits_switches_s_left_flipper'====== Args={'value': 1243, 'prev_value': None, 'change': True}
2025-10-02 19:39:41,197 : INFO : EventManager : Event: ======'machine_var_audits_switches_s_left_inlane'====== Args={'value': 109, 'prev_value': None, 'change': True}
2025-10-02 19:39:41,197 : INFO : EventManager : Event: ======'machine_var_audits_switches_s_left_orbit'====== Args={'value': 17, 'prev_value': None, 'change': True}
2025-10-02 19:39:41,198 : INFO : EventManager : Event: ======'machine_var_audits_switches_s_left_outlane'====== Args={'value': 55, 'prev_value': None, 'change': True}
2025-10-02 19:39:41,198 : INFO : EventManager : Event: ======'machine_var_audits_switches_s_left_ramp'====== Args={'value': 28, 'prev_value': None, 'change': True}
2025-10-02 19:39:41,198 : INFO : EventManager : Event: ======'machine_var_audits_switches_s_left_slingshot'====== Args={'value': 259, 'prev_value': None, 'change': True}
2025-10-02 19:39:41,198 : INFO : EventManager : Event: ======'machine_var_audits_switches_s_left_upper_pop'====== Args={'value': 147, 'prev_value': None, 'change': True}
2025-10-02 19:39:41,198 : INFO : EventManager : Event: ======'machine_var_audits_switches_s_plunger'====== Args={'value': 621, 'prev_value': None, 'change': True}
2025-10-02 19:39:41,198 : INFO : EventManager : Event: ======'machine_var_audits_switches_s_pop_standup'====== Args={'value': 64, 'prev_value': None, 'change': True}
2025-10-02 19:39:41,198 : INFO : EventManager : Event: ======'machine_var_audits_switches_s_right_flipper'====== Args={'value': 1515, 'prev_value': None, 'change': True}
2025-10-02 19:39:41,198 : INFO : EventManager : Event: ======'machine_var_audits_switches_s_right_inlane'====== Args={'value': 106, 'prev_value': None, 'change': True}
2025-10-02 19:39:41,199 : INFO : EventManager : Event: ======'machine_var_audits_switches_s_right_lower_pop'====== Args={'value': 429, 'prev_value': None, 'change': True}
2025-10-02 19:39:41,199 : INFO : EventManager : Event: ======'machine_var_audits_switches_s_right_orbit'====== Args={'value': 17, 'prev_value': None, 'change': True}
2025-10-02 19:39:41,199 : INFO : EventManager : Event: ======'machine_var_audits_switches_s_right_outlane'====== Args={'value': 53, 'prev_value': None, 'change': True}
2025-10-02 19:39:41,199 : INFO : EventManager : Event: ======'machine_var_audits_switches_s_right_ramp'====== Args={'value': 31, 'prev_value': None, 'change': True}
2025-10-02 19:39:41,199 : INFO : EventManager : Event: ======'machine_var_audits_switches_s_right_slingshot'====== Args={'value': 366, 'prev_value': None, 'change': True}
2025-10-02 19:39:41,199 : INFO : EventManager : Event: ======'machine_var_audits_switches_s_scoop'====== Args={'value': 155, 'prev_value': None, 'change': True}
2025-10-02 19:39:41,199 : INFO : EventManager : Event: ======'machine_var_audits_switches_s_spinner'====== Args={'value': 1371, 'prev_value': None, 'change': True}
2025-10-02 19:39:41,199 : INFO : EventManager : Event: ======'machine_var_audits_switches_s_start'====== Args={'value': 55, 'prev_value': None, 'change': True}
2025-10-02 19:39:41,199 : INFO : EventManager : Event: ======'machine_var_audits_switches_s_three_bank_bottom'====== Args={'value': 137, 'prev_value': None, 'change': True}
2025-10-02 19:39:41,200 : INFO : EventManager : Event: ======'machine_var_audits_switches_s_three_bank_middle'====== Args={'value': 138, 'prev_value': None, 'change': True}
2025-10-02 19:39:41,200 : INFO : EventManager : Event: ======'machine_var_audits_switches_s_three_bank_standup'====== Args={'value': 101, 'prev_value': None, 'change': True}
2025-10-02 19:39:41,200 : INFO : EventManager : Event: ======'machine_var_audits_switches_s_three_bank_top'====== Args={'value': 131, 'prev_value': None, 'change': True}
2025-10-02 19:39:41,200 : INFO : EventManager : Event: ======'machine_var_audits_switches_s_tilt_bob'====== Args={'value': 21, 'prev_value': None, 'change': True}
2025-10-02 19:39:41,200 : INFO : EventManager : Event: ======'machine_var_audits_switches_s_top_right_flipper'====== Args={'value': 1294, 'prev_value': None, 'change': True}
2025-10-02 19:39:41,200 : INFO : EventManager : Event: ======'machine_var_audits_switches_s_trough1'====== Args={'value': 241, 'prev_value': None, 'change': True}
2025-10-02 19:39:41,200 : INFO : EventManager : Event: ======'machine_var_audits_switches_s_trough2'====== Args={'value': 248, 'prev_value': None, 'change': True}
2025-10-02 19:39:41,200 : INFO : EventManager : Event: ======'machine_var_audits_switches_s_trough3'====== Args={'value': 178, 'prev_value': None, 'change': True}
2025-10-02 19:39:41,200 : INFO : EventManager : Event: ======'machine_var_audits_switches_s_trough4'====== Args={'value': 160, 'prev_value': None, 'change': True}
2025-10-02 19:39:41,201 : INFO : EventManager : Event: ======'machine_var_audits_switches_s_trough5'====== Args={'value': 160, 'prev_value': None, 'change': True}
2025-10-02 19:39:41,201 : INFO : EventManager : Event: ======'machine_var_audits_switches_s_trough6'====== Args={'value': 158, 'prev_value': None, 'change': True}
2025-10-02 19:39:41,201 : INFO : EventManager : Event: ======'machine_var_audits_switches_s_trough_jam'====== Args={'value': 206, 'prev_value': None, 'change': True}
2025-10-02 19:39:41,201 : INFO : EventManager : Event: ======'machine_var_audits_switches_s_tshirt_bottom_standup'====== Args={'value': 29, 'prev_value': None, 'change': True}
2025-10-02 19:39:41,201 : INFO : EventManager : Event: ======'machine_var_audits_switches_s_tshirt_top_standup'====== Args={'value': 53, 'prev_value': None, 'change': True}
2025-10-02 19:39:41,201 : INFO : EventManager : Event: ======'machine_var_audits_switches_s_upper_pop_standup'====== Args={'value': 158, 'prev_value': None, 'change': True}
2025-10-02 19:39:41,202 : INFO : EventManager : Event: ======'init_phase_5'====== Args={}
2025-10-02 19:39:41,215 : INFO : EventManager : Event: ======'init_done'====== Args={}
2025-10-02 19:39:41,216 : INFO : EventManager : Event: ======'machine_reset_phase_1'====== Args={}
2025-10-02 19:39:41,222 : INFO : EventManager : Event: ======'machine_reset_phase_2'====== Args={}
2025-10-02 19:39:41,222 : INFO : EventManager : Event: ======'machine_reset_phase_3'====== Args={}
2025-10-02 19:39:41,222 : INFO : drop_target_bank.three_bank : All targets are already up. Will not reset bank.
2025-10-02 19:39:41,222 : INFO : EventManager : Event: ======'reset_complete'====== Args={}
2025-10-02 19:39:41,223 : INFO : EventManager : Event: ======'mode_attract_will_start'====== Args={}
2025-10-02 19:39:41,224 : INFO : EventManager : Event: ======'mode_attract_starting'====== Args={}
2025-10-02 19:39:41,224 : INFO : Mode.attract : Started. Priority: 10
2025-10-02 19:39:41,225 : INFO : EventManager : Event: ======'modes_active_modes_changed'====== Args={}
2025-10-02 19:39:41,225 : INFO : EventManager : Event: ======'mode_attract_started'====== Args={}
2025-10-02 19:39:41,225 : INFO : EventManager : Event: ======'collecting_balls_complete'====== Args={}
2025-10-02 19:39:41,241 : INFO : EventManager : Event: ======'slide_loading_created'====== Args={'_from_bcp': True}
2025-10-02 19:39:41,241 : INFO : EventManager : Event: ======'slide__removed'====== Args={'_from_bcp': True}
2025-10-02 19:39:41,241 : INFO : EventManager : Event: ======'slide_loading_active'====== Args={'original_context': '_global', 'original_calling_context': 'init_done', 'priority': 0.0, 'cmd': 'slides_play', '_from_bcp': True}
2025-10-02 19:39:41,242 : INFO : Machine : Starting the main run loop with active modes: [<Mode.attract>]
2025-10-02 19:39:41,316 : INFO : BcpServer : New client connected.
2025-10-02 19:39:41,358 : INFO : EventManager : Event: ======'slide_attract_created'====== Args={'_from_bcp': True}
2025-10-02 19:39:41,359 : INFO : EventManager : Event: ======'slide_loading_inactive'====== Args={'is_removing': True, '_from_bcp': True}
2025-10-02 19:39:41,359 : INFO : EventManager : Event: ======'slide_attract_active'====== Args={'original_context': 'attract', 'original_calling_context': 'mode_attract_started', 'priority': 10.0, 'cmd': 'slides_play', '_from_bcp': True}
2025-10-02 19:39:41,360 : INFO : EventManager : Event: ======'slide_loading_removed'====== Args={'_from_bcp': True}
2025-10-02 19:39:51,287 : INFO : SwitchController : <<<<<<< 's_start' active >>>>>>>
2025-10-02 19:39:51,420 : INFO : SwitchController : <<<<<<< 's_start' inactive >>>>>>>
2025-10-02 19:39:51,420 : INFO : EventManager : Event: ======'request_to_start_game'====== Args={}
2025-10-02 19:39:51,421 : INFO : EventManager : Event: ======'game_start'====== Args={'buttons': [], 'hold_time': 0.125}
2025-10-02 19:39:51,421 : INFO : EventManager : Event: ======'mode_game_will_start'====== Args={'buttons': [], 'hold_time': 0.125}
2025-10-02 19:39:51,423 : INFO : EventManager : Event: ======'mode_game_starting'====== Args={'buttons': [], 'hold_time': 0.125}
2025-10-02 19:39:51,423 : INFO : EventManager : Event: ======'mode_attract_will_stop'====== Args={}
2025-10-02 19:39:51,423 : INFO : EventManager : Event: ======'mode_attract_stopping'====== Args={}
2025-10-02 19:39:51,423 : INFO : Mode.attract : Stopped.
2025-10-02 19:39:51,423 : INFO : EventManager : Event: ======'modes_active_modes_changed'====== Args={}
2025-10-02 19:39:51,424 : INFO : EventManager : Event: ======'mode_attract_stopped'====== Args={}
2025-10-02 19:39:51,424 : INFO : EventManager : Event: ======'clear'====== Args={'key': 'attract'}
2025-10-02 19:39:51,424 : INFO : Mode.game : Started. Priority: 20
2025-10-02 19:39:51,424 : INFO : EventManager : Event: ======'modes_active_modes_changed'====== Args={}
2025-10-02 19:39:51,424 : INFO : EventManager : Event: ======'mode_game_started'====== Args={'buttons': [], 'hold_time': 0.125}
2025-10-02 19:39:51,430 : INFO : EventManager : Event: ======'game_will_start'====== Args={}
2025-10-02 19:39:51,432 : INFO : EventManager : Event: ======'game_starting'====== Args={'game': <Mode.game>}
2025-10-02 19:39:51,433 : INFO : EventManager : Unordered handler for class <Auditor> on event game_ended with priority 1. Handlers: [RegisteredHandler(callback=<bound method Auditor.disable of <Auditor>>, priority=1, kwargs={}, key=UUID('5ca88602-c321-4509-b445-890994674ef7'), condition=None, blocking_facility=None), RegisteredHandler(callback=<bound method Auditor._save_audits of <Auditor>>, priority=1, kwargs={}, key=UUID('a802f6ed-1d74-44e1-92d8-546c6169d463'), condition=None, blocking_facility=None)]. The order of those handlers is not defined and they will be executed in random order. This might lead to race conditions and potential bugs.
2025-10-02 19:39:51,433 : INFO : EventManager : Event: ======'player_add_request'====== Args={}
2025-10-02 19:39:51,433 : INFO : EventManager : Event: ======'player_will_add'====== Args={'number': 1}
2025-10-02 19:39:51,435 : INFO : EventManager : Event: ======'player_adding'====== Args={'player': <Player 1>, 'number': 1}
2025-10-02 19:39:51,435 : INFO : EventManager : Event: ======'player_added'====== Args={'player': <Player 1>, 'num': 1}
2025-10-02 19:39:51,435 : INFO : Mode.game : Player added successfully. Total players: 1
2025-10-02 19:39:51,436 : INFO : EventManager : Event: ======'player_index'====== Args={'value': 0, 'prev_value': 0, 'change': 0, 'player_num': 1}
2025-10-02 19:39:51,436 : INFO : EventManager : Event: ======'player_number'====== Args={'value': 1, 'prev_value': 1, 'change': 0, 'player_num': 1}
2025-10-02 19:39:51,436 : INFO : EventManager : Event: ======'player_score'====== Args={'value': 0, 'prev_value': 0, 'change': 0, 'player_num': 1}
2025-10-02 19:39:51,437 : INFO : EventManager : Event: ======'game_started'====== Args={}
2025-10-02 19:39:51,447 : INFO : EventManager : Event: ======'player_turn_will_start'====== Args={'player': <Player 1>, 'number': 1}
2025-10-02 19:39:51,455 : INFO : EventManager : Event: ======'player_turn_starting'====== Args={'player': <Player 1>, 'number': 1}
2025-10-02 19:39:51,456 : INFO : EventManager : Event: ======'player_ball'====== Args={'value': 1, 'prev_value': 0, 'change': 1, 'player_num': 1}
2025-10-02 19:39:51,457 : INFO : EventManager : Event: ======'player_turn_started'====== Args={'player': <Player 1>, 'number': 1}
2025-10-02 19:39:51,459 : INFO : EventManager : Event: ======'ball_will_start'====== Args={'player': 1, 'ball': 1, 'balls_remaining': 2, 'is_extra_ball': False}
2025-10-02 19:39:51,463 : INFO : EventManager : Event: ======'ball_starting'====== Args={'player': 1, 'ball': 1, 'balls_remaining': 2, 'is_extra_ball': False}
2025-10-02 19:39:51,465 : INFO : EventManager : Event: ======'mode_base_will_start'====== Args={'queue': <QueuedEvent>, 'player': 1, 'ball': 1, 'balls_remaining': 2, 'is_extra_ball': False}
2025-10-02 19:39:51,470 : INFO : EventManager : Event: ======'mode_base_starting'====== Args={'queue': <QueuedEvent>, 'player': 1, 'ball': 1, 'balls_remaining': 2, 'is_extra_ball': False}
2025-10-02 19:39:51,470 : INFO : drop_target_bank.three_bank : All targets are already up. Will not reset bank.
2025-10-02 19:39:51,472 : INFO : EventManager : Event: ======'balls_in_play'====== Args={'balls': 1}
2025-10-02 19:39:51,472 : INFO : EventManager : Event: ======'ball_started'====== Args={'player': 1, 'ball': 1, 'balls_remaining': 2, 'is_extra_ball': False}
2025-10-02 19:39:51,473 : INFO : EventManager : Event: ======'logicblock_qualify_chcheckitout_multiball_updated'====== Args={'value': 0, 'enabled': True}
2025-10-02 19:39:51,474 : INFO : EventManager : Event: ======'logicblock_drop_target_bank_counter_updated'====== Args={'value': 0, 'enabled': True}
2025-10-02 19:39:51,474 : INFO : EventManager : Event: ======'logicblock_qualify_chcheckitout_multiball_updated'====== Args={'value': 0, 'enabled': True}
2025-10-02 19:39:51,474 : INFO : EventManager : Event: ======'logicblock_chcheckitout_multiball_ready_updated'====== Args={'value': 0, 'enabled': False}
2025-10-02 19:39:51,474 : INFO : EventManager : Event: ======'logicblock_drop_target_bank_counter_updated'====== Args={'value': 0, 'enabled': True}
2025-10-02 19:39:51,475 : INFO : Mode.base : Started. Priority: 100
2025-10-02 19:39:51,475 : INFO : EventManager : Event: ======'modes_active_modes_changed'====== Args={}
2025-10-02 19:39:51,475 : INFO : EventManager : Event: ======'mode_base_started'====== Args={'queue': <QueuedEvent>, 'player': 1, 'ball': 1, 'balls_remaining': 2, 'is_extra_ball': False}
2025-10-02 19:39:51,475 : INFO : EventManager : Event: ======'mode_skill_shot_will_start'====== Args={'player': 1, 'ball': 1, 'balls_remaining': 2, 'is_extra_ball': False}
2025-10-02 19:39:51,476 : INFO : EventManager : Event: ======'player_shot_skill_side_targets_enabled'====== Args={'value': True, 'prev_value': 0, 'change': 1, 'player_num': 1}
2025-10-02 19:39:51,477 : INFO : EventManager : Event: ======'player_shot_skill_drop_targets_enabled'====== Args={'value': True, 'prev_value': 0, 'change': 1, 'player_num': 1}
2025-10-02 19:39:51,477 : INFO : EventManager : Event: ======'skill_shot_complete'====== Args={'state': 'unlit'}
2025-10-02 19:39:51,477 : INFO : EventManager : Event: ======'skill_shot_unlit_complete'====== Args={}
2025-10-02 19:39:51,478 : INFO : EventManager : Event: ======'player_skill_shot_skill_shot_timeout_tick'====== Args={'value': 0, 'prev_value': 0, 'change': 0, 'player_num': 1}
2025-10-02 19:39:51,480 : INFO : EventManager : Event: ======'mode_skill_shot_starting'====== Args={'player': 1, 'ball': 1, 'balls_remaining': 2, 'is_extra_ball': False}
2025-10-02 19:39:51,481 : INFO : EventManager : Event: ======'logicblock_drop_target_bank_counter_updated'====== Args={'value': 1, 'enabled': True}
2025-10-02 19:39:51,481 : INFO : EventManager : Event: ======'counter_drop_target_bank_counter_hit'====== Args={'count': 1, 'hits': 1, 'remaining': 1}
2025-10-02 19:39:51,481 : INFO : EventManager : Event: ======'logicblock_drop_target_bank_counter_hit'====== Args={'count': 1, 'hits': 1, 'remaining': 1}
2025-10-02 19:39:51,483 : INFO : EventManager : Event: ======'player_drop_target_bank_counter_count'====== Args={'value': 1, 'prev_value': 0, 'change': 1, 'player_num': 1, 'source': 'base'}
2025-10-02 19:39:51,483 : INFO : EventManager : Event: ======'player_drop_target_bank_counter_count'====== Args={'value': 0, 'prev_value': 1, 'change': -1, 'player_num': 1, 'source': 'base'}
2025-10-02 19:39:51,483 : INFO : EventManager : Event: ======'mode_multiball_will_start'====== Args={'queue': <QueuedEvent>, 'player': 1, 'ball': 1, 'balls_remaining': 2, 'is_extra_ball': False}
2025-10-02 19:39:51,485 : INFO : EventManager : Event: ======'mode_multiball_starting'====== Args={'queue': <QueuedEvent>, 'player': 1, 'ball': 1, 'balls_remaining': 2, 'is_extra_ball': False}
2025-10-02 19:39:51,485 : INFO : EventManager : Event: ======'mode_carousel_will_start'====== Args={'queue': <QueuedEvent>, 'player': 1, 'ball': 1, 'balls_remaining': 2, 'is_extra_ball': False}
2025-10-02 19:39:51,487 : INFO : EventManager : Event: ======'mode_carousel_starting'====== Args={'queue': <QueuedEvent>, 'player': 1, 'ball': 1, 'balls_remaining': 2, 'is_extra_ball': False}
2025-10-02 19:39:51,488 : INFO : EventManager : Event: ======'ball_save_default_enabled'====== Args={}
2025-10-02 19:39:51,488 : INFO : Mode.carousel : Started. Priority: 200
2025-10-02 19:39:51,488 : INFO : EventManager : Event: ======'modes_active_modes_changed'====== Args={}
2025-10-02 19:39:51,488 : INFO : EventManager : Event: ======'mode_carousel_started'====== Args={'queue': <QueuedEvent>, 'player': 1, 'ball': 1, 'balls_remaining': 2, 'is_extra_ball': False}
2025-10-02 19:39:51,490 : INFO : EventManager : Event: ======'item_highlighted'====== Args={'carousel': 'carousel', 'direction': None, 'item': 'intergalactic'}
2025-10-02 19:39:51,490 : INFO : Mode.multiball : Started. Priority: 1000
2025-10-02 19:39:51,490 : INFO : EventManager : Event: ======'modes_active_modes_changed'====== Args={}
2025-10-02 19:39:51,491 : INFO : EventManager : Event: ======'mode_multiball_started'====== Args={'queue': <QueuedEvent>, 'player': 1, 'ball': 1, 'balls_remaining': 2, 'is_extra_ball': False}
2025-10-02 19:39:51,491 : INFO : Mode.skill_shot : Started. Priority: 500
2025-10-02 19:39:51,491 : INFO : EventManager : Event: ======'modes_active_modes_changed'====== Args={}
2025-10-02 19:39:51,491 : INFO : EventManager : Event: ======'mode_skill_shot_started'====== Args={'player': 1, 'ball': 1, 'balls_remaining': 2, 'is_extra_ball': False}
2025-10-02 19:39:51,492 : INFO : EventManager : Event: ======'player_shot_skill_side_targets'====== Args={'value': 1, 'prev_value': 0, 'change': 1, 'player_num': 1}
2025-10-02 19:39:51,493 : INFO : EventManager : Event: ======'player_shot_skill_drop_targets'====== Args={'value': 1, 'prev_value': 0, 'change': 1, 'player_num': 1}
2025-10-02 19:39:51,494 : INFO : EventManager : Event: ======'skill_shot_complete'====== Args={'state': 'flashing'}
2025-10-02 19:39:51,494 : INFO : EventManager : Event: ======'skill_shot_flashing_complete'====== Args={}
2025-10-02 19:39:51,495 : INFO : EventManager : Event: ======'single_player_ball_started'====== Args={}
2025-10-02 19:39:51,516 : INFO : EventManager : Event: ======'ball_start_target'====== Args={'target': 'playfield'}
2025-10-02 19:39:51,518 : INFO : EventManager : Event: ======'slide_base_created'====== Args={'_from_bcp': True}
2025-10-02 19:39:51,518 : INFO : EventManager : Event: ======'slide_score_overlay_created'====== Args={'_from_bcp': True}
2025-10-02 19:39:51,518 : INFO : EventManager : Event: ======'slide_attract_inactive'====== Args={'is_removing': True, '_from_bcp': True}
2025-10-02 19:39:51,518 : INFO : EventManager : Event: ======'slide_score_overlay_active'====== Args={'original_context': 'base', 'original_calling_context': 'mode_base_started', 'priority': 100.0, 'queue': '<QueuedEvent>', 'player': 1.0, 'ball': 1.0, 'balls_remaining': 2.0, 'is_extra_ball': False, 'cmd': 'slides_play', '_from_bcp': True}
2025-10-02 19:39:51,519 : INFO : ball_device.bd_plunger : Setting up player-controlled eject. Balls: 1, Target: <playfield.playfield>, player_controlled_eject_event: None
2025-10-02 19:39:51,519 : INFO : EventManager : Event: ======'balldevice_balls_available'====== Args={}
2025-10-02 19:39:51,520 : INFO : EventManager : Event: ======'slide_attract_removed'====== Args={'_from_bcp': True}
2025-10-02 19:39:51,521 : INFO : ball_device.bd_trough : State: waiting_for_target_ready
2025-10-02 19:39:51,522 : INFO : EventManager : Event: ======'balldevice_bd_trough_ball_eject_attempt'====== Args={'balls': 1, 'target': <ball_device.bd_plunger>, 'source': <ball_device.bd_trough>, 'mechanical_eject': True, 'num_attempts': 0}
2025-10-02 19:39:51,522 : INFO : ball_device.bd_plunger : State: waiting_for_ball
2025-10-02 19:39:51,523 : INFO : ball_device.bd_trough : State: ejecting
2025-10-02 19:39:51,523 : INFO : ball_device.bd_trough : Ejecting ball to <ball_device.bd_plunger>
2025-10-02 19:39:51,524 : INFO : EventManager : Event: ======'balldevice_bd_trough_ejecting_ball'====== Args={'balls': 1, 'target': <ball_device.bd_plunger>, 'source': <ball_device.bd_trough>, 'mechanical_eject': True, 'num_attempts': 0}
2025-10-02 19:39:51,526 : INFO : ball_device.bd_trough : Wait for ball to leave device
2025-10-02 19:39:51,526 : INFO : coil.c_trough_eject : Pulsing Driver for 20ms (1.0 pulse_power)
2025-10-02 19:39:51,527 : INFO : SwitchController : <<<<<<< 's_trough1' inactive >>>>>>>
2025-10-02 19:39:51,532 : INFO : EventManager : Event: ======'slide_current_mode_highlighted_created'====== Args={'_from_bcp': True}
2025-10-02 19:39:51,533 : INFO : ball_device.bd_trough : State: ball_left
2025-10-02 19:39:51,534 : INFO : ball_device.bd_trough : Ball left
2025-10-02 19:39:51,534 : INFO : ball_device.bd_trough : Wait for confirm with timeout 3.0
2025-10-02 19:39:51,623 : INFO : SwitchController : <<<<<<< 's_plunger' active >>>>>>>
2025-10-02 19:39:51,623 : INFO : EventManager : Event: ======'machine_var_audits_switches_s_plunger'====== Args={'value': 622, 'prev_value': 621, 'change': 1}
2025-10-02 19:39:51,810 : INFO : EventManager : Event: ======'slide_skillshot_overlay_created'====== Args={'_from_bcp': True}
2025-10-02 19:39:51,811 : INFO : EventManager : Event: ======'slide_score_overlay_inactive'====== Args={'is_removing': False, '_from_bcp': True}
2025-10-02 19:39:51,812 : INFO : EventManager : Event: ======'slide_skillshot_overlay_active'====== Args={'original_context': 'skill_shot', 'original_calling_context': 'mode_skill_shot_started', 'priority': 500.0, 'player': 1.0, 'ball': 1.0, 'balls_remaining': 2.0, 'is_extra_ball': False, 'cmd': 'slides_play', '_from_bcp': True}
2025-10-02 19:39:52,123 : INFO : ball_device.bd_plunger : Received ball from <ball_device.bd_trough>
2025-10-02 19:39:52,123 : INFO : EventManager : Event: ======'balldevice_bd_plunger_ball_enter'====== Args={'new_balls': 1, 'unclaimed_balls': 0, 'new_available_balls': 0, 'device': <ball_device.bd_plunger>}
2025-10-02 19:39:52,124 : INFO : EventManager : Event: ======'balldevice_bd_plunger_ball_entered'====== Args={'new_balls': 0, 'device': <ball_device.bd_plunger>}
2025-10-02 19:39:52,125 : INFO : EventManager : Event: ======'balldevice_bd_plunger_ball_count_changed'====== Args={'balls': 1}
2025-10-02 19:39:52,125 : INFO : ball_device.bd_trough : Got eject confirm
2025-10-02 19:39:52,125 : INFO : ball_device.bd_trough : Eject successful
2025-10-02 19:39:52,125 : INFO : EventManager : Event: ======'balldevice_bd_trough_ball_eject_success'====== Args={'balls': 1, 'target': <ball_device.bd_plunger>}
2025-10-02 19:39:52,133 : INFO : EventManager : Event: ======'balldevice_bd_trough_ball_count_changed'====== Args={'balls': 5}
2025-10-02 19:39:52,134 : INFO : ball_device.bd_trough : State: idle
2025-10-02 19:39:52,134 : INFO : ball_device.bd_plunger : State: waiting_for_target_ready
2025-10-02 19:39:52,134 : INFO : EventManager : Event: ======'balldevice_bd_plunger_ball_eject_attempt'====== Args={'balls': 1, 'target': <playfield.playfield>, 'source': <ball_device.bd_plunger>, 'mechanical_eject': True, 'num_attempts': 0}
2025-10-02 19:39:52,141 : INFO : ball_device.bd_plunger : State: ejecting
2025-10-02 19:39:52,141 : INFO : ball_device.bd_plunger : Ejecting ball to <playfield.playfield>
2025-10-02 19:39:52,141 : INFO : EventManager : Event: ======'balldevice_bd_plunger_ejecting_ball'====== Args={'balls': 1, 'target': <playfield.playfield>, 'source': <ball_device.bd_plunger>, 'mechanical_eject': True, 'num_attempts': 0}
2025-10-02 19:39:52,143 : INFO : ball_device.bd_plunger : Wait for ball to leave device
2025-10-02 19:39:56,163 : INFO : SwitchController : <<<<<<< 's_plunger' inactive >>>>>>>
2025-10-02 19:39:56,163 : INFO : EventManager : Event: ======'ball_out'====== Args={}
2025-10-02 19:39:56,164 : INFO : EventManager : Event: ======'ball_save_default_timer_start'====== Args={}
2025-10-02 19:39:56,168 : INFO : ball_device.bd_plunger : State: ball_left
2025-10-02 19:39:56,168 : INFO : ball_device.bd_plunger : Ball left
2025-10-02 19:39:56,168 : INFO : ball_device.bd_plunger : Wait for confirm with timeout 3.0
2025-10-02 19:39:57,620 : INFO : SwitchController : <<<<<<< 's_tshirt_top_standup' active >>>>>>>
2025-10-02 19:39:57,622 : INFO : EventManager : Event: ======'playfield_active'====== Args={'source': 'skill_side_targets'}
2025-10-02 19:39:57,622 : INFO : EventManager : Event: ======'s_tshirt_top_standup_active'====== Args={}
2025-10-02 19:39:57,622 : INFO : EventManager : Event: ======'machine_var_audits_switches_s_tshirt_top_standup'====== Args={'value': 54, 'prev_value': 53, 'change': 1}
2025-10-02 19:39:57,623 : INFO : EventManager : Event: ======'player_shot_skill_side_targets'====== Args={'value': 2, 'prev_value': 1, 'change': 1, 'player_num': 1}
2025-10-02 19:39:57,624 : INFO : EventManager : Event: ======'machine_var_audits_shots_skill_side_targets'====== Args={'value': 21, 'prev_value': 20, 'change': 1}
2025-10-02 19:39:57,625 : INFO : EventManager : Event: ======'skill_side_targets_hit'====== Args={'profile': 'skill_shot_profile', 'state': 'flashing', 'advancing': True}
2025-10-02 19:39:57,625 : INFO : EventManager : Event: ======'skill_side_targets_skill_shot_profile_hit'====== Args={'profile': 'skill_shot_profile', 'state': 'flashing', 'advancing': True}
2025-10-02 19:39:57,625 : INFO : EventManager : Event: ======'skill_side_targets_skill_shot_profile_flashing_hit'====== Args={'profile': 'skill_shot_profile', 'state': 'flashing', 'advancing': True}
2025-10-02 19:39:57,625 : INFO : EventManager : Event: ======'skill_side_targets_flashing_hit'====== Args={'profile': 'skill_shot_profile', 'state': 'flashing', 'advancing': True}
2025-10-02 19:39:57,625 : INFO : EventManager : Event: ======'player_score'====== Args={'value': 5010, 'prev_value': 0, 'change': 5010, 'player_num': 1, 'source': 'base'}
2025-10-02 19:39:57,626 : INFO : EventManager : Event: ======'skill_shot_hit'====== Args={'shot': 'skill_side_targets'}
2025-10-02 19:39:57,626 : INFO : EventManager : Event: ======'skill_shot_flashing_hit'====== Args={'shot': 'skill_side_targets'}
2025-10-02 19:39:57,626 : INFO : state_machine.skill_shot_success : Transitioning from start to success
2025-10-02 19:39:57,627 : INFO : EventManager : Event: ======'skill_success'====== Args={}
2025-10-02 19:39:57,628 : INFO : EventManager : Event: ======'mode_skill_shot_will_stop'====== Args={}
2025-10-02 19:39:57,629 : INFO : EventManager : Event: ======'mode_skill_shot_stopping'====== Args={}
2025-10-02 19:39:57,629 : INFO : EventManager : Event: ======'player_score'====== Args={'value': 2005010, 'prev_value': 5010, 'change': 2000000, 'player_num': 1, 'source': 'skill_shot'}
2025-10-02 19:39:57,631 : INFO : Mode.skill_shot : Stopped.
2025-10-02 19:39:57,631 : INFO : EventManager : Event: ======'modes_active_modes_changed'====== Args={}
2025-10-02 19:39:57,632 : INFO : EventManager : Event: ======'mode_skill_shot_stopped'====== Args={}
2025-10-02 19:39:57,632 : INFO : EventManager : Event: ======'clear'====== Args={'key': 'skill_shot'}
2025-10-02 19:39:57,632 : INFO : Timer.skill_shot_timeout : Stopping Timer
2025-10-02 19:39:57,633 : INFO : EventManager : Event: ======'timer_skill_shot_timeout_stopped'====== Args={'ticks': 0, 'ticks_remaining': 0}
2025-10-02 19:39:57,667 : INFO : ball_device.bd_plunger : Got eject confirm
2025-10-02 19:39:57,667 : INFO : ball_device.bd_plunger : Eject successful
2025-10-02 19:39:57,667 : INFO : EventManager : Event: ======'balldevice_bd_plunger_ball_eject_success'====== Args={'balls': 1, 'target': <playfield.playfield>}
2025-10-02 19:39:57,669 : INFO : EventManager : Event: ======'slide_skillshot_overlay_inactive'====== Args={'is_removing': True, '_from_bcp': True}
2025-10-02 19:39:57,670 : INFO : EventManager : Event: ======'slide_score_overlay_active'====== Args={'_from_bcp': True}
2025-10-02 19:39:57,670 : INFO : EventManager : Event: ======'slide_skillshot_overlay_removed'====== Args={'_from_bcp': True}
2025-10-02 19:39:57,670 : INFO : EventManager : Event: ======'slide_skillshot_success_overlay_created'====== Args={'_from_bcp': True}
2025-10-02 19:39:57,670 : INFO : EventManager : Event: ======'slide_score_overlay_inactive'====== Args={'is_removing': False, '_from_bcp': True}
2025-10-02 19:39:57,670 : INFO : EventManager : Event: ======'slide_skillshot_success_overlay_active'====== Args={'original_context': 'base', 'original_calling_context': 'skill_success', 'priority': 100.0, 'cmd': 'slides_play', '_from_bcp': True}
2025-10-02 19:39:57,671 : INFO : EventManager : Event: ======'balldevice_playfield_ball_enter'====== Args={'new_balls': 1, 'unclaimed_balls': 1, 'device': <playfield.playfield>}
2025-10-02 19:39:57,671 : INFO : EventManager : Event: ======'playfield_ball_count_change'====== Args={'balls': 1, 'change': 1}
2025-10-02 19:39:57,672 : INFO : EventManager : Event: ======'balldevice_bd_plunger_ball_count_changed'====== Args={'balls': 0}
2025-10-02 19:39:57,672 : INFO : ball_device.bd_plunger : State: idle
2025-10-02 19:39:57,713 : INFO : SwitchController : <<<<<<< 's_tshirt_top_standup' inactive >>>>>>>
2025-10-02 19:39:59,163 : INFO : EventManager : Event: ======'ball_save_default_hurry_up'====== Args={}
2025-10-02 19:39:59,526 : INFO : SwitchController : <<<<<<< 's_three_bank_bottom' active >>>>>>>
2025-10-02 19:39:59,526 : INFO : EventManager : Event: ======'s_three_bank_bottom_active'====== Args={}
2025-10-02 19:39:59,526 : INFO : EventManager : Event: ======'drop_target_bottom_down'====== Args={'device': <drop_target.bottom>}
2025-10-02 19:39:59,526 : INFO : EventManager : Event: ======'drop_target_bank_three_bank_mixed'====== Args={'prev_value': <DropTargetBankState.UP: 'up'>, 'down': 1}
2025-10-02 19:39:59,526 : INFO : EventManager : Event: ======'machine_var_audits_switches_s_three_bank_bottom'====== Args={'value': 138, 'prev_value': 137, 'change': 1}
2025-10-02 19:39:59,527 : INFO : EventManager : Event: ======'player_score'====== Args={'value': 2007230, 'prev_value': 2005010, 'change': 2220, 'player_num': 1, 'source': 'base'}
2025-10-02 19:39:59,760 : INFO : SwitchController : <<<<<<< 's_three_bank_middle' active >>>>>>>
2025-10-02 19:39:59,760 : INFO : EventManager : Event: ======'s_three_bank_middle_active'====== Args={}
2025-10-02 19:39:59,761 : INFO : EventManager : Event: ======'drop_target_middle_down'====== Args={'device': <drop_target.middle>}
2025-10-02 19:39:59,761 : INFO : EventManager : Event: ======'drop_target_bank_three_bank_mixed'====== Args={'prev_value': <DropTargetBankState.MIXED: 'mixed'>, 'down': 2}
2025-10-02 19:39:59,761 : INFO : EventManager : Event: ======'machine_var_audits_switches_s_three_bank_middle'====== Args={'value': 139, 'prev_value': 138, 'change': 1}
2025-10-02 19:39:59,762 : INFO : EventManager : Event: ======'player_score'====== Args={'value': 2009450, 'prev_value': 2007230, 'change': 2220, 'player_num': 1, 'source': 'base'}
2025-10-02 19:39:59,959 : INFO : SwitchController : <<<<<<< 's_three_bank_top' active >>>>>>>
2025-10-02 19:39:59,959 : INFO : EventManager : Event: ======'s_three_bank_top_active'====== Args={}
2025-10-02 19:39:59,959 : INFO : EventManager : Event: ======'drop_target_top_down'====== Args={'device': <drop_target.top>}
2025-10-02 19:39:59,960 : INFO : EventManager : Event: ======'drop_target_bank_three_bank_down'====== Args={}
2025-10-02 19:39:59,960 : INFO : EventManager : Event: ======'machine_var_audits_switches_s_three_bank_top'====== Args={'value': 132, 'prev_value': 131, 'change': 1}
2025-10-02 19:39:59,960 : INFO : EventManager : Event: ======'player_score'====== Args={'value': 2011670, 'prev_value': 2009450, 'change': 2220, 'player_num': 1, 'source': 'base'}
2025-10-02 19:39:59,961 : INFO : EventManager : Event: ======'logicblock_drop_target_bank_counter_updated'====== Args={'value': 2, 'enabled': True}
2025-10-02 19:39:59,962 : INFO : EventManager : Event: ======'counter_drop_target_bank_counter_hit'====== Args={'count': 2, 'hits': 2, 'remaining': 0}
2025-10-02 19:39:59,962 : INFO : EventManager : Event: ======'logicblock_drop_target_bank_counter_hit'====== Args={'count': 2, 'hits': 2, 'remaining': 0}
2025-10-02 19:39:59,962 : INFO : EventManager : Event: ======'chcheckitout_multiball_qualified'====== Args={}
2025-10-02 19:39:59,962 : INFO : EventManager : Event: ======'player_drop_target_bank_counter_count'====== Args={'value': 2, 'prev_value': 0, 'change': 2, 'player_num': 1, 'source': 'base'}
2025-10-02 19:39:59,963 : INFO : EventManager : Event: ======'logicblock_qualify_chcheckitout_multiball_updated'====== Args={'value': 1, 'enabled': True}
2025-10-02 19:39:59,963 : INFO : EventManager : Event: ======'logicblock_qualify_chcheckitout_multiball_hit'====== Args={'step': 1}
2025-10-02 19:39:59,963 : INFO : EventManager : Event: ======'drops_standup_start_multiball'====== Args={}
2025-10-02 19:39:59,963 : INFO : EventManager : Event: ======'logicblock_qualify_chcheckitout_multiball_updated'====== Args={'value': 0, 'enabled': True}
2025-10-02 19:39:59,963 : INFO : EventManager : Event: ======'logicblock_chcheckitout_multiball_ready_updated'====== Args={'value': 0, 'enabled': True}
2025-10-02 19:40:00,971 : INFO : drop_target_bank.three_bank : 3 targets are down. Will reset those.
2025-10-02 19:40:00,971 : INFO : coil.c_three_bank : Pulsing Driver for 23ms (1.0 pulse_power)
2025-10-02 19:40:01,036 : INFO : SwitchController : <<<<<<< 's_three_bank_bottom' inactive (muted) >>>>>>>
2025-10-02 19:40:01,036 : INFO : SwitchController : <<<<<<< 's_three_bank_middle' inactive (muted) >>>>>>>
2025-10-02 19:40:01,036 : INFO : SwitchController : <<<<<<< 's_three_bank_top' inactive (muted) >>>>>>>
2025-10-02 19:40:01,174 : INFO : EventManager : Event: ======'ball_save_default_grace_period'====== Args={}
2025-10-02 19:40:01,486 : INFO : EventManager : Event: ======'drop_target_bottom_up'====== Args={'device': <drop_target.bottom>}
2025-10-02 19:40:01,486 : INFO : EventManager : Event: ======'drop_target_middle_up'====== Args={'device': <drop_target.middle>}
2025-10-02 19:40:01,487 : INFO : EventManager : Event: ======'drop_target_top_up'====== Args={'device': <drop_target.top>}
2025-10-02 19:40:01,488 : INFO : EventManager : Event: ======'drop_target_bank_three_bank_up'====== Args={}
2025-10-02 19:40:03,166 : INFO : EventManager : Event: ======'ball_save_default_disabled'====== Args={}
2025-10-02 19:40:09,259 : INFO : SwitchController : <<<<<<< 's_three_bank_standup' active >>>>>>>
2025-10-02 19:40:09,259 : INFO : EventManager : Event: ======'s_three_bank_standup_active'====== Args={}
2025-10-02 19:40:09,260 : INFO : EventManager : Event: ======'machine_var_audits_switches_s_three_bank_standup'====== Args={'value': 102, 'prev_value': 101, 'change': 1}
2025-10-02 19:40:09,261 : INFO : EventManager : Event: ======'three_bank_standup_hit'====== Args={'elapsed': 0}
2025-10-02 19:40:09,261 : INFO : EventManager : Event: ======'player_score'====== Args={'value': 2031680, 'prev_value': 2011670, 'change': 20010, 'player_num': 1, 'source': 'base'}
2025-10-02 19:40:09,261 : INFO : EventManager : Event: ======'logicblock_chcheckitout_multiball_ready_updated'====== Args={'value': 1, 'enabled': True}
2025-10-02 19:40:09,262 : INFO : EventManager : Event: ======'logicblock_chcheckitout_multiball_ready_hit'====== Args={'step': 1}
2025-10-02 19:40:09,262 : INFO : EventManager : Event: ======'chcheckitout_start_multiball'====== Args={}
2025-10-02 19:40:09,262 : INFO : EventManager : Event: ======'logicblock_chcheckitout_multiball_ready_updated'====== Args={'value': 0, 'enabled': True}
2025-10-02 19:40:09,263 : INFO : EventManager : Event: ======'balls_in_play'====== Args={'balls': 3}
2025-10-02 19:40:09,263 : INFO : ball_device.bd_plunger : Adding 2 ball(s) to the eject_queue with target <playfield.playfield>.
2025-10-02 19:40:09,264 : INFO : EventManager : Event: ======'balldevice_balls_available'====== Args={}
2025-10-02 19:40:09,264 : INFO : EventManager : Event: ======'balldevice_balls_available'====== Args={}
2025-10-02 19:40:09,264 : INFO : EventManager : Event: ======'ball_save_chcheckitout_timer_start'====== Args={}
2025-10-02 19:40:09,265 : INFO : EventManager : Event: ======'multiball_chcheckitout_started'====== Args={'balls': 3}
2025-10-02 19:40:09,265 : INFO : EventManager : Event: ======'mode_carousel_will_stop'====== Args={}
2025-10-02 19:40:09,265 : INFO : EventManager : Event: ======'mode_carousel_stopping'====== Args={}
2025-10-02 19:40:09,266 : INFO : Mode.carousel : Stopped.
2025-10-02 19:40:09,266 : INFO : EventManager : Event: ======'modes_active_modes_changed'====== Args={}
2025-10-02 19:40:09,266 : INFO : EventManager : Event: ======'mode_carousel_stopped'====== Args={}
2025-10-02 19:40:09,267 : INFO : EventManager : Event: ======'clear'====== Args={'key': 'carousel'}
2025-10-02 19:40:09,289 : INFO : ball_device.bd_trough : State: waiting_for_target_ready
2025-10-02 19:40:09,289 : INFO : EventManager : Event: ======'balldevice_bd_trough_ball_eject_attempt'====== Args={'balls': 1, 'target': <ball_device.bd_plunger>, 'source': <ball_device.bd_trough>, 'mechanical_eject': False, 'num_attempts': 0}
2025-10-02 19:40:09,290 : INFO : ball_device.bd_plunger : State: waiting_for_ball
2025-10-02 19:40:09,291 : INFO : ball_device.bd_trough : State: ejecting
2025-10-02 19:40:09,291 : INFO : ball_device.bd_trough : Ejecting ball to <ball_device.bd_plunger>
2025-10-02 19:40:09,291 : INFO : EventManager : Event: ======'balldevice_bd_trough_ejecting_ball'====== Args={'balls': 1, 'target': <ball_device.bd_plunger>, 'source': <ball_device.bd_trough>, 'mechanical_eject': False, 'num_attempts': 0}
2025-10-02 19:40:09,293 : INFO : ball_device.bd_trough : Wait for ball to leave device
2025-10-02 19:40:09,293 : INFO : coil.c_trough_eject : Pulsing Driver for 20ms (1.0 pulse_power)
2025-10-02 19:40:09,293 : INFO : SwitchController : <<<<<<< 's_trough2' inactive >>>>>>>
2025-10-02 19:40:09,298 : INFO : ball_device.bd_trough : State: ball_left
2025-10-02 19:40:09,299 : INFO : ball_device.bd_trough : Ball left
2025-10-02 19:40:09,299 : INFO : ball_device.bd_trough : Wait for confirm with timeout 3.0
2025-10-02 19:40:09,303 : INFO : EventManager : Event: ======'slide_current_mode_highlighted_removed'====== Args={'_from_bcp': True}
2025-10-02 19:40:09,368 : INFO : SwitchController : <<<<<<< 's_three_bank_standup' inactive >>>>>>>
2025-10-02 19:40:09,407 : INFO : SwitchController : <<<<<<< 's_plunger' active >>>>>>>
2025-10-02 19:40:09,407 : INFO : EventManager : Event: ======'machine_var_audits_switches_s_plunger'====== Args={'value': 623, 'prev_value': 622, 'change': 1}
2025-10-02 19:40:09,907 : INFO : ball_device.bd_plunger : Received ball from <ball_device.bd_trough>
2025-10-02 19:40:09,907 : INFO : EventManager : Event: ======'balldevice_bd_plunger_ball_enter'====== Args={'new_balls': 1, 'unclaimed_balls': 0, 'new_available_balls': 0, 'device': <ball_device.bd_plunger>}
2025-10-02 19:40:09,908 : INFO : EventManager : Event: ======'balldevice_bd_plunger_ball_entered'====== Args={'new_balls': 0, 'device': <ball_device.bd_plunger>}
2025-10-02 19:40:09,908 : INFO : EventManager : Event: ======'balldevice_bd_plunger_ball_count_changed'====== Args={'balls': 1}
2025-10-02 19:40:09,909 : INFO : ball_device.bd_trough : Got eject confirm
2025-10-02 19:40:09,909 : INFO : ball_device.bd_trough : Eject successful
2025-10-02 19:40:09,909 : INFO : EventManager : Event: ======'balldevice_bd_trough_ball_eject_success'====== Args={'balls': 1, 'target': <ball_device.bd_plunger>}
2025-10-02 19:40:09,910 : INFO : EventManager : Event: ======'balldevice_bd_trough_ball_count_changed'====== Args={'balls': 4}
2025-10-02 19:40:09,910 : INFO : ball_device.bd_trough : State: idle
2025-10-02 19:40:09,910 : INFO : ball_device.bd_plunger : State: waiting_for_target_ready
2025-10-02 19:40:09,911 : INFO : EventManager : Event: ======'balldevice_bd_plunger_ball_eject_attempt'====== Args={'balls': 1, 'target': <playfield.playfield>, 'source': <ball_device.bd_plunger>, 'mechanical_eject': False, 'num_attempts': 0}
2025-10-02 19:40:09,911 : INFO : ball_device.bd_plunger : State: ejecting
2025-10-02 19:40:09,912 : INFO : ball_device.bd_plunger : Ejecting ball to <playfield.playfield>
2025-10-02 19:40:09,912 : INFO : EventManager : Event: ======'balldevice_bd_plunger_ejecting_ball'====== Args={'balls': 1, 'target': <playfield.playfield>, 'source': <ball_device.bd_plunger>, 'mechanical_eject': False, 'num_attempts': 0}
2025-10-02 19:40:09,913 : INFO : ball_device.bd_trough : State: waiting_for_target_ready
2025-10-02 19:40:09,914 : INFO : EventManager : Event: ======'balldevice_bd_trough_ball_eject_attempt'====== Args={'balls': 1, 'target': <ball_device.bd_plunger>, 'source': <ball_device.bd_trough>, 'mechanical_eject': False, 'num_attempts': 0}
2025-10-02 19:40:09,914 : INFO : ball_device.bd_plunger : Wait for ball to leave device
2025-10-02 19:40:09,914 : INFO : coil.c_plunger : Pulsing Driver for 20ms (1.0 pulse_power)
2025-10-02 19:40:09,915 : INFO : SwitchController : <<<<<<< 's_plunger' inactive >>>>>>>
2025-10-02 19:40:09,915 : INFO : EventManager : Event: ======'ball_out'====== Args={}
2025-10-02 19:40:09,918 : INFO : ball_device.bd_plunger : State: ball_left
2025-10-02 19:40:09,919 : INFO : ball_device.bd_plunger : Ball left
2025-10-02 19:40:09,919 : INFO : ball_device.bd_plunger : Wait for confirm with timeout 3.0
2025-10-02 19:40:12,929 : INFO : ball_device.bd_plunger : State: failed_confirm
2025-10-02 19:40:12,929 : INFO : ball_device.bd_plunger : Got timeout (3.0s) before confirm from <playfield.playfield>
2025-10-02 19:40:13,022 : INFO : ball_device.bd_plunger : Confirming eject because target is playfield and ball did not return.
2025-10-02 19:40:13,022 : INFO : ball_device.bd_plunger : Eject successful
2025-10-02 19:40:13,022 : INFO : EventManager : Event: ======'balldevice_bd_plunger_ball_eject_success'====== Args={'balls': 1, 'target': <playfield.playfield>}
2025-10-02 19:40:13,023 : INFO : EventManager : Event: ======'balldevice_playfield_ball_enter'====== Args={'new_balls': 1, 'unclaimed_balls': 1, 'device': <playfield.playfield>}
2025-10-02 19:40:13,023 : INFO : EventManager : Event: ======'playfield_ball_count_change'====== Args={'balls': 2, 'change': 1}
2025-10-02 19:40:13,024 : INFO : EventManager : Event: ======'balldevice_bd_plunger_ball_count_changed'====== Args={'balls': 0}
2025-10-02 19:40:13,024 : INFO : ball_device.bd_plunger : State: idle
2025-10-02 19:40:13,025 : INFO : ball_device.bd_trough : State: ejecting
2025-10-02 19:40:13,025 : INFO : ball_device.bd_trough : Ejecting ball to <ball_device.bd_plunger>
2025-10-02 19:40:13,025 : INFO : EventManager : Event: ======'balldevice_bd_trough_ejecting_ball'====== Args={'balls': 1, 'target': <ball_device.bd_plunger>, 'source': <ball_device.bd_trough>, 'mechanical_eject': False, 'num_attempts': 0}
2025-10-02 19:40:13,027 : INFO : ball_device.bd_trough : Wait for ball to leave device
2025-10-02 19:40:13,027 : INFO : coil.c_trough_eject : Pulsing Driver for 20ms (1.0 pulse_power)
2025-10-02 19:40:13,027 : INFO : SwitchController : <<<<<<< 's_trough3' inactive >>>>>>>
2025-10-02 19:40:13,028 : INFO : ball_device.bd_plunger : State: waiting_for_ball
2025-10-02 19:40:13,032 : INFO : ball_device.bd_trough : State: ball_left
2025-10-02 19:40:13,032 : INFO : ball_device.bd_trough : Ball left
2025-10-02 19:40:13,033 : INFO : ball_device.bd_trough : Wait for confirm with timeout 3.0
2025-10-02 19:40:13,131 : INFO : SwitchController : <<<<<<< 's_plunger' active >>>>>>>
2025-10-02 19:40:13,131 : INFO : EventManager : Event: ======'machine_var_audits_switches_s_plunger'====== Args={'value': 624, 'prev_value': 623, 'change': 1}
2025-10-02 19:40:13,648 : INFO : ball_device.bd_plunger : Received ball from <ball_device.bd_trough>
2025-10-02 19:40:13,648 : INFO : EventManager : Event: ======'balldevice_bd_plunger_ball_enter'====== Args={'new_balls': 1, 'unclaimed_balls': 0, 'new_available_balls': 0, 'device': <ball_device.bd_plunger>}
2025-10-02 19:40:13,649 : INFO : EventManager : Event: ======'balldevice_bd_plunger_ball_entered'====== Args={'new_balls': 0, 'device': <ball_device.bd_plunger>}
2025-10-02 19:40:13,650 : INFO : EventManager : Event: ======'balldevice_bd_plunger_ball_count_changed'====== Args={'balls': 1}
2025-10-02 19:40:13,650 : INFO : ball_device.bd_trough : Got eject confirm
2025-10-02 19:40:13,650 : INFO : ball_device.bd_trough : Eject successful
2025-10-02 19:40:13,650 : INFO : EventManager : Event: ======'balldevice_bd_trough_ball_eject_success'====== Args={'balls': 1, 'target': <ball_device.bd_plunger>}
2025-10-02 19:40:13,651 : INFO : EventManager : Event: ======'balldevice_bd_trough_ball_count_changed'====== Args={'balls': 3}
2025-10-02 19:40:13,651 : INFO : ball_device.bd_trough : State: idle
2025-10-02 19:40:13,652 : INFO : ball_device.bd_plunger : State: waiting_for_target_ready
2025-10-02 19:40:13,652 : INFO : EventManager : Event: ======'balldevice_bd_plunger_ball_eject_attempt'====== Args={'balls': 1, 'target': <playfield.playfield>, 'source': <ball_device.bd_plunger>, 'mechanical_eject': False, 'num_attempts': 0}
2025-10-02 19:40:13,653 : INFO : ball_device.bd_plunger : State: ejecting
2025-10-02 19:40:13,653 : INFO : ball_device.bd_plunger : Ejecting ball to <playfield.playfield>
2025-10-02 19:40:13,653 : INFO : EventManager : Event: ======'balldevice_bd_plunger_ejecting_ball'====== Args={'balls': 1, 'target': <playfield.playfield>, 'source': <ball_device.bd_plunger>, 'mechanical_eject': False, 'num_attempts': 0}
2025-10-02 19:40:13,655 : INFO : ball_device.bd_plunger : Wait for ball to leave device
2025-10-02 19:40:13,655 : INFO : coil.c_plunger : Pulsing Driver for 20ms (1.0 pulse_power)
2025-10-02 19:40:13,655 : INFO : SwitchController : <<<<<<< 's_plunger' inactive >>>>>>>
2025-10-02 19:40:13,655 : INFO : EventManager : Event: ======'ball_out'====== Args={}
2025-10-02 19:40:13,659 : INFO : ball_device.bd_plunger : State: ball_left
2025-10-02 19:40:13,660 : INFO : ball_device.bd_plunger : Ball left
2025-10-02 19:40:13,660 : INFO : ball_device.bd_plunger : Wait for confirm with timeout 3.0
2025-10-02 19:40:16,677 : INFO : ball_device.bd_plunger : State: failed_confirm
2025-10-02 19:40:16,678 : INFO : ball_device.bd_plunger : Got timeout (3.0s) before confirm from <playfield.playfield>
2025-10-02 19:40:16,770 : INFO : ball_device.bd_plunger : Confirming eject because target is playfield and ball did not return.
2025-10-02 19:40:16,770 : INFO : ball_device.bd_plunger : Eject successful
2025-10-02 19:40:16,770 : INFO : EventManager : Event: ======'balldevice_bd_plunger_ball_eject_success'====== Args={'balls': 1, 'target': <playfield.playfield>}
2025-10-02 19:40:16,771 : INFO : EventManager : Event: ======'balldevice_playfield_ball_enter'====== Args={'new_balls': 1, 'unclaimed_balls': 1, 'device': <playfield.playfield>}
2025-10-02 19:40:16,771 : INFO : EventManager : Event: ======'playfield_ball_count_change'====== Args={'balls': 3, 'change': 1}
2025-10-02 19:40:16,772 : INFO : EventManager : Event: ======'balldevice_bd_plunger_ball_count_changed'====== Args={'balls': 0}
2025-10-02 19:40:16,772 : INFO : ball_device.bd_plunger : State: idle
2025-10-02 19:40:19,272 : INFO : EventManager : Event: ======'multiball_chcheckitout_shoot_again_ended'====== Args={}
2025-10-02 19:41:14,784 : INFO : SwitchController : <<<<<<< 's_right_lower_pop' active >>>>>>>
2025-10-02 19:41:14,785 : INFO : EventManager : Event: ======'s_right_lower_pop_active'====== Args={}
2025-10-02 19:41:14,785 : INFO : EventManager : Event: ======'machine_var_audits_switches_s_right_lower_pop'====== Args={'value': 430, 'prev_value': 429, 'change': 1}
2025-10-02 19:41:14,786 : INFO : EventManager : Event: ======'player_score'====== Args={'value': 2032790, 'prev_value': 2031680, 'change': 1110, 'player_num': 1, 'source': 'base'}
2025-10-02 19:41:14,885 : INFO : SwitchController : <<<<<<< 's_right_lower_pop' inactive >>>>>>>
2025-10-02 19:41:17,303 : INFO : SwitchController : <<<<<<< 's_trough6' inactive >>>>>>>
2025-10-02 19:41:17,365 : INFO : SwitchController : <<<<<<< 's_trough6' active >>>>>>>
2025-10-02 19:41:17,365 : INFO : EventManager : Event: ======'machine_var_audits_switches_s_trough6'====== Args={'value': 159, 'prev_value': 158, 'change': 1}
2025-10-02 19:41:20,165 : INFO : SwitchController : <<<<<<< 's_trough6' inactive >>>>>>>
2025-10-02 19:41:20,247 : INFO : SwitchController : <<<<<<< 's_trough6' active >>>>>>>
2025-10-02 19:41:20,247 : INFO : EventManager : Event: ======'machine_var_audits_switches_s_trough6'====== Args={'value': 160, 'prev_value': 159, 'change': 1}
2025-10-02 19:41:22,518 : INFO : SwitchController : <<<<<<< 's_trough6' inactive >>>>>>>
2025-10-02 19:41:22,585 : INFO : SwitchController : <<<<<<< 's_trough6' active >>>>>>>
2025-10-02 19:41:22,585 : INFO : EventManager : Event: ======'machine_var_audits_switches_s_trough6'====== Args={'value': 161, 'prev_value': 160, 'change': 1}
2025-10-02 19:41:28,055 : INFO : SwitchController : <<<<<<< 's_trough1' active >>>>>>>
2025-10-02 19:41:28,055 : INFO : EventManager : Event: ======'machine_var_audits_switches_s_trough1'====== Args={'value': 242, 'prev_value': 241, 'change': 1}
2025-10-02 19:41:28,148 : INFO : SwitchController : <<<<<<< 's_trough1' inactive >>>>>>>
2025-10-02 19:41:28,820 : INFO : SwitchController : <<<<<<< 's_trough1' active >>>>>>>
2025-10-02 19:41:28,820 : INFO : EventManager : Event: ======'machine_var_audits_switches_s_trough1'====== Args={'value': 243, 'prev_value': 242, 'change': 1}
2025-10-02 19:41:29,320 : INFO : EventManager : Event: ======'balldevice_bd_trough_ball_count_changed'====== Args={'balls': 4}
2025-10-02 19:41:29,321 : INFO : ball_device.bd_trough : Received unexpected ball
2025-10-02 19:41:29,321 : INFO : EventManager : Event: ======'balldevice_captured_from_playfield'====== Args={'balls': 1}
2025-10-02 19:41:29,321 : INFO : EventManager : Event: ======'sw_playfield_active'====== Args={'balls': 1}
2025-10-02 19:41:29,322 : INFO : EventManager : Event: ======'playfield_ball_count_change'====== Args={'balls': 2, 'change': -1}
2025-10-02 19:41:29,323 : INFO : EventManager : Event: ======'balldevice_bd_trough_ball_enter'====== Args={'new_balls': 1, 'unclaimed_balls': 1, 'new_available_balls': 1, 'device': <ball_device.bd_trough>}
2025-10-02 19:41:29,323 : INFO : EventManager : Event: ======'ball_drain'====== Args={'device': <ball_device.bd_trough>, 'balls': 1}
2025-10-02 19:41:29,323 : INFO : EventManager : Event: ======'balls_in_play'====== Args={'balls': 2}
2025-10-02 19:41:29,323 : INFO : EventManager : Event: ======'multiball_chcheckitout_ball_lost'====== Args={}
2025-10-02 19:41:29,324 : INFO : EventManager : Event: ======'balldevice_balls_available'====== Args={}
2025-10-02 19:41:29,324 : INFO : EventManager : Event: ======'balldevice_bd_trough_ball_entered'====== Args={'new_balls': 1, 'device': <ball_device.bd_trough>}
2025-10-02 19:41:32,284 : INFO : SwitchController : <<<<<<< 's_trough2' active >>>>>>>
2025-10-02 19:41:32,284 : INFO : EventManager : Event: ======'machine_var_audits_switches_s_trough2'====== Args={'value': 249, 'prev_value': 248, 'change': 1}
2025-10-02 19:41:32,786 : INFO : EventManager : Event: ======'balldevice_bd_trough_ball_count_changed'====== Args={'balls': 5}
2025-10-02 19:41:32,787 : INFO : ball_device.bd_trough : Received unexpected ball
2025-10-02 19:41:32,787 : INFO : EventManager : Event: ======'balldevice_captured_from_playfield'====== Args={'balls': 1}
2025-10-02 19:41:32,787 : INFO : EventManager : Event: ======'sw_playfield_active'====== Args={'balls': 1}
2025-10-02 19:41:32,787 : INFO : EventManager : Event: ======'playfield_ball_count_change'====== Args={'balls': 1, 'change': -1}
2025-10-02 19:41:32,789 : INFO : EventManager : Event: ======'balldevice_bd_trough_ball_enter'====== Args={'new_balls': 1, 'unclaimed_balls': 1, 'new_available_balls': 1, 'device': <ball_device.bd_trough>}
2025-10-02 19:41:32,790 : INFO : EventManager : Event: ======'ball_drain'====== Args={'device': <ball_device.bd_trough>, 'balls': 1}
2025-10-02 19:41:32,790 : INFO : EventManager : Event: ======'balls_in_play'====== Args={'balls': 1}
2025-10-02 19:41:32,790 : INFO : EventManager : Event: ======'multiball_chcheckitout_ball_lost'====== Args={}
2025-10-02 19:41:32,790 : INFO : EventManager : Event: ======'multiball_chcheckitout_ended'====== Args={}
2025-10-02 19:41:32,791 : INFO : EventManager : Event: ======'mode_carousel_will_start'====== Args={}
2025-10-02 19:41:32,792 : INFO : EventManager : Event: ======'mode_carousel_starting'====== Args={}
2025-10-02 19:41:32,792 : INFO : Mode.carousel : Started. Priority: 200
2025-10-02 19:41:32,793 : INFO : EventManager : Event: ======'modes_active_modes_changed'====== Args={}
2025-10-02 19:41:32,793 : INFO : EventManager : Event: ======'mode_carousel_started'====== Args={}
2025-10-02 19:41:32,793 : INFO : EventManager : Event: ======'item_highlighted'====== Args={'carousel': 'carousel', 'direction': None, 'item': 'intergalactic'}
2025-10-02 19:41:32,795 : INFO : EventManager : Event: ======'balldevice_balls_available'====== Args={}
2025-10-02 19:41:32,795 : INFO : EventManager : Event: ======'balldevice_bd_trough_ball_entered'====== Args={'new_balls': 1, 'device': <ball_device.bd_trough>}
2025-10-02 19:42:25,184 : INFO : Machine : Shutting down...
2025-10-02 19:42:25,184 : INFO : EventManager : Event: ======'shutdown'====== Args={}
2025-10-02 19:42:25,188 : INFO : EventManager : Event: ======'mode_game_will_stop'====== Args={}
2025-10-02 19:42:25,188 : INFO : EventManager : Event: ======'mode_game_stopping'====== Args={}
2025-10-02 19:42:25,190 : INFO : EventManager : Event: ======'mode_multiball_will_stop'====== Args={}
2025-10-02 19:42:25,190 : INFO : EventManager : Event: ======'mode_multiball_stopping'====== Args={}
2025-10-02 19:42:25,190 : INFO : EventManager : Event: ======'mode_base_will_stop'====== Args={}
2025-10-02 19:42:25,190 : INFO : EventManager : Event: ======'mode_base_stopping'====== Args={}
2025-10-02 19:42:25,190 : INFO : EventManager : Event: ======'mode_carousel_will_stop'====== Args={}
2025-10-02 19:42:25,190 : INFO : EventManager : Event: ======'mode_carousel_stopping'====== Args={}
2025-10-02 19:42:25,191 : INFO : Mode.carousel : Stopped.
2025-10-02 19:42:25,191 : INFO : EventManager : Event: ======'modes_active_modes_changed'====== Args={}
2025-10-02 19:42:25,191 : INFO : EventManager : Event: ======'mode_carousel_stopped'====== Args={}
2025-10-02 19:42:25,191 : INFO : EventManager : Event: ======'clear'====== Args={'key': 'carousel'}
2025-10-02 19:42:25,191 : INFO : Mode.base : Stopped.
2025-10-02 19:42:25,192 : INFO : EventManager : Event: ======'modes_active_modes_changed'====== Args={}
2025-10-02 19:42:25,192 : INFO : EventManager : Event: ======'mode_base_stopped'====== Args={}
2025-10-02 19:42:25,192 : INFO : EventManager : Event: ======'clear'====== Args={'key': 'base'}
2025-10-02 19:42:25,193 : INFO : Mode.multiball : Stopped.
2025-10-02 19:42:25,193 : INFO : EventManager : Event: ======'modes_active_modes_changed'====== Args={}
2025-10-02 19:42:25,194 : INFO : EventManager : Event: ======'mode_multiball_stopped'====== Args={}
2025-10-02 19:42:25,194 : INFO : EventManager : Event: ======'clear'====== Args={'key': 'multiball'}
2025-10-02 19:42:25,194 : INFO : Mode.game : Stopped.
2025-10-02 19:42:25,194 : INFO : EventManager : Event: ======'modes_active_modes_changed'====== Args={}
2025-10-02 19:42:25,194 : INFO : EventManager : Event: ======'mode_game_stopped'====== Args={}
2025-10-02 19:42:25,195 : INFO : EventManager : Event: ======'clear'====== Args={'key': 'game'}
2025-10-02 19:42:25,199 : INFO : root : MPF run loop ended.
