2025-10-22 16:38:21,128 : INFO : root : Loading config.
2025-10-22 16:38:21,136 : INFO : YamlMultifileConfigLoader : Machine config file #1: config.yaml
2025-10-22 16:38:21,137 : INFO : ConfigProcessor : Loading config from cache: C:\Users\sdona\AppData\Local\Temp\19f6d0d7953982fda9d956182316b8e5.mpf_cache
2025-10-22 16:38:21,284 : INFO : ConfigProcessor : Loading config from cache: C:\Users\sdona\AppData\Local\Temp\835b5bfea4be8b279a05e96caaaffbbb.mpf_cache
2025-10-22 16:38:21,285 : INFO : ConfigProcessor : Loading config from cache: C:\Users\sdona\AppData\Local\Temp\9b0a7575388f9d9bd2f6ab87bf9fd2f7.mpf_cache
2025-10-22 16:38:21,287 : INFO : ConfigProcessor : Loading config from cache: C:\Users\sdona\AppData\Local\Temp\c340ec0033d1055cd797ffd5447ef414.mpf_cache
2025-10-22 16:38:21,308 : INFO : ConfigProcessor : Loading config from cache: C:\Users\sdona\AppData\Local\Temp\835b5bfea4be8b279a05e96caaaffbbb.mpf_cache
2025-10-22 16:38:21,310 : WARNING : ConfigProcessor : Config file in cache changed: C:\venv\mpf\mmmdrop\modes\skill_shot\config\skill_shot.yaml
2025-10-22 16:38:21,310 : INFO : ConfigProcessor : Loading config from file C:\venv\mpf\mmmdrop\modes\skill_shot\config\skill_shot.yaml.
2025-10-22 16:38:21,313 : INFO : ConfigProcessor : Loading config: C:\venv\mpf\mmmdrop\modes\skill_shot\config\skill_shot.yaml
2025-10-22 16:38:21,314 : INFO : ConfigProcessor : Config file cache created: C:\Users\sdona\AppData\Local\Temp\8c11a28e3c38d4ad47947b6a126f2ee9.mpf_cache
2025-10-22 16:38:21,315 : INFO : ConfigProcessor : Loading config from cache: C:\Users\sdona\AppData\Local\Temp\e391083cdc9e667060411fe5838e93f2.mpf_cache
2025-10-22 16:38:21,316 : INFO : ConfigProcessor : Loading config from cache: C:\Users\sdona\AppData\Local\Temp\f0c219a993d891ee86dcb7eae47dde67.mpf_cache
2025-10-22 16:38:21,316 : INFO : ConfigProcessor : Loading config from cache: C:\Users\sdona\AppData\Local\Temp\96aa58108928490b129531848cd9b506.mpf_cache
2025-10-22 16:38:21,317 : INFO : ConfigProcessor : Loading config from cache: C:\Users\sdona\AppData\Local\Temp\567636b9d9766e3361204e954a8382da.mpf_cache
2025-10-22 16:38:21,318 : INFO : ConfigProcessor : Loading config from cache: C:\Users\sdona\AppData\Local\Temp\d5ead8dff868c6c4b1faf37537a19bc2.mpf_cache
2025-10-22 16:38:21,319 : INFO : ConfigProcessor : Loading config from cache: C:\Users\sdona\AppData\Local\Temp\112f935d1c2002cb40d3e6e497be9e7c.mpf_cache
2025-10-22 16:38:21,320 : INFO : ConfigProcessor : Loading config from cache: C:\Users\sdona\AppData\Local\Temp\aba0711976820dea629bb4c00b006efc.mpf_cache
2025-10-22 16:38:21,321 : INFO : ConfigProcessor : Loading config from cache: C:\Users\sdona\AppData\Local\Temp\de8ed6c6d4c48d1b5b054ff74222cb35.mpf_cache
2025-10-22 16:38:21,322 : INFO : ConfigProcessor : Loading config from cache: C:\Users\sdona\AppData\Local\Temp\e6b55d6a1c06b0dd6369c964181bf8d3.mpf_cache
2025-10-22 16:38:21,323 : INFO : ConfigProcessor : Loading config from cache: C:\Users\sdona\AppData\Local\Temp\4e6dd3b0a361d042ad5ab93a8cc8b437.mpf_cache
2025-10-22 16:38:21,323 : INFO : ConfigProcessor : Loading config from cache: C:\Users\sdona\AppData\Local\Temp\e97c871403fe82070ff249d62d7cfe22.mpf_cache
2025-10-22 16:38:21,324 : INFO : ConfigProcessor : Loading config from cache: C:\Users\sdona\AppData\Local\Temp\64b6da5876f56fc970400d85dfe882ec.mpf_cache
2025-10-22 16:38:21,325 : INFO : ConfigProcessor : Loading config from cache: C:\Users\sdona\AppData\Local\Temp\bed2bac5ea254e8ca98f6dd45e865fd8.mpf_cache
2025-10-22 16:38:21,325 : INFO : ConfigProcessor : Loading config from cache: C:\Users\sdona\AppData\Local\Temp\48e8797b77339ec89f8005d20046fbbb.mpf_cache
2025-10-22 16:38:21,326 : INFO : ConfigProcessor : Loading config from cache: C:\Users\sdona\AppData\Local\Temp\b0b8ed4dbd306ac2f063788d81ec6bc4.mpf_cache
2025-10-22 16:38:21,327 : INFO : ConfigProcessor : Loading config from cache: C:\Users\sdona\AppData\Local\Temp\e134e8f85ba8fa9c3d7f1500ca292437.mpf_cache
2025-10-22 16:38:21,327 : INFO : ConfigProcessor : Loading config from cache: C:\Users\sdona\AppData\Local\Temp\b24b6909ee6e0520126bbce60d1ed210.mpf_cache
2025-10-22 16:38:21,328 : INFO : ConfigProcessor : Loading config from cache: C:\Users\sdona\AppData\Local\Temp\cba807ea4a81180f6dd01afffacec8ed.mpf_cache
2025-10-22 16:38:21,330 : INFO : ConfigProcessor : Loading config from cache: C:\Users\sdona\AppData\Local\Temp\f4dd4d2b5212b72c6e9e67ac9e704e63.mpf_cache
2025-10-22 16:38:21,330 : INFO : ConfigProcessor : Loading config from cache: C:\Users\sdona\AppData\Local\Temp\b47d9bb1214e11383bf30352af24a7d5.mpf_cache
2025-10-22 16:38:21,331 : INFO : ConfigProcessor : Loading config from cache: C:\Users\sdona\AppData\Local\Temp\23d7d59c131357e53b11dbd4a18e6a94.mpf_cache
2025-10-22 16:38:21,331 : INFO : ConfigProcessor : Loading config from cache: C:\Users\sdona\AppData\Local\Temp\989ee664052248e9552213e43037a565.mpf_cache
2025-10-22 16:38:21,332 : INFO : ConfigProcessor : Loading config from cache: C:\Users\sdona\AppData\Local\Temp\428bc1fa3c6dcaec1d63d9276cdb6405.mpf_cache
2025-10-22 16:38:21,333 : INFO : ConfigProcessor : Loading config from cache: C:\Users\sdona\AppData\Local\Temp\c25e7c71bc90546538d4e68911be6658.mpf_cache
2025-10-22 16:38:21,333 : INFO : ConfigProcessor : Loading config from cache: C:\Users\sdona\AppData\Local\Temp\b7a51086f1e3c926b3977a0d025a1faa.mpf_cache
2025-10-22 16:38:21,334 : INFO : ConfigProcessor : Loading config from cache: C:\Users\sdona\AppData\Local\Temp\479eb3ca656e084fa2e092204a5b8039.mpf_cache
2025-10-22 16:38:21,335 : INFO : ConfigProcessor : Loading config from cache: C:\Users\sdona\AppData\Local\Temp\bdb81eccbf19551abd8bea5fafeca7c0.mpf_cache
2025-10-22 16:38:21,335 : INFO : ConfigProcessor : Loading config from cache: C:\Users\sdona\AppData\Local\Temp\8f065719b93e886777277178babee650.mpf_cache
2025-10-22 16:38:21,336 : INFO : ConfigProcessor : Loading config from cache: C:\Users\sdona\AppData\Local\Temp\7fef0463a0df344c3146c845257ec616.mpf_cache
2025-10-22 16:38:21,337 : INFO : ConfigProcessor : Loading config from cache: C:\Users\sdona\AppData\Local\Temp\a4f333ad36a077996c49298642b6bdcf.mpf_cache
2025-10-22 16:38:21,337 : INFO : ConfigProcessor : Loading config from cache: C:\Users\sdona\AppData\Local\Temp\e8d69d74f27089cda2650299e9916804.mpf_cache
2025-10-22 16:38:21,338 : INFO : ConfigProcessor : Loading config from cache: C:\Users\sdona\AppData\Local\Temp\05530f35bd950f18d27d3fd571d96823.mpf_cache
2025-10-22 16:38:21,339 : INFO : ConfigProcessor : Loading config from cache: C:\Users\sdona\AppData\Local\Temp\fc1e3f85304c911eb844eb65d36e61be.mpf_cache
2025-10-22 16:38:21,339 : INFO : ConfigProcessor : Loading config from cache: C:\Users\sdona\AppData\Local\Temp\53223d3922288729ee504c1b2a98bb55.mpf_cache
2025-10-22 16:38:21,340 : INFO : ConfigProcessor : Loading config from cache: C:\Users\sdona\AppData\Local\Temp\8d20136ddb274338050d1d1ccc1a5e4f.mpf_cache
2025-10-22 16:38:21,340 : INFO : ConfigProcessor : Loading config from cache: C:\Users\sdona\AppData\Local\Temp\1254d50720d6d5d0da0e84e29cdbaa7a.mpf_cache
2025-10-22 16:38:21,341 : INFO : ConfigProcessor : Loading config from cache: C:\Users\sdona\AppData\Local\Temp\1a7ae31e9f779b1261e3d1eee1831b27.mpf_cache
2025-10-22 16:38:21,342 : INFO : ConfigProcessor : Loading config from cache: C:\Users\sdona\AppData\Local\Temp\8e3ea42c38f2105e0d9462648474c540.mpf_cache
2025-10-22 16:38:21,342 : INFO : ConfigProcessor : Loading config from cache: C:\Users\sdona\AppData\Local\Temp\a61b86d39bcc5a5ea0a5885549542355.mpf_cache
2025-10-22 16:38:21,343 : INFO : Machine : Mission Pinball Framework Core Engine v0.80.0.dev9
2025-10-22 16:38:21,343 : INFO : Machine : Command line arguments: {'no_load_cache': False, 'create_config_cache': True, 'bcp': True, 'configfile': ['config.yaml'], 'force_assets_load': False, 'platform_integration_test': False, 'jsonlogging': False, 'logfile': 'logs\\2025-10-22-16-38-21-mpf-PinballLaptop.log', 'pause': False, 'production': False, 'text_ui': True, 'loglevel': 15, 'consoleloglevel': 20, 'force_platform': 'smart_virtual', 'syslog_address': None, 'full_logfile_path': 'C:\\venv\\mpf\\mmmdrop\\logs\\2025-10-22-16-38-21-mpf-PinballLaptop.log'}
2025-10-22 16:38:21,343 : INFO : Machine : MPF path: c:\venv\mpf\lib\site-packages\mpf
2025-10-22 16:38:21,343 : INFO : Machine : Machine path: C:\venv\mpf\mmmdrop
2025-10-22 16:38:21,343 : INFO : Machine : Platform: win32
2025-10-22 16:38:21,343 : INFO : Machine : Python executable location: c:\venv\mpf\Scripts\python.exe
2025-10-22 16:38:21,343 : INFO : Machine : Python version: 3.9.13 (64-bit)
2025-10-22 16:38:21,345 : INFO : Machine : Initializing MPF...
2025-10-22 16:38:21,556 : INFO : EventManager : Event: ======'machine_var_credits_string'====== Args={'value': 'FREE PLAY', 'prev_value': None, 'change': True}
2025-10-22 16:38:21,583 : INFO : EventManager : Event: ======'machine_var_fast_audio_headphones_volume'====== Args={'value': 10, 'prev_value': None, 'change': True}
2025-10-22 16:38:21,583 : INFO : EventManager : Event: ======'machine_var_fast_audio_main_volume'====== Args={'value': 44, 'prev_value': None, 'change': True}
2025-10-22 16:38:21,583 : INFO : EventManager : Event: ======'machine_var_master_volume'====== Args={'value': 0.55, 'prev_value': None, 'change': True}
2025-10-22 16:38:21,583 : INFO : EventManager : Event: ======'machine_var_player1_score'====== Args={'value': 25030460, 'prev_value': None, 'change': True}
2025-10-22 16:38:21,583 : INFO : EventManager : Event: ======'machine_var_game_just_played'====== Args={'value': 0, 'prev_value': None, 'change': True}
2025-10-22 16:38:21,583 : INFO : EventManager : Event: ======'machine_var_mpf_version'====== Args={'value': 'Mission Pinball Framework v0.80.0.dev9', 'prev_value': None, 'change': True}
2025-10-22 16:38:21,583 : INFO : EventManager : Event: ======'machine_var_mpf_extended_version'====== Args={'value': 'Mission Pinball Framework v0.80.0.dev9, Config version:6, Show version: 6, BCP version:1.1', 'prev_value': None, 'change': True}
2025-10-22 16:38:21,583 : INFO : EventManager : Event: ======'machine_var_python_version'====== Args={'value': '3.9.13', 'prev_value': None, 'change': True}
2025-10-22 16:38:21,628 : INFO : EventManager : Event: ======'machine_var_platform'====== Args={'value': 'Windows-10-10.0.26100-SP0', 'prev_value': None, 'change': True}
2025-10-22 16:38:21,628 : INFO : EventManager : Event: ======'machine_var_platform_system'====== Args={'value': 'Windows', 'prev_value': None, 'change': True}
2025-10-22 16:38:21,628 : INFO : EventManager : Event: ======'machine_var_platform_release'====== Args={'value': '10', 'prev_value': None, 'change': True}
2025-10-22 16:38:21,628 : INFO : EventManager : Event: ======'machine_var_platform_version'====== Args={'value': '10.0.26100', 'prev_value': None, 'change': True}
2025-10-22 16:38:21,628 : INFO : EventManager : Event: ======'machine_var_platform_machine'====== Args={'value': 'AMD64', 'prev_value': None, 'change': True}
2025-10-22 16:38:21,629 : INFO : EventManager : Event: ======'machine_var_log_file_path'====== Args={'value': 'C:\\venv\\mpf\\mmmdrop\\logs\\2025-10-22-16-38-21-mpf-PinballLaptop.log', 'prev_value': None, 'change': True}
2025-10-22 16:38:21,629 : INFO : EventManager : Event: ======'init_phase_1'====== Args={}
2025-10-22 16:38:21,678 : INFO : EventManager : Event: ======'drop_target_bank_three_bank_up'====== Args={}
2025-10-22 16:38:21,679 : INFO : EventManager : Event: ======'init_phase_2'====== Args={}
2025-10-22 16:38:21,679 : INFO : SwitchController : Found active switch: ('3208-0', <Platform.SmartVirtual>) <switch.s_trough1>
2025-10-22 16:38:21,679 : INFO : SwitchController : Found active switch: ('3208-1', <Platform.SmartVirtual>) <switch.s_trough2>
2025-10-22 16:38:21,679 : INFO : SwitchController : Found active switch: ('3208-2', <Platform.SmartVirtual>) <switch.s_trough3>
2025-10-22 16:38:21,679 : INFO : SwitchController : Found active switch: ('3208-3', <Platform.SmartVirtual>) <switch.s_trough4>
2025-10-22 16:38:21,679 : INFO : SwitchController : Found active switch: ('3208-4', <Platform.SmartVirtual>) <switch.s_trough5>
2025-10-22 16:38:21,679 : INFO : SwitchController : Found active switch: ('3208-5', <Platform.SmartVirtual>) <switch.s_trough6>
2025-10-22 16:38:21,695 : INFO : EventManager : Event: ======'bcp_connection_attempt'====== Args={'name': 'local_display', 'host': 'localhost', 'port': 5050}
2025-10-22 16:38:21,697 : INFO : BCPClientSocket : Connecting BCP to 'local_display' at localhost:5050...
2025-10-22 16:38:28,988 : INFO : BCPClientSocket : Connected BCP to 'local_display' localhost:5050
2025-10-22 16:38:28,989 : INFO : EventManager : Event: ======'bcp_clients_connected'====== Args={}
2025-10-22 16:38:29,124 : INFO : ball_device.bd_trough : BCH: Initial count: 6
2025-10-22 16:38:29,125 : INFO : ball_device.bd_trough : State: idle
2025-10-22 16:38:29,125 : INFO : ball_device.bd_plunger : BCH: Initial count: 0
2025-10-22 16:38:29,126 : INFO : ball_device.bd_plunger : State: idle
2025-10-22 16:38:29,126 : INFO : ball_device.bd_scoop : BCH: Initial count: 0
2025-10-22 16:38:29,126 : INFO : ball_device.bd_scoop : State: idle
2025-10-22 16:38:29,146 : INFO : EventManager : Event: ======'init_phase_3'====== Args={}
2025-10-22 16:38:29,161 : INFO : EventManager : Event: ======'init_phase_4'====== Args={}
2025-10-22 16:38:29,161 : INFO : BallController : Initial balls found: 6
2025-10-22 16:38:29,163 : INFO : EventManager : Event: ======'machine_var_audits_events_game_ended'====== Args={'value': 58, 'prev_value': None, 'change': True}
2025-10-22 16:38:29,163 : INFO : EventManager : Event: ======'machine_var_audits_events_game_started'====== Args={'value': 455, 'prev_value': None, 'change': True}
2025-10-22 16:38:29,163 : INFO : EventManager : Event: ======'machine_var_audits_missing_switches_s_captive_ball'====== Args={'value': 2, 'prev_value': None, 'change': True}
2025-10-22 16:38:29,163 : INFO : EventManager : Event: ======'machine_var_audits_missing_switches_s_center_upper_pop'====== Args={'value': 39, 'prev_value': None, 'change': True}
2025-10-22 16:38:29,164 : INFO : EventManager : Event: ======'machine_var_audits_missing_switches_s_left_flipper'====== Args={'value': 5, 'prev_value': None, 'change': True}
2025-10-22 16:38:29,164 : INFO : EventManager : Event: ======'machine_var_audits_missing_switches_s_left_inlane'====== Args={'value': 111, 'prev_value': None, 'change': True}
2025-10-22 16:38:29,164 : INFO : EventManager : Event: ======'machine_var_audits_missing_switches_s_left_orbit'====== Args={'value': 1, 'prev_value': None, 'change': True}
2025-10-22 16:38:29,164 : INFO : EventManager : Event: ======'machine_var_audits_missing_switches_s_left_outlane'====== Args={'value': 199, 'prev_value': None, 'change': True}
2025-10-22 16:38:29,164 : INFO : EventManager : Event: ======'machine_var_audits_missing_switches_s_left_ramp'====== Args={'value': 1, 'prev_value': None, 'change': True}
2025-10-22 16:38:29,164 : INFO : EventManager : Event: ======'machine_var_audits_missing_switches_s_left_slingshot'====== Args={'value': 381, 'prev_value': None, 'change': True}
2025-10-22 16:38:29,164 : INFO : EventManager : Event: ======'machine_var_audits_missing_switches_s_left_upper_pop'====== Args={'value': 39, 'prev_value': None, 'change': True}
2025-10-22 16:38:29,164 : INFO : EventManager : Event: ======'machine_var_audits_missing_switches_s_pop_standup'====== Args={'value': 1, 'prev_value': None, 'change': True}
2025-10-22 16:38:29,165 : INFO : EventManager : Event: ======'machine_var_audits_missing_switches_s_right_inlane'====== Args={'value': 111, 'prev_value': None, 'change': True}
2025-10-22 16:38:29,165 : INFO : EventManager : Event: ======'machine_var_audits_missing_switches_s_right_lower_pop'====== Args={'value': 2, 'prev_value': None, 'change': True}
2025-10-22 16:38:29,165 : INFO : EventManager : Event: ======'machine_var_audits_missing_switches_s_right_orbit'====== Args={'value': 1, 'prev_value': None, 'change': True}
2025-10-22 16:38:29,165 : INFO : EventManager : Event: ======'machine_var_audits_missing_switches_s_right_outlane'====== Args={'value': 266, 'prev_value': None, 'change': True}
2025-10-22 16:38:29,165 : INFO : EventManager : Event: ======'machine_var_audits_missing_switches_s_right_ramp'====== Args={'value': 1, 'prev_value': None, 'change': True}
2025-10-22 16:38:29,165 : INFO : EventManager : Event: ======'machine_var_audits_missing_switches_s_right_slingshot'====== Args={'value': 231, 'prev_value': None, 'change': True}
2025-10-22 16:38:29,165 : INFO : EventManager : Event: ======'machine_var_audits_missing_switches_s_service_down'====== Args={'value': 100, 'prev_value': None, 'change': True}
2025-10-22 16:38:29,165 : INFO : EventManager : Event: ======'machine_var_audits_missing_switches_s_service_enter'====== Args={'value': 100, 'prev_value': None, 'change': True}
2025-10-22 16:38:29,165 : INFO : EventManager : Event: ======'machine_var_audits_missing_switches_s_service_esc'====== Args={'value': 100, 'prev_value': None, 'change': True}
2025-10-22 16:38:29,166 : INFO : EventManager : Event: ======'machine_var_audits_missing_switches_s_service_up'====== Args={'value': 73, 'prev_value': None, 'change': True}
2025-10-22 16:38:29,166 : INFO : EventManager : Event: ======'machine_var_audits_missing_switches_s_spinner'====== Args={'value': 15, 'prev_value': None, 'change': True}
2025-10-22 16:38:29,166 : INFO : EventManager : Event: ======'machine_var_audits_missing_switches_s_start'====== Args={'value': 39, 'prev_value': None, 'change': True}
2025-10-22 16:38:29,166 : INFO : EventManager : Event: ======'machine_var_audits_missing_switches_s_three_bank_bottom'====== Args={'value': 1, 'prev_value': None, 'change': True}
2025-10-22 16:38:29,166 : INFO : EventManager : Event: ======'machine_var_audits_missing_switches_s_three_bank_middle'====== Args={'value': 1, 'prev_value': None, 'change': True}
2025-10-22 16:38:29,166 : INFO : EventManager : Event: ======'machine_var_audits_missing_switches_s_three_bank_standup'====== Args={'value': 2, 'prev_value': None, 'change': True}
2025-10-22 16:38:29,166 : INFO : EventManager : Event: ======'machine_var_audits_missing_switches_s_three_bank_top'====== Args={'value': 1, 'prev_value': None, 'change': True}
2025-10-22 16:38:29,166 : INFO : EventManager : Event: ======'machine_var_audits_missing_switches_s_tilt_bob'====== Args={'value': 18, 'prev_value': None, 'change': True}
2025-10-22 16:38:29,166 : INFO : EventManager : Event: ======'machine_var_audits_missing_switches_s_top_right_flipper'====== Args={'value': 381, 'prev_value': None, 'change': True}
2025-10-22 16:38:29,166 : INFO : EventManager : Event: ======'machine_var_audits_missing_switches_s_trough2'====== Args={'value': 4, 'prev_value': None, 'change': True}
2025-10-22 16:38:29,166 : INFO : EventManager : Event: ======'machine_var_audits_missing_switches_s_trough3'====== Args={'value': 4, 'prev_value': None, 'change': True}
2025-10-22 16:38:29,166 : INFO : EventManager : Event: ======'machine_var_audits_missing_switches_s_trough4'====== Args={'value': 380, 'prev_value': None, 'change': True}
2025-10-22 16:38:29,168 : INFO : EventManager : Event: ======'machine_var_audits_missing_switches_s_trough5'====== Args={'value': 380, 'prev_value': None, 'change': True}
2025-10-22 16:38:29,168 : INFO : EventManager : Event: ======'machine_var_audits_missing_switches_s_trough6'====== Args={'value': 230, 'prev_value': None, 'change': True}
2025-10-22 16:38:29,168 : INFO : EventManager : Event: ======'machine_var_audits_missing_switches_s_trough_jam'====== Args={'value': 381, 'prev_value': None, 'change': True}
2025-10-22 16:38:29,168 : INFO : EventManager : Event: ======'machine_var_audits_missing_switches_s_tshirt_bottom_standup'====== Args={'value': 2, 'prev_value': None, 'change': True}
2025-10-22 16:38:29,168 : INFO : EventManager : Event: ======'machine_var_audits_missing_switches_s_tshirt_top_standup'====== Args={'value': 2, 'prev_value': None, 'change': True}
2025-10-22 16:38:29,168 : INFO : EventManager : Event: ======'machine_var_audits_missing_switches_s_upper_pop_standup'====== Args={'value': 2, 'prev_value': None, 'change': True}
2025-10-22 16:38:29,168 : INFO : EventManager : Event: ======'machine_var_audits_missing_switches_service_esc'====== Args={'value': 1, 'prev_value': None, 'change': True}
2025-10-22 16:38:29,168 : INFO : EventManager : Event: ======'machine_var_audits_player_score'====== Args={'value': {'average': 9078492, 'top': [147275560, 142237180, 85092890, 38155360, 32035610, 25030460, 6038970, 6022290, 6019980, 6019980], 'total': 62}, 'prev_value': None, 'change': True}
2025-10-22 16:38:29,169 : INFO : EventManager : Event: ======'machine_var_audits_shots_bottom_drop'====== Args={'value': 29, 'prev_value': None, 'change': True}
2025-10-22 16:38:29,169 : INFO : EventManager : Event: ======'machine_var_audits_shots_captive_ball'====== Args={'value': 7, 'prev_value': None, 'change': True}
2025-10-22 16:38:29,169 : INFO : EventManager : Event: ======'machine_var_audits_shots_inner_loop'====== Args={'value': 4, 'prev_value': None, 'change': True}
2025-10-22 16:38:29,169 : INFO : EventManager : Event: ======'machine_var_audits_shots_inner_loop_backdoor'====== Args={'value': 1, 'prev_value': None, 'change': True}
2025-10-22 16:38:29,169 : INFO : EventManager : Event: ======'machine_var_audits_shots_left_orbit'====== Args={'value': 10, 'prev_value': None, 'change': True}
2025-10-22 16:38:29,169 : INFO : EventManager : Event: ======'machine_var_audits_shots_left_ramp'====== Args={'value': 23, 'prev_value': None, 'change': True}
2025-10-22 16:38:29,169 : INFO : EventManager : Event: ======'machine_var_audits_shots_middle_drop'====== Args={'value': 22, 'prev_value': None, 'change': True}
2025-10-22 16:38:29,169 : INFO : EventManager : Event: ======'machine_var_audits_shots_pop3'====== Args={'value': 37, 'prev_value': None, 'change': True}
2025-10-22 16:38:29,169 : INFO : EventManager : Event: ======'machine_var_audits_shots_pop_standup'====== Args={'value': 26, 'prev_value': None, 'change': True}
2025-10-22 16:38:29,170 : INFO : EventManager : Event: ======'machine_var_audits_shots_right_orbit'====== Args={'value': 11, 'prev_value': None, 'change': True}
2025-10-22 16:38:29,170 : INFO : EventManager : Event: ======'machine_var_audits_shots_right_ramp'====== Args={'value': 22, 'prev_value': None, 'change': True}
2025-10-22 16:38:29,170 : INFO : EventManager : Event: ======'machine_var_audits_shots_scoop'====== Args={'value': 26, 'prev_value': None, 'change': True}
2025-10-22 16:38:29,170 : INFO : EventManager : Event: ======'machine_var_audits_shots_skill_captive'====== Args={'value': 16, 'prev_value': None, 'change': True}
2025-10-22 16:38:29,170 : INFO : EventManager : Event: ======'machine_var_audits_shots_skill_drop_targets'====== Args={'value': 240, 'prev_value': None, 'change': True}
2025-10-22 16:38:29,170 : INFO : EventManager : Event: ======'machine_var_audits_shots_skill_side_targets'====== Args={'value': 27, 'prev_value': None, 'change': True}
2025-10-22 16:38:29,170 : INFO : EventManager : Event: ======'machine_var_audits_shots_skillshot_drop_targets'====== Args={'value': 37, 'prev_value': None, 'change': True}
2025-10-22 16:38:29,170 : INFO : EventManager : Event: ======'machine_var_audits_shots_skillshot_hideout_plunge'====== Args={'value': 1, 'prev_value': None, 'change': True}
2025-10-22 16:38:29,171 : INFO : EventManager : Event: ======'machine_var_audits_shots_skillshot_side_targets'====== Args={'value': 5, 'prev_value': None, 'change': True}
2025-10-22 16:38:29,171 : INFO : EventManager : Event: ======'machine_var_audits_shots_spinner'====== Args={'value': 40, 'prev_value': None, 'change': True}
2025-10-22 16:38:29,171 : INFO : EventManager : Event: ======'machine_var_audits_shots_three_bank_standup'====== Args={'value': 15, 'prev_value': None, 'change': True}
2025-10-22 16:38:29,171 : INFO : EventManager : Event: ======'machine_var_audits_shots_top_drop'====== Args={'value': 30, 'prev_value': None, 'change': True}
2025-10-22 16:38:29,171 : INFO : EventManager : Event: ======'machine_var_audits_shots_tshirt_bottom_standup'====== Args={'value': 1, 'prev_value': None, 'change': True}
2025-10-22 16:38:29,171 : INFO : EventManager : Event: ======'machine_var_audits_shots_tshirt_top_standup'====== Args={'value': 3, 'prev_value': None, 'change': True}
2025-10-22 16:38:29,171 : INFO : EventManager : Event: ======'machine_var_audits_shots_upper_pop_standup'====== Args={'value': 7, 'prev_value': None, 'change': True}
2025-10-22 16:38:29,172 : INFO : EventManager : Event: ======'machine_var_audits_switches_s_captive_ball'====== Args={'value': 199, 'prev_value': None, 'change': True}
2025-10-22 16:38:29,172 : INFO : EventManager : Event: ======'machine_var_audits_switches_s_center_upper_pop'====== Args={'value': 220, 'prev_value': None, 'change': True}
2025-10-22 16:38:29,172 : INFO : EventManager : Event: ======'machine_var_audits_switches_s_inner_orbit'====== Args={'value': 8, 'prev_value': None, 'change': True}
2025-10-22 16:38:29,172 : INFO : EventManager : Event: ======'machine_var_audits_switches_s_left_flipper'====== Args={'value': 1290, 'prev_value': None, 'change': True}
2025-10-22 16:38:29,172 : INFO : EventManager : Event: ======'machine_var_audits_switches_s_left_inlane'====== Args={'value': 111, 'prev_value': None, 'change': True}
2025-10-22 16:38:29,172 : INFO : EventManager : Event: ======'machine_var_audits_switches_s_left_orbit'====== Args={'value': 92, 'prev_value': None, 'change': True}
2025-10-22 16:38:29,172 : INFO : EventManager : Event: ======'machine_var_audits_switches_s_left_outlane'====== Args={'value': 56, 'prev_value': None, 'change': True}
2025-10-22 16:38:29,173 : INFO : EventManager : Event: ======'machine_var_audits_switches_s_left_ramp'====== Args={'value': 157, 'prev_value': None, 'change': True}
2025-10-22 16:38:29,173 : INFO : EventManager : Event: ======'machine_var_audits_switches_s_left_slingshot'====== Args={'value': 259, 'prev_value': None, 'change': True}
2025-10-22 16:38:29,173 : INFO : EventManager : Event: ======'machine_var_audits_switches_s_left_upper_pop'====== Args={'value': 161, 'prev_value': None, 'change': True}
2025-10-22 16:38:29,173 : INFO : EventManager : Event: ======'machine_var_audits_switches_s_plunger'====== Args={'value': 1226, 'prev_value': None, 'change': True}
2025-10-22 16:38:29,173 : INFO : EventManager : Event: ======'machine_var_audits_switches_s_pop_standup'====== Args={'value': 147, 'prev_value': None, 'change': True}
2025-10-22 16:38:29,173 : INFO : EventManager : Event: ======'machine_var_audits_switches_s_right_flipper'====== Args={'value': 1679, 'prev_value': None, 'change': True}
2025-10-22 16:38:29,173 : INFO : EventManager : Event: ======'machine_var_audits_switches_s_right_inlane'====== Args={'value': 107, 'prev_value': None, 'change': True}
2025-10-22 16:38:29,175 : INFO : EventManager : Event: ======'machine_var_audits_switches_s_right_lower_pop'====== Args={'value': 785, 'prev_value': None, 'change': True}
2025-10-22 16:38:29,175 : INFO : EventManager : Event: ======'machine_var_audits_switches_s_right_orbit'====== Args={'value': 99, 'prev_value': None, 'change': True}
2025-10-22 16:38:29,176 : INFO : EventManager : Event: ======'machine_var_audits_switches_s_right_outlane'====== Args={'value': 53, 'prev_value': None, 'change': True}
2025-10-22 16:38:29,176 : INFO : EventManager : Event: ======'machine_var_audits_switches_s_right_ramp'====== Args={'value': 170, 'prev_value': None, 'change': True}
2025-10-22 16:38:29,176 : INFO : EventManager : Event: ======'machine_var_audits_switches_s_right_slingshot'====== Args={'value': 366, 'prev_value': None, 'change': True}
2025-10-22 16:38:29,176 : INFO : EventManager : Event: ======'machine_var_audits_switches_s_scoop'====== Args={'value': 369, 'prev_value': None, 'change': True}
2025-10-22 16:38:29,176 : INFO : EventManager : Event: ======'machine_var_audits_switches_s_service_down'====== Args={'value': 0, 'prev_value': None, 'change': True}
2025-10-22 16:38:29,177 : INFO : EventManager : Event: ======'machine_var_audits_switches_s_service_enter'====== Args={'value': 0, 'prev_value': None, 'change': True}
2025-10-22 16:38:29,177 : INFO : EventManager : Event: ======'machine_var_audits_switches_s_service_esc'====== Args={'value': 0, 'prev_value': None, 'change': True}
2025-10-22 16:38:29,177 : INFO : EventManager : Event: ======'machine_var_audits_switches_s_service_up'====== Args={'value': 1, 'prev_value': None, 'change': True}
2025-10-22 16:38:29,177 : INFO : EventManager : Event: ======'machine_var_audits_switches_s_spinner'====== Args={'value': 2098, 'prev_value': None, 'change': True}
2025-10-22 16:38:29,177 : INFO : EventManager : Event: ======'machine_var_audits_switches_s_start'====== Args={'value': 67, 'prev_value': None, 'change': True}
2025-10-22 16:38:29,178 : INFO : EventManager : Event: ======'machine_var_audits_switches_s_three_bank_bottom'====== Args={'value': 522, 'prev_value': None, 'change': True}
2025-10-22 16:38:29,178 : INFO : EventManager : Event: ======'machine_var_audits_switches_s_three_bank_middle'====== Args={'value': 554, 'prev_value': None, 'change': True}
2025-10-22 16:38:29,178 : INFO : EventManager : Event: ======'machine_var_audits_switches_s_three_bank_standup'====== Args={'value': 256, 'prev_value': None, 'change': True}
2025-10-22 16:38:29,178 : INFO : EventManager : Event: ======'machine_var_audits_switches_s_three_bank_top'====== Args={'value': 568, 'prev_value': None, 'change': True}
2025-10-22 16:38:29,178 : INFO : EventManager : Event: ======'machine_var_audits_switches_s_tilt_bob'====== Args={'value': 51, 'prev_value': None, 'change': True}
2025-10-22 16:38:29,178 : INFO : EventManager : Event: ======'machine_var_audits_switches_s_top_right_flipper'====== Args={'value': 1294, 'prev_value': None, 'change': True}
2025-10-22 16:38:29,178 : INFO : EventManager : Event: ======'machine_var_audits_switches_s_trough1'====== Args={'value': 393, 'prev_value': None, 'change': True}
2025-10-22 16:38:29,180 : INFO : EventManager : Event: ======'machine_var_audits_switches_s_trough2'====== Args={'value': 315, 'prev_value': None, 'change': True}
2025-10-22 16:38:29,180 : INFO : EventManager : Event: ======'machine_var_audits_switches_s_trough3'====== Args={'value': 243, 'prev_value': None, 'change': True}
2025-10-22 16:38:29,180 : INFO : EventManager : Event: ======'machine_var_audits_switches_s_trough4'====== Args={'value': 160, 'prev_value': None, 'change': True}
2025-10-22 16:38:29,180 : INFO : EventManager : Event: ======'machine_var_audits_switches_s_trough5'====== Args={'value': 160, 'prev_value': None, 'change': True}
2025-10-22 16:38:29,180 : INFO : EventManager : Event: ======'machine_var_audits_switches_s_trough6'====== Args={'value': 161, 'prev_value': None, 'change': True}
2025-10-22 16:38:29,181 : INFO : EventManager : Event: ======'machine_var_audits_switches_s_trough_jam'====== Args={'value': 206, 'prev_value': None, 'change': True}
2025-10-22 16:38:29,181 : INFO : EventManager : Event: ======'machine_var_audits_switches_s_tshirt_bottom_standup'====== Args={'value': 41, 'prev_value': None, 'change': True}
2025-10-22 16:38:29,181 : INFO : EventManager : Event: ======'machine_var_audits_switches_s_tshirt_top_standup'====== Args={'value': 70, 'prev_value': None, 'change': True}
2025-10-22 16:38:29,181 : INFO : EventManager : Event: ======'machine_var_audits_switches_s_upper_pop_standup'====== Args={'value': 181, 'prev_value': None, 'change': True}
2025-10-22 16:38:29,181 : INFO : EventManager : Event: ======'machine_var_audits_switches_service_down'====== Args={'value': 1, 'prev_value': None, 'change': True}
2025-10-22 16:38:29,182 : INFO : EventManager : Event: ======'machine_var_audits_switches_service_enter'====== Args={'value': 2, 'prev_value': None, 'change': True}
2025-10-22 16:38:29,182 : INFO : EventManager : Event: ======'machine_var_audits_switches_service_esc'====== Args={'value': 0, 'prev_value': None, 'change': True}
2025-10-22 16:38:29,182 : INFO : EventManager : Event: ======'machine_var_audits_switches_service_up'====== Args={'value': 2, 'prev_value': None, 'change': True}
2025-10-22 16:38:29,183 : INFO : EventManager : Event: ======'init_phase_5'====== Args={}
2025-10-22 16:38:29,261 : INFO : EventManager : Event: ======'init_done'====== Args={}
2025-10-22 16:38:29,262 : INFO : EventManager : Event: ======'machine_reset_phase_1'====== Args={}
2025-10-22 16:38:29,273 : INFO : EventManager : Event: ======'machine_reset_phase_2'====== Args={}
2025-10-22 16:38:29,273 : INFO : EventManager : Event: ======'game_just_played'====== Args={'priority': 0, 'action': 'set_machine', 'int': 0}
2025-10-22 16:38:29,273 : INFO : EventManager : Event: ======'machine_reset_phase_3'====== Args={}
2025-10-22 16:38:29,273 : INFO : EventManager : Event: ======'mode_tilt_will_start'====== Args={'queue': <QueuedEvent>}
2025-10-22 16:38:29,275 : INFO : EventManager : Event: ======'mode_tilt_starting'====== Args={'queue': <QueuedEvent>}
2025-10-22 16:38:29,275 : INFO : drop_target_bank.three_bank : All targets are already up. Will not reset bank.
2025-10-22 16:38:29,275 : INFO : Mode.tilt : Started. Priority: 1000000
2025-10-22 16:38:29,276 : INFO : EventManager : Event: ======'modes_active_modes_changed'====== Args={}
2025-10-22 16:38:29,276 : INFO : EventManager : Event: ======'mode_tilt_started'====== Args={'queue': <QueuedEvent>}
2025-10-22 16:38:29,277 : INFO : EventManager : Event: ======'reset_complete'====== Args={}
2025-10-22 16:38:29,277 : INFO : EventManager : Event: ======'mode_service_will_start'====== Args={}
2025-10-22 16:38:29,278 : INFO : EventManager : Event: ======'mode_service_starting'====== Args={}
2025-10-22 16:38:29,278 : INFO : EventManager : Event: ======'mode_attract_will_start'====== Args={}
2025-10-22 16:38:29,279 : INFO : Timer.attract_intro_timer : Starting Timer.
2025-10-22 16:38:29,280 : INFO : EventManager : Event: ======'timer_attract_intro_timer_started'====== Args={'ticks': 0, 'ticks_remaining': 16}
2025-10-22 16:38:29,280 : INFO : EventManager : Event: ======'timer_attract_intro_timer_tick'====== Args={'ticks': 0, 'ticks_remaining': 16}
2025-10-22 16:38:29,285 : INFO : EventManager : Event: ======'mode_attract_starting'====== Args={}
2025-10-22 16:38:29,285 : INFO : Mode.service : Started. Priority: 100000
2025-10-22 16:38:29,285 : INFO : EventManager : Event: ======'modes_active_modes_changed'====== Args={}
2025-10-22 16:38:29,285 : INFO : EventManager : Event: ======'mode_service_started'====== Args={}
2025-10-22 16:38:29,304 : INFO : EventManager : Event: ======'logicblock_mca_sequence_updated'====== Args={'value': 0, 'enabled': True}
2025-10-22 16:38:29,308 : INFO : EventManager : Event: ======'logicblock_adr_sequence_updated'====== Args={'value': 0, 'enabled': True}
2025-10-22 16:38:29,308 : INFO : EventManager : Event: ======'logicblock_mca_sequence_updated'====== Args={'value': 0, 'enabled': True}
2025-10-22 16:38:29,308 : INFO : EventManager : Event: ======'logicblock_adr_sequence_updated'====== Args={'value': 0, 'enabled': True}
2025-10-22 16:38:29,308 : INFO : Mode.attract : Started. Priority: 10
2025-10-22 16:38:29,308 : INFO : EventManager : Event: ======'modes_active_modes_changed'====== Args={}
2025-10-22 16:38:29,308 : INFO : EventManager : Event: ======'mode_attract_started'====== Args={}
2025-10-22 16:38:29,308 : INFO : EventManager : Event: ======'logicblock_mca_sequence_updated'====== Args={'value': 0, 'enabled': True}
2025-10-22 16:38:29,308 : INFO : EventManager : Event: ======'logicblock_mca_sequence_updated'====== Args={'value': 0, 'enabled': True}
2025-10-22 16:38:29,310 : INFO : EventManager : Event: ======'logicblock_adr_sequence_updated'====== Args={'value': 0, 'enabled': True}
2025-10-22 16:38:29,310 : INFO : EventManager : Event: ======'logicblock_adr_sequence_updated'====== Args={'value': 0, 'enabled': True}
2025-10-22 16:38:29,311 : INFO : EventManager : Event: ======'timer_attract_intro_timer_tick'====== Args={'ticks': 0, 'ticks_remaining': 16}
2025-10-22 16:38:29,312 : INFO : EventManager : Event: ======'collecting_balls_complete'====== Args={}
2025-10-22 16:38:29,313 : INFO : EventManager : Event: ======'item_highlighted'====== Args={'carousel': 'attract', 'direction': None, 'item': 'mpf_logo'}
2025-10-22 16:38:29,313 : INFO : Timer.attract_carousel_timer : Starting Timer.
2025-10-22 16:38:29,314 : INFO : EventManager : Event: ======'timer_attract_carousel_timer_started'====== Args={'ticks': 0, 'ticks_remaining': 5}
2025-10-22 16:38:29,314 : INFO : EventManager : Event: ======'timer_attract_carousel_timer_tick'====== Args={'ticks': 0, 'ticks_remaining': 5}
2025-10-22 16:38:29,316 : INFO : EventManager : Event: ======'slide_loading_created'====== Args={'_from_bcp': True}
2025-10-22 16:38:29,317 : INFO : EventManager : Event: ======'slide__removed'====== Args={'_from_bcp': True}
2025-10-22 16:38:29,317 : INFO : EventManager : Event: ======'slide_loading_active'====== Args={'original_context': '_global', 'original_calling_context': 'init_done', 'priority': 0.0, 'cmd': 'slides_play', '_from_bcp': True}
2025-10-22 16:38:29,332 : INFO : Machine : Starting the main run loop with active modes: [<Mode.tilt>, <Mode.service>, <Mode.attract>]
2025-10-22 16:38:29,445 : INFO : EventManager : Event: ======'slide_attract_load_created'====== Args={'_from_bcp': True}
2025-10-22 16:38:29,445 : INFO : EventManager : Event: ======'slide_loading_inactive'====== Args={'is_removing': True, '_from_bcp': True}
2025-10-22 16:38:29,446 : INFO : EventManager : Event: ======'slide_attract_load_active'====== Args={'original_context': 'attract', 'original_calling_context': 'mode_attract_started{machine.game_just_played==0}', 'priority': 10.0, 'cmd': 'slides_play', '_from_bcp': True}
2025-10-22 16:38:29,450 : INFO : EventManager : Event: ======'slide_loading_removed'====== Args={'_from_bcp': True}
2025-10-22 16:38:29,517 : INFO : BcpServer : New client connected.
2025-10-22 16:38:30,306 : INFO : EventManager : Event: ======'timer_attract_intro_timer_tick'====== Args={'ticks': 1, 'ticks_remaining': 15}
2025-10-22 16:38:30,337 : INFO : EventManager : Event: ======'timer_attract_carousel_timer_tick'====== Args={'ticks': 1, 'ticks_remaining': 4}
2025-10-22 16:38:31,320 : INFO : EventManager : Event: ======'timer_attract_intro_timer_tick'====== Args={'ticks': 2, 'ticks_remaining': 14}
2025-10-22 16:38:31,321 : INFO : EventManager : Event: ======'timer_attract_carousel_timer_tick'====== Args={'ticks': 2, 'ticks_remaining': 3}
2025-10-22 16:38:32,304 : INFO : EventManager : Event: ======'timer_attract_intro_timer_tick'====== Args={'ticks': 3, 'ticks_remaining': 13}
2025-10-22 16:38:32,335 : INFO : EventManager : Event: ======'timer_attract_carousel_timer_tick'====== Args={'ticks': 3, 'ticks_remaining': 2}
2025-10-22 16:38:33,306 : INFO : EventManager : Event: ======'timer_attract_intro_timer_tick'====== Args={'ticks': 4, 'ticks_remaining': 12}
2025-10-22 16:38:33,336 : INFO : EventManager : Event: ======'timer_attract_carousel_timer_tick'====== Args={'ticks': 4, 'ticks_remaining': 1}
2025-10-22 16:38:34,314 : INFO : EventManager : Event: ======'timer_attract_intro_timer_tick'====== Args={'ticks': 5, 'ticks_remaining': 11}
2025-10-22 16:38:34,315 : INFO : Timer.attract_carousel_timer : Timer Complete
2025-10-22 16:38:34,315 : INFO : Timer.attract_carousel_timer : Stopping Timer
2025-10-22 16:38:34,315 : INFO : EventManager : Event: ======'timer_attract_carousel_timer_stopped'====== Args={'ticks': 5, 'ticks_remaining': 1}
2025-10-22 16:38:34,315 : INFO : EventManager : Event: ======'timer_attract_carousel_timer_complete'====== Args={'ticks': 5, 'ticks_remaining': 1}
2025-10-22 16:38:34,316 : INFO : EventManager : Event: ======'item_highlighted'====== Args={'carousel': 'attract', 'direction': 'forwards', 'item': 'fast_logo'}
2025-10-22 16:38:34,320 : INFO : Timer.attract_carousel_timer : Starting Timer.
2025-10-22 16:38:34,321 : INFO : EventManager : Event: ======'timer_attract_carousel_timer_started'====== Args={'ticks': 0, 'ticks_remaining': 5}
2025-10-22 16:38:34,321 : INFO : EventManager : Event: ======'timer_attract_carousel_timer_tick'====== Args={'ticks': 0, 'ticks_remaining': 5}
2025-10-22 16:38:35,312 : INFO : EventManager : Event: ======'timer_attract_intro_timer_tick'====== Args={'ticks': 6, 'ticks_remaining': 10}
2025-10-22 16:38:35,313 : INFO : EventManager : Event: ======'timer_attract_carousel_timer_tick'====== Args={'ticks': 1, 'ticks_remaining': 4}
2025-10-22 16:38:36,321 : INFO : EventManager : Event: ======'timer_attract_intro_timer_tick'====== Args={'ticks': 7, 'ticks_remaining': 9}
2025-10-22 16:38:36,321 : INFO : EventManager : Event: ======'timer_attract_carousel_timer_tick'====== Args={'ticks': 2, 'ticks_remaining': 3}
2025-10-22 16:38:37,239 : INFO : SwitchController : <<<<<<< 's_start' active >>>>>>>
2025-10-22 16:38:37,326 : INFO : EventManager : Event: ======'timer_attract_intro_timer_tick'====== Args={'ticks': 8, 'ticks_remaining': 8}
2025-10-22 16:38:37,327 : INFO : EventManager : Event: ======'timer_attract_carousel_timer_tick'====== Args={'ticks': 3, 'ticks_remaining': 2}
2025-10-22 16:38:37,372 : INFO : SwitchController : <<<<<<< 's_start' inactive >>>>>>>
2025-10-22 16:38:37,372 : INFO : EventManager : Event: ======'sw_start_inactive'====== Args={}
2025-10-22 16:38:37,373 : INFO : EventManager : Event: ======'request_to_start_game'====== Args={}
2025-10-22 16:38:37,374 : INFO : EventManager : Event: ======'game_start'====== Args={'buttons': [], 'hold_time': 0.125}
2025-10-22 16:38:37,375 : INFO : EventManager : Event: ======'mode_game_will_start'====== Args={'buttons': [], 'hold_time': 0.125}
2025-10-22 16:38:37,376 : INFO : EventManager : Event: ======'mode_game_starting'====== Args={'buttons': [], 'hold_time': 0.125}
2025-10-22 16:38:37,376 : INFO : EventManager : Event: ======'mode_attract_will_stop'====== Args={}
2025-10-22 16:38:37,377 : INFO : EventManager : Event: ======'mode_attract_stopping'====== Args={}
2025-10-22 16:38:37,377 : INFO : Mode.game : Started. Priority: 20
2025-10-22 16:38:37,377 : INFO : EventManager : Event: ======'modes_active_modes_changed'====== Args={}
2025-10-22 16:38:37,378 : INFO : EventManager : Event: ======'mode_game_started'====== Args={'buttons': [], 'hold_time': 0.125}
2025-10-22 16:38:37,393 : INFO : Mode.attract : Stopped.
2025-10-22 16:38:37,393 : INFO : EventManager : Event: ======'modes_active_modes_changed'====== Args={}
2025-10-22 16:38:37,393 : INFO : EventManager : Event: ======'mode_attract_stopped'====== Args={}
2025-10-22 16:38:37,394 : INFO : EventManager : Event: ======'clear'====== Args={'key': 'attract'}
2025-10-22 16:38:37,394 : INFO : Timer.attract_carousel_timer : Stopping Timer
2025-10-22 16:38:37,395 : INFO : EventManager : Event: ======'timer_attract_carousel_timer_stopped'====== Args={'ticks': 3, 'ticks_remaining': 2}
2025-10-22 16:38:37,395 : INFO : Timer.attract_intro_timer : Stopping Timer
2025-10-22 16:38:37,395 : INFO : EventManager : Event: ======'timer_attract_intro_timer_stopped'====== Args={'ticks': 8, 'ticks_remaining': 8}
2025-10-22 16:38:37,395 : INFO : Timer.mca_attract_video_timer : Stopping Timer
2025-10-22 16:38:37,395 : INFO : EventManager : Event: ======'timer_mca_attract_video_timer_stopped'====== Args={'ticks': 0, 'ticks_remaining': 0}
2025-10-22 16:38:37,395 : INFO : Timer.adr_attract_video_timer : Stopping Timer
2025-10-22 16:38:37,395 : INFO : EventManager : Event: ======'timer_adr_attract_video_timer_stopped'====== Args={'ticks': 0, 'ticks_remaining': 0}
2025-10-22 16:38:37,396 : INFO : EventManager : Event: ======'game_will_start'====== Args={}
2025-10-22 16:38:37,413 : INFO : EventManager : Event: ======'game_starting'====== Args={'game': <Mode.game>}
2025-10-22 16:38:37,415 : INFO : EventManager : Unordered handler for class <Auditor> on event game_ended with priority 1. Handlers: [RegisteredHandler(callback=<bound method Auditor.disable of <Auditor>>, priority=1, kwargs={}, key=UUID('ffcce10e-d66a-4d41-a8c4-ca6fd5c37186'), condition=None, blocking_facility=None), RegisteredHandler(callback=<bound method Auditor._save_audits of <Auditor>>, priority=1, kwargs={}, key=UUID('6ec1e89b-79db-4e41-84c1-5601b9db723d'), condition=None, blocking_facility=None)]. The order of those handlers is not defined and they will be executed in random order. This might lead to race conditions and potential bugs.
2025-10-22 16:38:37,415 : INFO : EventManager : Event: ======'player_add_request'====== Args={}
2025-10-22 16:38:37,416 : INFO : EventManager : Event: ======'player_will_add'====== Args={'number': 1}
2025-10-22 16:38:37,416 : INFO : EventManager : Event: ======'player_adding'====== Args={'player': <Player 1>, 'number': 1}
2025-10-22 16:38:37,417 : INFO : EventManager : Event: ======'player_added'====== Args={'player': <Player 1>, 'num': 1}
2025-10-22 16:38:37,417 : INFO : Mode.game : Player added successfully. Total players: 1
2025-10-22 16:38:37,417 : INFO : EventManager : Event: ======'player_index'====== Args={'value': 0, 'prev_value': 0, 'change': 0, 'player_num': 1}
2025-10-22 16:38:37,418 : INFO : EventManager : Event: ======'player_number'====== Args={'value': 1, 'prev_value': 1, 'change': 0, 'player_num': 1}
2025-10-22 16:38:37,418 : INFO : EventManager : Event: ======'player_score'====== Args={'value': 0, 'prev_value': 0, 'change': 0, 'player_num': 1}
2025-10-22 16:38:37,421 : INFO : EventManager : Event: ======'game_started'====== Args={}
2025-10-22 16:38:37,422 : INFO : EventManager : Event: ======'machine_var_game_just_played'====== Args={'value': 1, 'prev_value': 0, 'change': 1}
2025-10-22 16:38:37,444 : INFO : EventManager : Event: ======'player_turn_will_start'====== Args={'player': <Player 1>, 'number': 1}
2025-10-22 16:38:37,461 : INFO : EventManager : Event: ======'player_turn_starting'====== Args={'player': <Player 1>, 'number': 1}
2025-10-22 16:38:37,461 : INFO : EventManager : Event: ======'player_ball'====== Args={'value': 1, 'prev_value': 0, 'change': 1, 'player_num': 1}
2025-10-22 16:38:37,462 : INFO : EventManager : Event: ======'player_turn_started'====== Args={'player': <Player 1>, 'number': 1}
2025-10-22 16:38:37,464 : INFO : EventManager : Event: ======'ball_will_start'====== Args={'player': 1, 'ball': 1, 'balls_remaining': 2, 'is_extra_ball': False}
2025-10-22 16:38:37,469 : INFO : EventManager : Event: ======'ball_starting'====== Args={'player': 1, 'ball': 1, 'balls_remaining': 2, 'is_extra_ball': False}
2025-10-22 16:38:37,471 : INFO : EventManager : Event: ======'mode_base_will_start'====== Args={'queue': <QueuedEvent>, 'player': 1, 'ball': 1, 'balls_remaining': 2, 'is_extra_ball': False}
2025-10-22 16:38:37,473 : INFO : EventManager : Event: ======'player_shot_left_orbit_enabled'====== Args={'value': True, 'prev_value': 0, 'change': 1, 'player_num': 1}
2025-10-22 16:38:37,474 : INFO : EventManager : Event: ======'player_shot_right_orbit_enabled'====== Args={'value': True, 'prev_value': 0, 'change': 1, 'player_num': 1}
2025-10-22 16:38:37,474 : INFO : EventManager : Event: ======'player_shot_inner_loop_enabled'====== Args={'value': True, 'prev_value': 0, 'change': 1, 'player_num': 1}
2025-10-22 16:38:37,475 : INFO : EventManager : Event: ======'player_shot_left_orbit_backdoor_enabled'====== Args={'value': True, 'prev_value': 0, 'change': 1, 'player_num': 1}
2025-10-22 16:38:37,475 : INFO : EventManager : Event: ======'player_shot_right_orbit_backdoor_enabled'====== Args={'value': True, 'prev_value': 0, 'change': 1, 'player_num': 1}
2025-10-22 16:38:37,476 : INFO : EventManager : Event: ======'player_shot_inner_loop_backdoor_enabled'====== Args={'value': True, 'prev_value': 0, 'change': 1, 'player_num': 1}
2025-10-22 16:38:37,476 : INFO : EventManager : Event: ======'player_shot_right_ramp_enabled'====== Args={'value': True, 'prev_value': 0, 'change': 1, 'player_num': 1}
2025-10-22 16:38:37,477 : INFO : EventManager : Event: ======'player_shot_left_ramp_enabled'====== Args={'value': True, 'prev_value': 0, 'change': 1, 'player_num': 1}
2025-10-22 16:38:37,477 : INFO : EventManager : Event: ======'player_shot_pop_standup_enabled'====== Args={'value': True, 'prev_value': 0, 'change': 1, 'player_num': 1}
2025-10-22 16:38:37,477 : INFO : EventManager : Event: ======'player_shot_upper_pop_standup_enabled'====== Args={'value': True, 'prev_value': 0, 'change': 1, 'player_num': 1}
2025-10-22 16:38:37,478 : INFO : EventManager : Event: ======'player_shot_scoop_enabled'====== Args={'value': True, 'prev_value': 0, 'change': 1, 'player_num': 1}
2025-10-22 16:38:37,478 : INFO : EventManager : Event: ======'player_shot_captive_ball_enabled'====== Args={'value': True, 'prev_value': 0, 'change': 1, 'player_num': 1}
2025-10-22 16:38:37,479 : INFO : EventManager : Event: ======'player_shot_three_bank_standup_enabled'====== Args={'value': True, 'prev_value': 0, 'change': 1, 'player_num': 1}
2025-10-22 16:38:37,479 : INFO : EventManager : Event: ======'player_shot_spinner_enabled'====== Args={'value': True, 'prev_value': 0, 'change': 1, 'player_num': 1}
2025-10-22 16:38:37,480 : INFO : EventManager : Event: ======'player_shot_pop1_enabled'====== Args={'value': True, 'prev_value': 0, 'change': 1, 'player_num': 1}
2025-10-22 16:38:37,481 : INFO : EventManager : Event: ======'player_shot_pop2_enabled'====== Args={'value': True, 'prev_value': 0, 'change': 1, 'player_num': 1}
2025-10-22 16:38:37,483 : INFO : EventManager : Event: ======'player_shot_pop3_enabled'====== Args={'value': True, 'prev_value': 0, 'change': 1, 'player_num': 1}
2025-10-22 16:38:37,483 : INFO : EventManager : Event: ======'player_shot_bottom_drop_enabled'====== Args={'value': True, 'prev_value': 0, 'change': 1, 'player_num': 1}
2025-10-22 16:38:37,485 : INFO : EventManager : Event: ======'player_shot_middle_drop_enabled'====== Args={'value': True, 'prev_value': 0, 'change': 1, 'player_num': 1}
2025-10-22 16:38:37,485 : INFO : EventManager : Event: ======'player_shot_top_drop_enabled'====== Args={'value': True, 'prev_value': 0, 'change': 1, 'player_num': 1}
2025-10-22 16:38:37,485 : INFO : EventManager : Event: ======'player_shot_tshirt_top_standup_enabled'====== Args={'value': True, 'prev_value': 0, 'change': 1, 'player_num': 1}
2025-10-22 16:38:37,486 : INFO : EventManager : Event: ======'player_shot_tshirt_bottom_standup_enabled'====== Args={'value': True, 'prev_value': 0, 'change': 1, 'player_num': 1}
2025-10-22 16:38:37,487 : INFO : EventManager : Event: ======'player_base_chcheckitoutfinish_widget_timer_tick'====== Args={'value': 0, 'prev_value': 0, 'change': 0, 'player_num': 1}
2025-10-22 16:38:37,491 : INFO : EventManager : Unordered handler for class <Auditor> on event game_ended with priority 1. Handlers: [RegisteredHandler(callback=<bound method Auditor.disable of <Auditor>>, priority=1, kwargs={}, key=UUID('ffcce10e-d66a-4d41-a8c4-ca6fd5c37186'), condition=None, blocking_facility=None), RegisteredHandler(callback=<bound method Auditor._save_audits of <Auditor>>, priority=1, kwargs={}, key=UUID('6ec1e89b-79db-4e41-84c1-5601b9db723d'), condition=None, blocking_facility=None)]. The order of those handlers is not defined and they will be executed in random order. This might lead to race conditions and potential bugs.
2025-10-22 16:38:37,496 : INFO : EventManager : Event: ======'mode_base_starting'====== Args={'queue': <QueuedEvent>, 'player': 1, 'ball': 1, 'balls_remaining': 2, 'is_extra_ball': False}
2025-10-22 16:38:37,496 : INFO : drop_target_bank.three_bank : All targets are already up. Will not reset bank.
2025-10-22 16:38:37,497 : INFO : EventManager : Event: ======'balls_in_play'====== Args={'balls': 1}
2025-10-22 16:38:37,498 : INFO : EventManager : Event: ======'ball_started'====== Args={'player': 1, 'ball': 1, 'balls_remaining': 2, 'is_extra_ball': False}
2025-10-22 16:38:37,498 : INFO : EventManager : Event: ======'logicblock_qualify_chcheckitout_multiball_updated'====== Args={'value': 0, 'enabled': True}
2025-10-22 16:38:37,498 : INFO : EventManager : Event: ======'logicblock_qualify_chcheckitout_multiball_updated'====== Args={'value': 0, 'enabled': True}
2025-10-22 16:38:37,498 : INFO : EventManager : Event: ======'logicblock_chcheckitout_multiball_ready_updated'====== Args={'value': 0, 'enabled': False}
2025-10-22 16:38:37,499 : INFO : EventManager : Event: ======'logicblock_drop_target_bank_counter_updated'====== Args={'value': 0, 'enabled': False}
2025-10-22 16:38:37,499 : INFO : Mode.base : Started. Priority: 100
2025-10-22 16:38:37,499 : INFO : EventManager : Event: ======'modes_active_modes_changed'====== Args={}
2025-10-22 16:38:37,499 : INFO : EventManager : Event: ======'mode_base_started'====== Args={'queue': <QueuedEvent>, 'player': 1, 'ball': 1, 'balls_remaining': 2, 'is_extra_ball': False}
2025-10-22 16:38:37,500 : INFO : EventManager : Event: ======'mode_skill_shot_will_start'====== Args={'player': 1, 'ball': 1, 'balls_remaining': 2, 'is_extra_ball': False}
2025-10-22 16:38:37,500 : INFO : EventManager : Event: ======'player_shot_skillshot_side_targets_enabled'====== Args={'value': True, 'prev_value': 0, 'change': 1, 'player_num': 1}
2025-10-22 16:38:37,501 : INFO : EventManager : Event: ======'player_shot_skillshot_drop_targets_enabled'====== Args={'value': True, 'prev_value': 0, 'change': 1, 'player_num': 1}
2025-10-22 16:38:37,503 : INFO : EventManager : Event: ======'player_shot_skillshot_hideout_plunge_enabled'====== Args={'value': True, 'prev_value': 0, 'change': 1, 'player_num': 1}
2025-10-22 16:38:37,504 : INFO : EventManager : Event: ======'player_shot_skillshot_left_outlane_enabled'====== Args={'value': True, 'prev_value': 0, 'change': 1, 'player_num': 1}
2025-10-22 16:38:37,504 : INFO : EventManager : Event: ======'player_shot_skillshot_super_enabled'====== Args={'value': False, 'prev_value': 0, 'change': 0, 'player_num': 1}
2025-10-22 16:38:37,504 : INFO : EventManager : Event: ======'skillshot_complete'====== Args={'state': 'off'}
2025-10-22 16:38:37,505 : INFO : EventManager : Event: ======'skillshot_off_complete'====== Args={}
2025-10-22 16:38:37,506 : INFO : EventManager : Event: ======'player_skill_shot_skill_shot_timeout_tick'====== Args={'value': 0, 'prev_value': 0, 'change': 0, 'player_num': 1}
2025-10-22 16:38:37,507 : INFO : EventManager : Unordered handler for class <timer.skill_shot_timeout> on event ball_starting with priority 1. Handlers: [RegisteredHandler(callback=<bound method Timer.reset of <timer.skill_shot_timeout>>, priority=1, kwargs={}, key=UUID('eda70752-c2c1-425a-9a6a-b95751a606f7'), condition=None, blocking_facility=None), RegisteredHandler(callback=<bound method Timer.pause of <timer.skill_shot_timeout>>, priority=1, kwargs={'timer_value': None}, key=UUID('50522112-97da-4408-8993-fbac0678deb5'), condition=None, blocking_facility=None)]. The order of those handlers is not defined and they will be executed in random order. This might lead to race conditions and potential bugs.
2025-10-22 16:38:37,509 : INFO : EventManager : Event: ======'mode_skill_shot_starting'====== Args={'player': 1, 'ball': 1, 'balls_remaining': 2, 'is_extra_ball': False}
2025-10-22 16:38:37,509 : INFO : EventManager : Event: ======'logicblock_drop_target_bank_counter_updated'====== Args={'value': 0, 'enabled': True}
2025-10-22 16:38:37,511 : INFO : EventManager : Event: ======'logicblock_qualify_chcheckitout_multiball_updated'====== Args={'value': 0, 'enabled': True}
2025-10-22 16:38:37,511 : INFO : EventManager : Event: ======'logicblock_chcheckitout_multiball_ready_updated'====== Args={'value': 0, 'enabled': False}
2025-10-22 16:38:37,511 : INFO : EventManager : Event: ======'player_multiball_blocking_flag'====== Args={'value': 0, 'prev_value': 0, 'change': 0, 'player_num': 1, 'source': 'base'}
2025-10-22 16:38:37,511 : INFO : EventManager : Event: ======'player_mode_blocking_flag'====== Args={'value': 0, 'prev_value': 0, 'change': 0, 'player_num': 1, 'source': 'base'}
2025-10-22 16:38:37,511 : INFO : EventManager : Event: ======'player_player_drop_target_bank_counter_count'====== Args={'value': 0, 'prev_value': 0, 'change': 0, 'player_num': 1, 'source': 'base'}
2025-10-22 16:38:37,513 : INFO : EventManager : Event: ======'player_drop_target_bank_counter_count'====== Args={'value': 0, 'prev_value': 0, 'change': 0, 'player_num': 1, 'source': 'base'}
2025-10-22 16:38:37,513 : INFO : EventManager : Event: ======'mode_multiball_will_start'====== Args={'queue': <QueuedEvent>, 'player': 1, 'ball': 1, 'balls_remaining': 2, 'is_extra_ball': False}
2025-10-22 16:38:37,517 : INFO : EventManager : Event: ======'mode_multiball_starting'====== Args={'queue': <QueuedEvent>, 'player': 1, 'ball': 1, 'balls_remaining': 2, 'is_extra_ball': False}
2025-10-22 16:38:37,518 : INFO : EventManager : Event: ======'mode_carousel_will_start'====== Args={'queue': <QueuedEvent>, 'player': 1, 'ball': 1, 'balls_remaining': 2, 'is_extra_ball': False}
2025-10-22 16:38:37,519 : INFO : EventManager : Event: ======'mode_carousel_starting'====== Args={'queue': <QueuedEvent>, 'player': 1, 'ball': 1, 'balls_remaining': 2, 'is_extra_ball': False}
2025-10-22 16:38:37,521 : INFO : EventManager : Event: ======'ball_save_default_enabled'====== Args={}
2025-10-22 16:38:37,522 : INFO : Mode.carousel : Started. Priority: 200
2025-10-22 16:38:37,522 : INFO : EventManager : Event: ======'modes_active_modes_changed'====== Args={}
2025-10-22 16:38:37,522 : INFO : EventManager : Event: ======'mode_carousel_started'====== Args={'queue': <QueuedEvent>, 'player': 1, 'ball': 1, 'balls_remaining': 2, 'is_extra_ball': False}
2025-10-22 16:38:37,524 : INFO : EventManager : Event: ======'item_highlighted'====== Args={'carousel': 'carousel', 'direction': None, 'item': 'intergalactic'}
2025-10-22 16:38:37,524 : INFO : Mode.skill_shot : Started. Priority: 500
2025-10-22 16:38:37,524 : INFO : EventManager : Event: ======'modes_active_modes_changed'====== Args={}
2025-10-22 16:38:37,525 : INFO : EventManager : Event: ======'mode_skill_shot_started'====== Args={'player': 1, 'ball': 1, 'balls_remaining': 2, 'is_extra_ball': False}
2025-10-22 16:38:37,525 : INFO : EventManager : Event: ======'advance_skill_hideout'====== Args={'player': 1, 'ball': 1, 'balls_remaining': 2, 'is_extra_ball': False}
2025-10-22 16:38:37,526 : INFO : EventManager : Event: ======'player_shot_skillshot_hideout_plunge'====== Args={'value': 1, 'prev_value': 0, 'change': 1, 'player_num': 1}
2025-10-22 16:38:37,528 : INFO : EventManager : Event: ======'logicblock_completing_chcheckitout_jackpots_updated'====== Args={'value': [False, False, False, False], 'enabled': True}
2025-10-22 16:38:37,529 : INFO : EventManager : Event: ======'logicblock_completing_chcheckitout_jackpots_updated'====== Args={'value': [False, False, False, False], 'enabled': True}
2025-10-22 16:38:37,529 : INFO : EventManager : Event: ======'logicblock_chcheckitout_superjackpot_updated'====== Args={'value': 0, 'enabled': False}
2025-10-22 16:38:37,529 : INFO : EventManager : Event: ======'logicblock_chcheckitout_leftorbit_jackpot_updated'====== Args={'value': 0, 'enabled': False}
2025-10-22 16:38:37,529 : INFO : EventManager : Event: ======'logicblock_chcheckitout_leftramp_jackpot_updated'====== Args={'value': 0, 'enabled': False}
2025-10-22 16:38:37,529 : INFO : EventManager : Event: ======'logicblock_chcheckitout_rightramp_jackpot_updated'====== Args={'value': 0, 'enabled': False}
2025-10-22 16:38:37,530 : INFO : EventManager : Event: ======'logicblock_chcheckitout_rightorbit_jackpot_updated'====== Args={'value': 0, 'enabled': False}
2025-10-22 16:38:37,530 : INFO : Mode.multiball : Started. Priority: 1000
2025-10-22 16:38:37,530 : INFO : EventManager : Event: ======'modes_active_modes_changed'====== Args={}
2025-10-22 16:38:37,530 : INFO : EventManager : Event: ======'mode_multiball_started'====== Args={'queue': <QueuedEvent>, 'player': 1, 'ball': 1, 'balls_remaining': 2, 'is_extra_ball': False}
2025-10-22 16:38:37,532 : INFO : EventManager : Event: ======'single_player_ball_started'====== Args={}
2025-10-22 16:38:37,552 : INFO : EventManager : Event: ======'ball_start_target'====== Args={'target': 'playfield'}
2025-10-22 16:38:37,554 : INFO : EventManager : Event: ======'slide_base_created'====== Args={'_from_bcp': True}
2025-10-22 16:38:37,554 : INFO : EventManager : Event: ======'slide_score_overlay_created'====== Args={'_from_bcp': True}
2025-10-22 16:38:37,554 : INFO : EventManager : Event: ======'slide_attract_load_inactive'====== Args={'is_removing': True, '_from_bcp': True}
2025-10-22 16:38:37,555 : INFO : EventManager : Event: ======'slide_score_overlay_active'====== Args={'original_context': 'base', 'original_calling_context': 'mode_base_started', 'priority': 100.0, 'queue': '<QueuedEvent>', 'player': 1.0, 'ball': 1.0, 'balls_remaining': 2.0, 'is_extra_ball': False, 'cmd': 'slides_play', '_from_bcp': True}
2025-10-22 16:38:37,555 : INFO : ball_device.bd_plunger : Setting up player-controlled eject. Balls: 1, Target: <playfield.playfield>, player_controlled_eject_event: None
2025-10-22 16:38:37,557 : INFO : EventManager : Event: ======'balldevice_balls_available'====== Args={}
2025-10-22 16:38:37,558 : INFO : EventManager : Event: ======'play_base_video3'====== Args={'_from_bcp': True}
2025-10-22 16:38:37,559 : INFO : EventManager : Event: ======'slide_attract_load_removed'====== Args={'_from_bcp': True}
2025-10-22 16:38:37,561 : INFO : ball_device.bd_trough : State: waiting_for_target_ready
2025-10-22 16:38:37,562 : INFO : EventManager : Event: ======'balldevice_bd_trough_ball_eject_attempt'====== Args={'balls': 1, 'target': <ball_device.bd_plunger>, 'source': <ball_device.bd_trough>, 'mechanical_eject': True, 'num_attempts': 0}
2025-10-22 16:38:37,562 : INFO : ball_device.bd_plunger : State: waiting_for_ball
2025-10-22 16:38:37,563 : INFO : ball_device.bd_trough : State: ejecting
2025-10-22 16:38:37,564 : INFO : ball_device.bd_trough : Ejecting ball to <ball_device.bd_plunger>
2025-10-22 16:38:37,564 : INFO : EventManager : Event: ======'balldevice_bd_trough_ejecting_ball'====== Args={'balls': 1, 'target': <ball_device.bd_plunger>, 'source': <ball_device.bd_trough>, 'mechanical_eject': True, 'num_attempts': 0}
2025-10-22 16:38:37,566 : INFO : EventManager : Event: ======'slide_current_mode_highlighted_created'====== Args={'_from_bcp': True}
2025-10-22 16:38:37,567 : INFO : ball_device.bd_trough : Wait for ball to leave device
2025-10-22 16:38:37,567 : INFO : coil.c_trough_eject : Pulsing Driver for 20ms (1.0 pulse_power)
2025-10-22 16:38:37,567 : INFO : SwitchController : <<<<<<< 's_trough1' inactive >>>>>>>
2025-10-22 16:38:37,572 : INFO : ball_device.bd_trough : State: ball_left
2025-10-22 16:38:37,573 : INFO : ball_device.bd_trough : Ball left
2025-10-22 16:38:37,573 : INFO : ball_device.bd_trough : Wait for confirm with timeout 3.0
2025-10-22 16:38:37,670 : INFO : SwitchController : <<<<<<< 's_plunger' active >>>>>>>
2025-10-22 16:38:37,670 : INFO : EventManager : Event: ======'machine_var_audits_switches_s_plunger'====== Args={'value': 1227, 'prev_value': 1226, 'change': 1}
2025-10-22 16:38:37,858 : INFO : EventManager : Event: ======'slide_skillshot_overlay_created'====== Args={'_from_bcp': True}
2025-10-22 16:38:37,881 : INFO : EventManager : Event: ======'slide_basevideo3_created'====== Args={'_from_bcp': True}
2025-10-22 16:38:38,179 : INFO : ball_device.bd_plunger : Received ball from <ball_device.bd_trough>
2025-10-22 16:38:38,179 : INFO : EventManager : Event: ======'balldevice_bd_plunger_ball_enter'====== Args={'new_balls': 1, 'unclaimed_balls': 0, 'new_available_balls': 0, 'device': <ball_device.bd_plunger>}
2025-10-22 16:38:38,181 : INFO : EventManager : Event: ======'balldevice_bd_plunger_ball_entered'====== Args={'new_balls': 0, 'device': <ball_device.bd_plunger>}
2025-10-22 16:38:38,181 : INFO : EventManager : Event: ======'balldevice_bd_plunger_ball_count_changed'====== Args={'balls': 1}
2025-10-22 16:38:38,182 : INFO : ball_device.bd_trough : Got eject confirm
2025-10-22 16:38:38,182 : INFO : ball_device.bd_trough : Eject successful
2025-10-22 16:38:38,182 : INFO : EventManager : Event: ======'balldevice_bd_trough_ball_eject_success'====== Args={'balls': 1, 'target': <ball_device.bd_plunger>}
2025-10-22 16:38:38,183 : INFO : EventManager : Event: ======'balldevice_bd_trough_ball_count_changed'====== Args={'balls': 5}
2025-10-22 16:38:38,183 : INFO : ball_device.bd_trough : State: idle
2025-10-22 16:38:38,184 : INFO : ball_device.bd_plunger : State: waiting_for_target_ready
2025-10-22 16:38:38,184 : INFO : EventManager : Event: ======'balldevice_bd_plunger_ball_eject_attempt'====== Args={'balls': 1, 'target': <playfield.playfield>, 'source': <ball_device.bd_plunger>, 'mechanical_eject': True, 'num_attempts': 0}
2025-10-22 16:38:38,185 : INFO : ball_device.bd_plunger : State: ejecting
2025-10-22 16:38:38,185 : INFO : ball_device.bd_plunger : Ejecting ball to <playfield.playfield>
2025-10-22 16:38:38,185 : INFO : EventManager : Event: ======'balldevice_bd_plunger_ejecting_ball'====== Args={'balls': 1, 'target': <playfield.playfield>, 'source': <ball_device.bd_plunger>, 'mechanical_eject': True, 'num_attempts': 0}
2025-10-22 16:38:38,187 : INFO : ball_device.bd_plunger : Wait for ball to leave device
2025-10-22 16:38:39,902 : INFO : SwitchController : <<<<<<< 's_right_flipper' active >>>>>>>
2025-10-22 16:38:39,902 : INFO : EventManager : Event: ======'s_right_flipper_active'====== Args={}
2025-10-22 16:38:39,903 : INFO : EventManager : Event: ======'machine_var_audits_switches_s_right_flipper'====== Args={'value': 1680, 'prev_value': 1679, 'change': 1}
2025-10-22 16:38:39,905 : INFO : EventManager : Event: ======'player_shot_skillshot_hideout_plunge'====== Args={'value': 0, 'prev_value': 1, 'change': -1, 'player_num': 1}
2025-10-22 16:38:39,906 : INFO : EventManager : Event: ======'player_shot_skillshot_left_outlane'====== Args={'value': 1, 'prev_value': 0, 'change': 1, 'player_num': 1}
2025-10-22 16:38:40,018 : INFO : SwitchController : <<<<<<< 's_right_flipper' inactive >>>>>>>
2025-10-22 16:38:40,018 : INFO : EventManager : Event: ======'sw_right_flipper_inactive'====== Args={}
2025-10-22 16:38:43,100 : INFO : SwitchController : <<<<<<< 's_right_flipper' active >>>>>>>
2025-10-22 16:38:43,100 : INFO : EventManager : Event: ======'s_right_flipper_active'====== Args={}
2025-10-22 16:38:43,100 : INFO : EventManager : Event: ======'machine_var_audits_switches_s_right_flipper'====== Args={'value': 1681, 'prev_value': 1680, 'change': 1}
2025-10-22 16:38:43,102 : INFO : EventManager : Event: ======'player_shot_skillshot_left_outlane'====== Args={'value': 0, 'prev_value': 1, 'change': -1, 'player_num': 1}
2025-10-22 16:38:43,102 : INFO : EventManager : Event: ======'player_shot_skillshot_super'====== Args={'value': 1, 'prev_value': 0, 'change': 1, 'player_num': 1}
2025-10-22 16:38:43,251 : INFO : SwitchController : <<<<<<< 's_right_flipper' inactive >>>>>>>
2025-10-22 16:38:43,251 : INFO : EventManager : Event: ======'sw_right_flipper_inactive'====== Args={}
2025-10-22 16:41:15,660 : INFO : SwitchController : <<<<<<< 's_right_flipper' active >>>>>>>
2025-10-22 16:41:15,660 : INFO : EventManager : Event: ======'s_right_flipper_active'====== Args={}
2025-10-22 16:41:15,661 : INFO : EventManager : Event: ======'machine_var_audits_switches_s_right_flipper'====== Args={'value': 1682, 'prev_value': 1681, 'change': 1}
2025-10-22 16:41:15,662 : INFO : EventManager : Event: ======'player_shot_skillshot_side_targets'====== Args={'value': 1, 'prev_value': 0, 'change': 1, 'player_num': 1}
2025-10-22 16:41:15,663 : INFO : EventManager : Event: ======'player_shot_skillshot_super'====== Args={'value': 0, 'prev_value': 1, 'change': -1, 'player_num': 1}
2025-10-22 16:41:15,776 : INFO : SwitchController : <<<<<<< 's_right_flipper' inactive >>>>>>>
2025-10-22 16:41:15,776 : INFO : EventManager : Event: ======'sw_right_flipper_inactive'====== Args={}
2025-10-22 16:41:16,942 : INFO : SwitchController : <<<<<<< 's_right_flipper' active >>>>>>>
2025-10-22 16:41:16,942 : INFO : EventManager : Event: ======'s_right_flipper_active'====== Args={}
2025-10-22 16:41:16,942 : INFO : EventManager : Event: ======'machine_var_audits_switches_s_right_flipper'====== Args={'value': 1683, 'prev_value': 1682, 'change': 1}
2025-10-22 16:41:16,944 : INFO : EventManager : Event: ======'player_shot_skillshot_side_targets'====== Args={'value': 0, 'prev_value': 1, 'change': -1, 'player_num': 1}
2025-10-22 16:41:16,945 : INFO : EventManager : Event: ======'player_shot_skillshot_drop_targets'====== Args={'value': 1, 'prev_value': 0, 'change': 1, 'player_num': 1}
2025-10-22 16:41:17,025 : INFO : SwitchController : <<<<<<< 's_right_flipper' inactive >>>>>>>
2025-10-22 16:41:17,025 : INFO : EventManager : Event: ======'sw_right_flipper_inactive'====== Args={}
2025-10-22 16:41:17,991 : INFO : SwitchController : <<<<<<< 's_right_flipper' active >>>>>>>
2025-10-22 16:41:17,991 : INFO : EventManager : Event: ======'s_right_flipper_active'====== Args={}
2025-10-22 16:41:17,992 : INFO : EventManager : Event: ======'machine_var_audits_switches_s_right_flipper'====== Args={'value': 1684, 'prev_value': 1683, 'change': 1}
2025-10-22 16:41:17,993 : INFO : EventManager : Event: ======'player_shot_skillshot_drop_targets'====== Args={'value': 0, 'prev_value': 1, 'change': -1, 'player_num': 1}
2025-10-22 16:41:17,993 : INFO : EventManager : Event: ======'player_shot_skillshot_hideout_plunge'====== Args={'value': 1, 'prev_value': 0, 'change': 1, 'player_num': 1}
2025-10-22 16:41:18,091 : INFO : SwitchController : <<<<<<< 's_right_flipper' inactive >>>>>>>
2025-10-22 16:41:18,091 : INFO : EventManager : Event: ======'sw_right_flipper_inactive'====== Args={}
2025-10-22 16:41:18,740 : INFO : SwitchController : <<<<<<< 's_right_flipper' active >>>>>>>
2025-10-22 16:41:18,740 : INFO : EventManager : Event: ======'s_right_flipper_active'====== Args={}
2025-10-22 16:41:18,741 : INFO : EventManager : Event: ======'machine_var_audits_switches_s_right_flipper'====== Args={'value': 1685, 'prev_value': 1684, 'change': 1}
2025-10-22 16:41:18,742 : INFO : EventManager : Event: ======'player_shot_skillshot_hideout_plunge'====== Args={'value': 0, 'prev_value': 1, 'change': -1, 'player_num': 1}
2025-10-22 16:41:18,742 : INFO : EventManager : Event: ======'player_shot_skillshot_left_outlane'====== Args={'value': 1, 'prev_value': 0, 'change': 1, 'player_num': 1}
2025-10-22 16:41:18,873 : INFO : SwitchController : <<<<<<< 's_right_flipper' inactive >>>>>>>
2025-10-22 16:41:18,874 : INFO : EventManager : Event: ======'sw_right_flipper_inactive'====== Args={}
2025-10-22 16:41:20,339 : INFO : SwitchController : <<<<<<< 's_right_flipper' active >>>>>>>
2025-10-22 16:41:20,339 : INFO : EventManager : Event: ======'s_right_flipper_active'====== Args={}
2025-10-22 16:41:20,340 : INFO : EventManager : Event: ======'machine_var_audits_switches_s_right_flipper'====== Args={'value': 1686, 'prev_value': 1685, 'change': 1}
2025-10-22 16:41:20,342 : INFO : EventManager : Event: ======'player_shot_skillshot_left_outlane'====== Args={'value': 0, 'prev_value': 1, 'change': -1, 'player_num': 1}
2025-10-22 16:41:20,342 : INFO : EventManager : Event: ======'player_shot_skillshot_super'====== Args={'value': 1, 'prev_value': 0, 'change': 1, 'player_num': 1}
2025-10-22 16:41:20,448 : INFO : SwitchController : <<<<<<< 's_right_flipper' inactive >>>>>>>
2025-10-22 16:41:20,448 : INFO : EventManager : Event: ======'sw_right_flipper_inactive'====== Args={}
2025-10-22 16:41:23,890 : INFO : Machine : Shutting down...
2025-10-22 16:41:23,890 : INFO : EventManager : Event: ======'shutdown'====== Args={}
2025-10-22 16:41:23,891 : INFO : EventManager : Event: ======'mode_service_will_stop'====== Args={}
2025-10-22 16:41:23,891 : INFO : EventManager : Event: ======'mode_service_stopping'====== Args={}
2025-10-22 16:41:23,892 : INFO : Mode.service : Stopped.
2025-10-22 16:41:23,892 : INFO : EventManager : Event: ======'modes_active_modes_changed'====== Args={}
2025-10-22 16:41:23,893 : INFO : EventManager : Event: ======'mode_service_stopped'====== Args={}
2025-10-22 16:41:23,893 : INFO : EventManager : Event: ======'clear'====== Args={'key': 'service'}
2025-10-22 16:41:23,894 : INFO : EventManager : Event: ======'mode_game_will_stop'====== Args={}
2025-10-22 16:41:23,895 : INFO : EventManager : Event: ======'mode_game_stopping'====== Args={}
2025-10-22 16:41:23,895 : INFO : EventManager : Event: ======'mode_multiball_will_stop'====== Args={}
2025-10-22 16:41:23,897 : INFO : EventManager : Event: ======'mode_multiball_stopping'====== Args={}
2025-10-22 16:41:23,897 : INFO : EventManager : Event: ======'mode_skill_shot_will_stop'====== Args={}
2025-10-22 16:41:23,897 : INFO : EventManager : Event: ======'mode_skill_shot_stopping'====== Args={}
2025-10-22 16:41:23,897 : INFO : EventManager : Event: ======'mode_base_will_stop'====== Args={}
2025-10-22 16:41:23,897 : INFO : EventManager : Event: ======'mode_base_stopping'====== Args={}
2025-10-22 16:41:23,897 : INFO : EventManager : Event: ======'mode_carousel_will_stop'====== Args={}
2025-10-22 16:41:23,897 : INFO : EventManager : Event: ======'mode_carousel_stopping'====== Args={}
2025-10-22 16:41:23,898 : INFO : Mode.carousel : Stopped.
2025-10-22 16:41:23,898 : INFO : EventManager : Event: ======'modes_active_modes_changed'====== Args={}
2025-10-22 16:41:23,898 : INFO : EventManager : Event: ======'mode_carousel_stopped'====== Args={}
2025-10-22 16:41:23,898 : INFO : EventManager : Event: ======'clear'====== Args={'key': 'carousel'}
2025-10-22 16:41:23,898 : INFO : Mode.base : Stopped.
2025-10-22 16:41:23,899 : INFO : EventManager : Event: ======'modes_active_modes_changed'====== Args={}
2025-10-22 16:41:23,899 : INFO : EventManager : Event: ======'mode_base_stopped'====== Args={}
2025-10-22 16:41:23,899 : INFO : EventManager : Event: ======'clear'====== Args={'key': 'base'}
2025-10-22 16:41:23,900 : INFO : Timer.chcheckitoutfinish_widget_timer : Stopping Timer
2025-10-22 16:41:23,900 : INFO : EventManager : Event: ======'timer_chcheckitoutfinish_widget_timer_stopped'====== Args={'ticks': 0, 'ticks_remaining': 0}
2025-10-22 16:41:23,903 : INFO : Mode.skill_shot : Stopped.
2025-10-22 16:41:23,903 : INFO : EventManager : Event: ======'modes_active_modes_changed'====== Args={}
2025-10-22 16:41:23,903 : INFO : EventManager : Event: ======'mode_skill_shot_stopped'====== Args={}
2025-10-22 16:41:23,903 : INFO : EventManager : Event: ======'clear'====== Args={'key': 'skill_shot'}
2025-10-22 16:41:23,903 : INFO : Timer.skill_shot_timeout : Stopping Timer
2025-10-22 16:41:23,903 : INFO : EventManager : Event: ======'timer_skill_shot_timeout_stopped'====== Args={'ticks': 0, 'ticks_remaining': 0}
2025-10-22 16:41:23,904 : INFO : Mode.multiball : Stopped.
2025-10-22 16:41:23,904 : INFO : EventManager : Event: ======'modes_active_modes_changed'====== Args={}
2025-10-22 16:41:23,904 : INFO : EventManager : Event: ======'mode_multiball_stopped'====== Args={}
2025-10-22 16:41:23,904 : INFO : EventManager : Event: ======'clear'====== Args={'key': 'multiball'}
2025-10-22 16:41:23,905 : INFO : Mode.game : Stopped.
2025-10-22 16:41:23,905 : INFO : EventManager : Event: ======'modes_active_modes_changed'====== Args={}
2025-10-22 16:41:23,905 : INFO : EventManager : Event: ======'mode_game_stopped'====== Args={}
2025-10-22 16:41:23,905 : INFO : EventManager : Event: ======'clear'====== Args={'key': 'game'}
2025-10-22 16:41:23,908 : INFO : root : MPF run loop ended.
