2025-09-19 15:27:41,414 : INFO : root : Loading config.
2025-09-19 15:27:41,419 : INFO : YamlMultifileConfigLoader : Machine config file #1: config.yaml
2025-09-19 15:27:41,419 : INFO : ConfigProcessor : Loading config from cache: C:\Users\sdona\AppData\Local\Temp\1b3b705e53fd006acd47691e80f804b6.mpf_cache
2025-09-19 15:27:41,487 : INFO : ConfigProcessor : Loading config from cache: C:\Users\sdona\AppData\Local\Temp\e94a3f920a4b4ef5386ff9f8a570c7d8.mpf_cache
2025-09-19 15:27:41,488 : INFO : ConfigProcessor : Loading config from cache: C:\Users\sdona\AppData\Local\Temp\9b0a7575388f9d9bd2f6ab87bf9fd2f7.mpf_cache
2025-09-19 15:27:41,489 : WARNING : ConfigProcessor : Config file in cache changed: C:\venv\mpf\soultrain\modes\base\config\base.yaml
2025-09-19 15:27:41,490 : INFO : ConfigProcessor : Loading config from file C:\venv\mpf\soultrain\modes\base\config\base.yaml.
2025-09-19 15:27:41,494 : INFO : ConfigProcessor : Loading config: C:\venv\mpf\soultrain\modes\base\config\base.yaml
2025-09-19 15:27:41,495 : INFO : ConfigProcessor : Config file cache created: C:\Users\sdona\AppData\Local\Temp\fd71bac5babd3012ed21bb0ff55b9bb2.mpf_cache
2025-09-19 15:27:41,496 : INFO : ConfigProcessor : Loading config from cache: C:\Users\sdona\AppData\Local\Temp\e94a3f920a4b4ef5386ff9f8a570c7d8.mpf_cache
2025-09-19 15:27:41,497 : INFO : ConfigProcessor : Loading config from cache: C:\Users\sdona\AppData\Local\Temp\162825675e996177b36fda11f37d9767.mpf_cache
2025-09-19 15:27:41,498 : INFO : Machine : Mission Pinball Framework Core Engine v0.57.3
2025-09-19 15:27:41,498 : INFO : Machine : Command line arguments: {'no_load_cache': False, 'create_config_cache': True, 'bcp': True, 'configfile': ['config.yaml'], 'force_assets_load': False, 'platform_integration_test': False, 'jsonlogging': False, 'logfile': 'logs\\2025-09-19-15-27-41-mpf-PinballLaptop.log', 'pause': False, 'production': False, 'text_ui': True, 'loglevel': 15, 'consoleloglevel': 20, 'force_platform': 'smart_virtual', 'syslog_address': None, 'mc_file_name': None, 'no_sound': False}
2025-09-19 15:27:41,498 : INFO : Machine : MPF path: c:\venv\mpf\lib\site-packages\mpf
2025-09-19 15:27:41,498 : INFO : Machine : Machine path: C:\venv\mpf\soultrain
2025-09-19 15:27:41,498 : INFO : Machine : Platform: win32
2025-09-19 15:27:41,498 : INFO : Machine : Python executable location: c:\venv\mpf\Scripts\python.exe
2025-09-19 15:27:41,498 : INFO : Machine : Python version: 3.9.13 (64-bit)
2025-09-19 15:27:41,541 : INFO : Machine : Initializing MPF...
2025-09-19 15:27:41,805 : INFO : EventManager : Event: ======'machine_var_credits_string'====== Args={'value': 'FREE PLAY', 'prev_value': None, 'change': True}
2025-09-19 15:27:41,853 : INFO : EventManager : Event: ======'machine_var_fast_audio_headphones_volume'====== Args={'value': 10, 'prev_value': None, 'change': True}
2025-09-19 15:27:41,854 : INFO : EventManager : Event: ======'machine_var_fast_audio_main_volume'====== Args={'value': 44, 'prev_value': None, 'change': True}
2025-09-19 15:27:41,854 : INFO : EventManager : Event: ======'machine_var_master_volume'====== Args={'value': 0.15, 'prev_value': None, 'change': True}
2025-09-19 15:27:41,854 : INFO : EventManager : Event: ======'machine_var_player1_score'====== Args={'value': 140190, 'prev_value': None, 'change': True}
2025-09-19 15:27:41,854 : INFO : EventManager : Event: ======'machine_var_mpf_version'====== Args={'value': 'Mission Pinball Framework v0.57.3', 'prev_value': None, 'change': True}
2025-09-19 15:27:41,854 : INFO : EventManager : Event: ======'machine_var_mpf_extended_version'====== Args={'value': 'Mission Pinball Framework v0.57.3, Config version:6, Show version: 6, BCP version:1.1', 'prev_value': None, 'change': True}
2025-09-19 15:27:41,854 : INFO : EventManager : Event: ======'machine_var_python_version'====== Args={'value': '3.9.13', 'prev_value': None, 'change': True}
2025-09-19 15:27:41,941 : INFO : EventManager : Event: ======'machine_var_platform'====== Args={'value': 'Windows-10-10.0.26100-SP0', 'prev_value': None, 'change': True}
2025-09-19 15:27:41,941 : INFO : EventManager : Event: ======'machine_var_platform_system'====== Args={'value': 'Windows', 'prev_value': None, 'change': True}
2025-09-19 15:27:41,941 : INFO : EventManager : Event: ======'machine_var_platform_release'====== Args={'value': '10', 'prev_value': None, 'change': True}
2025-09-19 15:27:41,941 : INFO : EventManager : Event: ======'machine_var_platform_version'====== Args={'value': '10.0.26100', 'prev_value': None, 'change': True}
2025-09-19 15:27:41,941 : INFO : EventManager : Event: ======'machine_var_platform_machine'====== Args={'value': 'AMD64', 'prev_value': None, 'change': True}
2025-09-19 15:27:41,942 : INFO : EventManager : Event: ======'init_phase_1'====== Args={}
2025-09-19 15:27:41,956 : INFO : EventManager : Event: ======'drop_target_bank_drop_bank_up'====== Args={}
2025-09-19 15:27:41,956 : INFO : EventManager : Event: ======'drop_target_bank_three_bank_up'====== Args={}
2025-09-19 15:27:41,957 : INFO : EventManager : Event: ======'init_phase_2'====== Args={}
2025-09-19 15:27:41,957 : INFO : SwitchController : Found active switch: ('3208-0', <Platform.SmartVirtual>) <switch.s_trough1>
2025-09-19 15:27:41,957 : INFO : SwitchController : Found active switch: ('3208-1', <Platform.SmartVirtual>) <switch.s_trough2>
2025-09-19 15:27:41,957 : INFO : SwitchController : Found active switch: ('3208-2', <Platform.SmartVirtual>) <switch.s_trough3>
2025-09-19 15:27:41,957 : INFO : SwitchController : Found active switch: ('3208-3', <Platform.SmartVirtual>) <switch.s_trough4>
2025-09-19 15:27:41,957 : INFO : SwitchController : Found active switch: ('3208-4', <Platform.SmartVirtual>) <switch.s_trough5>
2025-09-19 15:27:41,957 : INFO : SwitchController : Found active switch: ('3208-5', <Platform.SmartVirtual>) <switch.s_trough6>
2025-09-19 15:27:41,960 : INFO : EventManager : Event: ======'bcp_connection_attempt'====== Args={'name': 'local_display', 'host': 'localhost', 'port': 5050}
2025-09-19 15:27:41,963 : INFO : BCPClientSocket : Connecting BCP to 'local_display' at localhost:5050...
2025-09-19 15:27:52,386 : INFO : BCPClientSocket : Connected BCP to 'local_display' localhost:5050
2025-09-19 15:27:52,387 : INFO : EventManager : Event: ======'bcp_clients_connected'====== Args={}
2025-09-19 15:27:52,534 : INFO : ball_device.bd_trough : BCH: Initial count: 6
2025-09-19 15:27:52,536 : INFO : EventManager : Event: ======'machine_var_mc_version'====== Args={'value': 'MPF-MC v0.57.1', 'prev_value': None, 'change': True}
2025-09-19 15:27:52,536 : INFO : EventManager : Event: ======'machine_var_mc_extended_version'====== Args={'value': 'MPF-MC v0.57.1 (config_version=6, BCP v1.1,                      Requires MPF API compatibility v0.57.0 or newer)', 'prev_value': None, 'change': True}
2025-09-19 15:27:52,539 : INFO : ball_device.bd_trough : State: idle
2025-09-19 15:27:52,601 : INFO : ball_device.bd_plunger : BCH: Initial count: 0
2025-09-19 15:27:52,601 : INFO : ball_device.bd_plunger : State: idle
2025-09-19 15:27:52,602 : INFO : ball_device.bd_scoop : BCH: Initial count: 0
2025-09-19 15:27:52,602 : INFO : ball_device.bd_scoop : State: idle
2025-09-19 15:27:52,618 : INFO : EventManager : Event: ======'init_phase_3'====== Args={}
2025-09-19 15:27:52,624 : INFO : EventManager : Event: ======'init_phase_4'====== Args={}
2025-09-19 15:27:52,624 : INFO : BallController : Initial balls found: 6
2025-09-19 15:27:52,625 : INFO : EventManager : Event: ======'machine_var_audits_events_game_ended'====== Args={'value': 36, 'prev_value': None, 'change': True}
2025-09-19 15:27:52,626 : INFO : EventManager : Event: ======'machine_var_audits_events_game_started'====== Args={'value': 85, 'prev_value': None, 'change': True}
2025-09-19 15:27:52,626 : INFO : EventManager : Event: ======'machine_var_audits_missing_switches_s_captive_ball'====== Args={'value': 11, 'prev_value': None, 'change': True}
2025-09-19 15:27:52,627 : INFO : EventManager : Event: ======'machine_var_audits_missing_switches_s_center_upper_pop'====== Args={'value': 11, 'prev_value': None, 'change': True}
2025-09-19 15:27:52,627 : INFO : EventManager : Event: ======'machine_var_audits_missing_switches_s_inner_orbit'====== Args={'value': 11, 'prev_value': None, 'change': True}
2025-09-19 15:27:52,627 : INFO : EventManager : Event: ======'machine_var_audits_missing_switches_s_left_flipper'====== Args={'value': 11, 'prev_value': None, 'change': True}
2025-09-19 15:27:52,627 : INFO : EventManager : Event: ======'machine_var_audits_missing_switches_s_left_inlane'====== Args={'value': 11, 'prev_value': None, 'change': True}
2025-09-19 15:27:52,627 : INFO : EventManager : Event: ======'machine_var_audits_missing_switches_s_left_orbit'====== Args={'value': 11, 'prev_value': None, 'change': True}
2025-09-19 15:27:52,628 : INFO : EventManager : Event: ======'machine_var_audits_missing_switches_s_left_outlane'====== Args={'value': 11, 'prev_value': None, 'change': True}
2025-09-19 15:27:52,628 : INFO : EventManager : Event: ======'machine_var_audits_missing_switches_s_left_ramp'====== Args={'value': 11, 'prev_value': None, 'change': True}
2025-09-19 15:27:52,628 : INFO : EventManager : Event: ======'machine_var_audits_missing_switches_s_left_slingshot'====== Args={'value': 11, 'prev_value': None, 'change': True}
2025-09-19 15:27:52,628 : INFO : EventManager : Event: ======'machine_var_audits_missing_switches_s_left_upper_pop'====== Args={'value': 11, 'prev_value': None, 'change': True}
2025-09-19 15:27:52,628 : INFO : EventManager : Event: ======'machine_var_audits_missing_switches_s_pop_standup'====== Args={'value': 11, 'prev_value': None, 'change': True}
2025-09-19 15:27:52,629 : INFO : EventManager : Event: ======'machine_var_audits_missing_switches_s_right_flipper'====== Args={'value': 11, 'prev_value': None, 'change': True}
2025-09-19 15:27:52,629 : INFO : EventManager : Event: ======'machine_var_audits_missing_switches_s_right_inlane'====== Args={'value': 11, 'prev_value': None, 'change': True}
2025-09-19 15:27:52,629 : INFO : EventManager : Event: ======'machine_var_audits_missing_switches_s_right_orbit'====== Args={'value': 11, 'prev_value': None, 'change': True}
2025-09-19 15:27:52,629 : INFO : EventManager : Event: ======'machine_var_audits_missing_switches_s_right_outlane'====== Args={'value': 11, 'prev_value': None, 'change': True}
2025-09-19 15:27:52,630 : INFO : EventManager : Event: ======'machine_var_audits_missing_switches_s_right_ramp'====== Args={'value': 11, 'prev_value': None, 'change': True}
2025-09-19 15:27:52,630 : INFO : EventManager : Event: ======'machine_var_audits_missing_switches_s_right_slingshot'====== Args={'value': 11, 'prev_value': None, 'change': True}
2025-09-19 15:27:52,630 : INFO : EventManager : Event: ======'machine_var_audits_missing_switches_s_scoop'====== Args={'value': 1, 'prev_value': None, 'change': True}
2025-09-19 15:27:52,630 : INFO : EventManager : Event: ======'machine_var_audits_missing_switches_s_spinner'====== Args={'value': 11, 'prev_value': None, 'change': True}
2025-09-19 15:27:52,631 : INFO : EventManager : Event: ======'machine_var_audits_missing_switches_s_start'====== Args={'value': 10, 'prev_value': None, 'change': True}
2025-09-19 15:27:52,631 : INFO : EventManager : Event: ======'machine_var_audits_missing_switches_s_three_bank_standup'====== Args={'value': 1, 'prev_value': None, 'change': True}
2025-09-19 15:27:52,631 : INFO : EventManager : Event: ======'machine_var_audits_missing_switches_s_tilt_bob'====== Args={'value': 19, 'prev_value': None, 'change': True}
2025-09-19 15:27:52,631 : INFO : EventManager : Event: ======'machine_var_audits_missing_switches_s_top_right_flipper'====== Args={'value': 11, 'prev_value': None, 'change': True}
2025-09-19 15:27:52,632 : INFO : EventManager : Event: ======'machine_var_audits_missing_switches_s_trough2'====== Args={'value': 10, 'prev_value': None, 'change': True}
2025-09-19 15:27:52,632 : INFO : EventManager : Event: ======'machine_var_audits_missing_switches_s_trough3'====== Args={'value': 10, 'prev_value': None, 'change': True}
2025-09-19 15:27:52,632 : INFO : EventManager : Event: ======'machine_var_audits_missing_switches_s_trough4'====== Args={'value': 10, 'prev_value': None, 'change': True}
2025-09-19 15:27:52,632 : INFO : EventManager : Event: ======'machine_var_audits_missing_switches_s_trough5'====== Args={'value': 10, 'prev_value': None, 'change': True}
2025-09-19 15:27:52,633 : INFO : EventManager : Event: ======'machine_var_audits_missing_switches_s_trough6'====== Args={'value': 11, 'prev_value': None, 'change': True}
2025-09-19 15:27:52,633 : INFO : EventManager : Event: ======'machine_var_audits_missing_switches_s_trough_jam'====== Args={'value': 11, 'prev_value': None, 'change': True}
2025-09-19 15:27:52,633 : INFO : EventManager : Event: ======'machine_var_audits_missing_switches_s_tshirt_bottom_standup'====== Args={'value': 11, 'prev_value': None, 'change': True}
2025-09-19 15:27:52,633 : INFO : EventManager : Event: ======'machine_var_audits_missing_switches_s_tshirt_top_standup'====== Args={'value': 11, 'prev_value': None, 'change': True}
2025-09-19 15:27:52,634 : INFO : EventManager : Event: ======'machine_var_audits_missing_switches_s_upper_pop_standup'====== Args={'value': 11, 'prev_value': None, 'change': True}
2025-09-19 15:27:52,634 : INFO : EventManager : Event: ======'machine_var_audits_player_score'====== Args={'value': {'average': 16766, 'top': [140190, 55679, 54526, 46225, 25350, 24166, 23278, 22740, 20422, 20201], 'total': 37}, 'prev_value': None, 'change': True}
2025-09-19 15:27:52,634 : INFO : EventManager : Event: ======'machine_var_audits_shots_skill_captive'====== Args={'value': 16, 'prev_value': None, 'change': True}
2025-09-19 15:27:52,635 : INFO : EventManager : Event: ======'machine_var_audits_switches_s_captive_ball'====== Args={'value': 158, 'prev_value': None, 'change': True}
2025-09-19 15:27:52,635 : INFO : EventManager : Event: ======'machine_var_audits_switches_s_center_upper_pop'====== Args={'value': 182, 'prev_value': None, 'change': True}
2025-09-19 15:27:52,636 : INFO : EventManager : Event: ======'machine_var_audits_switches_s_inner_orbit'====== Args={'value': 0, 'prev_value': None, 'change': True}
2025-09-19 15:27:52,636 : INFO : EventManager : Event: ======'machine_var_audits_switches_s_left_flipper'====== Args={'value': 1240, 'prev_value': None, 'change': True}
2025-09-19 15:27:52,636 : INFO : EventManager : Event: ======'machine_var_audits_switches_s_left_inlane'====== Args={'value': 107, 'prev_value': None, 'change': True}
2025-09-19 15:27:52,637 : INFO : EventManager : Event: ======'machine_var_audits_switches_s_left_orbit'====== Args={'value': 0, 'prev_value': None, 'change': True}
2025-09-19 15:27:52,637 : INFO : EventManager : Event: ======'machine_var_audits_switches_s_left_outlane'====== Args={'value': 53, 'prev_value': None, 'change': True}
2025-09-19 15:27:52,637 : INFO : EventManager : Event: ======'machine_var_audits_switches_s_left_ramp'====== Args={'value': 0, 'prev_value': None, 'change': True}
2025-09-19 15:27:52,638 : INFO : EventManager : Event: ======'machine_var_audits_switches_s_left_slingshot'====== Args={'value': 259, 'prev_value': None, 'change': True}
2025-09-19 15:27:52,638 : INFO : EventManager : Event: ======'machine_var_audits_switches_s_left_upper_pop'====== Args={'value': 139, 'prev_value': None, 'change': True}
2025-09-19 15:27:52,639 : INFO : EventManager : Event: ======'machine_var_audits_switches_s_plunger'====== Args={'value': 460, 'prev_value': None, 'change': True}
2025-09-19 15:27:52,639 : INFO : EventManager : Event: ======'machine_var_audits_switches_s_pop_standup'====== Args={'value': 48, 'prev_value': None, 'change': True}
2025-09-19 15:27:52,639 : INFO : EventManager : Event: ======'machine_var_audits_switches_s_right_flipper'====== Args={'value': 1509, 'prev_value': None, 'change': True}
2025-09-19 15:27:52,639 : INFO : EventManager : Event: ======'machine_var_audits_switches_s_right_inlane'====== Args={'value': 104, 'prev_value': None, 'change': True}
2025-09-19 15:27:52,640 : INFO : EventManager : Event: ======'machine_var_audits_switches_s_right_lower_pop'====== Args={'value': 285, 'prev_value': None, 'change': True}
2025-09-19 15:27:52,640 : INFO : EventManager : Event: ======'machine_var_audits_switches_s_right_orbit'====== Args={'value': 0, 'prev_value': None, 'change': True}
2025-09-19 15:27:52,640 : INFO : EventManager : Event: ======'machine_var_audits_switches_s_right_outlane'====== Args={'value': 51, 'prev_value': None, 'change': True}
2025-09-19 15:27:52,641 : INFO : EventManager : Event: ======'machine_var_audits_switches_s_right_ramp'====== Args={'value': 0, 'prev_value': None, 'change': True}
2025-09-19 15:27:52,641 : INFO : EventManager : Event: ======'machine_var_audits_switches_s_right_slingshot'====== Args={'value': 365, 'prev_value': None, 'change': True}
2025-09-19 15:27:52,641 : INFO : EventManager : Event: ======'machine_var_audits_switches_s_scoop'====== Args={'value': 85, 'prev_value': None, 'change': True}
2025-09-19 15:27:52,642 : INFO : EventManager : Event: ======'machine_var_audits_switches_s_spinner'====== Args={'value': 1364, 'prev_value': None, 'change': True}
2025-09-19 15:27:52,642 : INFO : EventManager : Event: ======'machine_var_audits_switches_s_start'====== Args={'value': 8, 'prev_value': None, 'change': True}
2025-09-19 15:27:52,642 : INFO : EventManager : Event: ======'machine_var_audits_switches_s_three_bank_bottom'====== Args={'value': 69, 'prev_value': None, 'change': True}
2025-09-19 15:27:52,643 : INFO : EventManager : Event: ======'machine_var_audits_switches_s_three_bank_middle'====== Args={'value': 67, 'prev_value': None, 'change': True}
2025-09-19 15:27:52,643 : INFO : EventManager : Event: ======'machine_var_audits_switches_s_three_bank_standup'====== Args={'value': 69, 'prev_value': None, 'change': True}
2025-09-19 15:27:52,643 : INFO : EventManager : Event: ======'machine_var_audits_switches_s_three_bank_top'====== Args={'value': 63, 'prev_value': None, 'change': True}
2025-09-19 15:27:52,644 : INFO : EventManager : Event: ======'machine_var_audits_switches_s_tilt_bob'====== Args={'value': 21, 'prev_value': None, 'change': True}
2025-09-19 15:27:52,644 : INFO : EventManager : Event: ======'machine_var_audits_switches_s_top_right_flipper'====== Args={'value': 1294, 'prev_value': None, 'change': True}
2025-09-19 15:27:52,644 : INFO : EventManager : Event: ======'machine_var_audits_switches_s_trough1'====== Args={'value': 219, 'prev_value': None, 'change': True}
2025-09-19 15:27:52,645 : INFO : EventManager : Event: ======'machine_var_audits_switches_s_trough2'====== Args={'value': 248, 'prev_value': None, 'change': True}
2025-09-19 15:27:52,646 : INFO : EventManager : Event: ======'machine_var_audits_switches_s_trough3'====== Args={'value': 178, 'prev_value': None, 'change': True}
2025-09-19 15:27:52,646 : INFO : EventManager : Event: ======'machine_var_audits_switches_s_trough4'====== Args={'value': 160, 'prev_value': None, 'change': True}
2025-09-19 15:27:52,646 : INFO : EventManager : Event: ======'machine_var_audits_switches_s_trough5'====== Args={'value': 160, 'prev_value': None, 'change': True}
2025-09-19 15:27:52,647 : INFO : EventManager : Event: ======'machine_var_audits_switches_s_trough6'====== Args={'value': 158, 'prev_value': None, 'change': True}
2025-09-19 15:27:52,647 : INFO : EventManager : Event: ======'machine_var_audits_switches_s_trough_jam'====== Args={'value': 206, 'prev_value': None, 'change': True}
2025-09-19 15:27:52,648 : INFO : EventManager : Event: ======'machine_var_audits_switches_s_tshirt_bottom_standup'====== Args={'value': 28, 'prev_value': None, 'change': True}
2025-09-19 15:27:52,648 : INFO : EventManager : Event: ======'machine_var_audits_switches_s_tshirt_top_standup'====== Args={'value': 33, 'prev_value': None, 'change': True}
2025-09-19 15:27:52,649 : INFO : EventManager : Event: ======'machine_var_audits_switches_s_upper_pop_standup'====== Args={'value': 158, 'prev_value': None, 'change': True}
2025-09-19 15:27:52,650 : INFO : EventManager : Event: ======'init_phase_5'====== Args={}
2025-09-19 15:27:52,673 : INFO : EventManager : Event: ======'init_done'====== Args={}
2025-09-19 15:27:52,673 : INFO : EventManager : Event: ======'machine_reset_phase_1'====== Args={}
2025-09-19 15:27:52,693 : INFO : EventManager : Event: ======'slide_welcome_slide_removed'====== Args={'_from_bcp': True}
2025-09-19 15:27:52,703 : INFO : EventManager : Event: ======'slide_welcome_slide_created'====== Args={'_from_bcp': True}
2025-09-19 15:27:52,703 : INFO : EventManager : Event: ======'slide_welcome_slide_active'====== Args={'_from_bcp': True}
2025-09-19 15:27:52,704 : INFO : EventManager : Event: ======'machine_reset_phase_2'====== Args={}
2025-09-19 15:27:52,704 : INFO : EventManager : Event: ======'machine_reset_phase_3'====== Args={}
2025-09-19 15:27:52,704 : INFO : drop_target_bank.drop_bank : All targets are already up. Will not reset bank.
2025-09-19 15:27:52,704 : INFO : drop_target_bank.three_bank : All targets are already up. Will not reset bank.
2025-09-19 15:27:52,704 : INFO : EventManager : Event: ======'reset_complete'====== Args={}
2025-09-19 15:27:52,704 : INFO : EventManager : Event: ======'mode_attract_will_start'====== Args={}
2025-09-19 15:27:52,705 : INFO : EventManager : Event: ======'mode_attract_starting'====== Args={}
2025-09-19 15:27:52,705 : INFO : Mode.attract : Started. Priority: 10
2025-09-19 15:27:52,705 : INFO : EventManager : Event: ======'modes_active_modes_changed'====== Args={}
2025-09-19 15:27:52,705 : INFO : EventManager : Event: ======'mode_attract_started'====== Args={}
2025-09-19 15:27:52,706 : INFO : EventManager : Event: ======'collecting_balls_complete'====== Args={}
2025-09-19 15:27:52,726 : INFO : EventManager : Event: ======'slide_press_start_slide_created'====== Args={'_from_bcp': True}
2025-09-19 15:27:52,726 : INFO : EventManager : Event: ======'slide_press_start_slide_active'====== Args={'_from_bcp': True}
2025-09-19 15:27:52,726 : INFO : Machine : Starting the main run loop with active modes: [<Mode.attract>]
2025-09-19 15:27:57,739 : INFO : EventManager : Event: ======'slide_last_game_score_slide_created'====== Args={'_from_bcp': True}
2025-09-19 15:27:57,745 : INFO : EventManager : Event: ======'slide_last_game_score_slide_active'====== Args={'_from_bcp': True}
2025-09-19 15:28:02,744 : INFO : EventManager : Event: ======'slide_press_start_slide_removed'====== Args={'_from_bcp': True}
2025-09-19 15:28:02,745 : INFO : EventManager : Event: ======'slide_press_start_slide_created'====== Args={'_from_bcp': True}
2025-09-19 15:28:02,747 : INFO : EventManager : Event: ======'slide_press_start_slide_active'====== Args={'_from_bcp': True}
2025-09-19 15:28:06,389 : INFO : SwitchController : <<<<<<< 's_start' active >>>>>>>
2025-09-19 15:28:06,537 : INFO : SwitchController : <<<<<<< 's_start' inactive >>>>>>>
2025-09-19 15:28:06,537 : INFO : EventManager : Event: ======'request_to_start_game'====== Args={}
2025-09-19 15:28:06,538 : INFO : EventManager : Event: ======'game_start'====== Args={'buttons': [], 'hold_time': 0.15600000000267755}
2025-09-19 15:28:06,538 : INFO : EventManager : Event: ======'mode_game_will_start'====== Args={'buttons': [], 'hold_time': 0.15600000000267755}
2025-09-19 15:28:06,538 : INFO : EventManager : Event: ======'mode_game_starting'====== Args={'buttons': [], 'hold_time': 0.15600000000267755}
2025-09-19 15:28:06,538 : INFO : EventManager : Event: ======'mode_attract_will_stop'====== Args={}
2025-09-19 15:28:06,539 : INFO : EventManager : Event: ======'mode_attract_stopping'====== Args={}
2025-09-19 15:28:06,539 : INFO : Mode.attract : Stopped.
2025-09-19 15:28:06,539 : INFO : EventManager : Event: ======'modes_active_modes_changed'====== Args={}
2025-09-19 15:28:06,539 : INFO : EventManager : Event: ======'mode_attract_stopped'====== Args={}
2025-09-19 15:28:06,539 : INFO : EventManager : Event: ======'clear'====== Args={'key': 'attract'}
2025-09-19 15:28:06,539 : INFO : Mode.game : Started. Priority: 20
2025-09-19 15:28:06,539 : INFO : EventManager : Event: ======'modes_active_modes_changed'====== Args={}
2025-09-19 15:28:06,539 : INFO : EventManager : Event: ======'mode_game_started'====== Args={'buttons': [], 'hold_time': 0.15600000000267755}
2025-09-19 15:28:06,544 : INFO : EventManager : Event: ======'game_will_start'====== Args={}
2025-09-19 15:28:06,545 : INFO : EventManager : Event: ======'game_starting'====== Args={'game': <Mode.game>}
2025-09-19 15:28:06,545 : INFO : EventManager : Unordered handler for class <Auditor> on event game_ended with priority 1. Handlers: [RegisteredHandler(callback=<bound method Auditor.disable of <Auditor>>, priority=1, kwargs={}, key=UUID('1f12331a-709b-4476-ac15-6726bb649bad'), condition=None, blocking_facility=None), RegisteredHandler(callback=<bound method Auditor._save_audits of <Auditor>>, priority=1, kwargs={}, key=UUID('16546bee-7914-4670-b6c1-ca40b9e3ebe2'), condition=None, blocking_facility=None)]. The order of those handlers is not defined and they will be executed in random order. This might lead to race conditions and potential bugs.
2025-09-19 15:28:06,545 : INFO : EventManager : Event: ======'player_add_request'====== Args={}
2025-09-19 15:28:06,545 : INFO : EventManager : Event: ======'player_will_add'====== Args={'number': 1}
2025-09-19 15:28:06,545 : INFO : EventManager : Event: ======'player_adding'====== Args={'player': <Player 1>, 'number': 1}
2025-09-19 15:28:06,545 : INFO : EventManager : Event: ======'player_added'====== Args={'player': <Player 1>, 'num': 1}
2025-09-19 15:28:06,545 : INFO : Mode.game : Player added successfully. Total players: 1
2025-09-19 15:28:06,545 : INFO : EventManager : Event: ======'player_index'====== Args={'value': 0, 'prev_value': 0, 'change': 0, 'player_num': 1}
2025-09-19 15:28:06,545 : INFO : EventManager : Event: ======'player_number'====== Args={'value': 1, 'prev_value': 1, 'change': 0, 'player_num': 1}
2025-09-19 15:28:06,546 : INFO : EventManager : Event: ======'player_score'====== Args={'value': 0, 'prev_value': 0, 'change': 0, 'player_num': 1}
2025-09-19 15:28:06,546 : INFO : EventManager : Event: ======'game_started'====== Args={}
2025-09-19 15:28:06,553 : INFO : EventManager : Event: ======'player_turn_will_start'====== Args={'player': <Player 1>, 'number': 1}
2025-09-19 15:28:06,555 : INFO : EventManager : Event: ======'slide_last_game_score_slide_removed'====== Args={'_from_bcp': True}
2025-09-19 15:28:06,555 : INFO : EventManager : Event: ======'slide_press_start_slide_removed'====== Args={'_from_bcp': True}
2025-09-19 15:28:06,555 : INFO : EventManager : Event: ======'slide_welcome_slide_active'====== Args={'_from_bcp': True}
2025-09-19 15:28:06,555 : INFO : EventManager : Event: ======'player_turn_starting'====== Args={'player': <Player 1>, 'number': 1}
2025-09-19 15:28:06,555 : INFO : EventManager : Event: ======'player_ball'====== Args={'value': 1, 'prev_value': 0, 'change': 1, 'player_num': 1}
2025-09-19 15:28:06,555 : INFO : EventManager : Event: ======'player_turn_started'====== Args={'player': <Player 1>, 'number': 1}
2025-09-19 15:28:06,557 : INFO : EventManager : Event: ======'ball_will_start'====== Args={'player': 1, 'ball': 1, 'balls_remaining': 2, 'is_extra_ball': False}
2025-09-19 15:28:06,559 : INFO : EventManager : Event: ======'ball_starting'====== Args={'player': 1, 'ball': 1, 'balls_remaining': 2, 'is_extra_ball': False}
2025-09-19 15:28:06,559 : INFO : EventManager : Event: ======'mode_base_will_start'====== Args={'queue': <QueuedEvent>, 'player': 1, 'ball': 1, 'balls_remaining': 2, 'is_extra_ball': False}
2025-09-19 15:28:06,570 : INFO : EventManager : Event: ======'mode_base_starting'====== Args={'queue': <QueuedEvent>, 'player': 1, 'ball': 1, 'balls_remaining': 2, 'is_extra_ball': False}
2025-09-19 15:28:06,570 : INFO : drop_target_bank.drop_bank : All targets are already up. Will not reset bank.
2025-09-19 15:28:06,570 : INFO : drop_target_bank.three_bank : All targets are already up. Will not reset bank.
2025-09-19 15:28:06,570 : INFO : Mode.base : Started. Priority: 100
2025-09-19 15:28:06,571 : INFO : EventManager : Event: ======'modes_active_modes_changed'====== Args={}
2025-09-19 15:28:06,571 : INFO : EventManager : Event: ======'mode_base_started'====== Args={'queue': <QueuedEvent>, 'player': 1, 'ball': 1, 'balls_remaining': 2, 'is_extra_ball': False}
2025-09-19 15:28:06,571 : INFO : EventManager : Event: ======'ball_save_default_enabled'====== Args={}
2025-09-19 15:28:06,572 : INFO : EventManager : Event: ======'balls_in_play'====== Args={'balls': 1}
2025-09-19 15:28:06,572 : INFO : EventManager : Event: ======'ball_started'====== Args={'player': 1, 'ball': 1, 'balls_remaining': 2, 'is_extra_ball': False}
2025-09-19 15:28:06,586 : INFO : EventManager : Event: ======'single_player_ball_started'====== Args={}
2025-09-19 15:28:06,586 : INFO : EventManager : Event: ======'ball_start_target'====== Args={'target': 'playfield'}
2025-09-19 15:28:06,586 : INFO : ball_device.bd_plunger : Setting up player-controlled eject. Balls: 1, Target: <playfield.playfield>, player_controlled_eject_event: None
2025-09-19 15:28:06,586 : INFO : EventManager : Event: ======'balldevice_balls_available'====== Args={}
2025-09-19 15:28:06,587 : INFO : ball_device.bd_trough : State: waiting_for_target_ready
2025-09-19 15:28:06,587 : INFO : EventManager : Event: ======'balldevice_bd_trough_ball_eject_attempt'====== Args={'balls': 1, 'target': <ball_device.bd_plunger>, 'source': <ball_device.bd_trough>, 'mechanical_eject': True, 'num_attempts': 0}
2025-09-19 15:28:06,587 : INFO : ball_device.bd_plunger : State: waiting_for_ball
2025-09-19 15:28:06,588 : INFO : ball_device.bd_trough : State: ejecting
2025-09-19 15:28:06,588 : INFO : ball_device.bd_trough : Ejecting ball to <ball_device.bd_plunger>
2025-09-19 15:28:06,588 : INFO : EventManager : Event: ======'balldevice_bd_trough_ejecting_ball'====== Args={'balls': 1, 'target': <ball_device.bd_plunger>, 'source': <ball_device.bd_trough>, 'mechanical_eject': True, 'num_attempts': 0}
2025-09-19 15:28:06,588 : INFO : ball_device.bd_trough : Wait for ball to leave device
2025-09-19 15:28:06,588 : INFO : coil.c_trough_eject : Pulsing Driver for 20ms (1.0 pulse_power)
2025-09-19 15:28:06,589 : INFO : SwitchController : <<<<<<< 's_trough1' inactive >>>>>>>
2025-09-19 15:28:06,592 : INFO : ball_device.bd_trough : State: ball_left
2025-09-19 15:28:06,592 : INFO : ball_device.bd_trough : Ball left
2025-09-19 15:28:06,592 : INFO : ball_device.bd_trough : Wait for confirm with timeout 3.0
2025-09-19 15:28:06,596 : INFO : EventManager : Event: ======'slide_base.slide_player-mode_base_started_created'====== Args={'_from_bcp': True}
2025-09-19 15:28:06,602 : INFO : EventManager : Event: ======'slide_base.slide_player-mode_base_started_active'====== Args={'_from_bcp': True}
2025-09-19 15:28:06,690 : INFO : SwitchController : <<<<<<< 's_plunger' active >>>>>>>
2025-09-19 15:28:06,690 : INFO : EventManager : Event: ======'machine_var_audits_switches_s_plunger'====== Args={'value': 461, 'prev_value': 460, 'change': 1}
2025-09-19 15:28:07,182 : INFO : ball_device.bd_plunger : Received ball from <ball_device.bd_trough>
2025-09-19 15:28:07,182 : INFO : EventManager : Event: ======'balldevice_bd_plunger_ball_enter'====== Args={'new_balls': 1, 'unclaimed_balls': 0, 'new_available_balls': 0, 'device': <ball_device.bd_plunger>}
2025-09-19 15:28:07,183 : INFO : EventManager : Event: ======'balldevice_bd_plunger_ball_entered'====== Args={'new_balls': 0, 'device': <ball_device.bd_plunger>}
2025-09-19 15:28:07,183 : INFO : EventManager : Event: ======'balldevice_bd_plunger_ball_count_changed'====== Args={'balls': 1}
2025-09-19 15:28:07,183 : INFO : ball_device.bd_trough : Got eject confirm
2025-09-19 15:28:07,183 : INFO : ball_device.bd_trough : Eject successful
2025-09-19 15:28:07,183 : INFO : EventManager : Event: ======'balldevice_bd_trough_ball_eject_success'====== Args={'balls': 1, 'target': <ball_device.bd_plunger>}
2025-09-19 15:28:07,183 : INFO : ball_device.bd_plunger : State: waiting_for_target_ready
2025-09-19 15:28:07,184 : INFO : EventManager : Event: ======'balldevice_bd_plunger_ball_eject_attempt'====== Args={'balls': 1, 'target': <playfield.playfield>, 'source': <ball_device.bd_plunger>, 'mechanical_eject': True, 'num_attempts': 0}
2025-09-19 15:28:07,184 : INFO : EventManager : Event: ======'balldevice_bd_trough_ball_count_changed'====== Args={'balls': 5}
2025-09-19 15:28:07,184 : INFO : ball_device.bd_trough : State: idle
2025-09-19 15:28:07,184 : INFO : ball_device.bd_plunger : State: ejecting
2025-09-19 15:28:07,184 : INFO : ball_device.bd_plunger : Ejecting ball to <playfield.playfield>
2025-09-19 15:28:07,184 : INFO : EventManager : Event: ======'balldevice_bd_plunger_ejecting_ball'====== Args={'balls': 1, 'target': <playfield.playfield>, 'source': <ball_device.bd_plunger>, 'mechanical_eject': True, 'num_attempts': 0}
2025-09-19 15:28:07,185 : INFO : ball_device.bd_plunger : Wait for ball to leave device
2025-09-19 15:28:35,698 : INFO : Machine : Shutting down...
2025-09-19 15:28:35,698 : INFO : EventManager : Event: ======'shutdown'====== Args={}
2025-09-19 15:28:35,700 : INFO : EventManager : Event: ======'mode_game_will_stop'====== Args={}
2025-09-19 15:28:35,700 : INFO : EventManager : Event: ======'mode_game_stopping'====== Args={}
2025-09-19 15:28:35,701 : INFO : EventManager : Event: ======'mode_base_will_stop'====== Args={}
2025-09-19 15:28:35,701 : INFO : EventManager : Event: ======'mode_base_stopping'====== Args={}
2025-09-19 15:28:35,701 : INFO : Mode.base : Stopped.
2025-09-19 15:28:35,701 : INFO : EventManager : Event: ======'modes_active_modes_changed'====== Args={}
2025-09-19 15:28:35,702 : INFO : EventManager : Event: ======'mode_base_stopped'====== Args={}
2025-09-19 15:28:35,702 : INFO : EventManager : Event: ======'clear'====== Args={'key': 'base'}
2025-09-19 15:28:35,702 : INFO : Mode.game : Stopped.
2025-09-19 15:28:35,702 : INFO : EventManager : Event: ======'modes_active_modes_changed'====== Args={}
2025-09-19 15:28:35,702 : INFO : EventManager : Event: ======'mode_game_stopped'====== Args={}
2025-09-19 15:28:35,702 : INFO : EventManager : Event: ======'clear'====== Args={'key': 'game'}
2025-09-19 15:28:35,705 : INFO : root : MPF run loop ended.
