2025-09-21 13:52:32,649 : INFO : root : Loading config.
2025-09-21 13:52:32,656 : INFO : YamlMultifileConfigLoader : Machine config file #1: config.yaml
2025-09-21 13:52:32,657 : INFO : ConfigProcessor : Loading config from cache: C:\Users\sdona\AppData\Local\Temp\19f6d0d7953982fda9d956182316b8e5.mpf_cache
2025-09-21 13:52:32,771 : INFO : ConfigProcessor : Loading config from cache: C:\Users\sdona\AppData\Local\Temp\835b5bfea4be8b279a05e96caaaffbbb.mpf_cache
2025-09-21 13:52:32,773 : INFO : ConfigProcessor : Loading config from cache: C:\Users\sdona\AppData\Local\Temp\9b0a7575388f9d9bd2f6ab87bf9fd2f7.mpf_cache
2025-09-21 13:52:32,774 : INFO : ConfigProcessor : Loading config from cache: C:\Users\sdona\AppData\Local\Temp\c340ec0033d1055cd797ffd5447ef414.mpf_cache
2025-09-21 13:52:32,776 : INFO : ConfigProcessor : Loading config from cache: C:\Users\sdona\AppData\Local\Temp\835b5bfea4be8b279a05e96caaaffbbb.mpf_cache
2025-09-21 13:52:32,777 : INFO : Machine : Mission Pinball Framework Core Engine v0.80.0.dev9
2025-09-21 13:52:32,777 : INFO : Machine : Command line arguments: {'no_load_cache': False, 'create_config_cache': True, 'bcp': True, 'configfile': ['config.yaml'], 'force_assets_load': False, 'platform_integration_test': False, 'jsonlogging': False, 'logfile': 'logs\\2025-09-21-13-52-32-mpf-PinballLaptop.log', 'pause': False, 'production': False, 'text_ui': True, 'loglevel': 15, 'consoleloglevel': 20, 'force_platform': 'smart_virtual', 'syslog_address': None, 'full_logfile_path': 'C:\\venv\\mpf\\mmmdrop\\logs\\2025-09-21-13-52-32-mpf-PinballLaptop.log'}
2025-09-21 13:52:32,778 : INFO : Machine : MPF path: c:\venv\mpf\lib\site-packages\mpf
2025-09-21 13:52:32,778 : INFO : Machine : Machine path: C:\venv\mpf\mmmdrop
2025-09-21 13:52:32,778 : INFO : Machine : Platform: win32
2025-09-21 13:52:32,778 : INFO : Machine : Python executable location: c:\venv\mpf\Scripts\python.exe
2025-09-21 13:52:32,778 : INFO : Machine : Python version: 3.9.13 (64-bit)
2025-09-21 13:52:32,782 : INFO : Machine : Initializing MPF...
2025-09-21 13:52:33,135 : INFO : EventManager : Event: ======'machine_var_credits_string'====== Args={'value': 'FREE PLAY', 'prev_value': None, 'change': True}
2025-09-21 13:52:33,168 : INFO : EventManager : Event: ======'machine_var_fast_audio_headphones_volume'====== Args={'value': 10, 'prev_value': None, 'change': True}
2025-09-21 13:52:33,168 : INFO : EventManager : Event: ======'machine_var_fast_audio_main_volume'====== Args={'value': 44, 'prev_value': None, 'change': True}
2025-09-21 13:52:33,168 : INFO : EventManager : Event: ======'machine_var_master_volume'====== Args={'value': 0.15, 'prev_value': None, 'change': True}
2025-09-21 13:52:33,168 : INFO : EventManager : Event: ======'machine_var_player1_score'====== Args={'value': 140190, 'prev_value': None, 'change': True}
2025-09-21 13:52:33,168 : INFO : EventManager : Event: ======'machine_var_mpf_version'====== Args={'value': 'Mission Pinball Framework v0.80.0.dev9', 'prev_value': None, 'change': True}
2025-09-21 13:52:33,168 : INFO : EventManager : Event: ======'machine_var_mpf_extended_version'====== Args={'value': 'Mission Pinball Framework v0.80.0.dev9, Config version:6, Show version: 6, BCP version:1.1', 'prev_value': None, 'change': True}
2025-09-21 13:52:33,168 : INFO : EventManager : Event: ======'machine_var_python_version'====== Args={'value': '3.9.13', 'prev_value': None, 'change': True}
2025-09-21 13:52:33,422 : INFO : EventManager : Event: ======'machine_var_platform'====== Args={'value': 'Windows-10-10.0.26100-SP0', 'prev_value': None, 'change': True}
2025-09-21 13:52:33,424 : INFO : EventManager : Event: ======'machine_var_platform_system'====== Args={'value': 'Windows', 'prev_value': None, 'change': True}
2025-09-21 13:52:33,424 : INFO : EventManager : Event: ======'machine_var_platform_release'====== Args={'value': '10', 'prev_value': None, 'change': True}
2025-09-21 13:52:33,424 : INFO : EventManager : Event: ======'machine_var_platform_version'====== Args={'value': '10.0.26100', 'prev_value': None, 'change': True}
2025-09-21 13:52:33,424 : INFO : EventManager : Event: ======'machine_var_platform_machine'====== Args={'value': 'AMD64', 'prev_value': None, 'change': True}
2025-09-21 13:52:33,424 : INFO : EventManager : Event: ======'machine_var_log_file_path'====== Args={'value': 'C:\\venv\\mpf\\mmmdrop\\logs\\2025-09-21-13-52-32-mpf-PinballLaptop.log', 'prev_value': None, 'change': True}
2025-09-21 13:52:33,424 : INFO : EventManager : Event: ======'init_phase_1'====== Args={}
2025-09-21 13:52:33,455 : INFO : EventManager : Event: ======'drop_target_bank_three_bank_up'====== Args={}
2025-09-21 13:52:33,456 : INFO : EventManager : Event: ======'init_phase_2'====== Args={}
2025-09-21 13:52:33,456 : INFO : SwitchController : Found active switch: ('3208-0', <Platform.SmartVirtual>) <switch.s_trough1>
2025-09-21 13:52:33,456 : INFO : SwitchController : Found active switch: ('3208-1', <Platform.SmartVirtual>) <switch.s_trough2>
2025-09-21 13:52:33,456 : INFO : SwitchController : Found active switch: ('3208-2', <Platform.SmartVirtual>) <switch.s_trough3>
2025-09-21 13:52:33,456 : INFO : SwitchController : Found active switch: ('3208-3', <Platform.SmartVirtual>) <switch.s_trough4>
2025-09-21 13:52:33,457 : INFO : SwitchController : Found active switch: ('3208-4', <Platform.SmartVirtual>) <switch.s_trough5>
2025-09-21 13:52:33,457 : INFO : SwitchController : Found active switch: ('3208-5', <Platform.SmartVirtual>) <switch.s_trough6>
2025-09-21 13:52:33,460 : INFO : EventManager : Event: ======'bcp_connection_attempt'====== Args={'name': 'local_display', 'host': 'localhost', 'port': 5050}
2025-09-21 13:52:33,464 : INFO : BCPClientSocket : Connecting BCP to 'local_display' at localhost:5050...
2025-09-21 13:52:33,478 : INFO : BCPClientSocket : Connected BCP to 'local_display' localhost:5050
2025-09-21 13:52:33,478 : INFO : EventManager : Event: ======'bcp_clients_connected'====== Args={}
2025-09-21 13:52:33,624 : INFO : ball_device.bd_trough : BCH: Initial count: 6
2025-09-21 13:52:33,624 : INFO : ball_device.bd_trough : State: idle
2025-09-21 13:52:33,625 : INFO : ball_device.bd_plunger : BCH: Initial count: 0
2025-09-21 13:52:33,627 : INFO : ball_device.bd_plunger : State: idle
2025-09-21 13:52:33,627 : INFO : ball_device.bd_scoop : BCH: Initial count: 0
2025-09-21 13:52:33,627 : INFO : ball_device.bd_scoop : State: idle
2025-09-21 13:52:33,641 : INFO : EventManager : Event: ======'init_phase_3'====== Args={}
2025-09-21 13:52:33,643 : INFO : EventManager : Event: ======'init_phase_4'====== Args={}
2025-09-21 13:52:33,644 : INFO : BallController : Initial balls found: 6
2025-09-21 13:52:33,645 : INFO : EventManager : Event: ======'machine_var_audits_events_game_ended'====== Args={'value': 36, 'prev_value': None, 'change': True}
2025-09-21 13:52:33,645 : INFO : EventManager : Event: ======'machine_var_audits_events_game_started'====== Args={'value': 108, 'prev_value': None, 'change': True}
2025-09-21 13:52:33,646 : INFO : EventManager : Event: ======'machine_var_audits_missing_switches_s_captive_ball'====== Args={'value': 34, 'prev_value': None, 'change': True}
2025-09-21 13:52:33,646 : INFO : EventManager : Event: ======'machine_var_audits_missing_switches_s_center_upper_pop'====== Args={'value': 34, 'prev_value': None, 'change': True}
2025-09-21 13:52:33,646 : INFO : EventManager : Event: ======'machine_var_audits_missing_switches_s_inner_orbit'====== Args={'value': 34, 'prev_value': None, 'change': True}
2025-09-21 13:52:33,646 : INFO : EventManager : Event: ======'machine_var_audits_missing_switches_s_left_flipper'====== Args={'value': 34, 'prev_value': None, 'change': True}
2025-09-21 13:52:33,646 : INFO : EventManager : Event: ======'machine_var_audits_missing_switches_s_left_inlane'====== Args={'value': 34, 'prev_value': None, 'change': True}
2025-09-21 13:52:33,647 : INFO : EventManager : Event: ======'machine_var_audits_missing_switches_s_left_orbit'====== Args={'value': 34, 'prev_value': None, 'change': True}
2025-09-21 13:52:33,647 : INFO : EventManager : Event: ======'machine_var_audits_missing_switches_s_left_outlane'====== Args={'value': 34, 'prev_value': None, 'change': True}
2025-09-21 13:52:33,647 : INFO : EventManager : Event: ======'machine_var_audits_missing_switches_s_left_ramp'====== Args={'value': 34, 'prev_value': None, 'change': True}
2025-09-21 13:52:33,647 : INFO : EventManager : Event: ======'machine_var_audits_missing_switches_s_left_slingshot'====== Args={'value': 34, 'prev_value': None, 'change': True}
2025-09-21 13:52:33,647 : INFO : EventManager : Event: ======'machine_var_audits_missing_switches_s_left_upper_pop'====== Args={'value': 34, 'prev_value': None, 'change': True}
2025-09-21 13:52:33,647 : INFO : EventManager : Event: ======'machine_var_audits_missing_switches_s_pop_standup'====== Args={'value': 34, 'prev_value': None, 'change': True}
2025-09-21 13:52:33,647 : INFO : EventManager : Event: ======'machine_var_audits_missing_switches_s_right_flipper'====== Args={'value': 34, 'prev_value': None, 'change': True}
2025-09-21 13:52:33,647 : INFO : EventManager : Event: ======'machine_var_audits_missing_switches_s_right_inlane'====== Args={'value': 34, 'prev_value': None, 'change': True}
2025-09-21 13:52:33,648 : INFO : EventManager : Event: ======'machine_var_audits_missing_switches_s_right_orbit'====== Args={'value': 34, 'prev_value': None, 'change': True}
2025-09-21 13:52:33,648 : INFO : EventManager : Event: ======'machine_var_audits_missing_switches_s_right_outlane'====== Args={'value': 34, 'prev_value': None, 'change': True}
2025-09-21 13:52:33,648 : INFO : EventManager : Event: ======'machine_var_audits_missing_switches_s_right_ramp'====== Args={'value': 34, 'prev_value': None, 'change': True}
2025-09-21 13:52:33,648 : INFO : EventManager : Event: ======'machine_var_audits_missing_switches_s_right_slingshot'====== Args={'value': 34, 'prev_value': None, 'change': True}
2025-09-21 13:52:33,648 : INFO : EventManager : Event: ======'machine_var_audits_missing_switches_s_scoop'====== Args={'value': 2, 'prev_value': None, 'change': True}
2025-09-21 13:52:33,648 : INFO : EventManager : Event: ======'machine_var_audits_missing_switches_s_spinner'====== Args={'value': 34, 'prev_value': None, 'change': True}
2025-09-21 13:52:33,648 : INFO : EventManager : Event: ======'machine_var_audits_missing_switches_s_start'====== Args={'value': 2, 'prev_value': None, 'change': True}
2025-09-21 13:52:33,648 : INFO : EventManager : Event: ======'machine_var_audits_missing_switches_s_three_bank_standup'====== Args={'value': 2, 'prev_value': None, 'change': True}
2025-09-21 13:52:33,648 : INFO : EventManager : Event: ======'machine_var_audits_missing_switches_s_three_bank_top'====== Args={'value': 2, 'prev_value': None, 'change': True}
2025-09-21 13:52:33,648 : INFO : EventManager : Event: ======'machine_var_audits_missing_switches_s_tilt_bob'====== Args={'value': 42, 'prev_value': None, 'change': True}
2025-09-21 13:52:33,649 : INFO : EventManager : Event: ======'machine_var_audits_missing_switches_s_top_right_flipper'====== Args={'value': 34, 'prev_value': None, 'change': True}
2025-09-21 13:52:33,649 : INFO : EventManager : Event: ======'machine_var_audits_missing_switches_s_trough1'====== Args={'value': 2, 'prev_value': None, 'change': True}
2025-09-21 13:52:33,649 : INFO : EventManager : Event: ======'machine_var_audits_missing_switches_s_trough2'====== Args={'value': 33, 'prev_value': None, 'change': True}
2025-09-21 13:52:33,649 : INFO : EventManager : Event: ======'machine_var_audits_missing_switches_s_trough3'====== Args={'value': 33, 'prev_value': None, 'change': True}
2025-09-21 13:52:33,649 : INFO : EventManager : Event: ======'machine_var_audits_missing_switches_s_trough4'====== Args={'value': 33, 'prev_value': None, 'change': True}
2025-09-21 13:52:33,649 : INFO : EventManager : Event: ======'machine_var_audits_missing_switches_s_trough5'====== Args={'value': 33, 'prev_value': None, 'change': True}
2025-09-21 13:52:33,649 : INFO : EventManager : Event: ======'machine_var_audits_missing_switches_s_trough6'====== Args={'value': 34, 'prev_value': None, 'change': True}
2025-09-21 13:52:33,649 : INFO : EventManager : Event: ======'machine_var_audits_missing_switches_s_trough_jam'====== Args={'value': 34, 'prev_value': None, 'change': True}
2025-09-21 13:52:33,650 : INFO : EventManager : Event: ======'machine_var_audits_missing_switches_s_tshirt_bottom_standup'====== Args={'value': 34, 'prev_value': None, 'change': True}
2025-09-21 13:52:33,650 : INFO : EventManager : Event: ======'machine_var_audits_missing_switches_s_tshirt_top_standup'====== Args={'value': 34, 'prev_value': None, 'change': True}
2025-09-21 13:52:33,650 : INFO : EventManager : Event: ======'machine_var_audits_missing_switches_s_upper_pop_standup'====== Args={'value': 34, 'prev_value': None, 'change': True}
2025-09-21 13:52:33,650 : INFO : EventManager : Event: ======'machine_var_audits_player_score'====== Args={'value': {'average': 16766, 'top': [140190, 55679, 54526, 46225, 25350, 24166, 23278, 22740, 20422, 20201], 'total': 37}, 'prev_value': None, 'change': True}
2025-09-21 13:52:33,650 : INFO : EventManager : Event: ======'machine_var_audits_shots_skill_captive'====== Args={'value': 16, 'prev_value': None, 'change': True}
2025-09-21 13:52:33,650 : INFO : EventManager : Event: ======'machine_var_audits_switches_s_captive_ball'====== Args={'value': 158, 'prev_value': None, 'change': True}
2025-09-21 13:52:33,650 : INFO : EventManager : Event: ======'machine_var_audits_switches_s_center_upper_pop'====== Args={'value': 182, 'prev_value': None, 'change': True}
2025-09-21 13:52:33,650 : INFO : EventManager : Event: ======'machine_var_audits_switches_s_inner_orbit'====== Args={'value': 0, 'prev_value': None, 'change': True}
2025-09-21 13:52:33,650 : INFO : EventManager : Event: ======'machine_var_audits_switches_s_left_flipper'====== Args={'value': 1240, 'prev_value': None, 'change': True}
2025-09-21 13:52:33,650 : INFO : EventManager : Event: ======'machine_var_audits_switches_s_left_inlane'====== Args={'value': 107, 'prev_value': None, 'change': True}
2025-09-21 13:52:33,651 : INFO : EventManager : Event: ======'machine_var_audits_switches_s_left_orbit'====== Args={'value': 0, 'prev_value': None, 'change': True}
2025-09-21 13:52:33,651 : INFO : EventManager : Event: ======'machine_var_audits_switches_s_left_outlane'====== Args={'value': 53, 'prev_value': None, 'change': True}
2025-09-21 13:52:33,651 : INFO : EventManager : Event: ======'machine_var_audits_switches_s_left_ramp'====== Args={'value': 0, 'prev_value': None, 'change': True}
2025-09-21 13:52:33,651 : INFO : EventManager : Event: ======'machine_var_audits_switches_s_left_slingshot'====== Args={'value': 259, 'prev_value': None, 'change': True}
2025-09-21 13:52:33,651 : INFO : EventManager : Event: ======'machine_var_audits_switches_s_left_upper_pop'====== Args={'value': 139, 'prev_value': None, 'change': True}
2025-09-21 13:52:33,651 : INFO : EventManager : Event: ======'machine_var_audits_switches_s_plunger'====== Args={'value': 500, 'prev_value': None, 'change': True}
2025-09-21 13:52:33,651 : INFO : EventManager : Event: ======'machine_var_audits_switches_s_pop_standup'====== Args={'value': 48, 'prev_value': None, 'change': True}
2025-09-21 13:52:33,651 : INFO : EventManager : Event: ======'machine_var_audits_switches_s_right_flipper'====== Args={'value': 1509, 'prev_value': None, 'change': True}
2025-09-21 13:52:33,651 : INFO : EventManager : Event: ======'machine_var_audits_switches_s_right_inlane'====== Args={'value': 104, 'prev_value': None, 'change': True}
2025-09-21 13:52:33,652 : INFO : EventManager : Event: ======'machine_var_audits_switches_s_right_lower_pop'====== Args={'value': 293, 'prev_value': None, 'change': True}
2025-09-21 13:52:33,652 : INFO : EventManager : Event: ======'machine_var_audits_switches_s_right_orbit'====== Args={'value': 0, 'prev_value': None, 'change': True}
2025-09-21 13:52:33,652 : INFO : EventManager : Event: ======'machine_var_audits_switches_s_right_outlane'====== Args={'value': 51, 'prev_value': None, 'change': True}
2025-09-21 13:52:33,652 : INFO : EventManager : Event: ======'machine_var_audits_switches_s_right_ramp'====== Args={'value': 0, 'prev_value': None, 'change': True}
2025-09-21 13:52:33,652 : INFO : EventManager : Event: ======'machine_var_audits_switches_s_right_slingshot'====== Args={'value': 365, 'prev_value': None, 'change': True}
2025-09-21 13:52:33,652 : INFO : EventManager : Event: ======'machine_var_audits_switches_s_scoop'====== Args={'value': 91, 'prev_value': None, 'change': True}
2025-09-21 13:52:33,652 : INFO : EventManager : Event: ======'machine_var_audits_switches_s_spinner'====== Args={'value': 1364, 'prev_value': None, 'change': True}
2025-09-21 13:52:33,652 : INFO : EventManager : Event: ======'machine_var_audits_switches_s_start'====== Args={'value': 49, 'prev_value': None, 'change': True}
2025-09-21 13:52:33,652 : INFO : EventManager : Event: ======'machine_var_audits_switches_s_three_bank_bottom'====== Args={'value': 82, 'prev_value': None, 'change': True}
2025-09-21 13:52:33,652 : INFO : EventManager : Event: ======'machine_var_audits_switches_s_three_bank_middle'====== Args={'value': 80, 'prev_value': None, 'change': True}
2025-09-21 13:52:33,652 : INFO : EventManager : Event: ======'machine_var_audits_switches_s_three_bank_standup'====== Args={'value': 71, 'prev_value': None, 'change': True}
2025-09-21 13:52:33,652 : INFO : EventManager : Event: ======'machine_var_audits_switches_s_three_bank_top'====== Args={'value': 75, 'prev_value': None, 'change': True}
2025-09-21 13:52:33,652 : INFO : EventManager : Event: ======'machine_var_audits_switches_s_tilt_bob'====== Args={'value': 21, 'prev_value': None, 'change': True}
2025-09-21 13:52:33,652 : INFO : EventManager : Event: ======'machine_var_audits_switches_s_top_right_flipper'====== Args={'value': 1294, 'prev_value': None, 'change': True}
2025-09-21 13:52:33,652 : INFO : EventManager : Event: ======'machine_var_audits_switches_s_trough1'====== Args={'value': 237, 'prev_value': None, 'change': True}
2025-09-21 13:52:33,654 : INFO : EventManager : Event: ======'machine_var_audits_switches_s_trough2'====== Args={'value': 248, 'prev_value': None, 'change': True}
2025-09-21 13:52:33,654 : INFO : EventManager : Event: ======'machine_var_audits_switches_s_trough3'====== Args={'value': 178, 'prev_value': None, 'change': True}
2025-09-21 13:52:33,654 : INFO : EventManager : Event: ======'machine_var_audits_switches_s_trough4'====== Args={'value': 160, 'prev_value': None, 'change': True}
2025-09-21 13:52:33,654 : INFO : EventManager : Event: ======'machine_var_audits_switches_s_trough5'====== Args={'value': 160, 'prev_value': None, 'change': True}
2025-09-21 13:52:33,654 : INFO : EventManager : Event: ======'machine_var_audits_switches_s_trough6'====== Args={'value': 158, 'prev_value': None, 'change': True}
2025-09-21 13:52:33,654 : INFO : EventManager : Event: ======'machine_var_audits_switches_s_trough_jam'====== Args={'value': 206, 'prev_value': None, 'change': True}
2025-09-21 13:52:33,654 : INFO : EventManager : Event: ======'machine_var_audits_switches_s_tshirt_bottom_standup'====== Args={'value': 28, 'prev_value': None, 'change': True}
2025-09-21 13:52:33,655 : INFO : EventManager : Event: ======'machine_var_audits_switches_s_tshirt_top_standup'====== Args={'value': 33, 'prev_value': None, 'change': True}
2025-09-21 13:52:33,655 : INFO : EventManager : Event: ======'machine_var_audits_switches_s_upper_pop_standup'====== Args={'value': 158, 'prev_value': None, 'change': True}
2025-09-21 13:52:33,655 : INFO : EventManager : Event: ======'init_phase_5'====== Args={}
2025-09-21 13:52:33,701 : INFO : EventManager : Event: ======'init_done'====== Args={}
2025-09-21 13:52:33,702 : INFO : EventManager : Event: ======'machine_reset_phase_1'====== Args={}
2025-09-21 13:52:33,715 : INFO : EventManager : Event: ======'machine_reset_phase_2'====== Args={}
2025-09-21 13:52:33,715 : INFO : EventManager : Event: ======'machine_reset_phase_3'====== Args={}
2025-09-21 13:52:33,716 : INFO : drop_target_bank.three_bank : All targets are already up. Will not reset bank.
2025-09-21 13:52:33,716 : INFO : EventManager : Event: ======'reset_complete'====== Args={}
2025-09-21 13:52:33,716 : INFO : EventManager : Event: ======'mode_attract_will_start'====== Args={}
2025-09-21 13:52:33,717 : INFO : EventManager : Event: ======'mode_attract_starting'====== Args={}
2025-09-21 13:52:33,717 : INFO : Mode.attract : Started. Priority: 10
2025-09-21 13:52:33,717 : INFO : EventManager : Event: ======'modes_active_modes_changed'====== Args={}
2025-09-21 13:52:33,717 : INFO : EventManager : Event: ======'mode_attract_started'====== Args={}
2025-09-21 13:52:33,718 : INFO : EventManager : Event: ======'collecting_balls_complete'====== Args={}
2025-09-21 13:52:33,735 : INFO : Machine : Starting the main run loop with active modes: [<Mode.attract>]
2025-09-21 13:52:33,740 : INFO : EventManager : Event: ======'slide_loading_created'====== Args={'_from_bcp': True}
2025-09-21 13:52:33,741 : INFO : EventManager : Event: ======'slide__removed'====== Args={'_from_bcp': True}
2025-09-21 13:52:33,741 : INFO : EventManager : Event: ======'slide_loading_active'====== Args={'original_context': '_global', 'original_calling_context': 'init_done', 'priority': 0.0, 'cmd': 'slides_play', '_from_bcp': True}
2025-09-21 13:52:33,767 : INFO : EventManager : Event: ======'slide_attract_created'====== Args={'_from_bcp': True}
2025-09-21 13:52:33,767 : INFO : EventManager : Event: ======'slide_loading_inactive'====== Args={'is_removing': True, '_from_bcp': True}
2025-09-21 13:52:33,767 : INFO : EventManager : Event: ======'slide_attract_active'====== Args={'original_context': 'attract', 'original_calling_context': 'mode_attract_started', 'priority': 10.0, 'cmd': 'slides_play', '_from_bcp': True}
2025-09-21 13:52:33,769 : INFO : EventManager : Event: ======'slide_loading_removed'====== Args={'_from_bcp': True}
2025-09-21 13:53:05,313 : INFO : SwitchController : <<<<<<< 's_start' active >>>>>>>
2025-09-21 13:53:05,564 : INFO : SwitchController : <<<<<<< 's_start' inactive >>>>>>>
2025-09-21 13:53:05,564 : INFO : EventManager : Event: ======'request_to_start_game'====== Args={}
2025-09-21 13:53:05,564 : INFO : EventManager : Event: ======'game_start'====== Args={'buttons': [], 'hold_time': 0.25}
2025-09-21 13:53:05,565 : INFO : EventManager : Event: ======'mode_game_will_start'====== Args={'buttons': [], 'hold_time': 0.25}
2025-09-21 13:53:05,565 : INFO : EventManager : Event: ======'mode_game_starting'====== Args={'buttons': [], 'hold_time': 0.25}
2025-09-21 13:53:05,566 : INFO : EventManager : Event: ======'mode_attract_will_stop'====== Args={}
2025-09-21 13:53:05,566 : INFO : EventManager : Event: ======'mode_attract_stopping'====== Args={}
2025-09-21 13:53:05,566 : INFO : Mode.attract : Stopped.
2025-09-21 13:53:05,566 : INFO : EventManager : Event: ======'modes_active_modes_changed'====== Args={}
2025-09-21 13:53:05,566 : INFO : EventManager : Event: ======'mode_attract_stopped'====== Args={}
2025-09-21 13:53:05,566 : INFO : EventManager : Event: ======'clear'====== Args={'key': 'attract'}
2025-09-21 13:53:05,566 : INFO : Mode.game : Started. Priority: 20
2025-09-21 13:53:05,567 : INFO : EventManager : Event: ======'modes_active_modes_changed'====== Args={}
2025-09-21 13:53:05,568 : INFO : EventManager : Event: ======'mode_game_started'====== Args={'buttons': [], 'hold_time': 0.25}
2025-09-21 13:53:05,582 : INFO : EventManager : Event: ======'game_will_start'====== Args={}
2025-09-21 13:53:05,583 : INFO : EventManager : Event: ======'game_starting'====== Args={'game': <Mode.game>}
2025-09-21 13:53:05,584 : INFO : EventManager : Unordered handler for class <Auditor> on event game_ended with priority 1. Handlers: [RegisteredHandler(callback=<bound method Auditor.disable of <Auditor>>, priority=1, kwargs={}, key=UUID('39c53cc4-67cf-4652-bd9f-0fcdcb2b925b'), condition=None, blocking_facility=None), RegisteredHandler(callback=<bound method Auditor._save_audits of <Auditor>>, priority=1, kwargs={}, key=UUID('36fcc595-5c67-49a5-ad8b-c12407a5eb99'), condition=None, blocking_facility=None)]. The order of those handlers is not defined and they will be executed in random order. This might lead to race conditions and potential bugs.
2025-09-21 13:53:05,585 : INFO : EventManager : Event: ======'player_add_request'====== Args={}
2025-09-21 13:53:05,585 : INFO : EventManager : Event: ======'player_will_add'====== Args={'number': 1}
2025-09-21 13:53:05,585 : INFO : EventManager : Event: ======'player_adding'====== Args={'player': <Player 1>, 'number': 1}
2025-09-21 13:53:05,585 : INFO : EventManager : Event: ======'player_added'====== Args={'player': <Player 1>, 'num': 1}
2025-09-21 13:53:05,585 : INFO : Mode.game : Player added successfully. Total players: 1
2025-09-21 13:53:05,586 : INFO : EventManager : Event: ======'player_index'====== Args={'value': 0, 'prev_value': 0, 'change': 0, 'player_num': 1}
2025-09-21 13:53:05,587 : INFO : EventManager : Event: ======'player_number'====== Args={'value': 1, 'prev_value': 1, 'change': 0, 'player_num': 1}
2025-09-21 13:53:05,587 : INFO : EventManager : Event: ======'player_score'====== Args={'value': 0, 'prev_value': 0, 'change': 0, 'player_num': 1}
2025-09-21 13:53:05,588 : INFO : EventManager : Event: ======'game_started'====== Args={}
2025-09-21 13:53:05,617 : INFO : EventManager : Event: ======'player_turn_will_start'====== Args={'player': <Player 1>, 'number': 1}
2025-09-21 13:53:05,617 : INFO : EventManager : Event: ======'player_turn_starting'====== Args={'player': <Player 1>, 'number': 1}
2025-09-21 13:53:05,619 : INFO : EventManager : Event: ======'player_ball'====== Args={'value': 1, 'prev_value': 0, 'change': 1, 'player_num': 1}
2025-09-21 13:53:05,619 : INFO : EventManager : Event: ======'player_turn_started'====== Args={'player': <Player 1>, 'number': 1}
2025-09-21 13:53:05,634 : INFO : EventManager : Event: ======'ball_will_start'====== Args={'player': 1, 'ball': 1, 'balls_remaining': 2, 'is_extra_ball': False}
2025-09-21 13:53:05,636 : INFO : EventManager : Event: ======'ball_starting'====== Args={'player': 1, 'ball': 1, 'balls_remaining': 2, 'is_extra_ball': False}
2025-09-21 13:53:05,636 : INFO : EventManager : Event: ======'mode_base_will_start'====== Args={'queue': <QueuedEvent>, 'player': 1, 'ball': 1, 'balls_remaining': 2, 'is_extra_ball': False}
2025-09-21 13:53:05,639 : INFO : EventManager : Event: ======'mode_base_starting'====== Args={'queue': <QueuedEvent>, 'player': 1, 'ball': 1, 'balls_remaining': 2, 'is_extra_ball': False}
2025-09-21 13:53:05,640 : INFO : drop_target_bank.three_bank : All targets are already up. Will not reset bank.
2025-09-21 13:53:05,640 : INFO : EventManager : Event: ======'balls_in_play'====== Args={'balls': 1}
2025-09-21 13:53:05,640 : INFO : EventManager : Event: ======'ball_started'====== Args={'player': 1, 'ball': 1, 'balls_remaining': 2, 'is_extra_ball': False}
2025-09-21 13:53:05,641 : INFO : EventManager : Event: ======'logicblock_drop_target_counter_updated'====== Args={'value': 0, 'enabled': True}
2025-09-21 13:53:05,641 : INFO : EventManager : Event: ======'logicblock_drop_target_counter_updated'====== Args={'value': 0, 'enabled': True}
2025-09-21 13:53:05,641 : INFO : Mode.base : Started. Priority: 100
2025-09-21 13:53:05,641 : INFO : EventManager : Event: ======'modes_active_modes_changed'====== Args={}
2025-09-21 13:53:05,641 : INFO : EventManager : Event: ======'mode_base_started'====== Args={'queue': <QueuedEvent>, 'player': 1, 'ball': 1, 'balls_remaining': 2, 'is_extra_ball': False}
2025-09-21 13:53:05,642 : INFO : EventManager : Event: ======'ball_save_default_enabled'====== Args={}
2025-09-21 13:53:05,643 : INFO : EventManager : Event: ======'single_player_ball_started'====== Args={}
2025-09-21 13:53:05,657 : INFO : EventManager : Event: ======'ball_start_target'====== Args={'target': 'playfield'}
2025-09-21 13:53:05,658 : INFO : EventManager : Event: ======'slide_base_created'====== Args={'_from_bcp': True}
2025-09-21 13:53:05,659 : INFO : EventManager : Event: ======'slide_score_overlay_created'====== Args={'_from_bcp': True}
2025-09-21 13:53:05,659 : INFO : EventManager : Event: ======'slide_attract_inactive'====== Args={'is_removing': True, '_from_bcp': True}
2025-09-21 13:53:05,659 : INFO : EventManager : Event: ======'slide_score_overlay_active'====== Args={'original_context': 'base', 'original_calling_context': 'mode_base_started', 'priority': 100.0, 'queue': '<QueuedEvent>', 'player': 1.0, 'ball': 1.0, 'balls_remaining': 2.0, 'is_extra_ball': False, 'cmd': 'slides_play', '_from_bcp': True}
2025-09-21 13:53:05,659 : INFO : EventManager : Event: ======'slide_attract_removed'====== Args={'_from_bcp': True}
2025-09-21 13:53:05,659 : INFO : ball_device.bd_plunger : Setting up player-controlled eject. Balls: 1, Target: <playfield.playfield>, player_controlled_eject_event: None
2025-09-21 13:53:05,659 : INFO : EventManager : Event: ======'balldevice_balls_available'====== Args={}
2025-09-21 13:53:05,660 : INFO : ball_device.bd_trough : State: waiting_for_target_ready
2025-09-21 13:53:05,660 : INFO : EventManager : Event: ======'balldevice_bd_trough_ball_eject_attempt'====== Args={'balls': 1, 'target': <ball_device.bd_plunger>, 'source': <ball_device.bd_trough>, 'mechanical_eject': True, 'num_attempts': 0}
2025-09-21 13:53:05,660 : INFO : ball_device.bd_plunger : State: waiting_for_ball
2025-09-21 13:53:05,662 : INFO : ball_device.bd_trough : State: ejecting
2025-09-21 13:53:05,662 : INFO : ball_device.bd_trough : Ejecting ball to <ball_device.bd_plunger>
2025-09-21 13:53:05,662 : INFO : EventManager : Event: ======'balldevice_bd_trough_ejecting_ball'====== Args={'balls': 1, 'target': <ball_device.bd_plunger>, 'source': <ball_device.bd_trough>, 'mechanical_eject': True, 'num_attempts': 0}
2025-09-21 13:53:05,663 : INFO : ball_device.bd_trough : Wait for ball to leave device
2025-09-21 13:53:05,663 : INFO : coil.c_trough_eject : Pulsing Driver for 20ms (1.0 pulse_power)
2025-09-21 13:53:05,663 : INFO : SwitchController : <<<<<<< 's_trough1' inactive >>>>>>>
2025-09-21 13:53:05,666 : INFO : ball_device.bd_trough : State: ball_left
2025-09-21 13:53:05,668 : INFO : ball_device.bd_trough : Ball left
2025-09-21 13:53:05,668 : INFO : ball_device.bd_trough : Wait for confirm with timeout 3.0
2025-09-21 13:53:05,776 : INFO : SwitchController : <<<<<<< 's_plunger' active >>>>>>>
2025-09-21 13:53:05,776 : INFO : EventManager : Event: ======'machine_var_audits_switches_s_plunger'====== Args={'value': 501, 'prev_value': 500, 'change': 1}
2025-09-21 13:53:06,289 : INFO : ball_device.bd_plunger : Received ball from <ball_device.bd_trough>
2025-09-21 13:53:06,289 : INFO : EventManager : Event: ======'balldevice_bd_plunger_ball_enter'====== Args={'new_balls': 1, 'unclaimed_balls': 0, 'new_available_balls': 0, 'device': <ball_device.bd_plunger>}
2025-09-21 13:53:06,290 : INFO : EventManager : Event: ======'balldevice_bd_plunger_ball_entered'====== Args={'new_balls': 0, 'device': <ball_device.bd_plunger>}
2025-09-21 13:53:06,290 : INFO : EventManager : Event: ======'balldevice_bd_plunger_ball_count_changed'====== Args={'balls': 1}
2025-09-21 13:53:06,290 : INFO : ball_device.bd_trough : Got eject confirm
2025-09-21 13:53:06,290 : INFO : ball_device.bd_trough : Eject successful
2025-09-21 13:53:06,290 : INFO : EventManager : Event: ======'balldevice_bd_trough_ball_eject_success'====== Args={'balls': 1, 'target': <ball_device.bd_plunger>}
2025-09-21 13:53:06,290 : INFO : ball_device.bd_plunger : State: waiting_for_target_ready
2025-09-21 13:53:06,290 : INFO : EventManager : Event: ======'balldevice_bd_plunger_ball_eject_attempt'====== Args={'balls': 1, 'target': <playfield.playfield>, 'source': <ball_device.bd_plunger>, 'mechanical_eject': True, 'num_attempts': 0}
2025-09-21 13:53:06,291 : INFO : EventManager : Event: ======'balldevice_bd_trough_ball_count_changed'====== Args={'balls': 5}
2025-09-21 13:53:06,291 : INFO : ball_device.bd_trough : State: idle
2025-09-21 13:53:06,291 : INFO : ball_device.bd_plunger : State: ejecting
2025-09-21 13:53:06,291 : INFO : ball_device.bd_plunger : Ejecting ball to <playfield.playfield>
2025-09-21 13:53:06,291 : INFO : EventManager : Event: ======'balldevice_bd_plunger_ejecting_ball'====== Args={'balls': 1, 'target': <playfield.playfield>, 'source': <ball_device.bd_plunger>, 'mechanical_eject': True, 'num_attempts': 0}
2025-09-21 13:53:06,292 : INFO : ball_device.bd_plunger : Wait for ball to leave device
2025-09-21 13:53:25,028 : INFO : SwitchController : <<<<<<< 's_plunger' inactive >>>>>>>
2025-09-21 13:53:25,028 : INFO : EventManager : Event: ======'ball_out'====== Args={}
2025-09-21 13:53:25,028 : INFO : EventManager : Event: ======'ball_save_default_timer_start'====== Args={}
2025-09-21 13:53:25,031 : INFO : ball_device.bd_plunger : State: ball_left
2025-09-21 13:53:25,032 : INFO : ball_device.bd_plunger : Ball left
2025-09-21 13:53:25,032 : INFO : ball_device.bd_plunger : Wait for confirm with timeout 3.0
2025-09-21 13:53:26,893 : INFO : SwitchController : <<<<<<< 's_right_lower_pop' active >>>>>>>
2025-09-21 13:53:26,893 : INFO : EventManager : Event: ======'s_right_lower_pop_active'====== Args={}
2025-09-21 13:53:26,893 : INFO : EventManager : Event: ======'playfield_active'====== Args={'source': 'right_lower_pop'}
2025-09-21 13:53:26,893 : INFO : EventManager : Event: ======'machine_var_audits_switches_s_right_lower_pop'====== Args={'value': 294, 'prev_value': 293, 'change': 1}
2025-09-21 13:53:26,894 : INFO : EventManager : Event: ======'player_score'====== Args={'value': 1110, 'prev_value': 0, 'change': 1110, 'player_num': 1, 'source': 'base'}
2025-09-21 13:53:26,899 : INFO : ball_device.bd_plunger : Got eject confirm
2025-09-21 13:53:26,900 : INFO : ball_device.bd_plunger : Eject successful
2025-09-21 13:53:26,900 : INFO : EventManager : Event: ======'balldevice_bd_plunger_ball_eject_success'====== Args={'balls': 1, 'target': <playfield.playfield>}
2025-09-21 13:53:26,900 : INFO : EventManager : Event: ======'balldevice_playfield_ball_enter'====== Args={'new_balls': 1, 'unclaimed_balls': 1, 'device': <playfield.playfield>}
2025-09-21 13:53:26,900 : INFO : EventManager : Event: ======'playfield_ball_count_change'====== Args={'balls': 1, 'change': 1}
2025-09-21 13:53:26,900 : INFO : EventManager : Event: ======'balldevice_bd_plunger_ball_count_changed'====== Args={'balls': 0}
2025-09-21 13:53:26,900 : INFO : ball_device.bd_plunger : State: idle
2025-09-21 13:53:27,010 : INFO : SwitchController : <<<<<<< 's_right_lower_pop' inactive >>>>>>>
2025-09-21 13:53:27,591 : INFO : SwitchController : <<<<<<< 's_right_lower_pop' active >>>>>>>
2025-09-21 13:53:27,591 : INFO : EventManager : Event: ======'s_right_lower_pop_active'====== Args={}
2025-09-21 13:53:27,591 : INFO : EventManager : Event: ======'machine_var_audits_switches_s_right_lower_pop'====== Args={'value': 295, 'prev_value': 294, 'change': 1}
2025-09-21 13:53:27,592 : INFO : EventManager : Event: ======'player_score'====== Args={'value': 2220, 'prev_value': 1110, 'change': 1110, 'player_num': 1, 'source': 'base'}
2025-09-21 13:53:27,675 : INFO : SwitchController : <<<<<<< 's_right_lower_pop' inactive >>>>>>>
2025-09-21 13:53:27,993 : INFO : SwitchController : <<<<<<< 's_right_lower_pop' active >>>>>>>
2025-09-21 13:53:27,993 : INFO : EventManager : Event: ======'s_right_lower_pop_active'====== Args={}
2025-09-21 13:53:27,993 : INFO : EventManager : Event: ======'machine_var_audits_switches_s_right_lower_pop'====== Args={'value': 296, 'prev_value': 295, 'change': 1}
2025-09-21 13:53:27,994 : INFO : EventManager : Event: ======'player_score'====== Args={'value': 3330, 'prev_value': 2220, 'change': 1110, 'player_num': 1, 'source': 'base'}
2025-09-21 13:53:28,016 : INFO : EventManager : Event: ======'ball_save_default_hurry_up'====== Args={}
2025-09-21 13:53:28,090 : INFO : SwitchController : <<<<<<< 's_right_lower_pop' inactive >>>>>>>
2025-09-21 13:53:28,806 : INFO : SwitchController : <<<<<<< 's_three_bank_bottom' active >>>>>>>
2025-09-21 13:53:28,806 : INFO : EventManager : Event: ======'s_three_bank_bottom_active'====== Args={}
2025-09-21 13:53:28,806 : INFO : EventManager : Event: ======'drop_target_bottom_down'====== Args={'device': <drop_target.bottom>}
2025-09-21 13:53:28,806 : INFO : EventManager : Event: ======'drop_target_bank_three_bank_mixed'====== Args={'prev_value': <DropTargetBankState.UP: 'up'>, 'down': 1}
2025-09-21 13:53:28,806 : INFO : EventManager : Event: ======'machine_var_audits_switches_s_three_bank_bottom'====== Args={'value': 83, 'prev_value': 82, 'change': 1}
2025-09-21 13:53:28,808 : INFO : EventManager : Event: ======'player_score'====== Args={'value': 5550, 'prev_value': 3330, 'change': 2220, 'player_num': 1, 'source': 'base'}
2025-09-21 13:53:29,457 : INFO : SwitchController : <<<<<<< 's_three_bank_middle' active >>>>>>>
2025-09-21 13:53:29,457 : INFO : EventManager : Event: ======'s_three_bank_middle_active'====== Args={}
2025-09-21 13:53:29,457 : INFO : EventManager : Event: ======'drop_target_middle_down'====== Args={'device': <drop_target.middle>}
2025-09-21 13:53:29,457 : INFO : EventManager : Event: ======'drop_target_bank_three_bank_mixed'====== Args={'prev_value': <DropTargetBankState.MIXED: 'mixed'>, 'down': 2}
2025-09-21 13:53:29,458 : INFO : EventManager : Event: ======'machine_var_audits_switches_s_three_bank_middle'====== Args={'value': 81, 'prev_value': 80, 'change': 1}
2025-09-21 13:53:29,458 : INFO : EventManager : Event: ======'player_score'====== Args={'value': 7770, 'prev_value': 5550, 'change': 2220, 'player_num': 1, 'source': 'base'}
2025-09-21 13:53:30,036 : INFO : EventManager : Event: ======'ball_save_default_grace_period'====== Args={}
2025-09-21 13:53:31,057 : INFO : SwitchController : <<<<<<< 's_three_bank_standup' active >>>>>>>
2025-09-21 13:53:31,057 : INFO : EventManager : Event: ======'s_three_bank_standup_active'====== Args={}
2025-09-21 13:53:31,057 : INFO : EventManager : Event: ======'machine_var_audits_switches_s_three_bank_standup'====== Args={'value': 72, 'prev_value': 71, 'change': 1}
2025-09-21 13:53:31,058 : INFO : EventManager : Event: ======'player_score'====== Args={'value': 27780, 'prev_value': 7770, 'change': 20010, 'player_num': 1, 'source': 'base'}
2025-09-21 13:53:31,171 : INFO : SwitchController : <<<<<<< 's_three_bank_standup' inactive >>>>>>>
2025-09-21 13:53:31,671 : INFO : SwitchController : <<<<<<< 's_three_bank_standup' active >>>>>>>
2025-09-21 13:53:31,671 : INFO : EventManager : Event: ======'s_three_bank_standup_active'====== Args={}
2025-09-21 13:53:31,671 : INFO : EventManager : Event: ======'machine_var_audits_switches_s_three_bank_standup'====== Args={'value': 73, 'prev_value': 72, 'change': 1}
2025-09-21 13:53:31,672 : INFO : EventManager : Event: ======'player_score'====== Args={'value': 47790, 'prev_value': 27780, 'change': 20010, 'player_num': 1, 'source': 'base'}
2025-09-21 13:53:31,770 : INFO : SwitchController : <<<<<<< 's_three_bank_standup' inactive >>>>>>>
2025-09-21 13:53:32,022 : INFO : EventManager : Event: ======'ball_save_default_disabled'====== Args={}
2025-09-21 13:53:32,071 : INFO : SwitchController : <<<<<<< 's_three_bank_standup' active >>>>>>>
2025-09-21 13:53:32,071 : INFO : EventManager : Event: ======'s_three_bank_standup_active'====== Args={}
2025-09-21 13:53:32,071 : INFO : EventManager : Event: ======'machine_var_audits_switches_s_three_bank_standup'====== Args={'value': 74, 'prev_value': 73, 'change': 1}
2025-09-21 13:53:32,073 : INFO : EventManager : Event: ======'player_score'====== Args={'value': 67800, 'prev_value': 47790, 'change': 20010, 'player_num': 1, 'source': 'base'}
2025-09-21 13:53:32,172 : INFO : SwitchController : <<<<<<< 's_three_bank_standup' inactive >>>>>>>
2025-09-21 13:53:32,422 : INFO : SwitchController : <<<<<<< 's_three_bank_standup' active >>>>>>>
2025-09-21 13:53:32,422 : INFO : EventManager : Event: ======'s_three_bank_standup_active'====== Args={}
2025-09-21 13:53:32,422 : INFO : EventManager : Event: ======'machine_var_audits_switches_s_three_bank_standup'====== Args={'value': 75, 'prev_value': 74, 'change': 1}
2025-09-21 13:53:32,423 : INFO : EventManager : Event: ======'player_score'====== Args={'value': 87810, 'prev_value': 67800, 'change': 20010, 'player_num': 1, 'source': 'base'}
2025-09-21 13:53:32,537 : INFO : SwitchController : <<<<<<< 's_three_bank_standup' inactive >>>>>>>
2025-09-21 13:53:32,704 : INFO : SwitchController : <<<<<<< 's_three_bank_standup' active >>>>>>>
2025-09-21 13:53:32,704 : INFO : EventManager : Event: ======'s_three_bank_standup_active'====== Args={}
2025-09-21 13:53:32,704 : INFO : EventManager : Event: ======'machine_var_audits_switches_s_three_bank_standup'====== Args={'value': 76, 'prev_value': 75, 'change': 1}
2025-09-21 13:53:32,705 : INFO : EventManager : Event: ======'player_score'====== Args={'value': 107820, 'prev_value': 87810, 'change': 20010, 'player_num': 1, 'source': 'base'}
2025-09-21 13:53:32,804 : INFO : SwitchController : <<<<<<< 's_three_bank_standup' inactive >>>>>>>
2025-09-21 13:53:33,303 : INFO : SwitchController : <<<<<<< 's_three_bank_top' active >>>>>>>
2025-09-21 13:53:33,303 : INFO : EventManager : Event: ======'s_three_bank_top_active'====== Args={}
2025-09-21 13:53:33,304 : INFO : EventManager : Event: ======'drop_target_top_down'====== Args={'device': <drop_target.top>}
2025-09-21 13:53:33,304 : INFO : EventManager : Event: ======'drop_target_bank_three_bank_down'====== Args={}
2025-09-21 13:53:33,304 : INFO : EventManager : Event: ======'machine_var_audits_switches_s_three_bank_top'====== Args={'value': 76, 'prev_value': 75, 'change': 1}
2025-09-21 13:53:33,305 : INFO : EventManager : Event: ======'player_score'====== Args={'value': 110040, 'prev_value': 107820, 'change': 2220, 'player_num': 1, 'source': 'base'}
2025-09-21 13:53:33,812 : INFO : drop_target_bank.three_bank : 3 targets are down. Will reset those.
2025-09-21 13:53:33,812 : INFO : coil.c_three_bank : Pulsing Driver for 23ms (1.0 pulse_power)
2025-09-21 13:53:33,873 : INFO : SwitchController : <<<<<<< 's_three_bank_bottom' inactive (muted) >>>>>>>
2025-09-21 13:53:33,873 : INFO : SwitchController : <<<<<<< 's_three_bank_middle' inactive (muted) >>>>>>>
2025-09-21 13:53:33,873 : INFO : SwitchController : <<<<<<< 's_three_bank_top' inactive (muted) >>>>>>>
2025-09-21 13:53:34,327 : INFO : EventManager : Event: ======'drop_target_bottom_up'====== Args={'device': <drop_target.bottom>}
2025-09-21 13:53:34,327 : INFO : EventManager : Event: ======'drop_target_middle_up'====== Args={'device': <drop_target.middle>}
2025-09-21 13:53:34,327 : INFO : EventManager : Event: ======'drop_target_top_up'====== Args={'device': <drop_target.top>}
2025-09-21 13:53:34,328 : INFO : EventManager : Event: ======'drop_target_bank_three_bank_up'====== Args={}
2025-09-21 13:53:35,868 : INFO : SwitchController : <<<<<<< 's_three_bank_bottom' active >>>>>>>
2025-09-21 13:53:35,868 : INFO : EventManager : Event: ======'s_three_bank_bottom_active'====== Args={}
2025-09-21 13:53:35,868 : INFO : EventManager : Event: ======'drop_target_bottom_down'====== Args={'device': <drop_target.bottom>}
2025-09-21 13:53:35,868 : INFO : EventManager : Event: ======'drop_target_bank_three_bank_mixed'====== Args={'prev_value': <DropTargetBankState.UP: 'up'>, 'down': 1}
2025-09-21 13:53:35,868 : INFO : EventManager : Event: ======'machine_var_audits_switches_s_three_bank_bottom'====== Args={'value': 84, 'prev_value': 83, 'change': 1}
2025-09-21 13:53:35,870 : INFO : EventManager : Event: ======'player_score'====== Args={'value': 112260, 'prev_value': 110040, 'change': 2220, 'player_num': 1, 'source': 'base'}
2025-09-21 13:53:36,069 : INFO : SwitchController : <<<<<<< 's_three_bank_middle' active >>>>>>>
2025-09-21 13:53:36,069 : INFO : EventManager : Event: ======'s_three_bank_middle_active'====== Args={}
2025-09-21 13:53:36,069 : INFO : EventManager : Event: ======'drop_target_middle_down'====== Args={'device': <drop_target.middle>}
2025-09-21 13:53:36,069 : INFO : EventManager : Event: ======'drop_target_bank_three_bank_mixed'====== Args={'prev_value': <DropTargetBankState.MIXED: 'mixed'>, 'down': 2}
2025-09-21 13:53:36,069 : INFO : EventManager : Event: ======'machine_var_audits_switches_s_three_bank_middle'====== Args={'value': 82, 'prev_value': 81, 'change': 1}
2025-09-21 13:53:36,070 : INFO : EventManager : Event: ======'player_score'====== Args={'value': 114480, 'prev_value': 112260, 'change': 2220, 'player_num': 1, 'source': 'base'}
2025-09-21 13:53:36,401 : INFO : SwitchController : <<<<<<< 's_three_bank_top' active >>>>>>>
2025-09-21 13:53:36,401 : INFO : EventManager : Event: ======'s_three_bank_top_active'====== Args={}
2025-09-21 13:53:36,402 : INFO : EventManager : Event: ======'drop_target_top_down'====== Args={'device': <drop_target.top>}
2025-09-21 13:53:36,402 : INFO : EventManager : Event: ======'drop_target_bank_three_bank_down'====== Args={}
2025-09-21 13:53:36,402 : INFO : EventManager : Event: ======'machine_var_audits_switches_s_three_bank_top'====== Args={'value': 77, 'prev_value': 76, 'change': 1}
2025-09-21 13:53:36,403 : INFO : EventManager : Event: ======'player_score'====== Args={'value': 116700, 'prev_value': 114480, 'change': 2220, 'player_num': 1, 'source': 'base'}
2025-09-21 13:53:36,902 : INFO : drop_target_bank.three_bank : 3 targets are down. Will reset those.
2025-09-21 13:53:36,902 : INFO : coil.c_three_bank : Pulsing Driver for 23ms (1.0 pulse_power)
2025-09-21 13:53:36,956 : INFO : SwitchController : <<<<<<< 's_three_bank_bottom' inactive (muted) >>>>>>>
2025-09-21 13:53:36,956 : INFO : SwitchController : <<<<<<< 's_three_bank_middle' inactive (muted) >>>>>>>
2025-09-21 13:53:36,957 : INFO : SwitchController : <<<<<<< 's_three_bank_top' inactive (muted) >>>>>>>
2025-09-21 13:53:37,405 : INFO : EventManager : Event: ======'drop_target_bottom_up'====== Args={'device': <drop_target.bottom>}
2025-09-21 13:53:37,405 : INFO : EventManager : Event: ======'drop_target_middle_up'====== Args={'device': <drop_target.middle>}
2025-09-21 13:53:37,405 : INFO : EventManager : Event: ======'drop_target_top_up'====== Args={'device': <drop_target.top>}
2025-09-21 13:53:37,406 : INFO : EventManager : Event: ======'drop_target_bank_three_bank_up'====== Args={}
2025-09-21 13:53:42,958 : INFO : Machine : Shutting down...
2025-09-21 13:53:42,958 : INFO : EventManager : Event: ======'shutdown'====== Args={}
2025-09-21 13:53:42,961 : INFO : EventManager : Event: ======'mode_game_will_stop'====== Args={}
2025-09-21 13:53:42,961 : INFO : EventManager : Event: ======'mode_game_stopping'====== Args={}
2025-09-21 13:53:42,963 : INFO : EventManager : Event: ======'mode_base_will_stop'====== Args={}
2025-09-21 13:53:42,963 : INFO : EventManager : Event: ======'mode_base_stopping'====== Args={}
2025-09-21 13:53:42,964 : INFO : Mode.base : Stopped.
2025-09-21 13:53:42,964 : INFO : EventManager : Event: ======'modes_active_modes_changed'====== Args={}
2025-09-21 13:53:42,964 : INFO : EventManager : Event: ======'mode_base_stopped'====== Args={}
2025-09-21 13:53:42,964 : INFO : EventManager : Event: ======'clear'====== Args={'key': 'base'}
2025-09-21 13:53:42,965 : INFO : Mode.game : Stopped.
2025-09-21 13:53:42,965 : INFO : EventManager : Event: ======'modes_active_modes_changed'====== Args={}
2025-09-21 13:53:42,965 : INFO : EventManager : Event: ======'mode_game_stopped'====== Args={}
2025-09-21 13:53:42,965 : INFO : EventManager : Event: ======'clear'====== Args={'key': 'game'}
2025-09-21 13:53:42,969 : INFO : root : MPF run loop ended.
