2025-10-11 16:16:26,687 : INFO : root : Loading config.
2025-10-11 16:16:26,691 : INFO : YamlMultifileConfigLoader : Machine config file #1: config.yaml
2025-10-11 16:16:26,691 : WARNING : ConfigProcessor : Config file in cache changed: C:\venv\mpf\mmmdrop\config\config.yaml
2025-10-11 16:16:26,692 : INFO : ConfigProcessor : Loading config from file c:\venv\mpf\lib\site-packages\mpf\mpfconfig.yaml.
2025-10-11 16:16:26,700 : INFO : ConfigProcessor : Loading config: c:\venv\mpf\lib\site-packages\mpf\mpfconfig.yaml
2025-10-11 16:16:26,701 : INFO : ConfigProcessor : Loading config from file C:\venv\mpf\mmmdrop\config\config.yaml.
2025-10-11 16:16:26,704 : INFO : ConfigProcessor : Loading config: C:\venv\mpf\mmmdrop\config\config.yaml
2025-10-11 16:16:26,706 : INFO : ConfigProcessor : Loading config: C:\venv\mpf\mmmdrop\config\coils.yaml
2025-10-11 16:16:26,709 : INFO : ConfigProcessor : Loading config: C:\venv\mpf\mmmdrop\config\switches.yaml
2025-10-11 16:16:26,713 : INFO : ConfigProcessor : Loading config: C:\venv\mpf\mmmdrop\config\lights.yaml
2025-10-11 16:16:26,715 : INFO : ConfigProcessor : Config file cache created: C:\Users\sdona\AppData\Local\Temp\19f6d0d7953982fda9d956182316b8e5.mpf_cache
2025-10-11 16:16:26,816 : INFO : ConfigProcessor : Loading config from cache: C:\Users\sdona\AppData\Local\Temp\835b5bfea4be8b279a05e96caaaffbbb.mpf_cache
2025-10-11 16:16:26,817 : INFO : ConfigProcessor : Loading config from cache: C:\Users\sdona\AppData\Local\Temp\9b0a7575388f9d9bd2f6ab87bf9fd2f7.mpf_cache
2025-10-11 16:16:26,817 : INFO : ConfigProcessor : Loading config from cache: C:\Users\sdona\AppData\Local\Temp\c340ec0033d1055cd797ffd5447ef414.mpf_cache
2025-10-11 16:16:26,833 : INFO : ConfigProcessor : Loading config from cache: C:\Users\sdona\AppData\Local\Temp\835b5bfea4be8b279a05e96caaaffbbb.mpf_cache
2025-10-11 16:16:26,833 : INFO : ConfigProcessor : Loading config from cache: C:\Users\sdona\AppData\Local\Temp\8c11a28e3c38d4ad47947b6a126f2ee9.mpf_cache
2025-10-11 16:16:26,834 : INFO : ConfigProcessor : Loading config from cache: C:\Users\sdona\AppData\Local\Temp\e391083cdc9e667060411fe5838e93f2.mpf_cache
2025-10-11 16:16:26,835 : INFO : ConfigProcessor : Loading config from cache: C:\Users\sdona\AppData\Local\Temp\f0c219a993d891ee86dcb7eae47dde67.mpf_cache
2025-10-11 16:16:26,836 : INFO : ConfigProcessor : Loading config from cache: C:\Users\sdona\AppData\Local\Temp\96aa58108928490b129531848cd9b506.mpf_cache
2025-10-11 16:16:26,836 : INFO : ConfigProcessor : Loading config from cache: C:\Users\sdona\AppData\Local\Temp\567636b9d9766e3361204e954a8382da.mpf_cache
2025-10-11 16:16:26,837 : INFO : ConfigProcessor : Loading config from cache: C:\Users\sdona\AppData\Local\Temp\d5ead8dff868c6c4b1faf37537a19bc2.mpf_cache
2025-10-11 16:16:26,838 : INFO : ConfigProcessor : Loading config from cache: C:\Users\sdona\AppData\Local\Temp\112f935d1c2002cb40d3e6e497be9e7c.mpf_cache
2025-10-11 16:16:26,838 : INFO : Machine : Mission Pinball Framework Core Engine v0.80.0.dev9
2025-10-11 16:16:26,840 : INFO : Machine : Command line arguments: {'no_load_cache': False, 'create_config_cache': True, 'bcp': True, 'configfile': ['config.yaml'], 'force_assets_load': False, 'platform_integration_test': False, 'jsonlogging': False, 'logfile': 'logs\\2025-10-11-16-16-26-mpf-PinballLaptop.log', 'pause': False, 'production': False, 'text_ui': True, 'loglevel': 15, 'consoleloglevel': 20, 'force_platform': 'smart_virtual', 'syslog_address': None, 'full_logfile_path': 'C:\\venv\\mpf\\mmmdrop\\logs\\2025-10-11-16-16-26-mpf-PinballLaptop.log'}
2025-10-11 16:16:26,840 : INFO : Machine : MPF path: c:\venv\mpf\lib\site-packages\mpf
2025-10-11 16:16:26,840 : INFO : Machine : Machine path: C:\venv\mpf\mmmdrop
2025-10-11 16:16:26,840 : INFO : Machine : Platform: win32
2025-10-11 16:16:26,840 : INFO : Machine : Python executable location: c:\venv\mpf\Scripts\python.exe
2025-10-11 16:16:26,840 : INFO : Machine : Python version: 3.9.13 (64-bit)
2025-10-11 16:16:26,842 : INFO : Machine : Initializing MPF...
2025-10-11 16:16:27,042 : INFO : EventManager : Event: ======'machine_var_credits_string'====== Args={'value': 'FREE PLAY', 'prev_value': None, 'change': True}
2025-10-11 16:16:27,067 : INFO : EventManager : Event: ======'machine_var_fast_audio_headphones_volume'====== Args={'value': 10, 'prev_value': None, 'change': True}
2025-10-11 16:16:27,067 : INFO : EventManager : Event: ======'machine_var_fast_audio_main_volume'====== Args={'value': 44, 'prev_value': None, 'change': True}
2025-10-11 16:16:27,067 : INFO : EventManager : Event: ======'machine_var_master_volume'====== Args={'value': 0.5, 'prev_value': None, 'change': True}
2025-10-11 16:16:27,067 : INFO : EventManager : Event: ======'machine_var_player1_score'====== Args={'value': 6019980, 'prev_value': None, 'change': True}
2025-10-11 16:16:27,067 : INFO : EventManager : Event: ======'machine_var_game_just_played'====== Args={'value': 0, 'prev_value': None, 'change': True}
2025-10-11 16:16:27,067 : INFO : EventManager : Event: ======'machine_var_mpf_version'====== Args={'value': 'Mission Pinball Framework v0.80.0.dev9', 'prev_value': None, 'change': True}
2025-10-11 16:16:27,067 : INFO : EventManager : Event: ======'machine_var_mpf_extended_version'====== Args={'value': 'Mission Pinball Framework v0.80.0.dev9, Config version:6, Show version: 6, BCP version:1.1', 'prev_value': None, 'change': True}
2025-10-11 16:16:27,067 : INFO : EventManager : Event: ======'machine_var_python_version'====== Args={'value': '3.9.13', 'prev_value': None, 'change': True}
2025-10-11 16:16:27,097 : INFO : EventManager : Event: ======'machine_var_platform'====== Args={'value': 'Windows-10-10.0.26100-SP0', 'prev_value': None, 'change': True}
2025-10-11 16:16:27,097 : INFO : EventManager : Event: ======'machine_var_platform_system'====== Args={'value': 'Windows', 'prev_value': None, 'change': True}
2025-10-11 16:16:27,097 : INFO : EventManager : Event: ======'machine_var_platform_release'====== Args={'value': '10', 'prev_value': None, 'change': True}
2025-10-11 16:16:27,097 : INFO : EventManager : Event: ======'machine_var_platform_version'====== Args={'value': '10.0.26100', 'prev_value': None, 'change': True}
2025-10-11 16:16:27,097 : INFO : EventManager : Event: ======'machine_var_platform_machine'====== Args={'value': 'AMD64', 'prev_value': None, 'change': True}
2025-10-11 16:16:27,097 : INFO : EventManager : Event: ======'machine_var_log_file_path'====== Args={'value': 'C:\\venv\\mpf\\mmmdrop\\logs\\2025-10-11-16-16-26-mpf-PinballLaptop.log', 'prev_value': None, 'change': True}
2025-10-11 16:16:27,097 : INFO : EventManager : Event: ======'init_phase_1'====== Args={}
2025-10-11 16:16:27,136 : INFO : EventManager : Event: ======'drop_target_bank_three_bank_up'====== Args={}
2025-10-11 16:16:27,137 : INFO : EventManager : Event: ======'init_phase_2'====== Args={}
2025-10-11 16:16:27,137 : INFO : SwitchController : Found active switch: ('3208-0', <Platform.SmartVirtual>) <switch.s_trough1>
2025-10-11 16:16:27,137 : INFO : SwitchController : Found active switch: ('3208-1', <Platform.SmartVirtual>) <switch.s_trough2>
2025-10-11 16:16:27,137 : INFO : SwitchController : Found active switch: ('3208-2', <Platform.SmartVirtual>) <switch.s_trough3>
2025-10-11 16:16:27,137 : INFO : SwitchController : Found active switch: ('3208-3', <Platform.SmartVirtual>) <switch.s_trough4>
2025-10-11 16:16:27,137 : INFO : SwitchController : Found active switch: ('3208-4', <Platform.SmartVirtual>) <switch.s_trough5>
2025-10-11 16:16:27,137 : INFO : SwitchController : Found active switch: ('3208-5', <Platform.SmartVirtual>) <switch.s_trough6>
2025-10-11 16:16:27,145 : INFO : EventManager : Event: ======'bcp_connection_attempt'====== Args={'name': 'local_display', 'host': 'localhost', 'port': 5050}
2025-10-11 16:16:27,147 : INFO : BCPClientSocket : Connecting BCP to 'local_display' at localhost:5050...
2025-10-11 16:16:31,228 : INFO : BCPClientSocket : Connected BCP to 'local_display' localhost:5050
2025-10-11 16:16:31,229 : INFO : EventManager : Event: ======'bcp_clients_connected'====== Args={}
2025-10-11 16:16:31,394 : INFO : ball_device.bd_trough : BCH: Initial count: 6
2025-10-11 16:16:31,394 : INFO : ball_device.bd_trough : State: idle
2025-10-11 16:16:31,395 : INFO : ball_device.bd_plunger : BCH: Initial count: 0
2025-10-11 16:16:31,395 : INFO : ball_device.bd_plunger : State: idle
2025-10-11 16:16:31,396 : INFO : ball_device.bd_scoop : BCH: Initial count: 0
2025-10-11 16:16:31,396 : INFO : ball_device.bd_scoop : State: idle
2025-10-11 16:16:31,414 : INFO : EventManager : Event: ======'init_phase_3'====== Args={}
2025-10-11 16:16:31,418 : INFO : EventManager : Event: ======'init_phase_4'====== Args={}
2025-10-11 16:16:31,418 : INFO : BallController : Initial balls found: 6
2025-10-11 16:16:31,420 : INFO : EventManager : Event: ======'machine_var_audits_events_game_ended'====== Args={'value': 41, 'prev_value': None, 'change': True}
2025-10-11 16:16:31,420 : INFO : EventManager : Event: ======'machine_var_audits_events_game_started'====== Args={'value': 373, 'prev_value': None, 'change': True}
2025-10-11 16:16:31,420 : INFO : EventManager : Event: ======'machine_var_audits_missing_switches_s_captive_ball'====== Args={'value': 6, 'prev_value': None, 'change': True}
2025-10-11 16:16:31,421 : INFO : EventManager : Event: ======'machine_var_audits_missing_switches_s_center_upper_pop'====== Args={'value': 9, 'prev_value': None, 'change': True}
2025-10-11 16:16:31,421 : INFO : EventManager : Event: ======'machine_var_audits_missing_switches_s_inner_orbit'====== Args={'value': 29, 'prev_value': None, 'change': True}
2025-10-11 16:16:31,421 : INFO : EventManager : Event: ======'machine_var_audits_missing_switches_s_left_flipper'====== Args={'value': 83, 'prev_value': None, 'change': True}
2025-10-11 16:16:31,421 : INFO : EventManager : Event: ======'machine_var_audits_missing_switches_s_left_inlane'====== Args={'value': 29, 'prev_value': None, 'change': True}
2025-10-11 16:16:31,421 : INFO : EventManager : Event: ======'machine_var_audits_missing_switches_s_left_orbit'====== Args={'value': 6, 'prev_value': None, 'change': True}
2025-10-11 16:16:31,421 : INFO : EventManager : Event: ======'machine_var_audits_missing_switches_s_left_outlane'====== Args={'value': 117, 'prev_value': None, 'change': True}
2025-10-11 16:16:31,421 : INFO : EventManager : Event: ======'machine_var_audits_missing_switches_s_left_ramp'====== Args={'value': 6, 'prev_value': None, 'change': True}
2025-10-11 16:16:31,421 : INFO : EventManager : Event: ======'machine_var_audits_missing_switches_s_left_slingshot'====== Args={'value': 299, 'prev_value': None, 'change': True}
2025-10-11 16:16:31,421 : INFO : EventManager : Event: ======'machine_var_audits_missing_switches_s_left_upper_pop'====== Args={'value': 9, 'prev_value': None, 'change': True}
2025-10-11 16:16:31,422 : INFO : EventManager : Event: ======'machine_var_audits_missing_switches_s_pop_standup'====== Args={'value': 26, 'prev_value': None, 'change': True}
2025-10-11 16:16:31,422 : INFO : EventManager : Event: ======'machine_var_audits_missing_switches_s_right_flipper'====== Args={'value': 83, 'prev_value': None, 'change': True}
2025-10-11 16:16:31,422 : INFO : EventManager : Event: ======'machine_var_audits_missing_switches_s_right_inlane'====== Args={'value': 29, 'prev_value': None, 'change': True}
2025-10-11 16:16:31,422 : INFO : EventManager : Event: ======'machine_var_audits_missing_switches_s_right_lower_pop'====== Args={'value': 6, 'prev_value': None, 'change': True}
2025-10-11 16:16:31,422 : INFO : EventManager : Event: ======'machine_var_audits_missing_switches_s_right_orbit'====== Args={'value': 6, 'prev_value': None, 'change': True}
2025-10-11 16:16:31,422 : INFO : EventManager : Event: ======'machine_var_audits_missing_switches_s_right_outlane'====== Args={'value': 184, 'prev_value': None, 'change': True}
2025-10-11 16:16:31,422 : INFO : EventManager : Event: ======'machine_var_audits_missing_switches_s_right_ramp'====== Args={'value': 6, 'prev_value': None, 'change': True}
2025-10-11 16:16:31,422 : INFO : EventManager : Event: ======'machine_var_audits_missing_switches_s_right_slingshot'====== Args={'value': 149, 'prev_value': None, 'change': True}
2025-10-11 16:16:31,422 : INFO : EventManager : Event: ======'machine_var_audits_missing_switches_s_scoop'====== Args={'value': 4, 'prev_value': None, 'change': True}
2025-10-11 16:16:31,423 : INFO : EventManager : Event: ======'machine_var_audits_missing_switches_s_service_down'====== Args={'value': 18, 'prev_value': None, 'change': True}
2025-10-11 16:16:31,423 : INFO : EventManager : Event: ======'machine_var_audits_missing_switches_s_service_enter'====== Args={'value': 18, 'prev_value': None, 'change': True}
2025-10-11 16:16:31,423 : INFO : EventManager : Event: ======'machine_var_audits_missing_switches_s_service_esc'====== Args={'value': 18, 'prev_value': None, 'change': True}
2025-10-11 16:16:31,423 : INFO : EventManager : Event: ======'machine_var_audits_missing_switches_s_service_up'====== Args={'value': 18, 'prev_value': None, 'change': True}
2025-10-11 16:16:31,423 : INFO : EventManager : Event: ======'machine_var_audits_missing_switches_s_spinner'====== Args={'value': 6, 'prev_value': None, 'change': True}
2025-10-11 16:16:31,423 : INFO : EventManager : Event: ======'machine_var_audits_missing_switches_s_start'====== Args={'value': 3, 'prev_value': None, 'change': True}
2025-10-11 16:16:31,423 : INFO : EventManager : Event: ======'machine_var_audits_missing_switches_s_three_bank_standup'====== Args={'value': 6, 'prev_value': None, 'change': True}
2025-10-11 16:16:31,423 : INFO : EventManager : Event: ======'machine_var_audits_missing_switches_s_tilt_bob'====== Args={'value': 307, 'prev_value': None, 'change': True}
2025-10-11 16:16:31,424 : INFO : EventManager : Event: ======'machine_var_audits_missing_switches_s_top_right_flipper'====== Args={'value': 299, 'prev_value': None, 'change': True}
2025-10-11 16:16:31,424 : INFO : EventManager : Event: ======'machine_var_audits_missing_switches_s_trough2'====== Args={'value': 6, 'prev_value': None, 'change': True}
2025-10-11 16:16:31,424 : INFO : EventManager : Event: ======'machine_var_audits_missing_switches_s_trough3'====== Args={'value': 6, 'prev_value': None, 'change': True}
2025-10-11 16:16:31,424 : INFO : EventManager : Event: ======'machine_var_audits_missing_switches_s_trough4'====== Args={'value': 298, 'prev_value': None, 'change': True}
2025-10-11 16:16:31,424 : INFO : EventManager : Event: ======'machine_var_audits_missing_switches_s_trough5'====== Args={'value': 298, 'prev_value': None, 'change': True}
2025-10-11 16:16:31,424 : INFO : EventManager : Event: ======'machine_var_audits_missing_switches_s_trough6'====== Args={'value': 148, 'prev_value': None, 'change': True}
2025-10-11 16:16:31,424 : INFO : EventManager : Event: ======'machine_var_audits_missing_switches_s_trough_jam'====== Args={'value': 299, 'prev_value': None, 'change': True}
2025-10-11 16:16:31,424 : INFO : EventManager : Event: ======'machine_var_audits_missing_switches_s_tshirt_bottom_standup'====== Args={'value': 145, 'prev_value': None, 'change': True}
2025-10-11 16:16:31,424 : INFO : EventManager : Event: ======'machine_var_audits_missing_switches_s_tshirt_top_standup'====== Args={'value': 124, 'prev_value': None, 'change': True}
2025-10-11 16:16:31,425 : INFO : EventManager : Event: ======'machine_var_audits_missing_switches_s_upper_pop_standup'====== Args={'value': 299, 'prev_value': None, 'change': True}
2025-10-11 16:16:31,425 : INFO : EventManager : Event: ======'machine_var_audits_missing_switches_service_esc'====== Args={'value': 1, 'prev_value': None, 'change': True}
2025-10-11 16:16:31,425 : INFO : EventManager : Event: ======'machine_var_audits_player_score'====== Args={'value': {'average': 3786297, 'top': [142237180, 6022290, 6019980, 2075720, 2049050, 140190, 55679, 54526, 46225, 25350], 'total': 42}, 'prev_value': None, 'change': True}
2025-10-11 16:16:31,425 : INFO : EventManager : Event: ======'machine_var_audits_shots_skill_captive'====== Args={'value': 16, 'prev_value': None, 'change': True}
2025-10-11 16:16:31,425 : INFO : EventManager : Event: ======'machine_var_audits_shots_skill_drop_targets'====== Args={'value': 160, 'prev_value': None, 'change': True}
2025-10-11 16:16:31,425 : INFO : EventManager : Event: ======'machine_var_audits_shots_skill_side_targets'====== Args={'value': 27, 'prev_value': None, 'change': True}
2025-10-11 16:16:31,425 : INFO : EventManager : Event: ======'machine_var_audits_switches_s_captive_ball'====== Args={'value': 185, 'prev_value': None, 'change': True}
2025-10-11 16:16:31,425 : INFO : EventManager : Event: ======'machine_var_audits_switches_s_center_upper_pop'====== Args={'value': 214, 'prev_value': None, 'change': True}
2025-10-11 16:16:31,426 : INFO : EventManager : Event: ======'machine_var_audits_switches_s_inner_orbit'====== Args={'value': 1, 'prev_value': None, 'change': True}
2025-10-11 16:16:31,426 : INFO : EventManager : Event: ======'machine_var_audits_switches_s_left_flipper'====== Args={'value': 1247, 'prev_value': None, 'change': True}
2025-10-11 16:16:31,426 : INFO : EventManager : Event: ======'machine_var_audits_switches_s_left_inlane'====== Args={'value': 111, 'prev_value': None, 'change': True}
2025-10-11 16:16:31,426 : INFO : EventManager : Event: ======'machine_var_audits_switches_s_left_orbit'====== Args={'value': 57, 'prev_value': None, 'change': True}
2025-10-11 16:16:31,426 : INFO : EventManager : Event: ======'machine_var_audits_switches_s_left_outlane'====== Args={'value': 56, 'prev_value': None, 'change': True}
2025-10-11 16:16:31,426 : INFO : EventManager : Event: ======'machine_var_audits_switches_s_left_ramp'====== Args={'value': 121, 'prev_value': None, 'change': True}
2025-10-11 16:16:31,426 : INFO : EventManager : Event: ======'machine_var_audits_switches_s_left_slingshot'====== Args={'value': 259, 'prev_value': None, 'change': True}
2025-10-11 16:16:31,426 : INFO : EventManager : Event: ======'machine_var_audits_switches_s_left_upper_pop'====== Args={'value': 158, 'prev_value': None, 'change': True}
2025-10-11 16:16:31,426 : INFO : EventManager : Event: ======'machine_var_audits_switches_s_plunger'====== Args={'value': 994, 'prev_value': None, 'change': True}
2025-10-11 16:16:31,427 : INFO : EventManager : Event: ======'machine_var_audits_switches_s_pop_standup'====== Args={'value': 94, 'prev_value': None, 'change': True}
2025-10-11 16:16:31,427 : INFO : EventManager : Event: ======'machine_var_audits_switches_s_right_flipper'====== Args={'value': 1521, 'prev_value': None, 'change': True}
2025-10-11 16:16:31,427 : INFO : EventManager : Event: ======'machine_var_audits_switches_s_right_inlane'====== Args={'value': 107, 'prev_value': None, 'change': True}
2025-10-11 16:16:31,427 : INFO : EventManager : Event: ======'machine_var_audits_switches_s_right_lower_pop'====== Args={'value': 596, 'prev_value': None, 'change': True}
2025-10-11 16:16:31,427 : INFO : EventManager : Event: ======'machine_var_audits_switches_s_right_orbit'====== Args={'value': 59, 'prev_value': None, 'change': True}
2025-10-11 16:16:31,427 : INFO : EventManager : Event: ======'machine_var_audits_switches_s_right_outlane'====== Args={'value': 53, 'prev_value': None, 'change': True}
2025-10-11 16:16:31,427 : INFO : EventManager : Event: ======'machine_var_audits_switches_s_right_ramp'====== Args={'value': 120, 'prev_value': None, 'change': True}
2025-10-11 16:16:31,427 : INFO : EventManager : Event: ======'machine_var_audits_switches_s_right_slingshot'====== Args={'value': 366, 'prev_value': None, 'change': True}
2025-10-11 16:16:31,427 : INFO : EventManager : Event: ======'machine_var_audits_switches_s_scoop'====== Args={'value': 292, 'prev_value': None, 'change': True}
2025-10-11 16:16:31,427 : INFO : EventManager : Event: ======'machine_var_audits_switches_s_service_down'====== Args={'value': 0, 'prev_value': None, 'change': True}
2025-10-11 16:16:31,427 : INFO : EventManager : Event: ======'machine_var_audits_switches_s_service_enter'====== Args={'value': 0, 'prev_value': None, 'change': True}
2025-10-11 16:16:31,429 : INFO : EventManager : Event: ======'machine_var_audits_switches_s_service_esc'====== Args={'value': 0, 'prev_value': None, 'change': True}
2025-10-11 16:16:31,430 : INFO : EventManager : Event: ======'machine_var_audits_switches_s_service_up'====== Args={'value': 0, 'prev_value': None, 'change': True}
2025-10-11 16:16:31,430 : INFO : EventManager : Event: ======'machine_var_audits_switches_s_spinner'====== Args={'value': 1921, 'prev_value': None, 'change': True}
2025-10-11 16:16:31,430 : INFO : EventManager : Event: ======'machine_var_audits_switches_s_start'====== Args={'value': 57, 'prev_value': None, 'change': True}
2025-10-11 16:16:31,430 : INFO : EventManager : Event: ======'machine_var_audits_switches_s_three_bank_bottom'====== Args={'value': 403, 'prev_value': None, 'change': True}
2025-10-11 16:16:31,430 : INFO : EventManager : Event: ======'machine_var_audits_switches_s_three_bank_middle'====== Args={'value': 447, 'prev_value': None, 'change': True}
2025-10-11 16:16:31,430 : INFO : EventManager : Event: ======'machine_var_audits_switches_s_three_bank_standup'====== Args={'value': 223, 'prev_value': None, 'change': True}
2025-10-11 16:16:31,430 : INFO : EventManager : Event: ======'machine_var_audits_switches_s_three_bank_top'====== Args={'value': 441, 'prev_value': None, 'change': True}
2025-10-11 16:16:31,431 : INFO : EventManager : Event: ======'machine_var_audits_switches_s_tilt_bob'====== Args={'value': 21, 'prev_value': None, 'change': True}
2025-10-11 16:16:31,431 : INFO : EventManager : Event: ======'machine_var_audits_switches_s_top_right_flipper'====== Args={'value': 1294, 'prev_value': None, 'change': True}
2025-10-11 16:16:31,431 : INFO : EventManager : Event: ======'machine_var_audits_switches_s_trough1'====== Args={'value': 282, 'prev_value': None, 'change': True}
2025-10-11 16:16:31,431 : INFO : EventManager : Event: ======'machine_var_audits_switches_s_trough2'====== Args={'value': 291, 'prev_value': None, 'change': True}
2025-10-11 16:16:31,431 : INFO : EventManager : Event: ======'machine_var_audits_switches_s_trough3'====== Args={'value': 220, 'prev_value': None, 'change': True}
2025-10-11 16:16:31,431 : INFO : EventManager : Event: ======'machine_var_audits_switches_s_trough4'====== Args={'value': 160, 'prev_value': None, 'change': True}
2025-10-11 16:16:31,431 : INFO : EventManager : Event: ======'machine_var_audits_switches_s_trough5'====== Args={'value': 160, 'prev_value': None, 'change': True}
2025-10-11 16:16:31,432 : INFO : EventManager : Event: ======'machine_var_audits_switches_s_trough6'====== Args={'value': 161, 'prev_value': None, 'change': True}
2025-10-11 16:16:31,432 : INFO : EventManager : Event: ======'machine_var_audits_switches_s_trough_jam'====== Args={'value': 206, 'prev_value': None, 'change': True}
2025-10-11 16:16:31,432 : INFO : EventManager : Event: ======'machine_var_audits_switches_s_tshirt_bottom_standup'====== Args={'value': 31, 'prev_value': None, 'change': True}
2025-10-11 16:16:31,432 : INFO : EventManager : Event: ======'machine_var_audits_switches_s_tshirt_top_standup'====== Args={'value': 58, 'prev_value': None, 'change': True}
2025-10-11 16:16:31,432 : INFO : EventManager : Event: ======'machine_var_audits_switches_s_upper_pop_standup'====== Args={'value': 158, 'prev_value': None, 'change': True}
2025-10-11 16:16:31,432 : INFO : EventManager : Event: ======'machine_var_audits_switches_service_down'====== Args={'value': 1, 'prev_value': None, 'change': True}
2025-10-11 16:16:31,432 : INFO : EventManager : Event: ======'machine_var_audits_switches_service_enter'====== Args={'value': 2, 'prev_value': None, 'change': True}
2025-10-11 16:16:31,432 : INFO : EventManager : Event: ======'machine_var_audits_switches_service_esc'====== Args={'value': 0, 'prev_value': None, 'change': True}
2025-10-11 16:16:31,433 : INFO : EventManager : Event: ======'machine_var_audits_switches_service_up'====== Args={'value': 2, 'prev_value': None, 'change': True}
2025-10-11 16:16:31,433 : INFO : EventManager : Event: ======'init_phase_5'====== Args={}
2025-10-11 16:16:31,502 : INFO : EventManager : Event: ======'init_done'====== Args={}
2025-10-11 16:16:31,503 : INFO : EventManager : Event: ======'machine_reset_phase_1'====== Args={}
2025-10-11 16:16:31,512 : INFO : EventManager : Event: ======'machine_reset_phase_2'====== Args={}
2025-10-11 16:16:31,513 : INFO : EventManager : Event: ======'machine_reset_phase_3'====== Args={}
2025-10-11 16:16:31,513 : INFO : drop_target_bank.three_bank : All targets are already up. Will not reset bank.
2025-10-11 16:16:31,513 : INFO : EventManager : Event: ======'reset_complete'====== Args={}
2025-10-11 16:16:31,513 : INFO : EventManager : Event: ======'mode_service_will_start'====== Args={}
2025-10-11 16:16:31,515 : INFO : EventManager : Event: ======'mode_service_starting'====== Args={}
2025-10-11 16:16:31,515 : INFO : EventManager : Event: ======'mode_attract_will_start'====== Args={}
2025-10-11 16:16:31,516 : INFO : Timer.attract_carousel_timer : Starting Timer.
2025-10-11 16:16:31,516 : INFO : EventManager : Event: ======'timer_attract_carousel_timer_started'====== Args={'ticks': 0, 'ticks_remaining': 1}
2025-10-11 16:16:31,516 : INFO : EventManager : Event: ======'timer_attract_carousel_timer_tick'====== Args={'ticks': 0, 'ticks_remaining': 1}
2025-10-11 16:16:31,516 : INFO : Timer.attract_intro_timer : Starting Timer.
2025-10-11 16:16:31,516 : INFO : EventManager : Event: ======'timer_attract_intro_timer_started'====== Args={'ticks': 0, 'ticks_remaining': 16}
2025-10-11 16:16:31,516 : INFO : EventManager : Event: ======'timer_attract_intro_timer_tick'====== Args={'ticks': 0, 'ticks_remaining': 16}
2025-10-11 16:16:31,517 : INFO : EventManager : Event: ======'mode_attract_starting'====== Args={}
2025-10-11 16:16:31,518 : INFO : Mode.attract : Started. Priority: 10
2025-10-11 16:16:31,518 : INFO : EventManager : Event: ======'modes_active_modes_changed'====== Args={}
2025-10-11 16:16:31,518 : INFO : EventManager : Event: ======'mode_attract_started'====== Args={}
2025-10-11 16:16:31,518 : INFO : EventManager : Event: ======'timer_attract_intro_timer_tick'====== Args={'ticks': 0, 'ticks_remaining': 16}
2025-10-11 16:16:31,519 : INFO : EventManager : Event: ======'collecting_balls_complete'====== Args={}
2025-10-11 16:16:31,519 : INFO : EventManager : Event: ======'item_highlighted'====== Args={'carousel': 'attract', 'direction': None, 'item': 'mpf_logo'}
2025-10-11 16:16:31,519 : INFO : EventManager : Event: ======'timer_attract_carousel_timer_tick'====== Args={'ticks': 0, 'ticks_remaining': 1}
2025-10-11 16:16:31,520 : INFO : Mode.service : Started. Priority: 100000
2025-10-11 16:16:31,520 : INFO : EventManager : Event: ======'modes_active_modes_changed'====== Args={}
2025-10-11 16:16:31,520 : INFO : EventManager : Event: ======'mode_service_started'====== Args={}
2025-10-11 16:16:31,541 : INFO : EventManager : Event: ======'slide_loading_created'====== Args={'_from_bcp': True}
2025-10-11 16:16:31,543 : INFO : EventManager : Event: ======'slide__removed'====== Args={'_from_bcp': True}
2025-10-11 16:16:31,543 : INFO : EventManager : Event: ======'slide_loading_active'====== Args={'original_context': '_global', 'original_calling_context': 'init_done', 'priority': 0.0, 'cmd': 'slides_play', '_from_bcp': True}
2025-10-11 16:16:31,543 : INFO : Machine : Starting the main run loop with active modes: [<Mode.service>, <Mode.attract>]
2025-10-11 16:16:32,173 : INFO : BcpServer : New client connected.
2025-10-11 16:16:32,516 : INFO : EventManager : Event: ======'timer_attract_intro_timer_tick'====== Args={'ticks': 1, 'ticks_remaining': 15}
2025-10-11 16:16:33,522 : INFO : EventManager : Event: ======'timer_attract_intro_timer_tick'====== Args={'ticks': 2, 'ticks_remaining': 14}
2025-10-11 16:16:34,519 : INFO : EventManager : Event: ======'timer_attract_intro_timer_tick'====== Args={'ticks': 3, 'ticks_remaining': 13}
2025-10-11 16:16:35,527 : INFO : EventManager : Event: ======'timer_attract_intro_timer_tick'====== Args={'ticks': 4, 'ticks_remaining': 12}
2025-10-11 16:16:36,521 : INFO : EventManager : Event: ======'timer_attract_intro_timer_tick'====== Args={'ticks': 5, 'ticks_remaining': 11}
2025-10-11 16:16:36,521 : INFO : Timer.attract_carousel_timer : Timer Complete
2025-10-11 16:16:36,521 : INFO : Timer.attract_carousel_timer : Stopping Timer
2025-10-11 16:16:36,521 : INFO : EventManager : Event: ======'timer_attract_carousel_timer_stopped'====== Args={'ticks': 1, 'ticks_remaining': 1}
2025-10-11 16:16:36,522 : INFO : EventManager : Event: ======'timer_attract_carousel_timer_complete'====== Args={'ticks': 1, 'ticks_remaining': 1}
2025-10-11 16:16:36,522 : INFO : EventManager : Event: ======'item_highlighted'====== Args={'carousel': 'attract', 'direction': 'forwards', 'item': 'fast_logo'}
2025-10-11 16:16:36,523 : INFO : Timer.attract_carousel_timer : Starting Timer.
2025-10-11 16:16:36,523 : INFO : EventManager : Event: ======'timer_attract_carousel_timer_started'====== Args={'ticks': 0, 'ticks_remaining': 1}
2025-10-11 16:16:36,523 : INFO : EventManager : Event: ======'timer_attract_carousel_timer_tick'====== Args={'ticks': 0, 'ticks_remaining': 1}
2025-10-11 16:16:37,529 : INFO : EventManager : Event: ======'timer_attract_intro_timer_tick'====== Args={'ticks': 6, 'ticks_remaining': 10}
2025-10-11 16:16:38,527 : INFO : EventManager : Event: ======'timer_attract_intro_timer_tick'====== Args={'ticks': 7, 'ticks_remaining': 9}
2025-10-11 16:16:39,518 : INFO : EventManager : Event: ======'timer_attract_intro_timer_tick'====== Args={'ticks': 8, 'ticks_remaining': 8}
2025-10-11 16:16:40,517 : INFO : EventManager : Event: ======'timer_attract_intro_timer_tick'====== Args={'ticks': 9, 'ticks_remaining': 7}
2025-10-11 16:16:41,518 : INFO : EventManager : Event: ======'timer_attract_intro_timer_tick'====== Args={'ticks': 10, 'ticks_remaining': 6}
2025-10-11 16:16:41,519 : INFO : Timer.attract_carousel_timer : Timer Complete
2025-10-11 16:16:41,519 : INFO : Timer.attract_carousel_timer : Stopping Timer
2025-10-11 16:16:41,520 : INFO : EventManager : Event: ======'timer_attract_carousel_timer_stopped'====== Args={'ticks': 1, 'ticks_remaining': 1}
2025-10-11 16:16:41,520 : INFO : EventManager : Event: ======'timer_attract_carousel_timer_complete'====== Args={'ticks': 1, 'ticks_remaining': 1}
2025-10-11 16:16:41,521 : INFO : EventManager : Event: ======'item_highlighted'====== Args={'carousel': 'attract', 'direction': 'forwards', 'item': 'specialthanks'}
2025-10-11 16:16:41,522 : INFO : Timer.attract_carousel_timer : Starting Timer.
2025-10-11 16:16:41,522 : INFO : EventManager : Event: ======'timer_attract_carousel_timer_started'====== Args={'ticks': 0, 'ticks_remaining': 1}
2025-10-11 16:16:41,522 : INFO : EventManager : Event: ======'timer_attract_carousel_timer_tick'====== Args={'ticks': 0, 'ticks_remaining': 1}
2025-10-11 16:16:42,531 : INFO : EventManager : Event: ======'timer_attract_intro_timer_tick'====== Args={'ticks': 11, 'ticks_remaining': 5}
2025-10-11 16:16:43,512 : INFO : EventManager : Event: ======'timer_attract_intro_timer_tick'====== Args={'ticks': 12, 'ticks_remaining': 4}
2025-10-11 16:16:44,511 : INFO : EventManager : Event: ======'timer_attract_intro_timer_tick'====== Args={'ticks': 13, 'ticks_remaining': 3}
2025-10-11 16:16:45,512 : INFO : EventManager : Event: ======'timer_attract_intro_timer_tick'====== Args={'ticks': 14, 'ticks_remaining': 2}
2025-10-11 16:16:46,517 : INFO : EventManager : Event: ======'timer_attract_intro_timer_tick'====== Args={'ticks': 15, 'ticks_remaining': 1}
2025-10-11 16:16:46,517 : INFO : Timer.attract_carousel_timer : Timer Complete
2025-10-11 16:16:46,518 : INFO : Timer.attract_carousel_timer : Stopping Timer
2025-10-11 16:16:46,518 : INFO : EventManager : Event: ======'timer_attract_carousel_timer_stopped'====== Args={'ticks': 1, 'ticks_remaining': 1}
2025-10-11 16:16:46,518 : INFO : EventManager : Event: ======'timer_attract_carousel_timer_complete'====== Args={'ticks': 1, 'ticks_remaining': 1}
2025-10-11 16:16:46,518 : INFO : EventManager : Event: ======'item_highlighted'====== Args={'carousel': 'attract', 'direction': 'forwards', 'item': 'version'}
2025-10-11 16:16:46,519 : INFO : Timer.attract_carousel_timer : Starting Timer.
2025-10-11 16:16:46,519 : INFO : EventManager : Event: ======'timer_attract_carousel_timer_started'====== Args={'ticks': 0, 'ticks_remaining': 1}
2025-10-11 16:16:46,519 : INFO : EventManager : Event: ======'timer_attract_carousel_timer_tick'====== Args={'ticks': 0, 'ticks_remaining': 1}
2025-10-11 16:16:47,534 : INFO : Timer.attract_intro_timer : Timer Complete
2025-10-11 16:16:47,534 : INFO : Timer.attract_intro_timer : Stopping Timer
2025-10-11 16:16:47,534 : INFO : EventManager : Event: ======'timer_attract_intro_timer_stopped'====== Args={'ticks': 16, 'ticks_remaining': 1}
2025-10-11 16:16:47,535 : INFO : EventManager : Event: ======'timer_attract_intro_timer_complete'====== Args={'ticks': 16, 'ticks_remaining': 1}
2025-10-11 16:16:51,540 : INFO : Timer.attract_carousel_timer : Timer Complete
2025-10-11 16:16:51,540 : INFO : Timer.attract_carousel_timer : Stopping Timer
2025-10-11 16:16:51,540 : INFO : EventManager : Event: ======'timer_attract_carousel_timer_stopped'====== Args={'ticks': 1, 'ticks_remaining': 1}
2025-10-11 16:16:51,542 : INFO : EventManager : Event: ======'timer_attract_carousel_timer_complete'====== Args={'ticks': 1, 'ticks_remaining': 1}
2025-10-11 16:16:51,542 : INFO : EventManager : Event: ======'item_highlighted'====== Args={'carousel': 'attract', 'direction': 'forwards', 'item': 'credits'}
2025-10-11 16:16:51,542 : INFO : Timer.attract_carousel_timer : Starting Timer.
2025-10-11 16:16:51,543 : INFO : EventManager : Event: ======'timer_attract_carousel_timer_started'====== Args={'ticks': 0, 'ticks_remaining': 1}
2025-10-11 16:16:51,543 : INFO : EventManager : Event: ======'timer_attract_carousel_timer_tick'====== Args={'ticks': 0, 'ticks_remaining': 1}
2025-10-11 16:16:53,913 : INFO : Machine : Shutting down...
2025-10-11 16:16:53,915 : INFO : EventManager : Event: ======'shutdown'====== Args={}
2025-10-11 16:16:53,915 : INFO : EventManager : Event: ======'mode_service_will_stop'====== Args={}
2025-10-11 16:16:53,915 : INFO : EventManager : Event: ======'mode_service_stopping'====== Args={}
2025-10-11 16:16:53,917 : INFO : Mode.service : Stopped.
2025-10-11 16:16:53,917 : INFO : EventManager : Event: ======'modes_active_modes_changed'====== Args={}
2025-10-11 16:16:53,917 : INFO : EventManager : Event: ======'mode_service_stopped'====== Args={}
2025-10-11 16:16:53,917 : INFO : EventManager : Event: ======'clear'====== Args={'key': 'service'}
2025-10-11 16:16:53,919 : INFO : root : MPF run loop ended.
