2025-09-18 20:34:29,751 : kivy : deps: Successfully imported "kivy_deps.gstreamer" 0.3.3
2025-09-18 20:34:29,751 : kivy : deps: Successfully imported "kivy_deps.angle" 0.3.3
2025-09-18 20:34:29,752 : kivy : deps: Successfully imported "kivy_deps.glew" 0.3.1
2025-09-18 20:34:29,752 : kivy : deps: Successfully imported "kivy_deps.sdl2" 0.6.0
2025-09-18 20:34:29,752 : kivy : Kivy: v2.2.1
2025-09-18 20:34:29,752 : kivy : Kivy: Installed at "c:\venv\mpf\lib\site-packages\kivy\__init__.py"
2025-09-18 20:34:29,752 : kivy : Python: v3.9.13 (tags/v3.9.13:6de2ca5, May 17 2022, 16:36:42) [MSC v.1929 64 bit (AMD64)]
2025-09-18 20:34:29,752 : kivy : Python: Interpreter at "c:\venv\mpf\Scripts\python.exe"
2025-09-18 20:34:29,821 : kivy : Factory: 190 symbols loaded
2025-09-18 20:34:30,195 : kivy : ImageLoaderFFPy: Using ffpyplayer 4.5.1
2025-09-18 20:34:30,195 : kivy : Image: Providers: img_tex, img_dds, img_sdl2, img_pil, img_ffpyplayer 
2025-09-18 20:34:30,479 : kivy : VideoGstplayer: Using Gstreamer 1.18.5.0
2025-09-18 20:34:30,479 : kivy : Video: Provider: gstplayer
2025-09-18 20:34:30,581 : root : Loading MPF-MC controller
2025-09-18 20:34:30,587 : YamlMultifileConfigLoader : Machine config file #1: config
2025-09-18 20:34:30,588 : ConfigProcessor : Config file in cache changed: C:\venv\mpf\soultrain\config\config
2025-09-18 20:34:30,589 : ConfigProcessor : Loading config from file c:\venv\mpf\lib\site-packages\mpfmc\mcconfig.yaml.
2025-09-18 20:34:30,598 : ConfigProcessor : Loading config: c:\venv\mpf\lib\site-packages\mpfmc\mcconfig.yaml
2025-09-18 20:34:30,598 : ConfigProcessor : Loading config from file C:\venv\mpf\soultrain\config\config.
2025-09-18 20:34:30,602 : ConfigProcessor : Loading config: C:\venv\mpf\soultrain\config\config
2025-09-18 20:34:30,605 : ConfigProcessor : Loading config: C:\venv\mpf\soultrain\config\coils.yaml
2025-09-18 20:34:30,608 : ConfigProcessor : Loading config: C:\venv\mpf\soultrain\config\switches.yaml
2025-09-18 20:34:30,610 : ConfigProcessor : Loading config: C:\venv\mpf\soultrain\config\multiball.yaml
2025-09-18 20:34:30,612 : ConfigProcessor : Config file cache created: C:\Users\sdona\AppData\Local\Temp\d1c76a6711522dcfe5a45e149ba5eb45.mpf_cache
2025-09-18 20:34:30,615 : ConfigProcessor : Loading config from cache: C:\Users\sdona\AppData\Local\Temp\9850977bb9bffa92584f0b363c7a65d4.mpf_cache
2025-09-18 20:34:30,618 : ConfigProcessor : Loading config from cache: C:\Users\sdona\AppData\Local\Temp\9b0a7575388f9d9bd2f6ab87bf9fd2f7.mpf_cache
2025-09-18 20:34:30,619 : mpfmc : Mission Pinball Framework Media Controller (MPF-MC) v0.57.1. Requires MPF v0.57.0 or newer.
2025-09-18 20:34:30,620 : mpfmc : Found MPF v0.57.3
2025-09-18 20:34:30,620 : mpfmc : Machine path: C:\venv\mpf\soultrain
2025-09-18 20:34:30,620 : mpfmc : Starting clock at 60.0Hz
2025-09-18 20:34:30,669 : kivy : Text: Provider: sdl2
2025-09-18 20:34:30,763 : kivy : Window: Provider: sdl2
2025-09-18 20:34:31,124 : kivy : GL: Using the "OpenGL" graphics system
2025-09-18 20:34:31,142 : kivy : GL: GLEW initialization succeeded
2025-09-18 20:34:31,142 : kivy : GL: Backend used <glew>
2025-09-18 20:34:31,143 : kivy : GL: OpenGL version <b'4.6.0 Compatibility Profile Context 24.10.26.240627'>
2025-09-18 20:34:31,143 : kivy : GL: OpenGL vendor <b'ATI Technologies Inc.'>
2025-09-18 20:34:31,143 : kivy : GL: OpenGL renderer <b'AMD Radeon(TM) Graphics'>
2025-09-18 20:34:31,144 : kivy : GL: OpenGL parsed version: 4, 6
2025-09-18 20:34:31,144 : kivy : GL: Shading version <b'4.60'>
2025-09-18 20:34:31,144 : kivy : GL: Texture max size <16384>
2025-09-18 20:34:31,144 : kivy : GL: Texture max units <32>
2025-09-18 20:34:31,222 : kivy : Window: auto add sdl2 input provider
2025-09-18 20:34:31,223 : kivy : Window: virtual keyboard not allowed, single mode, not docked
2025-09-18 20:34:31,244 : SoundSystem : SoundSystem: Using default 'sound_system' settings
2025-09-18 20:34:34,403 : AudioInterface : Initialized
2025-09-18 20:34:34,404 : AudioInterface : Loaded SDL 2.26.4
2025-09-18 20:34:34,405 : AudioInterface : Loaded SDL_Mixer 2.6.3
2025-09-18 20:34:34,405 : AudioInterface : Loaded GStreamer 1.18.5.0
2025-09-18 20:34:34,405 : AudioInterface : Loaded GLib 2.62.6
2025-09-18 20:34:34,406 : AudioInterface : Settings requested - rate: 44100, channels: 1, buffer: 2048 samples
2025-09-18 20:34:34,406 : AudioInterface : Settings in use - rate: 44100, channels: 1, buffer: 2048 samples (4096 bytes @ 2 bytes per sample)
2025-09-18 20:34:34,406 : SoundSystem : No audio tracks are specified in your machine config file. a track named 'default' has been created.
2025-09-18 20:34:34,407 : SoundSystem : Setting master volume to 0.0
2025-09-18 20:34:34,407 : AudioInterface : Enabling audio playback
2025-09-18 20:34:34,410 : kivy : Base: Start application main loop
2025-09-18 20:34:34,410 : EventManager : Event: ======'display_window_initialized'====== Args={}
2025-09-18 20:34:34,423 : mpfmc : Display: Setting 'window' as default display
2025-09-18 20:34:34,434 : mpfmc : ASPECT RATIO MISMATCH: The on-screen window is not the same aspect ratio as the display called 'window'. The logical display will be scaled from 1920x1080 to the window size 1000x750, and a black bar will make up the difference
2025-09-18 20:34:34,437 : EventManager : Event: ======'displays_initialized'====== Args={}
2025-09-18 20:34:34,440 : EventManager : Event: ======'slide_window_blank_created'====== Args={}
2025-09-18 20:34:34,440 : EventManager : Event: ======'display_window_ready'====== Args={}
2025-09-18 20:34:34,461 : EventManager : Event: ======'init_phase_1'====== Args={}
2025-09-18 20:34:34,465 : EventManager : Event: ======'mc_ready'====== Args={}
2025-09-18 20:34:34,466 : EventManager : Event: ======'init_phase_2'====== Args={}
2025-09-18 20:34:34,470 : EventManager : Event: ======'init_phase_3'====== Args={}
2025-09-18 20:34:34,473 : EventManager : Event: ======'init_phase_4'====== Args={}
2025-09-18 20:34:34,474 : EventManager : Event: ======'init_phase_5'====== Args={}
2025-09-18 20:34:35,590 : EventManager : Event: ======'loading_assets'====== Args={'total': 10, 'loaded': 1, 'remaining': 9, 'percent': 10}
2025-09-18 20:34:35,590 : AssetManager : Loading assets: 1/10 (10%)
2025-09-18 20:34:36,859 : EventManager : Event: ======'loading_assets'====== Args={'total': 10, 'loaded': 4, 'remaining': 6, 'percent': 40}
2025-09-18 20:34:37,388 : AssetManager : Loading assets: 4/10 (40%)
2025-09-18 20:34:38,215 : EventManager : Event: ======'loading_assets'====== Args={'total': 10, 'loaded': 7, 'remaining': 3, 'percent': 70}
2025-09-18 20:34:38,838 : AssetManager : Loading assets: 7/10 (70%)
2025-09-18 20:34:39,907 : EventManager : Event: ======'loading_assets'====== Args={'total': 10, 'loaded': 9, 'remaining': 1, 'percent': 90}
2025-09-18 20:34:39,907 : AssetManager : Loading assets: 9/10 (90%)
2025-09-18 20:34:39,907 : EventManager : Event: ======'loading_assets'====== Args={'total': 10, 'loaded': 10, 'remaining': 0, 'percent': 100}
2025-09-18 20:34:39,908 : AssetManager : Asset loading took: 5.5006020069122314
2025-09-18 20:34:39,908 : EventManager : Event: ======'asset_loading_complete'====== Args={}
2025-09-18 20:34:39,908 : AssetManager : Loading assets: 10/10 (100%)
2025-09-18 20:34:39,908 : EventManager : Event: ======'init_done'====== Args={}
2025-09-18 20:34:39,908 : MPF-MC BCP Server : Starting up on localhost port 5050
2025-09-18 20:34:39,915 : MPF-MC BCP Server : Waiting for a connection...
2025-09-18 20:34:39,928 : kivy : GL: NPOT texture support is available
2025-09-18 20:34:39,929 : EventManager : Event: ======'slide_welcome_slide_created'====== Args={}
2025-09-18 20:34:39,931 : EventManager : Event: ======'slide_welcome_slide_active'====== Args={}
2025-09-18 20:34:39,932 : EventManager : Event: ======'client_disconnected'====== Args={'host': '127.0.0.1', 'port': 5050}
2025-09-18 20:35:05,286 : kivy : Base: Leaving application in progress...
2025-09-18 20:35:05,286 : mpfmc : Stopping...
2025-09-18 20:35:05,286 : EventManager : Event: ======'shutdown'====== Args={}
2025-09-18 20:35:05,286 : AudioInterface : Disabling audio playback
2025-09-18 20:35:05,431 : mpfmc : Loop rate 65.02 Hz
2025-09-18 20:35:05,433 : root : MC run loop ended.
2025-09-18 20:35:05,433 : root : Stopping child threads... (3 remaining)
2025-09-18 20:35:05,930 : MPF-MC BCP Server : Stopping BCP listener thread
2025-09-18 20:35:05,930 : MPF-MC BCP Server : Stopping BCP sending thread
2025-09-18 20:35:05,936 : root : All child threads stopped.
