2025-10-19 15:52:15,879 : INFO : root : Loading config.
2025-10-19 15:52:15,884 : INFO : YamlMultifileConfigLoader : Machine config file #1: config.yaml
2025-10-19 15:52:15,884 : WARNING : ConfigProcessor : Config file in cache changed: C:\venv\mpf\mmmdrop\config\config.yaml
2025-10-19 15:52:15,885 : INFO : ConfigProcessor : Loading config from file c:\venv\mpf\lib\site-packages\mpf\mpfconfig.yaml.
2025-10-19 15:52:15,893 : INFO : ConfigProcessor : Loading config: c:\venv\mpf\lib\site-packages\mpf\mpfconfig.yaml
2025-10-19 15:52:15,894 : INFO : ConfigProcessor : Loading config from file C:\venv\mpf\mmmdrop\config\config.yaml.
2025-10-19 15:52:15,899 : INFO : ConfigProcessor : Loading config: C:\venv\mpf\mmmdrop\config\config.yaml
2025-10-19 15:52:15,901 : INFO : ConfigProcessor : Loading config: C:\venv\mpf\mmmdrop\config\coils.yaml
2025-10-19 15:52:15,904 : INFO : ConfigProcessor : Loading config: C:\venv\mpf\mmmdrop\config\switches.yaml
2025-10-19 15:52:15,909 : INFO : ConfigProcessor : Loading config: C:\venv\mpf\mmmdrop\config\lights.yaml
2025-10-19 15:52:15,911 : INFO : ConfigProcessor : Config file cache created: C:\Users\sdona\AppData\Local\Temp\19f6d0d7953982fda9d956182316b8e5.mpf_cache
2025-10-19 15:52:16,022 : INFO : ConfigProcessor : Loading config from cache: C:\Users\sdona\AppData\Local\Temp\835b5bfea4be8b279a05e96caaaffbbb.mpf_cache
2025-10-19 15:52:16,024 : INFO : ConfigProcessor : Loading config from cache: C:\Users\sdona\AppData\Local\Temp\9b0a7575388f9d9bd2f6ab87bf9fd2f7.mpf_cache
2025-10-19 15:52:16,025 : INFO : ConfigProcessor : Loading config from cache: C:\Users\sdona\AppData\Local\Temp\c340ec0033d1055cd797ffd5447ef414.mpf_cache
2025-10-19 15:52:16,025 : INFO : ConfigProcessor : Loading config from cache: C:\Users\sdona\AppData\Local\Temp\835b5bfea4be8b279a05e96caaaffbbb.mpf_cache
2025-10-19 15:52:16,026 : WARNING : ConfigProcessor : Config file in cache changed: C:\venv\mpf\mmmdrop\modes\skill_shot\config\skill_shot.yaml
2025-10-19 15:52:16,026 : INFO : ConfigProcessor : Loading config from file C:\venv\mpf\mmmdrop\modes\skill_shot\config\skill_shot.yaml.
2025-10-19 15:52:16,029 : INFO : ConfigProcessor : Loading config: C:\venv\mpf\mmmdrop\modes\skill_shot\config\skill_shot.yaml
2025-10-19 15:52:16,030 : INFO : ConfigProcessor : Config file cache created: C:\Users\sdona\AppData\Local\Temp\8c11a28e3c38d4ad47947b6a126f2ee9.mpf_cache
2025-10-19 15:52:16,030 : INFO : ConfigProcessor : Loading config from cache: C:\Users\sdona\AppData\Local\Temp\e391083cdc9e667060411fe5838e93f2.mpf_cache
2025-10-19 15:52:16,031 : INFO : ConfigProcessor : Loading config from cache: C:\Users\sdona\AppData\Local\Temp\f0c219a993d891ee86dcb7eae47dde67.mpf_cache
2025-10-19 15:52:16,032 : INFO : ConfigProcessor : Loading config from cache: C:\Users\sdona\AppData\Local\Temp\96aa58108928490b129531848cd9b506.mpf_cache
2025-10-19 15:52:16,033 : INFO : ConfigProcessor : Loading config from cache: C:\Users\sdona\AppData\Local\Temp\567636b9d9766e3361204e954a8382da.mpf_cache
2025-10-19 15:52:16,034 : INFO : ConfigProcessor : Loading config from cache: C:\Users\sdona\AppData\Local\Temp\d5ead8dff868c6c4b1faf37537a19bc2.mpf_cache
2025-10-19 15:52:16,035 : INFO : ConfigProcessor : Loading config from cache: C:\Users\sdona\AppData\Local\Temp\112f935d1c2002cb40d3e6e497be9e7c.mpf_cache
2025-10-19 15:52:16,036 : INFO : ConfigProcessor : Loading config from cache: C:\Users\sdona\AppData\Local\Temp\aba0711976820dea629bb4c00b006efc.mpf_cache
2025-10-19 15:52:16,037 : INFO : ConfigProcessor : Loading config from cache: C:\Users\sdona\AppData\Local\Temp\de8ed6c6d4c48d1b5b054ff74222cb35.mpf_cache
2025-10-19 15:52:16,037 : INFO : ConfigProcessor : Loading config from cache: C:\Users\sdona\AppData\Local\Temp\e6b55d6a1c06b0dd6369c964181bf8d3.mpf_cache
2025-10-19 15:52:16,038 : INFO : Machine : Mission Pinball Framework Core Engine v0.80.0.dev9
2025-10-19 15:52:16,038 : INFO : Machine : Command line arguments: {'no_load_cache': False, 'create_config_cache': True, 'bcp': True, 'configfile': ['config.yaml'], 'force_assets_load': False, 'platform_integration_test': False, 'jsonlogging': False, 'logfile': 'logs\\2025-10-19-15-52-15-mpf-PinballLaptop.log', 'pause': False, 'production': False, 'text_ui': True, 'loglevel': 15, 'consoleloglevel': 20, 'force_platform': 'smart_virtual', 'syslog_address': None, 'full_logfile_path': 'C:\\venv\\mpf\\mmmdrop\\logs\\2025-10-19-15-52-15-mpf-PinballLaptop.log'}
2025-10-19 15:52:16,038 : INFO : Machine : MPF path: c:\venv\mpf\lib\site-packages\mpf
2025-10-19 15:52:16,038 : INFO : Machine : Machine path: C:\venv\mpf\mmmdrop
2025-10-19 15:52:16,038 : INFO : Machine : Platform: win32
2025-10-19 15:52:16,038 : INFO : Machine : Python executable location: c:\venv\mpf\Scripts\python.exe
2025-10-19 15:52:16,039 : INFO : Machine : Python version: 3.9.13 (64-bit)
2025-10-19 15:52:16,040 : INFO : Machine : Initializing MPF...
2025-10-19 15:52:16,261 : INFO : EventManager : Event: ======'machine_var_credits_string'====== Args={'value': 'FREE PLAY', 'prev_value': None, 'change': True}
2025-10-19 15:52:16,294 : INFO : EventManager : Event: ======'machine_var_fast_audio_headphones_volume'====== Args={'value': 10, 'prev_value': None, 'change': True}
2025-10-19 15:52:16,294 : INFO : EventManager : Event: ======'machine_var_fast_audio_main_volume'====== Args={'value': 44, 'prev_value': None, 'change': True}
2025-10-19 15:52:16,294 : INFO : EventManager : Event: ======'machine_var_master_volume'====== Args={'value': 0.55, 'prev_value': None, 'change': True}
2025-10-19 15:52:16,294 : INFO : EventManager : Event: ======'machine_var_player1_score'====== Args={'value': 6011100, 'prev_value': None, 'change': True}
2025-10-19 15:52:16,294 : INFO : EventManager : Event: ======'machine_var_game_just_played'====== Args={'value': 0, 'prev_value': None, 'change': True}
2025-10-19 15:52:16,294 : INFO : EventManager : Event: ======'machine_var_mpf_version'====== Args={'value': 'Mission Pinball Framework v0.80.0.dev9', 'prev_value': None, 'change': True}
2025-10-19 15:52:16,294 : INFO : EventManager : Event: ======'machine_var_mpf_extended_version'====== Args={'value': 'Mission Pinball Framework v0.80.0.dev9, Config version:6, Show version: 6, BCP version:1.1', 'prev_value': None, 'change': True}
2025-10-19 15:52:16,294 : INFO : EventManager : Event: ======'machine_var_python_version'====== Args={'value': '3.9.13', 'prev_value': None, 'change': True}
2025-10-19 15:52:16,326 : INFO : EventManager : Event: ======'machine_var_platform'====== Args={'value': 'Windows-10-10.0.26100-SP0', 'prev_value': None, 'change': True}
2025-10-19 15:52:16,326 : INFO : EventManager : Event: ======'machine_var_platform_system'====== Args={'value': 'Windows', 'prev_value': None, 'change': True}
2025-10-19 15:52:16,326 : INFO : EventManager : Event: ======'machine_var_platform_release'====== Args={'value': '10', 'prev_value': None, 'change': True}
2025-10-19 15:52:16,326 : INFO : EventManager : Event: ======'machine_var_platform_version'====== Args={'value': '10.0.26100', 'prev_value': None, 'change': True}
2025-10-19 15:52:16,326 : INFO : EventManager : Event: ======'machine_var_platform_machine'====== Args={'value': 'AMD64', 'prev_value': None, 'change': True}
2025-10-19 15:52:16,326 : INFO : EventManager : Event: ======'machine_var_log_file_path'====== Args={'value': 'C:\\venv\\mpf\\mmmdrop\\logs\\2025-10-19-15-52-15-mpf-PinballLaptop.log', 'prev_value': None, 'change': True}
2025-10-19 15:52:16,326 : INFO : EventManager : Event: ======'init_phase_1'====== Args={}
2025-10-19 15:52:16,379 : INFO : EventManager : Event: ======'drop_target_bank_three_bank_up'====== Args={}
2025-10-19 15:52:16,380 : INFO : EventManager : Event: ======'init_phase_2'====== Args={}
2025-10-19 15:52:16,381 : INFO : SwitchController : Found active switch: ('3208-0', <Platform.SmartVirtual>) <switch.s_trough1>
2025-10-19 15:52:16,381 : INFO : SwitchController : Found active switch: ('3208-1', <Platform.SmartVirtual>) <switch.s_trough2>
2025-10-19 15:52:16,381 : INFO : SwitchController : Found active switch: ('3208-2', <Platform.SmartVirtual>) <switch.s_trough3>
2025-10-19 15:52:16,381 : INFO : SwitchController : Found active switch: ('3208-3', <Platform.SmartVirtual>) <switch.s_trough4>
2025-10-19 15:52:16,381 : INFO : SwitchController : Found active switch: ('3208-4', <Platform.SmartVirtual>) <switch.s_trough5>
2025-10-19 15:52:16,381 : INFO : SwitchController : Found active switch: ('3208-5', <Platform.SmartVirtual>) <switch.s_trough6>
2025-10-19 15:52:16,392 : INFO : EventManager : Event: ======'bcp_connection_attempt'====== Args={'name': 'local_display', 'host': 'localhost', 'port': 5050}
2025-10-19 15:52:16,394 : INFO : BCPClientSocket : Connecting BCP to 'local_display' at localhost:5050...
2025-10-19 15:52:19,461 : INFO : BCPClientSocket : Connected BCP to 'local_display' localhost:5050
2025-10-19 15:52:19,462 : INFO : EventManager : Event: ======'bcp_clients_connected'====== Args={}
2025-10-19 15:52:19,617 : INFO : ball_device.bd_trough : BCH: Initial count: 6
2025-10-19 15:52:19,617 : INFO : ball_device.bd_trough : State: idle
2025-10-19 15:52:19,618 : INFO : ball_device.bd_plunger : BCH: Initial count: 0
2025-10-19 15:52:19,619 : INFO : ball_device.bd_plunger : State: idle
2025-10-19 15:52:19,619 : INFO : ball_device.bd_scoop : BCH: Initial count: 0
2025-10-19 15:52:19,619 : INFO : ball_device.bd_scoop : State: idle
2025-10-19 15:52:19,638 : INFO : EventManager : Event: ======'init_phase_3'====== Args={}
2025-10-19 15:52:19,645 : INFO : EventManager : Event: ======'init_phase_4'====== Args={}
2025-10-19 15:52:19,645 : INFO : BallController : Initial balls found: 6
2025-10-19 15:52:19,648 : INFO : EventManager : Event: ======'machine_var_audits_events_game_ended'====== Args={'value': 55, 'prev_value': None, 'change': True}
2025-10-19 15:52:19,648 : INFO : EventManager : Event: ======'machine_var_audits_events_game_started'====== Args={'value': 418, 'prev_value': None, 'change': True}
2025-10-19 15:52:19,648 : INFO : EventManager : Event: ======'machine_var_audits_missing_switches_s_captive_ball'====== Args={'value': 2, 'prev_value': None, 'change': True}
2025-10-19 15:52:19,648 : INFO : EventManager : Event: ======'machine_var_audits_missing_switches_s_center_upper_pop'====== Args={'value': 2, 'prev_value': None, 'change': True}
2025-10-19 15:52:19,649 : INFO : EventManager : Event: ======'machine_var_audits_missing_switches_s_inner_orbit'====== Args={'value': 74, 'prev_value': None, 'change': True}
2025-10-19 15:52:19,649 : INFO : EventManager : Event: ======'machine_var_audits_missing_switches_s_left_flipper'====== Args={'value': 2, 'prev_value': None, 'change': True}
2025-10-19 15:52:19,649 : INFO : EventManager : Event: ======'machine_var_audits_missing_switches_s_left_inlane'====== Args={'value': 74, 'prev_value': None, 'change': True}
2025-10-19 15:52:19,649 : INFO : EventManager : Event: ======'machine_var_audits_missing_switches_s_left_orbit'====== Args={'value': 2, 'prev_value': None, 'change': True}
2025-10-19 15:52:19,649 : INFO : EventManager : Event: ======'machine_var_audits_missing_switches_s_left_outlane'====== Args={'value': 162, 'prev_value': None, 'change': True}
2025-10-19 15:52:19,649 : INFO : EventManager : Event: ======'machine_var_audits_missing_switches_s_left_ramp'====== Args={'value': 2, 'prev_value': None, 'change': True}
2025-10-19 15:52:19,649 : INFO : EventManager : Event: ======'machine_var_audits_missing_switches_s_left_slingshot'====== Args={'value': 344, 'prev_value': None, 'change': True}
2025-10-19 15:52:19,649 : INFO : EventManager : Event: ======'machine_var_audits_missing_switches_s_left_upper_pop'====== Args={'value': 2, 'prev_value': None, 'change': True}
2025-10-19 15:52:19,649 : INFO : EventManager : Event: ======'machine_var_audits_missing_switches_s_pop_standup'====== Args={'value': 2, 'prev_value': None, 'change': True}
2025-10-19 15:52:19,650 : INFO : EventManager : Event: ======'machine_var_audits_missing_switches_s_right_flipper'====== Args={'value': 2, 'prev_value': None, 'change': True}
2025-10-19 15:52:19,650 : INFO : EventManager : Event: ======'machine_var_audits_missing_switches_s_right_inlane'====== Args={'value': 74, 'prev_value': None, 'change': True}
2025-10-19 15:52:19,650 : INFO : EventManager : Event: ======'machine_var_audits_missing_switches_s_right_lower_pop'====== Args={'value': 2, 'prev_value': None, 'change': True}
2025-10-19 15:52:19,650 : INFO : EventManager : Event: ======'machine_var_audits_missing_switches_s_right_orbit'====== Args={'value': 2, 'prev_value': None, 'change': True}
2025-10-19 15:52:19,650 : INFO : EventManager : Event: ======'machine_var_audits_missing_switches_s_right_outlane'====== Args={'value': 229, 'prev_value': None, 'change': True}
2025-10-19 15:52:19,650 : INFO : EventManager : Event: ======'machine_var_audits_missing_switches_s_right_ramp'====== Args={'value': 2, 'prev_value': None, 'change': True}
2025-10-19 15:52:19,650 : INFO : EventManager : Event: ======'machine_var_audits_missing_switches_s_right_slingshot'====== Args={'value': 194, 'prev_value': None, 'change': True}
2025-10-19 15:52:19,650 : INFO : EventManager : Event: ======'machine_var_audits_missing_switches_s_scoop'====== Args={'value': 2, 'prev_value': None, 'change': True}
2025-10-19 15:52:19,650 : INFO : EventManager : Event: ======'machine_var_audits_missing_switches_s_service_down'====== Args={'value': 63, 'prev_value': None, 'change': True}
2025-10-19 15:52:19,650 : INFO : EventManager : Event: ======'machine_var_audits_missing_switches_s_service_enter'====== Args={'value': 63, 'prev_value': None, 'change': True}
2025-10-19 15:52:19,650 : INFO : EventManager : Event: ======'machine_var_audits_missing_switches_s_service_esc'====== Args={'value': 63, 'prev_value': None, 'change': True}
2025-10-19 15:52:19,651 : INFO : EventManager : Event: ======'machine_var_audits_missing_switches_s_service_up'====== Args={'value': 36, 'prev_value': None, 'change': True}
2025-10-19 15:52:19,651 : INFO : EventManager : Event: ======'machine_var_audits_missing_switches_s_spinner'====== Args={'value': 7, 'prev_value': None, 'change': True}
2025-10-19 15:52:19,651 : INFO : EventManager : Event: ======'machine_var_audits_missing_switches_s_start'====== Args={'value': 2, 'prev_value': None, 'change': True}
2025-10-19 15:52:19,651 : INFO : EventManager : Event: ======'machine_var_audits_missing_switches_s_three_bank_bottom'====== Args={'value': 1, 'prev_value': None, 'change': True}
2025-10-19 15:52:19,651 : INFO : EventManager : Event: ======'machine_var_audits_missing_switches_s_three_bank_middle'====== Args={'value': 1, 'prev_value': None, 'change': True}
2025-10-19 15:52:19,651 : INFO : EventManager : Event: ======'machine_var_audits_missing_switches_s_three_bank_standup'====== Args={'value': 2, 'prev_value': None, 'change': True}
2025-10-19 15:52:19,651 : INFO : EventManager : Event: ======'machine_var_audits_missing_switches_s_three_bank_top'====== Args={'value': 1, 'prev_value': None, 'change': True}
2025-10-19 15:52:19,651 : INFO : EventManager : Event: ======'machine_var_audits_missing_switches_s_tilt_bob'====== Args={'value': 27, 'prev_value': None, 'change': True}
2025-10-19 15:52:19,652 : INFO : EventManager : Event: ======'machine_var_audits_missing_switches_s_top_right_flipper'====== Args={'value': 344, 'prev_value': None, 'change': True}
2025-10-19 15:52:19,652 : INFO : EventManager : Event: ======'machine_var_audits_missing_switches_s_trough1'====== Args={'value': 1, 'prev_value': None, 'change': True}
2025-10-19 15:52:19,652 : INFO : EventManager : Event: ======'machine_var_audits_missing_switches_s_trough2'====== Args={'value': 2, 'prev_value': None, 'change': True}
2025-10-19 15:52:19,652 : INFO : EventManager : Event: ======'machine_var_audits_missing_switches_s_trough3'====== Args={'value': 2, 'prev_value': None, 'change': True}
2025-10-19 15:52:19,652 : INFO : EventManager : Event: ======'machine_var_audits_missing_switches_s_trough4'====== Args={'value': 343, 'prev_value': None, 'change': True}
2025-10-19 15:52:19,652 : INFO : EventManager : Event: ======'machine_var_audits_missing_switches_s_trough5'====== Args={'value': 343, 'prev_value': None, 'change': True}
2025-10-19 15:52:19,652 : INFO : EventManager : Event: ======'machine_var_audits_missing_switches_s_trough6'====== Args={'value': 193, 'prev_value': None, 'change': True}
2025-10-19 15:52:19,652 : INFO : EventManager : Event: ======'machine_var_audits_missing_switches_s_trough_jam'====== Args={'value': 344, 'prev_value': None, 'change': True}
2025-10-19 15:52:19,652 : INFO : EventManager : Event: ======'machine_var_audits_missing_switches_s_tshirt_bottom_standup'====== Args={'value': 2, 'prev_value': None, 'change': True}
2025-10-19 15:52:19,652 : INFO : EventManager : Event: ======'machine_var_audits_missing_switches_s_tshirt_top_standup'====== Args={'value': 2, 'prev_value': None, 'change': True}
2025-10-19 15:52:19,652 : INFO : EventManager : Event: ======'machine_var_audits_missing_switches_s_upper_pop_standup'====== Args={'value': 2, 'prev_value': None, 'change': True}
2025-10-19 15:52:19,652 : INFO : EventManager : Event: ======'machine_var_audits_missing_switches_service_esc'====== Args={'value': 1, 'prev_value': None, 'change': True}
2025-10-19 15:52:19,652 : INFO : EventManager : Event: ======'machine_var_audits_player_score'====== Args={'value': {'average': 7605582, 'top': [147275560, 142237180, 38155360, 32035610, 6038970, 6022290, 6019980, 6019980, 6019980, 6019980], 'total': 59}, 'prev_value': None, 'change': True}
2025-10-19 15:52:19,652 : INFO : EventManager : Event: ======'machine_var_audits_shots_skill_captive'====== Args={'value': 16, 'prev_value': None, 'change': True}
2025-10-19 15:52:19,653 : INFO : EventManager : Event: ======'machine_var_audits_shots_skill_drop_targets'====== Args={'value': 240, 'prev_value': None, 'change': True}
2025-10-19 15:52:19,653 : INFO : EventManager : Event: ======'machine_var_audits_shots_skill_side_targets'====== Args={'value': 27, 'prev_value': None, 'change': True}
2025-10-19 15:52:19,653 : INFO : EventManager : Event: ======'machine_var_audits_switches_s_captive_ball'====== Args={'value': 192, 'prev_value': None, 'change': True}
2025-10-19 15:52:19,653 : INFO : EventManager : Event: ======'machine_var_audits_switches_s_center_upper_pop'====== Args={'value': 220, 'prev_value': None, 'change': True}
2025-10-19 15:52:19,653 : INFO : EventManager : Event: ======'machine_var_audits_switches_s_inner_orbit'====== Args={'value': 1, 'prev_value': None, 'change': True}
2025-10-19 15:52:19,653 : INFO : EventManager : Event: ======'machine_var_audits_switches_s_left_flipper'====== Args={'value': 1268, 'prev_value': None, 'change': True}
2025-10-19 15:52:19,653 : INFO : EventManager : Event: ======'machine_var_audits_switches_s_left_inlane'====== Args={'value': 111, 'prev_value': None, 'change': True}
2025-10-19 15:52:19,653 : INFO : EventManager : Event: ======'machine_var_audits_switches_s_left_orbit'====== Args={'value': 63, 'prev_value': None, 'change': True}
2025-10-19 15:52:19,654 : INFO : EventManager : Event: ======'machine_var_audits_switches_s_left_outlane'====== Args={'value': 56, 'prev_value': None, 'change': True}
2025-10-19 15:52:19,654 : INFO : EventManager : Event: ======'machine_var_audits_switches_s_left_ramp'====== Args={'value': 134, 'prev_value': None, 'change': True}
2025-10-19 15:52:19,654 : INFO : EventManager : Event: ======'machine_var_audits_switches_s_left_slingshot'====== Args={'value': 259, 'prev_value': None, 'change': True}
2025-10-19 15:52:19,654 : INFO : EventManager : Event: ======'machine_var_audits_switches_s_left_upper_pop'====== Args={'value': 161, 'prev_value': None, 'change': True}
2025-10-19 15:52:19,654 : INFO : EventManager : Event: ======'machine_var_audits_switches_s_plunger'====== Args={'value': 1136, 'prev_value': None, 'change': True}
2025-10-19 15:52:19,654 : INFO : EventManager : Event: ======'machine_var_audits_switches_s_pop_standup'====== Args={'value': 121, 'prev_value': None, 'change': True}
2025-10-19 15:52:19,654 : INFO : EventManager : Event: ======'machine_var_audits_switches_s_right_flipper'====== Args={'value': 1543, 'prev_value': None, 'change': True}
2025-10-19 15:52:19,654 : INFO : EventManager : Event: ======'machine_var_audits_switches_s_right_inlane'====== Args={'value': 107, 'prev_value': None, 'change': True}
2025-10-19 15:52:19,654 : INFO : EventManager : Event: ======'machine_var_audits_switches_s_right_lower_pop'====== Args={'value': 748, 'prev_value': None, 'change': True}
2025-10-19 15:52:19,655 : INFO : EventManager : Event: ======'machine_var_audits_switches_s_right_orbit'====== Args={'value': 65, 'prev_value': None, 'change': True}
2025-10-19 15:52:19,655 : INFO : EventManager : Event: ======'machine_var_audits_switches_s_right_outlane'====== Args={'value': 53, 'prev_value': None, 'change': True}
2025-10-19 15:52:19,655 : INFO : EventManager : Event: ======'machine_var_audits_switches_s_right_ramp'====== Args={'value': 148, 'prev_value': None, 'change': True}
2025-10-19 15:52:19,655 : INFO : EventManager : Event: ======'machine_var_audits_switches_s_right_slingshot'====== Args={'value': 366, 'prev_value': None, 'change': True}
2025-10-19 15:52:19,655 : INFO : EventManager : Event: ======'machine_var_audits_switches_s_scoop'====== Args={'value': 343, 'prev_value': None, 'change': True}
2025-10-19 15:52:19,655 : INFO : EventManager : Event: ======'machine_var_audits_switches_s_service_down'====== Args={'value': 0, 'prev_value': None, 'change': True}
2025-10-19 15:52:19,655 : INFO : EventManager : Event: ======'machine_var_audits_switches_s_service_enter'====== Args={'value': 0, 'prev_value': None, 'change': True}
2025-10-19 15:52:19,655 : INFO : EventManager : Event: ======'machine_var_audits_switches_s_service_esc'====== Args={'value': 0, 'prev_value': None, 'change': True}
2025-10-19 15:52:19,655 : INFO : EventManager : Event: ======'machine_var_audits_switches_s_service_up'====== Args={'value': 1, 'prev_value': None, 'change': True}
2025-10-19 15:52:19,655 : INFO : EventManager : Event: ======'machine_var_audits_switches_s_spinner'====== Args={'value': 2058, 'prev_value': None, 'change': True}
2025-10-19 15:52:19,655 : INFO : EventManager : Event: ======'machine_var_audits_switches_s_start'====== Args={'value': 67, 'prev_value': None, 'change': True}
2025-10-19 15:52:19,657 : INFO : EventManager : Event: ======'machine_var_audits_switches_s_three_bank_bottom'====== Args={'value': 487, 'prev_value': None, 'change': True}
2025-10-19 15:52:19,657 : INFO : EventManager : Event: ======'machine_var_audits_switches_s_three_bank_middle'====== Args={'value': 529, 'prev_value': None, 'change': True}
2025-10-19 15:52:19,657 : INFO : EventManager : Event: ======'machine_var_audits_switches_s_three_bank_standup'====== Args={'value': 241, 'prev_value': None, 'change': True}
2025-10-19 15:52:19,657 : INFO : EventManager : Event: ======'machine_var_audits_switches_s_three_bank_top'====== Args={'value': 536, 'prev_value': None, 'change': True}
2025-10-19 15:52:19,657 : INFO : EventManager : Event: ======'machine_var_audits_switches_s_tilt_bob'====== Args={'value': 45, 'prev_value': None, 'change': True}
2025-10-19 15:52:19,657 : INFO : EventManager : Event: ======'machine_var_audits_switches_s_top_right_flipper'====== Args={'value': 1294, 'prev_value': None, 'change': True}
2025-10-19 15:52:19,657 : INFO : EventManager : Event: ======'machine_var_audits_switches_s_trough1'====== Args={'value': 371, 'prev_value': None, 'change': True}
2025-10-19 15:52:19,657 : INFO : EventManager : Event: ======'machine_var_audits_switches_s_trough2'====== Args={'value': 303, 'prev_value': None, 'change': True}
2025-10-19 15:52:19,658 : INFO : EventManager : Event: ======'machine_var_audits_switches_s_trough3'====== Args={'value': 228, 'prev_value': None, 'change': True}
2025-10-19 15:52:19,658 : INFO : EventManager : Event: ======'machine_var_audits_switches_s_trough4'====== Args={'value': 160, 'prev_value': None, 'change': True}
2025-10-19 15:52:19,658 : INFO : EventManager : Event: ======'machine_var_audits_switches_s_trough5'====== Args={'value': 160, 'prev_value': None, 'change': True}
2025-10-19 15:52:19,658 : INFO : EventManager : Event: ======'machine_var_audits_switches_s_trough6'====== Args={'value': 161, 'prev_value': None, 'change': True}
2025-10-19 15:52:19,658 : INFO : EventManager : Event: ======'machine_var_audits_switches_s_trough_jam'====== Args={'value': 206, 'prev_value': None, 'change': True}
2025-10-19 15:52:19,658 : INFO : EventManager : Event: ======'machine_var_audits_switches_s_tshirt_bottom_standup'====== Args={'value': 37, 'prev_value': None, 'change': True}
2025-10-19 15:52:19,658 : INFO : EventManager : Event: ======'machine_var_audits_switches_s_tshirt_top_standup'====== Args={'value': 66, 'prev_value': None, 'change': True}
2025-10-19 15:52:19,658 : INFO : EventManager : Event: ======'machine_var_audits_switches_s_upper_pop_standup'====== Args={'value': 174, 'prev_value': None, 'change': True}
2025-10-19 15:52:19,659 : INFO : EventManager : Event: ======'machine_var_audits_switches_service_down'====== Args={'value': 1, 'prev_value': None, 'change': True}
2025-10-19 15:52:19,659 : INFO : EventManager : Event: ======'machine_var_audits_switches_service_enter'====== Args={'value': 2, 'prev_value': None, 'change': True}
2025-10-19 15:52:19,659 : INFO : EventManager : Event: ======'machine_var_audits_switches_service_esc'====== Args={'value': 0, 'prev_value': None, 'change': True}
2025-10-19 15:52:19,659 : INFO : EventManager : Event: ======'machine_var_audits_switches_service_up'====== Args={'value': 2, 'prev_value': None, 'change': True}
2025-10-19 15:52:19,659 : INFO : EventManager : Event: ======'init_phase_5'====== Args={}
2025-10-19 15:52:19,726 : INFO : EventManager : Event: ======'init_done'====== Args={}
2025-10-19 15:52:19,726 : INFO : EventManager : Event: ======'machine_reset_phase_1'====== Args={}
2025-10-19 15:52:19,736 : INFO : EventManager : Event: ======'machine_reset_phase_2'====== Args={}
2025-10-19 15:52:19,737 : INFO : EventManager : Event: ======'game_just_played'====== Args={'priority': 0, 'action': 'set_machine', 'int': 0}
2025-10-19 15:52:19,738 : INFO : EventManager : Event: ======'machine_reset_phase_3'====== Args={}
2025-10-19 15:52:19,738 : INFO : EventManager : Event: ======'mode_tilt_will_start'====== Args={'queue': <QueuedEvent>}
2025-10-19 15:52:19,739 : INFO : EventManager : Event: ======'mode_tilt_starting'====== Args={'queue': <QueuedEvent>}
2025-10-19 15:52:19,740 : INFO : drop_target_bank.three_bank : All targets are already up. Will not reset bank.
2025-10-19 15:52:19,740 : INFO : Mode.tilt : Started. Priority: 1000000
2025-10-19 15:52:19,740 : INFO : EventManager : Event: ======'modes_active_modes_changed'====== Args={}
2025-10-19 15:52:19,740 : INFO : EventManager : Event: ======'mode_tilt_started'====== Args={'queue': <QueuedEvent>}
2025-10-19 15:52:19,741 : INFO : EventManager : Event: ======'reset_complete'====== Args={}
2025-10-19 15:52:19,742 : INFO : EventManager : Event: ======'mode_service_will_start'====== Args={}
2025-10-19 15:52:19,743 : INFO : EventManager : Event: ======'mode_service_starting'====== Args={}
2025-10-19 15:52:19,743 : INFO : EventManager : Event: ======'mode_attract_will_start'====== Args={}
2025-10-19 15:52:19,744 : INFO : Timer.attract_intro_timer : Starting Timer.
2025-10-19 15:52:19,745 : INFO : EventManager : Event: ======'timer_attract_intro_timer_started'====== Args={'ticks': 0, 'ticks_remaining': 16}
2025-10-19 15:52:19,745 : INFO : EventManager : Event: ======'timer_attract_intro_timer_tick'====== Args={'ticks': 0, 'ticks_remaining': 16}
2025-10-19 15:52:19,749 : INFO : EventManager : Event: ======'mode_attract_starting'====== Args={}
2025-10-19 15:52:19,749 : INFO : Mode.attract : Started. Priority: 10
2025-10-19 15:52:19,749 : INFO : EventManager : Event: ======'modes_active_modes_changed'====== Args={}
2025-10-19 15:52:19,749 : INFO : EventManager : Event: ======'mode_attract_started'====== Args={}
2025-10-19 15:52:19,754 : INFO : EventManager : Event: ======'timer_attract_intro_timer_tick'====== Args={'ticks': 0, 'ticks_remaining': 16}
2025-10-19 15:52:19,754 : INFO : EventManager : Event: ======'collecting_balls_complete'====== Args={}
2025-10-19 15:52:19,755 : INFO : EventManager : Event: ======'item_highlighted'====== Args={'carousel': 'attract', 'direction': None, 'item': 'mpf_logo'}
2025-10-19 15:52:19,755 : INFO : Timer.attract_carousel_timer : Starting Timer.
2025-10-19 15:52:19,757 : INFO : EventManager : Event: ======'timer_attract_carousel_timer_started'====== Args={'ticks': 0, 'ticks_remaining': 1}
2025-10-19 15:52:19,757 : INFO : EventManager : Event: ======'timer_attract_carousel_timer_tick'====== Args={'ticks': 0, 'ticks_remaining': 1}
2025-10-19 15:52:19,757 : INFO : Mode.service : Started. Priority: 100000
2025-10-19 15:52:19,757 : INFO : EventManager : Event: ======'modes_active_modes_changed'====== Args={}
2025-10-19 15:52:19,757 : INFO : EventManager : Event: ======'mode_service_started'====== Args={}
2025-10-19 15:52:19,781 : INFO : EventManager : Event: ======'slide_loading_created'====== Args={'_from_bcp': True}
2025-10-19 15:52:19,782 : INFO : EventManager : Event: ======'slide__removed'====== Args={'_from_bcp': True}
2025-10-19 15:52:19,782 : INFO : EventManager : Event: ======'slide_loading_active'====== Args={'original_context': '_global', 'original_calling_context': 'init_done', 'priority': 0.0, 'cmd': 'slides_play', '_from_bcp': True}
2025-10-19 15:52:19,783 : INFO : Machine : Starting the main run loop with active modes: [<Mode.tilt>, <Mode.service>, <Mode.attract>]
2025-10-19 15:52:19,883 : INFO : EventManager : Event: ======'slide_attract_load_created'====== Args={'_from_bcp': True}
2025-10-19 15:52:19,884 : INFO : EventManager : Event: ======'slide_loading_inactive'====== Args={'is_removing': True, '_from_bcp': True}
2025-10-19 15:52:19,884 : INFO : EventManager : Event: ======'slide_attract_load_active'====== Args={'original_context': 'attract', 'original_calling_context': 'mode_attract_started{machine.game_just_played==0}', 'priority': 10.0, 'cmd': 'slides_play', '_from_bcp': True}
2025-10-19 15:52:19,884 : INFO : EventManager : Event: ======'slide_loading_removed'====== Args={'_from_bcp': True}
2025-10-19 15:52:19,962 : INFO : BcpServer : New client connected.
2025-10-19 15:52:20,752 : INFO : EventManager : Event: ======'timer_attract_intro_timer_tick'====== Args={'ticks': 1, 'ticks_remaining': 15}
2025-10-19 15:52:21,762 : INFO : EventManager : Event: ======'timer_attract_intro_timer_tick'====== Args={'ticks': 2, 'ticks_remaining': 14}
2025-10-19 15:52:22,768 : INFO : EventManager : Event: ======'timer_attract_intro_timer_tick'====== Args={'ticks': 3, 'ticks_remaining': 13}
2025-10-19 15:52:23,768 : INFO : EventManager : Event: ======'timer_attract_intro_timer_tick'====== Args={'ticks': 4, 'ticks_remaining': 12}
2025-10-19 15:52:24,751 : INFO : Timer.attract_carousel_timer : Timer Complete
2025-10-19 15:52:24,751 : INFO : Timer.attract_carousel_timer : Stopping Timer
2025-10-19 15:52:24,751 : INFO : EventManager : Event: ======'timer_attract_carousel_timer_stopped'====== Args={'ticks': 1, 'ticks_remaining': 1}
2025-10-19 15:52:24,751 : INFO : EventManager : Event: ======'timer_attract_carousel_timer_complete'====== Args={'ticks': 1, 'ticks_remaining': 1}
2025-10-19 15:52:24,752 : INFO : EventManager : Event: ======'timer_attract_intro_timer_tick'====== Args={'ticks': 5, 'ticks_remaining': 11}
2025-10-19 15:52:24,752 : INFO : EventManager : Event: ======'item_highlighted'====== Args={'carousel': 'attract', 'direction': 'forwards', 'item': 'fast_logo'}
2025-10-19 15:52:24,754 : INFO : Timer.attract_carousel_timer : Starting Timer.
2025-10-19 15:52:24,755 : INFO : EventManager : Event: ======'timer_attract_carousel_timer_started'====== Args={'ticks': 0, 'ticks_remaining': 1}
2025-10-19 15:52:24,755 : INFO : EventManager : Event: ======'timer_attract_carousel_timer_tick'====== Args={'ticks': 0, 'ticks_remaining': 1}
2025-10-19 15:52:25,697 : INFO : SwitchController : <<<<<<< 's_start' active >>>>>>>
2025-10-19 15:52:25,764 : INFO : EventManager : Event: ======'timer_attract_intro_timer_tick'====== Args={'ticks': 6, 'ticks_remaining': 10}
2025-10-19 15:52:25,827 : INFO : SwitchController : <<<<<<< 's_start' inactive >>>>>>>
2025-10-19 15:52:25,828 : INFO : EventManager : Event: ======'sw_start_inactive'====== Args={}
2025-10-19 15:52:25,828 : INFO : EventManager : Event: ======'request_to_start_game'====== Args={}
2025-10-19 15:52:25,829 : INFO : EventManager : Event: ======'game_start'====== Args={'buttons': [], 'hold_time': 0.14100000000053114}
2025-10-19 15:52:25,829 : INFO : EventManager : Event: ======'mode_game_will_start'====== Args={'buttons': [], 'hold_time': 0.14100000000053114}
2025-10-19 15:52:25,830 : INFO : EventManager : Event: ======'mode_game_starting'====== Args={'buttons': [], 'hold_time': 0.14100000000053114}
2025-10-19 15:52:25,831 : INFO : EventManager : Event: ======'mode_attract_will_stop'====== Args={}
2025-10-19 15:52:25,831 : INFO : EventManager : Event: ======'mode_attract_stopping'====== Args={}
2025-10-19 15:52:25,831 : INFO : Mode.game : Started. Priority: 20
2025-10-19 15:52:25,832 : INFO : EventManager : Event: ======'modes_active_modes_changed'====== Args={}
2025-10-19 15:52:25,832 : INFO : EventManager : Event: ======'mode_game_started'====== Args={'buttons': [], 'hold_time': 0.14100000000053114}
2025-10-19 15:52:25,850 : INFO : Mode.attract : Stopped.
2025-10-19 15:52:25,850 : INFO : EventManager : Event: ======'modes_active_modes_changed'====== Args={}
2025-10-19 15:52:25,851 : INFO : EventManager : Event: ======'mode_attract_stopped'====== Args={}
2025-10-19 15:52:25,851 : INFO : EventManager : Event: ======'clear'====== Args={'key': 'attract'}
2025-10-19 15:52:25,852 : INFO : Timer.attract_intro_timer : Stopping Timer
2025-10-19 15:52:25,852 : INFO : EventManager : Event: ======'timer_attract_intro_timer_stopped'====== Args={'ticks': 6, 'ticks_remaining': 10}
2025-10-19 15:52:25,852 : INFO : Timer.attract_carousel_timer : Stopping Timer
2025-10-19 15:52:25,852 : INFO : EventManager : Event: ======'timer_attract_carousel_timer_stopped'====== Args={'ticks': 0, 'ticks_remaining': 1}
2025-10-19 15:52:25,853 : INFO : EventManager : Event: ======'game_will_start'====== Args={}
2025-10-19 15:52:25,870 : INFO : EventManager : Event: ======'game_starting'====== Args={'game': <Mode.game>}
2025-10-19 15:52:25,871 : INFO : EventManager : Unordered handler for class <Auditor> on event game_ended with priority 1. Handlers: [RegisteredHandler(callback=<bound method Auditor.disable of <Auditor>>, priority=1, kwargs={}, key=UUID('06b3f392-660e-4596-9f87-537b76843302'), condition=None, blocking_facility=None), RegisteredHandler(callback=<bound method Auditor._save_audits of <Auditor>>, priority=1, kwargs={}, key=UUID('725eac12-30c9-4fc7-a2ac-fa50368d4d78'), condition=None, blocking_facility=None)]. The order of those handlers is not defined and they will be executed in random order. This might lead to race conditions and potential bugs.
2025-10-19 15:52:25,872 : INFO : EventManager : Event: ======'player_add_request'====== Args={}
2025-10-19 15:52:25,872 : INFO : EventManager : Event: ======'player_will_add'====== Args={'number': 1}
2025-10-19 15:52:25,872 : INFO : EventManager : Event: ======'player_adding'====== Args={'player': <Player 1>, 'number': 1}
2025-10-19 15:52:25,873 : INFO : EventManager : Event: ======'player_added'====== Args={'player': <Player 1>, 'num': 1}
2025-10-19 15:52:25,873 : INFO : Mode.game : Player added successfully. Total players: 1
2025-10-19 15:52:25,874 : INFO : EventManager : Event: ======'player_index'====== Args={'value': 0, 'prev_value': 0, 'change': 0, 'player_num': 1}
2025-10-19 15:52:25,874 : INFO : EventManager : Event: ======'player_number'====== Args={'value': 1, 'prev_value': 1, 'change': 0, 'player_num': 1}
2025-10-19 15:52:25,875 : INFO : EventManager : Event: ======'player_score'====== Args={'value': 0, 'prev_value': 0, 'change': 0, 'player_num': 1}
2025-10-19 15:52:25,876 : INFO : EventManager : Event: ======'game_started'====== Args={}
2025-10-19 15:52:25,877 : INFO : EventManager : Event: ======'machine_var_game_just_played'====== Args={'value': 1, 'prev_value': 0, 'change': 1}
2025-10-19 15:52:25,896 : INFO : EventManager : Event: ======'player_turn_will_start'====== Args={'player': <Player 1>, 'number': 1}
2025-10-19 15:52:25,897 : INFO : EventManager : Event: ======'player_turn_starting'====== Args={'player': <Player 1>, 'number': 1}
2025-10-19 15:52:25,898 : INFO : EventManager : Event: ======'player_ball'====== Args={'value': 1, 'prev_value': 0, 'change': 1, 'player_num': 1}
2025-10-19 15:52:25,899 : INFO : EventManager : Event: ======'player_turn_started'====== Args={'player': <Player 1>, 'number': 1}
2025-10-19 15:52:25,901 : INFO : EventManager : Event: ======'ball_will_start'====== Args={'player': 1, 'ball': 1, 'balls_remaining': 2, 'is_extra_ball': False}
2025-10-19 15:52:25,904 : INFO : EventManager : Event: ======'ball_starting'====== Args={'player': 1, 'ball': 1, 'balls_remaining': 2, 'is_extra_ball': False}
2025-10-19 15:52:25,905 : INFO : EventManager : Event: ======'mode_base_will_start'====== Args={'queue': <QueuedEvent>, 'player': 1, 'ball': 1, 'balls_remaining': 2, 'is_extra_ball': False}
2025-10-19 15:52:25,912 : INFO : EventManager : Unordered handler for class <Auditor> on event game_ended with priority 1. Handlers: [RegisteredHandler(callback=<bound method Auditor.disable of <Auditor>>, priority=1, kwargs={}, key=UUID('06b3f392-660e-4596-9f87-537b76843302'), condition=None, blocking_facility=None), RegisteredHandler(callback=<bound method Auditor._save_audits of <Auditor>>, priority=1, kwargs={}, key=UUID('725eac12-30c9-4fc7-a2ac-fa50368d4d78'), condition=None, blocking_facility=None)]. The order of those handlers is not defined and they will be executed in random order. This might lead to race conditions and potential bugs.
2025-10-19 15:52:25,917 : INFO : EventManager : Event: ======'mode_base_starting'====== Args={'queue': <QueuedEvent>, 'player': 1, 'ball': 1, 'balls_remaining': 2, 'is_extra_ball': False}
2025-10-19 15:52:25,917 : INFO : drop_target_bank.three_bank : All targets are already up. Will not reset bank.
2025-10-19 15:52:25,918 : INFO : EventManager : Event: ======'balls_in_play'====== Args={'balls': 1}
2025-10-19 15:52:25,918 : INFO : EventManager : Event: ======'ball_started'====== Args={'player': 1, 'ball': 1, 'balls_remaining': 2, 'is_extra_ball': False}
2025-10-19 15:52:25,919 : INFO : EventManager : Event: ======'logicblock_qualify_chcheckitout_multiball_updated'====== Args={'value': 0, 'enabled': True}
2025-10-19 15:52:25,919 : INFO : EventManager : Event: ======'logicblock_qualify_chcheckitout_multiball_updated'====== Args={'value': 0, 'enabled': True}
2025-10-19 15:52:25,921 : INFO : EventManager : Event: ======'logicblock_chcheckitout_multiball_ready_updated'====== Args={'value': 0, 'enabled': False}
2025-10-19 15:52:25,921 : INFO : EventManager : Event: ======'logicblock_drop_target_bank_counter_updated'====== Args={'value': 0, 'enabled': False}
2025-10-19 15:52:25,921 : INFO : Mode.base : Started. Priority: 100
2025-10-19 15:52:25,921 : INFO : EventManager : Event: ======'modes_active_modes_changed'====== Args={}
2025-10-19 15:52:25,921 : INFO : EventManager : Event: ======'mode_base_started'====== Args={'queue': <QueuedEvent>, 'player': 1, 'ball': 1, 'balls_remaining': 2, 'is_extra_ball': False}
2025-10-19 15:52:25,922 : INFO : EventManager : Event: ======'mode_skill_shot_will_start'====== Args={'player': 1, 'ball': 1, 'balls_remaining': 2, 'is_extra_ball': False}
2025-10-19 15:52:25,923 : INFO : EventManager : Event: ======'player_shot_skill_side_targets_enabled'====== Args={'value': True, 'prev_value': 0, 'change': 1, 'player_num': 1}
2025-10-19 15:52:25,924 : INFO : EventManager : Event: ======'player_shot_skill_drop_targets_enabled'====== Args={'value': True, 'prev_value': 0, 'change': 1, 'player_num': 1}
2025-10-19 15:52:25,926 : INFO : EventManager : Event: ======'skill_shot_complete'====== Args={'state': 'flashing'}
2025-10-19 15:52:25,926 : INFO : EventManager : Event: ======'skill_shot_flashing_complete'====== Args={}
2025-10-19 15:52:25,926 : INFO : EventManager : Event: ======'player_skill_shot_skill_shot_timeout_tick'====== Args={'value': 0, 'prev_value': 0, 'change': 0, 'player_num': 1}
2025-10-19 15:52:25,929 : INFO : EventManager : Event: ======'mode_skill_shot_starting'====== Args={'player': 1, 'ball': 1, 'balls_remaining': 2, 'is_extra_ball': False}
2025-10-19 15:52:25,929 : INFO : EventManager : Event: ======'logicblock_drop_target_bank_counter_updated'====== Args={'value': 0, 'enabled': True}
2025-10-19 15:52:25,930 : INFO : EventManager : Event: ======'logicblock_qualify_chcheckitout_multiball_updated'====== Args={'value': 0, 'enabled': True}
2025-10-19 15:52:25,930 : INFO : EventManager : Event: ======'logicblock_chcheckitout_multiball_ready_updated'====== Args={'value': 0, 'enabled': False}
2025-10-19 15:52:25,930 : INFO : EventManager : Event: ======'player_multiball_blocking_flag'====== Args={'value': 0, 'prev_value': 0, 'change': 0, 'player_num': 1, 'source': 'base'}
2025-10-19 15:52:25,931 : INFO : EventManager : Event: ======'player_mode_blocking_flag'====== Args={'value': 0, 'prev_value': 0, 'change': 0, 'player_num': 1, 'source': 'base'}
2025-10-19 15:52:25,931 : INFO : EventManager : Event: ======'player_player_drop_target_bank_counter_count'====== Args={'value': 0, 'prev_value': 0, 'change': 0, 'player_num': 1, 'source': 'base'}
2025-10-19 15:52:25,933 : INFO : EventManager : Event: ======'player_drop_target_bank_counter_count'====== Args={'value': 0, 'prev_value': 0, 'change': 0, 'player_num': 1, 'source': 'base'}
2025-10-19 15:52:25,934 : INFO : EventManager : Event: ======'mode_multiball_will_start'====== Args={'queue': <QueuedEvent>, 'player': 1, 'ball': 1, 'balls_remaining': 2, 'is_extra_ball': False}
2025-10-19 15:52:25,936 : INFO : EventManager : Event: ======'mode_multiball_starting'====== Args={'queue': <QueuedEvent>, 'player': 1, 'ball': 1, 'balls_remaining': 2, 'is_extra_ball': False}
2025-10-19 15:52:25,936 : INFO : EventManager : Event: ======'mode_carousel_will_start'====== Args={'queue': <QueuedEvent>, 'player': 1, 'ball': 1, 'balls_remaining': 2, 'is_extra_ball': False}
2025-10-19 15:52:25,938 : INFO : EventManager : Event: ======'mode_carousel_starting'====== Args={'queue': <QueuedEvent>, 'player': 1, 'ball': 1, 'balls_remaining': 2, 'is_extra_ball': False}
2025-10-19 15:52:25,938 : INFO : EventManager : Event: ======'ball_save_default_enabled'====== Args={}
2025-10-19 15:52:25,939 : INFO : Mode.carousel : Started. Priority: 200
2025-10-19 15:52:25,939 : INFO : EventManager : Event: ======'modes_active_modes_changed'====== Args={}
2025-10-19 15:52:25,939 : INFO : EventManager : Event: ======'mode_carousel_started'====== Args={'queue': <QueuedEvent>, 'player': 1, 'ball': 1, 'balls_remaining': 2, 'is_extra_ball': False}
2025-10-19 15:52:25,940 : INFO : EventManager : Event: ======'item_highlighted'====== Args={'carousel': 'carousel', 'direction': None, 'item': 'intergalactic'}
2025-10-19 15:52:25,940 : INFO : Mode.multiball : Started. Priority: 1000
2025-10-19 15:52:25,940 : INFO : EventManager : Event: ======'modes_active_modes_changed'====== Args={}
2025-10-19 15:52:25,940 : INFO : EventManager : Event: ======'mode_multiball_started'====== Args={'queue': <QueuedEvent>, 'player': 1, 'ball': 1, 'balls_remaining': 2, 'is_extra_ball': False}
2025-10-19 15:52:25,941 : INFO : Mode.skill_shot : Started. Priority: 500
2025-10-19 15:52:25,941 : INFO : EventManager : Event: ======'modes_active_modes_changed'====== Args={}
2025-10-19 15:52:25,941 : INFO : EventManager : Event: ======'mode_skill_shot_started'====== Args={'player': 1, 'ball': 1, 'balls_remaining': 2, 'is_extra_ball': False}
2025-10-19 15:52:25,941 : INFO : EventManager : Event: ======'player_shot_skill_side_targets'====== Args={'value': 1, 'prev_value': 0, 'change': 1, 'player_num': 1}
2025-10-19 15:52:25,941 : INFO : EventManager : Event: ======'player_shot_skill_drop_targets'====== Args={'value': 1, 'prev_value': 0, 'change': 1, 'player_num': 1}
2025-10-19 15:52:25,942 : INFO : EventManager : Event: ======'skill_shot_complete'====== Args={'state': 'unlit'}
2025-10-19 15:52:25,942 : INFO : EventManager : Event: ======'skill_shot_unlit_complete'====== Args={}
2025-10-19 15:52:25,943 : INFO : EventManager : Event: ======'single_player_ball_started'====== Args={}
2025-10-19 15:52:25,962 : INFO : EventManager : Event: ======'ball_start_target'====== Args={'target': 'playfield'}
2025-10-19 15:52:25,964 : INFO : EventManager : Event: ======'slide_base_created'====== Args={'_from_bcp': True}
2025-10-19 15:52:25,965 : INFO : EventManager : Event: ======'slide_score_overlay_created'====== Args={'_from_bcp': True}
2025-10-19 15:52:25,966 : INFO : EventManager : Event: ======'slide_attract_load_inactive'====== Args={'is_removing': True, '_from_bcp': True}
2025-10-19 15:52:25,966 : INFO : EventManager : Event: ======'slide_score_overlay_active'====== Args={'original_context': 'base', 'original_calling_context': 'mode_base_started', 'priority': 100.0, 'queue': '<QueuedEvent>', 'player': 1.0, 'ball': 1.0, 'balls_remaining': 2.0, 'is_extra_ball': False, 'cmd': 'slides_play', '_from_bcp': True}
2025-10-19 15:52:25,966 : INFO : ball_device.bd_plunger : Setting up player-controlled eject. Balls: 1, Target: <playfield.playfield>, player_controlled_eject_event: None
2025-10-19 15:52:25,967 : INFO : EventManager : Event: ======'balldevice_balls_available'====== Args={}
2025-10-19 15:52:25,968 : INFO : EventManager : Event: ======'play_base_video3'====== Args={'_from_bcp': True}
2025-10-19 15:52:25,969 : INFO : EventManager : Event: ======'slide_attract_load_removed'====== Args={'_from_bcp': True}
2025-10-19 15:52:25,971 : INFO : ball_device.bd_trough : State: waiting_for_target_ready
2025-10-19 15:52:25,971 : INFO : EventManager : Event: ======'balldevice_bd_trough_ball_eject_attempt'====== Args={'balls': 1, 'target': <ball_device.bd_plunger>, 'source': <ball_device.bd_trough>, 'mechanical_eject': True, 'num_attempts': 0}
2025-10-19 15:52:25,972 : INFO : ball_device.bd_plunger : State: waiting_for_ball
2025-10-19 15:52:25,973 : INFO : ball_device.bd_trough : State: ejecting
2025-10-19 15:52:25,974 : INFO : ball_device.bd_trough : Ejecting ball to <ball_device.bd_plunger>
2025-10-19 15:52:25,974 : INFO : EventManager : Event: ======'balldevice_bd_trough_ejecting_ball'====== Args={'balls': 1, 'target': <ball_device.bd_plunger>, 'source': <ball_device.bd_trough>, 'mechanical_eject': True, 'num_attempts': 0}
2025-10-19 15:52:25,975 : INFO : ball_device.bd_trough : Wait for ball to leave device
2025-10-19 15:52:25,976 : INFO : coil.c_trough_eject : Pulsing Driver for 20ms (1.0 pulse_power)
2025-10-19 15:52:25,976 : INFO : SwitchController : <<<<<<< 's_trough1' inactive >>>>>>>
2025-10-19 15:52:25,982 : INFO : EventManager : Event: ======'slide_current_mode_highlighted_created'====== Args={'_from_bcp': True}
2025-10-19 15:52:25,983 : INFO : ball_device.bd_trough : State: ball_left
2025-10-19 15:52:25,984 : INFO : ball_device.bd_trough : Ball left
2025-10-19 15:52:25,984 : INFO : ball_device.bd_trough : Wait for confirm with timeout 3.0
2025-10-19 15:52:26,076 : INFO : SwitchController : <<<<<<< 's_plunger' active >>>>>>>
2025-10-19 15:52:26,076 : INFO : EventManager : Event: ======'machine_var_audits_switches_s_plunger'====== Args={'value': 1137, 'prev_value': 1136, 'change': 1}
2025-10-19 15:52:26,261 : INFO : EventManager : Event: ======'slide_skillshot_overlay_created'====== Args={'_from_bcp': True}
2025-10-19 15:52:26,293 : INFO : EventManager : Event: ======'slide_basevideo3_created'====== Args={'_from_bcp': True}
2025-10-19 15:52:26,573 : INFO : ball_device.bd_plunger : Received ball from <ball_device.bd_trough>
2025-10-19 15:52:26,573 : INFO : EventManager : Event: ======'balldevice_bd_plunger_ball_enter'====== Args={'new_balls': 1, 'unclaimed_balls': 0, 'new_available_balls': 0, 'device': <ball_device.bd_plunger>}
2025-10-19 15:52:26,575 : INFO : EventManager : Event: ======'balldevice_bd_plunger_ball_entered'====== Args={'new_balls': 0, 'device': <ball_device.bd_plunger>}
2025-10-19 15:52:26,575 : INFO : EventManager : Event: ======'balldevice_bd_plunger_ball_count_changed'====== Args={'balls': 1}
2025-10-19 15:52:26,575 : INFO : ball_device.bd_trough : Got eject confirm
2025-10-19 15:52:26,575 : INFO : ball_device.bd_trough : Eject successful
2025-10-19 15:52:26,576 : INFO : EventManager : Event: ======'balldevice_bd_trough_ball_eject_success'====== Args={'balls': 1, 'target': <ball_device.bd_plunger>}
2025-10-19 15:52:26,576 : INFO : EventManager : Event: ======'balldevice_bd_trough_ball_count_changed'====== Args={'balls': 5}
2025-10-19 15:52:26,576 : INFO : ball_device.bd_trough : State: idle
2025-10-19 15:52:26,577 : INFO : ball_device.bd_plunger : State: waiting_for_target_ready
2025-10-19 15:52:26,577 : INFO : EventManager : Event: ======'balldevice_bd_plunger_ball_eject_attempt'====== Args={'balls': 1, 'target': <playfield.playfield>, 'source': <ball_device.bd_plunger>, 'mechanical_eject': True, 'num_attempts': 0}
2025-10-19 15:52:26,577 : INFO : ball_device.bd_plunger : State: ejecting
2025-10-19 15:52:26,577 : INFO : ball_device.bd_plunger : Ejecting ball to <playfield.playfield>
2025-10-19 15:52:26,577 : INFO : EventManager : Event: ======'balldevice_bd_plunger_ejecting_ball'====== Args={'balls': 1, 'target': <playfield.playfield>, 'source': <ball_device.bd_plunger>, 'mechanical_eject': True, 'num_attempts': 0}
2025-10-19 15:52:26,581 : INFO : ball_device.bd_plunger : Wait for ball to leave device
2025-10-19 15:52:27,845 : INFO : SwitchController : <<<<<<< 's_left_flipper' active >>>>>>>
2025-10-19 15:52:27,845 : INFO : EventManager : Event: ======'s_left_flipper_active'====== Args={}
2025-10-19 15:52:27,845 : INFO : EventManager : Event: ======'machine_var_audits_switches_s_left_flipper'====== Args={'value': 1269, 'prev_value': 1268, 'change': 1}
2025-10-19 15:52:27,978 : INFO : SwitchController : <<<<<<< 's_left_flipper' inactive >>>>>>>
2025-10-19 15:52:27,978 : INFO : EventManager : Event: ======'sw_left_flipper_inactive'====== Args={}
2025-10-19 15:52:28,460 : INFO : SwitchController : <<<<<<< 's_right_flipper' active >>>>>>>
2025-10-19 15:52:28,460 : INFO : EventManager : Event: ======'s_right_flipper_active'====== Args={}
2025-10-19 15:52:28,461 : INFO : EventManager : Event: ======'machine_var_audits_switches_s_right_flipper'====== Args={'value': 1544, 'prev_value': 1543, 'change': 1}
2025-10-19 15:52:28,613 : INFO : SwitchController : <<<<<<< 's_right_flipper' inactive >>>>>>>
2025-10-19 15:52:28,613 : INFO : EventManager : Event: ======'sw_right_flipper_inactive'====== Args={}
2025-10-19 15:52:28,926 : INFO : SwitchController : <<<<<<< 's_right_flipper' active >>>>>>>
2025-10-19 15:52:28,926 : INFO : EventManager : Event: ======'s_right_flipper_active'====== Args={}
2025-10-19 15:52:28,926 : INFO : EventManager : Event: ======'machine_var_audits_switches_s_right_flipper'====== Args={'value': 1545, 'prev_value': 1544, 'change': 1}
2025-10-19 15:52:29,060 : INFO : SwitchController : <<<<<<< 's_right_flipper' inactive >>>>>>>
2025-10-19 15:52:29,060 : INFO : EventManager : Event: ======'sw_right_flipper_inactive'====== Args={}
2025-10-19 15:52:29,326 : INFO : SwitchController : <<<<<<< 's_right_flipper' active >>>>>>>
2025-10-19 15:52:29,326 : INFO : EventManager : Event: ======'s_right_flipper_active'====== Args={}
2025-10-19 15:52:29,326 : INFO : EventManager : Event: ======'machine_var_audits_switches_s_right_flipper'====== Args={'value': 1546, 'prev_value': 1545, 'change': 1}
2025-10-19 15:52:29,459 : INFO : SwitchController : <<<<<<< 's_right_flipper' inactive >>>>>>>
2025-10-19 15:52:29,459 : INFO : EventManager : Event: ======'sw_right_flipper_inactive'====== Args={}
2025-10-19 15:52:29,876 : INFO : SwitchController : <<<<<<< 's_right_flipper' active >>>>>>>
2025-10-19 15:52:29,876 : INFO : EventManager : Event: ======'s_right_flipper_active'====== Args={}
2025-10-19 15:52:29,876 : INFO : EventManager : Event: ======'machine_var_audits_switches_s_right_flipper'====== Args={'value': 1547, 'prev_value': 1546, 'change': 1}
2025-10-19 15:52:30,009 : INFO : SwitchController : <<<<<<< 's_right_flipper' inactive >>>>>>>
2025-10-19 15:52:30,009 : INFO : EventManager : Event: ======'sw_right_flipper_inactive'====== Args={}
2025-10-19 15:52:30,277 : INFO : SwitchController : <<<<<<< 's_right_flipper' active >>>>>>>
2025-10-19 15:52:30,277 : INFO : EventManager : Event: ======'s_right_flipper_active'====== Args={}
2025-10-19 15:52:30,278 : INFO : EventManager : Event: ======'machine_var_audits_switches_s_right_flipper'====== Args={'value': 1548, 'prev_value': 1547, 'change': 1}
2025-10-19 15:52:30,376 : INFO : SwitchController : <<<<<<< 's_right_flipper' inactive >>>>>>>
2025-10-19 15:52:30,376 : INFO : EventManager : Event: ======'sw_right_flipper_inactive'====== Args={}
2025-10-19 15:52:30,457 : INFO : SwitchController : <<<<<<< 's_right_flipper' active >>>>>>>
2025-10-19 15:52:30,457 : INFO : EventManager : Event: ======'s_right_flipper_active'====== Args={}
2025-10-19 15:52:30,459 : INFO : EventManager : Event: ======'machine_var_audits_switches_s_right_flipper'====== Args={'value': 1549, 'prev_value': 1548, 'change': 1}
2025-10-19 15:52:30,588 : INFO : SwitchController : <<<<<<< 's_right_flipper' inactive >>>>>>>
2025-10-19 15:52:30,589 : INFO : EventManager : Event: ======'sw_right_flipper_inactive'====== Args={}
2025-10-19 15:52:30,692 : INFO : SwitchController : <<<<<<< 's_right_flipper' active >>>>>>>
2025-10-19 15:52:30,692 : INFO : EventManager : Event: ======'s_right_flipper_active'====== Args={}
2025-10-19 15:52:30,692 : INFO : EventManager : Event: ======'machine_var_audits_switches_s_right_flipper'====== Args={'value': 1550, 'prev_value': 1549, 'change': 1}
2025-10-19 15:52:30,811 : INFO : SwitchController : <<<<<<< 's_right_flipper' inactive >>>>>>>
2025-10-19 15:52:30,811 : INFO : EventManager : Event: ======'sw_right_flipper_inactive'====== Args={}
2025-10-19 15:52:30,891 : INFO : SwitchController : <<<<<<< 's_right_flipper' active >>>>>>>
2025-10-19 15:52:30,891 : INFO : EventManager : Event: ======'s_right_flipper_active'====== Args={}
2025-10-19 15:52:30,891 : INFO : EventManager : Event: ======'machine_var_audits_switches_s_right_flipper'====== Args={'value': 1551, 'prev_value': 1550, 'change': 1}
2025-10-19 15:52:31,009 : INFO : SwitchController : <<<<<<< 's_right_flipper' inactive >>>>>>>
2025-10-19 15:52:31,009 : INFO : EventManager : Event: ======'sw_right_flipper_inactive'====== Args={}
2025-10-19 15:52:32,158 : INFO : Machine : Shutting down...
2025-10-19 15:52:32,158 : INFO : EventManager : Event: ======'shutdown'====== Args={}
2025-10-19 15:52:32,159 : INFO : EventManager : Event: ======'mode_service_will_stop'====== Args={}
2025-10-19 15:52:32,159 : INFO : EventManager : Event: ======'mode_service_stopping'====== Args={}
2025-10-19 15:52:32,160 : INFO : Mode.service : Stopped.
2025-10-19 15:52:32,160 : INFO : EventManager : Event: ======'modes_active_modes_changed'====== Args={}
2025-10-19 15:52:32,160 : INFO : EventManager : Event: ======'mode_service_stopped'====== Args={}
2025-10-19 15:52:32,160 : INFO : EventManager : Event: ======'clear'====== Args={'key': 'service'}
2025-10-19 15:52:32,161 : INFO : EventManager : Event: ======'mode_game_will_stop'====== Args={}
2025-10-19 15:52:32,161 : INFO : EventManager : Event: ======'mode_game_stopping'====== Args={}
2025-10-19 15:52:32,162 : INFO : EventManager : Event: ======'mode_carousel_will_stop'====== Args={}
2025-10-19 15:52:32,162 : INFO : EventManager : Event: ======'mode_carousel_stopping'====== Args={}
2025-10-19 15:52:32,162 : INFO : EventManager : Event: ======'mode_multiball_will_stop'====== Args={}
2025-10-19 15:52:32,162 : INFO : EventManager : Event: ======'mode_multiball_stopping'====== Args={}
2025-10-19 15:52:32,162 : INFO : EventManager : Event: ======'mode_skill_shot_will_stop'====== Args={}
2025-10-19 15:52:32,162 : INFO : EventManager : Event: ======'mode_skill_shot_stopping'====== Args={}
2025-10-19 15:52:32,162 : INFO : EventManager : Event: ======'mode_base_will_stop'====== Args={}
2025-10-19 15:52:32,162 : INFO : EventManager : Event: ======'mode_base_stopping'====== Args={}
2025-10-19 15:52:32,163 : INFO : Mode.base : Stopped.
2025-10-19 15:52:32,163 : INFO : EventManager : Event: ======'modes_active_modes_changed'====== Args={}
2025-10-19 15:52:32,164 : INFO : EventManager : Event: ======'mode_base_stopped'====== Args={}
2025-10-19 15:52:32,164 : INFO : EventManager : Event: ======'clear'====== Args={'key': 'base'}
2025-10-19 15:52:32,165 : INFO : Mode.skill_shot : Stopped.
2025-10-19 15:52:32,165 : INFO : EventManager : Event: ======'modes_active_modes_changed'====== Args={}
2025-10-19 15:52:32,165 : INFO : EventManager : Event: ======'mode_skill_shot_stopped'====== Args={}
2025-10-19 15:52:32,165 : INFO : EventManager : Event: ======'clear'====== Args={'key': 'skill_shot'}
2025-10-19 15:52:32,166 : INFO : Timer.skill_shot_timeout : Stopping Timer
2025-10-19 15:52:32,166 : INFO : EventManager : Event: ======'timer_skill_shot_timeout_stopped'====== Args={'ticks': 0, 'ticks_remaining': 0}
2025-10-19 15:52:32,166 : INFO : Mode.multiball : Stopped.
2025-10-19 15:52:32,166 : INFO : EventManager : Event: ======'modes_active_modes_changed'====== Args={}
2025-10-19 15:52:32,166 : INFO : EventManager : Event: ======'mode_multiball_stopped'====== Args={}
2025-10-19 15:52:32,166 : INFO : EventManager : Event: ======'clear'====== Args={'key': 'multiball'}
2025-10-19 15:52:32,166 : INFO : Mode.carousel : Stopped.
2025-10-19 15:52:32,166 : INFO : EventManager : Event: ======'modes_active_modes_changed'====== Args={}
2025-10-19 15:52:32,166 : INFO : EventManager : Event: ======'mode_carousel_stopped'====== Args={}
2025-10-19 15:52:32,166 : INFO : EventManager : Event: ======'clear'====== Args={'key': 'carousel'}
2025-10-19 15:52:32,167 : INFO : Mode.game : Stopped.
2025-10-19 15:52:32,167 : INFO : EventManager : Event: ======'modes_active_modes_changed'====== Args={}
2025-10-19 15:52:32,167 : INFO : EventManager : Event: ======'mode_game_stopped'====== Args={}
2025-10-19 15:52:32,167 : INFO : EventManager : Event: ======'clear'====== Args={'key': 'game'}
2025-10-19 15:52:32,170 : INFO : root : MPF run loop ended.
