2025-10-19 13:40:02,455 : INFO : root : Loading config.
2025-10-19 13:40:02,460 : INFO : YamlMultifileConfigLoader : Machine config file #1: config.yaml
2025-10-19 13:40:02,461 : INFO : ConfigProcessor : Loading config from cache: C:\Users\sdona\AppData\Local\Temp\19f6d0d7953982fda9d956182316b8e5.mpf_cache
2025-10-19 13:40:02,560 : WARNING : ConfigProcessor : Config file in cache changed: C:\venv\mpf\mmmdrop\modes\attract\config\attract.yaml
2025-10-19 13:40:02,560 : INFO : ConfigProcessor : Loading config from file c:\venv\mpf\lib\site-packages\mpf\modes\attract\config\attract.yaml.
2025-10-19 13:40:02,562 : INFO : ConfigProcessor : Loading config: c:\venv\mpf\lib\site-packages\mpf\modes\attract\config\attract.yaml
2025-10-19 13:40:02,562 : INFO : ConfigProcessor : Loading config from file C:\venv\mpf\mmmdrop\modes\attract\config\attract.yaml.
2025-10-19 13:40:02,566 : INFO : ConfigProcessor : Loading config: C:\venv\mpf\mmmdrop\modes\attract\config\attract.yaml
2025-10-19 13:40:02,567 : INFO : ConfigProcessor : Config file cache created: C:\Users\sdona\AppData\Local\Temp\835b5bfea4be8b279a05e96caaaffbbb.mpf_cache
2025-10-19 13:40:02,567 : INFO : ConfigProcessor : Loading config from cache: C:\Users\sdona\AppData\Local\Temp\9b0a7575388f9d9bd2f6ab87bf9fd2f7.mpf_cache
2025-10-19 13:40:02,568 : INFO : ConfigProcessor : Loading config from cache: C:\Users\sdona\AppData\Local\Temp\c340ec0033d1055cd797ffd5447ef414.mpf_cache
2025-10-19 13:40:02,569 : INFO : ConfigProcessor : Loading config from cache: C:\Users\sdona\AppData\Local\Temp\835b5bfea4be8b279a05e96caaaffbbb.mpf_cache
2025-10-19 13:40:02,585 : INFO : ConfigProcessor : Loading config from cache: C:\Users\sdona\AppData\Local\Temp\8c11a28e3c38d4ad47947b6a126f2ee9.mpf_cache
2025-10-19 13:40:02,586 : INFO : ConfigProcessor : Loading config from cache: C:\Users\sdona\AppData\Local\Temp\e391083cdc9e667060411fe5838e93f2.mpf_cache
2025-10-19 13:40:02,587 : INFO : ConfigProcessor : Loading config from cache: C:\Users\sdona\AppData\Local\Temp\f0c219a993d891ee86dcb7eae47dde67.mpf_cache
2025-10-19 13:40:02,587 : INFO : ConfigProcessor : Loading config from cache: C:\Users\sdona\AppData\Local\Temp\96aa58108928490b129531848cd9b506.mpf_cache
2025-10-19 13:40:02,588 : INFO : ConfigProcessor : Loading config from cache: C:\Users\sdona\AppData\Local\Temp\567636b9d9766e3361204e954a8382da.mpf_cache
2025-10-19 13:40:02,589 : INFO : ConfigProcessor : Loading config from cache: C:\Users\sdona\AppData\Local\Temp\d5ead8dff868c6c4b1faf37537a19bc2.mpf_cache
2025-10-19 13:40:02,589 : INFO : ConfigProcessor : Loading config from cache: C:\Users\sdona\AppData\Local\Temp\112f935d1c2002cb40d3e6e497be9e7c.mpf_cache
2025-10-19 13:40:02,590 : INFO : ConfigProcessor : Loading config from cache: C:\Users\sdona\AppData\Local\Temp\aba0711976820dea629bb4c00b006efc.mpf_cache
2025-10-19 13:40:02,591 : INFO : ConfigProcessor : Loading config from cache: C:\Users\sdona\AppData\Local\Temp\de8ed6c6d4c48d1b5b054ff74222cb35.mpf_cache
2025-10-19 13:40:02,592 : INFO : Machine : Mission Pinball Framework Core Engine v0.80.0.dev9
2025-10-19 13:40:02,592 : INFO : Machine : Command line arguments: {'no_load_cache': False, 'create_config_cache': True, 'bcp': True, 'configfile': ['config.yaml'], 'force_assets_load': False, 'platform_integration_test': False, 'jsonlogging': False, 'logfile': 'logs\\2025-10-19-13-40-02-mpf-PinballLaptop.log', 'pause': False, 'production': False, 'text_ui': True, 'loglevel': 15, 'consoleloglevel': 20, 'force_platform': 'smart_virtual', 'syslog_address': None, 'full_logfile_path': 'C:\\venv\\mpf\\mmmdrop\\logs\\2025-10-19-13-40-02-mpf-PinballLaptop.log'}
2025-10-19 13:40:02,592 : INFO : Machine : MPF path: c:\venv\mpf\lib\site-packages\mpf
2025-10-19 13:40:02,592 : INFO : Machine : Machine path: C:\venv\mpf\mmmdrop
2025-10-19 13:40:02,592 : INFO : Machine : Platform: win32
2025-10-19 13:40:02,592 : INFO : Machine : Python executable location: c:\venv\mpf\Scripts\python.exe
2025-10-19 13:40:02,592 : INFO : Machine : Python version: 3.9.13 (64-bit)
2025-10-19 13:40:02,595 : INFO : Machine : Initializing MPF...
2025-10-19 13:40:02,796 : INFO : EventManager : Event: ======'machine_var_credits_string'====== Args={'value': 'FREE PLAY', 'prev_value': None, 'change': True}
2025-10-19 13:40:02,822 : INFO : EventManager : Event: ======'machine_var_fast_audio_headphones_volume'====== Args={'value': 10, 'prev_value': None, 'change': True}
2025-10-19 13:40:02,822 : INFO : EventManager : Event: ======'machine_var_fast_audio_main_volume'====== Args={'value': 44, 'prev_value': None, 'change': True}
2025-10-19 13:40:02,822 : INFO : EventManager : Event: ======'machine_var_master_volume'====== Args={'value': 0.55, 'prev_value': None, 'change': True}
2025-10-19 13:40:02,822 : INFO : EventManager : Event: ======'machine_var_player1_score'====== Args={'value': 6014430, 'prev_value': None, 'change': True}
2025-10-19 13:40:02,822 : INFO : EventManager : Event: ======'machine_var_game_just_played'====== Args={'value': 0, 'prev_value': None, 'change': True}
2025-10-19 13:40:02,822 : INFO : EventManager : Event: ======'machine_var_mpf_version'====== Args={'value': 'Mission Pinball Framework v0.80.0.dev9', 'prev_value': None, 'change': True}
2025-10-19 13:40:02,822 : INFO : EventManager : Event: ======'machine_var_mpf_extended_version'====== Args={'value': 'Mission Pinball Framework v0.80.0.dev9, Config version:6, Show version: 6, BCP version:1.1', 'prev_value': None, 'change': True}
2025-10-19 13:40:02,822 : INFO : EventManager : Event: ======'machine_var_python_version'====== Args={'value': '3.9.13', 'prev_value': None, 'change': True}
2025-10-19 13:40:02,851 : INFO : EventManager : Event: ======'machine_var_platform'====== Args={'value': 'Windows-10-10.0.26100-SP0', 'prev_value': None, 'change': True}
2025-10-19 13:40:02,851 : INFO : EventManager : Event: ======'machine_var_platform_system'====== Args={'value': 'Windows', 'prev_value': None, 'change': True}
2025-10-19 13:40:02,851 : INFO : EventManager : Event: ======'machine_var_platform_release'====== Args={'value': '10', 'prev_value': None, 'change': True}
2025-10-19 13:40:02,851 : INFO : EventManager : Event: ======'machine_var_platform_version'====== Args={'value': '10.0.26100', 'prev_value': None, 'change': True}
2025-10-19 13:40:02,851 : INFO : EventManager : Event: ======'machine_var_platform_machine'====== Args={'value': 'AMD64', 'prev_value': None, 'change': True}
2025-10-19 13:40:02,851 : INFO : EventManager : Event: ======'machine_var_log_file_path'====== Args={'value': 'C:\\venv\\mpf\\mmmdrop\\logs\\2025-10-19-13-40-02-mpf-PinballLaptop.log', 'prev_value': None, 'change': True}
2025-10-19 13:40:02,851 : INFO : EventManager : Event: ======'init_phase_1'====== Args={}
2025-10-19 13:40:02,897 : INFO : EventManager : Event: ======'drop_target_bank_three_bank_up'====== Args={}
2025-10-19 13:40:02,898 : INFO : EventManager : Event: ======'init_phase_2'====== Args={}
2025-10-19 13:40:02,898 : INFO : SwitchController : Found active switch: ('3208-0', <Platform.SmartVirtual>) <switch.s_trough1>
2025-10-19 13:40:02,898 : INFO : SwitchController : Found active switch: ('3208-1', <Platform.SmartVirtual>) <switch.s_trough2>
2025-10-19 13:40:02,898 : INFO : SwitchController : Found active switch: ('3208-2', <Platform.SmartVirtual>) <switch.s_trough3>
2025-10-19 13:40:02,898 : INFO : SwitchController : Found active switch: ('3208-3', <Platform.SmartVirtual>) <switch.s_trough4>
2025-10-19 13:40:02,899 : INFO : SwitchController : Found active switch: ('3208-4', <Platform.SmartVirtual>) <switch.s_trough5>
2025-10-19 13:40:02,899 : INFO : SwitchController : Found active switch: ('3208-5', <Platform.SmartVirtual>) <switch.s_trough6>
2025-10-19 13:40:02,912 : INFO : EventManager : Event: ======'bcp_connection_attempt'====== Args={'name': 'local_display', 'host': 'localhost', 'port': 5050}
2025-10-19 13:40:02,914 : INFO : BCPClientSocket : Connecting BCP to 'local_display' at localhost:5050...
2025-10-19 13:40:06,491 : INFO : BCPClientSocket : Connected BCP to 'local_display' localhost:5050
2025-10-19 13:40:06,491 : INFO : EventManager : Event: ======'bcp_clients_connected'====== Args={}
2025-10-19 13:40:06,647 : INFO : ball_device.bd_trough : BCH: Initial count: 6
2025-10-19 13:40:06,647 : INFO : ball_device.bd_trough : State: idle
2025-10-19 13:40:06,648 : INFO : ball_device.bd_plunger : BCH: Initial count: 0
2025-10-19 13:40:06,649 : INFO : ball_device.bd_plunger : State: idle
2025-10-19 13:40:06,650 : INFO : ball_device.bd_scoop : BCH: Initial count: 0
2025-10-19 13:40:06,650 : INFO : ball_device.bd_scoop : State: idle
2025-10-19 13:40:06,673 : INFO : EventManager : Event: ======'init_phase_3'====== Args={}
2025-10-19 13:40:06,743 : INFO : EventManager : Event: ======'init_phase_4'====== Args={}
2025-10-19 13:40:06,744 : INFO : BallController : Initial balls found: 6
2025-10-19 13:40:06,745 : INFO : EventManager : Event: ======'machine_var_audits_events_game_ended'====== Args={'value': 53, 'prev_value': None, 'change': True}
2025-10-19 13:40:06,745 : INFO : EventManager : Event: ======'machine_var_audits_events_game_started'====== Args={'value': 415, 'prev_value': None, 'change': True}
2025-10-19 13:40:06,745 : INFO : EventManager : Event: ======'machine_var_audits_missing_switches_s_captive_ball'====== Args={'value': 6, 'prev_value': None, 'change': True}
2025-10-19 13:40:06,745 : INFO : EventManager : Event: ======'machine_var_audits_missing_switches_s_center_upper_pop'====== Args={'value': 4, 'prev_value': None, 'change': True}
2025-10-19 13:40:06,745 : INFO : EventManager : Event: ======'machine_var_audits_missing_switches_s_inner_orbit'====== Args={'value': 71, 'prev_value': None, 'change': True}
2025-10-19 13:40:06,745 : INFO : EventManager : Event: ======'machine_var_audits_missing_switches_s_left_flipper'====== Args={'value': 18, 'prev_value': None, 'change': True}
2025-10-19 13:40:06,746 : INFO : EventManager : Event: ======'machine_var_audits_missing_switches_s_left_inlane'====== Args={'value': 71, 'prev_value': None, 'change': True}
2025-10-19 13:40:06,746 : INFO : EventManager : Event: ======'machine_var_audits_missing_switches_s_left_orbit'====== Args={'value': 6, 'prev_value': None, 'change': True}
2025-10-19 13:40:06,746 : INFO : EventManager : Event: ======'machine_var_audits_missing_switches_s_left_outlane'====== Args={'value': 159, 'prev_value': None, 'change': True}
2025-10-19 13:40:06,746 : INFO : EventManager : Event: ======'machine_var_audits_missing_switches_s_left_ramp'====== Args={'value': 4, 'prev_value': None, 'change': True}
2025-10-19 13:40:06,746 : INFO : EventManager : Event: ======'machine_var_audits_missing_switches_s_left_slingshot'====== Args={'value': 341, 'prev_value': None, 'change': True}
2025-10-19 13:40:06,746 : INFO : EventManager : Event: ======'machine_var_audits_missing_switches_s_left_upper_pop'====== Args={'value': 6, 'prev_value': None, 'change': True}
2025-10-19 13:40:06,746 : INFO : EventManager : Event: ======'machine_var_audits_missing_switches_s_pop_standup'====== Args={'value': 4, 'prev_value': None, 'change': True}
2025-10-19 13:40:06,747 : INFO : EventManager : Event: ======'machine_var_audits_missing_switches_s_right_flipper'====== Args={'value': 18, 'prev_value': None, 'change': True}
2025-10-19 13:40:06,747 : INFO : EventManager : Event: ======'machine_var_audits_missing_switches_s_right_inlane'====== Args={'value': 71, 'prev_value': None, 'change': True}
2025-10-19 13:40:06,747 : INFO : EventManager : Event: ======'machine_var_audits_missing_switches_s_right_orbit'====== Args={'value': 6, 'prev_value': None, 'change': True}
2025-10-19 13:40:06,747 : INFO : EventManager : Event: ======'machine_var_audits_missing_switches_s_right_outlane'====== Args={'value': 226, 'prev_value': None, 'change': True}
2025-10-19 13:40:06,747 : INFO : EventManager : Event: ======'machine_var_audits_missing_switches_s_right_ramp'====== Args={'value': 4, 'prev_value': None, 'change': True}
2025-10-19 13:40:06,747 : INFO : EventManager : Event: ======'machine_var_audits_missing_switches_s_right_slingshot'====== Args={'value': 191, 'prev_value': None, 'change': True}
2025-10-19 13:40:06,747 : INFO : EventManager : Event: ======'machine_var_audits_missing_switches_s_scoop'====== Args={'value': 3, 'prev_value': None, 'change': True}
2025-10-19 13:40:06,747 : INFO : EventManager : Event: ======'machine_var_audits_missing_switches_s_service_down'====== Args={'value': 60, 'prev_value': None, 'change': True}
2025-10-19 13:40:06,748 : INFO : EventManager : Event: ======'machine_var_audits_missing_switches_s_service_enter'====== Args={'value': 60, 'prev_value': None, 'change': True}
2025-10-19 13:40:06,748 : INFO : EventManager : Event: ======'machine_var_audits_missing_switches_s_service_esc'====== Args={'value': 60, 'prev_value': None, 'change': True}
2025-10-19 13:40:06,748 : INFO : EventManager : Event: ======'machine_var_audits_missing_switches_s_service_up'====== Args={'value': 33, 'prev_value': None, 'change': True}
2025-10-19 13:40:06,748 : INFO : EventManager : Event: ======'machine_var_audits_missing_switches_s_spinner'====== Args={'value': 4, 'prev_value': None, 'change': True}
2025-10-19 13:40:06,748 : INFO : EventManager : Event: ======'machine_var_audits_missing_switches_s_start'====== Args={'value': 4, 'prev_value': None, 'change': True}
2025-10-19 13:40:06,748 : INFO : EventManager : Event: ======'machine_var_audits_missing_switches_s_three_bank_standup'====== Args={'value': 4, 'prev_value': None, 'change': True}
2025-10-19 13:40:06,748 : INFO : EventManager : Event: ======'machine_var_audits_missing_switches_s_tilt_bob'====== Args={'value': 24, 'prev_value': None, 'change': True}
2025-10-19 13:40:06,748 : INFO : EventManager : Event: ======'machine_var_audits_missing_switches_s_top_right_flipper'====== Args={'value': 341, 'prev_value': None, 'change': True}
2025-10-19 13:40:06,748 : INFO : EventManager : Event: ======'machine_var_audits_missing_switches_s_trough2'====== Args={'value': 4, 'prev_value': None, 'change': True}
2025-10-19 13:40:06,748 : INFO : EventManager : Event: ======'machine_var_audits_missing_switches_s_trough3'====== Args={'value': 4, 'prev_value': None, 'change': True}
2025-10-19 13:40:06,748 : INFO : EventManager : Event: ======'machine_var_audits_missing_switches_s_trough4'====== Args={'value': 340, 'prev_value': None, 'change': True}
2025-10-19 13:40:06,749 : INFO : EventManager : Event: ======'machine_var_audits_missing_switches_s_trough5'====== Args={'value': 340, 'prev_value': None, 'change': True}
2025-10-19 13:40:06,749 : INFO : EventManager : Event: ======'machine_var_audits_missing_switches_s_trough6'====== Args={'value': 190, 'prev_value': None, 'change': True}
2025-10-19 13:40:06,749 : INFO : EventManager : Event: ======'machine_var_audits_missing_switches_s_trough_jam'====== Args={'value': 341, 'prev_value': None, 'change': True}
2025-10-19 13:40:06,749 : INFO : EventManager : Event: ======'machine_var_audits_missing_switches_s_tshirt_bottom_standup'====== Args={'value': 6, 'prev_value': None, 'change': True}
2025-10-19 13:40:06,749 : INFO : EventManager : Event: ======'machine_var_audits_missing_switches_s_tshirt_top_standup'====== Args={'value': 6, 'prev_value': None, 'change': True}
2025-10-19 13:40:06,749 : INFO : EventManager : Event: ======'machine_var_audits_missing_switches_s_upper_pop_standup'====== Args={'value': 6, 'prev_value': None, 'change': True}
2025-10-19 13:40:06,749 : INFO : EventManager : Event: ======'machine_var_audits_missing_switches_service_esc'====== Args={'value': 1, 'prev_value': None, 'change': True}
2025-10-19 13:40:06,749 : INFO : EventManager : Event: ======'machine_var_audits_player_score'====== Args={'value': {'average': 6749540, 'top': [147275560, 142237180, 6022290, 6019980, 6019980, 6019980, 6019980, 6019980, 6019980, 6019980], 'total': 54}, 'prev_value': None, 'change': True}
2025-10-19 13:40:06,749 : INFO : EventManager : Event: ======'machine_var_audits_shots_skill_captive'====== Args={'value': 16, 'prev_value': None, 'change': True}
2025-10-19 13:40:06,749 : INFO : EventManager : Event: ======'machine_var_audits_shots_skill_drop_targets'====== Args={'value': 228, 'prev_value': None, 'change': True}
2025-10-19 13:40:06,749 : INFO : EventManager : Event: ======'machine_var_audits_shots_skill_side_targets'====== Args={'value': 27, 'prev_value': None, 'change': True}
2025-10-19 13:40:06,749 : INFO : EventManager : Event: ======'machine_var_audits_switches_s_captive_ball'====== Args={'value': 187, 'prev_value': None, 'change': True}
2025-10-19 13:40:06,749 : INFO : EventManager : Event: ======'machine_var_audits_switches_s_center_upper_pop'====== Args={'value': 219, 'prev_value': None, 'change': True}
2025-10-19 13:40:06,750 : INFO : EventManager : Event: ======'machine_var_audits_switches_s_inner_orbit'====== Args={'value': 1, 'prev_value': None, 'change': True}
2025-10-19 13:40:06,750 : INFO : EventManager : Event: ======'machine_var_audits_switches_s_left_flipper'====== Args={'value': 1261, 'prev_value': None, 'change': True}
2025-10-19 13:40:06,750 : INFO : EventManager : Event: ======'machine_var_audits_switches_s_left_inlane'====== Args={'value': 111, 'prev_value': None, 'change': True}
2025-10-19 13:40:06,750 : INFO : EventManager : Event: ======'machine_var_audits_switches_s_left_orbit'====== Args={'value': 61, 'prev_value': None, 'change': True}
2025-10-19 13:40:06,750 : INFO : EventManager : Event: ======'machine_var_audits_switches_s_left_outlane'====== Args={'value': 56, 'prev_value': None, 'change': True}
2025-10-19 13:40:06,750 : INFO : EventManager : Event: ======'machine_var_audits_switches_s_left_ramp'====== Args={'value': 133, 'prev_value': None, 'change': True}
2025-10-19 13:40:06,750 : INFO : EventManager : Event: ======'machine_var_audits_switches_s_left_slingshot'====== Args={'value': 259, 'prev_value': None, 'change': True}
2025-10-19 13:40:06,750 : INFO : EventManager : Event: ======'machine_var_audits_switches_s_left_upper_pop'====== Args={'value': 160, 'prev_value': None, 'change': True}
2025-10-19 13:40:06,750 : INFO : EventManager : Event: ======'machine_var_audits_switches_s_plunger'====== Args={'value': 1111, 'prev_value': None, 'change': True}
2025-10-19 13:40:06,750 : INFO : EventManager : Event: ======'machine_var_audits_switches_s_pop_standup'====== Args={'value': 120, 'prev_value': None, 'change': True}
2025-10-19 13:40:06,750 : INFO : EventManager : Event: ======'machine_var_audits_switches_s_right_flipper'====== Args={'value': 1535, 'prev_value': None, 'change': True}
2025-10-19 13:40:06,750 : INFO : EventManager : Event: ======'machine_var_audits_switches_s_right_inlane'====== Args={'value': 107, 'prev_value': None, 'change': True}
2025-10-19 13:40:06,751 : INFO : EventManager : Event: ======'machine_var_audits_switches_s_right_lower_pop'====== Args={'value': 725, 'prev_value': None, 'change': True}
2025-10-19 13:40:06,751 : INFO : EventManager : Event: ======'machine_var_audits_switches_s_right_orbit'====== Args={'value': 63, 'prev_value': None, 'change': True}
2025-10-19 13:40:06,751 : INFO : EventManager : Event: ======'machine_var_audits_switches_s_right_outlane'====== Args={'value': 53, 'prev_value': None, 'change': True}
2025-10-19 13:40:06,751 : INFO : EventManager : Event: ======'machine_var_audits_switches_s_right_ramp'====== Args={'value': 147, 'prev_value': None, 'change': True}
2025-10-19 13:40:06,751 : INFO : EventManager : Event: ======'machine_var_audits_switches_s_right_slingshot'====== Args={'value': 366, 'prev_value': None, 'change': True}
2025-10-19 13:40:06,751 : INFO : EventManager : Event: ======'machine_var_audits_switches_s_scoop'====== Args={'value': 336, 'prev_value': None, 'change': True}
2025-10-19 13:40:06,751 : INFO : EventManager : Event: ======'machine_var_audits_switches_s_service_down'====== Args={'value': 0, 'prev_value': None, 'change': True}
2025-10-19 13:40:06,751 : INFO : EventManager : Event: ======'machine_var_audits_switches_s_service_enter'====== Args={'value': 0, 'prev_value': None, 'change': True}
2025-10-19 13:40:06,751 : INFO : EventManager : Event: ======'machine_var_audits_switches_s_service_esc'====== Args={'value': 0, 'prev_value': None, 'change': True}
2025-10-19 13:40:06,751 : INFO : EventManager : Event: ======'machine_var_audits_switches_s_service_up'====== Args={'value': 1, 'prev_value': None, 'change': True}
2025-10-19 13:40:06,751 : INFO : EventManager : Event: ======'machine_var_audits_switches_s_spinner'====== Args={'value': 2058, 'prev_value': None, 'change': True}
2025-10-19 13:40:06,751 : INFO : EventManager : Event: ======'machine_var_audits_switches_s_start'====== Args={'value': 64, 'prev_value': None, 'change': True}
2025-10-19 13:40:06,751 : INFO : EventManager : Event: ======'machine_var_audits_switches_s_three_bank_bottom'====== Args={'value': 482, 'prev_value': None, 'change': True}
2025-10-19 13:40:06,752 : INFO : EventManager : Event: ======'machine_var_audits_switches_s_three_bank_middle'====== Args={'value': 524, 'prev_value': None, 'change': True}
2025-10-19 13:40:06,752 : INFO : EventManager : Event: ======'machine_var_audits_switches_s_three_bank_standup'====== Args={'value': 237, 'prev_value': None, 'change': True}
2025-10-19 13:40:06,752 : INFO : EventManager : Event: ======'machine_var_audits_switches_s_three_bank_top'====== Args={'value': 524, 'prev_value': None, 'change': True}
2025-10-19 13:40:06,752 : INFO : EventManager : Event: ======'machine_var_audits_switches_s_tilt_bob'====== Args={'value': 45, 'prev_value': None, 'change': True}
2025-10-19 13:40:06,752 : INFO : EventManager : Event: ======'machine_var_audits_switches_s_top_right_flipper'====== Args={'value': 1294, 'prev_value': None, 'change': True}
2025-10-19 13:40:06,752 : INFO : EventManager : Event: ======'machine_var_audits_switches_s_trough1'====== Args={'value': 352, 'prev_value': None, 'change': True}
2025-10-19 13:40:06,752 : INFO : EventManager : Event: ======'machine_var_audits_switches_s_trough2'====== Args={'value': 300, 'prev_value': None, 'change': True}
2025-10-19 13:40:06,752 : INFO : EventManager : Event: ======'machine_var_audits_switches_s_trough3'====== Args={'value': 226, 'prev_value': None, 'change': True}
2025-10-19 13:40:06,752 : INFO : EventManager : Event: ======'machine_var_audits_switches_s_trough4'====== Args={'value': 160, 'prev_value': None, 'change': True}
2025-10-19 13:40:06,752 : INFO : EventManager : Event: ======'machine_var_audits_switches_s_trough5'====== Args={'value': 160, 'prev_value': None, 'change': True}
2025-10-19 13:40:06,752 : INFO : EventManager : Event: ======'machine_var_audits_switches_s_trough6'====== Args={'value': 161, 'prev_value': None, 'change': True}
2025-10-19 13:40:06,752 : INFO : EventManager : Event: ======'machine_var_audits_switches_s_trough_jam'====== Args={'value': 206, 'prev_value': None, 'change': True}
2025-10-19 13:40:06,753 : INFO : EventManager : Event: ======'machine_var_audits_switches_s_tshirt_bottom_standup'====== Args={'value': 36, 'prev_value': None, 'change': True}
2025-10-19 13:40:06,753 : INFO : EventManager : Event: ======'machine_var_audits_switches_s_tshirt_top_standup'====== Args={'value': 64, 'prev_value': None, 'change': True}
2025-10-19 13:40:06,753 : INFO : EventManager : Event: ======'machine_var_audits_switches_s_upper_pop_standup'====== Args={'value': 173, 'prev_value': None, 'change': True}
2025-10-19 13:40:06,753 : INFO : EventManager : Event: ======'machine_var_audits_switches_service_down'====== Args={'value': 1, 'prev_value': None, 'change': True}
2025-10-19 13:40:06,754 : INFO : EventManager : Event: ======'machine_var_audits_switches_service_enter'====== Args={'value': 2, 'prev_value': None, 'change': True}
2025-10-19 13:40:06,754 : INFO : EventManager : Event: ======'machine_var_audits_switches_service_esc'====== Args={'value': 0, 'prev_value': None, 'change': True}
2025-10-19 13:40:06,754 : INFO : EventManager : Event: ======'machine_var_audits_switches_service_up'====== Args={'value': 2, 'prev_value': None, 'change': True}
2025-10-19 13:40:06,754 : INFO : EventManager : Event: ======'init_phase_5'====== Args={}
2025-10-19 13:40:06,772 : INFO : EventManager : Event: ======'init_done'====== Args={}
2025-10-19 13:40:06,773 : INFO : EventManager : Event: ======'machine_reset_phase_1'====== Args={}
2025-10-19 13:40:06,781 : INFO : EventManager : Event: ======'machine_reset_phase_2'====== Args={}
2025-10-19 13:40:06,781 : INFO : EventManager : Event: ======'game_just_played'====== Args={'priority': 0, 'action': 'set_machine', 'int': 0}
2025-10-19 13:40:06,781 : INFO : EventManager : Event: ======'machine_reset_phase_3'====== Args={}
2025-10-19 13:40:06,781 : INFO : EventManager : Event: ======'mode_tilt_will_start'====== Args={'queue': <QueuedEvent>}
2025-10-19 13:40:06,782 : INFO : EventManager : Event: ======'mode_tilt_starting'====== Args={'queue': <QueuedEvent>}
2025-10-19 13:40:06,783 : INFO : drop_target_bank.three_bank : All targets are already up. Will not reset bank.
2025-10-19 13:40:06,783 : INFO : Mode.tilt : Started. Priority: 1000000
2025-10-19 13:40:06,783 : INFO : EventManager : Event: ======'modes_active_modes_changed'====== Args={}
2025-10-19 13:40:06,783 : INFO : EventManager : Event: ======'mode_tilt_started'====== Args={'queue': <QueuedEvent>}
2025-10-19 13:40:06,785 : INFO : EventManager : Event: ======'reset_complete'====== Args={}
2025-10-19 13:40:06,786 : INFO : EventManager : Event: ======'mode_service_will_start'====== Args={}
2025-10-19 13:40:06,787 : INFO : EventManager : Event: ======'mode_service_starting'====== Args={}
2025-10-19 13:40:06,787 : INFO : EventManager : Event: ======'mode_attract_will_start'====== Args={}
2025-10-19 13:40:06,788 : INFO : Timer.attract_intro_timer : Starting Timer.
2025-10-19 13:40:06,788 : INFO : EventManager : Event: ======'timer_attract_intro_timer_started'====== Args={'ticks': 0, 'ticks_remaining': 16}
2025-10-19 13:40:06,788 : INFO : EventManager : Event: ======'timer_attract_intro_timer_tick'====== Args={'ticks': 0, 'ticks_remaining': 16}
2025-10-19 13:40:06,791 : INFO : EventManager : Event: ======'mode_attract_starting'====== Args={}
2025-10-19 13:40:06,791 : INFO : Mode.attract : Started. Priority: 10
2025-10-19 13:40:06,791 : INFO : EventManager : Event: ======'modes_active_modes_changed'====== Args={}
2025-10-19 13:40:06,791 : INFO : EventManager : Event: ======'mode_attract_started'====== Args={}
2025-10-19 13:40:06,792 : INFO : EventManager : Event: ======'timer_attract_intro_timer_tick'====== Args={'ticks': 0, 'ticks_remaining': 16}
2025-10-19 13:40:06,793 : INFO : EventManager : Event: ======'collecting_balls_complete'====== Args={}
2025-10-19 13:40:06,793 : INFO : EventManager : Event: ======'item_highlighted'====== Args={'carousel': 'attract', 'direction': None, 'item': 'mpf_logo'}
2025-10-19 13:40:06,795 : INFO : Timer.attract_carousel_timer : Starting Timer.
2025-10-19 13:40:06,795 : INFO : EventManager : Event: ======'timer_attract_carousel_timer_started'====== Args={'ticks': 0, 'ticks_remaining': 1}
2025-10-19 13:40:06,795 : INFO : EventManager : Event: ======'timer_attract_carousel_timer_tick'====== Args={'ticks': 0, 'ticks_remaining': 1}
2025-10-19 13:40:06,795 : INFO : Mode.service : Started. Priority: 100000
2025-10-19 13:40:06,795 : INFO : EventManager : Event: ======'modes_active_modes_changed'====== Args={}
2025-10-19 13:40:06,795 : INFO : EventManager : Event: ======'mode_service_started'====== Args={}
2025-10-19 13:40:06,817 : INFO : EventManager : Event: ======'slide_loading_created'====== Args={'_from_bcp': True}
2025-10-19 13:40:06,817 : INFO : EventManager : Event: ======'slide__removed'====== Args={'_from_bcp': True}
2025-10-19 13:40:06,817 : INFO : EventManager : Event: ======'slide_loading_active'====== Args={'original_context': '_global', 'original_calling_context': 'init_done', 'priority': 0.0, 'cmd': 'slides_play', '_from_bcp': True}
2025-10-19 13:40:06,818 : INFO : Machine : Starting the main run loop with active modes: [<Mode.tilt>, <Mode.service>, <Mode.attract>]
2025-10-19 13:40:06,849 : INFO : BcpServer : New client connected.
2025-10-19 13:40:06,862 : INFO : EventManager : Event: ======'slide_attract_load_created'====== Args={'_from_bcp': True}
2025-10-19 13:40:06,863 : INFO : EventManager : Event: ======'slide_loading_inactive'====== Args={'is_removing': True, '_from_bcp': True}
2025-10-19 13:40:06,865 : INFO : EventManager : Event: ======'slide_attract_load_active'====== Args={'original_context': 'attract', 'original_calling_context': 'mode_attract_started{machine.game_just_played==0}', 'priority': 10.0, 'cmd': 'slides_play', '_from_bcp': True}
2025-10-19 13:40:06,866 : INFO : EventManager : Event: ======'slide_loading_removed'====== Args={'_from_bcp': True}
2025-10-19 13:40:07,810 : INFO : EventManager : Event: ======'timer_attract_intro_timer_tick'====== Args={'ticks': 1, 'ticks_remaining': 15}
2025-10-19 13:40:08,787 : INFO : EventManager : Event: ======'timer_attract_intro_timer_tick'====== Args={'ticks': 2, 'ticks_remaining': 14}
2025-10-19 13:40:09,793 : INFO : EventManager : Event: ======'timer_attract_intro_timer_tick'====== Args={'ticks': 3, 'ticks_remaining': 13}
2025-10-19 13:40:10,802 : INFO : EventManager : Event: ======'timer_attract_intro_timer_tick'====== Args={'ticks': 4, 'ticks_remaining': 12}
2025-10-19 13:40:11,795 : INFO : EventManager : Event: ======'timer_attract_intro_timer_tick'====== Args={'ticks': 5, 'ticks_remaining': 11}
2025-10-19 13:40:11,796 : INFO : Timer.attract_carousel_timer : Timer Complete
2025-10-19 13:40:11,796 : INFO : Timer.attract_carousel_timer : Stopping Timer
2025-10-19 13:40:11,797 : INFO : EventManager : Event: ======'timer_attract_carousel_timer_stopped'====== Args={'ticks': 1, 'ticks_remaining': 1}
2025-10-19 13:40:11,797 : INFO : EventManager : Event: ======'timer_attract_carousel_timer_complete'====== Args={'ticks': 1, 'ticks_remaining': 1}
2025-10-19 13:40:11,798 : INFO : EventManager : Event: ======'item_highlighted'====== Args={'carousel': 'attract', 'direction': 'forwards', 'item': 'fast_logo'}
2025-10-19 13:40:11,799 : INFO : Timer.attract_carousel_timer : Starting Timer.
2025-10-19 13:40:11,800 : INFO : EventManager : Event: ======'timer_attract_carousel_timer_started'====== Args={'ticks': 0, 'ticks_remaining': 1}
2025-10-19 13:40:11,800 : INFO : EventManager : Event: ======'timer_attract_carousel_timer_tick'====== Args={'ticks': 0, 'ticks_remaining': 1}
2025-10-19 13:40:12,790 : INFO : EventManager : Event: ======'timer_attract_intro_timer_tick'====== Args={'ticks': 6, 'ticks_remaining': 10}
2025-10-19 13:40:13,799 : INFO : EventManager : Event: ======'timer_attract_intro_timer_tick'====== Args={'ticks': 7, 'ticks_remaining': 9}
2025-10-19 13:40:14,792 : INFO : EventManager : Event: ======'timer_attract_intro_timer_tick'====== Args={'ticks': 8, 'ticks_remaining': 8}
2025-10-19 13:40:15,800 : INFO : EventManager : Event: ======'timer_attract_intro_timer_tick'====== Args={'ticks': 9, 'ticks_remaining': 7}
2025-10-19 13:40:16,814 : INFO : EventManager : Event: ======'timer_attract_intro_timer_tick'====== Args={'ticks': 10, 'ticks_remaining': 6}
2025-10-19 13:40:16,816 : INFO : Timer.attract_carousel_timer : Timer Complete
2025-10-19 13:40:16,816 : INFO : Timer.attract_carousel_timer : Stopping Timer
2025-10-19 13:40:16,816 : INFO : EventManager : Event: ======'timer_attract_carousel_timer_stopped'====== Args={'ticks': 1, 'ticks_remaining': 1}
2025-10-19 13:40:16,816 : INFO : EventManager : Event: ======'timer_attract_carousel_timer_complete'====== Args={'ticks': 1, 'ticks_remaining': 1}
2025-10-19 13:40:16,817 : INFO : EventManager : Event: ======'item_highlighted'====== Args={'carousel': 'attract', 'direction': 'forwards', 'item': 'specialthanks'}
2025-10-19 13:40:16,819 : INFO : Timer.attract_carousel_timer : Starting Timer.
2025-10-19 13:40:16,819 : INFO : EventManager : Event: ======'timer_attract_carousel_timer_started'====== Args={'ticks': 0, 'ticks_remaining': 1}
2025-10-19 13:40:16,820 : INFO : EventManager : Event: ======'timer_attract_carousel_timer_tick'====== Args={'ticks': 0, 'ticks_remaining': 1}
2025-10-19 13:40:17,791 : INFO : EventManager : Event: ======'timer_attract_intro_timer_tick'====== Args={'ticks': 11, 'ticks_remaining': 5}
2025-10-19 13:40:18,802 : INFO : EventManager : Event: ======'timer_attract_intro_timer_tick'====== Args={'ticks': 12, 'ticks_remaining': 4}
2025-10-19 13:40:19,812 : INFO : EventManager : Event: ======'timer_attract_intro_timer_tick'====== Args={'ticks': 13, 'ticks_remaining': 3}
2025-10-19 13:40:20,793 : INFO : EventManager : Event: ======'timer_attract_intro_timer_tick'====== Args={'ticks': 14, 'ticks_remaining': 2}
2025-10-19 13:40:21,801 : INFO : EventManager : Event: ======'timer_attract_intro_timer_tick'====== Args={'ticks': 15, 'ticks_remaining': 1}
2025-10-19 13:40:21,832 : INFO : Timer.attract_carousel_timer : Timer Complete
2025-10-19 13:40:21,832 : INFO : Timer.attract_carousel_timer : Stopping Timer
2025-10-19 13:40:21,833 : INFO : EventManager : Event: ======'timer_attract_carousel_timer_stopped'====== Args={'ticks': 1, 'ticks_remaining': 1}
2025-10-19 13:40:21,833 : INFO : EventManager : Event: ======'timer_attract_carousel_timer_complete'====== Args={'ticks': 1, 'ticks_remaining': 1}
2025-10-19 13:40:21,833 : INFO : EventManager : Event: ======'item_highlighted'====== Args={'carousel': 'attract', 'direction': 'forwards', 'item': 'credits'}
2025-10-19 13:40:21,836 : INFO : Timer.attract_carousel_timer : Starting Timer.
2025-10-19 13:40:21,836 : INFO : EventManager : Event: ======'timer_attract_carousel_timer_started'====== Args={'ticks': 0, 'ticks_remaining': 1}
2025-10-19 13:40:21,836 : INFO : EventManager : Event: ======'timer_attract_carousel_timer_tick'====== Args={'ticks': 0, 'ticks_remaining': 1}
2025-10-19 13:40:22,808 : INFO : Timer.attract_intro_timer : Timer Complete
2025-10-19 13:40:22,808 : INFO : Timer.attract_intro_timer : Stopping Timer
2025-10-19 13:40:22,808 : INFO : EventManager : Event: ======'timer_attract_intro_timer_stopped'====== Args={'ticks': 16, 'ticks_remaining': 1}
2025-10-19 13:40:22,808 : INFO : EventManager : Event: ======'timer_attract_intro_timer_complete'====== Args={'ticks': 16, 'ticks_remaining': 1}
2025-10-19 13:40:22,839 : INFO : EventManager : Event: ======'slide_attract_created'====== Args={'_from_bcp': True}
2025-10-19 13:40:22,840 : INFO : EventManager : Event: ======'slide_attract_load_inactive'====== Args={'is_removing': True, '_from_bcp': True}
2025-10-19 13:40:22,840 : INFO : EventManager : Event: ======'slide_attract_active'====== Args={'original_context': 'attract', 'original_calling_context': 'timer_attract_intro_timer_complete{machine.game_just_played==0}', 'priority': 10.0, 'ticks': 16.0, 'ticks_remaining': 1.0, 'cmd': 'slides_play', '_from_bcp': True}
2025-10-19 13:40:22,849 : INFO : EventManager : Event: ======'slide_attract_load_removed'====== Args={'_from_bcp': True}
2025-10-19 13:40:26,863 : INFO : Timer.attract_carousel_timer : Timer Complete
2025-10-19 13:40:26,864 : INFO : Timer.attract_carousel_timer : Stopping Timer
2025-10-19 13:40:26,864 : INFO : EventManager : Event: ======'timer_attract_carousel_timer_stopped'====== Args={'ticks': 1, 'ticks_remaining': 1}
2025-10-19 13:40:26,864 : INFO : EventManager : Event: ======'timer_attract_carousel_timer_complete'====== Args={'ticks': 1, 'ticks_remaining': 1}
2025-10-19 13:40:26,865 : INFO : EventManager : Event: ======'item_highlighted'====== Args={'carousel': 'attract', 'direction': 'forwards', 'item': 'pressstart'}
2025-10-19 13:40:26,867 : INFO : Timer.attract_carousel_timer : Starting Timer.
2025-10-19 13:40:26,867 : INFO : EventManager : Event: ======'timer_attract_carousel_timer_started'====== Args={'ticks': 0, 'ticks_remaining': 1}
2025-10-19 13:40:26,867 : INFO : EventManager : Event: ======'timer_attract_carousel_timer_tick'====== Args={'ticks': 0, 'ticks_remaining': 1}
2025-10-19 13:40:26,876 : INFO : EventManager : Event: ======'widget_attract_pressstart_active'====== Args={'original_context': 'attract', 'original_calling_context': 'item_highlighted{item=="pressstart"}', 'priority': 10.0, 'carousel': 'attract', 'direction': 'forwards', 'item': 'pressstart', 'cmd': 'widgets_play', '_from_bcp': True}
2025-10-19 13:40:31,874 : INFO : Timer.attract_carousel_timer : Timer Complete
2025-10-19 13:40:31,874 : INFO : Timer.attract_carousel_timer : Stopping Timer
2025-10-19 13:40:31,874 : INFO : EventManager : Event: ======'timer_attract_carousel_timer_stopped'====== Args={'ticks': 1, 'ticks_remaining': 1}
2025-10-19 13:40:31,876 : INFO : EventManager : Event: ======'timer_attract_carousel_timer_complete'====== Args={'ticks': 1, 'ticks_remaining': 1}
2025-10-19 13:40:31,876 : INFO : EventManager : Event: ======'item_highlighted'====== Args={'carousel': 'attract', 'direction': 'forwards', 'item': 'version'}
2025-10-19 13:40:31,878 : INFO : Timer.attract_carousel_timer : Starting Timer.
2025-10-19 13:40:31,878 : INFO : EventManager : Event: ======'timer_attract_carousel_timer_started'====== Args={'ticks': 0, 'ticks_remaining': 1}
2025-10-19 13:40:31,878 : INFO : EventManager : Event: ======'timer_attract_carousel_timer_tick'====== Args={'ticks': 0, 'ticks_remaining': 1}
2025-10-19 13:40:31,900 : INFO : EventManager : Event: ======'widget_attract_pressstart_removed'====== Args={'_from_bcp': True}
2025-10-19 13:40:31,903 : INFO : EventManager : Event: ======'widget_attract_version_active'====== Args={'original_context': 'attract', 'original_calling_context': 'item_highlighted{item=="version"}', 'priority': 10.0, 'carousel': 'attract', 'direction': 'forwards', 'item': 'version', 'cmd': 'widgets_play', '_from_bcp': True}
2025-10-19 13:40:36,880 : INFO : Timer.attract_carousel_timer : Timer Complete
2025-10-19 13:40:36,880 : INFO : Timer.attract_carousel_timer : Stopping Timer
2025-10-19 13:40:36,880 : INFO : EventManager : Event: ======'timer_attract_carousel_timer_stopped'====== Args={'ticks': 1, 'ticks_remaining': 1}
2025-10-19 13:40:36,881 : INFO : EventManager : Event: ======'timer_attract_carousel_timer_complete'====== Args={'ticks': 1, 'ticks_remaining': 1}
2025-10-19 13:40:36,881 : INFO : EventManager : Event: ======'item_highlighted'====== Args={'carousel': 'attract', 'direction': 'forwards', 'item': 'makercredits'}
2025-10-19 13:40:36,884 : INFO : Timer.attract_carousel_timer : Starting Timer.
2025-10-19 13:40:36,884 : INFO : EventManager : Event: ======'timer_attract_carousel_timer_started'====== Args={'ticks': 0, 'ticks_remaining': 1}
2025-10-19 13:40:36,884 : INFO : EventManager : Event: ======'timer_attract_carousel_timer_tick'====== Args={'ticks': 0, 'ticks_remaining': 1}
2025-10-19 13:40:36,912 : INFO : EventManager : Event: ======'widget_version_removed'====== Args={'_from_bcp': True}
2025-10-19 13:40:36,916 : INFO : EventManager : Event: ======'widget_attract_makercredits_active'====== Args={'original_context': 'attract', 'original_calling_context': 'item_highlighted{item=="makercredits"}', 'priority': 10.0, 'carousel': 'attract', 'direction': 'forwards', 'item': 'makercredits', 'cmd': 'widgets_play', '_from_bcp': True}
2025-10-19 13:40:41,903 : INFO : Timer.attract_carousel_timer : Timer Complete
2025-10-19 13:40:41,903 : INFO : Timer.attract_carousel_timer : Stopping Timer
2025-10-19 13:40:41,903 : INFO : EventManager : Event: ======'timer_attract_carousel_timer_stopped'====== Args={'ticks': 1, 'ticks_remaining': 1}
2025-10-19 13:40:41,904 : INFO : EventManager : Event: ======'timer_attract_carousel_timer_complete'====== Args={'ticks': 1, 'ticks_remaining': 1}
2025-10-19 13:40:41,904 : INFO : EventManager : Event: ======'item_highlighted'====== Args={'carousel': 'attract', 'direction': 'forwards', 'item': 'dedicated'}
2025-10-19 13:40:41,906 : INFO : Timer.attract_carousel_timer : Starting Timer.
2025-10-19 13:40:41,906 : INFO : EventManager : Event: ======'timer_attract_carousel_timer_started'====== Args={'ticks': 0, 'ticks_remaining': 1}
2025-10-19 13:40:41,906 : INFO : EventManager : Event: ======'timer_attract_carousel_timer_tick'====== Args={'ticks': 0, 'ticks_remaining': 1}
2025-10-19 13:40:41,915 : INFO : EventManager : Event: ======'widget_makercredits_removed'====== Args={'_from_bcp': True}
2025-10-19 13:40:41,926 : INFO : EventManager : Event: ======'widget_attract_dedicated_active'====== Args={'original_context': 'attract', 'original_calling_context': 'item_highlighted{item=="dedicated"}', 'priority': 10.0, 'carousel': 'attract', 'direction': 'forwards', 'item': 'dedicated', 'cmd': 'widgets_play', '_from_bcp': True}
2025-10-19 13:40:46,904 : INFO : Timer.attract_carousel_timer : Timer Complete
2025-10-19 13:40:46,904 : INFO : Timer.attract_carousel_timer : Stopping Timer
2025-10-19 13:40:46,905 : INFO : EventManager : Event: ======'timer_attract_carousel_timer_stopped'====== Args={'ticks': 1, 'ticks_remaining': 1}
2025-10-19 13:40:46,905 : INFO : EventManager : Event: ======'timer_attract_carousel_timer_complete'====== Args={'ticks': 1, 'ticks_remaining': 1}
2025-10-19 13:40:46,905 : INFO : EventManager : Event: ======'item_highlighted'====== Args={'carousel': 'attract', 'direction': 'forwards', 'item': 'mpf_logo'}
2025-10-19 13:40:46,908 : INFO : Timer.attract_carousel_timer : Starting Timer.
2025-10-19 13:40:46,909 : INFO : EventManager : Event: ======'timer_attract_carousel_timer_started'====== Args={'ticks': 0, 'ticks_remaining': 1}
2025-10-19 13:40:46,909 : INFO : EventManager : Event: ======'timer_attract_carousel_timer_tick'====== Args={'ticks': 0, 'ticks_remaining': 1}
2025-10-19 13:40:46,923 : INFO : EventManager : Event: ======'widget_dedicated_removed'====== Args={'_from_bcp': True}
2025-10-19 13:40:46,926 : INFO : EventManager : Event: ======'widget_attract_mpf_logo_active'====== Args={'original_context': 'attract', 'original_calling_context': 'item_highlighted{item=="mpf_logo"}', 'priority': 10.0, 'carousel': 'attract', 'direction': 'forwards', 'item': 'mpf_logo', 'cmd': 'widgets_play', '_from_bcp': True}
2025-10-19 13:40:51,891 : INFO : Timer.attract_carousel_timer : Timer Complete
2025-10-19 13:40:51,891 : INFO : Timer.attract_carousel_timer : Stopping Timer
2025-10-19 13:40:51,891 : INFO : EventManager : Event: ======'timer_attract_carousel_timer_stopped'====== Args={'ticks': 1, 'ticks_remaining': 1}
2025-10-19 13:40:51,891 : INFO : EventManager : Event: ======'timer_attract_carousel_timer_complete'====== Args={'ticks': 1, 'ticks_remaining': 1}
2025-10-19 13:40:51,892 : INFO : EventManager : Event: ======'item_highlighted'====== Args={'carousel': 'attract', 'direction': 'forwards', 'item': 'fast_logo'}
2025-10-19 13:40:51,894 : INFO : Timer.attract_carousel_timer : Starting Timer.
2025-10-19 13:40:51,895 : INFO : EventManager : Event: ======'timer_attract_carousel_timer_started'====== Args={'ticks': 0, 'ticks_remaining': 1}
2025-10-19 13:40:51,895 : INFO : EventManager : Event: ======'timer_attract_carousel_timer_tick'====== Args={'ticks': 0, 'ticks_remaining': 1}
2025-10-19 13:40:51,903 : INFO : EventManager : Event: ======'widget_attract_mpf_logo_removed'====== Args={'_from_bcp': True}
2025-10-19 13:40:51,906 : INFO : EventManager : Event: ======'widget_attract_fast_logo_active'====== Args={'original_context': 'attract', 'original_calling_context': 'item_highlighted{item=="fast_logo"}', 'priority': 10.0, 'carousel': 'attract', 'direction': 'forwards', 'item': 'fast_logo', 'cmd': 'widgets_play', '_from_bcp': True}
2025-10-19 13:40:53,402 : INFO : Machine : Shutting down...
2025-10-19 13:40:53,402 : INFO : EventManager : Event: ======'shutdown'====== Args={}
2025-10-19 13:40:53,403 : INFO : EventManager : Event: ======'mode_service_will_stop'====== Args={}
2025-10-19 13:40:53,404 : INFO : EventManager : Event: ======'mode_service_stopping'====== Args={}
2025-10-19 13:40:53,405 : INFO : Mode.service : Stopped.
2025-10-19 13:40:53,405 : INFO : EventManager : Event: ======'modes_active_modes_changed'====== Args={}
2025-10-19 13:40:53,406 : INFO : EventManager : Event: ======'mode_service_stopped'====== Args={}
2025-10-19 13:40:53,406 : INFO : EventManager : Event: ======'clear'====== Args={'key': 'service'}
2025-10-19 13:40:53,440 : INFO : root : MPF run loop ended.
