2025-12-21 14:46:21,142 : INFO : root : Loading config.
2025-12-21 14:46:21,148 : INFO : YamlMultifileConfigLoader : Machine config file #1: config.yaml
2025-12-21 14:46:21,149 : INFO : ConfigProcessor : Loading config from cache: C:\Users\sdona\AppData\Local\Temp\19f6d0d7953982fda9d956182316b8e5.mpf_cache
2025-12-21 14:46:21,289 : INFO : ConfigProcessor : Loading config from cache: C:\Users\sdona\AppData\Local\Temp\835b5bfea4be8b279a05e96caaaffbbb.mpf_cache
2025-12-21 14:46:21,291 : INFO : ConfigProcessor : Loading config from cache: C:\Users\sdona\AppData\Local\Temp\9b0a7575388f9d9bd2f6ab87bf9fd2f7.mpf_cache
2025-12-21 14:46:21,292 : INFO : ConfigProcessor : Loading config from cache: C:\Users\sdona\AppData\Local\Temp\c340ec0033d1055cd797ffd5447ef414.mpf_cache
2025-12-21 14:46:21,294 : INFO : ConfigProcessor : Loading config from cache: C:\Users\sdona\AppData\Local\Temp\835b5bfea4be8b279a05e96caaaffbbb.mpf_cache
2025-12-21 14:46:21,295 : INFO : ConfigProcessor : Loading config from cache: C:\Users\sdona\AppData\Local\Temp\8c11a28e3c38d4ad47947b6a126f2ee9.mpf_cache
2025-12-21 14:46:21,297 : INFO : ConfigProcessor : Loading config from cache: C:\Users\sdona\AppData\Local\Temp\e391083cdc9e667060411fe5838e93f2.mpf_cache
2025-12-21 14:46:21,298 : INFO : ConfigProcessor : Loading config from cache: C:\Users\sdona\AppData\Local\Temp\f0c219a993d891ee86dcb7eae47dde67.mpf_cache
2025-12-21 14:46:21,299 : INFO : ConfigProcessor : Loading config from cache: C:\Users\sdona\AppData\Local\Temp\96aa58108928490b129531848cd9b506.mpf_cache
2025-12-21 14:46:21,300 : INFO : ConfigProcessor : Loading config from cache: C:\Users\sdona\AppData\Local\Temp\567636b9d9766e3361204e954a8382da.mpf_cache
2025-12-21 14:46:21,302 : INFO : ConfigProcessor : Loading config from cache: C:\Users\sdona\AppData\Local\Temp\d5ead8dff868c6c4b1faf37537a19bc2.mpf_cache
2025-12-21 14:46:21,303 : INFO : ConfigProcessor : Loading config from cache: C:\Users\sdona\AppData\Local\Temp\112f935d1c2002cb40d3e6e497be9e7c.mpf_cache
2025-12-21 14:46:21,305 : INFO : ConfigProcessor : Loading config from cache: C:\Users\sdona\AppData\Local\Temp\aba0711976820dea629bb4c00b006efc.mpf_cache
2025-12-21 14:46:21,305 : INFO : ConfigProcessor : Loading config from cache: C:\Users\sdona\AppData\Local\Temp\de8ed6c6d4c48d1b5b054ff74222cb35.mpf_cache
2025-12-21 14:46:21,307 : INFO : ConfigProcessor : Loading config from cache: C:\Users\sdona\AppData\Local\Temp\5db6c64b0c3bca58d6bbb0f959e933ad.mpf_cache
2025-12-21 14:46:21,308 : INFO : ConfigProcessor : Loading config from cache: C:\Users\sdona\AppData\Local\Temp\3eebd8fc985a6907aa555c0256177d6c.mpf_cache
2025-12-21 14:46:21,309 : INFO : ConfigProcessor : Loading config from cache: C:\Users\sdona\AppData\Local\Temp\7f047f20ee2604e573d0056474eb225c.mpf_cache
2025-12-21 14:46:21,311 : INFO : ConfigProcessor : Loading config from cache: C:\Users\sdona\AppData\Local\Temp\7cbf965458447bfe6339fd0c6d804285.mpf_cache
2025-12-21 14:46:21,312 : INFO : ConfigProcessor : Loading config from cache: C:\Users\sdona\AppData\Local\Temp\c09cbc2eb967f07064f0c7aeb253df93.mpf_cache
2025-12-21 14:46:21,312 : INFO : ConfigProcessor : Loading config from cache: C:\Users\sdona\AppData\Local\Temp\3e3e819377c518a390ee259f491dfb06.mpf_cache
2025-12-21 14:46:21,329 : INFO : ConfigProcessor : Loading config from cache: C:\Users\sdona\AppData\Local\Temp\1bbdf2c973c297bc3add8824c296f9ca.mpf_cache
2025-12-21 14:46:21,331 : INFO : ConfigProcessor : Loading config from cache: C:\Users\sdona\AppData\Local\Temp\8743abc5a0185ade0d9653d9d4dd60e6.mpf_cache
2025-12-21 14:46:21,333 : INFO : ConfigProcessor : Loading config from cache: C:\Users\sdona\AppData\Local\Temp\bc1a93e04317e488751dae7b5251780b.mpf_cache
2025-12-21 14:46:21,334 : INFO : ConfigProcessor : Loading config from cache: C:\Users\sdona\AppData\Local\Temp\8a267c6d1ad3bd205388d8363e4a5749.mpf_cache
2025-12-21 14:46:21,335 : INFO : ConfigProcessor : Loading config from cache: C:\Users\sdona\AppData\Local\Temp\507fc1d02e2e92e18a6830a59c5dcf80.mpf_cache
2025-12-21 14:46:21,336 : INFO : ConfigProcessor : Loading config from cache: C:\Users\sdona\AppData\Local\Temp\1d2961d421c758b6953fd569505e4b2d.mpf_cache
2025-12-21 14:46:21,338 : INFO : ConfigProcessor : Loading config from cache: C:\Users\sdona\AppData\Local\Temp\9e72e5fa0fd05160f49186c6524c14c9.mpf_cache
2025-12-21 14:46:21,339 : INFO : ConfigProcessor : Loading config from cache: C:\Users\sdona\AppData\Local\Temp\f7ea71975115b23719e8d60bf22b5425.mpf_cache
2025-12-21 14:46:21,340 : INFO : ConfigProcessor : Loading config from cache: C:\Users\sdona\AppData\Local\Temp\56c9cddbcff0d1410386b266159a0775.mpf_cache
2025-12-21 14:46:21,341 : INFO : ConfigProcessor : Loading config from cache: C:\Users\sdona\AppData\Local\Temp\6c385f71891889a392ac696568578c7f.mpf_cache
2025-12-21 14:46:21,342 : INFO : ConfigProcessor : Loading config from cache: C:\Users\sdona\AppData\Local\Temp\e6b55d6a1c06b0dd6369c964181bf8d3.mpf_cache
2025-12-21 14:46:21,344 : INFO : ConfigProcessor : Loading config from cache: C:\Users\sdona\AppData\Local\Temp\c400bf69dd848f9ec4f3356496b25a78.mpf_cache
2025-12-21 14:46:21,345 : INFO : ConfigProcessor : Loading config from cache: C:\Users\sdona\AppData\Local\Temp\b5a54abfbba58cd6005650aabe85cb35.mpf_cache
2025-12-21 14:46:21,345 : INFO : ConfigProcessor : Loading config from cache: C:\Users\sdona\AppData\Local\Temp\b9cf3f1e934d5266c0035de47faec02b.mpf_cache
2025-12-21 14:46:21,347 : INFO : ConfigProcessor : Loading config from cache: C:\Users\sdona\AppData\Local\Temp\67d6cae7afaea6fe987e87f8d3a3ea21.mpf_cache
2025-12-21 14:46:21,348 : INFO : ConfigProcessor : Loading config from cache: C:\Users\sdona\AppData\Local\Temp\e4c5b832148a7d383976fcf70408e8af.mpf_cache
2025-12-21 14:46:21,349 : INFO : ConfigProcessor : Loading config from cache: C:\Users\sdona\AppData\Local\Temp\dce98d0c8129174f78168c3f3b9d3db8.mpf_cache
2025-12-21 14:46:21,349 : INFO : ConfigProcessor : Loading config from cache: C:\Users\sdona\AppData\Local\Temp\141b19e6c0168c485bbb38b6543175a8.mpf_cache
2025-12-21 14:46:21,350 : INFO : ConfigProcessor : Loading config from cache: C:\Users\sdona\AppData\Local\Temp\ada3b5b562837d919d62b9df0d0de8d3.mpf_cache
2025-12-21 14:46:21,351 : INFO : ConfigProcessor : Loading config from cache: C:\Users\sdona\AppData\Local\Temp\4e6dd3b0a361d042ad5ab93a8cc8b437.mpf_cache
2025-12-21 14:46:21,352 : INFO : ConfigProcessor : Loading config from cache: C:\Users\sdona\AppData\Local\Temp\e97c871403fe82070ff249d62d7cfe22.mpf_cache
2025-12-21 14:46:21,352 : INFO : ConfigProcessor : Loading config from cache: C:\Users\sdona\AppData\Local\Temp\64b6da5876f56fc970400d85dfe882ec.mpf_cache
2025-12-21 14:46:21,353 : INFO : ConfigProcessor : Loading config from cache: C:\Users\sdona\AppData\Local\Temp\c5a11fc9367393a964e333a780e846f7.mpf_cache
2025-12-21 14:46:21,354 : INFO : ConfigProcessor : Loading config from cache: C:\Users\sdona\AppData\Local\Temp\2816335dd466496617c9461f091e66f7.mpf_cache
2025-12-21 14:46:21,355 : INFO : ConfigProcessor : Loading config from cache: C:\Users\sdona\AppData\Local\Temp\6359f7257429add2d261e94bcafd60d5.mpf_cache
2025-12-21 14:46:21,355 : INFO : ConfigProcessor : Loading config from cache: C:\Users\sdona\AppData\Local\Temp\e1f034e230342bd5fff9d9c9df707a6d.mpf_cache
2025-12-21 14:46:21,357 : INFO : ConfigProcessor : Loading config from cache: C:\Users\sdona\AppData\Local\Temp\bed2bac5ea254e8ca98f6dd45e865fd8.mpf_cache
2025-12-21 14:46:21,358 : INFO : ConfigProcessor : Loading config from cache: C:\Users\sdona\AppData\Local\Temp\48e8797b77339ec89f8005d20046fbbb.mpf_cache
2025-12-21 14:46:21,359 : INFO : ConfigProcessor : Loading config from cache: C:\Users\sdona\AppData\Local\Temp\b0b8ed4dbd306ac2f063788d81ec6bc4.mpf_cache
2025-12-21 14:46:21,359 : INFO : ConfigProcessor : Loading config from cache: C:\Users\sdona\AppData\Local\Temp\98b42cbd2eba7845afea8d7862634639.mpf_cache
2025-12-21 14:46:21,360 : INFO : ConfigProcessor : Loading config from cache: C:\Users\sdona\AppData\Local\Temp\44893055a228bb5e0381bfc6f9c0abd7.mpf_cache
2025-12-21 14:46:21,361 : INFO : ConfigProcessor : Loading config from cache: C:\Users\sdona\AppData\Local\Temp\2042660f443afc84f0703d0905ba54ee.mpf_cache
2025-12-21 14:46:21,362 : INFO : ConfigProcessor : Loading config from cache: C:\Users\sdona\AppData\Local\Temp\dd7647dd44793170b37285bb75f4ccd8.mpf_cache
2025-12-21 14:46:21,363 : INFO : ConfigProcessor : Loading config from cache: C:\Users\sdona\AppData\Local\Temp\e2d7f53c0c71e4d0bd9bdd0119e59cc4.mpf_cache
2025-12-21 14:46:21,364 : INFO : ConfigProcessor : Loading config from cache: C:\Users\sdona\AppData\Local\Temp\8c6fac435f6ad554a9aceeec6bf90d60.mpf_cache
2025-12-21 14:46:21,364 : INFO : ConfigProcessor : Loading config from cache: C:\Users\sdona\AppData\Local\Temp\189e01913405dcf21368edf880785f17.mpf_cache
2025-12-21 14:46:21,365 : INFO : ConfigProcessor : Loading config from cache: C:\Users\sdona\AppData\Local\Temp\9c2447d5008e5c2337580412edd81bce.mpf_cache
2025-12-21 14:46:21,365 : INFO : ConfigProcessor : Loading config from cache: C:\Users\sdona\AppData\Local\Temp\ecb35127b61fe2c3f803378f52b53af8.mpf_cache
2025-12-21 14:46:21,367 : INFO : ConfigProcessor : Loading config from cache: C:\Users\sdona\AppData\Local\Temp\a453bc519324a010fc5f97d23b1d6283.mpf_cache
2025-12-21 14:46:21,368 : INFO : ConfigProcessor : Loading config from cache: C:\Users\sdona\AppData\Local\Temp\e134e8f85ba8fa9c3d7f1500ca292437.mpf_cache
2025-12-21 14:46:21,369 : INFO : ConfigProcessor : Loading config from cache: C:\Users\sdona\AppData\Local\Temp\b24b6909ee6e0520126bbce60d1ed210.mpf_cache
2025-12-21 14:46:21,369 : INFO : ConfigProcessor : Loading config from cache: C:\Users\sdona\AppData\Local\Temp\cba807ea4a81180f6dd01afffacec8ed.mpf_cache
2025-12-21 14:46:21,371 : INFO : ConfigProcessor : Loading config from cache: C:\Users\sdona\AppData\Local\Temp\1ea2aa0876194c7260510f0845fe4bfe.mpf_cache
2025-12-21 14:46:21,371 : INFO : ConfigProcessor : Loading config from cache: C:\Users\sdona\AppData\Local\Temp\a173d53041ed6761e8719c2951eee9e5.mpf_cache
2025-12-21 14:46:21,373 : INFO : ConfigProcessor : Loading config from cache: C:\Users\sdona\AppData\Local\Temp\f071e720e1ef2a753ced60502153911a.mpf_cache
2025-12-21 14:46:21,374 : INFO : ConfigProcessor : Loading config from cache: C:\Users\sdona\AppData\Local\Temp\a464c65b0880a71dbe3e02b1f7271abd.mpf_cache
2025-12-21 14:46:21,374 : INFO : ConfigProcessor : Loading config from cache: C:\Users\sdona\AppData\Local\Temp\b4bf5fa77bdb26872f42159f572a3499.mpf_cache
2025-12-21 14:46:21,375 : INFO : ConfigProcessor : Loading config from cache: C:\Users\sdona\AppData\Local\Temp\cd6f6abb19272a94675a232f8f899ac9.mpf_cache
2025-12-21 14:46:21,376 : INFO : ConfigProcessor : Loading config from cache: C:\Users\sdona\AppData\Local\Temp\5c997126cef538283363f6706780c8e5.mpf_cache
2025-12-21 14:46:21,377 : INFO : ConfigProcessor : Loading config from cache: C:\Users\sdona\AppData\Local\Temp\51c405745738281c3f5e2edc082329f1.mpf_cache
2025-12-21 14:46:21,377 : INFO : ConfigProcessor : Loading config from cache: C:\Users\sdona\AppData\Local\Temp\cbc61a9ec21d345237ebbced62572970.mpf_cache
2025-12-21 14:46:21,379 : INFO : ConfigProcessor : Loading config from cache: C:\Users\sdona\AppData\Local\Temp\c25e7c71bc90546538d4e68911be6658.mpf_cache
2025-12-21 14:46:21,380 : INFO : ConfigProcessor : Loading config from cache: C:\Users\sdona\AppData\Local\Temp\b7a51086f1e3c926b3977a0d025a1faa.mpf_cache
2025-12-21 14:46:21,381 : INFO : ConfigProcessor : Loading config from cache: C:\Users\sdona\AppData\Local\Temp\479eb3ca656e084fa2e092204a5b8039.mpf_cache
2025-12-21 14:46:21,382 : INFO : ConfigProcessor : Loading config from cache: C:\Users\sdona\AppData\Local\Temp\bdb81eccbf19551abd8bea5fafeca7c0.mpf_cache
2025-12-21 14:46:21,383 : INFO : ConfigProcessor : Loading config from cache: C:\Users\sdona\AppData\Local\Temp\8f065719b93e886777277178babee650.mpf_cache
2025-12-21 14:46:21,384 : INFO : ConfigProcessor : Loading config from cache: C:\Users\sdona\AppData\Local\Temp\7fef0463a0df344c3146c845257ec616.mpf_cache
2025-12-21 14:46:21,384 : INFO : ConfigProcessor : Loading config from cache: C:\Users\sdona\AppData\Local\Temp\a4f333ad36a077996c49298642b6bdcf.mpf_cache
2025-12-21 14:46:21,385 : INFO : ConfigProcessor : Loading config from cache: C:\Users\sdona\AppData\Local\Temp\e8d69d74f27089cda2650299e9916804.mpf_cache
2025-12-21 14:46:21,385 : INFO : ConfigProcessor : Loading config from cache: C:\Users\sdona\AppData\Local\Temp\05530f35bd950f18d27d3fd571d96823.mpf_cache
2025-12-21 14:46:21,387 : INFO : ConfigProcessor : Loading config from cache: C:\Users\sdona\AppData\Local\Temp\fc1e3f85304c911eb844eb65d36e61be.mpf_cache
2025-12-21 14:46:21,388 : INFO : ConfigProcessor : Loading config from cache: C:\Users\sdona\AppData\Local\Temp\53223d3922288729ee504c1b2a98bb55.mpf_cache
2025-12-21 14:46:21,389 : INFO : ConfigProcessor : Loading config from cache: C:\Users\sdona\AppData\Local\Temp\8d20136ddb274338050d1d1ccc1a5e4f.mpf_cache
2025-12-21 14:46:21,389 : INFO : ConfigProcessor : Loading config from cache: C:\Users\sdona\AppData\Local\Temp\1254d50720d6d5d0da0e84e29cdbaa7a.mpf_cache
2025-12-21 14:46:21,391 : INFO : ConfigProcessor : Loading config from cache: C:\Users\sdona\AppData\Local\Temp\1a7ae31e9f779b1261e3d1eee1831b27.mpf_cache
2025-12-21 14:46:21,392 : INFO : ConfigProcessor : Loading config from cache: C:\Users\sdona\AppData\Local\Temp\8e3ea42c38f2105e0d9462648474c540.mpf_cache
2025-12-21 14:46:21,393 : INFO : ConfigProcessor : Loading config from cache: C:\Users\sdona\AppData\Local\Temp\a61b86d39bcc5a5ea0a5885549542355.mpf_cache
2025-12-21 14:46:21,400 : INFO : ConfigProcessor : Loading config from cache: C:\Users\sdona\AppData\Local\Temp\0be197154604f4b199c224fe0066296a.mpf_cache
2025-12-21 14:46:21,401 : INFO : ConfigProcessor : Loading config from cache: C:\Users\sdona\AppData\Local\Temp\8be1835d379617cb3def36e5084020f6.mpf_cache
2025-12-21 14:46:21,402 : INFO : ConfigProcessor : Loading config from cache: C:\Users\sdona\AppData\Local\Temp\600d86d9f0ce58b92a4c456466b707cc.mpf_cache
2025-12-21 14:46:21,403 : INFO : ConfigProcessor : Loading config from cache: C:\Users\sdona\AppData\Local\Temp\3b8a30babd008550b0699281f52ed27a.mpf_cache
2025-12-21 14:46:21,404 : INFO : ConfigProcessor : Loading config from cache: C:\Users\sdona\AppData\Local\Temp\1605f6efa0d082cac196fbacc374bc42.mpf_cache
2025-12-21 14:46:21,404 : INFO : ConfigProcessor : Loading config from cache: C:\Users\sdona\AppData\Local\Temp\7e2767447a32b13b699b93d64e0ad4e1.mpf_cache
2025-12-21 14:46:21,405 : INFO : ConfigProcessor : Loading config from cache: C:\Users\sdona\AppData\Local\Temp\2afc3d032f598172139245ac02c70f84.mpf_cache
2025-12-21 14:46:21,407 : INFO : ConfigProcessor : Loading config from cache: C:\Users\sdona\AppData\Local\Temp\ec387031d703ca01cd1e512f54ea45a6.mpf_cache
2025-12-21 14:46:21,407 : INFO : ConfigProcessor : Loading config from cache: C:\Users\sdona\AppData\Local\Temp\6060c5cf25a8bbaedfcd18b580aef368.mpf_cache
2025-12-21 14:46:21,408 : INFO : ConfigProcessor : Loading config from cache: C:\Users\sdona\AppData\Local\Temp\62ef5d872b70fca48f955a2e25312807.mpf_cache
2025-12-21 14:46:21,409 : INFO : ConfigProcessor : Loading config from cache: C:\Users\sdona\AppData\Local\Temp\c52aca253ccfb6abe708ff6ee9d67c14.mpf_cache
2025-12-21 14:46:21,410 : INFO : ConfigProcessor : Loading config from cache: C:\Users\sdona\AppData\Local\Temp\f4a78d1a7bce952f8a932d586083fdd8.mpf_cache
2025-12-21 14:46:21,410 : INFO : ConfigProcessor : Loading config from cache: C:\Users\sdona\AppData\Local\Temp\bb94c9c1e15d87765c90f1ffc77705c9.mpf_cache
2025-12-21 14:46:21,411 : INFO : ConfigProcessor : Loading config from cache: C:\Users\sdona\AppData\Local\Temp\9d4ee1bead7c17d1b5b361b9a86c5113.mpf_cache
2025-12-21 14:46:21,413 : INFO : ConfigProcessor : Loading config from cache: C:\Users\sdona\AppData\Local\Temp\9eeb681ca391f55fc1b328483a35afc6.mpf_cache
2025-12-21 14:46:21,414 : INFO : ConfigProcessor : Loading config from cache: C:\Users\sdona\AppData\Local\Temp\019a5133c8eb0a0be84c7200575a8bf2.mpf_cache
2025-12-21 14:46:21,415 : INFO : ConfigProcessor : Loading config from cache: C:\Users\sdona\AppData\Local\Temp\ce0801e7c3c55e24fe9cf2e243ba629e.mpf_cache
2025-12-21 14:46:21,416 : INFO : ConfigProcessor : Loading config from cache: C:\Users\sdona\AppData\Local\Temp\1ecbcaf9f778e10bebb5864384a052b1.mpf_cache
2025-12-21 14:46:21,417 : INFO : ConfigProcessor : Loading config from cache: C:\Users\sdona\AppData\Local\Temp\9b344eb280fe382fefe59edea2f1176a.mpf_cache
2025-12-21 14:46:21,418 : INFO : ConfigProcessor : Loading config from cache: C:\Users\sdona\AppData\Local\Temp\ac821f52899dc68030dd952fdacc88a6.mpf_cache
2025-12-21 14:46:21,419 : INFO : ConfigProcessor : Loading config from cache: C:\Users\sdona\AppData\Local\Temp\6ba912a63b7c348f0f92fd7751916e09.mpf_cache
2025-12-21 14:46:21,420 : INFO : ConfigProcessor : Loading config from cache: C:\Users\sdona\AppData\Local\Temp\dd9dffa1d18960178033f021f1e04e5f.mpf_cache
2025-12-21 14:46:21,420 : INFO : ConfigProcessor : Loading config from cache: C:\Users\sdona\AppData\Local\Temp\5405df938f7ef9af99b1c654cacd899d.mpf_cache
2025-12-21 14:46:21,422 : INFO : ConfigProcessor : Loading config from cache: C:\Users\sdona\AppData\Local\Temp\856582d286ed2569cf4ebe5e0a18a6ab.mpf_cache
2025-12-21 14:46:21,423 : INFO : Machine : Mission Pinball Framework Core Engine v0.80.0.dev9
2025-12-21 14:46:21,423 : INFO : Machine : Command line arguments: {'no_load_cache': False, 'create_config_cache': True, 'bcp': True, 'configfile': ['config.yaml'], 'force_assets_load': False, 'platform_integration_test': False, 'jsonlogging': False, 'logfile': 'logs\\2025-12-21-14-46-21-mpf-PinballLaptop.log', 'pause': False, 'production': False, 'text_ui': True, 'loglevel': 15, 'consoleloglevel': 20, 'force_platform': 'smart_virtual', 'syslog_address': None, 'full_logfile_path': 'C:\\venv\\mpf\\mmmdrop\\logs\\2025-12-21-14-46-21-mpf-PinballLaptop.log'}
2025-12-21 14:46:21,423 : INFO : Machine : MPF path: c:\venv\mpf\lib\site-packages\mpf
2025-12-21 14:46:21,423 : INFO : Machine : Machine path: C:\venv\mpf\mmmdrop
2025-12-21 14:46:21,423 : INFO : Machine : Platform: win32
2025-12-21 14:46:21,424 : INFO : Machine : Python executable location: c:\venv\mpf\Scripts\python.exe
2025-12-21 14:46:21,424 : INFO : Machine : Python version: 3.9.13 (64-bit)
2025-12-21 14:46:21,427 : INFO : Machine : Initializing MPF...
2025-12-21 14:46:21,739 : INFO : EventManager : Event: ======'machine_var_credits_string'====== Args={'value': 'FREE PLAY', 'prev_value': None, 'change': True}
2025-12-21 14:46:21,778 : INFO : EventManager : Event: ======'machine_var_fast_audio_headphones_volume'====== Args={'value': 10, 'prev_value': None, 'change': True}
2025-12-21 14:46:21,779 : INFO : EventManager : Event: ======'machine_var_fast_audio_main_volume'====== Args={'value': 44, 'prev_value': None, 'change': True}
2025-12-21 14:46:21,779 : INFO : EventManager : Event: ======'machine_var_master_volume'====== Args={'value': 0.65, 'prev_value': None, 'change': True}
2025-12-21 14:46:21,779 : INFO : EventManager : Event: ======'machine_var_player1_score'====== Args={'value': 179589170, 'prev_value': None, 'change': True}
2025-12-21 14:46:21,779 : INFO : EventManager : Event: ======'machine_var_game_just_played'====== Args={'value': 0, 'prev_value': None, 'change': True}
2025-12-21 14:46:21,779 : INFO : EventManager : Event: ======'machine_var_mpf_version'====== Args={'value': 'Mission Pinball Framework v0.80.0.dev9', 'prev_value': None, 'change': True}
2025-12-21 14:46:21,779 : INFO : EventManager : Event: ======'machine_var_mpf_extended_version'====== Args={'value': 'Mission Pinball Framework v0.80.0.dev9, Config version:6, Show version: 6, BCP version:1.1', 'prev_value': None, 'change': True}
2025-12-21 14:46:21,779 : INFO : EventManager : Event: ======'machine_var_python_version'====== Args={'value': '3.9.13', 'prev_value': None, 'change': True}
2025-12-21 14:46:21,819 : INFO : EventManager : Event: ======'machine_var_platform'====== Args={'value': 'Windows-10-10.0.26200-SP0', 'prev_value': None, 'change': True}
2025-12-21 14:46:21,819 : INFO : EventManager : Event: ======'machine_var_platform_system'====== Args={'value': 'Windows', 'prev_value': None, 'change': True}
2025-12-21 14:46:21,819 : INFO : EventManager : Event: ======'machine_var_platform_release'====== Args={'value': '10', 'prev_value': None, 'change': True}
2025-12-21 14:46:21,819 : INFO : EventManager : Event: ======'machine_var_platform_version'====== Args={'value': '10.0.26200', 'prev_value': None, 'change': True}
2025-12-21 14:46:21,819 : INFO : EventManager : Event: ======'machine_var_platform_machine'====== Args={'value': 'AMD64', 'prev_value': None, 'change': True}
2025-12-21 14:46:21,819 : INFO : EventManager : Event: ======'machine_var_log_file_path'====== Args={'value': 'C:\\venv\\mpf\\mmmdrop\\logs\\2025-12-21-14-46-21-mpf-PinballLaptop.log', 'prev_value': None, 'change': True}
2025-12-21 14:46:21,819 : INFO : EventManager : Event: ======'init_phase_1'====== Args={}
2025-12-21 14:46:21,966 : INFO : EventManager : Event: ======'drop_target_bank_three_bank_up'====== Args={}
2025-12-21 14:46:21,968 : INFO : EventManager : Event: ======'init_phase_2'====== Args={}
2025-12-21 14:46:21,969 : INFO : SwitchController : Found active switch: ('3208-0', <Platform.SmartVirtual>) <switch.s_trough1>
2025-12-21 14:46:21,969 : INFO : SwitchController : Found active switch: ('3208-1', <Platform.SmartVirtual>) <switch.s_trough2>
2025-12-21 14:46:21,969 : INFO : SwitchController : Found active switch: ('3208-2', <Platform.SmartVirtual>) <switch.s_trough3>
2025-12-21 14:46:21,969 : INFO : SwitchController : Found active switch: ('3208-3', <Platform.SmartVirtual>) <switch.s_trough4>
2025-12-21 14:46:21,969 : INFO : SwitchController : Found active switch: ('3208-4', <Platform.SmartVirtual>) <switch.s_trough5>
2025-12-21 14:46:21,969 : INFO : SwitchController : Found active switch: ('3208-5', <Platform.SmartVirtual>) <switch.s_trough6>
2025-12-21 14:46:22,048 : INFO : EventManager : Event: ======'bcp_connection_attempt'====== Args={'name': 'local_display', 'host': 'localhost', 'port': 5050}
2025-12-21 14:46:22,051 : INFO : BCPClientSocket : Connecting BCP to 'local_display' at localhost:5050...
2025-12-21 14:46:26,140 : INFO : BCPClientSocket : Connected BCP to 'local_display' localhost:5050
2025-12-21 14:46:26,141 : INFO : EventManager : Event: ======'bcp_clients_connected'====== Args={}
2025-12-21 14:46:26,342 : INFO : ball_device.bd_trough : BCH: Initial count: 6
2025-12-21 14:46:26,343 : INFO : ball_device.bd_trough : State: idle
2025-12-21 14:46:26,344 : INFO : ball_device.bd_plunger : BCH: Initial count: 0
2025-12-21 14:46:26,344 : INFO : ball_device.bd_plunger : State: idle
2025-12-21 14:46:26,344 : INFO : ball_device.bd_scoop : BCH: Initial count: 0
2025-12-21 14:46:26,345 : INFO : ball_device.bd_scoop : State: idle
2025-12-21 14:46:26,367 : INFO : EventManager : Event: ======'init_phase_3'====== Args={}
2025-12-21 14:46:26,387 : ERROR : asyncio : Exception in callback EventManager._queue_task_done(<Task finishe...rrow_led\']')>)
handle: <Handle EventManager._queue_task_done(<Task finishe...rrow_led\']')>)>
Traceback (most recent call last):
  File "C:\Program Files\Python39\lib\asyncio\events.py", line 80, in _run
    self._context.run(self._callback, *self._args)
  File "c:\venv\mpf\lib\site-packages\mpf\core\events.py", line 795, in _queue_task_done
    future.result()
  File "c:\venv\mpf\lib\site-packages\mpf\core\events.py", line 708, in _run_handlers_sequential
    handler.callback(queue=queue, **merged_kwargs)
  File "c:\venv\mpf\lib\site-packages\mpf\core\show_controller.py", line 53, in _load_shows
    self.machine.shows[show_name].load(show_config)
  File "c:\venv\mpf\lib\site-packages\mpf\assets\show.py", line 171, in load
    self._process_step_actions(step, actions)
  File "c:\venv\mpf\lib\site-packages\mpf\assets\show.py", line 201, in _process_step_actions
    raise e
  File "c:\venv\mpf\lib\site-packages\mpf\assets\show.py", line 197, in _process_step_actions
    self.machine.show_controller.show_players[key].validate_config_entry(value, self.name)
  File "c:\venv\mpf\lib\site-packages\mpf\config_players\device_config_player.py", line 56, in validate_config_entry
    raise e
  File "c:\venv\mpf\lib\site-packages\mpf\config_players\device_config_player.py", line 52, in validate_config_entry
    self._validate_config_item(device, device_settings))
  File "c:\venv\mpf\lib\site-packages\mpf\config_players\device_config_player.py", line 85, in _validate_config_item
    devices = self._expand_device(device)
  File "c:\venv\mpf\lib\site-packages\mpf\config_players\device_config_player.py", line 114, in _expand_device
    return self.raise_config_error(
  File "c:\venv\mpf\lib\site-packages\mpf\core\logging.py", line 175, in raise_config_error
    raise ConfigFileError(msg, error_no, self.log.name if self.log else "", context, self._url_base) \
mpf.exceptions.config_file_error.ConfigFileError: Config File Error in light_player: Show "makesomenoise_pops_shot" >> Failed to load config player makesomenoise_pops_shot:lights with settings {'l_lowerpop_smallarrow_led': 'Aqua', 'l_upperleftpop_inside_led': 'Aqua', 'l_uppercenterpop_inside_led': 'Aqua', 'l_lowerrightpop_inside_led': 'Aqua', 'l_lowerrightpop_inside2_led': 'Aqua'} >> Could not find a lights device with name or tag l_lowerpop_smallarrow_led, from list ['l_lowerpop_smallarrow_led'] Error Code: CFE-light_player-101 (https://missionpinball.org/logs)
2025-12-21 14:46:26,392 : INFO : Machine : Starting the main run loop with active modes: []
2025-12-21 14:46:26,393 : WARNING : Machine : Attract mode is not active, game will not be playable. Please check your attract mode configuration.
2025-12-21 14:46:26,394 : INFO : Machine : Shutting down...
2025-12-21 14:46:26,395 : INFO : EventManager : Event: ======'shutdown'====== Args={}
2025-12-21 14:46:27,402 : ERROR : Machine : Runtime Exception
Traceback (most recent call last):
  File "c:\venv\mpf\lib\site-packages\mpf\core\machine.py", line 808, in _run_loop
    raise self._exception['exception']
  File "C:\Program Files\Python39\lib\asyncio\events.py", line 80, in _run
    self._context.run(self._callback, *self._args)
  File "c:\venv\mpf\lib\site-packages\mpf\core\events.py", line 795, in _queue_task_done
    future.result()
  File "c:\venv\mpf\lib\site-packages\mpf\core\events.py", line 708, in _run_handlers_sequential
    handler.callback(queue=queue, **merged_kwargs)
  File "c:\venv\mpf\lib\site-packages\mpf\core\show_controller.py", line 53, in _load_shows
    self.machine.shows[show_name].load(show_config)
  File "c:\venv\mpf\lib\site-packages\mpf\assets\show.py", line 171, in load
    self._process_step_actions(step, actions)
  File "c:\venv\mpf\lib\site-packages\mpf\assets\show.py", line 201, in _process_step_actions
    raise e
  File "c:\venv\mpf\lib\site-packages\mpf\assets\show.py", line 197, in _process_step_actions
    self.machine.show_controller.show_players[key].validate_config_entry(value, self.name)
  File "c:\venv\mpf\lib\site-packages\mpf\config_players\device_config_player.py", line 56, in validate_config_entry
    raise e
  File "c:\venv\mpf\lib\site-packages\mpf\config_players\device_config_player.py", line 52, in validate_config_entry
    self._validate_config_item(device, device_settings))
  File "c:\venv\mpf\lib\site-packages\mpf\config_players\device_config_player.py", line 85, in _validate_config_item
    devices = self._expand_device(device)
  File "c:\venv\mpf\lib\site-packages\mpf\config_players\device_config_player.py", line 114, in _expand_device
    return self.raise_config_error(
  File "c:\venv\mpf\lib\site-packages\mpf\core\logging.py", line 175, in raise_config_error
    raise ConfigFileError(msg, error_no, self.log.name if self.log else "", context, self._url_base) \
mpf.exceptions.config_file_error.ConfigFileError: Config File Error in light_player: Show "makesomenoise_pops_shot" >> Failed to load config player makesomenoise_pops_shot:lights with settings {'l_lowerpop_smallarrow_led': 'Aqua', 'l_upperleftpop_inside_led': 'Aqua', 'l_uppercenterpop_inside_led': 'Aqua', 'l_lowerrightpop_inside_led': 'Aqua', 'l_lowerrightpop_inside2_led': 'Aqua'} >> Could not find a lights device with name or tag l_lowerpop_smallarrow_led, from list ['l_lowerpop_smallarrow_led'] Error Code: CFE-light_player-101 (https://missionpinball.org/logs)
2025-12-21 14:46:29,038 : ERROR : root : 
Traceback (most recent call last):
  File "c:\venv\mpf\lib\site-packages\mpf\core\machine.py", line 808, in _run_loop
    raise self._exception['exception']
  File "C:\Program Files\Python39\lib\asyncio\events.py", line 80, in _run
    self._context.run(self._callback, *self._args)
  File "c:\venv\mpf\lib\site-packages\mpf\core\events.py", line 795, in _queue_task_done
    future.result()
  File "c:\venv\mpf\lib\site-packages\mpf\core\events.py", line 708, in _run_handlers_sequential
    handler.callback(queue=queue, **merged_kwargs)
  File "c:\venv\mpf\lib\site-packages\mpf\core\show_controller.py", line 53, in _load_shows
    self.machine.shows[show_name].load(show_config)
  File "c:\venv\mpf\lib\site-packages\mpf\assets\show.py", line 171, in load
    self._process_step_actions(step, actions)
  File "c:\venv\mpf\lib\site-packages\mpf\assets\show.py", line 201, in _process_step_actions
    raise e
  File "c:\venv\mpf\lib\site-packages\mpf\assets\show.py", line 197, in _process_step_actions
    self.machine.show_controller.show_players[key].validate_config_entry(value, self.name)
  File "c:\venv\mpf\lib\site-packages\mpf\config_players\device_config_player.py", line 56, in validate_config_entry
    raise e
  File "c:\venv\mpf\lib\site-packages\mpf\config_players\device_config_player.py", line 52, in validate_config_entry
    self._validate_config_item(device, device_settings))
  File "c:\venv\mpf\lib\site-packages\mpf\config_players\device_config_player.py", line 85, in _validate_config_item
    devices = self._expand_device(device)
  File "c:\venv\mpf\lib\site-packages\mpf\config_players\device_config_player.py", line 114, in _expand_device
    return self.raise_config_error(
  File "c:\venv\mpf\lib\site-packages\mpf\core\logging.py", line 175, in raise_config_error
    raise ConfigFileError(msg, error_no, self.log.name if self.log else "", context, self._url_base) \
mpf.exceptions.config_file_error.ConfigFileError: Config File Error in light_player: Show "makesomenoise_pops_shot" >> Failed to load config player makesomenoise_pops_shot:lights with settings {'l_lowerpop_smallarrow_led': 'Aqua', 'l_upperleftpop_inside_led': 'Aqua', 'l_uppercenterpop_inside_led': 'Aqua', 'l_lowerrightpop_inside_led': 'Aqua', 'l_lowerrightpop_inside2_led': 'Aqua'} >> Could not find a lights device with name or tag l_lowerpop_smallarrow_led, from list ['l_lowerpop_smallarrow_led'] Error Code: CFE-light_player-101 (https://missionpinball.org/logs)

During handling of the above exception, another exception occurred:

Traceback (most recent call last):
  File "c:\venv\mpf\lib\site-packages\mpf\commands\game.py", line 229, in __init__
    self.machine.run()
  File "c:\venv\mpf\lib\site-packages\mpf\core\machine.py", line 704, in run
    self._run_loop()
  File "c:\venv\mpf\lib\site-packages\mpf\core\machine.py", line 811, in _run_loop
    report_crash(self._exception['exception'], "exception_during_run", self.config)
  File "c:\venv\mpf\lib\site-packages\mpf\core\crash_reporter.py", line 236, in report_crash
    response = input("Do you want to report the crash to the MPF team (yes/no/show)? ")
EOFError
