2025-10-11 15:38:19,786 : INFO : root : Loading config.
2025-10-11 15:38:19,791 : INFO : YamlMultifileConfigLoader : Machine config file #1: config.yaml
2025-10-11 15:38:19,792 : INFO : ConfigProcessor : Loading config from cache: C:\Users\sdona\AppData\Local\Temp\19f6d0d7953982fda9d956182316b8e5.mpf_cache
2025-10-11 15:38:19,906 : WARNING : ConfigProcessor : Config file in cache changed: C:\venv\mpf\mmmdrop\modes\attract\config\attract.yaml
2025-10-11 15:38:19,906 : INFO : ConfigProcessor : Loading config from file c:\venv\mpf\lib\site-packages\mpf\modes\attract\config\attract.yaml.
2025-10-11 15:38:19,908 : INFO : ConfigProcessor : Loading config: c:\venv\mpf\lib\site-packages\mpf\modes\attract\config\attract.yaml
2025-10-11 15:38:19,908 : INFO : ConfigProcessor : Loading config from file C:\venv\mpf\mmmdrop\modes\attract\config\attract.yaml.
2025-10-11 15:38:19,910 : INFO : ConfigProcessor : Loading config: C:\venv\mpf\mmmdrop\modes\attract\config\attract.yaml
2025-10-11 15:38:19,911 : INFO : ConfigProcessor : Config file cache created: C:\Users\sdona\AppData\Local\Temp\835b5bfea4be8b279a05e96caaaffbbb.mpf_cache
2025-10-11 15:38:19,913 : INFO : ConfigProcessor : Loading config from cache: C:\Users\sdona\AppData\Local\Temp\9b0a7575388f9d9bd2f6ab87bf9fd2f7.mpf_cache
2025-10-11 15:38:19,913 : INFO : ConfigProcessor : Loading config from cache: C:\Users\sdona\AppData\Local\Temp\c340ec0033d1055cd797ffd5447ef414.mpf_cache
2025-10-11 15:38:19,915 : INFO : ConfigProcessor : Loading config from cache: C:\Users\sdona\AppData\Local\Temp\835b5bfea4be8b279a05e96caaaffbbb.mpf_cache
2025-10-11 15:38:19,932 : INFO : ConfigProcessor : Loading config from cache: C:\Users\sdona\AppData\Local\Temp\8c11a28e3c38d4ad47947b6a126f2ee9.mpf_cache
2025-10-11 15:38:19,933 : INFO : ConfigProcessor : Loading config from cache: C:\Users\sdona\AppData\Local\Temp\e391083cdc9e667060411fe5838e93f2.mpf_cache
2025-10-11 15:38:19,934 : INFO : ConfigProcessor : Loading config from cache: C:\Users\sdona\AppData\Local\Temp\f0c219a993d891ee86dcb7eae47dde67.mpf_cache
2025-10-11 15:38:19,935 : INFO : ConfigProcessor : Loading config from cache: C:\Users\sdona\AppData\Local\Temp\96aa58108928490b129531848cd9b506.mpf_cache
2025-10-11 15:38:19,936 : INFO : ConfigProcessor : Loading config from cache: C:\Users\sdona\AppData\Local\Temp\567636b9d9766e3361204e954a8382da.mpf_cache
2025-10-11 15:38:19,937 : INFO : ConfigProcessor : Loading config from cache: C:\Users\sdona\AppData\Local\Temp\d5ead8dff868c6c4b1faf37537a19bc2.mpf_cache
2025-10-11 15:38:19,937 : INFO : ConfigProcessor : Loading config from cache: C:\Users\sdona\AppData\Local\Temp\112f935d1c2002cb40d3e6e497be9e7c.mpf_cache
2025-10-11 15:38:19,938 : INFO : Machine : Mission Pinball Framework Core Engine v0.80.0.dev9
2025-10-11 15:38:19,938 : INFO : Machine : Command line arguments: {'no_load_cache': False, 'create_config_cache': True, 'bcp': True, 'configfile': ['config.yaml'], 'force_assets_load': False, 'platform_integration_test': False, 'jsonlogging': False, 'logfile': 'logs\\2025-10-11-15-38-19-mpf-PinballLaptop.log', 'pause': False, 'production': False, 'text_ui': True, 'loglevel': 15, 'consoleloglevel': 20, 'force_platform': 'smart_virtual', 'syslog_address': None, 'full_logfile_path': 'C:\\venv\\mpf\\mmmdrop\\logs\\2025-10-11-15-38-19-mpf-PinballLaptop.log'}
2025-10-11 15:38:19,939 : INFO : Machine : MPF path: c:\venv\mpf\lib\site-packages\mpf
2025-10-11 15:38:19,939 : INFO : Machine : Machine path: C:\venv\mpf\mmmdrop
2025-10-11 15:38:19,939 : INFO : Machine : Platform: win32
2025-10-11 15:38:19,939 : INFO : Machine : Python executable location: c:\venv\mpf\Scripts\python.exe
2025-10-11 15:38:19,939 : INFO : Machine : Python version: 3.9.13 (64-bit)
2025-10-11 15:38:19,941 : INFO : Machine : Initializing MPF...
2025-10-11 15:38:20,207 : INFO : EventManager : Event: ======'machine_var_credits_string'====== Args={'value': 'FREE PLAY', 'prev_value': None, 'change': True}
2025-10-11 15:38:20,234 : INFO : EventManager : Event: ======'machine_var_fast_audio_headphones_volume'====== Args={'value': 10, 'prev_value': None, 'change': True}
2025-10-11 15:38:20,234 : INFO : EventManager : Event: ======'machine_var_fast_audio_main_volume'====== Args={'value': 44, 'prev_value': None, 'change': True}
2025-10-11 15:38:20,235 : INFO : EventManager : Event: ======'machine_var_master_volume'====== Args={'value': 0.5, 'prev_value': None, 'change': True}
2025-10-11 15:38:20,235 : INFO : EventManager : Event: ======'machine_var_player1_score'====== Args={'value': 6022290, 'prev_value': None, 'change': True}
2025-10-11 15:38:20,235 : INFO : EventManager : Event: ======'machine_var_game_just_played'====== Args={'value': 0, 'prev_value': None, 'change': True}
2025-10-11 15:38:20,235 : INFO : EventManager : Event: ======'machine_var_mpf_version'====== Args={'value': 'Mission Pinball Framework v0.80.0.dev9', 'prev_value': None, 'change': True}
2025-10-11 15:38:20,235 : INFO : EventManager : Event: ======'machine_var_mpf_extended_version'====== Args={'value': 'Mission Pinball Framework v0.80.0.dev9, Config version:6, Show version: 6, BCP version:1.1', 'prev_value': None, 'change': True}
2025-10-11 15:38:20,235 : INFO : EventManager : Event: ======'machine_var_python_version'====== Args={'value': '3.9.13', 'prev_value': None, 'change': True}
2025-10-11 15:38:20,264 : INFO : EventManager : Event: ======'machine_var_platform'====== Args={'value': 'Windows-10-10.0.26100-SP0', 'prev_value': None, 'change': True}
2025-10-11 15:38:20,264 : INFO : EventManager : Event: ======'machine_var_platform_system'====== Args={'value': 'Windows', 'prev_value': None, 'change': True}
2025-10-11 15:38:20,264 : INFO : EventManager : Event: ======'machine_var_platform_release'====== Args={'value': '10', 'prev_value': None, 'change': True}
2025-10-11 15:38:20,265 : INFO : EventManager : Event: ======'machine_var_platform_version'====== Args={'value': '10.0.26100', 'prev_value': None, 'change': True}
2025-10-11 15:38:20,265 : INFO : EventManager : Event: ======'machine_var_platform_machine'====== Args={'value': 'AMD64', 'prev_value': None, 'change': True}
2025-10-11 15:38:20,265 : INFO : EventManager : Event: ======'machine_var_log_file_path'====== Args={'value': 'C:\\venv\\mpf\\mmmdrop\\logs\\2025-10-11-15-38-19-mpf-PinballLaptop.log', 'prev_value': None, 'change': True}
2025-10-11 15:38:20,265 : INFO : EventManager : Event: ======'init_phase_1'====== Args={}
2025-10-11 15:38:20,306 : INFO : EventManager : Event: ======'drop_target_bank_three_bank_up'====== Args={}
2025-10-11 15:38:20,307 : INFO : EventManager : Event: ======'init_phase_2'====== Args={}
2025-10-11 15:38:20,307 : INFO : SwitchController : Found active switch: ('3208-0', <Platform.SmartVirtual>) <switch.s_trough1>
2025-10-11 15:38:20,307 : INFO : SwitchController : Found active switch: ('3208-1', <Platform.SmartVirtual>) <switch.s_trough2>
2025-10-11 15:38:20,308 : INFO : SwitchController : Found active switch: ('3208-2', <Platform.SmartVirtual>) <switch.s_trough3>
2025-10-11 15:38:20,308 : INFO : SwitchController : Found active switch: ('3208-3', <Platform.SmartVirtual>) <switch.s_trough4>
2025-10-11 15:38:20,308 : INFO : SwitchController : Found active switch: ('3208-4', <Platform.SmartVirtual>) <switch.s_trough5>
2025-10-11 15:38:20,308 : INFO : SwitchController : Found active switch: ('3208-5', <Platform.SmartVirtual>) <switch.s_trough6>
2025-10-11 15:38:20,316 : INFO : EventManager : Event: ======'bcp_connection_attempt'====== Args={'name': 'local_display', 'host': 'localhost', 'port': 5050}
2025-10-11 15:38:20,320 : INFO : BCPClientSocket : Connecting BCP to 'local_display' at localhost:5050...
2025-10-11 15:38:20,328 : INFO : BCPClientSocket : Connected BCP to 'local_display' localhost:5050
2025-10-11 15:38:20,329 : INFO : EventManager : Event: ======'bcp_clients_connected'====== Args={}
2025-10-11 15:38:20,420 : INFO : ball_device.bd_trough : BCH: Initial count: 6
2025-10-11 15:38:20,420 : INFO : ball_device.bd_trough : State: idle
2025-10-11 15:38:20,421 : INFO : ball_device.bd_plunger : BCH: Initial count: 0
2025-10-11 15:38:20,421 : INFO : ball_device.bd_plunger : State: idle
2025-10-11 15:38:20,421 : INFO : ball_device.bd_scoop : BCH: Initial count: 0
2025-10-11 15:38:20,421 : INFO : ball_device.bd_scoop : State: idle
2025-10-11 15:38:20,432 : INFO : EventManager : Event: ======'init_phase_3'====== Args={}
2025-10-11 15:38:20,435 : INFO : EventManager : Event: ======'init_phase_4'====== Args={}
2025-10-11 15:38:20,435 : INFO : BallController : Initial balls found: 6
2025-10-11 15:38:20,437 : INFO : EventManager : Event: ======'machine_var_audits_events_game_ended'====== Args={'value': 40, 'prev_value': None, 'change': True}
2025-10-11 15:38:20,437 : INFO : EventManager : Event: ======'machine_var_audits_events_game_started'====== Args={'value': 371, 'prev_value': None, 'change': True}
2025-10-11 15:38:20,437 : INFO : EventManager : Event: ======'machine_var_audits_missing_switches_s_captive_ball'====== Args={'value': 4, 'prev_value': None, 'change': True}
2025-10-11 15:38:20,437 : INFO : EventManager : Event: ======'machine_var_audits_missing_switches_s_center_upper_pop'====== Args={'value': 7, 'prev_value': None, 'change': True}
2025-10-11 15:38:20,437 : INFO : EventManager : Event: ======'machine_var_audits_missing_switches_s_inner_orbit'====== Args={'value': 27, 'prev_value': None, 'change': True}
2025-10-11 15:38:20,437 : INFO : EventManager : Event: ======'machine_var_audits_missing_switches_s_left_flipper'====== Args={'value': 81, 'prev_value': None, 'change': True}
2025-10-11 15:38:20,437 : INFO : EventManager : Event: ======'machine_var_audits_missing_switches_s_left_inlane'====== Args={'value': 27, 'prev_value': None, 'change': True}
2025-10-11 15:38:20,437 : INFO : EventManager : Event: ======'machine_var_audits_missing_switches_s_left_orbit'====== Args={'value': 4, 'prev_value': None, 'change': True}
2025-10-11 15:38:20,437 : INFO : EventManager : Event: ======'machine_var_audits_missing_switches_s_left_outlane'====== Args={'value': 115, 'prev_value': None, 'change': True}
2025-10-11 15:38:20,438 : INFO : EventManager : Event: ======'machine_var_audits_missing_switches_s_left_ramp'====== Args={'value': 4, 'prev_value': None, 'change': True}
2025-10-11 15:38:20,438 : INFO : EventManager : Event: ======'machine_var_audits_missing_switches_s_left_slingshot'====== Args={'value': 297, 'prev_value': None, 'change': True}
2025-10-11 15:38:20,438 : INFO : EventManager : Event: ======'machine_var_audits_missing_switches_s_left_upper_pop'====== Args={'value': 7, 'prev_value': None, 'change': True}
2025-10-11 15:38:20,438 : INFO : EventManager : Event: ======'machine_var_audits_missing_switches_s_pop_standup'====== Args={'value': 24, 'prev_value': None, 'change': True}
2025-10-11 15:38:20,438 : INFO : EventManager : Event: ======'machine_var_audits_missing_switches_s_right_flipper'====== Args={'value': 81, 'prev_value': None, 'change': True}
2025-10-11 15:38:20,438 : INFO : EventManager : Event: ======'machine_var_audits_missing_switches_s_right_inlane'====== Args={'value': 27, 'prev_value': None, 'change': True}
2025-10-11 15:38:20,438 : INFO : EventManager : Event: ======'machine_var_audits_missing_switches_s_right_lower_pop'====== Args={'value': 4, 'prev_value': None, 'change': True}
2025-10-11 15:38:20,438 : INFO : EventManager : Event: ======'machine_var_audits_missing_switches_s_right_orbit'====== Args={'value': 4, 'prev_value': None, 'change': True}
2025-10-11 15:38:20,438 : INFO : EventManager : Event: ======'machine_var_audits_missing_switches_s_right_outlane'====== Args={'value': 182, 'prev_value': None, 'change': True}
2025-10-11 15:38:20,438 : INFO : EventManager : Event: ======'machine_var_audits_missing_switches_s_right_ramp'====== Args={'value': 4, 'prev_value': None, 'change': True}
2025-10-11 15:38:20,438 : INFO : EventManager : Event: ======'machine_var_audits_missing_switches_s_right_slingshot'====== Args={'value': 147, 'prev_value': None, 'change': True}
2025-10-11 15:38:20,438 : INFO : EventManager : Event: ======'machine_var_audits_missing_switches_s_scoop'====== Args={'value': 2, 'prev_value': None, 'change': True}
2025-10-11 15:38:20,438 : INFO : EventManager : Event: ======'machine_var_audits_missing_switches_s_service_down'====== Args={'value': 16, 'prev_value': None, 'change': True}
2025-10-11 15:38:20,438 : INFO : EventManager : Event: ======'machine_var_audits_missing_switches_s_service_enter'====== Args={'value': 16, 'prev_value': None, 'change': True}
2025-10-11 15:38:20,438 : INFO : EventManager : Event: ======'machine_var_audits_missing_switches_s_service_esc'====== Args={'value': 16, 'prev_value': None, 'change': True}
2025-10-11 15:38:20,438 : INFO : EventManager : Event: ======'machine_var_audits_missing_switches_s_service_up'====== Args={'value': 16, 'prev_value': None, 'change': True}
2025-10-11 15:38:20,438 : INFO : EventManager : Event: ======'machine_var_audits_missing_switches_s_spinner'====== Args={'value': 4, 'prev_value': None, 'change': True}
2025-10-11 15:38:20,439 : INFO : EventManager : Event: ======'machine_var_audits_missing_switches_s_start'====== Args={'value': 1, 'prev_value': None, 'change': True}
2025-10-11 15:38:20,439 : INFO : EventManager : Event: ======'machine_var_audits_missing_switches_s_three_bank_bottom'====== Args={'value': 2, 'prev_value': None, 'change': True}
2025-10-11 15:38:20,439 : INFO : EventManager : Event: ======'machine_var_audits_missing_switches_s_three_bank_middle'====== Args={'value': 2, 'prev_value': None, 'change': True}
2025-10-11 15:38:20,439 : INFO : EventManager : Event: ======'machine_var_audits_missing_switches_s_three_bank_standup'====== Args={'value': 4, 'prev_value': None, 'change': True}
2025-10-11 15:38:20,439 : INFO : EventManager : Event: ======'machine_var_audits_missing_switches_s_three_bank_top'====== Args={'value': 2, 'prev_value': None, 'change': True}
2025-10-11 15:38:20,439 : INFO : EventManager : Event: ======'machine_var_audits_missing_switches_s_tilt_bob'====== Args={'value': 305, 'prev_value': None, 'change': True}
2025-10-11 15:38:20,439 : INFO : EventManager : Event: ======'machine_var_audits_missing_switches_s_top_right_flipper'====== Args={'value': 297, 'prev_value': None, 'change': True}
2025-10-11 15:38:20,439 : INFO : EventManager : Event: ======'machine_var_audits_missing_switches_s_trough1'====== Args={'value': 2, 'prev_value': None, 'change': True}
2025-10-11 15:38:20,439 : INFO : EventManager : Event: ======'machine_var_audits_missing_switches_s_trough2'====== Args={'value': 4, 'prev_value': None, 'change': True}
2025-10-11 15:38:20,439 : INFO : EventManager : Event: ======'machine_var_audits_missing_switches_s_trough3'====== Args={'value': 4, 'prev_value': None, 'change': True}
2025-10-11 15:38:20,439 : INFO : EventManager : Event: ======'machine_var_audits_missing_switches_s_trough4'====== Args={'value': 296, 'prev_value': None, 'change': True}
2025-10-11 15:38:20,439 : INFO : EventManager : Event: ======'machine_var_audits_missing_switches_s_trough5'====== Args={'value': 296, 'prev_value': None, 'change': True}
2025-10-11 15:38:20,439 : INFO : EventManager : Event: ======'machine_var_audits_missing_switches_s_trough6'====== Args={'value': 146, 'prev_value': None, 'change': True}
2025-10-11 15:38:20,439 : INFO : EventManager : Event: ======'machine_var_audits_missing_switches_s_trough_jam'====== Args={'value': 297, 'prev_value': None, 'change': True}
2025-10-11 15:38:20,439 : INFO : EventManager : Event: ======'machine_var_audits_missing_switches_s_tshirt_bottom_standup'====== Args={'value': 143, 'prev_value': None, 'change': True}
2025-10-11 15:38:20,439 : INFO : EventManager : Event: ======'machine_var_audits_missing_switches_s_tshirt_top_standup'====== Args={'value': 122, 'prev_value': None, 'change': True}
2025-10-11 15:38:20,440 : INFO : EventManager : Event: ======'machine_var_audits_missing_switches_s_upper_pop_standup'====== Args={'value': 297, 'prev_value': None, 'change': True}
2025-10-11 15:38:20,440 : INFO : EventManager : Event: ======'machine_var_audits_missing_switches_service_esc'====== Args={'value': 1, 'prev_value': None, 'change': True}
2025-10-11 15:38:20,440 : INFO : EventManager : Event: ======'machine_var_audits_player_score'====== Args={'value': {'average': 3731817, 'top': [142237180, 6022290, 2075720, 2049050, 140190, 55679, 54526, 46225, 25350, 24166], 'total': 41}, 'prev_value': None, 'change': True}
2025-10-11 15:38:20,440 : INFO : EventManager : Event: ======'machine_var_audits_shots_skill_captive'====== Args={'value': 16, 'prev_value': None, 'change': True}
2025-10-11 15:38:20,440 : INFO : EventManager : Event: ======'machine_var_audits_shots_skill_drop_targets'====== Args={'value': 157, 'prev_value': None, 'change': True}
2025-10-11 15:38:20,440 : INFO : EventManager : Event: ======'machine_var_audits_shots_skill_side_targets'====== Args={'value': 27, 'prev_value': None, 'change': True}
2025-10-11 15:38:20,440 : INFO : EventManager : Event: ======'machine_var_audits_switches_s_captive_ball'====== Args={'value': 185, 'prev_value': None, 'change': True}
2025-10-11 15:38:20,440 : INFO : EventManager : Event: ======'machine_var_audits_switches_s_center_upper_pop'====== Args={'value': 214, 'prev_value': None, 'change': True}
2025-10-11 15:38:20,440 : INFO : EventManager : Event: ======'machine_var_audits_switches_s_inner_orbit'====== Args={'value': 1, 'prev_value': None, 'change': True}
2025-10-11 15:38:20,440 : INFO : EventManager : Event: ======'machine_var_audits_switches_s_left_flipper'====== Args={'value': 1247, 'prev_value': None, 'change': True}
2025-10-11 15:38:20,440 : INFO : EventManager : Event: ======'machine_var_audits_switches_s_left_inlane'====== Args={'value': 111, 'prev_value': None, 'change': True}
2025-10-11 15:38:20,440 : INFO : EventManager : Event: ======'machine_var_audits_switches_s_left_orbit'====== Args={'value': 57, 'prev_value': None, 'change': True}
2025-10-11 15:38:20,440 : INFO : EventManager : Event: ======'machine_var_audits_switches_s_left_outlane'====== Args={'value': 56, 'prev_value': None, 'change': True}
2025-10-11 15:38:20,440 : INFO : EventManager : Event: ======'machine_var_audits_switches_s_left_ramp'====== Args={'value': 121, 'prev_value': None, 'change': True}
2025-10-11 15:38:20,440 : INFO : EventManager : Event: ======'machine_var_audits_switches_s_left_slingshot'====== Args={'value': 259, 'prev_value': None, 'change': True}
2025-10-11 15:38:20,440 : INFO : EventManager : Event: ======'machine_var_audits_switches_s_left_upper_pop'====== Args={'value': 158, 'prev_value': None, 'change': True}
2025-10-11 15:38:20,440 : INFO : EventManager : Event: ======'machine_var_audits_switches_s_plunger'====== Args={'value': 990, 'prev_value': None, 'change': True}
2025-10-11 15:38:20,441 : INFO : EventManager : Event: ======'machine_var_audits_switches_s_pop_standup'====== Args={'value': 94, 'prev_value': None, 'change': True}
2025-10-11 15:38:20,441 : INFO : EventManager : Event: ======'machine_var_audits_switches_s_right_flipper'====== Args={'value': 1521, 'prev_value': None, 'change': True}
2025-10-11 15:38:20,441 : INFO : EventManager : Event: ======'machine_var_audits_switches_s_right_inlane'====== Args={'value': 107, 'prev_value': None, 'change': True}
2025-10-11 15:38:20,441 : INFO : EventManager : Event: ======'machine_var_audits_switches_s_right_lower_pop'====== Args={'value': 596, 'prev_value': None, 'change': True}
2025-10-11 15:38:20,441 : INFO : EventManager : Event: ======'machine_var_audits_switches_s_right_orbit'====== Args={'value': 59, 'prev_value': None, 'change': True}
2025-10-11 15:38:20,441 : INFO : EventManager : Event: ======'machine_var_audits_switches_s_right_outlane'====== Args={'value': 53, 'prev_value': None, 'change': True}
2025-10-11 15:38:20,441 : INFO : EventManager : Event: ======'machine_var_audits_switches_s_right_ramp'====== Args={'value': 120, 'prev_value': None, 'change': True}
2025-10-11 15:38:20,441 : INFO : EventManager : Event: ======'machine_var_audits_switches_s_right_slingshot'====== Args={'value': 366, 'prev_value': None, 'change': True}
2025-10-11 15:38:20,441 : INFO : EventManager : Event: ======'machine_var_audits_switches_s_scoop'====== Args={'value': 292, 'prev_value': None, 'change': True}
2025-10-11 15:38:20,441 : INFO : EventManager : Event: ======'machine_var_audits_switches_s_service_down'====== Args={'value': 0, 'prev_value': None, 'change': True}
2025-10-11 15:38:20,441 : INFO : EventManager : Event: ======'machine_var_audits_switches_s_service_enter'====== Args={'value': 0, 'prev_value': None, 'change': True}
2025-10-11 15:38:20,441 : INFO : EventManager : Event: ======'machine_var_audits_switches_s_service_esc'====== Args={'value': 0, 'prev_value': None, 'change': True}
2025-10-11 15:38:20,441 : INFO : EventManager : Event: ======'machine_var_audits_switches_s_service_up'====== Args={'value': 0, 'prev_value': None, 'change': True}
2025-10-11 15:38:20,441 : INFO : EventManager : Event: ======'machine_var_audits_switches_s_spinner'====== Args={'value': 1921, 'prev_value': None, 'change': True}
2025-10-11 15:38:20,441 : INFO : EventManager : Event: ======'machine_var_audits_switches_s_start'====== Args={'value': 57, 'prev_value': None, 'change': True}
2025-10-11 15:38:20,441 : INFO : EventManager : Event: ======'machine_var_audits_switches_s_three_bank_bottom'====== Args={'value': 400, 'prev_value': None, 'change': True}
2025-10-11 15:38:20,442 : INFO : EventManager : Event: ======'machine_var_audits_switches_s_three_bank_middle'====== Args={'value': 444, 'prev_value': None, 'change': True}
2025-10-11 15:38:20,442 : INFO : EventManager : Event: ======'machine_var_audits_switches_s_three_bank_standup'====== Args={'value': 223, 'prev_value': None, 'change': True}
2025-10-11 15:38:20,442 : INFO : EventManager : Event: ======'machine_var_audits_switches_s_three_bank_top'====== Args={'value': 438, 'prev_value': None, 'change': True}
2025-10-11 15:38:20,442 : INFO : EventManager : Event: ======'machine_var_audits_switches_s_tilt_bob'====== Args={'value': 21, 'prev_value': None, 'change': True}
2025-10-11 15:38:20,442 : INFO : EventManager : Event: ======'machine_var_audits_switches_s_top_right_flipper'====== Args={'value': 1294, 'prev_value': None, 'change': True}
2025-10-11 15:38:20,442 : INFO : EventManager : Event: ======'machine_var_audits_switches_s_trough1'====== Args={'value': 279, 'prev_value': None, 'change': True}
2025-10-11 15:38:20,442 : INFO : EventManager : Event: ======'machine_var_audits_switches_s_trough2'====== Args={'value': 291, 'prev_value': None, 'change': True}
2025-10-11 15:38:20,442 : INFO : EventManager : Event: ======'machine_var_audits_switches_s_trough3'====== Args={'value': 220, 'prev_value': None, 'change': True}
2025-10-11 15:38:20,442 : INFO : EventManager : Event: ======'machine_var_audits_switches_s_trough4'====== Args={'value': 160, 'prev_value': None, 'change': True}
2025-10-11 15:38:20,442 : INFO : EventManager : Event: ======'machine_var_audits_switches_s_trough5'====== Args={'value': 160, 'prev_value': None, 'change': True}
2025-10-11 15:38:20,442 : INFO : EventManager : Event: ======'machine_var_audits_switches_s_trough6'====== Args={'value': 161, 'prev_value': None, 'change': True}
2025-10-11 15:38:20,442 : INFO : EventManager : Event: ======'machine_var_audits_switches_s_trough_jam'====== Args={'value': 206, 'prev_value': None, 'change': True}
2025-10-11 15:38:20,442 : INFO : EventManager : Event: ======'machine_var_audits_switches_s_tshirt_bottom_standup'====== Args={'value': 31, 'prev_value': None, 'change': True}
2025-10-11 15:38:20,442 : INFO : EventManager : Event: ======'machine_var_audits_switches_s_tshirt_top_standup'====== Args={'value': 58, 'prev_value': None, 'change': True}
2025-10-11 15:38:20,442 : INFO : EventManager : Event: ======'machine_var_audits_switches_s_upper_pop_standup'====== Args={'value': 158, 'prev_value': None, 'change': True}
2025-10-11 15:38:20,443 : INFO : EventManager : Event: ======'machine_var_audits_switches_service_down'====== Args={'value': 1, 'prev_value': None, 'change': True}
2025-10-11 15:38:20,443 : INFO : EventManager : Event: ======'machine_var_audits_switches_service_enter'====== Args={'value': 2, 'prev_value': None, 'change': True}
2025-10-11 15:38:20,443 : INFO : EventManager : Event: ======'machine_var_audits_switches_service_esc'====== Args={'value': 0, 'prev_value': None, 'change': True}
2025-10-11 15:38:20,443 : INFO : EventManager : Event: ======'machine_var_audits_switches_service_up'====== Args={'value': 2, 'prev_value': None, 'change': True}
2025-10-11 15:38:20,443 : INFO : EventManager : Event: ======'init_phase_5'====== Args={}
2025-10-11 15:38:20,474 : INFO : EventManager : Event: ======'init_done'====== Args={}
2025-10-11 15:38:20,475 : INFO : EventManager : Event: ======'machine_reset_phase_1'====== Args={}
2025-10-11 15:38:20,487 : INFO : EventManager : Event: ======'machine_reset_phase_2'====== Args={}
2025-10-11 15:38:20,488 : INFO : EventManager : Event: ======'machine_reset_phase_3'====== Args={}
2025-10-11 15:38:20,488 : INFO : drop_target_bank.three_bank : All targets are already up. Will not reset bank.
2025-10-11 15:38:20,488 : INFO : EventManager : Event: ======'reset_complete'====== Args={}
2025-10-11 15:38:20,488 : INFO : EventManager : Event: ======'mode_service_will_start'====== Args={}
2025-10-11 15:38:20,489 : INFO : EventManager : Event: ======'mode_service_starting'====== Args={}
2025-10-11 15:38:20,489 : INFO : EventManager : Event: ======'mode_attract_will_start'====== Args={}
2025-10-11 15:38:20,489 : INFO : Timer.attract_carousel_timer : Starting Timer.
2025-10-11 15:38:20,489 : INFO : EventManager : Event: ======'timer_attract_carousel_timer_started'====== Args={'ticks': 0, 'ticks_remaining': 1}
2025-10-11 15:38:20,490 : INFO : EventManager : Event: ======'timer_attract_carousel_timer_tick'====== Args={'ticks': 0, 'ticks_remaining': 1}
2025-10-11 15:38:20,490 : INFO : Timer.attract_intro_timer : Starting Timer.
2025-10-11 15:38:20,490 : INFO : EventManager : Event: ======'timer_attract_intro_timer_started'====== Args={'ticks': 0, 'ticks_remaining': 16}
2025-10-11 15:38:20,490 : INFO : EventManager : Event: ======'timer_attract_intro_timer_tick'====== Args={'ticks': 0, 'ticks_remaining': 16}
2025-10-11 15:38:20,490 : INFO : EventManager : Event: ======'mode_attract_starting'====== Args={}
2025-10-11 15:38:20,490 : INFO : Mode.attract : Started. Priority: 10
2025-10-11 15:38:20,490 : INFO : EventManager : Event: ======'modes_active_modes_changed'====== Args={}
2025-10-11 15:38:20,490 : INFO : EventManager : Event: ======'mode_attract_started'====== Args={}
2025-10-11 15:38:20,491 : INFO : EventManager : Event: ======'timer_attract_intro_timer_tick'====== Args={'ticks': 0, 'ticks_remaining': 16}
2025-10-11 15:38:20,491 : INFO : EventManager : Event: ======'collecting_balls_complete'====== Args={}
2025-10-11 15:38:20,491 : INFO : EventManager : Event: ======'item_highlighted'====== Args={'carousel': 'attract', 'direction': None, 'item': 'credits'}
2025-10-11 15:38:20,491 : INFO : EventManager : Event: ======'timer_attract_carousel_timer_tick'====== Args={'ticks': 0, 'ticks_remaining': 1}
2025-10-11 15:38:20,491 : INFO : Mode.service : Started. Priority: 100000
2025-10-11 15:38:20,491 : INFO : EventManager : Event: ======'modes_active_modes_changed'====== Args={}
2025-10-11 15:38:20,491 : INFO : EventManager : Event: ======'mode_service_started'====== Args={}
2025-10-11 15:38:20,503 : INFO : EventManager : Event: ======'slide_loading_created'====== Args={'_from_bcp': True}
2025-10-11 15:38:20,503 : INFO : EventManager : Event: ======'slide__removed'====== Args={'_from_bcp': True}
2025-10-11 15:38:20,503 : INFO : EventManager : Event: ======'slide_loading_active'====== Args={'original_context': '_global', 'original_calling_context': 'init_done', 'priority': 0.0, 'cmd': 'slides_play', '_from_bcp': True}
2025-10-11 15:38:20,503 : INFO : Machine : Starting the main run loop with active modes: [<Mode.service>, <Mode.attract>]
2025-10-11 15:38:20,554 : INFO : EventManager : Event: ======'slide_attract_load_created'====== Args={'_from_bcp': True}
2025-10-11 15:38:20,554 : INFO : EventManager : Event: ======'slide_loading_inactive'====== Args={'is_removing': True, '_from_bcp': True}
2025-10-11 15:38:20,554 : INFO : EventManager : Event: ======'slide_attract_load_active'====== Args={'original_context': 'attract', 'original_calling_context': 'mode_attract_started', 'priority': 10.0, 'cmd': 'slides_play', '_from_bcp': True}
2025-10-11 15:38:20,555 : INFO : EventManager : Event: ======'slide_loading_removed'====== Args={'_from_bcp': True}
2025-10-11 15:38:20,776 : INFO : BcpServer : New client connected.
2025-10-11 15:38:21,505 : INFO : EventManager : Event: ======'timer_attract_intro_timer_tick'====== Args={'ticks': 1, 'ticks_remaining': 15}
2025-10-11 15:38:22,541 : INFO : EventManager : Event: ======'timer_attract_intro_timer_tick'====== Args={'ticks': 2, 'ticks_remaining': 14}
2025-10-11 15:38:23,483 : INFO : EventManager : Event: ======'timer_attract_intro_timer_tick'====== Args={'ticks': 3, 'ticks_remaining': 13}
2025-10-11 15:38:24,508 : INFO : EventManager : Event: ======'timer_attract_intro_timer_tick'====== Args={'ticks': 4, 'ticks_remaining': 12}
2025-10-11 15:38:25,484 : INFO : Timer.attract_carousel_timer : Timer Complete
2025-10-11 15:38:25,485 : INFO : Timer.attract_carousel_timer : Stopping Timer
2025-10-11 15:38:25,485 : INFO : EventManager : Event: ======'timer_attract_carousel_timer_stopped'====== Args={'ticks': 1, 'ticks_remaining': 1}
2025-10-11 15:38:25,485 : INFO : EventManager : Event: ======'timer_attract_carousel_timer_complete'====== Args={'ticks': 1, 'ticks_remaining': 1}
2025-10-11 15:38:25,485 : INFO : EventManager : Event: ======'timer_attract_intro_timer_tick'====== Args={'ticks': 5, 'ticks_remaining': 11}
2025-10-11 15:38:25,486 : INFO : EventManager : Event: ======'item_highlighted'====== Args={'carousel': 'attract', 'direction': 'forwards', 'item': 'pressstart'}
2025-10-11 15:38:25,486 : INFO : Timer.attract_carousel_timer : Starting Timer.
2025-10-11 15:38:25,486 : INFO : EventManager : Event: ======'timer_attract_carousel_timer_started'====== Args={'ticks': 0, 'ticks_remaining': 1}
2025-10-11 15:38:25,486 : INFO : EventManager : Event: ======'timer_attract_carousel_timer_tick'====== Args={'ticks': 0, 'ticks_remaining': 1}
2025-10-11 15:38:26,483 : INFO : EventManager : Event: ======'timer_attract_intro_timer_tick'====== Args={'ticks': 6, 'ticks_remaining': 10}
2025-10-11 15:38:27,482 : INFO : EventManager : Event: ======'timer_attract_intro_timer_tick'====== Args={'ticks': 7, 'ticks_remaining': 9}
2025-10-11 15:38:28,504 : INFO : EventManager : Event: ======'timer_attract_intro_timer_tick'====== Args={'ticks': 8, 'ticks_remaining': 8}
2025-10-11 15:38:29,509 : INFO : EventManager : Event: ======'timer_attract_intro_timer_tick'====== Args={'ticks': 9, 'ticks_remaining': 7}
2025-10-11 15:38:30,484 : INFO : Timer.attract_carousel_timer : Timer Complete
2025-10-11 15:38:30,484 : INFO : Timer.attract_carousel_timer : Stopping Timer
2025-10-11 15:38:30,484 : INFO : EventManager : Event: ======'timer_attract_carousel_timer_stopped'====== Args={'ticks': 1, 'ticks_remaining': 1}
2025-10-11 15:38:30,486 : INFO : EventManager : Event: ======'timer_attract_carousel_timer_complete'====== Args={'ticks': 1, 'ticks_remaining': 1}
2025-10-11 15:38:30,486 : INFO : EventManager : Event: ======'timer_attract_intro_timer_tick'====== Args={'ticks': 10, 'ticks_remaining': 6}
2025-10-11 15:38:30,486 : INFO : EventManager : Event: ======'item_highlighted'====== Args={'carousel': 'attract', 'direction': 'forwards', 'item': 'version'}
2025-10-11 15:38:30,487 : INFO : Timer.attract_carousel_timer : Starting Timer.
2025-10-11 15:38:30,487 : INFO : EventManager : Event: ======'timer_attract_carousel_timer_started'====== Args={'ticks': 0, 'ticks_remaining': 1}
2025-10-11 15:38:30,487 : INFO : EventManager : Event: ======'timer_attract_carousel_timer_tick'====== Args={'ticks': 0, 'ticks_remaining': 1}
2025-10-11 15:38:31,495 : INFO : EventManager : Event: ======'timer_attract_intro_timer_tick'====== Args={'ticks': 11, 'ticks_remaining': 5}
2025-10-11 15:38:32,507 : INFO : EventManager : Event: ======'timer_attract_intro_timer_tick'====== Args={'ticks': 12, 'ticks_remaining': 4}
2025-10-11 15:38:33,494 : INFO : EventManager : Event: ======'timer_attract_intro_timer_tick'====== Args={'ticks': 13, 'ticks_remaining': 3}
2025-10-11 15:38:34,500 : INFO : EventManager : Event: ======'timer_attract_intro_timer_tick'====== Args={'ticks': 14, 'ticks_remaining': 2}
2025-10-11 15:38:35,497 : INFO : Timer.attract_carousel_timer : Timer Complete
2025-10-11 15:38:35,497 : INFO : Timer.attract_carousel_timer : Stopping Timer
2025-10-11 15:38:35,498 : INFO : EventManager : Event: ======'timer_attract_carousel_timer_stopped'====== Args={'ticks': 1, 'ticks_remaining': 1}
2025-10-11 15:38:35,498 : INFO : EventManager : Event: ======'timer_attract_carousel_timer_complete'====== Args={'ticks': 1, 'ticks_remaining': 1}
2025-10-11 15:38:35,498 : INFO : EventManager : Event: ======'timer_attract_intro_timer_tick'====== Args={'ticks': 15, 'ticks_remaining': 1}
2025-10-11 15:38:35,498 : INFO : EventManager : Event: ======'item_highlighted'====== Args={'carousel': 'attract', 'direction': 'forwards', 'item': 'mpf_logo'}
2025-10-11 15:38:35,499 : INFO : Timer.attract_carousel_timer : Starting Timer.
2025-10-11 15:38:35,499 : INFO : EventManager : Event: ======'timer_attract_carousel_timer_started'====== Args={'ticks': 0, 'ticks_remaining': 1}
2025-10-11 15:38:35,499 : INFO : EventManager : Event: ======'timer_attract_carousel_timer_tick'====== Args={'ticks': 0, 'ticks_remaining': 1}
2025-10-11 15:38:36,490 : INFO : Timer.attract_intro_timer : Timer Complete
2025-10-11 15:38:36,490 : INFO : Timer.attract_intro_timer : Stopping Timer
2025-10-11 15:38:36,491 : INFO : EventManager : Event: ======'timer_attract_intro_timer_stopped'====== Args={'ticks': 16, 'ticks_remaining': 1}
2025-10-11 15:38:36,491 : INFO : EventManager : Event: ======'timer_attract_intro_timer_complete'====== Args={'ticks': 16, 'ticks_remaining': 1}
2025-10-11 15:38:36,529 : INFO : EventManager : Event: ======'slide_attract_created'====== Args={'_from_bcp': True}
2025-10-11 15:38:36,530 : INFO : EventManager : Event: ======'slide_attract_load_inactive'====== Args={'is_removing': True, '_from_bcp': True}
2025-10-11 15:38:36,530 : INFO : EventManager : Event: ======'slide_attract_active'====== Args={'original_context': 'attract', 'original_calling_context': 'timer_attract_intro_timer_complete', 'priority': 10.0, 'ticks': 16.0, 'ticks_remaining': 1.0, 'cmd': 'slides_play', '_from_bcp': True}
2025-10-11 15:38:36,539 : INFO : EventManager : Event: ======'slide_attract_load_removed'====== Args={'_from_bcp': True}
2025-10-11 15:38:40,490 : INFO : Timer.attract_carousel_timer : Timer Complete
2025-10-11 15:38:40,490 : INFO : Timer.attract_carousel_timer : Stopping Timer
2025-10-11 15:38:40,490 : INFO : EventManager : Event: ======'timer_attract_carousel_timer_stopped'====== Args={'ticks': 1, 'ticks_remaining': 1}
2025-10-11 15:38:40,491 : INFO : EventManager : Event: ======'timer_attract_carousel_timer_complete'====== Args={'ticks': 1, 'ticks_remaining': 1}
2025-10-11 15:38:40,492 : INFO : EventManager : Event: ======'item_highlighted'====== Args={'carousel': 'attract', 'direction': 'forwards', 'item': 'fast_logo'}
2025-10-11 15:38:40,492 : INFO : Timer.attract_carousel_timer : Starting Timer.
2025-10-11 15:38:40,493 : INFO : EventManager : Event: ======'timer_attract_carousel_timer_started'====== Args={'ticks': 0, 'ticks_remaining': 1}
2025-10-11 15:38:40,493 : INFO : EventManager : Event: ======'timer_attract_carousel_timer_tick'====== Args={'ticks': 0, 'ticks_remaining': 1}
2025-10-11 15:38:45,502 : INFO : Timer.attract_carousel_timer : Timer Complete
2025-10-11 15:38:45,502 : INFO : Timer.attract_carousel_timer : Stopping Timer
2025-10-11 15:38:45,502 : INFO : EventManager : Event: ======'timer_attract_carousel_timer_stopped'====== Args={'ticks': 1, 'ticks_remaining': 1}
2025-10-11 15:38:45,502 : INFO : EventManager : Event: ======'timer_attract_carousel_timer_complete'====== Args={'ticks': 1, 'ticks_remaining': 1}
2025-10-11 15:38:45,503 : INFO : EventManager : Event: ======'item_highlighted'====== Args={'carousel': 'attract', 'direction': 'forwards', 'item': 'credits'}
2025-10-11 15:38:45,504 : INFO : Timer.attract_carousel_timer : Starting Timer.
2025-10-11 15:38:45,504 : INFO : EventManager : Event: ======'timer_attract_carousel_timer_started'====== Args={'ticks': 0, 'ticks_remaining': 1}
2025-10-11 15:38:45,504 : INFO : EventManager : Event: ======'timer_attract_carousel_timer_tick'====== Args={'ticks': 0, 'ticks_remaining': 1}
2025-10-11 15:38:50,484 : INFO : Timer.attract_carousel_timer : Timer Complete
2025-10-11 15:38:50,484 : INFO : Timer.attract_carousel_timer : Stopping Timer
2025-10-11 15:38:50,484 : INFO : EventManager : Event: ======'timer_attract_carousel_timer_stopped'====== Args={'ticks': 1, 'ticks_remaining': 1}
2025-10-11 15:38:50,485 : INFO : EventManager : Event: ======'timer_attract_carousel_timer_complete'====== Args={'ticks': 1, 'ticks_remaining': 1}
2025-10-11 15:38:50,485 : INFO : EventManager : Event: ======'item_highlighted'====== Args={'carousel': 'attract', 'direction': 'forwards', 'item': 'pressstart'}
2025-10-11 15:38:50,486 : INFO : Timer.attract_carousel_timer : Starting Timer.
2025-10-11 15:38:50,486 : INFO : EventManager : Event: ======'timer_attract_carousel_timer_started'====== Args={'ticks': 0, 'ticks_remaining': 1}
2025-10-11 15:38:50,486 : INFO : EventManager : Event: ======'timer_attract_carousel_timer_tick'====== Args={'ticks': 0, 'ticks_remaining': 1}
2025-10-11 15:38:55,497 : INFO : Timer.attract_carousel_timer : Timer Complete
2025-10-11 15:38:55,497 : INFO : Timer.attract_carousel_timer : Stopping Timer
2025-10-11 15:38:55,497 : INFO : EventManager : Event: ======'timer_attract_carousel_timer_stopped'====== Args={'ticks': 1, 'ticks_remaining': 1}
2025-10-11 15:38:55,498 : INFO : EventManager : Event: ======'timer_attract_carousel_timer_complete'====== Args={'ticks': 1, 'ticks_remaining': 1}
2025-10-11 15:38:55,498 : INFO : EventManager : Event: ======'item_highlighted'====== Args={'carousel': 'attract', 'direction': 'forwards', 'item': 'version'}
2025-10-11 15:38:55,498 : INFO : Timer.attract_carousel_timer : Starting Timer.
2025-10-11 15:38:55,499 : INFO : EventManager : Event: ======'timer_attract_carousel_timer_started'====== Args={'ticks': 0, 'ticks_remaining': 1}
2025-10-11 15:38:55,499 : INFO : EventManager : Event: ======'timer_attract_carousel_timer_tick'====== Args={'ticks': 0, 'ticks_remaining': 1}
2025-10-11 15:39:00,507 : INFO : Timer.attract_carousel_timer : Timer Complete
2025-10-11 15:39:00,507 : INFO : Timer.attract_carousel_timer : Stopping Timer
2025-10-11 15:39:00,508 : INFO : EventManager : Event: ======'timer_attract_carousel_timer_stopped'====== Args={'ticks': 1, 'ticks_remaining': 1}
2025-10-11 15:39:00,508 : INFO : EventManager : Event: ======'timer_attract_carousel_timer_complete'====== Args={'ticks': 1, 'ticks_remaining': 1}
2025-10-11 15:39:00,509 : INFO : EventManager : Event: ======'item_highlighted'====== Args={'carousel': 'attract', 'direction': 'forwards', 'item': 'mpf_logo'}
2025-10-11 15:39:00,509 : INFO : Timer.attract_carousel_timer : Starting Timer.
2025-10-11 15:39:00,509 : INFO : EventManager : Event: ======'timer_attract_carousel_timer_started'====== Args={'ticks': 0, 'ticks_remaining': 1}
2025-10-11 15:39:00,510 : INFO : EventManager : Event: ======'timer_attract_carousel_timer_tick'====== Args={'ticks': 0, 'ticks_remaining': 1}
2025-10-11 15:39:05,484 : INFO : Timer.attract_carousel_timer : Timer Complete
2025-10-11 15:39:05,485 : INFO : Timer.attract_carousel_timer : Stopping Timer
2025-10-11 15:39:05,485 : INFO : EventManager : Event: ======'timer_attract_carousel_timer_stopped'====== Args={'ticks': 1, 'ticks_remaining': 1}
2025-10-11 15:39:05,485 : INFO : EventManager : Event: ======'timer_attract_carousel_timer_complete'====== Args={'ticks': 1, 'ticks_remaining': 1}
2025-10-11 15:39:05,486 : INFO : EventManager : Event: ======'item_highlighted'====== Args={'carousel': 'attract', 'direction': 'forwards', 'item': 'fast_logo'}
2025-10-11 15:39:05,487 : INFO : Timer.attract_carousel_timer : Starting Timer.
2025-10-11 15:39:05,487 : INFO : EventManager : Event: ======'timer_attract_carousel_timer_started'====== Args={'ticks': 0, 'ticks_remaining': 1}
2025-10-11 15:39:05,487 : INFO : EventManager : Event: ======'timer_attract_carousel_timer_tick'====== Args={'ticks': 0, 'ticks_remaining': 1}
2025-10-11 15:39:06,239 : INFO : Machine : Shutting down...
2025-10-11 15:39:06,239 : INFO : EventManager : Event: ======'shutdown'====== Args={}
2025-10-11 15:39:06,240 : INFO : EventManager : Event: ======'mode_service_will_stop'====== Args={}
2025-10-11 15:39:06,240 : INFO : EventManager : Event: ======'mode_service_stopping'====== Args={}
2025-10-11 15:39:06,241 : INFO : Mode.service : Stopped.
2025-10-11 15:39:06,242 : INFO : EventManager : Event: ======'modes_active_modes_changed'====== Args={}
2025-10-11 15:39:06,242 : INFO : EventManager : Event: ======'mode_service_stopped'====== Args={}
2025-10-11 15:39:06,242 : INFO : EventManager : Event: ======'clear'====== Args={'key': 'service'}
2025-10-11 15:39:06,248 : INFO : root : MPF run loop ended.
