2025-12-15 18:11:58,437 : INFO : root : Loading config.
2025-12-15 18:11:58,459 : INFO : YamlMultifileConfigLoader : Machine config file #1: config.yaml
2025-12-15 18:11:58,459 : WARNING : ConfigProcessor : Config file in cache changed: C:\venv\mpf\mmmdrop\config\config.yaml
2025-12-15 18:11:58,459 : INFO : ConfigProcessor : Loading config from file c:\venv\mpf\lib\site-packages\mpf\mpfconfig.yaml.
2025-12-15 18:11:58,469 : INFO : ConfigProcessor : Loading config: c:\venv\mpf\lib\site-packages\mpf\mpfconfig.yaml
2025-12-15 18:11:58,469 : INFO : ConfigProcessor : Loading config from file C:\venv\mpf\mmmdrop\config\config.yaml.
2025-12-15 18:11:58,474 : INFO : ConfigProcessor : Loading config: C:\venv\mpf\mmmdrop\config\config.yaml
2025-12-15 18:11:58,475 : INFO : ConfigProcessor : Loading config: C:\venv\mpf\mmmdrop\config\coils.yaml
2025-12-15 18:11:58,480 : INFO : ConfigProcessor : Loading config: C:\venv\mpf\mmmdrop\config\switches.yaml
2025-12-15 18:11:58,487 : INFO : ConfigProcessor : Loading config: C:\venv\mpf\mmmdrop\config\lights.yaml
2025-12-15 18:11:58,490 : INFO : ConfigProcessor : Config file cache created: C:\Users\sdona\AppData\Local\Temp\19f6d0d7953982fda9d956182316b8e5.mpf_cache
2025-12-15 18:11:58,596 : INFO : ConfigProcessor : Loading config from cache: C:\Users\sdona\AppData\Local\Temp\835b5bfea4be8b279a05e96caaaffbbb.mpf_cache
2025-12-15 18:11:58,597 : INFO : ConfigProcessor : Loading config from cache: C:\Users\sdona\AppData\Local\Temp\9b0a7575388f9d9bd2f6ab87bf9fd2f7.mpf_cache
2025-12-15 18:11:58,611 : WARNING : ConfigProcessor : Config file in cache changed: C:\venv\mpf\mmmdrop\modes\base\config\base.yaml
2025-12-15 18:11:58,611 : INFO : ConfigProcessor : Loading config from file C:\venv\mpf\mmmdrop\modes\base\config\base.yaml.
2025-12-15 18:11:58,656 : INFO : ConfigProcessor : Loading config: C:\venv\mpf\mmmdrop\modes\base\config\base.yaml
2025-12-15 18:11:58,660 : INFO : ConfigProcessor : Config file cache created: C:\Users\sdona\AppData\Local\Temp\c340ec0033d1055cd797ffd5447ef414.mpf_cache
2025-12-15 18:11:58,660 : INFO : ConfigProcessor : Loading config from cache: C:\Users\sdona\AppData\Local\Temp\835b5bfea4be8b279a05e96caaaffbbb.mpf_cache
2025-12-15 18:11:58,661 : INFO : ConfigProcessor : Loading config from cache: C:\Users\sdona\AppData\Local\Temp\8c11a28e3c38d4ad47947b6a126f2ee9.mpf_cache
2025-12-15 18:11:58,677 : INFO : ConfigProcessor : Loading config from cache: C:\Users\sdona\AppData\Local\Temp\e391083cdc9e667060411fe5838e93f2.mpf_cache
2025-12-15 18:11:58,692 : WARNING : ConfigProcessor : Config file in cache changed: C:\venv\mpf\mmmdrop\modes\carousel\config\carousel.yaml
2025-12-15 18:11:58,692 : INFO : ConfigProcessor : Loading config from file C:\venv\mpf\mmmdrop\modes\carousel\config\carousel.yaml.
