2025-10-31 11:03:00,203 : INFO : root : Loading config.
2025-10-31 11:03:00,210 : INFO : YamlMultifileConfigLoader : Machine config file #1: config.yaml
2025-10-31 11:03:00,211 : INFO : ConfigProcessor : Loading config from cache: C:\Users\sdona\AppData\Local\Temp\19f6d0d7953982fda9d956182316b8e5.mpf_cache
2025-10-31 11:03:00,381 : INFO : ConfigProcessor : Loading config from cache: C:\Users\sdona\AppData\Local\Temp\835b5bfea4be8b279a05e96caaaffbbb.mpf_cache
2025-10-31 11:03:00,383 : INFO : ConfigProcessor : Loading config from cache: C:\Users\sdona\AppData\Local\Temp\9b0a7575388f9d9bd2f6ab87bf9fd2f7.mpf_cache
2025-10-31 11:03:00,384 : INFO : ConfigProcessor : Loading config from cache: C:\Users\sdona\AppData\Local\Temp\c340ec0033d1055cd797ffd5447ef414.mpf_cache
2025-10-31 11:03:00,386 : INFO : ConfigProcessor : Loading config from cache: C:\Users\sdona\AppData\Local\Temp\835b5bfea4be8b279a05e96caaaffbbb.mpf_cache
2025-10-31 11:03:00,387 : INFO : ConfigProcessor : Loading config from cache: C:\Users\sdona\AppData\Local\Temp\8c11a28e3c38d4ad47947b6a126f2ee9.mpf_cache
2025-10-31 11:03:00,389 : INFO : ConfigProcessor : Loading config from cache: C:\Users\sdona\AppData\Local\Temp\e391083cdc9e667060411fe5838e93f2.mpf_cache
2025-10-31 11:03:00,390 : INFO : ConfigProcessor : Loading config from cache: C:\Users\sdona\AppData\Local\Temp\f0c219a993d891ee86dcb7eae47dde67.mpf_cache
2025-10-31 11:03:00,391 : INFO : ConfigProcessor : Loading config from cache: C:\Users\sdona\AppData\Local\Temp\96aa58108928490b129531848cd9b506.mpf_cache
2025-10-31 11:03:00,392 : INFO : ConfigProcessor : Loading config from cache: C:\Users\sdona\AppData\Local\Temp\567636b9d9766e3361204e954a8382da.mpf_cache
2025-10-31 11:03:00,394 : INFO : ConfigProcessor : Loading config from cache: C:\Users\sdona\AppData\Local\Temp\d5ead8dff868c6c4b1faf37537a19bc2.mpf_cache
2025-10-31 11:03:00,395 : INFO : ConfigProcessor : Loading config from cache: C:\Users\sdona\AppData\Local\Temp\112f935d1c2002cb40d3e6e497be9e7c.mpf_cache
2025-10-31 11:03:00,397 : INFO : ConfigProcessor : Loading config from cache: C:\Users\sdona\AppData\Local\Temp\aba0711976820dea629bb4c00b006efc.mpf_cache
2025-10-31 11:03:00,399 : INFO : ConfigProcessor : Loading config from cache: C:\Users\sdona\AppData\Local\Temp\de8ed6c6d4c48d1b5b054ff74222cb35.mpf_cache
2025-10-31 11:03:00,400 : INFO : ConfigProcessor : Loading config from cache: C:\Users\sdona\AppData\Local\Temp\5db6c64b0c3bca58d6bbb0f959e933ad.mpf_cache
2025-10-31 11:03:00,401 : INFO : ConfigProcessor : Loading config from cache: C:\Users\sdona\AppData\Local\Temp\3eebd8fc985a6907aa555c0256177d6c.mpf_cache
2025-10-31 11:03:00,404 : INFO : ConfigProcessor : Loading config from cache: C:\Users\sdona\AppData\Local\Temp\e6b55d6a1c06b0dd6369c964181bf8d3.mpf_cache
2025-10-31 11:03:00,406 : INFO : ConfigProcessor : Loading config from cache: C:\Users\sdona\AppData\Local\Temp\2eef6648f7190b215d7c16d8157b8208.mpf_cache
2025-10-31 11:03:00,407 : INFO : ConfigProcessor : Loading config from cache: C:\Users\sdona\AppData\Local\Temp\5a7ad07f75832c2fa569d8508186f943.mpf_cache
2025-10-31 11:03:00,408 : INFO : ConfigProcessor : Loading config from cache: C:\Users\sdona\AppData\Local\Temp\711653a87803a851864824c720cfa295.mpf_cache
2025-10-31 11:03:00,409 : INFO : ConfigProcessor : Loading config from cache: C:\Users\sdona\AppData\Local\Temp\b049f3bb793752455511c0ce4851dcec.mpf_cache
2025-10-31 11:03:00,410 : INFO : ConfigProcessor : Loading config from cache: C:\Users\sdona\AppData\Local\Temp\141b19e6c0168c485bbb38b6543175a8.mpf_cache
2025-10-31 11:03:00,411 : INFO : ConfigProcessor : Loading config from cache: C:\Users\sdona\AppData\Local\Temp\4e6dd3b0a361d042ad5ab93a8cc8b437.mpf_cache
2025-10-31 11:03:00,412 : INFO : ConfigProcessor : Loading config from cache: C:\Users\sdona\AppData\Local\Temp\e97c871403fe82070ff249d62d7cfe22.mpf_cache
2025-10-31 11:03:00,413 : INFO : ConfigProcessor : Loading config from cache: C:\Users\sdona\AppData\Local\Temp\64b6da5876f56fc970400d85dfe882ec.mpf_cache
2025-10-31 11:03:00,414 : INFO : ConfigProcessor : Loading config from cache: C:\Users\sdona\AppData\Local\Temp\c5a11fc9367393a964e333a780e846f7.mpf_cache
2025-10-31 11:03:00,416 : INFO : ConfigProcessor : Loading config from cache: C:\Users\sdona\AppData\Local\Temp\2816335dd466496617c9461f091e66f7.mpf_cache
2025-10-31 11:03:00,417 : INFO : ConfigProcessor : Loading config from cache: C:\Users\sdona\AppData\Local\Temp\6359f7257429add2d261e94bcafd60d5.mpf_cache
2025-10-31 11:03:00,418 : INFO : ConfigProcessor : Loading config from cache: C:\Users\sdona\AppData\Local\Temp\bed2bac5ea254e8ca98f6dd45e865fd8.mpf_cache
2025-10-31 11:03:00,419 : INFO : ConfigProcessor : Loading config from cache: C:\Users\sdona\AppData\Local\Temp\48e8797b77339ec89f8005d20046fbbb.mpf_cache
2025-10-31 11:03:00,420 : INFO : ConfigProcessor : Loading config from cache: C:\Users\sdona\AppData\Local\Temp\b0b8ed4dbd306ac2f063788d81ec6bc4.mpf_cache
2025-10-31 11:03:00,422 : INFO : ConfigProcessor : Loading config from cache: C:\Users\sdona\AppData\Local\Temp\98b42cbd2eba7845afea8d7862634639.mpf_cache
2025-10-31 11:03:00,423 : INFO : ConfigProcessor : Loading config from cache: C:\Users\sdona\AppData\Local\Temp\44893055a228bb5e0381bfc6f9c0abd7.mpf_cache
2025-10-31 11:03:00,423 : INFO : ConfigProcessor : Loading config from cache: C:\Users\sdona\AppData\Local\Temp\e134e8f85ba8fa9c3d7f1500ca292437.mpf_cache
2025-10-31 11:03:00,424 : INFO : ConfigProcessor : Loading config from cache: C:\Users\sdona\AppData\Local\Temp\b24b6909ee6e0520126bbce60d1ed210.mpf_cache
2025-10-31 11:03:00,425 : INFO : ConfigProcessor : Loading config from cache: C:\Users\sdona\AppData\Local\Temp\cba807ea4a81180f6dd01afffacec8ed.mpf_cache
2025-10-31 11:03:00,427 : INFO : ConfigProcessor : Loading config from cache: C:\Users\sdona\AppData\Local\Temp\53e749a0c04d997040a6edc556572299.mpf_cache
2025-10-31 11:03:00,428 : INFO : ConfigProcessor : Loading config from cache: C:\Users\sdona\AppData\Local\Temp\f4dd4d2b5212b72c6e9e67ac9e704e63.mpf_cache
2025-10-31 11:03:00,429 : INFO : ConfigProcessor : Loading config from cache: C:\Users\sdona\AppData\Local\Temp\b47d9bb1214e11383bf30352af24a7d5.mpf_cache
2025-10-31 11:03:00,430 : INFO : ConfigProcessor : Loading config from cache: C:\Users\sdona\AppData\Local\Temp\23d7d59c131357e53b11dbd4a18e6a94.mpf_cache
2025-10-31 11:03:00,431 : INFO : ConfigProcessor : Loading config from cache: C:\Users\sdona\AppData\Local\Temp\4233704904419fdd214152084a83fec1.mpf_cache
2025-10-31 11:03:00,432 : INFO : ConfigProcessor : Loading config from cache: C:\Users\sdona\AppData\Local\Temp\989ee664052248e9552213e43037a565.mpf_cache
2025-10-31 11:03:00,433 : INFO : ConfigProcessor : Loading config from cache: C:\Users\sdona\AppData\Local\Temp\428bc1fa3c6dcaec1d63d9276cdb6405.mpf_cache
2025-10-31 11:03:00,434 : INFO : ConfigProcessor : Loading config from cache: C:\Users\sdona\AppData\Local\Temp\f071e720e1ef2a753ced60502153911a.mpf_cache
2025-10-31 11:03:00,434 : INFO : ConfigProcessor : Loading config from cache: C:\Users\sdona\AppData\Local\Temp\a464c65b0880a71dbe3e02b1f7271abd.mpf_cache
2025-10-31 11:03:00,437 : INFO : ConfigProcessor : Loading config from cache: C:\Users\sdona\AppData\Local\Temp\b4bf5fa77bdb26872f42159f572a3499.mpf_cache
2025-10-31 11:03:00,438 : INFO : ConfigProcessor : Loading config from cache: C:\Users\sdona\AppData\Local\Temp\cd6f6abb19272a94675a232f8f899ac9.mpf_cache
2025-10-31 11:03:00,438 : INFO : ConfigProcessor : Loading config from cache: C:\Users\sdona\AppData\Local\Temp\cbc61a9ec21d345237ebbced62572970.mpf_cache
2025-10-31 11:03:00,441 : INFO : ConfigProcessor : Loading config from cache: C:\Users\sdona\AppData\Local\Temp\c25e7c71bc90546538d4e68911be6658.mpf_cache
2025-10-31 11:03:00,442 : INFO : ConfigProcessor : Loading config from cache: C:\Users\sdona\AppData\Local\Temp\b7a51086f1e3c926b3977a0d025a1faa.mpf_cache
2025-10-31 11:03:00,443 : INFO : ConfigProcessor : Loading config from cache: C:\Users\sdona\AppData\Local\Temp\479eb3ca656e084fa2e092204a5b8039.mpf_cache
2025-10-31 11:03:00,444 : INFO : ConfigProcessor : Loading config from cache: C:\Users\sdona\AppData\Local\Temp\bdb81eccbf19551abd8bea5fafeca7c0.mpf_cache
2025-10-31 11:03:00,445 : INFO : ConfigProcessor : Loading config from cache: C:\Users\sdona\AppData\Local\Temp\8f065719b93e886777277178babee650.mpf_cache
2025-10-31 11:03:00,445 : INFO : ConfigProcessor : Loading config from cache: C:\Users\sdona\AppData\Local\Temp\7fef0463a0df344c3146c845257ec616.mpf_cache
2025-10-31 11:03:00,447 : INFO : ConfigProcessor : Loading config from cache: C:\Users\sdona\AppData\Local\Temp\a4f333ad36a077996c49298642b6bdcf.mpf_cache
2025-10-31 11:03:00,448 : INFO : ConfigProcessor : Loading config from cache: C:\Users\sdona\AppData\Local\Temp\e8d69d74f27089cda2650299e9916804.mpf_cache
2025-10-31 11:03:00,449 : INFO : ConfigProcessor : Loading config from cache: C:\Users\sdona\AppData\Local\Temp\05530f35bd950f18d27d3fd571d96823.mpf_cache
2025-10-31 11:03:00,450 : INFO : ConfigProcessor : Loading config from cache: C:\Users\sdona\AppData\Local\Temp\fc1e3f85304c911eb844eb65d36e61be.mpf_cache
2025-10-31 11:03:00,451 : INFO : ConfigProcessor : Loading config from cache: C:\Users\sdona\AppData\Local\Temp\53223d3922288729ee504c1b2a98bb55.mpf_cache
2025-10-31 11:03:00,452 : INFO : ConfigProcessor : Loading config from cache: C:\Users\sdona\AppData\Local\Temp\8d20136ddb274338050d1d1ccc1a5e4f.mpf_cache
2025-10-31 11:03:00,454 : INFO : ConfigProcessor : Loading config from cache: C:\Users\sdona\AppData\Local\Temp\1254d50720d6d5d0da0e84e29cdbaa7a.mpf_cache
2025-10-31 11:03:00,455 : INFO : ConfigProcessor : Loading config from cache: C:\Users\sdona\AppData\Local\Temp\1a7ae31e9f779b1261e3d1eee1831b27.mpf_cache
2025-10-31 11:03:00,455 : INFO : ConfigProcessor : Loading config from cache: C:\Users\sdona\AppData\Local\Temp\8e3ea42c38f2105e0d9462648474c540.mpf_cache
2025-10-31 11:03:00,459 : INFO : ConfigProcessor : Loading config from cache: C:\Users\sdona\AppData\Local\Temp\a61b86d39bcc5a5ea0a5885549542355.mpf_cache
2025-10-31 11:03:00,461 : INFO : ConfigProcessor : Loading config from cache: C:\Users\sdona\AppData\Local\Temp\ec387031d703ca01cd1e512f54ea45a6.mpf_cache
2025-10-31 11:03:00,462 : INFO : ConfigProcessor : Loading config from cache: C:\Users\sdona\AppData\Local\Temp\6060c5cf25a8bbaedfcd18b580aef368.mpf_cache
2025-10-31 11:03:00,463 : INFO : ConfigProcessor : Loading config from cache: C:\Users\sdona\AppData\Local\Temp\62ef5d872b70fca48f955a2e25312807.mpf_cache
2025-10-31 11:03:00,464 : INFO : ConfigProcessor : Loading config from cache: C:\Users\sdona\AppData\Local\Temp\c52aca253ccfb6abe708ff6ee9d67c14.mpf_cache
2025-10-31 11:03:00,464 : INFO : ConfigProcessor : Loading config from cache: C:\Users\sdona\AppData\Local\Temp\f4a78d1a7bce952f8a932d586083fdd8.mpf_cache
2025-10-31 11:03:00,465 : INFO : ConfigProcessor : Loading config from cache: C:\Users\sdona\AppData\Local\Temp\bb94c9c1e15d87765c90f1ffc77705c9.mpf_cache
2025-10-31 11:03:00,466 : INFO : Machine : Mission Pinball Framework Core Engine v0.80.0.dev9
2025-10-31 11:03:00,466 : INFO : Machine : Command line arguments: {'no_load_cache': False, 'create_config_cache': True, 'bcp': True, 'configfile': ['config.yaml'], 'force_assets_load': False, 'platform_integration_test': False, 'jsonlogging': False, 'logfile': 'logs\\2025-10-31-11-03-00-mpf-PinballLaptop.log', 'pause': False, 'production': False, 'text_ui': False, 'loglevel': 15, 'consoleloglevel': 20, 'force_platform': 'smart_virtual', 'syslog_address': None, 'full_logfile_path': 'C:\\venv\\mpf\\mmmdrop\\logs\\2025-10-31-11-03-00-mpf-PinballLaptop.log'}
2025-10-31 11:03:00,466 : INFO : Machine : MPF path: c:\venv\mpf\lib\site-packages\mpf
2025-10-31 11:03:00,466 : INFO : Machine : Machine path: C:\venv\mpf\mmmdrop
2025-10-31 11:03:00,466 : INFO : Machine : Platform: win32
2025-10-31 11:03:00,466 : INFO : Machine : Python executable location: c:\venv\mpf\Scripts\python.exe
2025-10-31 11:03:00,467 : INFO : Machine : Python version: 3.9.13 (64-bit)
2025-10-31 11:03:00,471 : INFO : Machine : Initializing MPF...
2025-10-31 11:03:00,626 : INFO : EventManager : Event: ======'machine_var_credits_string'====== Args={'value': 'FREE PLAY', 'prev_value': None, 'change': True}
2025-10-31 11:03:00,667 : INFO : EventManager : Event: ======'machine_var_fast_audio_headphones_volume'====== Args={'value': 10, 'prev_value': None, 'change': True}
2025-10-31 11:03:00,667 : INFO : EventManager : Event: ======'machine_var_fast_audio_main_volume'====== Args={'value': 44, 'prev_value': None, 'change': True}
2025-10-31 11:03:00,667 : INFO : EventManager : Event: ======'machine_var_master_volume'====== Args={'value': 0.55, 'prev_value': None, 'change': True}
2025-10-31 11:03:00,667 : INFO : EventManager : Event: ======'machine_var_player1_score'====== Args={'value': 20034230, 'prev_value': None, 'change': True}
2025-10-31 11:03:00,667 : INFO : EventManager : Event: ======'machine_var_game_just_played'====== Args={'value': 0, 'prev_value': None, 'change': True}
2025-10-31 11:03:00,667 : INFO : EventManager : Event: ======'machine_var_mpf_version'====== Args={'value': 'Mission Pinball Framework v0.80.0.dev9', 'prev_value': None, 'change': True}
2025-10-31 11:03:00,667 : INFO : EventManager : Event: ======'machine_var_mpf_extended_version'====== Args={'value': 'Mission Pinball Framework v0.80.0.dev9, Config version:6, Show version: 6, BCP version:1.1', 'prev_value': None, 'change': True}
2025-10-31 11:03:00,668 : INFO : EventManager : Event: ======'machine_var_python_version'====== Args={'value': '3.9.13', 'prev_value': None, 'change': True}
2025-10-31 11:03:00,709 : INFO : EventManager : Event: ======'machine_var_platform'====== Args={'value': 'Windows-10-10.0.26200-SP0', 'prev_value': None, 'change': True}
2025-10-31 11:03:00,710 : INFO : EventManager : Event: ======'machine_var_platform_system'====== Args={'value': 'Windows', 'prev_value': None, 'change': True}
2025-10-31 11:03:00,710 : INFO : EventManager : Event: ======'machine_var_platform_release'====== Args={'value': '10', 'prev_value': None, 'change': True}
2025-10-31 11:03:00,710 : INFO : EventManager : Event: ======'machine_var_platform_version'====== Args={'value': '10.0.26200', 'prev_value': None, 'change': True}
2025-10-31 11:03:00,710 : INFO : EventManager : Event: ======'machine_var_platform_machine'====== Args={'value': 'AMD64', 'prev_value': None, 'change': True}
2025-10-31 11:03:00,710 : INFO : EventManager : Event: ======'machine_var_log_file_path'====== Args={'value': 'C:\\venv\\mpf\\mmmdrop\\logs\\2025-10-31-11-03-00-mpf-PinballLaptop.log', 'prev_value': None, 'change': True}
2025-10-31 11:03:00,710 : INFO : EventManager : Event: ======'init_phase_1'====== Args={}
2025-10-31 11:03:00,811 : INFO : EventManager : Event: ======'drop_target_bank_three_bank_up'====== Args={}
2025-10-31 11:03:00,813 : INFO : EventManager : Event: ======'init_phase_2'====== Args={}
2025-10-31 11:03:00,813 : INFO : SwitchController : Found active switch: ('3208-0', <Platform.SmartVirtual>) <switch.s_trough1>
2025-10-31 11:03:00,813 : INFO : SwitchController : Found active switch: ('3208-1', <Platform.SmartVirtual>) <switch.s_trough2>
2025-10-31 11:03:00,813 : INFO : SwitchController : Found active switch: ('3208-2', <Platform.SmartVirtual>) <switch.s_trough3>
2025-10-31 11:03:00,813 : INFO : SwitchController : Found active switch: ('3208-3', <Platform.SmartVirtual>) <switch.s_trough4>
2025-10-31 11:03:00,813 : INFO : SwitchController : Found active switch: ('3208-4', <Platform.SmartVirtual>) <switch.s_trough5>
2025-10-31 11:03:00,813 : INFO : SwitchController : Found active switch: ('3208-5', <Platform.SmartVirtual>) <switch.s_trough6>
2025-10-31 11:03:00,850 : INFO : EventManager : Event: ======'bcp_connection_attempt'====== Args={'name': 'local_display', 'host': 'localhost', 'port': 5050}
2025-10-31 11:03:00,852 : INFO : BCPClientSocket : Connecting BCP to 'local_display' at localhost:5050...
2025-10-31 11:03:12,760 : INFO : BCPClientSocket : Connected BCP to 'local_display' localhost:5050
2025-10-31 11:03:12,761 : INFO : EventManager : Event: ======'bcp_clients_connected'====== Args={}
2025-10-31 11:03:12,762 : INFO : ball_device.bd_trough : BCH: Initial count: 6
2025-10-31 11:03:12,762 : INFO : ball_device.bd_trough : State: idle
2025-10-31 11:03:12,762 : INFO : ball_device.bd_plunger : BCH: Initial count: 0
2025-10-31 11:03:12,762 : INFO : ball_device.bd_plunger : State: idle
2025-10-31 11:03:12,763 : INFO : ball_device.bd_scoop : BCH: Initial count: 0
2025-10-31 11:03:12,763 : INFO : ball_device.bd_scoop : State: idle
2025-10-31 11:03:12,783 : INFO : EventManager : Event: ======'init_phase_3'====== Args={}
2025-10-31 11:03:12,805 : INFO : EventManager : Event: ======'init_phase_4'====== Args={}
2025-10-31 11:03:12,806 : INFO : BallController : Initial balls found: 6
2025-10-31 11:03:12,808 : INFO : EventManager : Event: ======'machine_var_audits_events_game_ended'====== Args={'value': 59, 'prev_value': None, 'change': True}
2025-10-31 11:03:12,808 : INFO : EventManager : Event: ======'machine_var_audits_events_game_started'====== Args={'value': 591, 'prev_value': None, 'change': True}
2025-10-31 11:03:12,808 : INFO : EventManager : Event: ======'machine_var_audits_missing_switches_s_captive_ball'====== Args={'value': 20, 'prev_value': None, 'change': True}
2025-10-31 11:03:12,808 : INFO : EventManager : Event: ======'machine_var_audits_missing_switches_s_center_upper_pop'====== Args={'value': 41, 'prev_value': None, 'change': True}
2025-10-31 11:03:12,808 : INFO : EventManager : Event: ======'machine_var_audits_missing_switches_s_inner_orbit'====== Args={'value': 31, 'prev_value': None, 'change': True}
2025-10-31 11:03:12,808 : INFO : EventManager : Event: ======'machine_var_audits_missing_switches_s_left_flipper'====== Args={'value': 2, 'prev_value': None, 'change': True}
2025-10-31 11:03:12,809 : INFO : EventManager : Event: ======'machine_var_audits_missing_switches_s_left_inlane'====== Args={'value': 16, 'prev_value': None, 'change': True}
2025-10-31 11:03:12,809 : INFO : EventManager : Event: ======'machine_var_audits_missing_switches_s_left_orbit'====== Args={'value': 28, 'prev_value': None, 'change': True}
2025-10-31 11:03:12,809 : INFO : EventManager : Event: ======'machine_var_audits_missing_switches_s_left_outlane'====== Args={'value': 16, 'prev_value': None, 'change': True}
2025-10-31 11:03:12,809 : INFO : EventManager : Event: ======'machine_var_audits_missing_switches_s_left_ramp'====== Args={'value': 2, 'prev_value': None, 'change': True}
2025-10-31 11:03:12,809 : INFO : EventManager : Event: ======'machine_var_audits_missing_switches_s_left_slingshot'====== Args={'value': 517, 'prev_value': None, 'change': True}
2025-10-31 11:03:12,809 : INFO : EventManager : Event: ======'machine_var_audits_missing_switches_s_left_upper_pop'====== Args={'value': 34, 'prev_value': None, 'change': True}
2025-10-31 11:03:12,809 : INFO : EventManager : Event: ======'machine_var_audits_missing_switches_s_pop_standup'====== Args={'value': 2, 'prev_value': None, 'change': True}
2025-10-31 11:03:12,809 : INFO : EventManager : Event: ======'machine_var_audits_missing_switches_s_right_flipper'====== Args={'value': 2, 'prev_value': None, 'change': True}
2025-10-31 11:03:12,809 : INFO : EventManager : Event: ======'machine_var_audits_missing_switches_s_right_inlane'====== Args={'value': 16, 'prev_value': None, 'change': True}
2025-10-31 11:03:12,809 : INFO : EventManager : Event: ======'machine_var_audits_missing_switches_s_right_lower_pop'====== Args={'value': 11, 'prev_value': None, 'change': True}
2025-10-31 11:03:12,809 : INFO : EventManager : Event: ======'machine_var_audits_missing_switches_s_right_orbit'====== Args={'value': 28, 'prev_value': None, 'change': True}
2025-10-31 11:03:12,810 : INFO : EventManager : Event: ======'machine_var_audits_missing_switches_s_right_outlane'====== Args={'value': 16, 'prev_value': None, 'change': True}
2025-10-31 11:03:12,810 : INFO : EventManager : Event: ======'machine_var_audits_missing_switches_s_right_ramp'====== Args={'value': 2, 'prev_value': None, 'change': True}
2025-10-31 11:03:12,810 : INFO : EventManager : Event: ======'machine_var_audits_missing_switches_s_right_slingshot'====== Args={'value': 367, 'prev_value': None, 'change': True}
2025-10-31 11:03:12,810 : INFO : EventManager : Event: ======'machine_var_audits_missing_switches_s_service_down'====== Args={'value': 236, 'prev_value': None, 'change': True}
2025-10-31 11:03:12,810 : INFO : EventManager : Event: ======'machine_var_audits_missing_switches_s_service_enter'====== Args={'value': 236, 'prev_value': None, 'change': True}
2025-10-31 11:03:12,810 : INFO : EventManager : Event: ======'machine_var_audits_missing_switches_s_service_esc'====== Args={'value': 236, 'prev_value': None, 'change': True}
2025-10-31 11:03:12,810 : INFO : EventManager : Event: ======'machine_var_audits_missing_switches_s_service_up'====== Args={'value': 209, 'prev_value': None, 'change': True}
2025-10-31 11:03:12,810 : INFO : EventManager : Event: ======'machine_var_audits_missing_switches_s_spinner'====== Args={'value': 66, 'prev_value': None, 'change': True}
2025-10-31 11:03:12,810 : INFO : EventManager : Event: ======'machine_var_audits_missing_switches_s_start'====== Args={'value': 175, 'prev_value': None, 'change': True}
2025-10-31 11:03:12,810 : INFO : EventManager : Event: ======'machine_var_audits_missing_switches_s_three_bank_bottom'====== Args={'value': 10, 'prev_value': None, 'change': True}
2025-10-31 11:03:12,810 : INFO : EventManager : Event: ======'machine_var_audits_missing_switches_s_three_bank_middle'====== Args={'value': 10, 'prev_value': None, 'change': True}
2025-10-31 11:03:12,810 : INFO : EventManager : Event: ======'machine_var_audits_missing_switches_s_three_bank_standup'====== Args={'value': 11, 'prev_value': None, 'change': True}
2025-10-31 11:03:12,810 : INFO : EventManager : Event: ======'machine_var_audits_missing_switches_s_tilt_bob'====== Args={'value': 154, 'prev_value': None, 'change': True}
2025-10-31 11:03:12,810 : INFO : EventManager : Event: ======'machine_var_audits_missing_switches_s_top_right_flipper'====== Args={'value': 517, 'prev_value': None, 'change': True}
2025-10-31 11:03:12,810 : INFO : EventManager : Event: ======'machine_var_audits_missing_switches_s_trough1'====== Args={'value': 11, 'prev_value': None, 'change': True}
2025-10-31 11:03:12,810 : INFO : EventManager : Event: ======'machine_var_audits_missing_switches_s_trough2'====== Args={'value': 11, 'prev_value': None, 'change': True}
2025-10-31 11:03:12,810 : INFO : EventManager : Event: ======'machine_var_audits_missing_switches_s_trough3'====== Args={'value': 66, 'prev_value': None, 'change': True}
2025-10-31 11:03:12,810 : INFO : EventManager : Event: ======'machine_var_audits_missing_switches_s_trough4'====== Args={'value': 516, 'prev_value': None, 'change': True}
2025-10-31 11:03:12,811 : INFO : EventManager : Event: ======'machine_var_audits_missing_switches_s_trough5'====== Args={'value': 516, 'prev_value': None, 'change': True}
2025-10-31 11:03:12,811 : INFO : EventManager : Event: ======'machine_var_audits_missing_switches_s_trough6'====== Args={'value': 366, 'prev_value': None, 'change': True}
2025-10-31 11:03:12,811 : INFO : EventManager : Event: ======'machine_var_audits_missing_switches_s_trough_jam'====== Args={'value': 517, 'prev_value': None, 'change': True}
2025-10-31 11:03:12,811 : INFO : EventManager : Event: ======'machine_var_audits_missing_switches_s_tshirt_bottom_standup'====== Args={'value': 2, 'prev_value': None, 'change': True}
2025-10-31 11:03:12,811 : INFO : EventManager : Event: ======'machine_var_audits_missing_switches_s_tshirt_top_standup'====== Args={'value': 2, 'prev_value': None, 'change': True}
2025-10-31 11:03:12,811 : INFO : EventManager : Event: ======'machine_var_audits_missing_switches_s_upper_pop_standup'====== Args={'value': 34, 'prev_value': None, 'change': True}
2025-10-31 11:03:12,811 : INFO : EventManager : Event: ======'machine_var_audits_missing_switches_service_esc'====== Args={'value': 1, 'prev_value': None, 'change': True}
2025-10-31 11:03:12,811 : INFO : EventManager : Event: ======'machine_var_audits_player_score'====== Args={'value': {'average': 9252392, 'top': [147275560, 142237180, 85092890, 38155360, 32035610, 25030460, 20034230, 6038970, 6022290, 6019980], 'total': 63}, 'prev_value': None, 'change': True}
2025-10-31 11:03:12,811 : INFO : EventManager : Event: ======'machine_var_audits_shots_bottom_drop'====== Args={'value': 55, 'prev_value': None, 'change': True}
2025-10-31 11:03:12,811 : INFO : EventManager : Event: ======'machine_var_audits_shots_captive_ball'====== Args={'value': 19, 'prev_value': None, 'change': True}
2025-10-31 11:03:12,811 : INFO : EventManager : Event: ======'machine_var_audits_shots_inner_loop'====== Args={'value': 18, 'prev_value': None, 'change': True}
2025-10-31 11:03:12,811 : INFO : EventManager : Event: ======'machine_var_audits_shots_inner_loop_backdoor'====== Args={'value': 1, 'prev_value': None, 'change': True}
2025-10-31 11:03:12,811 : INFO : EventManager : Event: ======'machine_var_audits_shots_left_inlane'====== Args={'value': 33, 'prev_value': None, 'change': True}
2025-10-31 11:03:12,811 : INFO : EventManager : Event: ======'machine_var_audits_shots_left_orbit'====== Args={'value': 28, 'prev_value': None, 'change': True}
2025-10-31 11:03:12,811 : INFO : EventManager : Event: ======'machine_var_audits_shots_left_orbit_backdoor'====== Args={'value': 5, 'prev_value': None, 'change': True}
2025-10-31 11:03:12,811 : INFO : EventManager : Event: ======'machine_var_audits_shots_left_outlane'====== Args={'value': 27, 'prev_value': None, 'change': True}
2025-10-31 11:03:12,811 : INFO : EventManager : Event: ======'machine_var_audits_shots_left_ramp'====== Args={'value': 159, 'prev_value': None, 'change': True}
2025-10-31 11:03:12,811 : INFO : EventManager : Event: ======'machine_var_audits_shots_middle_drop'====== Args={'value': 52, 'prev_value': None, 'change': True}
2025-10-31 11:03:12,811 : INFO : EventManager : Event: ======'machine_var_audits_shots_pop1'====== Args={'value': 9, 'prev_value': None, 'change': True}
2025-10-31 11:03:12,812 : INFO : EventManager : Event: ======'machine_var_audits_shots_pop2'====== Args={'value': 7, 'prev_value': None, 'change': True}
2025-10-31 11:03:12,812 : INFO : EventManager : Event: ======'machine_var_audits_shots_pop3'====== Args={'value': 431, 'prev_value': None, 'change': True}
2025-10-31 11:03:12,812 : INFO : EventManager : Event: ======'machine_var_audits_shots_pop_standup'====== Args={'value': 222, 'prev_value': None, 'change': True}
2025-10-31 11:03:12,812 : INFO : EventManager : Event: ======'machine_var_audits_shots_right_inlane'====== Args={'value': 30, 'prev_value': None, 'change': True}
2025-10-31 11:03:12,812 : INFO : EventManager : Event: ======'machine_var_audits_shots_right_orbit'====== Args={'value': 21, 'prev_value': None, 'change': True}
2025-10-31 11:03:12,812 : INFO : EventManager : Event: ======'machine_var_audits_shots_right_orbit_backdoor'====== Args={'value': 3, 'prev_value': None, 'change': True}
2025-10-31 11:03:12,812 : INFO : EventManager : Event: ======'machine_var_audits_shots_right_outlane'====== Args={'value': 21, 'prev_value': None, 'change': True}
2025-10-31 11:03:12,812 : INFO : EventManager : Event: ======'machine_var_audits_shots_right_ramp'====== Args={'value': 173, 'prev_value': None, 'change': True}
2025-10-31 11:03:12,812 : INFO : EventManager : Event: ======'machine_var_audits_shots_scoop'====== Args={'value': 172, 'prev_value': None, 'change': True}
2025-10-31 11:03:12,812 : INFO : EventManager : Event: ======'machine_var_audits_shots_skill_captive'====== Args={'value': 16, 'prev_value': None, 'change': True}
2025-10-31 11:03:12,812 : INFO : EventManager : Event: ======'machine_var_audits_shots_skill_drop_targets'====== Args={'value': 240, 'prev_value': None, 'change': True}
2025-10-31 11:03:12,812 : INFO : EventManager : Event: ======'machine_var_audits_shots_skill_side_targets'====== Args={'value': 27, 'prev_value': None, 'change': True}
2025-10-31 11:03:12,812 : INFO : EventManager : Event: ======'machine_var_audits_shots_skillshot_drop_targets'====== Args={'value': 167, 'prev_value': None, 'change': True}
2025-10-31 11:03:12,812 : INFO : EventManager : Event: ======'machine_var_audits_shots_skillshot_hideout_plunge'====== Args={'value': 1, 'prev_value': None, 'change': True}
2025-10-31 11:03:12,812 : INFO : EventManager : Event: ======'machine_var_audits_shots_skillshot_left_outlane'====== Args={'value': 2, 'prev_value': None, 'change': True}
2025-10-31 11:03:12,812 : INFO : EventManager : Event: ======'machine_var_audits_shots_skillshot_side_targets'====== Args={'value': 7, 'prev_value': None, 'change': True}
2025-10-31 11:03:12,813 : INFO : EventManager : Event: ======'machine_var_audits_shots_skillshot_super'====== Args={'value': 2, 'prev_value': None, 'change': True}
2025-10-31 11:03:12,813 : INFO : EventManager : Event: ======'machine_var_audits_shots_spinner'====== Args={'value': 162, 'prev_value': None, 'change': True}
2025-10-31 11:03:12,813 : INFO : EventManager : Event: ======'machine_var_audits_shots_three_bank_standup'====== Args={'value': 27, 'prev_value': None, 'change': True}
2025-10-31 11:03:12,813 : INFO : EventManager : Event: ======'machine_var_audits_shots_top_drop'====== Args={'value': 173, 'prev_value': None, 'change': True}
2025-10-31 11:03:12,813 : INFO : EventManager : Event: ======'machine_var_audits_shots_tshirt_bottom_standup'====== Args={'value': 12, 'prev_value': None, 'change': True}
2025-10-31 11:03:12,813 : INFO : EventManager : Event: ======'machine_var_audits_shots_tshirt_top_standup'====== Args={'value': 14, 'prev_value': None, 'change': True}
2025-10-31 11:03:12,813 : INFO : EventManager : Event: ======'machine_var_audits_shots_upper_pop_standup'====== Args={'value': 29, 'prev_value': None, 'change': True}
2025-10-31 11:03:12,813 : INFO : EventManager : Event: ======'machine_var_audits_switches_s_captive_ball'====== Args={'value': 211, 'prev_value': None, 'change': True}
2025-10-31 11:03:12,813 : INFO : EventManager : Event: ======'machine_var_audits_switches_s_center_upper_pop'====== Args={'value': 227, 'prev_value': None, 'change': True}
2025-10-31 11:03:12,813 : INFO : EventManager : Event: ======'machine_var_audits_switches_s_inner_orbit'====== Args={'value': 26, 'prev_value': None, 'change': True}
2025-10-31 11:03:12,813 : INFO : EventManager : Event: ======'machine_var_audits_switches_s_left_flipper'====== Args={'value': 1358, 'prev_value': None, 'change': True}
2025-10-31 11:03:12,813 : INFO : EventManager : Event: ======'machine_var_audits_switches_s_left_inlane'====== Args={'value': 144, 'prev_value': None, 'change': True}
2025-10-31 11:03:12,813 : INFO : EventManager : Event: ======'machine_var_audits_switches_s_left_orbit'====== Args={'value': 120, 'prev_value': None, 'change': True}
2025-10-31 11:03:12,813 : INFO : EventManager : Event: ======'machine_var_audits_switches_s_left_outlane'====== Args={'value': 84, 'prev_value': None, 'change': True}
2025-10-31 11:03:12,813 : INFO : EventManager : Event: ======'machine_var_audits_switches_s_left_ramp'====== Args={'value': 293, 'prev_value': None, 'change': True}
2025-10-31 11:03:12,813 : INFO : EventManager : Event: ======'machine_var_audits_switches_s_left_slingshot'====== Args={'value': 259, 'prev_value': None, 'change': True}
2025-10-31 11:03:12,813 : INFO : EventManager : Event: ======'machine_var_audits_switches_s_left_upper_pop'====== Args={'value': 170, 'prev_value': None, 'change': True}
2025-10-31 11:03:12,813 : INFO : EventManager : Event: ======'machine_var_audits_switches_s_plunger'====== Args={'value': 1409, 'prev_value': None, 'change': True}
2025-10-31 11:03:12,813 : INFO : EventManager : Event: ======'machine_var_audits_switches_s_pop_standup'====== Args={'value': 346, 'prev_value': None, 'change': True}
2025-10-31 11:03:12,813 : INFO : EventManager : Event: ======'machine_var_audits_switches_s_right_flipper'====== Args={'value': 2070, 'prev_value': None, 'change': True}
2025-10-31 11:03:12,813 : INFO : EventManager : Event: ======'machine_var_audits_switches_s_right_inlane'====== Args={'value': 138, 'prev_value': None, 'change': True}
2025-10-31 11:03:12,813 : INFO : EventManager : Event: ======'machine_var_audits_switches_s_right_lower_pop'====== Args={'value': 1180, 'prev_value': None, 'change': True}
2025-10-31 11:03:12,813 : INFO : EventManager : Event: ======'machine_var_audits_switches_s_right_orbit'====== Args={'value': 142, 'prev_value': None, 'change': True}
2025-10-31 11:03:12,813 : INFO : EventManager : Event: ======'machine_var_audits_switches_s_right_outlane'====== Args={'value': 74, 'prev_value': None, 'change': True}
2025-10-31 11:03:12,813 : INFO : EventManager : Event: ======'machine_var_audits_switches_s_right_ramp'====== Args={'value': 321, 'prev_value': None, 'change': True}
2025-10-31 11:03:12,813 : INFO : EventManager : Event: ======'machine_var_audits_switches_s_right_slingshot'====== Args={'value': 366, 'prev_value': None, 'change': True}
2025-10-31 11:03:12,815 : INFO : EventManager : Event: ======'machine_var_audits_switches_s_scoop'====== Args={'value': 517, 'prev_value': None, 'change': True}
2025-10-31 11:03:12,815 : INFO : EventManager : Event: ======'machine_var_audits_switches_s_service_down'====== Args={'value': 0, 'prev_value': None, 'change': True}
2025-10-31 11:03:12,815 : INFO : EventManager : Event: ======'machine_var_audits_switches_s_service_enter'====== Args={'value': 0, 'prev_value': None, 'change': True}
2025-10-31 11:03:12,815 : INFO : EventManager : Event: ======'machine_var_audits_switches_s_service_esc'====== Args={'value': 0, 'prev_value': None, 'change': True}
2025-10-31 11:03:12,815 : INFO : EventManager : Event: ======'machine_var_audits_switches_s_service_up'====== Args={'value': 1, 'prev_value': None, 'change': True}
2025-10-31 11:03:12,815 : INFO : EventManager : Event: ======'machine_var_audits_switches_s_spinner'====== Args={'value': 2220, 'prev_value': None, 'change': True}
2025-10-31 11:03:12,815 : INFO : EventManager : Event: ======'machine_var_audits_switches_s_start'====== Args={'value': 67, 'prev_value': None, 'change': True}
2025-10-31 11:03:12,815 : INFO : EventManager : Event: ======'machine_var_audits_switches_s_three_bank_bottom'====== Args={'value': 548, 'prev_value': None, 'change': True}
2025-10-31 11:03:12,815 : INFO : EventManager : Event: ======'machine_var_audits_switches_s_three_bank_middle'====== Args={'value': 585, 'prev_value': None, 'change': True}
2025-10-31 11:03:12,815 : INFO : EventManager : Event: ======'machine_var_audits_switches_s_three_bank_standup'====== Args={'value': 268, 'prev_value': None, 'change': True}
2025-10-31 11:03:12,815 : INFO : EventManager : Event: ======'machine_var_audits_switches_s_three_bank_top'====== Args={'value': 711, 'prev_value': None, 'change': True}
2025-10-31 11:03:12,815 : INFO : EventManager : Event: ======'machine_var_audits_switches_s_tilt_bob'====== Args={'value': 51, 'prev_value': None, 'change': True}
2025-10-31 11:03:12,815 : INFO : EventManager : Event: ======'machine_var_audits_switches_s_top_right_flipper'====== Args={'value': 1294, 'prev_value': None, 'change': True}
2025-10-31 11:03:12,815 : INFO : EventManager : Event: ======'machine_var_audits_switches_s_trough1'====== Args={'value': 426, 'prev_value': None, 'change': True}
2025-10-31 11:03:12,815 : INFO : EventManager : Event: ======'machine_var_audits_switches_s_trough2'====== Args={'value': 325, 'prev_value': None, 'change': True}
2025-10-31 11:03:12,815 : INFO : EventManager : Event: ======'machine_var_audits_switches_s_trough3'====== Args={'value': 245, 'prev_value': None, 'change': True}
2025-10-31 11:03:12,815 : INFO : EventManager : Event: ======'machine_var_audits_switches_s_trough4'====== Args={'value': 160, 'prev_value': None, 'change': True}
2025-10-31 11:03:12,816 : INFO : EventManager : Event: ======'machine_var_audits_switches_s_trough5'====== Args={'value': 160, 'prev_value': None, 'change': True}
2025-10-31 11:03:12,816 : INFO : EventManager : Event: ======'machine_var_audits_switches_s_trough6'====== Args={'value': 161, 'prev_value': None, 'change': True}
2025-10-31 11:03:12,816 : INFO : EventManager : Event: ======'machine_var_audits_switches_s_trough_jam'====== Args={'value': 206, 'prev_value': None, 'change': True}
2025-10-31 11:03:12,816 : INFO : EventManager : Event: ======'machine_var_audits_switches_s_tshirt_bottom_standup'====== Args={'value': 52, 'prev_value': None, 'change': True}
2025-10-31 11:03:12,816 : INFO : EventManager : Event: ======'machine_var_audits_switches_s_tshirt_top_standup'====== Args={'value': 84, 'prev_value': None, 'change': True}
2025-10-31 11:03:12,816 : INFO : EventManager : Event: ======'machine_var_audits_switches_s_upper_pop_standup'====== Args={'value': 203, 'prev_value': None, 'change': True}
2025-10-31 11:03:12,816 : INFO : EventManager : Event: ======'machine_var_audits_switches_service_down'====== Args={'value': 1, 'prev_value': None, 'change': True}
2025-10-31 11:03:12,816 : INFO : EventManager : Event: ======'machine_var_audits_switches_service_enter'====== Args={'value': 2, 'prev_value': None, 'change': True}
2025-10-31 11:03:12,816 : INFO : EventManager : Event: ======'machine_var_audits_switches_service_esc'====== Args={'value': 0, 'prev_value': None, 'change': True}
2025-10-31 11:03:12,816 : INFO : EventManager : Event: ======'machine_var_audits_switches_service_up'====== Args={'value': 2, 'prev_value': None, 'change': True}
2025-10-31 11:03:12,816 : INFO : EventManager : Event: ======'init_phase_5'====== Args={}
2025-10-31 11:03:12,817 : INFO : EventManager : Event: ======'init_done'====== Args={}
2025-10-31 11:03:12,818 : INFO : EventManager : Event: ======'machine_reset_phase_1'====== Args={}
2025-10-31 11:03:12,831 : INFO : EventManager : Event: ======'machine_reset_phase_2'====== Args={}
2025-10-31 11:03:12,831 : INFO : EventManager : Event: ======'game_just_played'====== Args={'priority': 0, 'action': 'set_machine', 'int': 0}
2025-10-31 11:03:12,831 : INFO : EventManager : Event: ======'machine_reset_phase_3'====== Args={}
2025-10-31 11:03:12,831 : INFO : EventManager : Event: ======'mode_tilt_will_start'====== Args={'queue': <QueuedEvent>}
2025-10-31 11:03:12,833 : INFO : EventManager : Event: ======'mode_tilt_starting'====== Args={'queue': <QueuedEvent>}
2025-10-31 11:03:12,833 : INFO : drop_target_bank.three_bank : All targets are already up. Will not reset bank.
2025-10-31 11:03:12,833 : INFO : Mode.tilt : Started. Priority: 1000000
2025-10-31 11:03:12,833 : INFO : EventManager : Event: ======'modes_active_modes_changed'====== Args={}
2025-10-31 11:03:12,834 : INFO : EventManager : Event: ======'mode_tilt_started'====== Args={'queue': <QueuedEvent>}
2025-10-31 11:03:12,834 : INFO : EventManager : Event: ======'reset_complete'====== Args={}
2025-10-31 11:03:12,835 : INFO : EventManager : Event: ======'mode_service_will_start'====== Args={}
2025-10-31 11:03:12,836 : INFO : EventManager : Event: ======'mode_service_starting'====== Args={}
2025-10-31 11:03:12,836 : INFO : EventManager : Event: ======'mode_attract_will_start'====== Args={}
2025-10-31 11:03:12,837 : INFO : Timer.attract_intro_timer : Starting Timer.
2025-10-31 11:03:12,837 : INFO : EventManager : Event: ======'timer_attract_intro_timer_started'====== Args={'ticks': 0, 'ticks_remaining': 16}
2025-10-31 11:03:12,837 : INFO : EventManager : Event: ======'timer_attract_intro_timer_tick'====== Args={'ticks': 0, 'ticks_remaining': 16}
2025-10-31 11:03:12,842 : INFO : EventManager : Event: ======'mode_attract_starting'====== Args={}
2025-10-31 11:03:12,843 : INFO : Mode.service : Started. Priority: 100000
2025-10-31 11:03:12,843 : INFO : EventManager : Event: ======'modes_active_modes_changed'====== Args={}
2025-10-31 11:03:12,843 : INFO : EventManager : Event: ======'mode_service_started'====== Args={}
2025-10-31 11:03:12,844 : INFO : EventManager : Event: ======'logicblock_mca_sequence_updated'====== Args={'value': 0, 'enabled': True}
2025-10-31 11:03:12,844 : INFO : EventManager : Event: ======'logicblock_adr_sequence_updated'====== Args={'value': 0, 'enabled': True}
2025-10-31 11:03:12,844 : INFO : EventManager : Event: ======'logicblock_mca_sequence_updated'====== Args={'value': 0, 'enabled': True}
2025-10-31 11:03:12,844 : INFO : EventManager : Event: ======'logicblock_adr_sequence_updated'====== Args={'value': 0, 'enabled': True}
2025-10-31 11:03:12,845 : INFO : Mode.attract : Started. Priority: 10
2025-10-31 11:03:12,845 : INFO : EventManager : Event: ======'modes_active_modes_changed'====== Args={}
2025-10-31 11:03:12,845 : INFO : EventManager : Event: ======'mode_attract_started'====== Args={}
2025-10-31 11:03:12,845 : INFO : EventManager : Event: ======'logicblock_mca_sequence_updated'====== Args={'value': 0, 'enabled': True}
2025-10-31 11:03:12,845 : INFO : EventManager : Event: ======'logicblock_mca_sequence_updated'====== Args={'value': 0, 'enabled': True}
2025-10-31 11:03:12,845 : INFO : EventManager : Event: ======'logicblock_adr_sequence_updated'====== Args={'value': 0, 'enabled': True}
2025-10-31 11:03:12,845 : INFO : EventManager : Event: ======'logicblock_adr_sequence_updated'====== Args={'value': 0, 'enabled': True}
2025-10-31 11:03:12,846 : INFO : EventManager : Event: ======'timer_attract_intro_timer_tick'====== Args={'ticks': 0, 'ticks_remaining': 16}
2025-10-31 11:03:12,847 : INFO : EventManager : Event: ======'collecting_balls_complete'====== Args={}
2025-10-31 11:03:12,847 : INFO : EventManager : Event: ======'item_highlighted'====== Args={'carousel': 'attract', 'direction': None, 'item': 'mpf_logo'}
2025-10-31 11:03:12,847 : INFO : Timer.attract_carousel_timer : Starting Timer.
2025-10-31 11:03:12,849 : INFO : EventManager : Event: ======'timer_attract_carousel_timer_started'====== Args={'ticks': 0, 'ticks_remaining': 5}
2025-10-31 11:03:12,849 : INFO : EventManager : Event: ======'timer_attract_carousel_timer_tick'====== Args={'ticks': 0, 'ticks_remaining': 5}
2025-10-31 11:03:12,852 : INFO : BcpServer : New client connected.
2025-10-31 11:03:12,853 : INFO : EventManager : Event: ======'slide_loading_created'====== Args={'_from_bcp': True}
2025-10-31 11:03:12,853 : INFO : EventManager : Event: ======'slide__removed'====== Args={'_from_bcp': True}
2025-10-31 11:03:12,854 : INFO : EventManager : Event: ======'slide_loading_active'====== Args={'original_context': '_global', 'original_calling_context': 'init_done', 'priority': 0.0, 'cmd': 'slides_play', '_from_bcp': True}
2025-10-31 11:03:12,865 : INFO : Machine : Starting the main run loop with active modes: [<Mode.tilt>, <Mode.service>, <Mode.attract>]
2025-10-31 11:03:12,946 : INFO : EventManager : Event: ======'slide_attract_load_created'====== Args={'_from_bcp': True}
2025-10-31 11:03:12,947 : INFO : EventManager : Event: ======'slide_loading_inactive'====== Args={'is_removing': True, '_from_bcp': True}
2025-10-31 11:03:12,948 : INFO : EventManager : Event: ======'slide_attract_load_active'====== Args={'original_context': 'attract', 'original_calling_context': 'mode_attract_started{machine.game_just_played==0}', 'priority': 10.0, 'cmd': 'slides_play', '_from_bcp': True}
2025-10-31 11:03:12,948 : INFO : EventManager : Event: ======'slide_loading_removed'====== Args={'_from_bcp': True}
2025-10-31 11:03:13,859 : INFO : EventManager : Event: ======'timer_attract_intro_timer_tick'====== Args={'ticks': 1, 'ticks_remaining': 15}
2025-10-31 11:03:13,860 : INFO : EventManager : Event: ======'timer_attract_carousel_timer_tick'====== Args={'ticks': 1, 'ticks_remaining': 4}
2025-10-31 11:03:14,866 : INFO : EventManager : Event: ======'timer_attract_carousel_timer_tick'====== Args={'ticks': 2, 'ticks_remaining': 3}
2025-10-31 11:03:14,867 : INFO : EventManager : Event: ======'timer_attract_intro_timer_tick'====== Args={'ticks': 2, 'ticks_remaining': 14}
2025-10-31 11:03:15,864 : INFO : EventManager : Event: ======'timer_attract_carousel_timer_tick'====== Args={'ticks': 3, 'ticks_remaining': 2}
2025-10-31 11:03:15,864 : INFO : EventManager : Event: ======'timer_attract_intro_timer_tick'====== Args={'ticks': 3, 'ticks_remaining': 13}
2025-10-31 11:03:16,863 : INFO : EventManager : Event: ======'timer_attract_intro_timer_tick'====== Args={'ticks': 4, 'ticks_remaining': 12}
2025-10-31 11:03:16,864 : INFO : EventManager : Event: ======'timer_attract_carousel_timer_tick'====== Args={'ticks': 4, 'ticks_remaining': 1}
2025-10-31 11:03:17,859 : INFO : EventManager : Event: ======'timer_attract_intro_timer_tick'====== Args={'ticks': 5, 'ticks_remaining': 11}
2025-10-31 11:03:17,860 : INFO : Timer.attract_carousel_timer : Timer Complete
2025-10-31 11:03:17,860 : INFO : Timer.attract_carousel_timer : Stopping Timer
2025-10-31 11:03:17,860 : INFO : EventManager : Event: ======'timer_attract_carousel_timer_stopped'====== Args={'ticks': 5, 'ticks_remaining': 1}
2025-10-31 11:03:17,860 : INFO : EventManager : Event: ======'timer_attract_carousel_timer_complete'====== Args={'ticks': 5, 'ticks_remaining': 1}
2025-10-31 11:03:17,861 : INFO : EventManager : Event: ======'item_highlighted'====== Args={'carousel': 'attract', 'direction': 'forwards', 'item': 'fast_logo'}
2025-10-31 11:03:17,864 : INFO : Timer.attract_carousel_timer : Starting Timer.
2025-10-31 11:03:17,864 : INFO : EventManager : Event: ======'timer_attract_carousel_timer_started'====== Args={'ticks': 0, 'ticks_remaining': 5}
2025-10-31 11:03:17,864 : INFO : EventManager : Event: ======'timer_attract_carousel_timer_tick'====== Args={'ticks': 0, 'ticks_remaining': 5}
2025-10-31 11:03:18,860 : INFO : EventManager : Event: ======'timer_attract_intro_timer_tick'====== Args={'ticks': 6, 'ticks_remaining': 10}
2025-10-31 11:03:18,861 : INFO : EventManager : Event: ======'timer_attract_carousel_timer_tick'====== Args={'ticks': 1, 'ticks_remaining': 4}
2025-10-31 11:03:19,866 : INFO : EventManager : Event: ======'timer_attract_intro_timer_tick'====== Args={'ticks': 7, 'ticks_remaining': 9}
2025-10-31 11:03:19,866 : INFO : EventManager : Event: ======'timer_attract_carousel_timer_tick'====== Args={'ticks': 2, 'ticks_remaining': 3}
2025-10-31 11:03:20,869 : INFO : EventManager : Event: ======'timer_attract_intro_timer_tick'====== Args={'ticks': 8, 'ticks_remaining': 8}
2025-10-31 11:03:20,869 : INFO : EventManager : Event: ======'timer_attract_carousel_timer_tick'====== Args={'ticks': 3, 'ticks_remaining': 2}
2025-10-31 11:03:21,841 : INFO : EventManager : Event: ======'timer_attract_intro_timer_tick'====== Args={'ticks': 9, 'ticks_remaining': 7}
2025-10-31 11:03:21,842 : INFO : EventManager : Event: ======'timer_attract_carousel_timer_tick'====== Args={'ticks': 4, 'ticks_remaining': 1}
2025-10-31 11:03:22,840 : INFO : EventManager : Event: ======'timer_attract_intro_timer_tick'====== Args={'ticks': 10, 'ticks_remaining': 6}
2025-10-31 11:03:22,840 : INFO : Timer.attract_carousel_timer : Timer Complete
2025-10-31 11:03:22,840 : INFO : Timer.attract_carousel_timer : Stopping Timer
2025-10-31 11:03:22,840 : INFO : EventManager : Event: ======'timer_attract_carousel_timer_stopped'====== Args={'ticks': 5, 'ticks_remaining': 1}
2025-10-31 11:03:22,840 : INFO : EventManager : Event: ======'timer_attract_carousel_timer_complete'====== Args={'ticks': 5, 'ticks_remaining': 1}
2025-10-31 11:03:22,843 : INFO : EventManager : Event: ======'item_highlighted'====== Args={'carousel': 'attract', 'direction': 'forwards', 'item': 'specialthanks'}
2025-10-31 11:03:22,845 : INFO : Timer.attract_carousel_timer : Starting Timer.
2025-10-31 11:03:22,845 : INFO : EventManager : Event: ======'timer_attract_carousel_timer_started'====== Args={'ticks': 0, 'ticks_remaining': 5}
2025-10-31 11:03:22,845 : INFO : EventManager : Event: ======'timer_attract_carousel_timer_tick'====== Args={'ticks': 0, 'ticks_remaining': 5}
2025-10-31 11:03:22,915 : INFO : Machine : Shutting down...
2025-10-31 11:03:22,916 : INFO : EventManager : Event: ======'shutdown'====== Args={}
2025-10-31 11:03:22,916 : INFO : EventManager : Event: ======'mode_service_will_stop'====== Args={}
2025-10-31 11:03:22,916 : INFO : EventManager : Event: ======'mode_service_stopping'====== Args={}
2025-10-31 11:03:22,919 : INFO : Mode.service : Stopped.
2025-10-31 11:03:22,919 : INFO : EventManager : Event: ======'modes_active_modes_changed'====== Args={}
2025-10-31 11:03:22,919 : INFO : EventManager : Event: ======'mode_service_stopped'====== Args={}
2025-10-31 11:03:22,919 : INFO : EventManager : Event: ======'clear'====== Args={'key': 'service'}
2025-10-31 11:03:22,925 : INFO : root : MPF run loop ended.
