2025-09-18 21:43:32,828 : kivy : deps: Successfully imported "kivy_deps.gstreamer" 0.3.3
2025-09-18 21:43:32,828 : kivy : deps: Successfully imported "kivy_deps.angle" 0.3.3
2025-09-18 21:43:32,828 : kivy : deps: Successfully imported "kivy_deps.glew" 0.3.1
2025-09-18 21:43:32,828 : kivy : deps: Successfully imported "kivy_deps.sdl2" 0.6.0
2025-09-18 21:43:32,829 : kivy : Kivy: v2.2.1
2025-09-18 21:43:32,829 : kivy : Kivy: Installed at "c:\venv\mpf\lib\site-packages\kivy\__init__.py"
2025-09-18 21:43:32,829 : kivy : Python: v3.9.13 (tags/v3.9.13:6de2ca5, May 17 2022, 16:36:42) [MSC v.1929 64 bit (AMD64)]
2025-09-18 21:43:32,831 : kivy : Python: Interpreter at "c:\venv\mpf\Scripts\python.exe"
2025-09-18 21:43:32,876 : kivy : Factory: 190 symbols loaded
2025-09-18 21:43:33,100 : kivy : ImageLoaderFFPy: Using ffpyplayer 4.5.1
2025-09-18 21:43:33,100 : kivy : Image: Providers: img_tex, img_dds, img_sdl2, img_pil, img_ffpyplayer 
2025-09-18 21:43:33,320 : kivy : VideoGstplayer: Using Gstreamer 1.18.5.0
2025-09-18 21:43:33,320 : kivy : Video: Provider: gstplayer
2025-09-18 21:43:33,378 : root : Loading MPF-MC controller
2025-09-18 21:43:33,381 : YamlMultifileConfigLoader : Machine config file #1: config
2025-09-18 21:43:33,382 : ConfigProcessor : Config file in cache changed: C:\venv\mpf\soultrain\config\config
2025-09-18 21:43:33,382 : ConfigProcessor : Loading config from file c:\venv\mpf\lib\site-packages\mpfmc\mcconfig.yaml.
2025-09-18 21:43:33,388 : ConfigProcessor : Loading config: c:\venv\mpf\lib\site-packages\mpfmc\mcconfig.yaml
2025-09-18 21:43:33,389 : ConfigProcessor : Loading config from file C:\venv\mpf\soultrain\config\config.
2025-09-18 21:43:33,393 : ConfigProcessor : Loading config: C:\venv\mpf\soultrain\config\config
2025-09-18 21:43:33,395 : ConfigProcessor : Loading config: C:\venv\mpf\soultrain\config\coils.yaml
2025-09-18 21:43:33,398 : ConfigProcessor : Loading config: C:\venv\mpf\soultrain\config\switches.yaml
2025-09-18 21:43:33,399 : ConfigProcessor : Loading config: C:\venv\mpf\soultrain\config\multiball.yaml
2025-09-18 21:43:33,401 : ConfigProcessor : Config file cache created: C:\Users\sdona\AppData\Local\Temp\d1c76a6711522dcfe5a45e149ba5eb45.mpf_cache
2025-09-18 21:43:33,402 : ConfigProcessor : Loading config from cache: C:\Users\sdona\AppData\Local\Temp\9850977bb9bffa92584f0b363c7a65d4.mpf_cache
2025-09-18 21:43:33,403 : ConfigProcessor : Loading config from cache: C:\Users\sdona\AppData\Local\Temp\9b0a7575388f9d9bd2f6ab87bf9fd2f7.mpf_cache
2025-09-18 21:43:33,403 : mpfmc : Mission Pinball Framework Media Controller (MPF-MC) v0.57.1. Requires MPF v0.57.0 or newer.
2025-09-18 21:43:33,404 : mpfmc : Found MPF v0.57.3
2025-09-18 21:43:33,404 : mpfmc : Machine path: C:\venv\mpf\soultrain
2025-09-18 21:43:33,404 : mpfmc : Starting clock at 60.0Hz
2025-09-18 21:43:33,430 : kivy : Text: Provider: sdl2
2025-09-18 21:43:33,472 : kivy : Window: Provider: sdl2
2025-09-18 21:43:33,763 : kivy : GL: Using the "OpenGL" graphics system
2025-09-18 21:43:33,775 : kivy : GL: GLEW initialization succeeded
2025-09-18 21:43:33,775 : kivy : GL: Backend used <glew>
2025-09-18 21:43:33,775 : kivy : GL: OpenGL version <b'4.6.0 Compatibility Profile Context 25.9.1.250822'>
2025-09-18 21:43:33,775 : kivy : GL: OpenGL vendor <b'ATI Technologies Inc.'>
2025-09-18 21:43:33,776 : kivy : GL: OpenGL renderer <b'AMD Radeon(TM) Graphics'>
2025-09-18 21:43:33,776 : kivy : GL: OpenGL parsed version: 4, 6
2025-09-18 21:43:33,776 : kivy : GL: Shading version <b'4.60'>
2025-09-18 21:43:33,776 : kivy : GL: Texture max size <16384>
2025-09-18 21:43:33,776 : kivy : GL: Texture max units <32>
2025-09-18 21:43:33,821 : kivy : Window: auto add sdl2 input provider
2025-09-18 21:43:33,822 : kivy : Window: virtual keyboard not allowed, single mode, not docked
2025-09-18 21:43:33,831 : AudioInterface : NOTE: You may experience noise and other undesirable sound artifacts when you set your buffer at 1024 or smaller.
2025-09-18 21:43:36,790 : AudioInterface : Initialized
2025-09-18 21:43:36,791 : AudioInterface : Loaded SDL 2.26.4
2025-09-18 21:43:36,791 : AudioInterface : Loaded SDL_Mixer 2.6.3
2025-09-18 21:43:36,791 : AudioInterface : Loaded GStreamer 1.18.5.0
2025-09-18 21:43:36,791 : AudioInterface : Loaded GLib 2.62.6
2025-09-18 21:43:36,792 : AudioInterface : Settings requested - rate: 44100, channels: 1, buffer: 1024 samples
2025-09-18 21:43:36,792 : AudioInterface : Settings in use - rate: 44100, channels: 1, buffer: 1024 samples (2048 bytes @ 2 bytes per sample)
2025-09-18 21:43:36,792 : SoundSystem : Setting master volume to 0.0
2025-09-18 21:43:36,792 : AudioInterface : Enabling audio playback
2025-09-18 21:43:36,794 : kivy : Base: Start application main loop
2025-09-18 21:43:36,795 : EventManager : Event: ======'display_window_initialized'====== Args={}
2025-09-18 21:43:36,807 : mpfmc : Display: Setting 'window' as default display
2025-09-18 21:43:36,811 : mpfmc : ASPECT RATIO MISMATCH: The on-screen window is not the same aspect ratio as the display called 'window'. The logical display will be scaled from 1920x1080 to the window size 1000x750, and a black bar will make up the difference
2025-09-18 21:43:36,813 : EventManager : Event: ======'displays_initialized'====== Args={}
2025-09-18 21:43:36,814 : EventManager : Event: ======'slide_window_blank_created'====== Args={}
2025-09-18 21:43:36,816 : EventManager : Event: ======'display_window_ready'====== Args={}
2025-09-18 21:43:36,822 : EventManager : Event: ======'init_phase_1'====== Args={}
2025-09-18 21:43:36,826 : EventManager : Event: ======'mc_ready'====== Args={}
2025-09-18 21:43:36,826 : EventManager : Event: ======'init_phase_2'====== Args={}
2025-09-18 21:43:36,828 : EventManager : Event: ======'init_phase_3'====== Args={}
2025-09-18 21:43:36,828 : kivy : Base: Leaving application in progress...
2025-09-18 21:43:36,829 : root : Exception while processing RegisteredHandler(callback=<bound method BaseAssetManager._create_assets of <mpfmc.core.assets.ThreadedAssetManager object at 0x00000177716BBB80>>, priority=1, kwargs={'force_assets_load': False}, key=UUID('be071aff-5ad8-4a25-b8a8-616b60f929b1'), condition=None, blocking_facility=None) for event init_phase_3. Sound brassmonkey_music does not have a valid track.
Traceback (most recent call last):
  File "c:\venv\mpf\lib\site-packages\mpf\core\events.py", line 755, in _run_handlers
    result = handler.callback(**merged_kwargs)
  File "c:\venv\mpf\lib\site-packages\mpf\core\assets.py", line 203, in _create_assets
    self._create_assets_from_disk(config=self.machine.machine_config)
  File "c:\venv\mpf\lib\site-packages\mpf\core\assets.py", line 324, in _create_assets_from_disk
    getattr(self.machine, ac.attribute)[asset] = ac.cls(
  File "c:\venv\mpf\lib\site-packages\mpfmc\assets\sound.py", line 268, in __init__
    raise AssertionError("Sound {} does not have a valid track.".format(name))
AssertionError: Sound brassmonkey_music does not have a valid track.

The above exception was the direct cause of the following exception:

Traceback (most recent call last):
  File "c:\venv\mpf\lib\site-packages\mpfmc\commands\mc.py", line 215, in __init__
    MpfMc(options=vars(args),
  File "c:\venv\mpf\lib\site-packages\kivy\app.py", line 956, in run
    runTouchApp()
  File "c:\venv\mpf\lib\site-packages\kivy\base.py", line 574, in runTouchApp
    EventLoop.mainloop()
  File "c:\venv\mpf\lib\site-packages\kivy\base.py", line 339, in mainloop
    self.idle()
  File "c:\venv\mpf\lib\site-packages\kivy\base.py", line 379, in idle
    Clock.tick()
  File "c:\venv\mpf\lib\site-packages\kivy\clock.py", line 733, in tick
    self.post_idle(ts, self.idle())
  File "c:\venv\mpf\lib\site-packages\kivy\clock.py", line 776, in post_idle
    self._process_events()
  File "kivy\_clock.pyx", line 620, in kivy._clock.CyClockBase._process_events
  File "kivy\_clock.pyx", line 653, in kivy._clock.CyClockBase._process_events
  File "kivy\_clock.pyx", line 649, in kivy._clock.CyClockBase._process_events
  File "kivy\_clock.pyx", line 218, in kivy._clock.ClockEvent.tick
  File "c:\venv\mpf\lib\site-packages\mpfmc\uix\display.py", line 211, in _displays_initialized
    self.mc.displays_initialized()
  File "c:\venv\mpf\lib\site-packages\mpfmc\core\mc.py", line 347, in displays_initialized
    self._init()
  File "c:\venv\mpf\lib\site-packages\mpfmc\core\mc.py", line 395, in _init
    self.events.process_event_queue()
  File "c:\venv\mpf\lib\site-packages\mpf\core\events.py", line 846, in process_event_queue
    self._process_event(event=event[0],
  File "c:\venv\mpf\lib\site-packages\mpf\core\events.py", line 808, in _process_event
    result = self._run_handlers(event, ev_type, kwargs)
  File "c:\venv\mpf\lib\site-packages\mpf\core\events.py", line 757, in _run_handlers
    raise EventHandlerException(
mpf.core.events.EventHandlerException: Exception while processing RegisteredHandler(callback=<bound method BaseAssetManager._create_assets of <mpfmc.core.assets.ThreadedAssetManager object at 0x00000177716BBB80>>, priority=1, kwargs={'force_assets_load': False}, key=UUID('be071aff-5ad8-4a25-b8a8-616b60f929b1'), condition=None, blocking_facility=None) for event init_phase_3. Sound brassmonkey_music does not have a valid track.
2025-09-18 21:43:36,837 : root : Stopping child threads... (1 remaining)
2025-09-18 21:43:37,844 : root : All child threads stopped.
