2025-10-02 20:53:56,042 : INFO : root : Loading config.
2025-10-02 20:53:56,045 : INFO : YamlMultifileConfigLoader : Machine config file #1: config.yaml
2025-10-02 20:53:56,047 : INFO : ConfigProcessor : Loading config from cache: C:\Users\sdona\AppData\Local\Temp\19f6d0d7953982fda9d956182316b8e5.mpf_cache
2025-10-02 20:53:56,150 : INFO : ConfigProcessor : Loading config from cache: C:\Users\sdona\AppData\Local\Temp\835b5bfea4be8b279a05e96caaaffbbb.mpf_cache
2025-10-02 20:53:56,150 : INFO : ConfigProcessor : Loading config from cache: C:\Users\sdona\AppData\Local\Temp\9b0a7575388f9d9bd2f6ab87bf9fd2f7.mpf_cache
2025-10-02 20:53:56,151 : INFO : ConfigProcessor : Loading config from cache: C:\Users\sdona\AppData\Local\Temp\c340ec0033d1055cd797ffd5447ef414.mpf_cache
2025-10-02 20:53:56,153 : INFO : ConfigProcessor : Loading config from cache: C:\Users\sdona\AppData\Local\Temp\835b5bfea4be8b279a05e96caaaffbbb.mpf_cache
2025-10-02 20:53:56,153 : INFO : ConfigProcessor : Loading config from cache: C:\Users\sdona\AppData\Local\Temp\8c11a28e3c38d4ad47947b6a126f2ee9.mpf_cache
2025-10-02 20:53:56,154 : WARNING : ConfigProcessor : Config file in cache changed: C:\venv\mpf\mmmdrop\modes\multiball\config\multiball.yaml
2025-10-02 20:53:56,154 : INFO : ConfigProcessor : Loading config from file C:\venv\mpf\mmmdrop\modes\multiball\config\multiball.yaml.
2025-10-02 20:53:56,157 : INFO : ConfigProcessor : Loading config: C:\venv\mpf\mmmdrop\modes\multiball\config\multiball.yaml
2025-10-02 20:53:56,158 : INFO : ConfigProcessor : Config file cache created: C:\Users\sdona\AppData\Local\Temp\e391083cdc9e667060411fe5838e93f2.mpf_cache
2025-10-02 20:53:56,158 : INFO : ConfigProcessor : Loading config from cache: C:\Users\sdona\AppData\Local\Temp\f0c219a993d891ee86dcb7eae47dde67.mpf_cache
2025-10-02 20:53:56,159 : INFO : ConfigProcessor : Loading config from cache: C:\Users\sdona\AppData\Local\Temp\96aa58108928490b129531848cd9b506.mpf_cache
2025-10-02 20:53:56,160 : INFO : ConfigProcessor : Loading config from cache: C:\Users\sdona\AppData\Local\Temp\567636b9d9766e3361204e954a8382da.mpf_cache
2025-10-02 20:53:56,161 : INFO : Machine : Mission Pinball Framework Core Engine v0.80.0.dev9
2025-10-02 20:53:56,161 : INFO : Machine : Command line arguments: {'no_load_cache': False, 'create_config_cache': True, 'bcp': True, 'configfile': ['config.yaml'], 'force_assets_load': False, 'platform_integration_test': False, 'jsonlogging': False, 'logfile': 'logs\\2025-10-02-20-53-56-mpf-PinballLaptop.log', 'pause': False, 'production': False, 'text_ui': True, 'loglevel': 15, 'consoleloglevel': 20, 'force_platform': 'smart_virtual', 'syslog_address': None, 'full_logfile_path': 'C:\\venv\\mpf\\mmmdrop\\logs\\2025-10-02-20-53-56-mpf-PinballLaptop.log'}
2025-10-02 20:53:56,161 : INFO : Machine : MPF path: c:\venv\mpf\lib\site-packages\mpf
2025-10-02 20:53:56,161 : INFO : Machine : Machine path: C:\venv\mpf\mmmdrop
2025-10-02 20:53:56,161 : INFO : Machine : Platform: win32
2025-10-02 20:53:56,161 : INFO : Machine : Python executable location: c:\venv\mpf\Scripts\python.exe
2025-10-02 20:53:56,161 : INFO : Machine : Python version: 3.9.13 (64-bit)
2025-10-02 20:53:56,163 : INFO : Machine : Initializing MPF...
2025-10-02 20:53:56,382 : INFO : EventManager : Event: ======'machine_var_credits_string'====== Args={'value': 'FREE PLAY', 'prev_value': None, 'change': True}
2025-10-02 20:53:56,415 : INFO : EventManager : Event: ======'machine_var_fast_audio_headphones_volume'====== Args={'value': 10, 'prev_value': None, 'change': True}
2025-10-02 20:53:56,415 : INFO : EventManager : Event: ======'machine_var_fast_audio_main_volume'====== Args={'value': 44, 'prev_value': None, 'change': True}
2025-10-02 20:53:56,415 : INFO : EventManager : Event: ======'machine_var_master_volume'====== Args={'value': 0.15, 'prev_value': None, 'change': True}
2025-10-02 20:53:56,415 : INFO : EventManager : Event: ======'machine_var_player1_score'====== Args={'value': 140190, 'prev_value': None, 'change': True}
2025-10-02 20:53:56,415 : INFO : EventManager : Event: ======'machine_var_mpf_version'====== Args={'value': 'Mission Pinball Framework v0.80.0.dev9', 'prev_value': None, 'change': True}
2025-10-02 20:53:56,415 : INFO : EventManager : Event: ======'machine_var_mpf_extended_version'====== Args={'value': 'Mission Pinball Framework v0.80.0.dev9, Config version:6, Show version: 6, BCP version:1.1', 'prev_value': None, 'change': True}
2025-10-02 20:53:56,415 : INFO : EventManager : Event: ======'machine_var_python_version'====== Args={'value': '3.9.13', 'prev_value': None, 'change': True}
2025-10-02 20:53:56,448 : INFO : EventManager : Event: ======'machine_var_platform'====== Args={'value': 'Windows-10-10.0.26100-SP0', 'prev_value': None, 'change': True}
2025-10-02 20:53:56,449 : INFO : EventManager : Event: ======'machine_var_platform_system'====== Args={'value': 'Windows', 'prev_value': None, 'change': True}
2025-10-02 20:53:56,449 : INFO : EventManager : Event: ======'machine_var_platform_release'====== Args={'value': '10', 'prev_value': None, 'change': True}
2025-10-02 20:53:56,449 : INFO : EventManager : Event: ======'machine_var_platform_version'====== Args={'value': '10.0.26100', 'prev_value': None, 'change': True}
2025-10-02 20:53:56,449 : INFO : EventManager : Event: ======'machine_var_platform_machine'====== Args={'value': 'AMD64', 'prev_value': None, 'change': True}
2025-10-02 20:53:56,449 : INFO : EventManager : Event: ======'machine_var_log_file_path'====== Args={'value': 'C:\\venv\\mpf\\mmmdrop\\logs\\2025-10-02-20-53-56-mpf-PinballLaptop.log', 'prev_value': None, 'change': True}
2025-10-02 20:53:56,449 : INFO : EventManager : Event: ======'init_phase_1'====== Args={}
2025-10-02 20:53:56,487 : INFO : EventManager : Event: ======'drop_target_bank_three_bank_up'====== Args={}
2025-10-02 20:53:56,487 : INFO : EventManager : Event: ======'init_phase_2'====== Args={}
2025-10-02 20:53:56,487 : INFO : SwitchController : Found active switch: ('3208-0', <Platform.SmartVirtual>) <switch.s_trough1>
2025-10-02 20:53:56,487 : INFO : SwitchController : Found active switch: ('3208-1', <Platform.SmartVirtual>) <switch.s_trough2>
2025-10-02 20:53:56,487 : INFO : SwitchController : Found active switch: ('3208-2', <Platform.SmartVirtual>) <switch.s_trough3>
2025-10-02 20:53:56,487 : INFO : SwitchController : Found active switch: ('3208-3', <Platform.SmartVirtual>) <switch.s_trough4>
2025-10-02 20:53:56,487 : INFO : SwitchController : Found active switch: ('3208-4', <Platform.SmartVirtual>) <switch.s_trough5>
2025-10-02 20:53:56,487 : INFO : SwitchController : Found active switch: ('3208-5', <Platform.SmartVirtual>) <switch.s_trough6>
2025-10-02 20:53:56,493 : INFO : EventManager : Event: ======'bcp_connection_attempt'====== Args={'name': 'local_display', 'host': 'localhost', 'port': 5050}
2025-10-02 20:53:56,495 : INFO : BCPClientSocket : Connecting BCP to 'local_display' at localhost:5050...
2025-10-02 20:53:59,041 : INFO : BCPClientSocket : Connected BCP to 'local_display' localhost:5050
2025-10-02 20:53:59,042 : INFO : EventManager : Event: ======'bcp_clients_connected'====== Args={}
2025-10-02 20:53:59,181 : INFO : ball_device.bd_trough : BCH: Initial count: 6
2025-10-02 20:53:59,182 : INFO : ball_device.bd_trough : State: idle
2025-10-02 20:53:59,182 : INFO : ball_device.bd_plunger : BCH: Initial count: 0
2025-10-02 20:53:59,183 : INFO : ball_device.bd_plunger : State: idle
2025-10-02 20:53:59,183 : INFO : ball_device.bd_scoop : BCH: Initial count: 0
2025-10-02 20:53:59,183 : INFO : ball_device.bd_scoop : State: idle
2025-10-02 20:53:59,198 : INFO : EventManager : Event: ======'init_phase_3'====== Args={}
2025-10-02 20:53:59,201 : INFO : EventManager : Event: ======'init_phase_4'====== Args={}
2025-10-02 20:53:59,202 : INFO : BallController : Initial balls found: 6
2025-10-02 20:53:59,204 : INFO : EventManager : Event: ======'machine_var_audits_events_game_ended'====== Args={'value': 36, 'prev_value': None, 'change': True}
2025-10-02 20:53:59,204 : INFO : EventManager : Event: ======'machine_var_audits_events_game_started'====== Args={'value': 247, 'prev_value': None, 'change': True}
2025-10-02 20:53:59,204 : INFO : EventManager : Event: ======'machine_var_audits_missing_switches_s_captive_ball'====== Args={'value': 13, 'prev_value': None, 'change': True}
2025-10-02 20:53:59,204 : INFO : EventManager : Event: ======'machine_var_audits_missing_switches_s_center_upper_pop'====== Args={'value': 23, 'prev_value': None, 'change': True}
2025-10-02 20:53:59,204 : INFO : EventManager : Event: ======'machine_var_audits_missing_switches_s_inner_orbit'====== Args={'value': 173, 'prev_value': None, 'change': True}
2025-10-02 20:53:59,205 : INFO : EventManager : Event: ======'machine_var_audits_missing_switches_s_left_flipper'====== Args={'value': 45, 'prev_value': None, 'change': True}
2025-10-02 20:53:59,205 : INFO : EventManager : Event: ======'machine_var_audits_missing_switches_s_left_inlane'====== Args={'value': 58, 'prev_value': None, 'change': True}
2025-10-02 20:53:59,205 : INFO : EventManager : Event: ======'machine_var_audits_missing_switches_s_left_orbit'====== Args={'value': 13, 'prev_value': None, 'change': True}
2025-10-02 20:53:59,205 : INFO : EventManager : Event: ======'machine_var_audits_missing_switches_s_left_outlane'====== Args={'value': 58, 'prev_value': None, 'change': True}
2025-10-02 20:53:59,205 : INFO : EventManager : Event: ======'machine_var_audits_missing_switches_s_left_ramp'====== Args={'value': 13, 'prev_value': None, 'change': True}
2025-10-02 20:53:59,205 : INFO : EventManager : Event: ======'machine_var_audits_missing_switches_s_left_slingshot'====== Args={'value': 173, 'prev_value': None, 'change': True}
2025-10-02 20:53:59,205 : INFO : EventManager : Event: ======'machine_var_audits_missing_switches_s_left_upper_pop'====== Args={'value': 23, 'prev_value': None, 'change': True}
2025-10-02 20:53:59,205 : INFO : EventManager : Event: ======'machine_var_audits_missing_switches_s_pop_standup'====== Args={'value': 17, 'prev_value': None, 'change': True}
2025-10-02 20:53:59,205 : INFO : EventManager : Event: ======'machine_var_audits_missing_switches_s_right_flipper'====== Args={'value': 45, 'prev_value': None, 'change': True}
2025-10-02 20:53:59,206 : INFO : EventManager : Event: ======'machine_var_audits_missing_switches_s_right_inlane'====== Args={'value': 58, 'prev_value': None, 'change': True}
2025-10-02 20:53:59,206 : INFO : EventManager : Event: ======'machine_var_audits_missing_switches_s_right_orbit'====== Args={'value': 13, 'prev_value': None, 'change': True}
2025-10-02 20:53:59,206 : INFO : EventManager : Event: ======'machine_var_audits_missing_switches_s_right_outlane'====== Args={'value': 58, 'prev_value': None, 'change': True}
2025-10-02 20:53:59,206 : INFO : EventManager : Event: ======'machine_var_audits_missing_switches_s_right_ramp'====== Args={'value': 13, 'prev_value': None, 'change': True}
2025-10-02 20:53:59,206 : INFO : EventManager : Event: ======'machine_var_audits_missing_switches_s_right_slingshot'====== Args={'value': 23, 'prev_value': None, 'change': True}
2025-10-02 20:53:59,207 : INFO : EventManager : Event: ======'machine_var_audits_missing_switches_s_spinner'====== Args={'value': 79, 'prev_value': None, 'change': True}
2025-10-02 20:53:59,207 : INFO : EventManager : Event: ======'machine_var_audits_missing_switches_s_start'====== Args={'value': 42, 'prev_value': None, 'change': True}
2025-10-02 20:53:59,207 : INFO : EventManager : Event: ======'machine_var_audits_missing_switches_s_tilt_bob'====== Args={'value': 181, 'prev_value': None, 'change': True}
2025-10-02 20:53:59,207 : INFO : EventManager : Event: ======'machine_var_audits_missing_switches_s_top_right_flipper'====== Args={'value': 173, 'prev_value': None, 'change': True}
2025-10-02 20:53:59,207 : INFO : EventManager : Event: ======'machine_var_audits_missing_switches_s_trough4'====== Args={'value': 172, 'prev_value': None, 'change': True}
2025-10-02 20:53:59,207 : INFO : EventManager : Event: ======'machine_var_audits_missing_switches_s_trough5'====== Args={'value': 172, 'prev_value': None, 'change': True}
2025-10-02 20:53:59,207 : INFO : EventManager : Event: ======'machine_var_audits_missing_switches_s_trough6'====== Args={'value': 22, 'prev_value': None, 'change': True}
2025-10-02 20:53:59,207 : INFO : EventManager : Event: ======'machine_var_audits_missing_switches_s_trough_jam'====== Args={'value': 173, 'prev_value': None, 'change': True}
2025-10-02 20:53:59,207 : INFO : EventManager : Event: ======'machine_var_audits_missing_switches_s_tshirt_bottom_standup'====== Args={'value': 19, 'prev_value': None, 'change': True}
2025-10-02 20:53:59,208 : INFO : EventManager : Event: ======'machine_var_audits_missing_switches_s_upper_pop_standup'====== Args={'value': 173, 'prev_value': None, 'change': True}
2025-10-02 20:53:59,208 : INFO : EventManager : Event: ======'machine_var_audits_player_score'====== Args={'value': {'average': 16766, 'top': [140190, 55679, 54526, 46225, 25350, 24166, 23278, 22740, 20422, 20201], 'total': 37}, 'prev_value': None, 'change': True}
2025-10-02 20:53:59,208 : INFO : EventManager : Event: ======'machine_var_audits_shots_skill_captive'====== Args={'value': 16, 'prev_value': None, 'change': True}
2025-10-02 20:53:59,208 : INFO : EventManager : Event: ======'machine_var_audits_shots_skill_drop_targets'====== Args={'value': 24, 'prev_value': None, 'change': True}
2025-10-02 20:53:59,208 : INFO : EventManager : Event: ======'machine_var_audits_shots_skill_side_targets'====== Args={'value': 26, 'prev_value': None, 'change': True}
2025-10-02 20:53:59,208 : INFO : EventManager : Event: ======'machine_var_audits_switches_s_captive_ball'====== Args={'value': 161, 'prev_value': None, 'change': True}
2025-10-02 20:53:59,208 : INFO : EventManager : Event: ======'machine_var_audits_switches_s_center_upper_pop'====== Args={'value': 194, 'prev_value': None, 'change': True}
2025-10-02 20:53:59,208 : INFO : EventManager : Event: ======'machine_var_audits_switches_s_inner_orbit'====== Args={'value': 0, 'prev_value': None, 'change': True}
2025-10-02 20:53:59,208 : INFO : EventManager : Event: ======'machine_var_audits_switches_s_left_flipper'====== Args={'value': 1243, 'prev_value': None, 'change': True}
2025-10-02 20:53:59,209 : INFO : EventManager : Event: ======'machine_var_audits_switches_s_left_inlane'====== Args={'value': 109, 'prev_value': None, 'change': True}
2025-10-02 20:53:59,209 : INFO : EventManager : Event: ======'machine_var_audits_switches_s_left_orbit'====== Args={'value': 21, 'prev_value': None, 'change': True}
2025-10-02 20:53:59,209 : INFO : EventManager : Event: ======'machine_var_audits_switches_s_left_outlane'====== Args={'value': 55, 'prev_value': None, 'change': True}
2025-10-02 20:53:59,209 : INFO : EventManager : Event: ======'machine_var_audits_switches_s_left_ramp'====== Args={'value': 32, 'prev_value': None, 'change': True}
2025-10-02 20:53:59,209 : INFO : EventManager : Event: ======'machine_var_audits_switches_s_left_slingshot'====== Args={'value': 259, 'prev_value': None, 'change': True}
2025-10-02 20:53:59,209 : INFO : EventManager : Event: ======'machine_var_audits_switches_s_left_upper_pop'====== Args={'value': 147, 'prev_value': None, 'change': True}
2025-10-02 20:53:59,209 : INFO : EventManager : Event: ======'machine_var_audits_switches_s_plunger'====== Args={'value': 671, 'prev_value': None, 'change': True}
2025-10-02 20:53:59,209 : INFO : EventManager : Event: ======'machine_var_audits_switches_s_pop_standup'====== Args={'value': 65, 'prev_value': None, 'change': True}
2025-10-02 20:53:59,209 : INFO : EventManager : Event: ======'machine_var_audits_switches_s_right_flipper'====== Args={'value': 1515, 'prev_value': None, 'change': True}
2025-10-02 20:53:59,209 : INFO : EventManager : Event: ======'machine_var_audits_switches_s_right_inlane'====== Args={'value': 106, 'prev_value': None, 'change': True}
2025-10-02 20:53:59,210 : INFO : EventManager : Event: ======'machine_var_audits_switches_s_right_lower_pop'====== Args={'value': 449, 'prev_value': None, 'change': True}
2025-10-02 20:53:59,210 : INFO : EventManager : Event: ======'machine_var_audits_switches_s_right_orbit'====== Args={'value': 21, 'prev_value': None, 'change': True}
2025-10-02 20:53:59,210 : INFO : EventManager : Event: ======'machine_var_audits_switches_s_right_outlane'====== Args={'value': 53, 'prev_value': None, 'change': True}
2025-10-02 20:53:59,210 : INFO : EventManager : Event: ======'machine_var_audits_switches_s_right_ramp'====== Args={'value': 35, 'prev_value': None, 'change': True}
2025-10-02 20:53:59,210 : INFO : EventManager : Event: ======'machine_var_audits_switches_s_right_slingshot'====== Args={'value': 366, 'prev_value': None, 'change': True}
2025-10-02 20:53:59,210 : INFO : EventManager : Event: ======'machine_var_audits_switches_s_scoop'====== Args={'value': 172, 'prev_value': None, 'change': True}
2025-10-02 20:53:59,210 : INFO : EventManager : Event: ======'machine_var_audits_switches_s_spinner'====== Args={'value': 1371, 'prev_value': None, 'change': True}
2025-10-02 20:53:59,210 : INFO : EventManager : Event: ======'machine_var_audits_switches_s_start'====== Args={'value': 55, 'prev_value': None, 'change': True}
2025-10-02 20:53:59,210 : INFO : EventManager : Event: ======'machine_var_audits_switches_s_three_bank_bottom'====== Args={'value': 162, 'prev_value': None, 'change': True}
2025-10-02 20:53:59,211 : INFO : EventManager : Event: ======'machine_var_audits_switches_s_three_bank_middle'====== Args={'value': 167, 'prev_value': None, 'change': True}
2025-10-02 20:53:59,211 : INFO : EventManager : Event: ======'machine_var_audits_switches_s_three_bank_standup'====== Args={'value': 116, 'prev_value': None, 'change': True}
2025-10-02 20:53:59,211 : INFO : EventManager : Event: ======'machine_var_audits_switches_s_three_bank_top'====== Args={'value': 160, 'prev_value': None, 'change': True}
2025-10-02 20:53:59,211 : INFO : EventManager : Event: ======'machine_var_audits_switches_s_tilt_bob'====== Args={'value': 21, 'prev_value': None, 'change': True}
2025-10-02 20:53:59,211 : INFO : EventManager : Event: ======'machine_var_audits_switches_s_top_right_flipper'====== Args={'value': 1294, 'prev_value': None, 'change': True}
2025-10-02 20:53:59,211 : INFO : EventManager : Event: ======'machine_var_audits_switches_s_trough1'====== Args={'value': 245, 'prev_value': None, 'change': True}
2025-10-02 20:53:59,211 : INFO : EventManager : Event: ======'machine_var_audits_switches_s_trough2'====== Args={'value': 253, 'prev_value': None, 'change': True}
2025-10-02 20:53:59,211 : INFO : EventManager : Event: ======'machine_var_audits_switches_s_trough3'====== Args={'value': 181, 'prev_value': None, 'change': True}
2025-10-02 20:53:59,211 : INFO : EventManager : Event: ======'machine_var_audits_switches_s_trough4'====== Args={'value': 160, 'prev_value': None, 'change': True}
2025-10-02 20:53:59,212 : INFO : EventManager : Event: ======'machine_var_audits_switches_s_trough5'====== Args={'value': 160, 'prev_value': None, 'change': True}
2025-10-02 20:53:59,212 : INFO : EventManager : Event: ======'machine_var_audits_switches_s_trough6'====== Args={'value': 161, 'prev_value': None, 'change': True}
2025-10-02 20:53:59,212 : INFO : EventManager : Event: ======'machine_var_audits_switches_s_trough_jam'====== Args={'value': 206, 'prev_value': None, 'change': True}
2025-10-02 20:53:59,212 : INFO : EventManager : Event: ======'machine_var_audits_switches_s_tshirt_bottom_standup'====== Args={'value': 31, 'prev_value': None, 'change': True}
2025-10-02 20:53:59,213 : INFO : EventManager : Event: ======'machine_var_audits_switches_s_tshirt_top_standup'====== Args={'value': 57, 'prev_value': None, 'change': True}
2025-10-02 20:53:59,213 : INFO : EventManager : Event: ======'machine_var_audits_switches_s_upper_pop_standup'====== Args={'value': 158, 'prev_value': None, 'change': True}
2025-10-02 20:53:59,213 : INFO : EventManager : Event: ======'init_phase_5'====== Args={}
2025-10-02 20:53:59,271 : INFO : EventManager : Event: ======'init_done'====== Args={}
2025-10-02 20:53:59,285 : INFO : EventManager : Event: ======'machine_reset_phase_1'====== Args={}
2025-10-02 20:53:59,294 : INFO : EventManager : Event: ======'machine_reset_phase_2'====== Args={}
2025-10-02 20:53:59,294 : INFO : EventManager : Event: ======'machine_reset_phase_3'====== Args={}
2025-10-02 20:53:59,294 : INFO : drop_target_bank.three_bank : All targets are already up. Will not reset bank.
2025-10-02 20:53:59,294 : INFO : EventManager : Event: ======'reset_complete'====== Args={}
2025-10-02 20:53:59,295 : INFO : EventManager : Event: ======'mode_attract_will_start'====== Args={}
2025-10-02 20:53:59,295 : INFO : EventManager : Event: ======'mode_attract_starting'====== Args={}
2025-10-02 20:53:59,297 : INFO : Mode.attract : Started. Priority: 10
2025-10-02 20:53:59,297 : INFO : EventManager : Event: ======'modes_active_modes_changed'====== Args={}
2025-10-02 20:53:59,297 : INFO : EventManager : Event: ======'mode_attract_started'====== Args={}
2025-10-02 20:53:59,297 : INFO : EventManager : Event: ======'collecting_balls_complete'====== Args={}
2025-10-02 20:53:59,311 : INFO : EventManager : Event: ======'slide_loading_created'====== Args={'_from_bcp': True}
2025-10-02 20:53:59,311 : INFO : EventManager : Event: ======'slide__removed'====== Args={'_from_bcp': True}
2025-10-02 20:53:59,311 : INFO : EventManager : Event: ======'slide_loading_active'====== Args={'original_context': '_global', 'original_calling_context': 'init_done', 'priority': 0.0, 'cmd': 'slides_play', '_from_bcp': True}
2025-10-02 20:53:59,312 : INFO : Machine : Starting the main run loop with active modes: [<Mode.attract>]
2025-10-02 20:53:59,367 : INFO : EventManager : Event: ======'slide_attract_created'====== Args={'_from_bcp': True}
2025-10-02 20:53:59,367 : INFO : EventManager : Event: ======'slide_loading_inactive'====== Args={'is_removing': True, '_from_bcp': True}
2025-10-02 20:53:59,368 : INFO : EventManager : Event: ======'slide_attract_active'====== Args={'original_context': 'attract', 'original_calling_context': 'mode_attract_started', 'priority': 10.0, 'cmd': 'slides_play', '_from_bcp': True}
2025-10-02 20:53:59,368 : INFO : EventManager : Event: ======'slide_loading_removed'====== Args={'_from_bcp': True}
2025-10-02 20:54:00,072 : INFO : BcpServer : New client connected.
2025-10-02 20:54:00,470 : INFO : SwitchController : <<<<<<< 's_start' active >>>>>>>
2025-10-02 20:54:00,586 : INFO : SwitchController : <<<<<<< 's_start' inactive >>>>>>>
2025-10-02 20:54:00,586 : INFO : EventManager : Event: ======'request_to_start_game'====== Args={}
2025-10-02 20:54:00,587 : INFO : EventManager : Event: ======'game_start'====== Args={'buttons': [], 'hold_time': 0.125}
2025-10-02 20:54:00,587 : INFO : EventManager : Event: ======'mode_game_will_start'====== Args={'buttons': [], 'hold_time': 0.125}
2025-10-02 20:54:00,588 : INFO : EventManager : Event: ======'mode_game_starting'====== Args={'buttons': [], 'hold_time': 0.125}
2025-10-02 20:54:00,588 : INFO : EventManager : Event: ======'mode_attract_will_stop'====== Args={}
2025-10-02 20:54:00,588 : INFO : EventManager : Event: ======'mode_attract_stopping'====== Args={}
2025-10-02 20:54:00,588 : INFO : Mode.attract : Stopped.
2025-10-02 20:54:00,588 : INFO : EventManager : Event: ======'modes_active_modes_changed'====== Args={}
2025-10-02 20:54:00,588 : INFO : EventManager : Event: ======'mode_attract_stopped'====== Args={}
2025-10-02 20:54:00,588 : INFO : EventManager : Event: ======'clear'====== Args={'key': 'attract'}
2025-10-02 20:54:00,589 : INFO : Mode.game : Started. Priority: 20
2025-10-02 20:54:00,589 : INFO : EventManager : Event: ======'modes_active_modes_changed'====== Args={}
2025-10-02 20:54:00,589 : INFO : EventManager : Event: ======'mode_game_started'====== Args={'buttons': [], 'hold_time': 0.125}
2025-10-02 20:54:00,594 : INFO : EventManager : Event: ======'game_will_start'====== Args={}
2025-10-02 20:54:00,594 : INFO : EventManager : Event: ======'game_starting'====== Args={'game': <Mode.game>}
2025-10-02 20:54:00,598 : INFO : EventManager : Unordered handler for class <Auditor> on event game_ended with priority 1. Handlers: [RegisteredHandler(callback=<bound method Auditor.disable of <Auditor>>, priority=1, kwargs={}, key=UUID('77591e8c-f4e0-49fa-bc34-949ac6d27dc6'), condition=None, blocking_facility=None), RegisteredHandler(callback=<bound method Auditor._save_audits of <Auditor>>, priority=1, kwargs={}, key=UUID('e516f00d-417b-45f8-a842-d5ecef91fa6e'), condition=None, blocking_facility=None)]. The order of those handlers is not defined and they will be executed in random order. This might lead to race conditions and potential bugs.
2025-10-02 20:54:00,599 : INFO : EventManager : Event: ======'player_add_request'====== Args={}
2025-10-02 20:54:00,599 : INFO : EventManager : Event: ======'player_will_add'====== Args={'number': 1}
2025-10-02 20:54:00,599 : INFO : EventManager : Event: ======'player_adding'====== Args={'player': <Player 1>, 'number': 1}
2025-10-02 20:54:00,601 : INFO : EventManager : Event: ======'player_added'====== Args={'player': <Player 1>, 'num': 1}
2025-10-02 20:54:00,601 : INFO : Mode.game : Player added successfully. Total players: 1
2025-10-02 20:54:00,601 : INFO : EventManager : Event: ======'player_index'====== Args={'value': 0, 'prev_value': 0, 'change': 0, 'player_num': 1}
2025-10-02 20:54:00,601 : INFO : EventManager : Event: ======'player_number'====== Args={'value': 1, 'prev_value': 1, 'change': 0, 'player_num': 1}
2025-10-02 20:54:00,602 : INFO : EventManager : Event: ======'player_score'====== Args={'value': 0, 'prev_value': 0, 'change': 0, 'player_num': 1}
2025-10-02 20:54:00,603 : INFO : EventManager : Event: ======'game_started'====== Args={}
2025-10-02 20:54:00,612 : INFO : EventManager : Event: ======'player_turn_will_start'====== Args={'player': <Player 1>, 'number': 1}
2025-10-02 20:54:00,619 : INFO : EventManager : Event: ======'player_turn_starting'====== Args={'player': <Player 1>, 'number': 1}
2025-10-02 20:54:00,620 : INFO : EventManager : Event: ======'player_ball'====== Args={'value': 1, 'prev_value': 0, 'change': 1, 'player_num': 1}
2025-10-02 20:54:00,621 : INFO : EventManager : Event: ======'player_turn_started'====== Args={'player': <Player 1>, 'number': 1}
2025-10-02 20:54:00,623 : INFO : EventManager : Event: ======'ball_will_start'====== Args={'player': 1, 'ball': 1, 'balls_remaining': 2, 'is_extra_ball': False}
2025-10-02 20:54:00,626 : INFO : EventManager : Event: ======'ball_starting'====== Args={'player': 1, 'ball': 1, 'balls_remaining': 2, 'is_extra_ball': False}
2025-10-02 20:54:00,627 : INFO : EventManager : Event: ======'mode_base_will_start'====== Args={'queue': <QueuedEvent>, 'player': 1, 'ball': 1, 'balls_remaining': 2, 'is_extra_ball': False}
2025-10-02 20:54:00,633 : INFO : EventManager : Event: ======'mode_base_starting'====== Args={'queue': <QueuedEvent>, 'player': 1, 'ball': 1, 'balls_remaining': 2, 'is_extra_ball': False}
2025-10-02 20:54:00,633 : INFO : drop_target_bank.three_bank : All targets are already up. Will not reset bank.
2025-10-02 20:54:00,634 : INFO : EventManager : Event: ======'balls_in_play'====== Args={'balls': 1}
2025-10-02 20:54:00,634 : INFO : EventManager : Event: ======'ball_started'====== Args={'player': 1, 'ball': 1, 'balls_remaining': 2, 'is_extra_ball': False}
2025-10-02 20:54:00,635 : INFO : EventManager : Event: ======'logicblock_qualify_chcheckitout_multiball_updated'====== Args={'value': 0, 'enabled': True}
2025-10-02 20:54:00,635 : INFO : EventManager : Event: ======'logicblock_drop_target_bank_counter_updated'====== Args={'value': 0, 'enabled': True}
2025-10-02 20:54:00,635 : INFO : EventManager : Event: ======'logicblock_qualify_chcheckitout_multiball_updated'====== Args={'value': 0, 'enabled': True}
2025-10-02 20:54:00,635 : INFO : EventManager : Event: ======'logicblock_chcheckitout_multiball_ready_updated'====== Args={'value': 0, 'enabled': False}
2025-10-02 20:54:00,635 : INFO : EventManager : Event: ======'logicblock_drop_target_bank_counter_updated'====== Args={'value': 0, 'enabled': True}
2025-10-02 20:54:00,637 : INFO : Mode.base : Started. Priority: 100
2025-10-02 20:54:00,637 : INFO : EventManager : Event: ======'modes_active_modes_changed'====== Args={}
2025-10-02 20:54:00,637 : INFO : EventManager : Event: ======'mode_base_started'====== Args={'queue': <QueuedEvent>, 'player': 1, 'ball': 1, 'balls_remaining': 2, 'is_extra_ball': False}
2025-10-02 20:54:00,638 : INFO : EventManager : Event: ======'mode_skill_shot_will_start'====== Args={'player': 1, 'ball': 1, 'balls_remaining': 2, 'is_extra_ball': False}
2025-10-02 20:54:00,638 : INFO : EventManager : Event: ======'player_shot_skill_side_targets_enabled'====== Args={'value': True, 'prev_value': 0, 'change': 1, 'player_num': 1}
2025-10-02 20:54:00,639 : INFO : EventManager : Event: ======'player_shot_skill_drop_targets_enabled'====== Args={'value': True, 'prev_value': 0, 'change': 1, 'player_num': 1}
2025-10-02 20:54:00,639 : INFO : EventManager : Event: ======'skill_shot_complete'====== Args={'state': 'unlit'}
2025-10-02 20:54:00,641 : INFO : EventManager : Event: ======'skill_shot_unlit_complete'====== Args={}
2025-10-02 20:54:00,641 : INFO : EventManager : Event: ======'player_skill_shot_skill_shot_timeout_tick'====== Args={'value': 0, 'prev_value': 0, 'change': 0, 'player_num': 1}
2025-10-02 20:54:00,643 : INFO : EventManager : Event: ======'mode_skill_shot_starting'====== Args={'player': 1, 'ball': 1, 'balls_remaining': 2, 'is_extra_ball': False}
2025-10-02 20:54:00,643 : INFO : EventManager : Event: ======'logicblock_drop_target_bank_counter_updated'====== Args={'value': 1, 'enabled': True}
2025-10-02 20:54:00,644 : INFO : EventManager : Event: ======'counter_drop_target_bank_counter_hit'====== Args={'count': 1, 'hits': 1, 'remaining': 1}
2025-10-02 20:54:00,644 : INFO : EventManager : Event: ======'logicblock_drop_target_bank_counter_hit'====== Args={'count': 1, 'hits': 1, 'remaining': 1}
2025-10-02 20:54:00,645 : INFO : EventManager : Event: ======'player_drop_target_bank_counter_count'====== Args={'value': 1, 'prev_value': 0, 'change': 1, 'player_num': 1, 'source': 'base'}
2025-10-02 20:54:00,646 : INFO : EventManager : Event: ======'player_drop_target_bank_counter_count'====== Args={'value': 0, 'prev_value': 1, 'change': -1, 'player_num': 1, 'source': 'base'}
2025-10-02 20:54:00,646 : INFO : EventManager : Event: ======'mode_multiball_will_start'====== Args={'queue': <QueuedEvent>, 'player': 1, 'ball': 1, 'balls_remaining': 2, 'is_extra_ball': False}
2025-10-02 20:54:00,647 : INFO : EventManager : Event: ======'mode_multiball_starting'====== Args={'queue': <QueuedEvent>, 'player': 1, 'ball': 1, 'balls_remaining': 2, 'is_extra_ball': False}
2025-10-02 20:54:00,648 : INFO : EventManager : Event: ======'mode_carousel_will_start'====== Args={'queue': <QueuedEvent>, 'player': 1, 'ball': 1, 'balls_remaining': 2, 'is_extra_ball': False}
2025-10-02 20:54:00,649 : INFO : EventManager : Event: ======'mode_carousel_starting'====== Args={'queue': <QueuedEvent>, 'player': 1, 'ball': 1, 'balls_remaining': 2, 'is_extra_ball': False}
2025-10-02 20:54:00,650 : INFO : EventManager : Event: ======'ball_save_default_enabled'====== Args={}
2025-10-02 20:54:00,650 : INFO : Mode.carousel : Started. Priority: 200
2025-10-02 20:54:00,650 : INFO : EventManager : Event: ======'modes_active_modes_changed'====== Args={}
2025-10-02 20:54:00,650 : INFO : EventManager : Event: ======'mode_carousel_started'====== Args={'queue': <QueuedEvent>, 'player': 1, 'ball': 1, 'balls_remaining': 2, 'is_extra_ball': False}
2025-10-02 20:54:00,651 : INFO : EventManager : Event: ======'item_highlighted'====== Args={'carousel': 'carousel', 'direction': None, 'item': 'intergalactic'}
2025-10-02 20:54:00,651 : INFO : Mode.multiball : Started. Priority: 1000
2025-10-02 20:54:00,651 : INFO : EventManager : Event: ======'modes_active_modes_changed'====== Args={}
2025-10-02 20:54:00,651 : INFO : EventManager : Event: ======'mode_multiball_started'====== Args={'queue': <QueuedEvent>, 'player': 1, 'ball': 1, 'balls_remaining': 2, 'is_extra_ball': False}
2025-10-02 20:54:00,652 : INFO : Mode.skill_shot : Started. Priority: 500
2025-10-02 20:54:00,652 : INFO : EventManager : Event: ======'modes_active_modes_changed'====== Args={}
2025-10-02 20:54:00,652 : INFO : EventManager : Event: ======'mode_skill_shot_started'====== Args={'player': 1, 'ball': 1, 'balls_remaining': 2, 'is_extra_ball': False}
2025-10-02 20:54:00,652 : INFO : EventManager : Event: ======'player_shot_skill_side_targets'====== Args={'value': 1, 'prev_value': 0, 'change': 1, 'player_num': 1}
2025-10-02 20:54:00,653 : INFO : EventManager : Event: ======'player_shot_skill_drop_targets'====== Args={'value': 1, 'prev_value': 0, 'change': 1, 'player_num': 1}
2025-10-02 20:54:00,654 : INFO : EventManager : Event: ======'skill_shot_complete'====== Args={'state': 'flashing'}
2025-10-02 20:54:00,654 : INFO : EventManager : Event: ======'skill_shot_flashing_complete'====== Args={}
2025-10-02 20:54:00,655 : INFO : EventManager : Event: ======'single_player_ball_started'====== Args={}
2025-10-02 20:54:00,675 : INFO : EventManager : Event: ======'ball_start_target'====== Args={'target': 'playfield'}
2025-10-02 20:54:00,677 : INFO : EventManager : Event: ======'slide_base_created'====== Args={'_from_bcp': True}
2025-10-02 20:54:00,678 : INFO : EventManager : Event: ======'slide_score_overlay_created'====== Args={'_from_bcp': True}
2025-10-02 20:54:00,678 : INFO : EventManager : Event: ======'slide_attract_inactive'====== Args={'is_removing': True, '_from_bcp': True}
2025-10-02 20:54:00,678 : INFO : EventManager : Event: ======'slide_score_overlay_active'====== Args={'original_context': 'base', 'original_calling_context': 'mode_base_started', 'priority': 100.0, 'queue': '<QueuedEvent>', 'player': 1.0, 'ball': 1.0, 'balls_remaining': 2.0, 'is_extra_ball': False, 'cmd': 'slides_play', '_from_bcp': True}
2025-10-02 20:54:00,680 : INFO : ball_device.bd_plunger : Setting up player-controlled eject. Balls: 1, Target: <playfield.playfield>, player_controlled_eject_event: None
2025-10-02 20:54:00,680 : INFO : EventManager : Event: ======'balldevice_balls_available'====== Args={}
2025-10-02 20:54:00,682 : INFO : EventManager : Event: ======'slide_attract_removed'====== Args={'_from_bcp': True}
2025-10-02 20:54:00,684 : INFO : ball_device.bd_trough : State: waiting_for_target_ready
2025-10-02 20:54:00,685 : INFO : EventManager : Event: ======'balldevice_bd_trough_ball_eject_attempt'====== Args={'balls': 1, 'target': <ball_device.bd_plunger>, 'source': <ball_device.bd_trough>, 'mechanical_eject': True, 'num_attempts': 0}
2025-10-02 20:54:00,685 : INFO : ball_device.bd_plunger : State: waiting_for_ball
2025-10-02 20:54:00,687 : INFO : ball_device.bd_trough : State: ejecting
2025-10-02 20:54:00,687 : INFO : ball_device.bd_trough : Ejecting ball to <ball_device.bd_plunger>
2025-10-02 20:54:00,687 : INFO : EventManager : Event: ======'balldevice_bd_trough_ejecting_ball'====== Args={'balls': 1, 'target': <ball_device.bd_plunger>, 'source': <ball_device.bd_trough>, 'mechanical_eject': True, 'num_attempts': 0}
2025-10-02 20:54:00,689 : INFO : ball_device.bd_trough : Wait for ball to leave device
2025-10-02 20:54:00,690 : INFO : coil.c_trough_eject : Pulsing Driver for 20ms (1.0 pulse_power)
2025-10-02 20:54:00,690 : INFO : SwitchController : <<<<<<< 's_trough1' inactive >>>>>>>
2025-10-02 20:54:00,694 : INFO : EventManager : Event: ======'slide_current_mode_highlighted_created'====== Args={'_from_bcp': True}
2025-10-02 20:54:00,695 : INFO : ball_device.bd_trough : State: ball_left
2025-10-02 20:54:00,695 : INFO : ball_device.bd_trough : Ball left
2025-10-02 20:54:00,697 : INFO : ball_device.bd_trough : Wait for confirm with timeout 3.0
2025-10-02 20:54:00,788 : INFO : SwitchController : <<<<<<< 's_plunger' active >>>>>>>
2025-10-02 20:54:00,789 : INFO : EventManager : Event: ======'machine_var_audits_switches_s_plunger'====== Args={'value': 672, 'prev_value': 671, 'change': 1}
2025-10-02 20:54:00,955 : INFO : EventManager : Event: ======'slide_skillshot_overlay_created'====== Args={'_from_bcp': True}
2025-10-02 20:54:01,290 : INFO : ball_device.bd_plunger : Received ball from <ball_device.bd_trough>
2025-10-02 20:54:01,290 : INFO : EventManager : Event: ======'balldevice_bd_plunger_ball_enter'====== Args={'new_balls': 1, 'unclaimed_balls': 0, 'new_available_balls': 0, 'device': <ball_device.bd_plunger>}
2025-10-02 20:54:01,291 : INFO : EventManager : Event: ======'balldevice_bd_plunger_ball_entered'====== Args={'new_balls': 0, 'device': <ball_device.bd_plunger>}
2025-10-02 20:54:01,292 : INFO : EventManager : Event: ======'balldevice_bd_plunger_ball_count_changed'====== Args={'balls': 1}
2025-10-02 20:54:01,292 : INFO : ball_device.bd_trough : Got eject confirm
2025-10-02 20:54:01,292 : INFO : ball_device.bd_trough : Eject successful
2025-10-02 20:54:01,293 : INFO : EventManager : Event: ======'balldevice_bd_trough_ball_eject_success'====== Args={'balls': 1, 'target': <ball_device.bd_plunger>}
2025-10-02 20:54:01,293 : INFO : EventManager : Event: ======'balldevice_bd_trough_ball_count_changed'====== Args={'balls': 5}
2025-10-02 20:54:01,293 : INFO : ball_device.bd_trough : State: idle
2025-10-02 20:54:01,294 : INFO : ball_device.bd_plunger : State: waiting_for_target_ready
2025-10-02 20:54:01,294 : INFO : EventManager : Event: ======'balldevice_bd_plunger_ball_eject_attempt'====== Args={'balls': 1, 'target': <playfield.playfield>, 'source': <ball_device.bd_plunger>, 'mechanical_eject': True, 'num_attempts': 0}
2025-10-02 20:54:01,295 : INFO : ball_device.bd_plunger : State: ejecting
2025-10-02 20:54:01,295 : INFO : ball_device.bd_plunger : Ejecting ball to <playfield.playfield>
2025-10-02 20:54:01,295 : INFO : EventManager : Event: ======'balldevice_bd_plunger_ejecting_ball'====== Args={'balls': 1, 'target': <playfield.playfield>, 'source': <ball_device.bd_plunger>, 'mechanical_eject': True, 'num_attempts': 0}
2025-10-02 20:54:01,297 : INFO : ball_device.bd_plunger : Wait for ball to leave device
2025-10-02 20:54:01,486 : INFO : SwitchController : <<<<<<< 's_plunger' inactive >>>>>>>
2025-10-02 20:54:01,486 : INFO : EventManager : Event: ======'ball_out'====== Args={}
2025-10-02 20:54:01,486 : INFO : EventManager : Event: ======'ball_save_default_timer_start'====== Args={}
2025-10-02 20:54:01,491 : INFO : ball_device.bd_plunger : State: ball_left
2025-10-02 20:54:01,491 : INFO : ball_device.bd_plunger : Ball left
2025-10-02 20:54:01,492 : INFO : ball_device.bd_plunger : Wait for confirm with timeout 3.0
2025-10-02 20:54:02,241 : INFO : SwitchController : <<<<<<< 's_three_bank_bottom' active >>>>>>>
2025-10-02 20:54:02,241 : INFO : EventManager : Event: ======'playfield_active'====== Args={'source': 'skill_drop_targets'}
2025-10-02 20:54:02,241 : INFO : EventManager : Event: ======'s_three_bank_bottom_active'====== Args={}
2025-10-02 20:54:02,241 : INFO : EventManager : Event: ======'playfield_active'====== Args={'source': 'bottom'}
2025-10-02 20:54:02,243 : INFO : EventManager : Event: ======'drop_target_bottom_down'====== Args={'device': <drop_target.bottom>}
2025-10-02 20:54:02,243 : INFO : EventManager : Event: ======'drop_target_bank_three_bank_mixed'====== Args={'prev_value': <DropTargetBankState.UP: 'up'>, 'down': 1}
2025-10-02 20:54:02,243 : INFO : EventManager : Event: ======'machine_var_audits_switches_s_three_bank_bottom'====== Args={'value': 163, 'prev_value': 162, 'change': 1}
2025-10-02 20:54:02,248 : INFO : EventManager : Event: ======'player_shot_skill_drop_targets'====== Args={'value': 2, 'prev_value': 1, 'change': 1, 'player_num': 1}
2025-10-02 20:54:02,249 : INFO : EventManager : Event: ======'machine_var_audits_shots_skill_drop_targets'====== Args={'value': 25, 'prev_value': 24, 'change': 1}
2025-10-02 20:54:02,249 : INFO : EventManager : Event: ======'skill_drop_targets_hit'====== Args={'profile': 'skill_shot_profile', 'state': 'flashing', 'advancing': True}
2025-10-02 20:54:02,249 : INFO : EventManager : Event: ======'skill_drop_targets_skill_shot_profile_hit'====== Args={'profile': 'skill_shot_profile', 'state': 'flashing', 'advancing': True}
2025-10-02 20:54:02,250 : INFO : EventManager : Event: ======'skill_drop_targets_skill_shot_profile_flashing_hit'====== Args={'profile': 'skill_shot_profile', 'state': 'flashing', 'advancing': True}
2025-10-02 20:54:02,250 : INFO : EventManager : Event: ======'skill_drop_targets_flashing_hit'====== Args={'profile': 'skill_shot_profile', 'state': 'flashing', 'advancing': True}
2025-10-02 20:54:02,250 : INFO : EventManager : Event: ======'player_score'====== Args={'value': 2220, 'prev_value': 0, 'change': 2220, 'player_num': 1, 'source': 'base'}
2025-10-02 20:54:02,250 : INFO : EventManager : Event: ======'skill_shot_hit'====== Args={'shot': 'skill_drop_targets'}
2025-10-02 20:54:02,250 : INFO : EventManager : Event: ======'skill_shot_flashing_hit'====== Args={'shot': 'skill_drop_targets'}
2025-10-02 20:54:02,251 : INFO : state_machine.skill_shot_success : Transitioning from start to success
2025-10-02 20:54:02,251 : INFO : EventManager : Event: ======'skill_success'====== Args={}
2025-10-02 20:54:02,251 : INFO : EventManager : Event: ======'mode_skill_shot_will_stop'====== Args={}
2025-10-02 20:54:02,251 : INFO : EventManager : Event: ======'mode_skill_shot_stopping'====== Args={}
2025-10-02 20:54:02,251 : INFO : EventManager : Event: ======'player_score'====== Args={'value': 2002220, 'prev_value': 2220, 'change': 2000000, 'player_num': 1, 'source': 'skill_shot'}
2025-10-02 20:54:02,254 : INFO : Mode.skill_shot : Stopped.
2025-10-02 20:54:02,254 : INFO : EventManager : Event: ======'modes_active_modes_changed'====== Args={}
2025-10-02 20:54:02,254 : INFO : EventManager : Event: ======'mode_skill_shot_stopped'====== Args={}
2025-10-02 20:54:02,254 : INFO : EventManager : Event: ======'clear'====== Args={'key': 'skill_shot'}
2025-10-02 20:54:02,255 : INFO : Timer.skill_shot_timeout : Stopping Timer
2025-10-02 20:54:02,255 : INFO : EventManager : Event: ======'timer_skill_shot_timeout_stopped'====== Args={'ticks': 0, 'ticks_remaining': 0}
2025-10-02 20:54:02,281 : INFO : ball_device.bd_plunger : Got eject confirm
2025-10-02 20:54:02,281 : INFO : ball_device.bd_plunger : Eject successful
2025-10-02 20:54:02,281 : INFO : EventManager : Event: ======'balldevice_bd_plunger_ball_eject_success'====== Args={'balls': 1, 'target': <playfield.playfield>}
2025-10-02 20:54:02,282 : INFO : EventManager : Event: ======'slide_skillshot_overlay_removed'====== Args={'_from_bcp': True}
2025-10-02 20:54:02,282 : INFO : EventManager : Event: ======'slide_skillshot_success_overlay_created'====== Args={'_from_bcp': True}
2025-10-02 20:54:02,283 : INFO : EventManager : Event: ======'balldevice_playfield_ball_enter'====== Args={'new_balls': 1, 'unclaimed_balls': 1, 'device': <playfield.playfield>}
2025-10-02 20:54:02,283 : INFO : EventManager : Event: ======'playfield_ball_count_change'====== Args={'balls': 1, 'change': 1}
2025-10-02 20:54:02,284 : INFO : EventManager : Event: ======'balldevice_bd_plunger_ball_count_changed'====== Args={'balls': 0}
2025-10-02 20:54:02,284 : INFO : ball_device.bd_plunger : State: idle
2025-10-02 20:54:03,267 : INFO : SwitchController : <<<<<<< 's_three_bank_middle' active >>>>>>>
2025-10-02 20:54:03,267 : INFO : EventManager : Event: ======'s_three_bank_middle_active'====== Args={}
2025-10-02 20:54:03,267 : INFO : EventManager : Event: ======'drop_target_middle_down'====== Args={'device': <drop_target.middle>}
2025-10-02 20:54:03,268 : INFO : EventManager : Event: ======'drop_target_bank_three_bank_mixed'====== Args={'prev_value': <DropTargetBankState.MIXED: 'mixed'>, 'down': 2}
2025-10-02 20:54:03,268 : INFO : EventManager : Event: ======'machine_var_audits_switches_s_three_bank_middle'====== Args={'value': 168, 'prev_value': 167, 'change': 1}
2025-10-02 20:54:03,269 : INFO : EventManager : Event: ======'player_score'====== Args={'value': 2004440, 'prev_value': 2002220, 'change': 2220, 'player_num': 1, 'source': 'base'}
2025-10-02 20:54:03,500 : INFO : SwitchController : <<<<<<< 's_three_bank_top' active >>>>>>>
2025-10-02 20:54:03,500 : INFO : EventManager : Event: ======'s_three_bank_top_active'====== Args={}
2025-10-02 20:54:03,500 : INFO : EventManager : Event: ======'drop_target_top_down'====== Args={'device': <drop_target.top>}
2025-10-02 20:54:03,500 : INFO : EventManager : Event: ======'drop_target_bank_three_bank_down'====== Args={}
2025-10-02 20:54:03,501 : INFO : EventManager : Event: ======'machine_var_audits_switches_s_three_bank_top'====== Args={'value': 161, 'prev_value': 160, 'change': 1}
2025-10-02 20:54:03,502 : INFO : EventManager : Event: ======'player_score'====== Args={'value': 2006660, 'prev_value': 2004440, 'change': 2220, 'player_num': 1, 'source': 'base'}
2025-10-02 20:54:03,503 : INFO : EventManager : Event: ======'logicblock_drop_target_bank_counter_updated'====== Args={'value': 2, 'enabled': True}
2025-10-02 20:54:03,503 : INFO : EventManager : Event: ======'counter_drop_target_bank_counter_hit'====== Args={'count': 2, 'hits': 2, 'remaining': 0}
2025-10-02 20:54:03,503 : INFO : EventManager : Event: ======'logicblock_drop_target_bank_counter_hit'====== Args={'count': 2, 'hits': 2, 'remaining': 0}
2025-10-02 20:54:03,504 : INFO : EventManager : Event: ======'chcheckitout_multiball_qualified'====== Args={}
2025-10-02 20:54:03,504 : INFO : EventManager : Event: ======'player_drop_target_bank_counter_count'====== Args={'value': 2, 'prev_value': 0, 'change': 2, 'player_num': 1, 'source': 'base'}
2025-10-02 20:54:03,505 : INFO : EventManager : Event: ======'logicblock_qualify_chcheckitout_multiball_updated'====== Args={'value': 1, 'enabled': True}
2025-10-02 20:54:03,505 : INFO : EventManager : Event: ======'logicblock_qualify_chcheckitout_multiball_hit'====== Args={'step': 1}
2025-10-02 20:54:03,505 : INFO : EventManager : Event: ======'drops_standup_start_multiball'====== Args={}
2025-10-02 20:54:03,505 : INFO : EventManager : Event: ======'logicblock_qualify_chcheckitout_multiball_updated'====== Args={'value': 0, 'enabled': True}
2025-10-02 20:54:03,505 : INFO : EventManager : Event: ======'logicblock_chcheckitout_multiball_ready_updated'====== Args={'value': 0, 'enabled': True}
2025-10-02 20:54:04,266 : INFO : EventManager : Event: ======'slide_skillshot_success_overlay_removed'====== Args={'_from_bcp': True}
2025-10-02 20:54:04,488 : INFO : drop_target_bank.three_bank : 3 targets are down. Will reset those.
2025-10-02 20:54:04,488 : INFO : coil.c_three_bank : Pulsing Driver for 23ms (1.0 pulse_power)
2025-10-02 20:54:04,488 : INFO : EventManager : Event: ======'ball_save_default_hurry_up'====== Args={}
2025-10-02 20:54:04,549 : INFO : SwitchController : <<<<<<< 's_three_bank_bottom' inactive (muted) >>>>>>>
2025-10-02 20:54:04,549 : INFO : SwitchController : <<<<<<< 's_three_bank_middle' inactive (muted) >>>>>>>
2025-10-02 20:54:04,550 : INFO : SwitchController : <<<<<<< 's_three_bank_top' inactive (muted) >>>>>>>
2025-10-02 20:54:04,986 : INFO : EventManager : Event: ======'drop_target_bottom_up'====== Args={'device': <drop_target.bottom>}
2025-10-02 20:54:04,986 : INFO : EventManager : Event: ======'drop_target_middle_up'====== Args={'device': <drop_target.middle>}
2025-10-02 20:54:04,987 : INFO : EventManager : Event: ======'drop_target_top_up'====== Args={'device': <drop_target.top>}
2025-10-02 20:54:04,988 : INFO : EventManager : Event: ======'drop_target_bank_three_bank_up'====== Args={}
2025-10-02 20:54:06,484 : INFO : EventManager : Event: ======'ball_save_default_grace_period'====== Args={}
2025-10-02 20:54:08,495 : INFO : EventManager : Event: ======'ball_save_default_disabled'====== Args={}
2025-10-02 20:54:20,452 : INFO : SwitchController : <<<<<<< 's_scoop' active >>>>>>>
2025-10-02 20:54:20,452 : INFO : EventManager : Event: ======'s_scoop_active'====== Args={}
2025-10-02 20:54:20,452 : INFO : EventManager : Event: ======'machine_var_audits_switches_s_scoop'====== Args={'value': 173, 'prev_value': 172, 'change': 1}
2025-10-02 20:54:20,453 : INFO : EventManager : Event: ======'scoop_hit'====== Args={'elapsed': 0}
2025-10-02 20:54:20,453 : INFO : EventManager : Event: ======'carousel_intergalactic_selected'====== Args={}
2025-10-02 20:54:20,454 : INFO : EventManager : Event: ======'carousel_item_selected'====== Args={}
2025-10-02 20:54:20,454 : INFO : EventManager : Event: ======'player_score'====== Args={'value': 2008970, 'prev_value': 2006660, 'change': 2310, 'player_num': 1, 'source': 'base'}
2025-10-02 20:54:20,454 : INFO : EventManager : Event: ======'mode_intergalactic_will_start'====== Args={}
2025-10-02 20:54:20,455 : INFO : EventManager : Event: ======'player_intergalactic_intergalactic_intro_show_tick'====== Args={'value': 0, 'prev_value': 0, 'change': 0, 'player_num': 1}
2025-10-02 20:54:20,456 : INFO : EventManager : Event: ======'mode_intergalactic_starting'====== Args={}
2025-10-02 20:54:20,456 : INFO : EventManager : Event: ======'player_selected_mode'====== Args={'value': 'Intergalactic', 'prev_value': 0, 'change': True, 'player_num': 1, 'source': 'carousel'}
2025-10-02 20:54:20,457 : INFO : EventManager : Event: ======'mode_carousel_will_stop'====== Args={}
2025-10-02 20:54:20,457 : INFO : EventManager : Event: ======'mode_carousel_stopping'====== Args={}
2025-10-02 20:54:20,457 : INFO : Mode.carousel : Stopped.
2025-10-02 20:54:20,457 : INFO : EventManager : Event: ======'modes_active_modes_changed'====== Args={}
2025-10-02 20:54:20,457 : INFO : EventManager : Event: ======'mode_carousel_stopped'====== Args={}
2025-10-02 20:54:20,458 : INFO : EventManager : Event: ======'clear'====== Args={'key': 'carousel'}
2025-10-02 20:54:20,475 : INFO : EventManager : Event: ======'logicblock_intergalactic_shot_1_updated'====== Args={'value': 0, 'enabled': True}
2025-10-02 20:54:20,475 : INFO : EventManager : Event: ======'logicblock_intergalactic_shot_1_updated'====== Args={'value': 0, 'enabled': True}
2025-10-02 20:54:20,475 : INFO : EventManager : Event: ======'logicblock_intergalactic_shot_2_updated'====== Args={'value': 0, 'enabled': False}
2025-10-02 20:54:20,475 : INFO : EventManager : Event: ======'logicblock_intergalactic_shot_3_updated'====== Args={'value': 0, 'enabled': False}
2025-10-02 20:54:20,476 : INFO : EventManager : Event: ======'logicblock_intergalactic_shot_4_updated'====== Args={'value': 0, 'enabled': False}
2025-10-02 20:54:20,476 : INFO : EventManager : Event: ======'logicblock_intergalactic_shot_5_updated'====== Args={'value': 0, 'enabled': False}
2025-10-02 20:54:20,476 : INFO : Mode.intergalactic : Started. Priority: 1000
2025-10-02 20:54:20,476 : INFO : EventManager : Event: ======'modes_active_modes_changed'====== Args={}
2025-10-02 20:54:20,476 : INFO : EventManager : Event: ======'mode_intergalactic_started'====== Args={}
2025-10-02 20:54:20,477 : INFO : Timer.intergalactic_intro_show : Starting Timer.
2025-10-02 20:54:20,477 : INFO : EventManager : Event: ======'timer_intergalactic_intro_show_started'====== Args={'ticks': 0, 'ticks_remaining': 9}
2025-10-02 20:54:20,477 : INFO : EventManager : Event: ======'timer_intergalactic_intro_show_tick'====== Args={'ticks': 0, 'ticks_remaining': 9}
2025-10-02 20:54:20,477 : INFO : EventManager : Event: ======'player_intergalactic_intro_show_variable_times_100'====== Args={'value': 0, 'prev_value': 0, 'change': 0, 'player_num': 1, 'source': 'intergalactic'}
2025-10-02 20:54:20,478 : INFO : EventManager : Event: ======'slide_current_mode_highlighted_removed'====== Args={'_from_bcp': True}
2025-10-02 20:54:20,488 : INFO : EventManager : Event: ======'slide_base_removed'====== Args={'_from_bcp': True}
2025-10-02 20:54:20,502 : INFO : EventManager : Event: ======'slide_intergalactic_created'====== Args={'_from_bcp': True}
2025-10-02 20:54:20,952 : INFO : EventManager : Event: ======'balldevice_bd_scoop_ball_count_changed'====== Args={'balls': 1}
2025-10-02 20:54:20,953 : INFO : ball_device.bd_scoop : Received unexpected ball
2025-10-02 20:54:20,953 : INFO : EventManager : Event: ======'balldevice_captured_from_playfield'====== Args={'balls': 1}
2025-10-02 20:54:20,953 : INFO : EventManager : Event: ======'sw_playfield_active'====== Args={'balls': 1}
2025-10-02 20:54:20,953 : INFO : EventManager : Event: ======'playfield_ball_count_change'====== Args={'balls': 0, 'change': -1}
2025-10-02 20:54:20,954 : INFO : EventManager : Event: ======'balldevice_bd_scoop_ball_enter'====== Args={'new_balls': 1, 'unclaimed_balls': 1, 'new_available_balls': 1, 'device': <ball_device.bd_scoop>}
2025-10-02 20:54:20,955 : INFO : EventManager : Event: ======'ball_hold_intergalactic_scoop_hold_held_ball'====== Args={'balls_held': 1, 'total_balls_held': 1}
2025-10-02 20:54:20,955 : INFO : EventManager : Event: ======'ball_hold_intergalactic_scoop_hold_full'====== Args={'balls': 1}
2025-10-02 20:54:20,956 : INFO : EventManager : Event: ======'balldevice_balls_available'====== Args={}
2025-10-02 20:54:20,956 : INFO : EventManager : Event: ======'balldevice_bd_scoop_ball_entered'====== Args={'new_balls': 1, 'device': <ball_device.bd_scoop>}
2025-10-02 20:54:21,487 : INFO : EventManager : Event: ======'player_intergalactic_intergalactic_intro_show_tick'====== Args={'value': 1, 'prev_value': 0, 'change': 1, 'player_num': 1}
2025-10-02 20:54:21,487 : INFO : EventManager : Event: ======'timer_intergalactic_intro_show_tick'====== Args={'ticks': 1, 'ticks_remaining': 8}
2025-10-02 20:54:21,489 : INFO : EventManager : Event: ======'player_intergalactic_intro_show_variable_times_100'====== Args={'value': 100, 'prev_value': 0, 'change': 100, 'player_num': 1, 'source': 'intergalactic'}
2025-10-02 20:54:22,487 : INFO : EventManager : Event: ======'player_intergalactic_intergalactic_intro_show_tick'====== Args={'value': 2, 'prev_value': 1, 'change': 1, 'player_num': 1}
2025-10-02 20:54:22,487 : INFO : EventManager : Event: ======'timer_intergalactic_intro_show_tick'====== Args={'ticks': 2, 'ticks_remaining': 7}
2025-10-02 20:54:22,489 : INFO : EventManager : Event: ======'player_intergalactic_intro_show_variable_times_100'====== Args={'value': 200, 'prev_value': 100, 'change': 100, 'player_num': 1, 'source': 'intergalactic'}
2025-10-02 20:54:23,474 : INFO : EventManager : Event: ======'player_intergalactic_intergalactic_intro_show_tick'====== Args={'value': 3, 'prev_value': 2, 'change': 1, 'player_num': 1}
2025-10-02 20:54:23,475 : INFO : EventManager : Event: ======'timer_intergalactic_intro_show_tick'====== Args={'ticks': 3, 'ticks_remaining': 6}
2025-10-02 20:54:23,476 : INFO : EventManager : Event: ======'player_intergalactic_intro_show_variable_times_100'====== Args={'value': 300, 'prev_value': 200, 'change': 100, 'player_num': 1, 'source': 'intergalactic'}
2025-10-02 20:54:24,472 : INFO : EventManager : Event: ======'player_intergalactic_intergalactic_intro_show_tick'====== Args={'value': 4, 'prev_value': 3, 'change': 1, 'player_num': 1}
2025-10-02 20:54:24,473 : INFO : EventManager : Event: ======'timer_intergalactic_intro_show_tick'====== Args={'ticks': 4, 'ticks_remaining': 5}
2025-10-02 20:54:24,474 : INFO : EventManager : Event: ======'player_intergalactic_intro_show_variable_times_100'====== Args={'value': 400, 'prev_value': 300, 'change': 100, 'player_num': 1, 'source': 'intergalactic'}
2025-10-02 20:54:25,502 : INFO : EventManager : Event: ======'player_intergalactic_intergalactic_intro_show_tick'====== Args={'value': 5, 'prev_value': 4, 'change': 1, 'player_num': 1}
2025-10-02 20:54:25,503 : INFO : EventManager : Event: ======'timer_intergalactic_intro_show_tick'====== Args={'ticks': 5, 'ticks_remaining': 4}
2025-10-02 20:54:25,504 : INFO : EventManager : Event: ======'player_intergalactic_intro_show_variable_times_100'====== Args={'value': 500, 'prev_value': 400, 'change': 100, 'player_num': 1, 'source': 'intergalactic'}
2025-10-02 20:54:26,501 : INFO : EventManager : Event: ======'player_intergalactic_intergalactic_intro_show_tick'====== Args={'value': 6, 'prev_value': 5, 'change': 1, 'player_num': 1}
2025-10-02 20:54:26,502 : INFO : EventManager : Event: ======'timer_intergalactic_intro_show_tick'====== Args={'ticks': 6, 'ticks_remaining': 3}
2025-10-02 20:54:26,502 : INFO : EventManager : Event: ======'player_intergalactic_intro_show_variable_times_100'====== Args={'value': 600, 'prev_value': 500, 'change': 100, 'player_num': 1, 'source': 'intergalactic'}
2025-10-02 20:54:27,501 : INFO : EventManager : Event: ======'player_intergalactic_intergalactic_intro_show_tick'====== Args={'value': 7, 'prev_value': 6, 'change': 1, 'player_num': 1}
2025-10-02 20:54:27,501 : INFO : EventManager : Event: ======'timer_intergalactic_intro_show_tick'====== Args={'ticks': 7, 'ticks_remaining': 2}
2025-10-02 20:54:27,502 : INFO : EventManager : Event: ======'player_intergalactic_intro_show_variable_times_100'====== Args={'value': 700, 'prev_value': 600, 'change': 100, 'player_num': 1, 'source': 'intergalactic'}
2025-10-02 20:54:28,501 : INFO : EventManager : Event: ======'player_intergalactic_intergalactic_intro_show_tick'====== Args={'value': 8, 'prev_value': 7, 'change': 1, 'player_num': 1}
2025-10-02 20:54:28,502 : INFO : EventManager : Event: ======'timer_intergalactic_intro_show_tick'====== Args={'ticks': 8, 'ticks_remaining': 1}
2025-10-02 20:54:28,503 : INFO : EventManager : Event: ======'player_intergalactic_intro_show_variable_times_100'====== Args={'value': 800, 'prev_value': 700, 'change': 100, 'player_num': 1, 'source': 'intergalactic'}
2025-10-02 20:54:29,501 : INFO : EventManager : Event: ======'player_intergalactic_intergalactic_intro_show_tick'====== Args={'value': 9, 'prev_value': 8, 'change': 1, 'player_num': 1}
2025-10-02 20:54:29,501 : INFO : Timer.intergalactic_intro_show : Timer Complete
2025-10-02 20:54:29,502 : INFO : Timer.intergalactic_intro_show : Stopping Timer
2025-10-02 20:54:29,502 : INFO : EventManager : Event: ======'timer_intergalactic_intro_show_stopped'====== Args={'ticks': 9, 'ticks_remaining': 1}
2025-10-02 20:54:29,502 : INFO : EventManager : Event: ======'timer_intergalactic_intro_show_complete'====== Args={'ticks': 9, 'ticks_remaining': 1}
2025-10-02 20:54:29,503 : INFO : ball_device.bd_scoop : Adding 1 ball(s) to the eject_queue with target <playfield.playfield>.
2025-10-02 20:54:29,503 : INFO : EventManager : Event: ======'balldevice_balls_available'====== Args={}
2025-10-02 20:54:29,503 : INFO : EventManager : Event: ======'ball_hold_intergalactic_scoop_hold_balls_released'====== Args={'balls_released': 1}
2025-10-02 20:54:29,508 : INFO : ball_device.bd_scoop : State: waiting_for_target_ready
2025-10-02 20:54:29,508 : INFO : EventManager : Event: ======'balldevice_bd_scoop_ball_eject_attempt'====== Args={'balls': 1, 'target': <playfield.playfield>, 'source': <ball_device.bd_scoop>, 'mechanical_eject': False, 'num_attempts': 0}
2025-10-02 20:54:29,509 : INFO : ball_device.bd_scoop : State: ejecting
2025-10-02 20:54:29,510 : INFO : ball_device.bd_scoop : Ejecting ball to <playfield.playfield>
2025-10-02 20:54:29,510 : INFO : EventManager : Event: ======'balldevice_bd_scoop_ejecting_ball'====== Args={'balls': 1, 'target': <playfield.playfield>, 'source': <ball_device.bd_scoop>, 'mechanical_eject': False, 'num_attempts': 0}
2025-10-02 20:54:29,511 : INFO : ball_device.bd_scoop : Wait for ball to leave device
2025-10-02 20:54:29,511 : INFO : coil.c_scoop_eject : Pulsing Driver for 25ms (1.0 pulse_power)
2025-10-02 20:54:29,512 : INFO : SwitchController : <<<<<<< 's_scoop' inactive >>>>>>>
2025-10-02 20:54:29,515 : INFO : ball_device.bd_scoop : State: ball_left
2025-10-02 20:54:29,516 : INFO : ball_device.bd_scoop : Ball left
2025-10-02 20:54:29,516 : INFO : ball_device.bd_scoop : Wait for confirm with timeout 3.0
2025-10-02 20:54:29,547 : INFO : EventManager : Event: ======'slide_intergalactic_right_shot_lit_created'====== Args={'_from_bcp': True}
2025-10-02 20:54:32,514 : INFO : ball_device.bd_scoop : State: failed_confirm
2025-10-02 20:54:32,515 : INFO : ball_device.bd_scoop : Got timeout (3.0s) before confirm from <playfield.playfield>
2025-10-02 20:54:32,607 : INFO : ball_device.bd_scoop : Confirming eject because target is playfield and ball did not return.
2025-10-02 20:54:32,607 : INFO : ball_device.bd_scoop : Eject successful
2025-10-02 20:54:32,607 : INFO : EventManager : Event: ======'balldevice_bd_scoop_ball_eject_success'====== Args={'balls': 1, 'target': <playfield.playfield>}
2025-10-02 20:54:32,608 : INFO : EventManager : Event: ======'balldevice_playfield_ball_enter'====== Args={'new_balls': 1, 'unclaimed_balls': 1, 'device': <playfield.playfield>}
2025-10-02 20:54:32,609 : INFO : EventManager : Event: ======'playfield_ball_count_change'====== Args={'balls': 1, 'change': 1}
2025-10-02 20:54:32,610 : INFO : EventManager : Event: ======'balldevice_bd_scoop_ball_count_changed'====== Args={'balls': 0}
2025-10-02 20:54:32,610 : INFO : ball_device.bd_scoop : State: idle
2025-10-02 20:54:32,976 : INFO : SwitchController : <<<<<<< 's_three_bank_bottom' active >>>>>>>
2025-10-02 20:54:32,976 : INFO : EventManager : Event: ======'s_three_bank_bottom_active'====== Args={}
2025-10-02 20:54:32,976 : INFO : EventManager : Event: ======'drop_target_bottom_down'====== Args={'device': <drop_target.bottom>}
2025-10-02 20:54:32,976 : INFO : EventManager : Event: ======'drop_target_bank_three_bank_mixed'====== Args={'prev_value': <DropTargetBankState.UP: 'up'>, 'down': 1}
2025-10-02 20:54:32,977 : INFO : EventManager : Event: ======'machine_var_audits_switches_s_three_bank_bottom'====== Args={'value': 164, 'prev_value': 163, 'change': 1}
2025-10-02 20:54:32,978 : INFO : EventManager : Event: ======'player_score'====== Args={'value': 2011190, 'prev_value': 2008970, 'change': 2220, 'player_num': 1, 'source': 'base'}
2025-10-02 20:54:33,341 : INFO : SwitchController : <<<<<<< 's_three_bank_middle' active >>>>>>>
2025-10-02 20:54:33,341 : INFO : EventManager : Event: ======'s_three_bank_middle_active'====== Args={}
2025-10-02 20:54:33,342 : INFO : EventManager : Event: ======'drop_target_middle_down'====== Args={'device': <drop_target.middle>}
2025-10-02 20:54:33,342 : INFO : EventManager : Event: ======'drop_target_bank_three_bank_mixed'====== Args={'prev_value': <DropTargetBankState.MIXED: 'mixed'>, 'down': 2}
2025-10-02 20:54:33,342 : INFO : EventManager : Event: ======'machine_var_audits_switches_s_three_bank_middle'====== Args={'value': 169, 'prev_value': 168, 'change': 1}
2025-10-02 20:54:33,342 : INFO : EventManager : Event: ======'player_score'====== Args={'value': 2013410, 'prev_value': 2011190, 'change': 2220, 'player_num': 1, 'source': 'base'}
2025-10-02 20:54:33,607 : INFO : SwitchController : <<<<<<< 's_three_bank_top' active >>>>>>>
2025-10-02 20:54:33,608 : INFO : EventManager : Event: ======'s_three_bank_top_active'====== Args={}
2025-10-02 20:54:33,608 : INFO : EventManager : Event: ======'drop_target_top_down'====== Args={'device': <drop_target.top>}
2025-10-02 20:54:33,608 : INFO : EventManager : Event: ======'drop_target_bank_three_bank_down'====== Args={}
2025-10-02 20:54:33,608 : INFO : EventManager : Event: ======'machine_var_audits_switches_s_three_bank_top'====== Args={'value': 162, 'prev_value': 161, 'change': 1}
2025-10-02 20:54:33,609 : INFO : EventManager : Event: ======'player_score'====== Args={'value': 2015630, 'prev_value': 2013410, 'change': 2220, 'player_num': 1, 'source': 'base'}
2025-10-02 20:54:33,610 : INFO : EventManager : Event: ======'logicblock_drop_target_bank_counter_updated'====== Args={'value': 3, 'enabled': True}
2025-10-02 20:54:33,610 : INFO : EventManager : Event: ======'counter_drop_target_bank_counter_hit'====== Args={'count': 3, 'hits': 3, 'remaining': -1}
2025-10-02 20:54:33,610 : INFO : EventManager : Event: ======'logicblock_drop_target_bank_counter_hit'====== Args={'count': 3, 'hits': 3, 'remaining': -1}
2025-10-02 20:54:33,610 : INFO : EventManager : Event: ======'player_drop_target_bank_counter_count'====== Args={'value': 3, 'prev_value': 2, 'change': 1, 'player_num': 1, 'source': 'base'}
2025-10-02 20:54:34,617 : INFO : drop_target_bank.three_bank : 3 targets are down. Will reset those.
2025-10-02 20:54:34,617 : INFO : coil.c_three_bank : Pulsing Driver for 23ms (1.0 pulse_power)
2025-10-02 20:54:34,679 : INFO : SwitchController : <<<<<<< 's_three_bank_bottom' inactive (muted) >>>>>>>
2025-10-02 20:54:34,679 : INFO : SwitchController : <<<<<<< 's_three_bank_middle' inactive (muted) >>>>>>>
2025-10-02 20:54:34,679 : INFO : SwitchController : <<<<<<< 's_three_bank_top' inactive (muted) >>>>>>>
2025-10-02 20:54:35,116 : INFO : EventManager : Event: ======'drop_target_bottom_up'====== Args={'device': <drop_target.bottom>}
2025-10-02 20:54:35,117 : INFO : EventManager : Event: ======'drop_target_middle_up'====== Args={'device': <drop_target.middle>}
2025-10-02 20:54:35,117 : INFO : EventManager : Event: ======'drop_target_top_up'====== Args={'device': <drop_target.top>}
2025-10-02 20:54:35,118 : INFO : EventManager : Event: ======'drop_target_bank_three_bank_up'====== Args={}
2025-10-02 20:54:35,230 : INFO : SwitchController : <<<<<<< 's_three_bank_middle' active >>>>>>>
2025-10-02 20:54:35,230 : INFO : EventManager : Event: ======'s_three_bank_middle_active'====== Args={}
2025-10-02 20:54:35,230 : INFO : EventManager : Event: ======'drop_target_middle_down'====== Args={'device': <drop_target.middle>}
2025-10-02 20:54:35,230 : INFO : EventManager : Event: ======'drop_target_bank_three_bank_mixed'====== Args={'prev_value': <DropTargetBankState.UP: 'up'>, 'down': 1}
2025-10-02 20:54:35,230 : INFO : EventManager : Event: ======'machine_var_audits_switches_s_three_bank_middle'====== Args={'value': 170, 'prev_value': 169, 'change': 1}
2025-10-02 20:54:35,234 : INFO : EventManager : Event: ======'player_score'====== Args={'value': 2017850, 'prev_value': 2015630, 'change': 2220, 'player_num': 1, 'source': 'base'}
2025-10-02 20:54:35,392 : INFO : SwitchController : <<<<<<< 's_three_bank_top' active >>>>>>>
2025-10-02 20:54:35,392 : INFO : EventManager : Event: ======'s_three_bank_top_active'====== Args={}
2025-10-02 20:54:35,392 : INFO : EventManager : Event: ======'drop_target_top_down'====== Args={'device': <drop_target.top>}
2025-10-02 20:54:35,392 : INFO : EventManager : Event: ======'drop_target_bank_three_bank_mixed'====== Args={'prev_value': <DropTargetBankState.MIXED: 'mixed'>, 'down': 2}
2025-10-02 20:54:35,393 : INFO : EventManager : Event: ======'machine_var_audits_switches_s_three_bank_top'====== Args={'value': 163, 'prev_value': 162, 'change': 1}
2025-10-02 20:54:35,394 : INFO : EventManager : Event: ======'player_score'====== Args={'value': 2020070, 'prev_value': 2017850, 'change': 2220, 'player_num': 1, 'source': 'base'}
2025-10-02 20:54:36,923 : INFO : SwitchController : <<<<<<< 's_three_bank_standup' active >>>>>>>
2025-10-02 20:54:36,923 : INFO : EventManager : Event: ======'s_three_bank_standup_active'====== Args={}
2025-10-02 20:54:36,923 : INFO : EventManager : Event: ======'machine_var_audits_switches_s_three_bank_standup'====== Args={'value': 117, 'prev_value': 116, 'change': 1}
2025-10-02 20:54:36,924 : INFO : EventManager : Event: ======'three_bank_standup_hit'====== Args={'elapsed': 0}
2025-10-02 20:54:36,925 : INFO : EventManager : Event: ======'player_score'====== Args={'value': 2040080, 'prev_value': 2020070, 'change': 20010, 'player_num': 1, 'source': 'base'}
2025-10-02 20:54:36,925 : INFO : EventManager : Event: ======'logicblock_chcheckitout_multiball_ready_updated'====== Args={'value': 1, 'enabled': True}
2025-10-02 20:54:36,925 : INFO : EventManager : Event: ======'logicblock_chcheckitout_multiball_ready_hit'====== Args={'step': 1}
2025-10-02 20:54:36,925 : INFO : EventManager : Event: ======'chcheckitout_start_multiball'====== Args={}
2025-10-02 20:54:36,927 : INFO : EventManager : Event: ======'logicblock_chcheckitout_multiball_ready_updated'====== Args={'value': 0, 'enabled': True}
2025-10-02 20:54:36,928 : INFO : EventManager : Event: ======'balls_in_play'====== Args={'balls': 3}
2025-10-02 20:54:36,928 : INFO : ball_device.bd_plunger : Adding 2 ball(s) to the eject_queue with target <playfield.playfield>.
2025-10-02 20:54:36,928 : INFO : EventManager : Event: ======'balldevice_balls_available'====== Args={}
2025-10-02 20:54:36,929 : INFO : EventManager : Event: ======'balldevice_balls_available'====== Args={}
2025-10-02 20:54:36,929 : INFO : EventManager : Event: ======'ball_save_chcheckitout_timer_start'====== Args={}
2025-10-02 20:54:36,929 : INFO : EventManager : Event: ======'multiball_chcheckitout_started'====== Args={'balls': 3}
2025-10-02 20:54:36,930 : INFO : EventManager : Event: ======'logicblock_drop_target_bank_counter_updated'====== Args={'value': 3, 'enabled': False}
2025-10-02 20:54:36,937 : INFO : ball_device.bd_trough : State: waiting_for_target_ready
2025-10-02 20:54:36,937 : INFO : EventManager : Event: ======'balldevice_bd_trough_ball_eject_attempt'====== Args={'balls': 1, 'target': <ball_device.bd_plunger>, 'source': <ball_device.bd_trough>, 'mechanical_eject': False, 'num_attempts': 0}
2025-10-02 20:54:36,938 : INFO : ball_device.bd_plunger : State: waiting_for_ball
2025-10-02 20:54:36,939 : INFO : ball_device.bd_trough : State: ejecting
2025-10-02 20:54:36,939 : INFO : ball_device.bd_trough : Ejecting ball to <ball_device.bd_plunger>
2025-10-02 20:54:36,939 : INFO : EventManager : Event: ======'balldevice_bd_trough_ejecting_ball'====== Args={'balls': 1, 'target': <ball_device.bd_plunger>, 'source': <ball_device.bd_trough>, 'mechanical_eject': False, 'num_attempts': 0}
2025-10-02 20:54:36,940 : INFO : ball_device.bd_trough : Wait for ball to leave device
2025-10-02 20:54:36,941 : INFO : coil.c_trough_eject : Pulsing Driver for 20ms (1.0 pulse_power)
2025-10-02 20:54:36,941 : INFO : SwitchController : <<<<<<< 's_trough2' inactive >>>>>>>
2025-10-02 20:54:36,946 : INFO : ball_device.bd_trough : State: ball_left
2025-10-02 20:54:36,947 : INFO : ball_device.bd_trough : Ball left
2025-10-02 20:54:36,947 : INFO : ball_device.bd_trough : Wait for confirm with timeout 3.0
2025-10-02 20:54:36,979 : INFO : EventManager : Event: ======'slide_multiball_created'====== Args={'_from_bcp': True}
2025-10-02 20:54:36,982 : INFO : SwitchController : <<<<<<< 's_three_bank_standup' inactive >>>>>>>
2025-10-02 20:54:37,039 : INFO : SwitchController : <<<<<<< 's_plunger' active >>>>>>>
2025-10-02 20:54:37,040 : INFO : EventManager : Event: ======'machine_var_audits_switches_s_plunger'====== Args={'value': 673, 'prev_value': 672, 'change': 1}
2025-10-02 20:54:37,538 : INFO : ball_device.bd_plunger : Received ball from <ball_device.bd_trough>
2025-10-02 20:54:37,538 : INFO : EventManager : Event: ======'balldevice_bd_plunger_ball_enter'====== Args={'new_balls': 1, 'unclaimed_balls': 0, 'new_available_balls': 0, 'device': <ball_device.bd_plunger>}
2025-10-02 20:54:37,539 : INFO : EventManager : Event: ======'balldevice_bd_plunger_ball_entered'====== Args={'new_balls': 0, 'device': <ball_device.bd_plunger>}
2025-10-02 20:54:37,540 : INFO : EventManager : Event: ======'balldevice_bd_plunger_ball_count_changed'====== Args={'balls': 1}
2025-10-02 20:54:37,540 : INFO : ball_device.bd_trough : Got eject confirm
2025-10-02 20:54:37,540 : INFO : ball_device.bd_trough : Eject successful
2025-10-02 20:54:37,540 : INFO : EventManager : Event: ======'balldevice_bd_trough_ball_eject_success'====== Args={'balls': 1, 'target': <ball_device.bd_plunger>}
2025-10-02 20:54:37,541 : INFO : EventManager : Event: ======'balldevice_bd_trough_ball_count_changed'====== Args={'balls': 4}
2025-10-02 20:54:37,541 : INFO : ball_device.bd_trough : State: idle
2025-10-02 20:54:37,542 : INFO : ball_device.bd_plunger : State: waiting_for_target_ready
2025-10-02 20:54:37,542 : INFO : EventManager : Event: ======'balldevice_bd_plunger_ball_eject_attempt'====== Args={'balls': 1, 'target': <playfield.playfield>, 'source': <ball_device.bd_plunger>, 'mechanical_eject': False, 'num_attempts': 0}
2025-10-02 20:54:37,543 : INFO : ball_device.bd_plunger : State: ejecting
2025-10-02 20:54:37,543 : INFO : ball_device.bd_plunger : Ejecting ball to <playfield.playfield>
2025-10-02 20:54:37,543 : INFO : EventManager : Event: ======'balldevice_bd_plunger_ejecting_ball'====== Args={'balls': 1, 'target': <playfield.playfield>, 'source': <ball_device.bd_plunger>, 'mechanical_eject': False, 'num_attempts': 0}
2025-10-02 20:54:37,544 : INFO : ball_device.bd_trough : State: waiting_for_target_ready
2025-10-02 20:54:37,545 : INFO : EventManager : Event: ======'balldevice_bd_trough_ball_eject_attempt'====== Args={'balls': 1, 'target': <ball_device.bd_plunger>, 'source': <ball_device.bd_trough>, 'mechanical_eject': False, 'num_attempts': 0}
2025-10-02 20:54:37,545 : INFO : ball_device.bd_plunger : Wait for ball to leave device
2025-10-02 20:54:37,545 : INFO : coil.c_plunger : Pulsing Driver for 20ms (1.0 pulse_power)
2025-10-02 20:54:37,545 : INFO : SwitchController : <<<<<<< 's_plunger' inactive >>>>>>>
2025-10-02 20:54:37,545 : INFO : EventManager : Event: ======'ball_out'====== Args={}
2025-10-02 20:54:37,550 : INFO : ball_device.bd_plunger : State: ball_left
2025-10-02 20:54:37,551 : INFO : ball_device.bd_plunger : Ball left
2025-10-02 20:54:37,551 : INFO : ball_device.bd_plunger : Wait for confirm with timeout 3.0
2025-10-02 20:54:40,573 : INFO : ball_device.bd_plunger : State: failed_confirm
2025-10-02 20:54:40,574 : INFO : ball_device.bd_plunger : Got timeout (3.0s) before confirm from <playfield.playfield>
2025-10-02 20:54:40,667 : INFO : ball_device.bd_plunger : Confirming eject because target is playfield and ball did not return.
2025-10-02 20:54:40,667 : INFO : ball_device.bd_plunger : Eject successful
2025-10-02 20:54:40,667 : INFO : EventManager : Event: ======'balldevice_bd_plunger_ball_eject_success'====== Args={'balls': 1, 'target': <playfield.playfield>}
2025-10-02 20:54:40,667 : INFO : EventManager : Event: ======'balldevice_playfield_ball_enter'====== Args={'new_balls': 1, 'unclaimed_balls': 1, 'device': <playfield.playfield>}
2025-10-02 20:54:40,668 : INFO : EventManager : Event: ======'playfield_ball_count_change'====== Args={'balls': 2, 'change': 1}
2025-10-02 20:54:40,668 : INFO : EventManager : Event: ======'balldevice_bd_plunger_ball_count_changed'====== Args={'balls': 0}
2025-10-02 20:54:40,668 : INFO : ball_device.bd_plunger : State: idle
2025-10-02 20:54:40,669 : INFO : ball_device.bd_trough : State: ejecting
2025-10-02 20:54:40,669 : INFO : ball_device.bd_trough : Ejecting ball to <ball_device.bd_plunger>
2025-10-02 20:54:40,669 : INFO : EventManager : Event: ======'balldevice_bd_trough_ejecting_ball'====== Args={'balls': 1, 'target': <ball_device.bd_plunger>, 'source': <ball_device.bd_trough>, 'mechanical_eject': False, 'num_attempts': 0}
2025-10-02 20:54:40,670 : INFO : ball_device.bd_trough : Wait for ball to leave device
2025-10-02 20:54:40,670 : INFO : coil.c_trough_eject : Pulsing Driver for 20ms (1.0 pulse_power)
2025-10-02 20:54:40,671 : INFO : SwitchController : <<<<<<< 's_trough3' inactive >>>>>>>
2025-10-02 20:54:40,671 : INFO : ball_device.bd_plunger : State: waiting_for_ball
2025-10-02 20:54:40,675 : INFO : ball_device.bd_trough : State: ball_left
2025-10-02 20:54:40,675 : INFO : ball_device.bd_trough : Ball left
2025-10-02 20:54:40,676 : INFO : ball_device.bd_trough : Wait for confirm with timeout 3.0
2025-10-02 20:54:40,761 : INFO : SwitchController : <<<<<<< 's_plunger' active >>>>>>>
2025-10-02 20:54:40,761 : INFO : EventManager : Event: ======'machine_var_audits_switches_s_plunger'====== Args={'value': 674, 'prev_value': 673, 'change': 1}
2025-10-02 20:54:41,260 : INFO : ball_device.bd_plunger : Received ball from <ball_device.bd_trough>
2025-10-02 20:54:41,260 : INFO : EventManager : Event: ======'balldevice_bd_plunger_ball_enter'====== Args={'new_balls': 1, 'unclaimed_balls': 0, 'new_available_balls': 0, 'device': <ball_device.bd_plunger>}
2025-10-02 20:54:41,261 : INFO : EventManager : Event: ======'balldevice_bd_plunger_ball_entered'====== Args={'new_balls': 0, 'device': <ball_device.bd_plunger>}
2025-10-02 20:54:41,262 : INFO : EventManager : Event: ======'balldevice_bd_plunger_ball_count_changed'====== Args={'balls': 1}
2025-10-02 20:54:41,262 : INFO : ball_device.bd_trough : Got eject confirm
2025-10-02 20:54:41,262 : INFO : ball_device.bd_trough : Eject successful
2025-10-02 20:54:41,262 : INFO : EventManager : Event: ======'balldevice_bd_trough_ball_eject_success'====== Args={'balls': 1, 'target': <ball_device.bd_plunger>}
2025-10-02 20:54:41,263 : INFO : EventManager : Event: ======'balldevice_bd_trough_ball_count_changed'====== Args={'balls': 3}
2025-10-02 20:54:41,263 : INFO : ball_device.bd_trough : State: idle
2025-10-02 20:54:41,264 : INFO : ball_device.bd_plunger : State: waiting_for_target_ready
2025-10-02 20:54:41,264 : INFO : EventManager : Event: ======'balldevice_bd_plunger_ball_eject_attempt'====== Args={'balls': 1, 'target': <playfield.playfield>, 'source': <ball_device.bd_plunger>, 'mechanical_eject': False, 'num_attempts': 0}
2025-10-02 20:54:41,265 : INFO : ball_device.bd_plunger : State: ejecting
2025-10-02 20:54:41,265 : INFO : ball_device.bd_plunger : Ejecting ball to <playfield.playfield>
2025-10-02 20:54:41,265 : INFO : EventManager : Event: ======'balldevice_bd_plunger_ejecting_ball'====== Args={'balls': 1, 'target': <playfield.playfield>, 'source': <ball_device.bd_plunger>, 'mechanical_eject': False, 'num_attempts': 0}
2025-10-02 20:54:41,266 : INFO : ball_device.bd_plunger : Wait for ball to leave device
2025-10-02 20:54:41,267 : INFO : coil.c_plunger : Pulsing Driver for 20ms (1.0 pulse_power)
2025-10-02 20:54:41,267 : INFO : SwitchController : <<<<<<< 's_plunger' inactive >>>>>>>
2025-10-02 20:54:41,267 : INFO : EventManager : Event: ======'ball_out'====== Args={}
2025-10-02 20:54:41,272 : INFO : ball_device.bd_plunger : State: ball_left
2025-10-02 20:54:41,272 : INFO : ball_device.bd_plunger : Ball left
2025-10-02 20:54:41,272 : INFO : ball_device.bd_plunger : Wait for confirm with timeout 3.0
2025-10-02 20:54:44,273 : INFO : ball_device.bd_plunger : State: failed_confirm
2025-10-02 20:54:44,273 : INFO : ball_device.bd_plunger : Got timeout (3.0s) before confirm from <playfield.playfield>
2025-10-02 20:54:44,367 : INFO : ball_device.bd_plunger : Confirming eject because target is playfield and ball did not return.
2025-10-02 20:54:44,367 : INFO : ball_device.bd_plunger : Eject successful
2025-10-02 20:54:44,367 : INFO : EventManager : Event: ======'balldevice_bd_plunger_ball_eject_success'====== Args={'balls': 1, 'target': <playfield.playfield>}
2025-10-02 20:54:44,368 : INFO : EventManager : Event: ======'balldevice_playfield_ball_enter'====== Args={'new_balls': 1, 'unclaimed_balls': 1, 'device': <playfield.playfield>}
2025-10-02 20:54:44,368 : INFO : EventManager : Event: ======'playfield_ball_count_change'====== Args={'balls': 3, 'change': 1}
2025-10-02 20:54:44,370 : INFO : EventManager : Event: ======'balldevice_bd_plunger_ball_count_changed'====== Args={'balls': 0}
2025-10-02 20:54:44,370 : INFO : ball_device.bd_plunger : State: idle
2025-10-02 20:54:49,327 : INFO : Machine : Shutting down...
2025-10-02 20:54:49,327 : INFO : EventManager : Event: ======'shutdown'====== Args={}
2025-10-02 20:54:49,329 : INFO : EventManager : Event: ======'mode_game_will_stop'====== Args={}
2025-10-02 20:54:49,329 : INFO : EventManager : Event: ======'mode_game_stopping'====== Args={}
2025-10-02 20:54:49,331 : INFO : EventManager : Event: ======'mode_multiball_will_stop'====== Args={}
2025-10-02 20:54:49,331 : INFO : EventManager : Event: ======'mode_multiball_stopping'====== Args={}
2025-10-02 20:54:49,331 : INFO : EventManager : Event: ======'mode_intergalactic_will_stop'====== Args={}
2025-10-02 20:54:49,331 : INFO : EventManager : Event: ======'mode_intergalactic_stopping'====== Args={}
2025-10-02 20:54:49,331 : INFO : EventManager : Event: ======'mode_base_will_stop'====== Args={}
2025-10-02 20:54:49,331 : INFO : EventManager : Event: ======'mode_base_stopping'====== Args={}
2025-10-02 20:54:49,332 : INFO : Mode.base : Stopped.
2025-10-02 20:54:49,332 : INFO : EventManager : Event: ======'modes_active_modes_changed'====== Args={}
2025-10-02 20:54:49,332 : INFO : EventManager : Event: ======'mode_base_stopped'====== Args={}
2025-10-02 20:54:49,332 : INFO : EventManager : Event: ======'clear'====== Args={'key': 'base'}
2025-10-02 20:54:49,332 : INFO : Mode.intergalactic : Stopped.
2025-10-02 20:54:49,334 : INFO : EventManager : Event: ======'modes_active_modes_changed'====== Args={}
2025-10-02 20:54:49,334 : INFO : EventManager : Event: ======'mode_intergalactic_stopped'====== Args={}
2025-10-02 20:54:49,334 : INFO : EventManager : Event: ======'clear'====== Args={'key': 'intergalactic'}
2025-10-02 20:54:49,334 : INFO : Timer.intergalactic_intro_show : Stopping Timer
2025-10-02 20:54:49,334 : INFO : EventManager : Event: ======'timer_intergalactic_intro_show_stopped'====== Args={'ticks': 9, 'ticks_remaining': 1}
2025-10-02 20:54:49,334 : INFO : Mode.multiball : Stopped.
2025-10-02 20:54:49,334 : INFO : EventManager : Event: ======'modes_active_modes_changed'====== Args={}
2025-10-02 20:54:49,335 : INFO : EventManager : Event: ======'mode_multiball_stopped'====== Args={}
2025-10-02 20:54:49,335 : INFO : EventManager : Event: ======'clear'====== Args={'key': 'multiball'}
2025-10-02 20:54:49,335 : INFO : EventManager : Event: ======'multiball_chcheckitout_shoot_again_ended'====== Args={}
2025-10-02 20:54:49,336 : INFO : Mode.game : Stopped.
2025-10-02 20:54:49,336 : INFO : EventManager : Event: ======'modes_active_modes_changed'====== Args={}
2025-10-02 20:54:49,336 : INFO : EventManager : Event: ======'mode_game_stopped'====== Args={}
2025-10-02 20:54:49,336 : INFO : EventManager : Event: ======'clear'====== Args={'key': 'game'}
2025-10-02 20:54:49,339 : INFO : root : MPF run loop ended.
