2025-09-30 21:08:01,658 : INFO : root : Loading config.
2025-09-30 21:08:01,662 : INFO : YamlMultifileConfigLoader : Machine config file #1: config.yaml
2025-09-30 21:08:01,662 : INFO : ConfigProcessor : Loading config from cache: C:\Users\sdona\AppData\Local\Temp\19f6d0d7953982fda9d956182316b8e5.mpf_cache
2025-09-30 21:08:01,774 : INFO : ConfigProcessor : Loading config from cache: C:\Users\sdona\AppData\Local\Temp\835b5bfea4be8b279a05e96caaaffbbb.mpf_cache
2025-09-30 21:08:01,775 : INFO : ConfigProcessor : Loading config from cache: C:\Users\sdona\AppData\Local\Temp\9b0a7575388f9d9bd2f6ab87bf9fd2f7.mpf_cache
2025-09-30 21:08:01,776 : WARNING : ConfigProcessor : Config file in cache changed: C:\venv\mpf\mmmdrop\modes\base\config\base.yaml
2025-09-30 21:08:01,776 : INFO : ConfigProcessor : Loading config from file C:\venv\mpf\mmmdrop\modes\base\config\base.yaml.
2025-09-30 21:08:01,779 : INFO : ConfigProcessor : Loading config: C:\venv\mpf\mmmdrop\modes\base\config\base.yaml
2025-09-30 21:08:01,780 : INFO : ConfigProcessor : Config file cache created: C:\Users\sdona\AppData\Local\Temp\c340ec0033d1055cd797ffd5447ef414.mpf_cache
2025-09-30 21:08:01,781 : INFO : ConfigProcessor : Loading config from cache: C:\Users\sdona\AppData\Local\Temp\835b5bfea4be8b279a05e96caaaffbbb.mpf_cache
2025-09-30 21:08:01,782 : WARNING : ConfigProcessor : Config file in cache changed: C:\venv\mpf\mmmdrop\modes\carousel\config\carousel.yaml
2025-09-30 21:08:01,782 : INFO : ConfigProcessor : Loading config from file C:\venv\mpf\mmmdrop\modes\carousel\config\carousel.yaml.
2025-09-30 21:08:01,783 : INFO : ConfigProcessor : Loading config: C:\venv\mpf\mmmdrop\modes\carousel\config\carousel.yaml
2025-09-30 21:08:01,784 : INFO : ConfigProcessor : Config file cache created: C:\Users\sdona\AppData\Local\Temp\f0c219a993d891ee86dcb7eae47dde67.mpf_cache
2025-09-30 21:08:01,785 : INFO : ConfigProcessor : Loading config from cache: C:\Users\sdona\AppData\Local\Temp\96aa58108928490b129531848cd9b506.mpf_cache
2025-09-30 21:08:01,786 : INFO : Machine : Mission Pinball Framework Core Engine v0.80.0.dev9
2025-09-30 21:08:01,786 : INFO : Machine : Command line arguments: {'no_load_cache': False, 'create_config_cache': True, 'bcp': True, 'configfile': ['config.yaml'], 'force_assets_load': False, 'platform_integration_test': False, 'jsonlogging': False, 'logfile': 'logs\\2025-09-30-21-08-01-mpf-PinballLaptop.log', 'pause': False, 'production': False, 'text_ui': True, 'loglevel': 15, 'consoleloglevel': 20, 'force_platform': 'smart_virtual', 'syslog_address': None, 'full_logfile_path': 'C:\\venv\\mpf\\mmmdrop\\logs\\2025-09-30-21-08-01-mpf-PinballLaptop.log'}
2025-09-30 21:08:01,787 : INFO : Machine : MPF path: c:\venv\mpf\lib\site-packages\mpf
2025-09-30 21:08:01,787 : INFO : Machine : Machine path: C:\venv\mpf\mmmdrop
2025-09-30 21:08:01,787 : INFO : Machine : Platform: win32
2025-09-30 21:08:01,787 : INFO : Machine : Python executable location: c:\venv\mpf\Scripts\python.exe
2025-09-30 21:08:01,787 : INFO : Machine : Python version: 3.9.13 (64-bit)
2025-09-30 21:08:01,789 : INFO : Machine : Initializing MPF...
2025-09-30 21:08:02,006 : INFO : EventManager : Event: ======'machine_var_credits_string'====== Args={'value': 'FREE PLAY', 'prev_value': None, 'change': True}
2025-09-30 21:08:02,037 : INFO : EventManager : Event: ======'machine_var_fast_audio_headphones_volume'====== Args={'value': 10, 'prev_value': None, 'change': True}
2025-09-30 21:08:02,037 : INFO : EventManager : Event: ======'machine_var_fast_audio_main_volume'====== Args={'value': 44, 'prev_value': None, 'change': True}
2025-09-30 21:08:02,038 : INFO : EventManager : Event: ======'machine_var_master_volume'====== Args={'value': 0.15, 'prev_value': None, 'change': True}
2025-09-30 21:08:02,038 : INFO : EventManager : Event: ======'machine_var_player1_score'====== Args={'value': 140190, 'prev_value': None, 'change': True}
2025-09-30 21:08:02,038 : INFO : EventManager : Event: ======'machine_var_mpf_version'====== Args={'value': 'Mission Pinball Framework v0.80.0.dev9', 'prev_value': None, 'change': True}
2025-09-30 21:08:02,038 : INFO : EventManager : Event: ======'machine_var_mpf_extended_version'====== Args={'value': 'Mission Pinball Framework v0.80.0.dev9, Config version:6, Show version: 6, BCP version:1.1', 'prev_value': None, 'change': True}
2025-09-30 21:08:02,038 : INFO : EventManager : Event: ======'machine_var_python_version'====== Args={'value': '3.9.13', 'prev_value': None, 'change': True}
2025-09-30 21:08:02,069 : INFO : EventManager : Event: ======'machine_var_platform'====== Args={'value': 'Windows-10-10.0.26100-SP0', 'prev_value': None, 'change': True}
2025-09-30 21:08:02,071 : INFO : EventManager : Event: ======'machine_var_platform_system'====== Args={'value': 'Windows', 'prev_value': None, 'change': True}
2025-09-30 21:08:02,071 : INFO : EventManager : Event: ======'machine_var_platform_release'====== Args={'value': '10', 'prev_value': None, 'change': True}
2025-09-30 21:08:02,071 : INFO : EventManager : Event: ======'machine_var_platform_version'====== Args={'value': '10.0.26100', 'prev_value': None, 'change': True}
2025-09-30 21:08:02,071 : INFO : EventManager : Event: ======'machine_var_platform_machine'====== Args={'value': 'AMD64', 'prev_value': None, 'change': True}
2025-09-30 21:08:02,071 : INFO : EventManager : Event: ======'machine_var_log_file_path'====== Args={'value': 'C:\\venv\\mpf\\mmmdrop\\logs\\2025-09-30-21-08-01-mpf-PinballLaptop.log', 'prev_value': None, 'change': True}
2025-09-30 21:08:02,071 : INFO : EventManager : Event: ======'init_phase_1'====== Args={}
2025-09-30 21:08:02,102 : INFO : EventManager : Event: ======'drop_target_bank_three_bank_up'====== Args={}
2025-09-30 21:08:02,102 : INFO : EventManager : Event: ======'init_phase_2'====== Args={}
2025-09-30 21:08:02,103 : INFO : SwitchController : Found active switch: ('3208-0', <Platform.SmartVirtual>) <switch.s_trough1>
2025-09-30 21:08:02,103 : INFO : SwitchController : Found active switch: ('3208-1', <Platform.SmartVirtual>) <switch.s_trough2>
2025-09-30 21:08:02,103 : INFO : SwitchController : Found active switch: ('3208-2', <Platform.SmartVirtual>) <switch.s_trough3>
2025-09-30 21:08:02,103 : INFO : SwitchController : Found active switch: ('3208-3', <Platform.SmartVirtual>) <switch.s_trough4>
2025-09-30 21:08:02,103 : INFO : SwitchController : Found active switch: ('3208-4', <Platform.SmartVirtual>) <switch.s_trough5>
2025-09-30 21:08:02,103 : INFO : SwitchController : Found active switch: ('3208-5', <Platform.SmartVirtual>) <switch.s_trough6>
2025-09-30 21:08:02,106 : INFO : EventManager : Event: ======'bcp_connection_attempt'====== Args={'name': 'local_display', 'host': 'localhost', 'port': 5050}
2025-09-30 21:08:02,109 : INFO : BCPClientSocket : Connecting BCP to 'local_display' at localhost:5050...
2025-09-30 21:08:06,838 : INFO : BCPClientSocket : Connected BCP to 'local_display' localhost:5050
2025-09-30 21:08:06,839 : INFO : EventManager : Event: ======'bcp_clients_connected'====== Args={}
2025-09-30 21:08:06,990 : INFO : ball_device.bd_trough : BCH: Initial count: 6
2025-09-30 21:08:07,045 : INFO : ball_device.bd_trough : State: idle
2025-09-30 21:08:07,045 : INFO : ball_device.bd_plunger : BCH: Initial count: 0
2025-09-30 21:08:07,046 : INFO : ball_device.bd_plunger : State: idle
2025-09-30 21:08:07,047 : INFO : ball_device.bd_scoop : BCH: Initial count: 0
2025-09-30 21:08:07,047 : INFO : ball_device.bd_scoop : State: idle
2025-09-30 21:08:07,067 : INFO : EventManager : Event: ======'init_phase_3'====== Args={}
2025-09-30 21:08:07,069 : INFO : EventManager : Event: ======'init_phase_4'====== Args={}
2025-09-30 21:08:07,070 : INFO : BallController : Initial balls found: 6
2025-09-30 21:08:07,071 : INFO : EventManager : Event: ======'machine_var_audits_events_game_ended'====== Args={'value': 36, 'prev_value': None, 'change': True}
2025-09-30 21:08:07,072 : INFO : EventManager : Event: ======'machine_var_audits_events_game_started'====== Args={'value': 173, 'prev_value': None, 'change': True}
2025-09-30 21:08:07,072 : INFO : EventManager : Event: ======'machine_var_audits_missing_switches_s_captive_ball'====== Args={'value': 99, 'prev_value': None, 'change': True}
2025-09-30 21:08:07,072 : INFO : EventManager : Event: ======'machine_var_audits_missing_switches_s_center_upper_pop'====== Args={'value': 24, 'prev_value': None, 'change': True}
2025-09-30 21:08:07,072 : INFO : EventManager : Event: ======'machine_var_audits_missing_switches_s_inner_orbit'====== Args={'value': 99, 'prev_value': None, 'change': True}
2025-09-30 21:08:07,072 : INFO : EventManager : Event: ======'machine_var_audits_missing_switches_s_left_flipper'====== Args={'value': 99, 'prev_value': None, 'change': True}
2025-09-30 21:08:07,072 : INFO : EventManager : Event: ======'machine_var_audits_missing_switches_s_left_inlane'====== Args={'value': 24, 'prev_value': None, 'change': True}
2025-09-30 21:08:07,072 : INFO : EventManager : Event: ======'machine_var_audits_missing_switches_s_left_orbit'====== Args={'value': 5, 'prev_value': None, 'change': True}
2025-09-30 21:08:07,072 : INFO : EventManager : Event: ======'machine_var_audits_missing_switches_s_left_outlane'====== Args={'value': 24, 'prev_value': None, 'change': True}
2025-09-30 21:08:07,073 : INFO : EventManager : Event: ======'machine_var_audits_missing_switches_s_left_ramp'====== Args={'value': 3, 'prev_value': None, 'change': True}
2025-09-30 21:08:07,073 : INFO : EventManager : Event: ======'machine_var_audits_missing_switches_s_left_slingshot'====== Args={'value': 99, 'prev_value': None, 'change': True}
2025-09-30 21:08:07,073 : INFO : EventManager : Event: ======'machine_var_audits_missing_switches_s_left_upper_pop'====== Args={'value': 24, 'prev_value': None, 'change': True}
2025-09-30 21:08:07,073 : INFO : EventManager : Event: ======'machine_var_audits_missing_switches_s_pop_standup'====== Args={'value': 3, 'prev_value': None, 'change': True}
2025-09-30 21:08:07,073 : INFO : EventManager : Event: ======'machine_var_audits_missing_switches_s_right_flipper'====== Args={'value': 99, 'prev_value': None, 'change': True}
2025-09-30 21:08:07,073 : INFO : EventManager : Event: ======'machine_var_audits_missing_switches_s_right_inlane'====== Args={'value': 24, 'prev_value': None, 'change': True}
2025-09-30 21:08:07,073 : INFO : EventManager : Event: ======'machine_var_audits_missing_switches_s_right_orbit'====== Args={'value': 5, 'prev_value': None, 'change': True}
2025-09-30 21:08:07,073 : INFO : EventManager : Event: ======'machine_var_audits_missing_switches_s_right_outlane'====== Args={'value': 24, 'prev_value': None, 'change': True}
2025-09-30 21:08:07,073 : INFO : EventManager : Event: ======'machine_var_audits_missing_switches_s_right_ramp'====== Args={'value': 3, 'prev_value': None, 'change': True}
2025-09-30 21:08:07,073 : INFO : EventManager : Event: ======'machine_var_audits_missing_switches_s_right_slingshot'====== Args={'value': 99, 'prev_value': None, 'change': True}
2025-09-30 21:08:07,073 : INFO : EventManager : Event: ======'machine_var_audits_missing_switches_s_spinner'====== Args={'value': 5, 'prev_value': None, 'change': True}
2025-09-30 21:08:07,073 : INFO : EventManager : Event: ======'machine_var_audits_missing_switches_s_start'====== Args={'value': 44, 'prev_value': None, 'change': True}
2025-09-30 21:08:07,074 : INFO : EventManager : Event: ======'machine_var_audits_missing_switches_s_three_bank_bottom'====== Args={'value': 5, 'prev_value': None, 'change': True}
2025-09-30 21:08:07,074 : INFO : EventManager : Event: ======'machine_var_audits_missing_switches_s_three_bank_middle'====== Args={'value': 5, 'prev_value': None, 'change': True}
2025-09-30 21:08:07,074 : INFO : EventManager : Event: ======'machine_var_audits_missing_switches_s_three_bank_standup'====== Args={'value': 5, 'prev_value': None, 'change': True}
2025-09-30 21:08:07,074 : INFO : EventManager : Event: ======'machine_var_audits_missing_switches_s_three_bank_top'====== Args={'value': 5, 'prev_value': None, 'change': True}
2025-09-30 21:08:07,074 : INFO : EventManager : Event: ======'machine_var_audits_missing_switches_s_tilt_bob'====== Args={'value': 107, 'prev_value': None, 'change': True}
2025-09-30 21:08:07,074 : INFO : EventManager : Event: ======'machine_var_audits_missing_switches_s_top_right_flipper'====== Args={'value': 99, 'prev_value': None, 'change': True}
2025-09-30 21:08:07,074 : INFO : EventManager : Event: ======'machine_var_audits_missing_switches_s_trough1'====== Args={'value': 59, 'prev_value': None, 'change': True}
2025-09-30 21:08:07,074 : INFO : EventManager : Event: ======'machine_var_audits_missing_switches_s_trough2'====== Args={'value': 98, 'prev_value': None, 'change': True}
2025-09-30 21:08:07,074 : INFO : EventManager : Event: ======'machine_var_audits_missing_switches_s_trough3'====== Args={'value': 98, 'prev_value': None, 'change': True}
2025-09-30 21:08:07,075 : INFO : EventManager : Event: ======'machine_var_audits_missing_switches_s_trough4'====== Args={'value': 98, 'prev_value': None, 'change': True}
2025-09-30 21:08:07,075 : INFO : EventManager : Event: ======'machine_var_audits_missing_switches_s_trough5'====== Args={'value': 98, 'prev_value': None, 'change': True}
2025-09-30 21:08:07,075 : INFO : EventManager : Event: ======'machine_var_audits_missing_switches_s_trough6'====== Args={'value': 99, 'prev_value': None, 'change': True}
2025-09-30 21:08:07,075 : INFO : EventManager : Event: ======'machine_var_audits_missing_switches_s_trough_jam'====== Args={'value': 99, 'prev_value': None, 'change': True}
2025-09-30 21:08:07,075 : INFO : EventManager : Event: ======'machine_var_audits_missing_switches_s_tshirt_bottom_standup'====== Args={'value': 99, 'prev_value': None, 'change': True}
2025-09-30 21:08:07,075 : INFO : EventManager : Event: ======'machine_var_audits_missing_switches_s_tshirt_top_standup'====== Args={'value': 99, 'prev_value': None, 'change': True}
2025-09-30 21:08:07,075 : INFO : EventManager : Event: ======'machine_var_audits_missing_switches_s_upper_pop_standup'====== Args={'value': 99, 'prev_value': None, 'change': True}
2025-09-30 21:08:07,075 : INFO : EventManager : Event: ======'machine_var_audits_player_score'====== Args={'value': {'average': 16766, 'top': [140190, 55679, 54526, 46225, 25350, 24166, 23278, 22740, 20422, 20201], 'total': 37}, 'prev_value': None, 'change': True}
2025-09-30 21:08:07,076 : INFO : EventManager : Event: ======'machine_var_audits_shots_skill_captive'====== Args={'value': 16, 'prev_value': None, 'change': True}
2025-09-30 21:08:07,076 : INFO : EventManager : Event: ======'machine_var_audits_switches_s_captive_ball'====== Args={'value': 158, 'prev_value': None, 'change': True}
2025-09-30 21:08:07,076 : INFO : EventManager : Event: ======'machine_var_audits_switches_s_center_upper_pop'====== Args={'value': 183, 'prev_value': None, 'change': True}
2025-09-30 21:08:07,076 : INFO : EventManager : Event: ======'machine_var_audits_switches_s_inner_orbit'====== Args={'value': 0, 'prev_value': None, 'change': True}
2025-09-30 21:08:07,076 : INFO : EventManager : Event: ======'machine_var_audits_switches_s_left_flipper'====== Args={'value': 1240, 'prev_value': None, 'change': True}
2025-09-30 21:08:07,077 : INFO : EventManager : Event: ======'machine_var_audits_switches_s_left_inlane'====== Args={'value': 108, 'prev_value': None, 'change': True}
2025-09-30 21:08:07,077 : INFO : EventManager : Event: ======'machine_var_audits_switches_s_left_orbit'====== Args={'value': 8, 'prev_value': None, 'change': True}
2025-09-30 21:08:07,077 : INFO : EventManager : Event: ======'machine_var_audits_switches_s_left_outlane'====== Args={'value': 54, 'prev_value': None, 'change': True}
2025-09-30 21:08:07,077 : INFO : EventManager : Event: ======'machine_var_audits_switches_s_left_ramp'====== Args={'value': 15, 'prev_value': None, 'change': True}
2025-09-30 21:08:07,077 : INFO : EventManager : Event: ======'machine_var_audits_switches_s_left_slingshot'====== Args={'value': 259, 'prev_value': None, 'change': True}
2025-09-30 21:08:07,077 : INFO : EventManager : Event: ======'machine_var_audits_switches_s_left_upper_pop'====== Args={'value': 140, 'prev_value': None, 'change': True}
2025-09-30 21:08:07,077 : INFO : EventManager : Event: ======'machine_var_audits_switches_s_plunger'====== Args={'value': 553, 'prev_value': None, 'change': True}
2025-09-30 21:08:07,077 : INFO : EventManager : Event: ======'machine_var_audits_switches_s_pop_standup'====== Args={'value': 57, 'prev_value': None, 'change': True}
2025-09-30 21:08:07,077 : INFO : EventManager : Event: ======'machine_var_audits_switches_s_right_flipper'====== Args={'value': 1509, 'prev_value': None, 'change': True}
2025-09-30 21:08:07,077 : INFO : EventManager : Event: ======'machine_var_audits_switches_s_right_inlane'====== Args={'value': 105, 'prev_value': None, 'change': True}
2025-09-30 21:08:07,077 : INFO : EventManager : Event: ======'machine_var_audits_switches_s_right_lower_pop'====== Args={'value': 385, 'prev_value': None, 'change': True}
2025-09-30 21:08:07,078 : INFO : EventManager : Event: ======'machine_var_audits_switches_s_right_orbit'====== Args={'value': 7, 'prev_value': None, 'change': True}
2025-09-30 21:08:07,078 : INFO : EventManager : Event: ======'machine_var_audits_switches_s_right_outlane'====== Args={'value': 52, 'prev_value': None, 'change': True}
2025-09-30 21:08:07,078 : INFO : EventManager : Event: ======'machine_var_audits_switches_s_right_ramp'====== Args={'value': 15, 'prev_value': None, 'change': True}
2025-09-30 21:08:07,078 : INFO : EventManager : Event: ======'machine_var_audits_switches_s_right_slingshot'====== Args={'value': 365, 'prev_value': None, 'change': True}
2025-09-30 21:08:07,078 : INFO : EventManager : Event: ======'machine_var_audits_switches_s_scoop'====== Args={'value': 125, 'prev_value': None, 'change': True}
2025-09-30 21:08:07,078 : INFO : EventManager : Event: ======'machine_var_audits_switches_s_spinner'====== Args={'value': 1371, 'prev_value': None, 'change': True}
2025-09-30 21:08:07,078 : INFO : EventManager : Event: ======'machine_var_audits_switches_s_start'====== Args={'value': 52, 'prev_value': None, 'change': True}
2025-09-30 21:08:07,078 : INFO : EventManager : Event: ======'machine_var_audits_switches_s_three_bank_bottom'====== Args={'value': 97, 'prev_value': None, 'change': True}
2025-09-30 21:08:07,078 : INFO : EventManager : Event: ======'machine_var_audits_switches_s_three_bank_middle'====== Args={'value': 93, 'prev_value': None, 'change': True}
2025-09-30 21:08:07,079 : INFO : EventManager : Event: ======'machine_var_audits_switches_s_three_bank_standup'====== Args={'value': 81, 'prev_value': None, 'change': True}
2025-09-30 21:08:07,079 : INFO : EventManager : Event: ======'machine_var_audits_switches_s_three_bank_top'====== Args={'value': 87, 'prev_value': None, 'change': True}
2025-09-30 21:08:07,079 : INFO : EventManager : Event: ======'machine_var_audits_switches_s_tilt_bob'====== Args={'value': 21, 'prev_value': None, 'change': True}
2025-09-30 21:08:07,079 : INFO : EventManager : Event: ======'machine_var_audits_switches_s_top_right_flipper'====== Args={'value': 1294, 'prev_value': None, 'change': True}
2025-09-30 21:08:07,079 : INFO : EventManager : Event: ======'machine_var_audits_switches_s_trough1'====== Args={'value': 239, 'prev_value': None, 'change': True}
2025-09-30 21:08:07,079 : INFO : EventManager : Event: ======'machine_var_audits_switches_s_trough2'====== Args={'value': 248, 'prev_value': None, 'change': True}
2025-09-30 21:08:07,079 : INFO : EventManager : Event: ======'machine_var_audits_switches_s_trough3'====== Args={'value': 178, 'prev_value': None, 'change': True}
2025-09-30 21:08:07,079 : INFO : EventManager : Event: ======'machine_var_audits_switches_s_trough4'====== Args={'value': 160, 'prev_value': None, 'change': True}
2025-09-30 21:08:07,080 : INFO : EventManager : Event: ======'machine_var_audits_switches_s_trough5'====== Args={'value': 160, 'prev_value': None, 'change': True}
2025-09-30 21:08:07,080 : INFO : EventManager : Event: ======'machine_var_audits_switches_s_trough6'====== Args={'value': 158, 'prev_value': None, 'change': True}
2025-09-30 21:08:07,080 : INFO : EventManager : Event: ======'machine_var_audits_switches_s_trough_jam'====== Args={'value': 206, 'prev_value': None, 'change': True}
2025-09-30 21:08:07,080 : INFO : EventManager : Event: ======'machine_var_audits_switches_s_tshirt_bottom_standup'====== Args={'value': 28, 'prev_value': None, 'change': True}
2025-09-30 21:08:07,080 : INFO : EventManager : Event: ======'machine_var_audits_switches_s_tshirt_top_standup'====== Args={'value': 33, 'prev_value': None, 'change': True}
2025-09-30 21:08:07,080 : INFO : EventManager : Event: ======'machine_var_audits_switches_s_upper_pop_standup'====== Args={'value': 158, 'prev_value': None, 'change': True}
2025-09-30 21:08:07,080 : INFO : EventManager : Event: ======'init_phase_5'====== Args={}
2025-09-30 21:08:07,093 : INFO : EventManager : Event: ======'init_done'====== Args={}
2025-09-30 21:08:07,094 : INFO : EventManager : Event: ======'machine_reset_phase_1'====== Args={}
2025-09-30 21:08:07,101 : INFO : EventManager : Event: ======'machine_reset_phase_2'====== Args={}
2025-09-30 21:08:07,101 : INFO : EventManager : Event: ======'machine_reset_phase_3'====== Args={}
2025-09-30 21:08:07,101 : INFO : drop_target_bank.three_bank : All targets are already up. Will not reset bank.
2025-09-30 21:08:07,102 : INFO : EventManager : Event: ======'reset_complete'====== Args={}
2025-09-30 21:08:07,102 : INFO : EventManager : Event: ======'mode_attract_will_start'====== Args={}
2025-09-30 21:08:07,103 : INFO : EventManager : Event: ======'mode_attract_starting'====== Args={}
2025-09-30 21:08:07,103 : INFO : Mode.attract : Started. Priority: 10
2025-09-30 21:08:07,103 : INFO : EventManager : Event: ======'modes_active_modes_changed'====== Args={}
2025-09-30 21:08:07,103 : INFO : EventManager : Event: ======'mode_attract_started'====== Args={}
2025-09-30 21:08:07,105 : INFO : EventManager : Event: ======'collecting_balls_complete'====== Args={}
2025-09-30 21:08:07,119 : INFO : EventManager : Event: ======'slide_loading_created'====== Args={'_from_bcp': True}
2025-09-30 21:08:07,120 : INFO : EventManager : Event: ======'slide__removed'====== Args={'_from_bcp': True}
2025-09-30 21:08:07,120 : INFO : EventManager : Event: ======'slide_loading_active'====== Args={'original_context': '_global', 'original_calling_context': 'init_done', 'priority': 0.0, 'cmd': 'slides_play', '_from_bcp': True}
2025-09-30 21:08:07,120 : INFO : Machine : Starting the main run loop with active modes: [<Mode.attract>]
2025-09-30 21:08:07,138 : INFO : EventManager : Event: ======'slide_attract_created'====== Args={'_from_bcp': True}
2025-09-30 21:08:07,139 : INFO : EventManager : Event: ======'slide_loading_inactive'====== Args={'is_removing': True, '_from_bcp': True}
2025-09-30 21:08:07,139 : INFO : EventManager : Event: ======'slide_attract_active'====== Args={'original_context': 'attract', 'original_calling_context': 'mode_attract_started', 'priority': 10.0, 'cmd': 'slides_play', '_from_bcp': True}
2025-09-30 21:08:07,140 : INFO : EventManager : Event: ======'slide_loading_removed'====== Args={'_from_bcp': True}
2025-09-30 21:08:07,291 : INFO : BcpServer : New client connected.
2025-09-30 21:08:08,309 : INFO : SwitchController : <<<<<<< 's_start' active >>>>>>>
2025-09-30 21:08:08,458 : INFO : SwitchController : <<<<<<< 's_start' inactive >>>>>>>
2025-09-30 21:08:08,459 : INFO : EventManager : Event: ======'request_to_start_game'====== Args={}
2025-09-30 21:08:08,459 : INFO : EventManager : Event: ======'game_start'====== Args={'buttons': [], 'hold_time': 0.1559999999590218}
2025-09-30 21:08:08,460 : INFO : EventManager : Event: ======'mode_game_will_start'====== Args={'buttons': [], 'hold_time': 0.1559999999590218}
2025-09-30 21:08:08,461 : INFO : EventManager : Event: ======'mode_game_starting'====== Args={'buttons': [], 'hold_time': 0.1559999999590218}
2025-09-30 21:08:08,461 : INFO : EventManager : Event: ======'mode_attract_will_stop'====== Args={}
2025-09-30 21:08:08,461 : INFO : EventManager : Event: ======'mode_attract_stopping'====== Args={}
2025-09-30 21:08:08,461 : INFO : Mode.attract : Stopped.
2025-09-30 21:08:08,461 : INFO : EventManager : Event: ======'modes_active_modes_changed'====== Args={}
2025-09-30 21:08:08,462 : INFO : EventManager : Event: ======'mode_attract_stopped'====== Args={}
2025-09-30 21:08:08,462 : INFO : EventManager : Event: ======'clear'====== Args={'key': 'attract'}
2025-09-30 21:08:08,462 : INFO : Mode.game : Started. Priority: 20
2025-09-30 21:08:08,462 : INFO : EventManager : Event: ======'modes_active_modes_changed'====== Args={}
2025-09-30 21:08:08,462 : INFO : EventManager : Event: ======'mode_game_started'====== Args={'buttons': [], 'hold_time': 0.1559999999590218}
2025-09-30 21:08:08,466 : INFO : EventManager : Event: ======'game_will_start'====== Args={}
2025-09-30 21:08:08,467 : INFO : EventManager : Event: ======'game_starting'====== Args={'game': <Mode.game>}
2025-09-30 21:08:08,468 : INFO : EventManager : Unordered handler for class <Auditor> on event game_ended with priority 1. Handlers: [RegisteredHandler(callback=<bound method Auditor.disable of <Auditor>>, priority=1, kwargs={}, key=UUID('05a1e77f-9bbf-4e58-8a7a-384e6bfb230a'), condition=None, blocking_facility=None), RegisteredHandler(callback=<bound method Auditor._save_audits of <Auditor>>, priority=1, kwargs={}, key=UUID('0a25419e-5cde-4626-a163-28441bda24c0'), condition=None, blocking_facility=None)]. The order of those handlers is not defined and they will be executed in random order. This might lead to race conditions and potential bugs.
2025-09-30 21:08:08,468 : INFO : EventManager : Event: ======'player_add_request'====== Args={}
2025-09-30 21:08:08,469 : INFO : EventManager : Event: ======'player_will_add'====== Args={'number': 1}
2025-09-30 21:08:08,469 : INFO : EventManager : Event: ======'player_adding'====== Args={'player': <Player 1>, 'number': 1}
2025-09-30 21:08:08,469 : INFO : EventManager : Event: ======'player_added'====== Args={'player': <Player 1>, 'num': 1}
2025-09-30 21:08:08,469 : INFO : Mode.game : Player added successfully. Total players: 1
2025-09-30 21:08:08,471 : INFO : EventManager : Event: ======'player_index'====== Args={'value': 0, 'prev_value': 0, 'change': 0, 'player_num': 1}
2025-09-30 21:08:08,471 : INFO : EventManager : Event: ======'player_number'====== Args={'value': 1, 'prev_value': 1, 'change': 0, 'player_num': 1}
2025-09-30 21:08:08,471 : INFO : EventManager : Event: ======'player_score'====== Args={'value': 0, 'prev_value': 0, 'change': 0, 'player_num': 1}
2025-09-30 21:08:08,472 : INFO : EventManager : Event: ======'game_started'====== Args={}
2025-09-30 21:08:08,479 : INFO : EventManager : Event: ======'player_turn_will_start'====== Args={'player': <Player 1>, 'number': 1}
2025-09-30 21:08:08,486 : INFO : EventManager : Event: ======'player_turn_starting'====== Args={'player': <Player 1>, 'number': 1}
2025-09-30 21:08:08,487 : INFO : EventManager : Event: ======'player_ball'====== Args={'value': 1, 'prev_value': 0, 'change': 1, 'player_num': 1}
2025-09-30 21:08:08,488 : INFO : EventManager : Event: ======'player_turn_started'====== Args={'player': <Player 1>, 'number': 1}
2025-09-30 21:08:08,489 : INFO : EventManager : Event: ======'ball_will_start'====== Args={'player': 1, 'ball': 1, 'balls_remaining': 2, 'is_extra_ball': False}
2025-09-30 21:08:08,492 : INFO : EventManager : Event: ======'ball_starting'====== Args={'player': 1, 'ball': 1, 'balls_remaining': 2, 'is_extra_ball': False}
2025-09-30 21:08:08,492 : INFO : EventManager : Event: ======'mode_base_will_start'====== Args={'queue': <QueuedEvent>, 'player': 1, 'ball': 1, 'balls_remaining': 2, 'is_extra_ball': False}
2025-09-30 21:08:08,495 : INFO : EventManager : Event: ======'mode_base_starting'====== Args={'queue': <QueuedEvent>, 'player': 1, 'ball': 1, 'balls_remaining': 2, 'is_extra_ball': False}
2025-09-30 21:08:08,495 : INFO : drop_target_bank.three_bank : All targets are already up. Will not reset bank.
2025-09-30 21:08:08,496 : INFO : EventManager : Event: ======'balls_in_play'====== Args={'balls': 1}
2025-09-30 21:08:08,496 : INFO : EventManager : Event: ======'ball_started'====== Args={'player': 1, 'ball': 1, 'balls_remaining': 2, 'is_extra_ball': False}
2025-09-30 21:08:08,497 : INFO : EventManager : Event: ======'logicblock_drop_target_counter_updated'====== Args={'value': 0, 'enabled': True}
2025-09-30 21:08:08,497 : INFO : EventManager : Event: ======'logicblock_drop_target_counter_updated'====== Args={'value': 0, 'enabled': True}
2025-09-30 21:08:08,497 : INFO : Mode.base : Started. Priority: 100
2025-09-30 21:08:08,497 : INFO : EventManager : Event: ======'modes_active_modes_changed'====== Args={}
2025-09-30 21:08:08,497 : INFO : EventManager : Event: ======'mode_base_started'====== Args={'queue': <QueuedEvent>, 'player': 1, 'ball': 1, 'balls_remaining': 2, 'is_extra_ball': False}
2025-09-30 21:08:08,498 : INFO : EventManager : Event: ======'mode_carousel_will_start'====== Args={'queue': <QueuedEvent>, 'player': 1, 'ball': 1, 'balls_remaining': 2, 'is_extra_ball': False}
2025-09-30 21:08:08,499 : INFO : EventManager : Event: ======'mode_carousel_starting'====== Args={'queue': <QueuedEvent>, 'player': 1, 'ball': 1, 'balls_remaining': 2, 'is_extra_ball': False}
2025-09-30 21:08:08,499 : INFO : EventManager : Event: ======'ball_save_default_enabled'====== Args={}
2025-09-30 21:08:08,500 : INFO : Mode.carousel : Started. Priority: 200
2025-09-30 21:08:08,500 : INFO : EventManager : Event: ======'modes_active_modes_changed'====== Args={}
2025-09-30 21:08:08,500 : INFO : EventManager : Event: ======'mode_carousel_started'====== Args={'queue': <QueuedEvent>, 'player': 1, 'ball': 1, 'balls_remaining': 2, 'is_extra_ball': False}
2025-09-30 21:08:08,501 : INFO : EventManager : Event: ======'item_highlighted'====== Args={'carousel': 'carousel', 'direction': None, 'item': 'intergalactic'}
2025-09-30 21:08:08,502 : INFO : EventManager : Event: ======'single_player_ball_started'====== Args={}
2025-09-30 21:08:08,521 : INFO : EventManager : Event: ======'ball_start_target'====== Args={'target': 'playfield'}
2025-09-30 21:08:08,523 : INFO : EventManager : Event: ======'slide_base_created'====== Args={'_from_bcp': True}
2025-09-30 21:08:08,523 : INFO : EventManager : Event: ======'slide_score_overlay_created'====== Args={'_from_bcp': True}
2025-09-30 21:08:08,523 : INFO : EventManager : Event: ======'slide_attract_inactive'====== Args={'is_removing': True, '_from_bcp': True}
2025-09-30 21:08:08,523 : INFO : EventManager : Event: ======'slide_score_overlay_active'====== Args={'original_context': 'base', 'original_calling_context': 'mode_base_started', 'priority': 100.0, 'queue': '<QueuedEvent>', 'player': 1.0, 'ball': 1.0, 'balls_remaining': 2.0, 'is_extra_ball': False, 'cmd': 'slides_play', '_from_bcp': True}
2025-09-30 21:08:08,524 : INFO : EventManager : Event: ======'slide_attract_removed'====== Args={'_from_bcp': True}
2025-09-30 21:08:08,525 : INFO : ball_device.bd_plunger : Setting up player-controlled eject. Balls: 1, Target: <playfield.playfield>, player_controlled_eject_event: None
2025-09-30 21:08:08,525 : INFO : EventManager : Event: ======'balldevice_balls_available'====== Args={}
2025-09-30 21:08:08,526 : INFO : ball_device.bd_trough : State: waiting_for_target_ready
2025-09-30 21:08:08,527 : INFO : EventManager : Event: ======'balldevice_bd_trough_ball_eject_attempt'====== Args={'balls': 1, 'target': <ball_device.bd_plunger>, 'source': <ball_device.bd_trough>, 'mechanical_eject': True, 'num_attempts': 0}
2025-09-30 21:08:08,528 : INFO : ball_device.bd_plunger : State: waiting_for_ball
2025-09-30 21:08:08,529 : INFO : ball_device.bd_trough : State: ejecting
2025-09-30 21:08:08,530 : INFO : ball_device.bd_trough : Ejecting ball to <ball_device.bd_plunger>
2025-09-30 21:08:08,530 : INFO : EventManager : Event: ======'balldevice_bd_trough_ejecting_ball'====== Args={'balls': 1, 'target': <ball_device.bd_plunger>, 'source': <ball_device.bd_trough>, 'mechanical_eject': True, 'num_attempts': 0}
2025-09-30 21:08:08,531 : INFO : EventManager : Event: ======'slide_current_mode_highlighted_created'====== Args={'_from_bcp': True}
2025-09-30 21:08:08,532 : INFO : ball_device.bd_trough : Wait for ball to leave device
2025-09-30 21:08:08,532 : INFO : coil.c_trough_eject : Pulsing Driver for 20ms (1.0 pulse_power)
2025-09-30 21:08:08,533 : INFO : SwitchController : <<<<<<< 's_trough1' inactive >>>>>>>
2025-09-30 21:08:08,539 : INFO : ball_device.bd_trough : State: ball_left
2025-09-30 21:08:08,540 : INFO : ball_device.bd_trough : Ball left
2025-09-30 21:08:08,540 : INFO : ball_device.bd_trough : Wait for confirm with timeout 3.0
2025-09-30 21:08:08,637 : INFO : SwitchController : <<<<<<< 's_plunger' active >>>>>>>
2025-09-30 21:08:08,637 : INFO : EventManager : Event: ======'machine_var_audits_switches_s_plunger'====== Args={'value': 554, 'prev_value': 553, 'change': 1}
2025-09-30 21:08:09,148 : INFO : ball_device.bd_plunger : Received ball from <ball_device.bd_trough>
2025-09-30 21:08:09,148 : INFO : EventManager : Event: ======'balldevice_bd_plunger_ball_enter'====== Args={'new_balls': 1, 'unclaimed_balls': 0, 'new_available_balls': 0, 'device': <ball_device.bd_plunger>}
2025-09-30 21:08:09,149 : INFO : EventManager : Event: ======'balldevice_bd_plunger_ball_entered'====== Args={'new_balls': 0, 'device': <ball_device.bd_plunger>}
2025-09-30 21:08:09,150 : INFO : EventManager : Event: ======'balldevice_bd_plunger_ball_count_changed'====== Args={'balls': 1}
2025-09-30 21:08:09,150 : INFO : ball_device.bd_trough : Got eject confirm
2025-09-30 21:08:09,150 : INFO : ball_device.bd_trough : Eject successful
2025-09-30 21:08:09,150 : INFO : EventManager : Event: ======'balldevice_bd_trough_ball_eject_success'====== Args={'balls': 1, 'target': <ball_device.bd_plunger>}
2025-09-30 21:08:09,151 : INFO : EventManager : Event: ======'balldevice_bd_trough_ball_count_changed'====== Args={'balls': 5}
2025-09-30 21:08:09,151 : INFO : ball_device.bd_trough : State: idle
2025-09-30 21:08:09,151 : INFO : ball_device.bd_plunger : State: waiting_for_target_ready
2025-09-30 21:08:09,152 : INFO : EventManager : Event: ======'balldevice_bd_plunger_ball_eject_attempt'====== Args={'balls': 1, 'target': <playfield.playfield>, 'source': <ball_device.bd_plunger>, 'mechanical_eject': True, 'num_attempts': 0}
2025-09-30 21:08:09,153 : INFO : ball_device.bd_plunger : State: ejecting
2025-09-30 21:08:09,153 : INFO : ball_device.bd_plunger : Ejecting ball to <playfield.playfield>
2025-09-30 21:08:09,153 : INFO : EventManager : Event: ======'balldevice_bd_plunger_ejecting_ball'====== Args={'balls': 1, 'target': <playfield.playfield>, 'source': <ball_device.bd_plunger>, 'mechanical_eject': True, 'num_attempts': 0}
2025-09-30 21:08:09,154 : INFO : ball_device.bd_plunger : Wait for ball to leave device
2025-09-30 21:08:09,956 : INFO : SwitchController : <<<<<<< 's_plunger' inactive >>>>>>>
2025-09-30 21:08:09,956 : INFO : EventManager : Event: ======'ball_out'====== Args={}
2025-09-30 21:08:09,957 : INFO : EventManager : Event: ======'ball_save_default_timer_start'====== Args={}
2025-09-30 21:08:09,961 : INFO : ball_device.bd_plunger : State: ball_left
2025-09-30 21:08:09,962 : INFO : ball_device.bd_plunger : Ball left
2025-09-30 21:08:09,962 : INFO : ball_device.bd_plunger : Wait for confirm with timeout 3.0
2025-09-30 21:08:11,804 : INFO : SwitchController : <<<<<<< 's_right_lower_pop' active >>>>>>>
2025-09-30 21:08:11,805 : INFO : EventManager : Event: ======'s_right_lower_pop_active'====== Args={}
2025-09-30 21:08:11,805 : INFO : EventManager : Event: ======'playfield_active'====== Args={'source': 'right_lower_pop'}
2025-09-30 21:08:11,805 : INFO : EventManager : Event: ======'machine_var_audits_switches_s_right_lower_pop'====== Args={'value': 386, 'prev_value': 385, 'change': 1}
2025-09-30 21:08:11,806 : INFO : EventManager : Event: ======'item_highlighted'====== Args={'carousel': 'carousel', 'direction': 'backwards', 'item': 'intergalactic'}
2025-09-30 21:08:11,806 : INFO : EventManager : Event: ======'player_score'====== Args={'value': 1110, 'prev_value': 0, 'change': 1110, 'player_num': 1, 'source': 'base'}
2025-09-30 21:08:11,817 : INFO : ball_device.bd_plunger : Got eject confirm
2025-09-30 21:08:11,817 : INFO : ball_device.bd_plunger : Eject successful
2025-09-30 21:08:11,817 : INFO : EventManager : Event: ======'balldevice_bd_plunger_ball_eject_success'====== Args={'balls': 1, 'target': <playfield.playfield>}
2025-09-30 21:08:11,819 : INFO : EventManager : Event: ======'balldevice_playfield_ball_enter'====== Args={'new_balls': 1, 'unclaimed_balls': 1, 'device': <playfield.playfield>}
2025-09-30 21:08:11,820 : INFO : EventManager : Event: ======'playfield_ball_count_change'====== Args={'balls': 1, 'change': 1}
2025-09-30 21:08:11,821 : INFO : EventManager : Event: ======'balldevice_bd_plunger_ball_count_changed'====== Args={'balls': 0}
2025-09-30 21:08:11,821 : INFO : ball_device.bd_plunger : State: idle
2025-09-30 21:08:11,939 : INFO : SwitchController : <<<<<<< 's_right_lower_pop' inactive >>>>>>>
2025-09-30 21:08:12,754 : INFO : SwitchController : <<<<<<< 's_three_bank_bottom' active >>>>>>>
2025-09-30 21:08:12,754 : INFO : EventManager : Event: ======'s_three_bank_bottom_active'====== Args={}
2025-09-30 21:08:12,754 : INFO : EventManager : Event: ======'drop_target_bottom_down'====== Args={'device': <drop_target.bottom>}
2025-09-30 21:08:12,754 : INFO : EventManager : Event: ======'drop_target_bank_three_bank_mixed'====== Args={'prev_value': <DropTargetBankState.UP: 'up'>, 'down': 1}
2025-09-30 21:08:12,755 : INFO : EventManager : Event: ======'machine_var_audits_switches_s_three_bank_bottom'====== Args={'value': 98, 'prev_value': 97, 'change': 1}
2025-09-30 21:08:12,756 : INFO : EventManager : Event: ======'player_score'====== Args={'value': 3330, 'prev_value': 1110, 'change': 2220, 'player_num': 1, 'source': 'base'}
2025-09-30 21:08:12,958 : INFO : EventManager : Event: ======'ball_save_default_hurry_up'====== Args={}
2025-09-30 21:08:13,586 : INFO : SwitchController : <<<<<<< 's_three_bank_middle' active >>>>>>>
2025-09-30 21:08:13,586 : INFO : EventManager : Event: ======'s_three_bank_middle_active'====== Args={}
2025-09-30 21:08:13,587 : INFO : EventManager : Event: ======'drop_target_middle_down'====== Args={'device': <drop_target.middle>}
2025-09-30 21:08:13,588 : INFO : EventManager : Event: ======'drop_target_bank_three_bank_mixed'====== Args={'prev_value': <DropTargetBankState.MIXED: 'mixed'>, 'down': 2}
2025-09-30 21:08:13,588 : INFO : EventManager : Event: ======'machine_var_audits_switches_s_three_bank_middle'====== Args={'value': 94, 'prev_value': 93, 'change': 1}
2025-09-30 21:08:13,590 : INFO : EventManager : Event: ======'player_score'====== Args={'value': 5550, 'prev_value': 3330, 'change': 2220, 'player_num': 1, 'source': 'base'}
2025-09-30 21:08:14,903 : INFO : SwitchController : <<<<<<< 's_three_bank_top' active >>>>>>>
2025-09-30 21:08:14,904 : INFO : EventManager : Event: ======'s_three_bank_top_active'====== Args={}
2025-09-30 21:08:14,904 : INFO : EventManager : Event: ======'drop_target_top_down'====== Args={'device': <drop_target.top>}
2025-09-30 21:08:14,904 : INFO : EventManager : Event: ======'drop_target_bank_three_bank_down'====== Args={}
2025-09-30 21:08:14,904 : INFO : EventManager : Event: ======'machine_var_audits_switches_s_three_bank_top'====== Args={'value': 88, 'prev_value': 87, 'change': 1}
2025-09-30 21:08:14,905 : INFO : EventManager : Event: ======'player_score'====== Args={'value': 7770, 'prev_value': 5550, 'change': 2220, 'player_num': 1, 'source': 'base'}
2025-09-30 21:08:14,986 : INFO : EventManager : Event: ======'ball_save_default_grace_period'====== Args={}
2025-09-30 21:08:15,392 : INFO : drop_target_bank.three_bank : 3 targets are down. Will reset those.
2025-09-30 21:08:15,392 : INFO : coil.c_three_bank : Pulsing Driver for 23ms (1.0 pulse_power)
2025-09-30 21:08:15,454 : INFO : SwitchController : <<<<<<< 's_three_bank_bottom' inactive (muted) >>>>>>>
2025-09-30 21:08:15,455 : INFO : SwitchController : <<<<<<< 's_three_bank_middle' inactive (muted) >>>>>>>
2025-09-30 21:08:15,455 : INFO : SwitchController : <<<<<<< 's_three_bank_top' inactive (muted) >>>>>>>
2025-09-30 21:08:15,902 : INFO : EventManager : Event: ======'drop_target_bottom_up'====== Args={'device': <drop_target.bottom>}
2025-09-30 21:08:15,903 : INFO : EventManager : Event: ======'drop_target_middle_up'====== Args={'device': <drop_target.middle>}
2025-09-30 21:08:15,903 : INFO : EventManager : Event: ======'drop_target_top_up'====== Args={'device': <drop_target.top>}
2025-09-30 21:08:15,904 : INFO : EventManager : Event: ======'drop_target_bank_three_bank_up'====== Args={}
2025-09-30 21:08:16,969 : INFO : EventManager : Event: ======'ball_save_default_disabled'====== Args={}
2025-09-30 21:08:18,200 : INFO : SwitchController : <<<<<<< 's_scoop' active >>>>>>>
2025-09-30 21:08:18,200 : INFO : EventManager : Event: ======'s_scoop_active'====== Args={}
2025-09-30 21:08:18,200 : INFO : EventManager : Event: ======'machine_var_audits_switches_s_scoop'====== Args={'value': 126, 'prev_value': 125, 'change': 1}
2025-09-30 21:08:18,201 : INFO : EventManager : Event: ======'scoop_hit'====== Args={'elapsed': 0}
2025-09-30 21:08:18,202 : INFO : EventManager : Event: ======'carousel_intergalactic_selected'====== Args={}
2025-09-30 21:08:18,202 : INFO : EventManager : Event: ======'carousel_item_selected'====== Args={}
2025-09-30 21:08:18,202 : INFO : EventManager : Event: ======'player_score'====== Args={'value': 10080, 'prev_value': 7770, 'change': 2310, 'player_num': 1, 'source': 'base'}
2025-09-30 21:08:18,202 : INFO : EventManager : Event: ======'mode_intergalactic_will_start'====== Args={}
2025-09-30 21:08:18,204 : INFO : EventManager : Event: ======'mode_intergalactic_starting'====== Args={}
2025-09-30 21:08:18,204 : INFO : EventManager : Event: ======'player_selected_mode'====== Args={'value': 'Intergalactic', 'prev_value': 0, 'change': True, 'player_num': 1, 'source': 'carousel'}
2025-09-30 21:08:18,205 : INFO : EventManager : Event: ======'mode_carousel_will_stop'====== Args={}
2025-09-30 21:08:18,205 : INFO : EventManager : Event: ======'mode_carousel_stopping'====== Args={}
2025-09-30 21:08:18,205 : INFO : Mode.carousel : Stopped.
2025-09-30 21:08:18,205 : INFO : EventManager : Event: ======'modes_active_modes_changed'====== Args={}
2025-09-30 21:08:18,205 : INFO : EventManager : Event: ======'mode_carousel_stopped'====== Args={}
2025-09-30 21:08:18,205 : INFO : EventManager : Event: ======'clear'====== Args={'key': 'carousel'}
2025-09-30 21:08:18,230 : INFO : EventManager : Event: ======'logicblock_intergalactic_shot_1_updated'====== Args={'value': 0, 'enabled': True}
2025-09-30 21:08:18,230 : INFO : EventManager : Event: ======'logicblock_intergalactic_shot_1_updated'====== Args={'value': 0, 'enabled': True}
2025-09-30 21:08:18,230 : INFO : EventManager : Event: ======'logicblock_intergalactic_shot_2_updated'====== Args={'value': 0, 'enabled': False}
2025-09-30 21:08:18,230 : INFO : EventManager : Event: ======'logicblock_intergalactic_shot_3_updated'====== Args={'value': 0, 'enabled': False}
2025-09-30 21:08:18,230 : INFO : EventManager : Event: ======'logicblock_intergalactic_shot_4_updated'====== Args={'value': 0, 'enabled': False}
2025-09-30 21:08:18,230 : INFO : EventManager : Event: ======'logicblock_intergalactic_shot_5_updated'====== Args={'value': 0, 'enabled': False}
2025-09-30 21:08:18,231 : INFO : Mode.intergalactic : Started. Priority: 1000
2025-09-30 21:08:18,231 : INFO : EventManager : Event: ======'modes_active_modes_changed'====== Args={}
2025-09-30 21:08:18,231 : INFO : EventManager : Event: ======'mode_intergalactic_started'====== Args={}
2025-09-30 21:08:18,232 : INFO : EventManager : Event: ======'slide_current_mode_highlighted_removed'====== Args={'_from_bcp': True}
2025-09-30 21:08:18,251 : INFO : EventManager : Event: ======'slide_base_removed'====== Args={'_from_bcp': True}
2025-09-30 21:08:18,266 : INFO : EventManager : Event: ======'slide_intergalactic_created'====== Args={'_from_bcp': True}
2025-09-30 21:08:18,721 : INFO : EventManager : Event: ======'balldevice_bd_scoop_ball_count_changed'====== Args={'balls': 1}
2025-09-30 21:08:18,722 : INFO : ball_device.bd_scoop : Received unexpected ball
2025-09-30 21:08:18,722 : INFO : EventManager : Event: ======'balldevice_captured_from_playfield'====== Args={'balls': 1}
2025-09-30 21:08:18,722 : INFO : EventManager : Event: ======'sw_playfield_active'====== Args={'balls': 1}
2025-09-30 21:08:18,722 : INFO : EventManager : Event: ======'playfield_ball_count_change'====== Args={'balls': 0, 'change': -1}
2025-09-30 21:08:18,723 : INFO : EventManager : Event: ======'balldevice_bd_scoop_ball_enter'====== Args={'new_balls': 1, 'unclaimed_balls': 1, 'new_available_balls': 1, 'device': <ball_device.bd_scoop>}
2025-09-30 21:08:18,724 : INFO : ball_device.bd_scoop : Ejecting 1 unexpected balls using path deque([<ball_device.bd_scoop>, <playfield.playfield>])
2025-09-30 21:08:18,724 : INFO : EventManager : Event: ======'balldevice_balls_available'====== Args={}
2025-09-30 21:08:18,725 : INFO : EventManager : Event: ======'balldevice_balls_available'====== Args={}
2025-09-30 21:08:18,725 : INFO : EventManager : Event: ======'balldevice_bd_scoop_ball_entered'====== Args={'new_balls': 1, 'device': <ball_device.bd_scoop>}
2025-09-30 21:08:18,725 : INFO : ball_device.bd_scoop : State: waiting_for_target_ready
2025-09-30 21:08:18,727 : INFO : EventManager : Event: ======'balldevice_bd_scoop_ball_eject_attempt'====== Args={'balls': 1, 'target': <playfield.playfield>, 'source': <ball_device.bd_scoop>, 'mechanical_eject': False, 'num_attempts': 0}
2025-09-30 21:08:18,728 : INFO : ball_device.bd_scoop : State: ejecting
2025-09-30 21:08:18,729 : INFO : ball_device.bd_scoop : Ejecting ball to <playfield.playfield>
2025-09-30 21:08:18,729 : INFO : EventManager : Event: ======'balldevice_bd_scoop_ejecting_ball'====== Args={'balls': 1, 'target': <playfield.playfield>, 'source': <ball_device.bd_scoop>, 'mechanical_eject': False, 'num_attempts': 0}
2025-09-30 21:08:18,731 : INFO : ball_device.bd_scoop : Wait for ball to leave device
2025-09-30 21:08:18,731 : INFO : coil.c_scoop_eject : Pulsing Driver for 25ms (1.0 pulse_power)
2025-09-30 21:08:18,732 : INFO : SwitchController : <<<<<<< 's_scoop' inactive >>>>>>>
2025-09-30 21:08:18,735 : INFO : ball_device.bd_scoop : State: ball_left
2025-09-30 21:08:18,737 : INFO : ball_device.bd_scoop : Ball left
2025-09-30 21:08:18,737 : INFO : ball_device.bd_scoop : Wait for confirm with timeout 3.0
2025-09-30 21:08:21,707 : INFO : ball_device.bd_scoop : State: failed_confirm
2025-09-30 21:08:21,708 : INFO : ball_device.bd_scoop : Got timeout (3.0s) before confirm from <playfield.playfield>
2025-09-30 21:08:21,831 : INFO : ball_device.bd_scoop : Confirming eject because target is playfield and ball did not return.
2025-09-30 21:08:21,831 : INFO : ball_device.bd_scoop : Eject successful
2025-09-30 21:08:21,831 : INFO : EventManager : Event: ======'balldevice_bd_scoop_ball_eject_success'====== Args={'balls': 1, 'target': <playfield.playfield>}
2025-09-30 21:08:21,832 : INFO : EventManager : Event: ======'balldevice_playfield_ball_enter'====== Args={'new_balls': 1, 'unclaimed_balls': 1, 'device': <playfield.playfield>}
2025-09-30 21:08:21,832 : INFO : EventManager : Event: ======'playfield_ball_count_change'====== Args={'balls': 1, 'change': 1}
2025-09-30 21:08:21,833 : INFO : EventManager : Event: ======'balldevice_bd_scoop_ball_count_changed'====== Args={'balls': 0}
2025-09-30 21:08:21,833 : INFO : ball_device.bd_scoop : State: idle
2025-09-30 21:08:22,161 : INFO : Machine : Shutting down...
2025-09-30 21:08:22,162 : INFO : EventManager : Event: ======'shutdown'====== Args={}
2025-09-30 21:08:22,163 : INFO : EventManager : Event: ======'mode_game_will_stop'====== Args={}
2025-09-30 21:08:22,164 : INFO : EventManager : Event: ======'mode_game_stopping'====== Args={}
2025-09-30 21:08:22,165 : INFO : EventManager : Event: ======'mode_intergalactic_will_stop'====== Args={}
2025-09-30 21:08:22,165 : INFO : EventManager : Event: ======'mode_intergalactic_stopping'====== Args={}
2025-09-30 21:08:22,165 : INFO : EventManager : Event: ======'mode_base_will_stop'====== Args={}
2025-09-30 21:08:22,165 : INFO : EventManager : Event: ======'mode_base_stopping'====== Args={}
2025-09-30 21:08:22,165 : INFO : Mode.base : Stopped.
2025-09-30 21:08:22,165 : INFO : EventManager : Event: ======'modes_active_modes_changed'====== Args={}
2025-09-30 21:08:22,166 : INFO : EventManager : Event: ======'mode_base_stopped'====== Args={}
2025-09-30 21:08:22,166 : INFO : EventManager : Event: ======'clear'====== Args={'key': 'base'}
2025-09-30 21:08:22,166 : INFO : Mode.intergalactic : Stopped.
2025-09-30 21:08:22,166 : INFO : EventManager : Event: ======'modes_active_modes_changed'====== Args={}
2025-09-30 21:08:22,166 : INFO : EventManager : Event: ======'mode_intergalactic_stopped'====== Args={}
2025-09-30 21:08:22,166 : INFO : EventManager : Event: ======'clear'====== Args={'key': 'intergalactic'}
2025-09-30 21:08:22,167 : INFO : Mode.game : Stopped.
2025-09-30 21:08:22,167 : INFO : EventManager : Event: ======'modes_active_modes_changed'====== Args={}
2025-09-30 21:08:22,167 : INFO : EventManager : Event: ======'mode_game_stopped'====== Args={}
2025-09-30 21:08:22,167 : INFO : EventManager : Event: ======'clear'====== Args={'key': 'game'}
2025-09-30 21:08:22,194 : INFO : root : MPF run loop ended.
