2025-09-25 17:09:49,522 : INFO : root : Loading config.
2025-09-25 17:09:49,535 : INFO : YamlMultifileConfigLoader : Machine config file #1: config.yaml
2025-09-25 17:09:49,536 : WARNING : ConfigProcessor : Config file in cache changed: C:\venv\mpf\mmmdrop\config\config.yaml
2025-09-25 17:09:49,537 : INFO : ConfigProcessor : Loading config from file c:\venv\mpf\lib\site-packages\mpf\mpfconfig.yaml.
2025-09-25 17:09:49,558 : INFO : ConfigProcessor : Loading config: c:\venv\mpf\lib\site-packages\mpf\mpfconfig.yaml
2025-09-25 17:09:49,559 : INFO : ConfigProcessor : Loading config from file C:\venv\mpf\mmmdrop\config\config.yaml.
2025-09-25 17:09:49,575 : INFO : ConfigProcessor : Loading config: C:\venv\mpf\mmmdrop\config\config.yaml
2025-09-25 17:09:49,602 : INFO : ConfigProcessor : Loading config: C:\venv\mpf\mmmdrop\config\coils.yaml
2025-09-25 17:09:49,627 : INFO : ConfigProcessor : Loading config: C:\venv\mpf\mmmdrop\config\switches.yaml
2025-09-25 17:09:49,630 : INFO : ConfigProcessor : Config file cache created: C:\Users\sdona\AppData\Local\Temp\19f6d0d7953982fda9d956182316b8e5.mpf_cache
2025-09-25 17:09:49,842 : INFO : ConfigProcessor : Loading config from cache: C:\Users\sdona\AppData\Local\Temp\835b5bfea4be8b279a05e96caaaffbbb.mpf_cache
2025-09-25 17:09:49,857 : INFO : ConfigProcessor : Loading config from cache: C:\Users\sdona\AppData\Local\Temp\9b0a7575388f9d9bd2f6ab87bf9fd2f7.mpf_cache
2025-09-25 17:09:49,874 : INFO : ConfigProcessor : Loading config from cache: C:\Users\sdona\AppData\Local\Temp\c340ec0033d1055cd797ffd5447ef414.mpf_cache
2025-09-25 17:09:49,895 : INFO : ConfigProcessor : Loading config from cache: C:\Users\sdona\AppData\Local\Temp\835b5bfea4be8b279a05e96caaaffbbb.mpf_cache
2025-09-25 17:09:49,897 : INFO : Machine : Mission Pinball Framework Core Engine v0.80.0.dev9
2025-09-25 17:09:49,897 : INFO : Machine : Command line arguments: {'no_load_cache': False, 'create_config_cache': True, 'bcp': True, 'configfile': ['config.yaml'], 'force_assets_load': False, 'platform_integration_test': False, 'jsonlogging': False, 'logfile': 'logs\\2025-09-25-17-09-49-mpf-PinballLaptop.log', 'pause': False, 'production': False, 'text_ui': True, 'loglevel': 15, 'consoleloglevel': 20, 'force_platform': 'smart_virtual', 'syslog_address': None, 'full_logfile_path': 'C:\\venv\\mpf\\mmmdrop\\logs\\2025-09-25-17-09-49-mpf-PinballLaptop.log'}
2025-09-25 17:09:49,897 : INFO : Machine : MPF path: c:\venv\mpf\lib\site-packages\mpf
2025-09-25 17:09:49,897 : INFO : Machine : Machine path: C:\venv\mpf\mmmdrop
2025-09-25 17:09:49,897 : INFO : Machine : Platform: win32
2025-09-25 17:09:49,897 : INFO : Machine : Python executable location: c:\venv\mpf\Scripts\python.exe
2025-09-25 17:09:49,897 : INFO : Machine : Python version: 3.9.13 (64-bit)
2025-09-25 17:09:49,900 : INFO : Machine : Initializing MPF...
2025-09-25 17:09:50,619 : INFO : EventManager : Event: ======'machine_var_credits_string'====== Args={'value': 'FREE PLAY', 'prev_value': None, 'change': True}
2025-09-25 17:09:50,680 : INFO : EventManager : Event: ======'machine_var_fast_audio_headphones_volume'====== Args={'value': 10, 'prev_value': None, 'change': True}
2025-09-25 17:09:50,681 : INFO : EventManager : Event: ======'machine_var_fast_audio_main_volume'====== Args={'value': 44, 'prev_value': None, 'change': True}
2025-09-25 17:09:50,681 : INFO : EventManager : Event: ======'machine_var_master_volume'====== Args={'value': 0.15, 'prev_value': None, 'change': True}
2025-09-25 17:09:50,681 : INFO : EventManager : Event: ======'machine_var_player1_score'====== Args={'value': 140190, 'prev_value': None, 'change': True}
2025-09-25 17:09:50,681 : INFO : EventManager : Event: ======'machine_var_mpf_version'====== Args={'value': 'Mission Pinball Framework v0.80.0.dev9', 'prev_value': None, 'change': True}
2025-09-25 17:09:50,681 : INFO : EventManager : Event: ======'machine_var_mpf_extended_version'====== Args={'value': 'Mission Pinball Framework v0.80.0.dev9, Config version:6, Show version: 6, BCP version:1.1', 'prev_value': None, 'change': True}
2025-09-25 17:09:50,681 : INFO : EventManager : Event: ======'machine_var_python_version'====== Args={'value': '3.9.13', 'prev_value': None, 'change': True}
2025-09-25 17:09:50,715 : INFO : EventManager : Event: ======'machine_var_platform'====== Args={'value': 'Windows-10-10.0.26100-SP0', 'prev_value': None, 'change': True}
2025-09-25 17:09:50,715 : INFO : EventManager : Event: ======'machine_var_platform_system'====== Args={'value': 'Windows', 'prev_value': None, 'change': True}
2025-09-25 17:09:50,715 : INFO : EventManager : Event: ======'machine_var_platform_release'====== Args={'value': '10', 'prev_value': None, 'change': True}
2025-09-25 17:09:50,715 : INFO : EventManager : Event: ======'machine_var_platform_version'====== Args={'value': '10.0.26100', 'prev_value': None, 'change': True}
2025-09-25 17:09:50,715 : INFO : EventManager : Event: ======'machine_var_platform_machine'====== Args={'value': 'AMD64', 'prev_value': None, 'change': True}
2025-09-25 17:09:50,715 : INFO : EventManager : Event: ======'machine_var_log_file_path'====== Args={'value': 'C:\\venv\\mpf\\mmmdrop\\logs\\2025-09-25-17-09-49-mpf-PinballLaptop.log', 'prev_value': None, 'change': True}
2025-09-25 17:09:50,715 : INFO : EventManager : Event: ======'init_phase_1'====== Args={}
2025-09-25 17:09:50,751 : INFO : EventManager : Event: ======'drop_target_bank_three_bank_up'====== Args={}
2025-09-25 17:09:50,752 : INFO : EventManager : Event: ======'init_phase_2'====== Args={}
2025-09-25 17:09:50,752 : INFO : SwitchController : Found active switch: ('3208-0', <Platform.SmartVirtual>) <switch.s_trough1>
2025-09-25 17:09:50,752 : INFO : SwitchController : Found active switch: ('3208-1', <Platform.SmartVirtual>) <switch.s_trough2>
2025-09-25 17:09:50,752 : INFO : SwitchController : Found active switch: ('3208-2', <Platform.SmartVirtual>) <switch.s_trough3>
2025-09-25 17:09:50,752 : INFO : SwitchController : Found active switch: ('3208-3', <Platform.SmartVirtual>) <switch.s_trough4>
2025-09-25 17:09:50,752 : INFO : SwitchController : Found active switch: ('3208-4', <Platform.SmartVirtual>) <switch.s_trough5>
2025-09-25 17:09:50,752 : INFO : SwitchController : Found active switch: ('3208-5', <Platform.SmartVirtual>) <switch.s_trough6>
2025-09-25 17:09:50,756 : INFO : EventManager : Event: ======'bcp_connection_attempt'====== Args={'name': 'local_display', 'host': 'localhost', 'port': 5050}
2025-09-25 17:09:50,758 : INFO : BCPClientSocket : Connecting BCP to 'local_display' at localhost:5050...
2025-09-25 17:10:25,517 : INFO : BCPClientSocket : Connected BCP to 'local_display' localhost:5050
2025-09-25 17:10:25,517 : INFO : EventManager : Event: ======'bcp_clients_connected'====== Args={}
2025-09-25 17:10:25,517 : ERROR : asyncio : Exception in callback EventManager.process_event_queue()
handle: <Handle EventManager.process_event_queue()>
Traceback (most recent call last):
  File "c:\venv\mpf\lib\site-packages\mpf\core\events.py", line 755, in _run_handlers
    result = handler.callback(**merged_kwargs)
  File "c:\venv\mpf\lib\site-packages\mpf\core\text_ui.py", line 466, in _bcp_connected
    self.scene.remove_effect(self._pending_bcp_connection)
  File "c:\venv\mpf\lib\site-packages\asciimatics\scene.py", line 85, in remove_effect
    self._effects.remove(effect)
ValueError: list.remove(x): x not in list

The above exception was the direct cause of the following exception:

Traceback (most recent call last):
  File "C:\Program Files\Python39\lib\asyncio\events.py", line 80, in _run
    self._context.run(self._callback, *self._args)
  File "c:\venv\mpf\lib\site-packages\mpf\core\events.py", line 846, in process_event_queue
    self._process_event(event=event[0],
  File "c:\venv\mpf\lib\site-packages\mpf\core\events.py", line 808, in _process_event
    result = self._run_handlers(event, ev_type, kwargs)
  File "c:\venv\mpf\lib\site-packages\mpf\core\events.py", line 757, in _run_handlers
    raise EventHandlerException(
mpf.core.events.EventHandlerException: Exception while processing RegisteredHandler(callback=<bound method TextUi._bcp_connected of <mpf.core.text_ui.TextUi object at 0x00000223D36A53D0>>, priority=1, kwargs={}, key=UUID('fc21c084-9764-4462-8bad-2c50d53e181e'), condition=None, blocking_facility=None) for event bcp_clients_connected. list.remove(x): x not in list
2025-09-25 17:10:25,601 : INFO : ball_device.bd_trough : BCH: Initial count: 6
2025-09-25 17:10:25,601 : INFO : ball_device.bd_trough : State: idle
2025-09-25 17:10:25,601 : INFO : Machine : Starting the main run loop with active modes: []
2025-09-25 17:10:25,601 : WARNING : Machine : Attract mode is not active, game will not be playable. Please check your attract mode configuration.
2025-09-25 17:10:25,602 : INFO : Machine : Shutting down...
2025-09-25 17:10:25,602 : INFO : EventManager : Event: ======'shutdown'====== Args={}
2025-09-25 17:10:25,605 : INFO : ball_device.bd_plunger : BCH: Initial count: 0
2025-09-25 17:10:25,605 : INFO : ball_device.bd_plunger : State: idle
2025-09-25 17:10:25,606 : INFO : ball_device.bd_scoop : BCH: Initial count: 0
2025-09-25 17:10:25,607 : INFO : ball_device.bd_scoop : State: idle
2025-09-25 17:10:25,645 : INFO : EventManager : Event: ======'init_phase_3'====== Args={}
2025-09-25 17:10:25,649 : INFO : EventManager : Event: ======'init_phase_4'====== Args={}
2025-09-25 17:10:25,651 : ERROR : asyncio : Exception in callback Util.raise_exceptions(<Task finishe...unt_stable'")>) at c:\venv\mpf\lib\site-packages\mpf\core\utility_functions.py:789
handle: <Handle Util.raise_exceptions(<Task finishe...unt_stable'")>) at c:\venv\mpf\lib\site-packages\mpf\core\utility_functions.py:789>
Traceback (most recent call last):
  File "C:\Program Files\Python39\lib\asyncio\events.py", line 80, in _run
    self._context.run(self._callback, *self._args)
  File "c:\venv\mpf\lib\site-packages\mpf\core\utility_functions.py", line 797, in raise_exceptions
    future.result()
  File "c:\venv\mpf\lib\site-packages\mpf\core\ball_controller.py", line 90, in _add_new_balls_to_playfield
    self.num_balls_known = await self._count_all_balls_in_devices()
  File "c:\venv\mpf\lib\site-packages\mpf\core\ball_controller.py", line 129, in _count_all_balls_in_devices
    futures.append(asyncio.ensure_future(device.ball_count_handler.counter.wait_for_count_stable()))
AttributeError: 'NoneType' object has no attribute 'wait_for_count_stable'
2025-09-25 17:10:25,701 : INFO : EventManager : Event: ======'machine_var_audits_events_game_ended'====== Args={'value': 36, 'prev_value': None, 'change': True}
2025-09-25 17:10:25,702 : INFO : EventManager : Event: ======'machine_var_audits_events_game_started'====== Args={'value': 114, 'prev_value': None, 'change': True}
2025-09-25 17:10:25,702 : INFO : EventManager : Event: ======'machine_var_audits_missing_switches_s_captive_ball'====== Args={'value': 40, 'prev_value': None, 'change': True}
2025-09-25 17:10:25,703 : INFO : EventManager : Event: ======'machine_var_audits_missing_switches_s_center_upper_pop'====== Args={'value': 40, 'prev_value': None, 'change': True}
2025-09-25 17:10:25,703 : INFO : EventManager : Event: ======'machine_var_audits_missing_switches_s_inner_orbit'====== Args={'value': 40, 'prev_value': None, 'change': True}
2025-09-25 17:10:25,704 : INFO : EventManager : Event: ======'machine_var_audits_missing_switches_s_left_flipper'====== Args={'value': 40, 'prev_value': None, 'change': True}
2025-09-25 17:10:25,705 : INFO : EventManager : Event: ======'machine_var_audits_missing_switches_s_left_inlane'====== Args={'value': 40, 'prev_value': None, 'change': True}
2025-09-25 17:10:25,705 : INFO : EventManager : Event: ======'machine_var_audits_missing_switches_s_left_orbit'====== Args={'value': 40, 'prev_value': None, 'change': True}
2025-09-25 17:10:25,706 : INFO : EventManager : Event: ======'machine_var_audits_missing_switches_s_left_outlane'====== Args={'value': 40, 'prev_value': None, 'change': True}
2025-09-25 17:10:25,706 : INFO : EventManager : Event: ======'machine_var_audits_missing_switches_s_left_ramp'====== Args={'value': 40, 'prev_value': None, 'change': True}
2025-09-25 17:10:25,707 : INFO : EventManager : Event: ======'machine_var_audits_missing_switches_s_left_slingshot'====== Args={'value': 40, 'prev_value': None, 'change': True}
2025-09-25 17:10:25,707 : INFO : EventManager : Event: ======'machine_var_audits_missing_switches_s_left_upper_pop'====== Args={'value': 40, 'prev_value': None, 'change': True}
2025-09-25 17:10:25,708 : INFO : EventManager : Event: ======'machine_var_audits_missing_switches_s_pop_standup'====== Args={'value': 40, 'prev_value': None, 'change': True}
2025-09-25 17:10:25,708 : INFO : EventManager : Event: ======'machine_var_audits_missing_switches_s_right_flipper'====== Args={'value': 40, 'prev_value': None, 'change': True}
2025-09-25 17:10:25,709 : INFO : EventManager : Event: ======'machine_var_audits_missing_switches_s_right_inlane'====== Args={'value': 40, 'prev_value': None, 'change': True}
2025-09-25 17:10:25,709 : INFO : EventManager : Event: ======'machine_var_audits_missing_switches_s_right_orbit'====== Args={'value': 40, 'prev_value': None, 'change': True}
2025-09-25 17:10:25,710 : INFO : EventManager : Event: ======'machine_var_audits_missing_switches_s_right_outlane'====== Args={'value': 40, 'prev_value': None, 'change': True}
2025-09-25 17:10:25,711 : INFO : EventManager : Event: ======'machine_var_audits_missing_switches_s_right_ramp'====== Args={'value': 40, 'prev_value': None, 'change': True}
2025-09-25 17:10:25,711 : INFO : EventManager : Event: ======'machine_var_audits_missing_switches_s_right_slingshot'====== Args={'value': 40, 'prev_value': None, 'change': True}
2025-09-25 17:10:25,712 : INFO : EventManager : Event: ======'machine_var_audits_missing_switches_s_scoop'====== Args={'value': 8, 'prev_value': None, 'change': True}
2025-09-25 17:10:25,712 : INFO : EventManager : Event: ======'machine_var_audits_missing_switches_s_spinner'====== Args={'value': 40, 'prev_value': None, 'change': True}
2025-09-25 17:10:25,713 : INFO : EventManager : Event: ======'machine_var_audits_missing_switches_s_start'====== Args={'value': 8, 'prev_value': None, 'change': True}
2025-09-25 17:10:25,714 : INFO : EventManager : Event: ======'machine_var_audits_missing_switches_s_three_bank_bottom'====== Args={'value': 1, 'prev_value': None, 'change': True}
2025-09-25 17:10:25,714 : INFO : EventManager : Event: ======'machine_var_audits_missing_switches_s_three_bank_middle'====== Args={'value': 1, 'prev_value': None, 'change': True}
2025-09-25 17:10:25,715 : INFO : EventManager : Event: ======'machine_var_audits_missing_switches_s_three_bank_standup'====== Args={'value': 5, 'prev_value': None, 'change': True}
2025-09-25 17:10:25,715 : INFO : EventManager : Event: ======'machine_var_audits_missing_switches_s_three_bank_top'====== Args={'value': 1, 'prev_value': None, 'change': True}
2025-09-25 17:10:25,717 : INFO : EventManager : Event: ======'machine_var_audits_missing_switches_s_tilt_bob'====== Args={'value': 48, 'prev_value': None, 'change': True}
2025-09-25 17:10:25,718 : INFO : EventManager : Event: ======'machine_var_audits_missing_switches_s_top_right_flipper'====== Args={'value': 40, 'prev_value': None, 'change': True}
2025-09-25 17:10:25,719 : INFO : EventManager : Event: ======'machine_var_audits_missing_switches_s_trough2'====== Args={'value': 39, 'prev_value': None, 'change': True}
2025-09-25 17:10:25,719 : INFO : EventManager : Event: ======'machine_var_audits_missing_switches_s_trough3'====== Args={'value': 39, 'prev_value': None, 'change': True}
2025-09-25 17:10:25,720 : INFO : EventManager : Event: ======'machine_var_audits_missing_switches_s_trough4'====== Args={'value': 39, 'prev_value': None, 'change': True}
2025-09-25 17:10:25,721 : INFO : EventManager : Event: ======'machine_var_audits_missing_switches_s_trough5'====== Args={'value': 39, 'prev_value': None, 'change': True}
2025-09-25 17:10:25,721 : INFO : EventManager : Event: ======'machine_var_audits_missing_switches_s_trough6'====== Args={'value': 40, 'prev_value': None, 'change': True}
2025-09-25 17:10:25,722 : INFO : EventManager : Event: ======'machine_var_audits_missing_switches_s_trough_jam'====== Args={'value': 40, 'prev_value': None, 'change': True}
2025-09-25 17:10:25,725 : INFO : EventManager : Event: ======'machine_var_audits_missing_switches_s_tshirt_bottom_standup'====== Args={'value': 40, 'prev_value': None, 'change': True}
2025-09-25 17:10:25,726 : INFO : EventManager : Event: ======'machine_var_audits_missing_switches_s_tshirt_top_standup'====== Args={'value': 40, 'prev_value': None, 'change': True}
2025-09-25 17:10:25,727 : INFO : EventManager : Event: ======'machine_var_audits_missing_switches_s_upper_pop_standup'====== Args={'value': 40, 'prev_value': None, 'change': True}
2025-09-25 17:10:25,727 : INFO : EventManager : Event: ======'machine_var_audits_player_score'====== Args={'value': {'average': 16766, 'top': [140190, 55679, 54526, 46225, 25350, 24166, 23278, 22740, 20422, 20201], 'total': 37}, 'prev_value': None, 'change': True}
2025-09-25 17:10:25,728 : INFO : EventManager : Event: ======'machine_var_audits_shots_skill_captive'====== Args={'value': 16, 'prev_value': None, 'change': True}
2025-09-25 17:10:25,729 : INFO : EventManager : Event: ======'machine_var_audits_switches_s_captive_ball'====== Args={'value': 158, 'prev_value': None, 'change': True}
2025-09-25 17:10:25,729 : INFO : EventManager : Event: ======'machine_var_audits_switches_s_center_upper_pop'====== Args={'value': 182, 'prev_value': None, 'change': True}
2025-09-25 17:10:25,730 : INFO : EventManager : Event: ======'machine_var_audits_switches_s_inner_orbit'====== Args={'value': 0, 'prev_value': None, 'change': True}
2025-09-25 17:10:25,730 : INFO : EventManager : Event: ======'machine_var_audits_switches_s_left_flipper'====== Args={'value': 1240, 'prev_value': None, 'change': True}
2025-09-25 17:10:25,730 : INFO : EventManager : Event: ======'machine_var_audits_switches_s_left_inlane'====== Args={'value': 107, 'prev_value': None, 'change': True}
2025-09-25 17:10:25,731 : INFO : EventManager : Event: ======'machine_var_audits_switches_s_left_orbit'====== Args={'value': 0, 'prev_value': None, 'change': True}
2025-09-25 17:10:25,731 : INFO : EventManager : Event: ======'machine_var_audits_switches_s_left_outlane'====== Args={'value': 53, 'prev_value': None, 'change': True}
2025-09-25 17:10:25,732 : INFO : EventManager : Event: ======'machine_var_audits_switches_s_left_ramp'====== Args={'value': 0, 'prev_value': None, 'change': True}
2025-09-25 17:10:25,732 : INFO : EventManager : Event: ======'machine_var_audits_switches_s_left_slingshot'====== Args={'value': 259, 'prev_value': None, 'change': True}
2025-09-25 17:10:25,732 : INFO : EventManager : Event: ======'machine_var_audits_switches_s_left_upper_pop'====== Args={'value': 139, 'prev_value': None, 'change': True}
2025-09-25 17:10:25,733 : INFO : EventManager : Event: ======'machine_var_audits_switches_s_plunger'====== Args={'value': 508, 'prev_value': None, 'change': True}
2025-09-25 17:10:25,733 : INFO : EventManager : Event: ======'machine_var_audits_switches_s_pop_standup'====== Args={'value': 48, 'prev_value': None, 'change': True}
2025-09-25 17:10:25,733 : INFO : EventManager : Event: ======'machine_var_audits_switches_s_right_flipper'====== Args={'value': 1509, 'prev_value': None, 'change': True}
2025-09-25 17:10:25,734 : INFO : EventManager : Event: ======'machine_var_audits_switches_s_right_inlane'====== Args={'value': 104, 'prev_value': None, 'change': True}
2025-09-25 17:10:25,735 : INFO : EventManager : Event: ======'machine_var_audits_switches_s_right_lower_pop'====== Args={'value': 304, 'prev_value': None, 'change': True}
2025-09-25 17:10:25,735 : INFO : EventManager : Event: ======'machine_var_audits_switches_s_right_orbit'====== Args={'value': 0, 'prev_value': None, 'change': True}
2025-09-25 17:10:25,735 : INFO : EventManager : Event: ======'machine_var_audits_switches_s_right_outlane'====== Args={'value': 51, 'prev_value': None, 'change': True}
2025-09-25 17:10:25,735 : INFO : EventManager : Event: ======'machine_var_audits_switches_s_right_ramp'====== Args={'value': 0, 'prev_value': None, 'change': True}
2025-09-25 17:10:25,735 : INFO : EventManager : Event: ======'machine_var_audits_switches_s_right_slingshot'====== Args={'value': 365, 'prev_value': None, 'change': True}
2025-09-25 17:10:25,737 : INFO : EventManager : Event: ======'machine_var_audits_switches_s_scoop'====== Args={'value': 91, 'prev_value': None, 'change': True}
2025-09-25 17:10:25,737 : INFO : EventManager : Event: ======'machine_var_audits_switches_s_spinner'====== Args={'value': 1364, 'prev_value': None, 'change': True}
2025-09-25 17:10:25,737 : INFO : EventManager : Event: ======'machine_var_audits_switches_s_start'====== Args={'value': 49, 'prev_value': None, 'change': True}
2025-09-25 17:10:25,738 : INFO : EventManager : Event: ======'machine_var_audits_switches_s_three_bank_bottom'====== Args={'value': 89, 'prev_value': None, 'change': True}
2025-09-25 17:10:25,738 : INFO : EventManager : Event: ======'machine_var_audits_switches_s_three_bank_middle'====== Args={'value': 86, 'prev_value': None, 'change': True}
2025-09-25 17:10:25,738 : INFO : EventManager : Event: ======'machine_var_audits_switches_s_three_bank_standup'====== Args={'value': 76, 'prev_value': None, 'change': True}
2025-09-25 17:10:25,738 : INFO : EventManager : Event: ======'machine_var_audits_switches_s_three_bank_top'====== Args={'value': 80, 'prev_value': None, 'change': True}
2025-09-25 17:10:25,739 : INFO : EventManager : Event: ======'machine_var_audits_switches_s_tilt_bob'====== Args={'value': 21, 'prev_value': None, 'change': True}
2025-09-25 17:10:25,739 : INFO : EventManager : Event: ======'machine_var_audits_switches_s_top_right_flipper'====== Args={'value': 1294, 'prev_value': None, 'change': True}
2025-09-25 17:10:25,739 : INFO : EventManager : Event: ======'machine_var_audits_switches_s_trough1'====== Args={'value': 239, 'prev_value': None, 'change': True}
2025-09-25 17:10:25,740 : INFO : EventManager : Event: ======'machine_var_audits_switches_s_trough2'====== Args={'value': 248, 'prev_value': None, 'change': True}
2025-09-25 17:10:25,740 : INFO : EventManager : Event: ======'machine_var_audits_switches_s_trough3'====== Args={'value': 178, 'prev_value': None, 'change': True}
2025-09-25 17:10:25,740 : INFO : EventManager : Event: ======'machine_var_audits_switches_s_trough4'====== Args={'value': 160, 'prev_value': None, 'change': True}
2025-09-25 17:10:25,742 : INFO : EventManager : Event: ======'machine_var_audits_switches_s_trough5'====== Args={'value': 160, 'prev_value': None, 'change': True}
2025-09-25 17:10:25,742 : INFO : EventManager : Event: ======'machine_var_audits_switches_s_trough6'====== Args={'value': 158, 'prev_value': None, 'change': True}
2025-09-25 17:10:25,742 : INFO : EventManager : Event: ======'machine_var_audits_switches_s_trough_jam'====== Args={'value': 206, 'prev_value': None, 'change': True}
2025-09-25 17:10:25,743 : INFO : EventManager : Event: ======'machine_var_audits_switches_s_tshirt_bottom_standup'====== Args={'value': 28, 'prev_value': None, 'change': True}
2025-09-25 17:10:25,743 : INFO : EventManager : Event: ======'machine_var_audits_switches_s_tshirt_top_standup'====== Args={'value': 33, 'prev_value': None, 'change': True}
2025-09-25 17:10:25,744 : INFO : EventManager : Event: ======'machine_var_audits_switches_s_upper_pop_standup'====== Args={'value': 158, 'prev_value': None, 'change': True}
2025-09-25 17:10:25,745 : INFO : EventManager : Event: ======'init_phase_5'====== Args={}
2025-09-25 17:10:25,747 : ERROR : asyncio : Task was destroyed but it is pending!
task: <Task pending name='Task-126' coro=<IocpProactor.accept.<locals>.accept_coro() running at C:\Program Files\Python39\lib\asyncio\windows_events.py:571> wait_for=<_OverlappedFuture cancelled>>
2025-09-25 17:10:25,748 : ERROR : Machine : Runtime Exception
Traceback (most recent call last):
  File "c:\venv\mpf\lib\site-packages\mpf\core\events.py", line 755, in _run_handlers
    result = handler.callback(**merged_kwargs)
  File "c:\venv\mpf\lib\site-packages\mpf\core\text_ui.py", line 466, in _bcp_connected
    self.scene.remove_effect(self._pending_bcp_connection)
  File "c:\venv\mpf\lib\site-packages\asciimatics\scene.py", line 85, in remove_effect
    self._effects.remove(effect)
ValueError: list.remove(x): x not in list

The above exception was the direct cause of the following exception:

Traceback (most recent call last):
  File "c:\venv\mpf\lib\site-packages\mpf\core\machine.py", line 808, in _run_loop
    raise self._exception['exception']
  File "C:\Program Files\Python39\lib\asyncio\events.py", line 80, in _run
    self._context.run(self._callback, *self._args)
  File "c:\venv\mpf\lib\site-packages\mpf\core\events.py", line 846, in process_event_queue
    self._process_event(event=event[0],
  File "c:\venv\mpf\lib\site-packages\mpf\core\events.py", line 808, in _process_event
    result = self._run_handlers(event, ev_type, kwargs)
  File "c:\venv\mpf\lib\site-packages\mpf\core\events.py", line 757, in _run_handlers
    raise EventHandlerException(
mpf.core.events.EventHandlerException: Exception while processing RegisteredHandler(callback=<bound method TextUi._bcp_connected of <mpf.core.text_ui.TextUi object at 0x00000223D36A53D0>>, priority=1, kwargs={}, key=UUID('fc21c084-9764-4462-8bad-2c50d53e181e'), condition=None, blocking_facility=None) for event bcp_clients_connected. list.remove(x): x not in list
