2025-10-09 23:00:10,533 : INFO : root : Loading config.
2025-10-09 23:00:10,537 : INFO : YamlMultifileConfigLoader : Machine config file #1: config.yaml
2025-10-09 23:00:10,537 : INFO : ConfigProcessor : Loading config from cache: C:\Users\sdona\AppData\Local\Temp\19f6d0d7953982fda9d956182316b8e5.mpf_cache
2025-10-09 23:00:10,642 : INFO : ConfigProcessor : Loading config from cache: C:\Users\sdona\AppData\Local\Temp\835b5bfea4be8b279a05e96caaaffbbb.mpf_cache
2025-10-09 23:00:10,644 : INFO : ConfigProcessor : Loading config from cache: C:\Users\sdona\AppData\Local\Temp\9b0a7575388f9d9bd2f6ab87bf9fd2f7.mpf_cache
2025-10-09 23:00:10,645 : WARNING : ConfigProcessor : Config file in cache changed: C:\venv\mpf\mmmdrop\modes\base\config\base.yaml
2025-10-09 23:00:10,645 : INFO : ConfigProcessor : Loading config from file C:\venv\mpf\mmmdrop\modes\base\config\base.yaml.
2025-10-09 23:00:10,653 : INFO : ConfigProcessor : Loading config: C:\venv\mpf\mmmdrop\modes\base\config\base.yaml
2025-10-09 23:00:10,654 : INFO : ConfigProcessor : Config file cache created: C:\Users\sdona\AppData\Local\Temp\c340ec0033d1055cd797ffd5447ef414.mpf_cache
2025-10-09 23:00:10,655 : INFO : ConfigProcessor : Loading config from cache: C:\Users\sdona\AppData\Local\Temp\835b5bfea4be8b279a05e96caaaffbbb.mpf_cache
2025-10-09 23:00:10,656 : INFO : ConfigProcessor : Loading config from cache: C:\Users\sdona\AppData\Local\Temp\8c11a28e3c38d4ad47947b6a126f2ee9.mpf_cache
2025-10-09 23:00:10,657 : INFO : ConfigProcessor : Loading config from cache: C:\Users\sdona\AppData\Local\Temp\e391083cdc9e667060411fe5838e93f2.mpf_cache
2025-10-09 23:00:10,657 : INFO : ConfigProcessor : Loading config from cache: C:\Users\sdona\AppData\Local\Temp\f0c219a993d891ee86dcb7eae47dde67.mpf_cache
2025-10-09 23:00:10,658 : INFO : ConfigProcessor : Loading config from cache: C:\Users\sdona\AppData\Local\Temp\96aa58108928490b129531848cd9b506.mpf_cache
2025-10-09 23:00:10,674 : INFO : ConfigProcessor : Loading config from cache: C:\Users\sdona\AppData\Local\Temp\567636b9d9766e3361204e954a8382da.mpf_cache
2025-10-09 23:00:10,687 : INFO : Machine : Mission Pinball Framework Core Engine v0.80.0.dev9
2025-10-09 23:00:10,687 : INFO : Machine : Command line arguments: {'no_load_cache': False, 'create_config_cache': True, 'bcp': True, 'configfile': ['config.yaml'], 'force_assets_load': False, 'platform_integration_test': False, 'jsonlogging': False, 'logfile': 'logs\\2025-10-09-23-00-10-mpf-PinballLaptop.log', 'pause': False, 'production': False, 'text_ui': True, 'loglevel': 15, 'consoleloglevel': 20, 'force_platform': 'smart_virtual', 'syslog_address': None, 'full_logfile_path': 'C:\\venv\\mpf\\mmmdrop\\logs\\2025-10-09-23-00-10-mpf-PinballLaptop.log'}
2025-10-09 23:00:10,687 : INFO : Machine : MPF path: c:\venv\mpf\lib\site-packages\mpf
2025-10-09 23:00:10,687 : INFO : Machine : Machine path: C:\venv\mpf\mmmdrop
2025-10-09 23:00:10,687 : INFO : Machine : Platform: win32
2025-10-09 23:00:10,687 : INFO : Machine : Python executable location: c:\venv\mpf\Scripts\python.exe
2025-10-09 23:00:10,687 : INFO : Machine : Python version: 3.9.13 (64-bit)
2025-10-09 23:00:10,690 : INFO : Machine : Initializing MPF...
2025-10-09 23:00:10,897 : INFO : EventManager : Event: ======'machine_var_credits_string'====== Args={'value': 'FREE PLAY', 'prev_value': None, 'change': True}
2025-10-09 23:00:10,928 : INFO : EventManager : Event: ======'machine_var_fast_audio_headphones_volume'====== Args={'value': 10, 'prev_value': None, 'change': True}
2025-10-09 23:00:10,928 : INFO : EventManager : Event: ======'machine_var_fast_audio_main_volume'====== Args={'value': 44, 'prev_value': None, 'change': True}
2025-10-09 23:00:10,928 : INFO : EventManager : Event: ======'machine_var_master_volume'====== Args={'value': 0.15, 'prev_value': None, 'change': True}
2025-10-09 23:00:10,928 : INFO : EventManager : Event: ======'machine_var_player1_score'====== Args={'value': 2075720, 'prev_value': None, 'change': True}
2025-10-09 23:00:10,928 : INFO : EventManager : Event: ======'machine_var_mpf_version'====== Args={'value': 'Mission Pinball Framework v0.80.0.dev9', 'prev_value': None, 'change': True}
2025-10-09 23:00:10,928 : INFO : EventManager : Event: ======'machine_var_mpf_extended_version'====== Args={'value': 'Mission Pinball Framework v0.80.0.dev9, Config version:6, Show version: 6, BCP version:1.1', 'prev_value': None, 'change': True}
2025-10-09 23:00:10,928 : INFO : EventManager : Event: ======'machine_var_python_version'====== Args={'value': '3.9.13', 'prev_value': None, 'change': True}
2025-10-09 23:00:10,956 : INFO : EventManager : Event: ======'machine_var_platform'====== Args={'value': 'Windows-10-10.0.26100-SP0', 'prev_value': None, 'change': True}
2025-10-09 23:00:10,957 : INFO : EventManager : Event: ======'machine_var_platform_system'====== Args={'value': 'Windows', 'prev_value': None, 'change': True}
2025-10-09 23:00:10,957 : INFO : EventManager : Event: ======'machine_var_platform_release'====== Args={'value': '10', 'prev_value': None, 'change': True}
2025-10-09 23:00:10,957 : INFO : EventManager : Event: ======'machine_var_platform_version'====== Args={'value': '10.0.26100', 'prev_value': None, 'change': True}
2025-10-09 23:00:10,957 : INFO : EventManager : Event: ======'machine_var_platform_machine'====== Args={'value': 'AMD64', 'prev_value': None, 'change': True}
2025-10-09 23:00:10,957 : INFO : EventManager : Event: ======'machine_var_log_file_path'====== Args={'value': 'C:\\venv\\mpf\\mmmdrop\\logs\\2025-10-09-23-00-10-mpf-PinballLaptop.log', 'prev_value': None, 'change': True}
2025-10-09 23:00:10,957 : INFO : EventManager : Event: ======'init_phase_1'====== Args={}
2025-10-09 23:00:10,992 : INFO : EventManager : Event: ======'drop_target_bank_three_bank_up'====== Args={}
2025-10-09 23:00:10,992 : INFO : EventManager : Event: ======'init_phase_2'====== Args={}
2025-10-09 23:00:10,992 : INFO : SwitchController : Found active switch: ('3208-0', <Platform.SmartVirtual>) <switch.s_trough1>
2025-10-09 23:00:10,992 : INFO : SwitchController : Found active switch: ('3208-1', <Platform.SmartVirtual>) <switch.s_trough2>
2025-10-09 23:00:10,992 : INFO : SwitchController : Found active switch: ('3208-2', <Platform.SmartVirtual>) <switch.s_trough3>
2025-10-09 23:00:10,992 : INFO : SwitchController : Found active switch: ('3208-3', <Platform.SmartVirtual>) <switch.s_trough4>
2025-10-09 23:00:10,992 : INFO : SwitchController : Found active switch: ('3208-4', <Platform.SmartVirtual>) <switch.s_trough5>
2025-10-09 23:00:10,992 : INFO : SwitchController : Found active switch: ('3208-5', <Platform.SmartVirtual>) <switch.s_trough6>
2025-10-09 23:00:11,000 : INFO : EventManager : Event: ======'bcp_connection_attempt'====== Args={'name': 'local_display', 'host': 'localhost', 'port': 5050}
2025-10-09 23:00:11,003 : INFO : BCPClientSocket : Connecting BCP to 'local_display' at localhost:5050...
2025-10-09 23:00:15,103 : INFO : BCPClientSocket : Connected BCP to 'local_display' localhost:5050
2025-10-09 23:00:15,104 : INFO : EventManager : Event: ======'bcp_clients_connected'====== Args={}
2025-10-09 23:00:15,252 : INFO : ball_device.bd_trough : BCH: Initial count: 6
2025-10-09 23:00:15,253 : INFO : ball_device.bd_trough : State: idle
2025-10-09 23:00:15,253 : INFO : ball_device.bd_plunger : BCH: Initial count: 0
2025-10-09 23:00:15,253 : INFO : ball_device.bd_plunger : State: idle
2025-10-09 23:00:15,254 : INFO : ball_device.bd_scoop : BCH: Initial count: 0
2025-10-09 23:00:15,254 : INFO : ball_device.bd_scoop : State: idle
2025-10-09 23:00:15,271 : INFO : EventManager : Event: ======'init_phase_3'====== Args={}
2025-10-09 23:00:15,273 : INFO : EventManager : Event: ======'init_phase_4'====== Args={}
2025-10-09 23:00:15,274 : INFO : BallController : Initial balls found: 6
2025-10-09 23:00:15,275 : INFO : EventManager : Event: ======'machine_var_audits_events_game_ended'====== Args={'value': 37, 'prev_value': None, 'change': True}
2025-10-09 23:00:15,276 : INFO : EventManager : Event: ======'machine_var_audits_events_game_started'====== Args={'value': 344, 'prev_value': None, 'change': True}
2025-10-09 23:00:15,276 : INFO : EventManager : Event: ======'machine_var_audits_missing_switches_s_left_flipper'====== Args={'value': 54, 'prev_value': None, 'change': True}
2025-10-09 23:00:15,276 : INFO : EventManager : Event: ======'machine_var_audits_missing_switches_s_left_outlane'====== Args={'value': 88, 'prev_value': None, 'change': True}
2025-10-09 23:00:15,276 : INFO : EventManager : Event: ======'machine_var_audits_missing_switches_s_left_slingshot'====== Args={'value': 270, 'prev_value': None, 'change': True}
2025-10-09 23:00:15,276 : INFO : EventManager : Event: ======'machine_var_audits_missing_switches_s_right_flipper'====== Args={'value': 54, 'prev_value': None, 'change': True}
2025-10-09 23:00:15,276 : INFO : EventManager : Event: ======'machine_var_audits_missing_switches_s_right_outlane'====== Args={'value': 155, 'prev_value': None, 'change': True}
2025-10-09 23:00:15,276 : INFO : EventManager : Event: ======'machine_var_audits_missing_switches_s_right_slingshot'====== Args={'value': 120, 'prev_value': None, 'change': True}
2025-10-09 23:00:15,277 : INFO : EventManager : Event: ======'machine_var_audits_missing_switches_s_start'====== Args={'value': 53, 'prev_value': None, 'change': True}
2025-10-09 23:00:15,277 : INFO : EventManager : Event: ======'machine_var_audits_missing_switches_s_tilt_bob'====== Args={'value': 278, 'prev_value': None, 'change': True}
2025-10-09 23:00:15,277 : INFO : EventManager : Event: ======'machine_var_audits_missing_switches_s_top_right_flipper'====== Args={'value': 270, 'prev_value': None, 'change': True}
2025-10-09 23:00:15,277 : INFO : EventManager : Event: ======'machine_var_audits_missing_switches_s_trough1'====== Args={'value': 4, 'prev_value': None, 'change': True}
2025-10-09 23:00:15,277 : INFO : EventManager : Event: ======'machine_var_audits_missing_switches_s_trough2'====== Args={'value': 1, 'prev_value': None, 'change': True}
2025-10-09 23:00:15,277 : INFO : EventManager : Event: ======'machine_var_audits_missing_switches_s_trough3'====== Args={'value': 1, 'prev_value': None, 'change': True}
2025-10-09 23:00:15,277 : INFO : EventManager : Event: ======'machine_var_audits_missing_switches_s_trough4'====== Args={'value': 269, 'prev_value': None, 'change': True}
2025-10-09 23:00:15,277 : INFO : EventManager : Event: ======'machine_var_audits_missing_switches_s_trough5'====== Args={'value': 269, 'prev_value': None, 'change': True}
2025-10-09 23:00:15,277 : INFO : EventManager : Event: ======'machine_var_audits_missing_switches_s_trough6'====== Args={'value': 119, 'prev_value': None, 'change': True}
2025-10-09 23:00:15,277 : INFO : EventManager : Event: ======'machine_var_audits_missing_switches_s_trough_jam'====== Args={'value': 270, 'prev_value': None, 'change': True}
2025-10-09 23:00:15,277 : INFO : EventManager : Event: ======'machine_var_audits_missing_switches_s_tshirt_bottom_standup'====== Args={'value': 116, 'prev_value': None, 'change': True}
2025-10-09 23:00:15,277 : INFO : EventManager : Event: ======'machine_var_audits_missing_switches_s_tshirt_top_standup'====== Args={'value': 95, 'prev_value': None, 'change': True}
2025-10-09 23:00:15,277 : INFO : EventManager : Event: ======'machine_var_audits_missing_switches_s_upper_pop_standup'====== Args={'value': 270, 'prev_value': None, 'change': True}
2025-10-09 23:00:15,277 : INFO : EventManager : Event: ======'machine_var_audits_player_score'====== Args={'value': {'average': 70949, 'top': [2075720, 140190, 55679, 54526, 46225, 25350, 24166, 23278, 22740, 20422], 'total': 38}, 'prev_value': None, 'change': True}
2025-10-09 23:00:15,277 : INFO : EventManager : Event: ======'machine_var_audits_shots_skill_captive'====== Args={'value': 16, 'prev_value': None, 'change': True}
2025-10-09 23:00:15,278 : INFO : EventManager : Event: ======'machine_var_audits_shots_skill_drop_targets'====== Args={'value': 127, 'prev_value': None, 'change': True}
2025-10-09 23:00:15,278 : INFO : EventManager : Event: ======'machine_var_audits_shots_skill_side_targets'====== Args={'value': 27, 'prev_value': None, 'change': True}
2025-10-09 23:00:15,278 : INFO : EventManager : Event: ======'machine_var_audits_switches_s_captive_ball'====== Args={'value': 182, 'prev_value': None, 'change': True}
2025-10-09 23:00:15,278 : INFO : EventManager : Event: ======'machine_var_audits_switches_s_center_upper_pop'====== Args={'value': 203, 'prev_value': None, 'change': True}
2025-10-09 23:00:15,278 : INFO : EventManager : Event: ======'machine_var_audits_switches_s_inner_orbit'====== Args={'value': 1, 'prev_value': None, 'change': True}
2025-10-09 23:00:15,278 : INFO : EventManager : Event: ======'machine_var_audits_switches_s_left_flipper'====== Args={'value': 1247, 'prev_value': None, 'change': True}
2025-10-09 23:00:15,278 : INFO : EventManager : Event: ======'machine_var_audits_switches_s_left_inlane'====== Args={'value': 111, 'prev_value': None, 'change': True}
2025-10-09 23:00:15,278 : INFO : EventManager : Event: ======'machine_var_audits_switches_s_left_orbit'====== Args={'value': 50, 'prev_value': None, 'change': True}
2025-10-09 23:00:15,279 : INFO : EventManager : Event: ======'machine_var_audits_switches_s_left_outlane'====== Args={'value': 56, 'prev_value': None, 'change': True}
2025-10-09 23:00:15,279 : INFO : EventManager : Event: ======'machine_var_audits_switches_s_left_ramp'====== Args={'value': 97, 'prev_value': None, 'change': True}
2025-10-09 23:00:15,279 : INFO : EventManager : Event: ======'machine_var_audits_switches_s_left_slingshot'====== Args={'value': 259, 'prev_value': None, 'change': True}
2025-10-09 23:00:15,279 : INFO : EventManager : Event: ======'machine_var_audits_switches_s_left_upper_pop'====== Args={'value': 157, 'prev_value': None, 'change': True}
2025-10-09 23:00:15,279 : INFO : EventManager : Event: ======'machine_var_audits_switches_s_plunger'====== Args={'value': 910, 'prev_value': None, 'change': True}
2025-10-09 23:00:15,279 : INFO : EventManager : Event: ======'machine_var_audits_switches_s_pop_standup'====== Args={'value': 93, 'prev_value': None, 'change': True}
2025-10-09 23:00:15,279 : INFO : EventManager : Event: ======'machine_var_audits_switches_s_right_flipper'====== Args={'value': 1521, 'prev_value': None, 'change': True}
2025-10-09 23:00:15,279 : INFO : EventManager : Event: ======'machine_var_audits_switches_s_right_inlane'====== Args={'value': 107, 'prev_value': None, 'change': True}
2025-10-09 23:00:15,279 : INFO : EventManager : Event: ======'machine_var_audits_switches_s_right_lower_pop'====== Args={'value': 483, 'prev_value': None, 'change': True}
2025-10-09 23:00:15,280 : INFO : EventManager : Event: ======'machine_var_audits_switches_s_right_orbit'====== Args={'value': 52, 'prev_value': None, 'change': True}
2025-10-09 23:00:15,280 : INFO : EventManager : Event: ======'machine_var_audits_switches_s_right_outlane'====== Args={'value': 53, 'prev_value': None, 'change': True}
2025-10-09 23:00:15,280 : INFO : EventManager : Event: ======'machine_var_audits_switches_s_right_ramp'====== Args={'value': 101, 'prev_value': None, 'change': True}
2025-10-09 23:00:15,280 : INFO : EventManager : Event: ======'machine_var_audits_switches_s_right_slingshot'====== Args={'value': 366, 'prev_value': None, 'change': True}
2025-10-09 23:00:15,280 : INFO : EventManager : Event: ======'machine_var_audits_switches_s_scoop'====== Args={'value': 267, 'prev_value': None, 'change': True}
2025-10-09 23:00:15,280 : INFO : EventManager : Event: ======'machine_var_audits_switches_s_spinner'====== Args={'value': 1475, 'prev_value': None, 'change': True}
2025-10-09 23:00:15,280 : INFO : EventManager : Event: ======'machine_var_audits_switches_s_start'====== Args={'value': 56, 'prev_value': None, 'change': True}
2025-10-09 23:00:15,280 : INFO : EventManager : Event: ======'machine_var_audits_switches_s_three_bank_bottom'====== Args={'value': 331, 'prev_value': None, 'change': True}
2025-10-09 23:00:15,280 : INFO : EventManager : Event: ======'machine_var_audits_switches_s_three_bank_middle'====== Args={'value': 376, 'prev_value': None, 'change': True}
2025-10-09 23:00:15,280 : INFO : EventManager : Event: ======'machine_var_audits_switches_s_three_bank_standup'====== Args={'value': 199, 'prev_value': None, 'change': True}
2025-10-09 23:00:15,280 : INFO : EventManager : Event: ======'machine_var_audits_switches_s_three_bank_top'====== Args={'value': 368, 'prev_value': None, 'change': True}
2025-10-09 23:00:15,280 : INFO : EventManager : Event: ======'machine_var_audits_switches_s_tilt_bob'====== Args={'value': 21, 'prev_value': None, 'change': True}
2025-10-09 23:00:15,282 : INFO : EventManager : Event: ======'machine_var_audits_switches_s_top_right_flipper'====== Args={'value': 1294, 'prev_value': None, 'change': True}
2025-10-09 23:00:15,282 : INFO : EventManager : Event: ======'machine_var_audits_switches_s_trough1'====== Args={'value': 264, 'prev_value': None, 'change': True}
2025-10-09 23:00:15,282 : INFO : EventManager : Event: ======'machine_var_audits_switches_s_trough2'====== Args={'value': 279, 'prev_value': None, 'change': True}
2025-10-09 23:00:15,282 : INFO : EventManager : Event: ======'machine_var_audits_switches_s_trough3'====== Args={'value': 212, 'prev_value': None, 'change': True}
2025-10-09 23:00:15,282 : INFO : EventManager : Event: ======'machine_var_audits_switches_s_trough4'====== Args={'value': 160, 'prev_value': None, 'change': True}
2025-10-09 23:00:15,282 : INFO : EventManager : Event: ======'machine_var_audits_switches_s_trough5'====== Args={'value': 160, 'prev_value': None, 'change': True}
2025-10-09 23:00:15,282 : INFO : EventManager : Event: ======'machine_var_audits_switches_s_trough6'====== Args={'value': 161, 'prev_value': None, 'change': True}
2025-10-09 23:00:15,282 : INFO : EventManager : Event: ======'machine_var_audits_switches_s_trough_jam'====== Args={'value': 206, 'prev_value': None, 'change': True}
2025-10-09 23:00:15,282 : INFO : EventManager : Event: ======'machine_var_audits_switches_s_tshirt_bottom_standup'====== Args={'value': 31, 'prev_value': None, 'change': True}
2025-10-09 23:00:15,283 : INFO : EventManager : Event: ======'machine_var_audits_switches_s_tshirt_top_standup'====== Args={'value': 58, 'prev_value': None, 'change': True}
2025-10-09 23:00:15,283 : INFO : EventManager : Event: ======'machine_var_audits_switches_s_upper_pop_standup'====== Args={'value': 158, 'prev_value': None, 'change': True}
2025-10-09 23:00:15,283 : INFO : EventManager : Event: ======'init_phase_5'====== Args={}
2025-10-09 23:00:15,343 : INFO : EventManager : Event: ======'init_done'====== Args={}
2025-10-09 23:00:15,344 : INFO : EventManager : Event: ======'machine_reset_phase_1'====== Args={}
2025-10-09 23:00:15,355 : INFO : EventManager : Event: ======'machine_reset_phase_2'====== Args={}
2025-10-09 23:00:15,356 : INFO : EventManager : Event: ======'machine_reset_phase_3'====== Args={}
2025-10-09 23:00:15,356 : INFO : drop_target_bank.three_bank : All targets are already up. Will not reset bank.
2025-10-09 23:00:15,356 : INFO : EventManager : Event: ======'reset_complete'====== Args={}
2025-10-09 23:00:15,356 : INFO : EventManager : Event: ======'mode_attract_will_start'====== Args={}
2025-10-09 23:00:15,357 : INFO : EventManager : Event: ======'mode_attract_starting'====== Args={}
2025-10-09 23:00:15,357 : INFO : Mode.attract : Started. Priority: 10
2025-10-09 23:00:15,357 : INFO : EventManager : Event: ======'modes_active_modes_changed'====== Args={}
2025-10-09 23:00:15,357 : INFO : EventManager : Event: ======'mode_attract_started'====== Args={}
2025-10-09 23:00:15,358 : INFO : EventManager : Event: ======'collecting_balls_complete'====== Args={}
2025-10-09 23:00:15,373 : INFO : Machine : Starting the main run loop with active modes: [<Mode.attract>]
2025-10-09 23:00:15,375 : INFO : EventManager : Event: ======'slide_loading_created'====== Args={'_from_bcp': True}
2025-10-09 23:00:15,375 : INFO : EventManager : Event: ======'slide__removed'====== Args={'_from_bcp': True}
2025-10-09 23:00:15,375 : INFO : EventManager : Event: ======'slide_loading_active'====== Args={'original_context': '_global', 'original_calling_context': 'init_done', 'priority': 0.0, 'cmd': 'slides_play', '_from_bcp': True}
2025-10-09 23:00:15,494 : INFO : EventManager : Event: ======'slide_attract_created'====== Args={'_from_bcp': True}
2025-10-09 23:00:15,494 : INFO : EventManager : Event: ======'slide_loading_inactive'====== Args={'is_removing': True, '_from_bcp': True}
2025-10-09 23:00:15,494 : INFO : EventManager : Event: ======'slide_attract_active'====== Args={'original_context': 'attract', 'original_calling_context': 'mode_attract_started', 'priority': 10.0, 'cmd': 'slides_play', '_from_bcp': True}
2025-10-09 23:00:15,494 : INFO : EventManager : Event: ======'slide_loading_removed'====== Args={'_from_bcp': True}
2025-10-09 23:00:15,585 : INFO : BcpServer : New client connected.
2025-10-09 23:00:15,999 : INFO : SwitchController : <<<<<<< 's_start' active >>>>>>>
2025-10-09 23:00:16,152 : INFO : SwitchController : <<<<<<< 's_start' inactive >>>>>>>
2025-10-09 23:00:16,152 : INFO : EventManager : Event: ======'request_to_start_game'====== Args={}
2025-10-09 23:00:16,153 : INFO : EventManager : Event: ======'game_start'====== Args={'buttons': [], 'hold_time': 0.13999999999941792}
2025-10-09 23:00:16,153 : INFO : EventManager : Event: ======'mode_game_will_start'====== Args={'buttons': [], 'hold_time': 0.13999999999941792}
2025-10-09 23:00:16,154 : INFO : EventManager : Event: ======'mode_game_starting'====== Args={'buttons': [], 'hold_time': 0.13999999999941792}
2025-10-09 23:00:16,154 : INFO : EventManager : Event: ======'mode_attract_will_stop'====== Args={}
2025-10-09 23:00:16,154 : INFO : EventManager : Event: ======'mode_attract_stopping'====== Args={}
2025-10-09 23:00:16,154 : INFO : Mode.attract : Stopped.
2025-10-09 23:00:16,154 : INFO : EventManager : Event: ======'modes_active_modes_changed'====== Args={}
2025-10-09 23:00:16,155 : INFO : EventManager : Event: ======'mode_attract_stopped'====== Args={}
2025-10-09 23:00:16,155 : INFO : EventManager : Event: ======'clear'====== Args={'key': 'attract'}
2025-10-09 23:00:16,155 : INFO : Mode.game : Started. Priority: 20
2025-10-09 23:00:16,155 : INFO : EventManager : Event: ======'modes_active_modes_changed'====== Args={}
2025-10-09 23:00:16,155 : INFO : EventManager : Event: ======'mode_game_started'====== Args={'buttons': [], 'hold_time': 0.13999999999941792}
2025-10-09 23:00:16,160 : INFO : EventManager : Event: ======'game_will_start'====== Args={}
2025-10-09 23:00:16,162 : INFO : EventManager : Event: ======'game_starting'====== Args={'game': <Mode.game>}
2025-10-09 23:00:16,163 : INFO : EventManager : Unordered handler for class <Auditor> on event game_ended with priority 1. Handlers: [RegisteredHandler(callback=<bound method Auditor.disable of <Auditor>>, priority=1, kwargs={}, key=UUID('61704c46-5626-49c6-881b-3920161904a4'), condition=None, blocking_facility=None), RegisteredHandler(callback=<bound method Auditor._save_audits of <Auditor>>, priority=1, kwargs={}, key=UUID('cfde6400-c050-4da1-8f72-8e25307dbe2d'), condition=None, blocking_facility=None)]. The order of those handlers is not defined and they will be executed in random order. This might lead to race conditions and potential bugs.
2025-10-09 23:00:16,163 : INFO : EventManager : Event: ======'player_add_request'====== Args={}
2025-10-09 23:00:16,164 : INFO : EventManager : Event: ======'player_will_add'====== Args={'number': 1}
2025-10-09 23:00:16,164 : INFO : EventManager : Event: ======'player_adding'====== Args={'player': <Player 1>, 'number': 1}
2025-10-09 23:00:16,164 : INFO : EventManager : Event: ======'player_added'====== Args={'player': <Player 1>, 'num': 1}
2025-10-09 23:00:16,166 : INFO : Mode.game : Player added successfully. Total players: 1
2025-10-09 23:00:16,167 : INFO : EventManager : Event: ======'player_index'====== Args={'value': 0, 'prev_value': 0, 'change': 0, 'player_num': 1}
2025-10-09 23:00:16,167 : INFO : EventManager : Event: ======'player_number'====== Args={'value': 1, 'prev_value': 1, 'change': 0, 'player_num': 1}
2025-10-09 23:00:16,167 : INFO : EventManager : Event: ======'player_score'====== Args={'value': 0, 'prev_value': 0, 'change': 0, 'player_num': 1}
2025-10-09 23:00:16,169 : INFO : EventManager : Event: ======'game_started'====== Args={}
2025-10-09 23:00:16,176 : INFO : EventManager : Event: ======'player_turn_will_start'====== Args={'player': <Player 1>, 'number': 1}
2025-10-09 23:00:16,177 : INFO : EventManager : Event: ======'player_turn_starting'====== Args={'player': <Player 1>, 'number': 1}
2025-10-09 23:00:16,178 : INFO : EventManager : Event: ======'player_ball'====== Args={'value': 1, 'prev_value': 0, 'change': 1, 'player_num': 1}
2025-10-09 23:00:16,179 : INFO : EventManager : Event: ======'player_turn_started'====== Args={'player': <Player 1>, 'number': 1}
2025-10-09 23:00:16,180 : INFO : EventManager : Event: ======'ball_will_start'====== Args={'player': 1, 'ball': 1, 'balls_remaining': 2, 'is_extra_ball': False}
2025-10-09 23:00:16,183 : INFO : EventManager : Event: ======'ball_starting'====== Args={'player': 1, 'ball': 1, 'balls_remaining': 2, 'is_extra_ball': False}
2025-10-09 23:00:16,185 : INFO : EventManager : Event: ======'mode_base_will_start'====== Args={'queue': <QueuedEvent>, 'player': 1, 'ball': 1, 'balls_remaining': 2, 'is_extra_ball': False}
2025-10-09 23:00:16,197 : INFO : EventManager : Event: ======'mode_base_starting'====== Args={'queue': <QueuedEvent>, 'player': 1, 'ball': 1, 'balls_remaining': 2, 'is_extra_ball': False}
2025-10-09 23:00:16,198 : INFO : drop_target_bank.three_bank : All targets are already up. Will not reset bank.
2025-10-09 23:00:16,199 : INFO : EventManager : Event: ======'balls_in_play'====== Args={'balls': 1}
2025-10-09 23:00:16,199 : INFO : EventManager : Event: ======'ball_started'====== Args={'player': 1, 'ball': 1, 'balls_remaining': 2, 'is_extra_ball': False}
2025-10-09 23:00:16,200 : INFO : EventManager : Event: ======'logicblock_qualify_chcheckitout_multiball_updated'====== Args={'value': 0, 'enabled': True}
2025-10-09 23:00:16,201 : INFO : EventManager : Event: ======'logicblock_drop_target_bank_counter_updated'====== Args={'value': 0, 'enabled': True}
2025-10-09 23:00:16,201 : INFO : EventManager : Event: ======'logicblock_qualify_chcheckitout_multiball_updated'====== Args={'value': 0, 'enabled': True}
2025-10-09 23:00:16,201 : INFO : EventManager : Event: ======'logicblock_chcheckitout_multiball_ready_updated'====== Args={'value': 0, 'enabled': False}
2025-10-09 23:00:16,202 : INFO : EventManager : Event: ======'logicblock_drop_target_bank_counter_updated'====== Args={'value': 0, 'enabled': True}
2025-10-09 23:00:16,202 : INFO : Mode.base : Started. Priority: 100
2025-10-09 23:00:16,202 : INFO : EventManager : Event: ======'modes_active_modes_changed'====== Args={}
2025-10-09 23:00:16,202 : INFO : EventManager : Event: ======'mode_base_started'====== Args={'queue': <QueuedEvent>, 'player': 1, 'ball': 1, 'balls_remaining': 2, 'is_extra_ball': False}
2025-10-09 23:00:16,203 : INFO : EventManager : Event: ======'mode_skill_shot_will_start'====== Args={'player': 1, 'ball': 1, 'balls_remaining': 2, 'is_extra_ball': False}
2025-10-09 23:00:16,204 : INFO : EventManager : Event: ======'player_shot_skill_side_targets_enabled'====== Args={'value': True, 'prev_value': 0, 'change': 1, 'player_num': 1}
2025-10-09 23:00:16,205 : INFO : EventManager : Event: ======'player_shot_skill_drop_targets_enabled'====== Args={'value': True, 'prev_value': 0, 'change': 1, 'player_num': 1}
2025-10-09 23:00:16,205 : INFO : EventManager : Event: ======'skill_shot_complete'====== Args={'state': 'unlit'}
2025-10-09 23:00:16,206 : INFO : EventManager : Event: ======'skill_shot_unlit_complete'====== Args={}
2025-10-09 23:00:16,207 : INFO : EventManager : Event: ======'player_skill_shot_skill_shot_timeout_tick'====== Args={'value': 0, 'prev_value': 0, 'change': 0, 'player_num': 1}
2025-10-09 23:00:16,209 : INFO : EventManager : Event: ======'mode_skill_shot_starting'====== Args={'player': 1, 'ball': 1, 'balls_remaining': 2, 'is_extra_ball': False}
2025-10-09 23:00:16,210 : INFO : EventManager : Event: ======'logicblock_qualify_chcheckitout_multiball_updated'====== Args={'value': 0, 'enabled': True}
2025-10-09 23:00:16,210 : INFO : EventManager : Event: ======'logicblock_chcheckitout_multiball_ready_updated'====== Args={'value': 0, 'enabled': False}
2025-10-09 23:00:16,210 : INFO : EventManager : Event: ======'player_multiball_blocking_flag'====== Args={'value': 0, 'prev_value': 0, 'change': 0, 'player_num': 1, 'source': 'base'}
2025-10-09 23:00:16,210 : INFO : EventManager : Event: ======'player_mode_blocking_flag'====== Args={'value': 0, 'prev_value': 0, 'change': 0, 'player_num': 1, 'source': 'base'}
2025-10-09 23:00:16,212 : INFO : EventManager : Event: ======'player_player_drop_target_bank_counter_count'====== Args={'value': 0, 'prev_value': 0, 'change': 0, 'player_num': 1, 'source': 'base'}
2025-10-09 23:00:16,215 : INFO : EventManager : Event: ======'player_drop_target_bank_counter_count'====== Args={'value': 0, 'prev_value': 0, 'change': 0, 'player_num': 1, 'source': 'base'}
2025-10-09 23:00:16,215 : INFO : EventManager : Event: ======'mode_multiball_will_start'====== Args={'queue': <QueuedEvent>, 'player': 1, 'ball': 1, 'balls_remaining': 2, 'is_extra_ball': False}
2025-10-09 23:00:16,217 : INFO : EventManager : Event: ======'mode_multiball_starting'====== Args={'queue': <QueuedEvent>, 'player': 1, 'ball': 1, 'balls_remaining': 2, 'is_extra_ball': False}
2025-10-09 23:00:16,218 : INFO : EventManager : Event: ======'mode_carousel_will_start'====== Args={'queue': <QueuedEvent>, 'player': 1, 'ball': 1, 'balls_remaining': 2, 'is_extra_ball': False}
2025-10-09 23:00:16,219 : INFO : EventManager : Event: ======'mode_carousel_starting'====== Args={'queue': <QueuedEvent>, 'player': 1, 'ball': 1, 'balls_remaining': 2, 'is_extra_ball': False}
2025-10-09 23:00:16,220 : INFO : EventManager : Event: ======'ball_save_default_enabled'====== Args={}
2025-10-09 23:00:16,220 : INFO : Mode.carousel : Started. Priority: 200
2025-10-09 23:00:16,220 : INFO : EventManager : Event: ======'modes_active_modes_changed'====== Args={}
2025-10-09 23:00:16,221 : INFO : EventManager : Event: ======'mode_carousel_started'====== Args={'queue': <QueuedEvent>, 'player': 1, 'ball': 1, 'balls_remaining': 2, 'is_extra_ball': False}
2025-10-09 23:00:16,222 : INFO : EventManager : Event: ======'item_highlighted'====== Args={'carousel': 'carousel', 'direction': None, 'item': 'intergalactic'}
2025-10-09 23:00:16,222 : INFO : Mode.multiball : Started. Priority: 1000
2025-10-09 23:00:16,222 : INFO : EventManager : Event: ======'modes_active_modes_changed'====== Args={}
2025-10-09 23:00:16,222 : INFO : EventManager : Event: ======'mode_multiball_started'====== Args={'queue': <QueuedEvent>, 'player': 1, 'ball': 1, 'balls_remaining': 2, 'is_extra_ball': False}
2025-10-09 23:00:16,222 : INFO : Mode.skill_shot : Started. Priority: 500
2025-10-09 23:00:16,222 : INFO : EventManager : Event: ======'modes_active_modes_changed'====== Args={}
2025-10-09 23:00:16,223 : INFO : EventManager : Event: ======'mode_skill_shot_started'====== Args={'player': 1, 'ball': 1, 'balls_remaining': 2, 'is_extra_ball': False}
2025-10-09 23:00:16,223 : INFO : EventManager : Event: ======'player_shot_skill_side_targets'====== Args={'value': 1, 'prev_value': 0, 'change': 1, 'player_num': 1}
2025-10-09 23:00:16,224 : INFO : EventManager : Event: ======'player_shot_skill_drop_targets'====== Args={'value': 1, 'prev_value': 0, 'change': 1, 'player_num': 1}
2025-10-09 23:00:16,226 : INFO : EventManager : Event: ======'skill_shot_complete'====== Args={'state': 'flashing'}
2025-10-09 23:00:16,226 : INFO : EventManager : Event: ======'skill_shot_flashing_complete'====== Args={}
2025-10-09 23:00:16,228 : INFO : EventManager : Event: ======'single_player_ball_started'====== Args={}
2025-10-09 23:00:16,250 : INFO : EventManager : Event: ======'ball_start_target'====== Args={'target': 'playfield'}
2025-10-09 23:00:16,251 : INFO : EventManager : Event: ======'slide_base_created'====== Args={'_from_bcp': True}
2025-10-09 23:00:16,252 : INFO : EventManager : Event: ======'slide_score_overlay_created'====== Args={'_from_bcp': True}
2025-10-09 23:00:16,252 : INFO : EventManager : Event: ======'slide_attract_inactive'====== Args={'is_removing': True, '_from_bcp': True}
2025-10-09 23:00:16,252 : INFO : EventManager : Event: ======'slide_score_overlay_active'====== Args={'original_context': 'base', 'original_calling_context': 'mode_base_started', 'priority': 100.0, 'queue': '<QueuedEvent>', 'player': 1.0, 'ball': 1.0, 'balls_remaining': 2.0, 'is_extra_ball': False, 'cmd': 'slides_play', '_from_bcp': True}
2025-10-09 23:00:16,254 : INFO : ball_device.bd_plunger : Setting up player-controlled eject. Balls: 1, Target: <playfield.playfield>, player_controlled_eject_event: None
2025-10-09 23:00:16,254 : INFO : EventManager : Event: ======'balldevice_balls_available'====== Args={}
2025-10-09 23:00:16,255 : INFO : ball_device.bd_trough : State: waiting_for_target_ready
2025-10-09 23:00:16,256 : INFO : EventManager : Event: ======'balldevice_bd_trough_ball_eject_attempt'====== Args={'balls': 1, 'target': <ball_device.bd_plunger>, 'source': <ball_device.bd_trough>, 'mechanical_eject': True, 'num_attempts': 0}
2025-10-09 23:00:16,257 : INFO : ball_device.bd_plunger : State: waiting_for_ball
2025-10-09 23:00:16,258 : INFO : ball_device.bd_trough : State: ejecting
2025-10-09 23:00:16,258 : INFO : ball_device.bd_trough : Ejecting ball to <ball_device.bd_plunger>
2025-10-09 23:00:16,258 : INFO : EventManager : Event: ======'balldevice_bd_trough_ejecting_ball'====== Args={'balls': 1, 'target': <ball_device.bd_plunger>, 'source': <ball_device.bd_trough>, 'mechanical_eject': True, 'num_attempts': 0}
2025-10-09 23:00:16,260 : INFO : EventManager : Event: ======'slide_attract_removed'====== Args={'_from_bcp': True}
2025-10-09 23:00:16,261 : INFO : ball_device.bd_trough : Wait for ball to leave device
2025-10-09 23:00:16,263 : INFO : coil.c_trough_eject : Pulsing Driver for 20ms (1.0 pulse_power)
2025-10-09 23:00:16,263 : INFO : SwitchController : <<<<<<< 's_trough1' inactive >>>>>>>
2025-10-09 23:00:16,269 : INFO : ball_device.bd_trough : State: ball_left
2025-10-09 23:00:16,270 : INFO : ball_device.bd_trough : Ball left
2025-10-09 23:00:16,270 : INFO : ball_device.bd_trough : Wait for confirm with timeout 3.0
2025-10-09 23:00:16,271 : INFO : EventManager : Event: ======'slide_current_mode_highlighted_created'====== Args={'_from_bcp': True}
2025-10-09 23:00:16,370 : INFO : SwitchController : <<<<<<< 's_plunger' active >>>>>>>
2025-10-09 23:00:16,370 : INFO : EventManager : Event: ======'machine_var_audits_switches_s_plunger'====== Args={'value': 911, 'prev_value': 910, 'change': 1}
2025-10-09 23:00:16,527 : INFO : EventManager : Event: ======'slide_skillshot_overlay_created'====== Args={'_from_bcp': True}
2025-10-09 23:00:16,869 : INFO : ball_device.bd_plunger : Received ball from <ball_device.bd_trough>
2025-10-09 23:00:16,869 : INFO : EventManager : Event: ======'balldevice_bd_plunger_ball_enter'====== Args={'new_balls': 1, 'unclaimed_balls': 0, 'new_available_balls': 0, 'device': <ball_device.bd_plunger>}
2025-10-09 23:00:16,870 : INFO : EventManager : Event: ======'balldevice_bd_plunger_ball_entered'====== Args={'new_balls': 0, 'device': <ball_device.bd_plunger>}
2025-10-09 23:00:16,871 : INFO : EventManager : Event: ======'balldevice_bd_plunger_ball_count_changed'====== Args={'balls': 1}
2025-10-09 23:00:16,871 : INFO : ball_device.bd_trough : Got eject confirm
2025-10-09 23:00:16,871 : INFO : ball_device.bd_trough : Eject successful
2025-10-09 23:00:16,871 : INFO : EventManager : Event: ======'balldevice_bd_trough_ball_eject_success'====== Args={'balls': 1, 'target': <ball_device.bd_plunger>}
2025-10-09 23:00:16,871 : INFO : EventManager : Event: ======'balldevice_bd_trough_ball_count_changed'====== Args={'balls': 5}
2025-10-09 23:00:16,872 : INFO : ball_device.bd_trough : State: idle
2025-10-09 23:00:16,872 : INFO : ball_device.bd_plunger : State: waiting_for_target_ready
2025-10-09 23:00:16,872 : INFO : EventManager : Event: ======'balldevice_bd_plunger_ball_eject_attempt'====== Args={'balls': 1, 'target': <playfield.playfield>, 'source': <ball_device.bd_plunger>, 'mechanical_eject': True, 'num_attempts': 0}
2025-10-09 23:00:16,872 : INFO : ball_device.bd_plunger : State: ejecting
2025-10-09 23:00:16,873 : INFO : ball_device.bd_plunger : Ejecting ball to <playfield.playfield>
2025-10-09 23:00:16,873 : INFO : EventManager : Event: ======'balldevice_bd_plunger_ejecting_ball'====== Args={'balls': 1, 'target': <playfield.playfield>, 'source': <ball_device.bd_plunger>, 'mechanical_eject': True, 'num_attempts': 0}
2025-10-09 23:00:16,874 : INFO : ball_device.bd_plunger : Wait for ball to leave device
2025-10-09 23:00:25,173 : INFO : SwitchController : <<<<<<< 's_plunger' inactive >>>>>>>
2025-10-09 23:00:25,173 : INFO : EventManager : Event: ======'ball_out'====== Args={}
2025-10-09 23:00:25,174 : INFO : EventManager : Event: ======'ball_save_default_timer_start'====== Args={}
2025-10-09 23:00:25,179 : INFO : ball_device.bd_plunger : State: ball_left
2025-10-09 23:00:25,180 : INFO : ball_device.bd_plunger : Ball left
2025-10-09 23:00:25,180 : INFO : ball_device.bd_plunger : Wait for confirm with timeout 3.0
2025-10-09 23:00:25,573 : INFO : SwitchController : <<<<<<< 's_three_bank_bottom' active >>>>>>>
2025-10-09 23:00:25,573 : INFO : EventManager : Event: ======'playfield_active'====== Args={'source': 'skill_drop_targets'}
2025-10-09 23:00:25,574 : INFO : EventManager : Event: ======'s_three_bank_bottom_active'====== Args={}
2025-10-09 23:00:25,574 : INFO : EventManager : Event: ======'playfield_active'====== Args={'source': 'bottom'}
2025-10-09 23:00:25,574 : INFO : EventManager : Event: ======'drop_target_bottom_down'====== Args={'device': <drop_target.bottom>}
2025-10-09 23:00:25,574 : INFO : EventManager : Event: ======'drop_target_bank_three_bank_mixed'====== Args={'prev_value': <DropTargetBankState.UP: 'up'>, 'down': 1}
2025-10-09 23:00:25,574 : INFO : EventManager : Event: ======'machine_var_audits_switches_s_three_bank_bottom'====== Args={'value': 332, 'prev_value': 331, 'change': 1}
2025-10-09 23:00:25,576 : INFO : EventManager : Event: ======'player_shot_skill_drop_targets'====== Args={'value': 2, 'prev_value': 1, 'change': 1, 'player_num': 1}
2025-10-09 23:00:25,576 : INFO : EventManager : Event: ======'machine_var_audits_shots_skill_drop_targets'====== Args={'value': 128, 'prev_value': 127, 'change': 1}
2025-10-09 23:00:25,576 : INFO : EventManager : Event: ======'skill_drop_targets_hit'====== Args={'profile': 'skill_shot_profile', 'state': 'flashing', 'advancing': True}
2025-10-09 23:00:25,577 : INFO : EventManager : Event: ======'skill_drop_targets_skill_shot_profile_hit'====== Args={'profile': 'skill_shot_profile', 'state': 'flashing', 'advancing': True}
2025-10-09 23:00:25,577 : INFO : EventManager : Event: ======'skill_drop_targets_skill_shot_profile_flashing_hit'====== Args={'profile': 'skill_shot_profile', 'state': 'flashing', 'advancing': True}
2025-10-09 23:00:25,577 : INFO : EventManager : Event: ======'skill_drop_targets_flashing_hit'====== Args={'profile': 'skill_shot_profile', 'state': 'flashing', 'advancing': True}
2025-10-09 23:00:25,577 : INFO : EventManager : Event: ======'player_score'====== Args={'value': 2220, 'prev_value': 0, 'change': 2220, 'player_num': 1, 'source': 'base'}
2025-10-09 23:00:25,577 : INFO : EventManager : Event: ======'skill_shot_hit'====== Args={'shot': 'skill_drop_targets'}
2025-10-09 23:00:25,577 : INFO : EventManager : Event: ======'skill_shot_flashing_hit'====== Args={'shot': 'skill_drop_targets'}
2025-10-09 23:00:25,577 : INFO : state_machine.skill_shot_success : Transitioning from start to success
2025-10-09 23:00:25,577 : INFO : EventManager : Event: ======'skill_success'====== Args={}
2025-10-09 23:00:25,578 : INFO : EventManager : Event: ======'mode_skill_shot_will_stop'====== Args={}
2025-10-09 23:00:25,578 : INFO : EventManager : Event: ======'mode_skill_shot_stopping'====== Args={}
2025-10-09 23:00:25,578 : INFO : EventManager : Event: ======'player_score'====== Args={'value': 2002220, 'prev_value': 2220, 'change': 2000000, 'player_num': 1, 'source': 'skill_shot'}
2025-10-09 23:00:25,579 : INFO : Mode.skill_shot : Stopped.
2025-10-09 23:00:25,579 : INFO : EventManager : Event: ======'modes_active_modes_changed'====== Args={}
2025-10-09 23:00:25,579 : INFO : EventManager : Event: ======'mode_skill_shot_stopped'====== Args={}
2025-10-09 23:00:25,579 : INFO : EventManager : Event: ======'clear'====== Args={'key': 'skill_shot'}
2025-10-09 23:00:25,580 : INFO : Timer.skill_shot_timeout : Stopping Timer
2025-10-09 23:00:25,580 : INFO : EventManager : Event: ======'timer_skill_shot_timeout_stopped'====== Args={'ticks': 0, 'ticks_remaining': 0}
2025-10-09 23:00:25,606 : INFO : ball_device.bd_plunger : Got eject confirm
2025-10-09 23:00:25,606 : INFO : ball_device.bd_plunger : Eject successful
2025-10-09 23:00:25,606 : INFO : EventManager : Event: ======'balldevice_bd_plunger_ball_eject_success'====== Args={'balls': 1, 'target': <playfield.playfield>}
2025-10-09 23:00:25,607 : INFO : EventManager : Event: ======'slide_skillshot_overlay_removed'====== Args={'_from_bcp': True}
2025-10-09 23:00:25,608 : INFO : EventManager : Event: ======'slide_skillshot_success_overlay_created'====== Args={'_from_bcp': True}
2025-10-09 23:00:25,608 : INFO : EventManager : Event: ======'balldevice_playfield_ball_enter'====== Args={'new_balls': 1, 'unclaimed_balls': 1, 'device': <playfield.playfield>}
2025-10-09 23:00:25,608 : INFO : EventManager : Event: ======'playfield_ball_count_change'====== Args={'balls': 1, 'change': 1}
2025-10-09 23:00:25,609 : INFO : EventManager : Event: ======'balldevice_bd_plunger_ball_count_changed'====== Args={'balls': 0}
2025-10-09 23:00:25,609 : INFO : ball_device.bd_plunger : State: idle
2025-10-09 23:00:27,573 : INFO : EventManager : Event: ======'slide_skillshot_success_overlay_removed'====== Args={'_from_bcp': True}
2025-10-09 23:00:28,195 : INFO : EventManager : Event: ======'ball_save_default_hurry_up'====== Args={}
2025-10-09 23:00:30,176 : INFO : EventManager : Event: ======'ball_save_default_grace_period'====== Args={}
2025-10-09 23:00:32,187 : INFO : EventManager : Event: ======'ball_save_default_disabled'====== Args={}
2025-10-09 23:00:34,282 : INFO : SwitchController : <<<<<<< 's_spinner' active >>>>>>>
2025-10-09 23:00:34,282 : INFO : EventManager : Event: ======'s_spinner_active'====== Args={}
2025-10-09 23:00:34,283 : INFO : EventManager : Event: ======'spinner_basic_spinner_active'====== Args={'label': None}
2025-10-09 23:00:34,283 : INFO : EventManager : Event: ======'spinner_basic_spinner_hit'====== Args={'hits': 1, 'change': 1, 'label': None}
2025-10-09 23:00:34,283 : INFO : EventManager : Event: ======'machine_var_audits_switches_s_spinner'====== Args={'value': 1476, 'prev_value': 1475, 'change': 1}
2025-10-09 23:00:34,285 : INFO : EventManager : Event: ======'player_score'====== Args={'value': 2003230, 'prev_value': 2002220, 'change': 1010, 'player_num': 1, 'source': 'base'}
2025-10-09 23:00:34,285 : INFO : EventManager : Event: ======'spinner_hit'====== Args={'elapsed': 0}
2025-10-09 23:00:34,368 : INFO : SwitchController : <<<<<<< 's_spinner' inactive >>>>>>>
2025-10-09 23:00:34,600 : INFO : SwitchController : <<<<<<< 's_spinner' active >>>>>>>
2025-10-09 23:00:34,600 : INFO : EventManager : Event: ======'s_spinner_active'====== Args={}
2025-10-09 23:00:34,600 : INFO : EventManager : Event: ======'spinner_basic_spinner_hit'====== Args={'hits': 2, 'change': 1, 'label': None}
2025-10-09 23:00:34,600 : INFO : EventManager : Event: ======'machine_var_audits_switches_s_spinner'====== Args={'value': 1477, 'prev_value': 1476, 'change': 1}
2025-10-09 23:00:34,601 : INFO : EventManager : Event: ======'player_score'====== Args={'value': 2004240, 'prev_value': 2003230, 'change': 1010, 'player_num': 1, 'source': 'base'}
2025-10-09 23:00:34,601 : INFO : EventManager : Event: ======'spinner_hit'====== Args={'elapsed': 0}
2025-10-09 23:00:34,683 : INFO : SwitchController : <<<<<<< 's_spinner' inactive >>>>>>>
2025-10-09 23:00:34,935 : INFO : SwitchController : <<<<<<< 's_spinner' active >>>>>>>
2025-10-09 23:00:34,935 : INFO : EventManager : Event: ======'s_spinner_active'====== Args={}
2025-10-09 23:00:34,935 : INFO : EventManager : Event: ======'spinner_basic_spinner_hit'====== Args={'hits': 3, 'change': 1, 'label': None}
2025-10-09 23:00:34,935 : INFO : EventManager : Event: ======'machine_var_audits_switches_s_spinner'====== Args={'value': 1478, 'prev_value': 1477, 'change': 1}
2025-10-09 23:00:34,936 : INFO : EventManager : Event: ======'player_score'====== Args={'value': 2005250, 'prev_value': 2004240, 'change': 1010, 'player_num': 1, 'source': 'base'}
2025-10-09 23:00:34,936 : INFO : EventManager : Event: ======'spinner_hit'====== Args={'elapsed': 0}
2025-10-09 23:00:35,029 : INFO : SwitchController : <<<<<<< 's_spinner' inactive >>>>>>>
2025-10-09 23:00:35,296 : INFO : SwitchController : <<<<<<< 's_spinner' active >>>>>>>
2025-10-09 23:00:35,296 : INFO : EventManager : Event: ======'s_spinner_active'====== Args={}
2025-10-09 23:00:35,296 : INFO : EventManager : Event: ======'spinner_basic_spinner_hit'====== Args={'hits': 4, 'change': 1, 'label': None}
2025-10-09 23:00:35,296 : INFO : EventManager : Event: ======'machine_var_audits_switches_s_spinner'====== Args={'value': 1479, 'prev_value': 1478, 'change': 1}
2025-10-09 23:00:35,297 : INFO : EventManager : Event: ======'player_score'====== Args={'value': 2006260, 'prev_value': 2005250, 'change': 1010, 'player_num': 1, 'source': 'base'}
2025-10-09 23:00:35,297 : INFO : EventManager : Event: ======'spinner_hit'====== Args={'elapsed': 0}
2025-10-09 23:00:35,375 : INFO : SwitchController : <<<<<<< 's_spinner' inactive >>>>>>>
2025-10-09 23:00:35,549 : INFO : SwitchController : <<<<<<< 's_spinner' active >>>>>>>
2025-10-09 23:00:35,549 : INFO : EventManager : Event: ======'s_spinner_active'====== Args={}
2025-10-09 23:00:35,549 : INFO : EventManager : Event: ======'spinner_basic_spinner_hit'====== Args={'hits': 5, 'change': 1, 'label': None}
2025-10-09 23:00:35,549 : INFO : EventManager : Event: ======'machine_var_audits_switches_s_spinner'====== Args={'value': 1480, 'prev_value': 1479, 'change': 1}
2025-10-09 23:00:35,550 : INFO : EventManager : Event: ======'player_score'====== Args={'value': 2007270, 'prev_value': 2006260, 'change': 1010, 'player_num': 1, 'source': 'base'}
2025-10-09 23:00:35,550 : INFO : EventManager : Event: ======'spinner_hit'====== Args={'elapsed': 0}
2025-10-09 23:00:35,665 : INFO : SwitchController : <<<<<<< 's_spinner' inactive >>>>>>>
2025-10-09 23:00:35,892 : INFO : SwitchController : <<<<<<< 's_spinner' active >>>>>>>
2025-10-09 23:00:35,892 : INFO : EventManager : Event: ======'s_spinner_active'====== Args={}
2025-10-09 23:00:35,892 : INFO : EventManager : Event: ======'spinner_basic_spinner_hit'====== Args={'hits': 6, 'change': 1, 'label': None}
2025-10-09 23:00:35,893 : INFO : EventManager : Event: ======'machine_var_audits_switches_s_spinner'====== Args={'value': 1481, 'prev_value': 1480, 'change': 1}
2025-10-09 23:00:35,893 : INFO : EventManager : Event: ======'player_score'====== Args={'value': 2008280, 'prev_value': 2007270, 'change': 1010, 'player_num': 1, 'source': 'base'}
2025-10-09 23:00:35,894 : INFO : EventManager : Event: ======'spinner_hit'====== Args={'elapsed': 0}
2025-10-09 23:00:35,987 : INFO : SwitchController : <<<<<<< 's_spinner' inactive >>>>>>>
2025-10-09 23:00:36,280 : INFO : SwitchController : <<<<<<< 's_spinner' active >>>>>>>
2025-10-09 23:00:36,280 : INFO : EventManager : Event: ======'s_spinner_active'====== Args={}
2025-10-09 23:00:36,280 : INFO : EventManager : Event: ======'spinner_basic_spinner_hit'====== Args={'hits': 7, 'change': 1, 'label': None}
2025-10-09 23:00:36,280 : INFO : EventManager : Event: ======'machine_var_audits_switches_s_spinner'====== Args={'value': 1482, 'prev_value': 1481, 'change': 1}
2025-10-09 23:00:36,282 : INFO : EventManager : Event: ======'player_score'====== Args={'value': 2009290, 'prev_value': 2008280, 'change': 1010, 'player_num': 1, 'source': 'base'}
2025-10-09 23:00:36,282 : INFO : EventManager : Event: ======'spinner_hit'====== Args={'elapsed': 0}
2025-10-09 23:00:36,378 : INFO : SwitchController : <<<<<<< 's_spinner' inactive >>>>>>>
2025-10-09 23:00:36,627 : INFO : SwitchController : <<<<<<< 's_spinner' active >>>>>>>
2025-10-09 23:00:36,627 : INFO : EventManager : Event: ======'s_spinner_active'====== Args={}
2025-10-09 23:00:36,627 : INFO : EventManager : Event: ======'spinner_basic_spinner_hit'====== Args={'hits': 8, 'change': 1, 'label': None}
2025-10-09 23:00:36,627 : INFO : EventManager : Event: ======'machine_var_audits_switches_s_spinner'====== Args={'value': 1483, 'prev_value': 1482, 'change': 1}
2025-10-09 23:00:36,628 : INFO : EventManager : Event: ======'player_score'====== Args={'value': 2010300, 'prev_value': 2009290, 'change': 1010, 'player_num': 1, 'source': 'base'}
2025-10-09 23:00:36,629 : INFO : EventManager : Event: ======'spinner_hit'====== Args={'elapsed': 0}
2025-10-09 23:00:36,751 : INFO : SwitchController : <<<<<<< 's_spinner' inactive >>>>>>>
2025-10-09 23:00:36,982 : INFO : SwitchController : <<<<<<< 's_spinner' active >>>>>>>
2025-10-09 23:00:36,982 : INFO : EventManager : Event: ======'s_spinner_active'====== Args={}
2025-10-09 23:00:36,983 : INFO : EventManager : Event: ======'spinner_basic_spinner_hit'====== Args={'hits': 9, 'change': 1, 'label': None}
2025-10-09 23:00:36,983 : INFO : EventManager : Event: ======'machine_var_audits_switches_s_spinner'====== Args={'value': 1484, 'prev_value': 1483, 'change': 1}
2025-10-09 23:00:36,984 : INFO : EventManager : Event: ======'player_score'====== Args={'value': 2011310, 'prev_value': 2010300, 'change': 1010, 'player_num': 1, 'source': 'base'}
2025-10-09 23:00:36,984 : INFO : EventManager : Event: ======'spinner_hit'====== Args={'elapsed': 0}
2025-10-09 23:00:37,080 : INFO : SwitchController : <<<<<<< 's_spinner' inactive >>>>>>>
2025-10-09 23:00:37,293 : INFO : SwitchController : <<<<<<< 's_spinner' active >>>>>>>
2025-10-09 23:00:37,293 : INFO : EventManager : Event: ======'s_spinner_active'====== Args={}
2025-10-09 23:00:37,293 : INFO : EventManager : Event: ======'spinner_basic_spinner_hit'====== Args={'hits': 10, 'change': 1, 'label': None}
2025-10-09 23:00:37,293 : INFO : EventManager : Event: ======'machine_var_audits_switches_s_spinner'====== Args={'value': 1485, 'prev_value': 1484, 'change': 1}
2025-10-09 23:00:37,294 : INFO : EventManager : Event: ======'player_score'====== Args={'value': 2012320, 'prev_value': 2011310, 'change': 1010, 'player_num': 1, 'source': 'base'}
2025-10-09 23:00:37,294 : INFO : EventManager : Event: ======'spinner_hit'====== Args={'elapsed': 0}
2025-10-09 23:00:37,402 : INFO : SwitchController : <<<<<<< 's_spinner' inactive >>>>>>>
2025-10-09 23:00:37,568 : INFO : SwitchController : <<<<<<< 's_spinner' active >>>>>>>
2025-10-09 23:00:37,568 : INFO : EventManager : Event: ======'s_spinner_active'====== Args={}
2025-10-09 23:00:37,568 : INFO : EventManager : Event: ======'spinner_basic_spinner_hit'====== Args={'hits': 11, 'change': 1, 'label': None}
2025-10-09 23:00:37,568 : INFO : EventManager : Event: ======'machine_var_audits_switches_s_spinner'====== Args={'value': 1486, 'prev_value': 1485, 'change': 1}
2025-10-09 23:00:37,569 : INFO : EventManager : Event: ======'player_score'====== Args={'value': 2013330, 'prev_value': 2012320, 'change': 1010, 'player_num': 1, 'source': 'base'}
2025-10-09 23:00:37,569 : INFO : EventManager : Event: ======'spinner_hit'====== Args={'elapsed': 0}
2025-10-09 23:00:37,667 : INFO : SwitchController : <<<<<<< 's_spinner' inactive >>>>>>>
2025-10-09 23:00:37,815 : INFO : SwitchController : <<<<<<< 's_spinner' active >>>>>>>
2025-10-09 23:00:37,815 : INFO : EventManager : Event: ======'s_spinner_active'====== Args={}
2025-10-09 23:00:37,815 : INFO : EventManager : Event: ======'spinner_basic_spinner_hit'====== Args={'hits': 12, 'change': 1, 'label': None}
2025-10-09 23:00:37,815 : INFO : EventManager : Event: ======'machine_var_audits_switches_s_spinner'====== Args={'value': 1487, 'prev_value': 1486, 'change': 1}
2025-10-09 23:00:37,816 : INFO : EventManager : Event: ======'player_score'====== Args={'value': 2014340, 'prev_value': 2013330, 'change': 1010, 'player_num': 1, 'source': 'base'}
2025-10-09 23:00:37,817 : INFO : EventManager : Event: ======'spinner_hit'====== Args={'elapsed': 0}
2025-10-09 23:00:37,911 : INFO : SwitchController : <<<<<<< 's_spinner' inactive >>>>>>>
2025-10-09 23:00:38,187 : INFO : SwitchController : <<<<<<< 's_spinner' active >>>>>>>
2025-10-09 23:00:38,187 : INFO : EventManager : Event: ======'s_spinner_active'====== Args={}
2025-10-09 23:00:38,187 : INFO : EventManager : Event: ======'spinner_basic_spinner_hit'====== Args={'hits': 13, 'change': 1, 'label': None}
2025-10-09 23:00:38,187 : INFO : EventManager : Event: ======'machine_var_audits_switches_s_spinner'====== Args={'value': 1488, 'prev_value': 1487, 'change': 1}
2025-10-09 23:00:38,188 : INFO : EventManager : Event: ======'player_score'====== Args={'value': 2015350, 'prev_value': 2014340, 'change': 1010, 'player_num': 1, 'source': 'base'}
2025-10-09 23:00:38,188 : INFO : EventManager : Event: ======'spinner_hit'====== Args={'elapsed': 0}
2025-10-09 23:00:38,291 : INFO : SwitchController : <<<<<<< 's_spinner' inactive >>>>>>>
2025-10-09 23:00:38,628 : INFO : SwitchController : <<<<<<< 's_spinner' active >>>>>>>
2025-10-09 23:00:38,628 : INFO : EventManager : Event: ======'s_spinner_active'====== Args={}
2025-10-09 23:00:38,629 : INFO : EventManager : Event: ======'spinner_basic_spinner_hit'====== Args={'hits': 14, 'change': 1, 'label': None}
2025-10-09 23:00:38,629 : INFO : EventManager : Event: ======'machine_var_audits_switches_s_spinner'====== Args={'value': 1489, 'prev_value': 1488, 'change': 1}
2025-10-09 23:00:38,631 : INFO : EventManager : Event: ======'player_score'====== Args={'value': 2016360, 'prev_value': 2015350, 'change': 1010, 'player_num': 1, 'source': 'base'}
2025-10-09 23:00:38,632 : INFO : EventManager : Event: ======'spinner_hit'====== Args={'elapsed': 0}
2025-10-09 23:00:38,746 : INFO : SwitchController : <<<<<<< 's_spinner' inactive >>>>>>>
2025-10-09 23:00:38,957 : INFO : SwitchController : <<<<<<< 's_spinner' active >>>>>>>
2025-10-09 23:00:38,957 : INFO : EventManager : Event: ======'s_spinner_active'====== Args={}
2025-10-09 23:00:38,957 : INFO : EventManager : Event: ======'spinner_basic_spinner_hit'====== Args={'hits': 15, 'change': 1, 'label': None}
2025-10-09 23:00:38,958 : INFO : EventManager : Event: ======'machine_var_audits_switches_s_spinner'====== Args={'value': 1490, 'prev_value': 1489, 'change': 1}
2025-10-09 23:00:38,959 : INFO : EventManager : Event: ======'player_score'====== Args={'value': 2017370, 'prev_value': 2016360, 'change': 1010, 'player_num': 1, 'source': 'base'}
2025-10-09 23:00:38,960 : INFO : EventManager : Event: ======'spinner_hit'====== Args={'elapsed': 0}
2025-10-09 23:00:39,062 : INFO : SwitchController : <<<<<<< 's_spinner' inactive >>>>>>>
2025-10-09 23:00:39,269 : INFO : SwitchController : <<<<<<< 's_spinner' active >>>>>>>
2025-10-09 23:00:39,269 : INFO : EventManager : Event: ======'s_spinner_active'====== Args={}
2025-10-09 23:00:39,269 : INFO : EventManager : Event: ======'spinner_basic_spinner_hit'====== Args={'hits': 16, 'change': 1, 'label': None}
2025-10-09 23:00:39,269 : INFO : EventManager : Event: ======'machine_var_audits_switches_s_spinner'====== Args={'value': 1491, 'prev_value': 1490, 'change': 1}
2025-10-09 23:00:39,270 : INFO : EventManager : Event: ======'player_score'====== Args={'value': 2018380, 'prev_value': 2017370, 'change': 1010, 'player_num': 1, 'source': 'base'}
2025-10-09 23:00:39,270 : INFO : EventManager : Event: ======'spinner_hit'====== Args={'elapsed': 0}
2025-10-09 23:00:39,394 : INFO : SwitchController : <<<<<<< 's_spinner' inactive >>>>>>>
2025-10-09 23:00:39,570 : INFO : SwitchController : <<<<<<< 's_spinner' active >>>>>>>
2025-10-09 23:00:39,571 : INFO : EventManager : Event: ======'s_spinner_active'====== Args={}
2025-10-09 23:00:39,571 : INFO : EventManager : Event: ======'spinner_basic_spinner_hit'====== Args={'hits': 17, 'change': 1, 'label': None}
2025-10-09 23:00:39,571 : INFO : EventManager : Event: ======'machine_var_audits_switches_s_spinner'====== Args={'value': 1492, 'prev_value': 1491, 'change': 1}
2025-10-09 23:00:39,572 : INFO : EventManager : Event: ======'player_score'====== Args={'value': 2019390, 'prev_value': 2018380, 'change': 1010, 'player_num': 1, 'source': 'base'}
2025-10-09 23:00:39,572 : INFO : EventManager : Event: ======'spinner_hit'====== Args={'elapsed': 0}
2025-10-09 23:00:39,675 : INFO : SwitchController : <<<<<<< 's_spinner' inactive >>>>>>>
2025-10-09 23:00:39,835 : INFO : SwitchController : <<<<<<< 's_spinner' active >>>>>>>
2025-10-09 23:00:39,835 : INFO : EventManager : Event: ======'s_spinner_active'====== Args={}
2025-10-09 23:00:39,835 : INFO : EventManager : Event: ======'spinner_basic_spinner_hit'====== Args={'hits': 18, 'change': 1, 'label': None}
2025-10-09 23:00:39,835 : INFO : EventManager : Event: ======'machine_var_audits_switches_s_spinner'====== Args={'value': 1493, 'prev_value': 1492, 'change': 1}
2025-10-09 23:00:39,836 : INFO : EventManager : Event: ======'player_score'====== Args={'value': 2020400, 'prev_value': 2019390, 'change': 1010, 'player_num': 1, 'source': 'base'}
2025-10-09 23:00:39,836 : INFO : EventManager : Event: ======'spinner_hit'====== Args={'elapsed': 0}
2025-10-09 23:00:39,951 : INFO : SwitchController : <<<<<<< 's_spinner' inactive >>>>>>>
2025-10-09 23:00:40,846 : INFO : EventManager : Event: ======'spinner_basic_spinner_inactive'====== Args={'hits': 18}
2025-10-09 23:00:41,062 : INFO : Machine : Shutting down...
2025-10-09 23:00:41,062 : INFO : EventManager : Event: ======'shutdown'====== Args={}
2025-10-09 23:00:41,064 : INFO : EventManager : Event: ======'mode_game_will_stop'====== Args={}
2025-10-09 23:00:41,065 : INFO : EventManager : Event: ======'mode_game_stopping'====== Args={}
2025-10-09 23:00:41,065 : INFO : EventManager : Event: ======'mode_multiball_will_stop'====== Args={}
2025-10-09 23:00:41,066 : INFO : EventManager : Event: ======'mode_multiball_stopping'====== Args={}
2025-10-09 23:00:41,066 : INFO : EventManager : Event: ======'mode_base_will_stop'====== Args={}
2025-10-09 23:00:41,066 : INFO : EventManager : Event: ======'mode_base_stopping'====== Args={}
2025-10-09 23:00:41,066 : INFO : EventManager : Event: ======'mode_carousel_will_stop'====== Args={}
2025-10-09 23:00:41,066 : INFO : EventManager : Event: ======'mode_carousel_stopping'====== Args={}
2025-10-09 23:00:41,066 : INFO : Mode.carousel : Stopped.
2025-10-09 23:00:41,066 : INFO : EventManager : Event: ======'modes_active_modes_changed'====== Args={}
2025-10-09 23:00:41,067 : INFO : EventManager : Event: ======'mode_carousel_stopped'====== Args={}
2025-10-09 23:00:41,067 : INFO : EventManager : Event: ======'clear'====== Args={'key': 'carousel'}
2025-10-09 23:00:41,067 : INFO : Mode.base : Stopped.
2025-10-09 23:00:41,067 : INFO : EventManager : Event: ======'modes_active_modes_changed'====== Args={}
2025-10-09 23:00:41,067 : INFO : EventManager : Event: ======'mode_base_stopped'====== Args={}
2025-10-09 23:00:41,068 : INFO : EventManager : Event: ======'clear'====== Args={'key': 'base'}
2025-10-09 23:00:41,068 : INFO : Mode.multiball : Stopped.
2025-10-09 23:00:41,068 : INFO : EventManager : Event: ======'modes_active_modes_changed'====== Args={}
2025-10-09 23:00:41,069 : INFO : EventManager : Event: ======'mode_multiball_stopped'====== Args={}
2025-10-09 23:00:41,069 : INFO : EventManager : Event: ======'clear'====== Args={'key': 'multiball'}
2025-10-09 23:00:41,069 : INFO : Mode.game : Stopped.
2025-10-09 23:00:41,069 : INFO : EventManager : Event: ======'modes_active_modes_changed'====== Args={}
2025-10-09 23:00:41,070 : INFO : EventManager : Event: ======'mode_game_stopped'====== Args={}
2025-10-09 23:00:41,070 : INFO : EventManager : Event: ======'clear'====== Args={'key': 'game'}
2025-10-09 23:00:41,095 : INFO : root : MPF run loop ended.
