2025-09-18 20:41:32,328 : INFO : root : Loading config.
2025-09-18 20:41:32,331 : INFO : YamlMultifileConfigLoader : Machine config file #1: config.yaml
2025-09-18 20:41:32,332 : INFO : ConfigProcessor : Loading config from cache: C:\Users\sdona\AppData\Local\Temp\1b3b705e53fd006acd47691e80f804b6.mpf_cache
2025-09-18 20:41:32,479 : INFO : ConfigProcessor : Loading config from cache: C:\Users\sdona\AppData\Local\Temp\9850977bb9bffa92584f0b363c7a65d4.mpf_cache
2025-09-18 20:41:32,480 : INFO : ConfigProcessor : Loading config from cache: C:\Users\sdona\AppData\Local\Temp\9b0a7575388f9d9bd2f6ab87bf9fd2f7.mpf_cache
2025-09-18 20:41:32,483 : INFO : Machine : Mission Pinball Framework Core Engine v0.57.3
2025-09-18 20:41:32,484 : INFO : Machine : Command line arguments: {'no_load_cache': False, 'create_config_cache': True, 'bcp': False, 'configfile': ['config.yaml'], 'force_assets_load': False, 'platform_integration_test': False, 'jsonlogging': False, 'logfile': 'logs\\2025-09-18-20-41-32-mpf-PinballLaptop.log', 'pause': False, 'production': False, 'text_ui': True, 'loglevel': 15, 'consoleloglevel': 20, 'force_platform': 'virtual', 'syslog_address': None, 'mc_file_name': None, 'no_sound': False}
2025-09-18 20:41:32,484 : INFO : Machine : MPF path: c:\venv\mpf\lib\site-packages\mpf
2025-09-18 20:41:32,484 : INFO : Machine : Machine path: C:\venv\mpf\soultrain
2025-09-18 20:41:32,484 : INFO : Machine : Platform: win32
2025-09-18 20:41:32,484 : INFO : Machine : Python executable location: c:\venv\mpf\Scripts\python.exe
2025-09-18 20:41:32,484 : INFO : Machine : Python version: 3.9.13 (64-bit)
2025-09-18 20:41:32,488 : INFO : Machine : Initializing MPF...
2025-09-18 20:41:32,806 : INFO : EventManager : Event: ======'machine_var_credits_string'====== Args={'value': 'FREE PLAY', 'prev_value': None, 'change': True}
2025-09-18 20:41:32,911 : INFO : EventManager : Event: ======'machine_var_fast_audio_headphones_volume'====== Args={'value': 10, 'prev_value': None, 'change': True}
2025-09-18 20:41:32,911 : INFO : EventManager : Event: ======'machine_var_fast_audio_main_volume'====== Args={'value': 44, 'prev_value': None, 'change': True}
2025-09-18 20:41:32,911 : INFO : EventManager : Event: ======'machine_var_master_volume'====== Args={'value': 0.15, 'prev_value': None, 'change': True}
2025-09-18 20:41:32,911 : INFO : EventManager : Event: ======'machine_var_player1_score'====== Args={'value': 54526, 'prev_value': None, 'change': True}
2025-09-18 20:41:32,911 : INFO : EventManager : Event: ======'machine_var_mpf_version'====== Args={'value': 'Mission Pinball Framework v0.57.3', 'prev_value': None, 'change': True}
2025-09-18 20:41:32,912 : INFO : EventManager : Event: ======'machine_var_mpf_extended_version'====== Args={'value': 'Mission Pinball Framework v0.57.3, Config version:6, Show version: 6, BCP version:1.1', 'prev_value': None, 'change': True}
2025-09-18 20:41:32,912 : INFO : EventManager : Event: ======'machine_var_python_version'====== Args={'value': '3.9.13', 'prev_value': None, 'change': True}
2025-09-18 20:41:33,097 : INFO : EventManager : Event: ======'machine_var_platform'====== Args={'value': 'Windows-10-10.0.26100-SP0', 'prev_value': None, 'change': True}
2025-09-18 20:41:33,097 : INFO : EventManager : Event: ======'machine_var_platform_system'====== Args={'value': 'Windows', 'prev_value': None, 'change': True}
2025-09-18 20:41:33,097 : INFO : EventManager : Event: ======'machine_var_platform_release'====== Args={'value': '10', 'prev_value': None, 'change': True}
2025-09-18 20:41:33,097 : INFO : EventManager : Event: ======'machine_var_platform_version'====== Args={'value': '10.0.26100', 'prev_value': None, 'change': True}
2025-09-18 20:41:33,098 : INFO : EventManager : Event: ======'machine_var_platform_machine'====== Args={'value': 'AMD64', 'prev_value': None, 'change': True}
2025-09-18 20:41:33,098 : INFO : EventManager : Event: ======'init_phase_1'====== Args={}
2025-09-18 20:41:33,124 : INFO : EventManager : Event: ======'drop_target_bank_three_bank_up'====== Args={}
2025-09-18 20:41:33,125 : INFO : EventManager : Event: ======'init_phase_2'====== Args={}
2025-09-18 20:41:33,125 : INFO : SwitchController : Found active switch: ('3208-0', <Platform.Virtual>) <switch.s_trough1>
2025-09-18 20:41:33,125 : INFO : SwitchController : Found active switch: ('3208-1', <Platform.Virtual>) <switch.s_trough2>
2025-09-18 20:41:33,125 : INFO : SwitchController : Found active switch: ('3208-2', <Platform.Virtual>) <switch.s_trough3>
2025-09-18 20:41:33,125 : INFO : SwitchController : Found active switch: ('3208-3', <Platform.Virtual>) <switch.s_trough4>
2025-09-18 20:41:33,125 : INFO : SwitchController : Found active switch: ('3208-4', <Platform.Virtual>) <switch.s_trough5>
2025-09-18 20:41:33,125 : INFO : SwitchController : Found active switch: ('3208-5', <Platform.Virtual>) <switch.s_trough6>
2025-09-18 20:41:33,129 : INFO : ball_device.bd_trough : BCH: Initial count: 6
2025-09-18 20:41:33,129 : INFO : ball_device.bd_trough : State: idle
2025-09-18 20:41:33,130 : INFO : ball_device.bd_plunger : BCH: Initial count: 0
2025-09-18 20:41:33,130 : INFO : ball_device.bd_plunger : State: idle
2025-09-18 20:41:33,131 : INFO : ball_device.bd_scoop : BCH: Initial count: 0
2025-09-18 20:41:33,131 : INFO : ball_device.bd_scoop : State: idle
2025-09-18 20:41:33,143 : INFO : EventManager : Event: ======'init_phase_3'====== Args={}
2025-09-18 20:41:33,145 : INFO : EventManager : Event: ======'init_phase_4'====== Args={}
2025-09-18 20:41:33,145 : INFO : BallController : Initial balls found: 6
2025-09-18 20:41:33,147 : INFO : EventManager : Event: ======'machine_var_audits_events_game_ended'====== Args={'value': 33, 'prev_value': None, 'change': True}
2025-09-18 20:41:33,147 : INFO : EventManager : Event: ======'machine_var_audits_events_game_started'====== Args={'value': 74, 'prev_value': None, 'change': True}
2025-09-18 20:41:33,147 : INFO : EventManager : Event: ======'machine_var_audits_missing_switches_s_start'====== Args={'value': 2, 'prev_value': None, 'change': True}
2025-09-18 20:41:33,148 : INFO : EventManager : Event: ======'machine_var_audits_missing_switches_s_tilt_bob'====== Args={'value': 8, 'prev_value': None, 'change': True}
2025-09-18 20:41:33,148 : INFO : EventManager : Event: ======'machine_var_audits_player_score'====== Args={'value': {'average': 13455, 'top': [55679, 54526, 46225, 25350, 24166, 23278, 20422, 20201, 14887, 14573], 'total': 34}, 'prev_value': None, 'change': True}
2025-09-18 20:41:33,148 : INFO : EventManager : Event: ======'machine_var_audits_shots_skill_captive'====== Args={'value': 16, 'prev_value': None, 'change': True}
2025-09-18 20:41:33,148 : INFO : EventManager : Event: ======'machine_var_audits_switches_s_captive_ball'====== Args={'value': 158, 'prev_value': None, 'change': True}
2025-09-18 20:41:33,148 : INFO : EventManager : Event: ======'machine_var_audits_switches_s_center_upper_pop'====== Args={'value': 182, 'prev_value': None, 'change': True}
2025-09-18 20:41:33,148 : INFO : EventManager : Event: ======'machine_var_audits_switches_s_left_flipper'====== Args={'value': 1240, 'prev_value': None, 'change': True}
2025-09-18 20:41:33,148 : INFO : EventManager : Event: ======'machine_var_audits_switches_s_left_inlane'====== Args={'value': 107, 'prev_value': None, 'change': True}
2025-09-18 20:41:33,148 : INFO : EventManager : Event: ======'machine_var_audits_switches_s_left_outlane'====== Args={'value': 53, 'prev_value': None, 'change': True}
2025-09-18 20:41:33,148 : INFO : EventManager : Event: ======'machine_var_audits_switches_s_left_slingshot'====== Args={'value': 259, 'prev_value': None, 'change': True}
2025-09-18 20:41:33,148 : INFO : EventManager : Event: ======'machine_var_audits_switches_s_left_upper_pop'====== Args={'value': 139, 'prev_value': None, 'change': True}
2025-09-18 20:41:33,148 : INFO : EventManager : Event: ======'machine_var_audits_switches_s_plunger'====== Args={'value': 429, 'prev_value': None, 'change': True}
2025-09-18 20:41:33,148 : INFO : EventManager : Event: ======'machine_var_audits_switches_s_pop_standup'====== Args={'value': 48, 'prev_value': None, 'change': True}
2025-09-18 20:41:33,149 : INFO : EventManager : Event: ======'machine_var_audits_switches_s_right_flipper'====== Args={'value': 1509, 'prev_value': None, 'change': True}
2025-09-18 20:41:33,149 : INFO : EventManager : Event: ======'machine_var_audits_switches_s_right_inlane'====== Args={'value': 104, 'prev_value': None, 'change': True}
2025-09-18 20:41:33,149 : INFO : EventManager : Event: ======'machine_var_audits_switches_s_right_lower_pop'====== Args={'value': 248, 'prev_value': None, 'change': True}
2025-09-18 20:41:33,149 : INFO : EventManager : Event: ======'machine_var_audits_switches_s_right_outlane'====== Args={'value': 51, 'prev_value': None, 'change': True}
2025-09-18 20:41:33,149 : INFO : EventManager : Event: ======'machine_var_audits_switches_s_right_slingshot'====== Args={'value': 365, 'prev_value': None, 'change': True}
2025-09-18 20:41:33,149 : INFO : EventManager : Event: ======'machine_var_audits_switches_s_scoop'====== Args={'value': 70, 'prev_value': None, 'change': True}
2025-09-18 20:41:33,149 : INFO : EventManager : Event: ======'machine_var_audits_switches_s_spinner'====== Args={'value': 1364, 'prev_value': None, 'change': True}
2025-09-18 20:41:33,149 : INFO : EventManager : Event: ======'machine_var_audits_switches_s_start'====== Args={'value': 7, 'prev_value': None, 'change': True}
2025-09-18 20:41:33,149 : INFO : EventManager : Event: ======'machine_var_audits_switches_s_three_bank_bottom'====== Args={'value': 61, 'prev_value': None, 'change': True}
2025-09-18 20:41:33,149 : INFO : EventManager : Event: ======'machine_var_audits_switches_s_three_bank_middle'====== Args={'value': 61, 'prev_value': None, 'change': True}
2025-09-18 20:41:33,150 : INFO : EventManager : Event: ======'machine_var_audits_switches_s_three_bank_standup'====== Args={'value': 64, 'prev_value': None, 'change': True}
2025-09-18 20:41:33,150 : INFO : EventManager : Event: ======'machine_var_audits_switches_s_three_bank_top'====== Args={'value': 56, 'prev_value': None, 'change': True}
2025-09-18 20:41:33,150 : INFO : EventManager : Event: ======'machine_var_audits_switches_s_tilt_bob'====== Args={'value': 21, 'prev_value': None, 'change': True}
2025-09-18 20:41:33,150 : INFO : EventManager : Event: ======'machine_var_audits_switches_s_top_right_flipper'====== Args={'value': 1294, 'prev_value': None, 'change': True}
2025-09-18 20:41:33,150 : INFO : EventManager : Event: ======'machine_var_audits_switches_s_trough1'====== Args={'value': 201, 'prev_value': None, 'change': True}
2025-09-18 20:41:33,150 : INFO : EventManager : Event: ======'machine_var_audits_switches_s_trough2'====== Args={'value': 247, 'prev_value': None, 'change': True}
2025-09-18 20:41:33,150 : INFO : EventManager : Event: ======'machine_var_audits_switches_s_trough3'====== Args={'value': 177, 'prev_value': None, 'change': True}
2025-09-18 20:41:33,150 : INFO : EventManager : Event: ======'machine_var_audits_switches_s_trough4'====== Args={'value': 159, 'prev_value': None, 'change': True}
2025-09-18 20:41:33,151 : INFO : EventManager : Event: ======'machine_var_audits_switches_s_trough5'====== Args={'value': 159, 'prev_value': None, 'change': True}
2025-09-18 20:41:33,151 : INFO : EventManager : Event: ======'machine_var_audits_switches_s_trough6'====== Args={'value': 158, 'prev_value': None, 'change': True}
2025-09-18 20:41:33,151 : INFO : EventManager : Event: ======'machine_var_audits_switches_s_trough_jam'====== Args={'value': 206, 'prev_value': None, 'change': True}
2025-09-18 20:41:33,151 : INFO : EventManager : Event: ======'machine_var_audits_switches_s_tshirt_bottom_standup'====== Args={'value': 28, 'prev_value': None, 'change': True}
2025-09-18 20:41:33,151 : INFO : EventManager : Event: ======'machine_var_audits_switches_s_tshirt_top_standup'====== Args={'value': 33, 'prev_value': None, 'change': True}
2025-09-18 20:41:33,151 : INFO : EventManager : Event: ======'machine_var_audits_switches_s_upper_pop_standup'====== Args={'value': 158, 'prev_value': None, 'change': True}
2025-09-18 20:41:33,151 : INFO : EventManager : Event: ======'machine_var_audits_switches_s_inner_orbit'====== Args={'value': 0, 'prev_value': None, 'change': True}
2025-09-18 20:41:33,151 : INFO : EventManager : Event: ======'machine_var_audits_switches_s_right_orbit'====== Args={'value': 0, 'prev_value': None, 'change': True}
2025-09-18 20:41:33,152 : INFO : EventManager : Event: ======'machine_var_audits_switches_s_left_orbit'====== Args={'value': 0, 'prev_value': None, 'change': True}
2025-09-18 20:41:33,152 : INFO : EventManager : Event: ======'machine_var_audits_switches_s_right_ramp'====== Args={'value': 0, 'prev_value': None, 'change': True}
2025-09-18 20:41:33,152 : INFO : EventManager : Event: ======'machine_var_audits_switches_s_left_ramp'====== Args={'value': 0, 'prev_value': None, 'change': True}
2025-09-18 20:41:33,152 : INFO : EventManager : Event: ======'init_phase_5'====== Args={}
2025-09-18 20:41:33,206 : INFO : EventManager : Event: ======'init_done'====== Args={}
2025-09-18 20:41:33,206 : INFO : EventManager : Event: ======'machine_reset_phase_1'====== Args={}
2025-09-18 20:41:33,206 : INFO : EventManager : Event: ======'machine_reset_phase_2'====== Args={}
2025-09-18 20:41:33,206 : INFO : EventManager : Event: ======'machine_reset_phase_3'====== Args={}
2025-09-18 20:41:33,206 : INFO : drop_target_bank.three_bank : All targets are already up. Will not reset bank.
2025-09-18 20:41:33,206 : INFO : EventManager : Event: ======'reset_complete'====== Args={}
2025-09-18 20:41:33,206 : INFO : EventManager : Event: ======'mode_attract_will_start'====== Args={}
2025-09-18 20:41:33,207 : INFO : EventManager : Event: ======'mode_attract_starting'====== Args={}
2025-09-18 20:41:33,207 : INFO : Mode.attract : Started. Priority: 10
2025-09-18 20:41:33,207 : INFO : EventManager : Event: ======'modes_active_modes_changed'====== Args={}
2025-09-18 20:41:33,207 : INFO : EventManager : Event: ======'mode_attract_started'====== Args={}
2025-09-18 20:41:33,207 : INFO : EventManager : Event: ======'collecting_balls_complete'====== Args={}
2025-09-18 20:41:33,228 : INFO : Machine : Starting the main run loop with active modes: [<Mode.attract>]
2025-09-18 20:42:28,519 : INFO : Machine : Shutting down...
2025-09-18 20:42:28,519 : INFO : EventManager : Event: ======'shutdown'====== Args={}
2025-09-18 20:42:28,521 : INFO : root : MPF run loop ended.
