2025-10-10 00:25:13,381 : INFO : root : Loading config.
2025-10-10 00:25:13,385 : INFO : YamlMultifileConfigLoader : Machine config file #1: config.yaml
2025-10-10 00:25:13,385 : INFO : ConfigProcessor : Loading config from cache: C:\Users\sdona\AppData\Local\Temp\19f6d0d7953982fda9d956182316b8e5.mpf_cache
2025-10-10 00:25:13,492 : INFO : ConfigProcessor : Loading config from cache: C:\Users\sdona\AppData\Local\Temp\835b5bfea4be8b279a05e96caaaffbbb.mpf_cache
2025-10-10 00:25:13,494 : INFO : ConfigProcessor : Loading config from cache: C:\Users\sdona\AppData\Local\Temp\9b0a7575388f9d9bd2f6ab87bf9fd2f7.mpf_cache
2025-10-10 00:25:13,495 : INFO : ConfigProcessor : Loading config from cache: C:\Users\sdona\AppData\Local\Temp\c340ec0033d1055cd797ffd5447ef414.mpf_cache
2025-10-10 00:25:13,496 : INFO : ConfigProcessor : Loading config from cache: C:\Users\sdona\AppData\Local\Temp\835b5bfea4be8b279a05e96caaaffbbb.mpf_cache
2025-10-10 00:25:13,497 : INFO : ConfigProcessor : Loading config from cache: C:\Users\sdona\AppData\Local\Temp\8c11a28e3c38d4ad47947b6a126f2ee9.mpf_cache
2025-10-10 00:25:13,497 : INFO : ConfigProcessor : Loading config from cache: C:\Users\sdona\AppData\Local\Temp\e391083cdc9e667060411fe5838e93f2.mpf_cache
2025-10-10 00:25:13,498 : INFO : ConfigProcessor : Loading config from cache: C:\Users\sdona\AppData\Local\Temp\f0c219a993d891ee86dcb7eae47dde67.mpf_cache
2025-10-10 00:25:13,499 : INFO : ConfigProcessor : Loading config from cache: C:\Users\sdona\AppData\Local\Temp\96aa58108928490b129531848cd9b506.mpf_cache
2025-10-10 00:25:13,500 : INFO : ConfigProcessor : Loading config from cache: C:\Users\sdona\AppData\Local\Temp\567636b9d9766e3361204e954a8382da.mpf_cache
2025-10-10 00:25:13,501 : INFO : Machine : Mission Pinball Framework Core Engine v0.80.0.dev9
2025-10-10 00:25:13,501 : INFO : Machine : Command line arguments: {'no_load_cache': False, 'create_config_cache': True, 'bcp': True, 'configfile': ['config.yaml'], 'force_assets_load': False, 'platform_integration_test': False, 'jsonlogging': False, 'logfile': 'logs\\2025-10-10-00-25-13-mpf-PinballLaptop.log', 'pause': False, 'production': False, 'text_ui': True, 'loglevel': 15, 'consoleloglevel': 20, 'force_platform': 'smart_virtual', 'syslog_address': None, 'full_logfile_path': 'C:\\venv\\mpf\\mmmdrop\\logs\\2025-10-10-00-25-13-mpf-PinballLaptop.log'}
2025-10-10 00:25:13,501 : INFO : Machine : MPF path: c:\venv\mpf\lib\site-packages\mpf
2025-10-10 00:25:13,501 : INFO : Machine : Machine path: C:\venv\mpf\mmmdrop
2025-10-10 00:25:13,501 : INFO : Machine : Platform: win32
2025-10-10 00:25:13,501 : INFO : Machine : Python executable location: c:\venv\mpf\Scripts\python.exe
2025-10-10 00:25:13,501 : INFO : Machine : Python version: 3.9.13 (64-bit)
2025-10-10 00:25:13,503 : INFO : Machine : Initializing MPF...
2025-10-10 00:25:13,713 : INFO : EventManager : Event: ======'machine_var_credits_string'====== Args={'value': 'FREE PLAY', 'prev_value': None, 'change': True}
2025-10-10 00:25:13,745 : INFO : EventManager : Event: ======'machine_var_fast_audio_headphones_volume'====== Args={'value': 10, 'prev_value': None, 'change': True}
2025-10-10 00:25:13,746 : INFO : EventManager : Event: ======'machine_var_fast_audio_main_volume'====== Args={'value': 44, 'prev_value': None, 'change': True}
2025-10-10 00:25:13,746 : INFO : EventManager : Event: ======'machine_var_master_volume'====== Args={'value': 0.15, 'prev_value': None, 'change': True}
2025-10-10 00:25:13,746 : INFO : EventManager : Event: ======'machine_var_player1_score'====== Args={'value': 2075720, 'prev_value': None, 'change': True}
2025-10-10 00:25:13,746 : INFO : EventManager : Event: ======'machine_var_mpf_version'====== Args={'value': 'Mission Pinball Framework v0.80.0.dev9', 'prev_value': None, 'change': True}
2025-10-10 00:25:13,746 : INFO : EventManager : Event: ======'machine_var_mpf_extended_version'====== Args={'value': 'Mission Pinball Framework v0.80.0.dev9, Config version:6, Show version: 6, BCP version:1.1', 'prev_value': None, 'change': True}
2025-10-10 00:25:13,746 : INFO : EventManager : Event: ======'machine_var_python_version'====== Args={'value': '3.9.13', 'prev_value': None, 'change': True}
2025-10-10 00:25:13,790 : INFO : EventManager : Event: ======'machine_var_platform'====== Args={'value': 'Windows-10-10.0.26100-SP0', 'prev_value': None, 'change': True}
2025-10-10 00:25:13,791 : INFO : EventManager : Event: ======'machine_var_platform_system'====== Args={'value': 'Windows', 'prev_value': None, 'change': True}
2025-10-10 00:25:13,791 : INFO : EventManager : Event: ======'machine_var_platform_release'====== Args={'value': '10', 'prev_value': None, 'change': True}
2025-10-10 00:25:13,791 : INFO : EventManager : Event: ======'machine_var_platform_version'====== Args={'value': '10.0.26100', 'prev_value': None, 'change': True}
2025-10-10 00:25:13,791 : INFO : EventManager : Event: ======'machine_var_platform_machine'====== Args={'value': 'AMD64', 'prev_value': None, 'change': True}
2025-10-10 00:25:13,791 : INFO : EventManager : Event: ======'machine_var_log_file_path'====== Args={'value': 'C:\\venv\\mpf\\mmmdrop\\logs\\2025-10-10-00-25-13-mpf-PinballLaptop.log', 'prev_value': None, 'change': True}
2025-10-10 00:25:13,791 : INFO : EventManager : Event: ======'init_phase_1'====== Args={}
2025-10-10 00:25:13,825 : INFO : EventManager : Event: ======'drop_target_bank_three_bank_up'====== Args={}
2025-10-10 00:25:13,826 : INFO : EventManager : Event: ======'init_phase_2'====== Args={}
2025-10-10 00:25:13,826 : INFO : SwitchController : Found active switch: ('3208-0', <Platform.SmartVirtual>) <switch.s_trough1>
2025-10-10 00:25:13,826 : INFO : SwitchController : Found active switch: ('3208-1', <Platform.SmartVirtual>) <switch.s_trough2>
2025-10-10 00:25:13,826 : INFO : SwitchController : Found active switch: ('3208-2', <Platform.SmartVirtual>) <switch.s_trough3>
2025-10-10 00:25:13,826 : INFO : SwitchController : Found active switch: ('3208-3', <Platform.SmartVirtual>) <switch.s_trough4>
2025-10-10 00:25:13,826 : INFO : SwitchController : Found active switch: ('3208-4', <Platform.SmartVirtual>) <switch.s_trough5>
2025-10-10 00:25:13,826 : INFO : SwitchController : Found active switch: ('3208-5', <Platform.SmartVirtual>) <switch.s_trough6>
2025-10-10 00:25:13,834 : INFO : EventManager : Event: ======'bcp_connection_attempt'====== Args={'name': 'local_display', 'host': 'localhost', 'port': 5050}
2025-10-10 00:25:13,836 : INFO : BCPClientSocket : Connecting BCP to 'local_display' at localhost:5050...
2025-10-10 00:25:16,912 : INFO : BCPClientSocket : Connected BCP to 'local_display' localhost:5050
2025-10-10 00:25:16,912 : INFO : EventManager : Event: ======'bcp_clients_connected'====== Args={}
2025-10-10 00:25:17,066 : INFO : ball_device.bd_trough : BCH: Initial count: 6
2025-10-10 00:25:17,066 : INFO : ball_device.bd_trough : State: idle
2025-10-10 00:25:17,067 : INFO : ball_device.bd_plunger : BCH: Initial count: 0
2025-10-10 00:25:17,067 : INFO : ball_device.bd_plunger : State: idle
2025-10-10 00:25:17,068 : INFO : ball_device.bd_scoop : BCH: Initial count: 0
2025-10-10 00:25:17,069 : INFO : ball_device.bd_scoop : State: idle
2025-10-10 00:25:17,087 : INFO : EventManager : Event: ======'init_phase_3'====== Args={}
2025-10-10 00:25:17,090 : INFO : EventManager : Event: ======'init_phase_4'====== Args={}
2025-10-10 00:25:17,090 : INFO : BallController : Initial balls found: 6
2025-10-10 00:25:17,092 : INFO : EventManager : Event: ======'machine_var_audits_events_game_ended'====== Args={'value': 37, 'prev_value': None, 'change': True}
2025-10-10 00:25:17,093 : INFO : EventManager : Event: ======'machine_var_audits_events_game_started'====== Args={'value': 353, 'prev_value': None, 'change': True}
2025-10-10 00:25:17,093 : INFO : EventManager : Event: ======'machine_var_audits_missing_switches_s_captive_ball'====== Args={'value': 6, 'prev_value': None, 'change': True}
2025-10-10 00:25:17,093 : INFO : EventManager : Event: ======'machine_var_audits_missing_switches_s_center_upper_pop'====== Args={'value': 9, 'prev_value': None, 'change': True}
2025-10-10 00:25:17,093 : INFO : EventManager : Event: ======'machine_var_audits_missing_switches_s_inner_orbit'====== Args={'value': 9, 'prev_value': None, 'change': True}
2025-10-10 00:25:17,093 : INFO : EventManager : Event: ======'machine_var_audits_missing_switches_s_left_flipper'====== Args={'value': 63, 'prev_value': None, 'change': True}
2025-10-10 00:25:17,093 : INFO : EventManager : Event: ======'machine_var_audits_missing_switches_s_left_inlane'====== Args={'value': 9, 'prev_value': None, 'change': True}
2025-10-10 00:25:17,093 : INFO : EventManager : Event: ======'machine_var_audits_missing_switches_s_left_orbit'====== Args={'value': 6, 'prev_value': None, 'change': True}
2025-10-10 00:25:17,093 : INFO : EventManager : Event: ======'machine_var_audits_missing_switches_s_left_outlane'====== Args={'value': 97, 'prev_value': None, 'change': True}
2025-10-10 00:25:17,093 : INFO : EventManager : Event: ======'machine_var_audits_missing_switches_s_left_ramp'====== Args={'value': 6, 'prev_value': None, 'change': True}
2025-10-10 00:25:17,094 : INFO : EventManager : Event: ======'machine_var_audits_missing_switches_s_left_slingshot'====== Args={'value': 279, 'prev_value': None, 'change': True}
2025-10-10 00:25:17,094 : INFO : EventManager : Event: ======'machine_var_audits_missing_switches_s_left_upper_pop'====== Args={'value': 9, 'prev_value': None, 'change': True}
2025-10-10 00:25:17,094 : INFO : EventManager : Event: ======'machine_var_audits_missing_switches_s_pop_standup'====== Args={'value': 6, 'prev_value': None, 'change': True}
2025-10-10 00:25:17,094 : INFO : EventManager : Event: ======'machine_var_audits_missing_switches_s_right_flipper'====== Args={'value': 63, 'prev_value': None, 'change': True}
2025-10-10 00:25:17,094 : INFO : EventManager : Event: ======'machine_var_audits_missing_switches_s_right_inlane'====== Args={'value': 9, 'prev_value': None, 'change': True}
2025-10-10 00:25:17,094 : INFO : EventManager : Event: ======'machine_var_audits_missing_switches_s_right_orbit'====== Args={'value': 6, 'prev_value': None, 'change': True}
2025-10-10 00:25:17,094 : INFO : EventManager : Event: ======'machine_var_audits_missing_switches_s_right_outlane'====== Args={'value': 164, 'prev_value': None, 'change': True}
2025-10-10 00:25:17,094 : INFO : EventManager : Event: ======'machine_var_audits_missing_switches_s_right_ramp'====== Args={'value': 6, 'prev_value': None, 'change': True}
2025-10-10 00:25:17,094 : INFO : EventManager : Event: ======'machine_var_audits_missing_switches_s_right_slingshot'====== Args={'value': 129, 'prev_value': None, 'change': True}
2025-10-10 00:25:17,095 : INFO : EventManager : Event: ======'machine_var_audits_missing_switches_s_scoop'====== Args={'value': 6, 'prev_value': None, 'change': True}
2025-10-10 00:25:17,095 : INFO : EventManager : Event: ======'machine_var_audits_missing_switches_s_spinner'====== Args={'value': 7, 'prev_value': None, 'change': True}
2025-10-10 00:25:17,095 : INFO : EventManager : Event: ======'machine_var_audits_missing_switches_s_start'====== Args={'value': 62, 'prev_value': None, 'change': True}
2025-10-10 00:25:17,095 : INFO : EventManager : Event: ======'machine_var_audits_missing_switches_s_tilt_bob'====== Args={'value': 287, 'prev_value': None, 'change': True}
2025-10-10 00:25:17,095 : INFO : EventManager : Event: ======'machine_var_audits_missing_switches_s_top_right_flipper'====== Args={'value': 279, 'prev_value': None, 'change': True}
2025-10-10 00:25:17,095 : INFO : EventManager : Event: ======'machine_var_audits_missing_switches_s_trough1'====== Args={'value': 13, 'prev_value': None, 'change': True}
2025-10-10 00:25:17,095 : INFO : EventManager : Event: ======'machine_var_audits_missing_switches_s_trough4'====== Args={'value': 278, 'prev_value': None, 'change': True}
2025-10-10 00:25:17,095 : INFO : EventManager : Event: ======'machine_var_audits_missing_switches_s_trough5'====== Args={'value': 278, 'prev_value': None, 'change': True}
2025-10-10 00:25:17,095 : INFO : EventManager : Event: ======'machine_var_audits_missing_switches_s_trough6'====== Args={'value': 128, 'prev_value': None, 'change': True}
2025-10-10 00:25:17,096 : INFO : EventManager : Event: ======'machine_var_audits_missing_switches_s_trough_jam'====== Args={'value': 279, 'prev_value': None, 'change': True}
2025-10-10 00:25:17,096 : INFO : EventManager : Event: ======'machine_var_audits_missing_switches_s_tshirt_bottom_standup'====== Args={'value': 125, 'prev_value': None, 'change': True}
2025-10-10 00:25:17,096 : INFO : EventManager : Event: ======'machine_var_audits_missing_switches_s_tshirt_top_standup'====== Args={'value': 104, 'prev_value': None, 'change': True}
2025-10-10 00:25:17,096 : INFO : EventManager : Event: ======'machine_var_audits_missing_switches_s_upper_pop_standup'====== Args={'value': 279, 'prev_value': None, 'change': True}
2025-10-10 00:25:17,096 : INFO : EventManager : Event: ======'machine_var_audits_player_score'====== Args={'value': {'average': 70949, 'top': [2075720, 140190, 55679, 54526, 46225, 25350, 24166, 23278, 22740, 20422], 'total': 38}, 'prev_value': None, 'change': True}
2025-10-10 00:25:17,096 : INFO : EventManager : Event: ======'machine_var_audits_shots_skill_captive'====== Args={'value': 16, 'prev_value': None, 'change': True}
2025-10-10 00:25:17,096 : INFO : EventManager : Event: ======'machine_var_audits_shots_skill_drop_targets'====== Args={'value': 136, 'prev_value': None, 'change': True}
2025-10-10 00:25:17,096 : INFO : EventManager : Event: ======'machine_var_audits_shots_skill_side_targets'====== Args={'value': 27, 'prev_value': None, 'change': True}
2025-10-10 00:25:17,097 : INFO : EventManager : Event: ======'machine_var_audits_switches_s_captive_ball'====== Args={'value': 184, 'prev_value': None, 'change': True}
2025-10-10 00:25:17,097 : INFO : EventManager : Event: ======'machine_var_audits_switches_s_center_upper_pop'====== Args={'value': 203, 'prev_value': None, 'change': True}
2025-10-10 00:25:17,097 : INFO : EventManager : Event: ======'machine_var_audits_switches_s_inner_orbit'====== Args={'value': 1, 'prev_value': None, 'change': True}
2025-10-10 00:25:17,097 : INFO : EventManager : Event: ======'machine_var_audits_switches_s_left_flipper'====== Args={'value': 1247, 'prev_value': None, 'change': True}
2025-10-10 00:25:17,097 : INFO : EventManager : Event: ======'machine_var_audits_switches_s_left_inlane'====== Args={'value': 111, 'prev_value': None, 'change': True}
2025-10-10 00:25:17,097 : INFO : EventManager : Event: ======'machine_var_audits_switches_s_left_orbit'====== Args={'value': 55, 'prev_value': None, 'change': True}
2025-10-10 00:25:17,097 : INFO : EventManager : Event: ======'machine_var_audits_switches_s_left_outlane'====== Args={'value': 56, 'prev_value': None, 'change': True}
2025-10-10 00:25:17,097 : INFO : EventManager : Event: ======'machine_var_audits_switches_s_left_ramp'====== Args={'value': 100, 'prev_value': None, 'change': True}
2025-10-10 00:25:17,097 : INFO : EventManager : Event: ======'machine_var_audits_switches_s_left_slingshot'====== Args={'value': 259, 'prev_value': None, 'change': True}
2025-10-10 00:25:17,098 : INFO : EventManager : Event: ======'machine_var_audits_switches_s_left_upper_pop'====== Args={'value': 157, 'prev_value': None, 'change': True}
2025-10-10 00:25:17,098 : INFO : EventManager : Event: ======'machine_var_audits_switches_s_plunger'====== Args={'value': 939, 'prev_value': None, 'change': True}
2025-10-10 00:25:17,098 : INFO : EventManager : Event: ======'machine_var_audits_switches_s_pop_standup'====== Args={'value': 94, 'prev_value': None, 'change': True}
2025-10-10 00:25:17,098 : INFO : EventManager : Event: ======'machine_var_audits_switches_s_right_flipper'====== Args={'value': 1521, 'prev_value': None, 'change': True}
2025-10-10 00:25:17,098 : INFO : EventManager : Event: ======'machine_var_audits_switches_s_right_inlane'====== Args={'value': 107, 'prev_value': None, 'change': True}
2025-10-10 00:25:17,098 : INFO : EventManager : Event: ======'machine_var_audits_switches_s_right_lower_pop'====== Args={'value': 493, 'prev_value': None, 'change': True}
2025-10-10 00:25:17,098 : INFO : EventManager : Event: ======'machine_var_audits_switches_s_right_orbit'====== Args={'value': 57, 'prev_value': None, 'change': True}
2025-10-10 00:25:17,098 : INFO : EventManager : Event: ======'machine_var_audits_switches_s_right_outlane'====== Args={'value': 53, 'prev_value': None, 'change': True}
2025-10-10 00:25:17,100 : INFO : EventManager : Event: ======'machine_var_audits_switches_s_right_ramp'====== Args={'value': 106, 'prev_value': None, 'change': True}
2025-10-10 00:25:17,100 : INFO : EventManager : Event: ======'machine_var_audits_switches_s_right_slingshot'====== Args={'value': 366, 'prev_value': None, 'change': True}
2025-10-10 00:25:17,100 : INFO : EventManager : Event: ======'machine_var_audits_switches_s_scoop'====== Args={'value': 272, 'prev_value': None, 'change': True}
2025-10-10 00:25:17,100 : INFO : EventManager : Event: ======'machine_var_audits_switches_s_spinner'====== Args={'value': 1555, 'prev_value': None, 'change': True}
2025-10-10 00:25:17,100 : INFO : EventManager : Event: ======'machine_var_audits_switches_s_start'====== Args={'value': 56, 'prev_value': None, 'change': True}
2025-10-10 00:25:17,100 : INFO : EventManager : Event: ======'machine_var_audits_switches_s_three_bank_bottom'====== Args={'value': 350, 'prev_value': None, 'change': True}
2025-10-10 00:25:17,100 : INFO : EventManager : Event: ======'machine_var_audits_switches_s_three_bank_middle'====== Args={'value': 393, 'prev_value': None, 'change': True}
2025-10-10 00:25:17,100 : INFO : EventManager : Event: ======'machine_var_audits_switches_s_three_bank_standup'====== Args={'value': 209, 'prev_value': None, 'change': True}
2025-10-10 00:25:17,100 : INFO : EventManager : Event: ======'machine_var_audits_switches_s_three_bank_top'====== Args={'value': 386, 'prev_value': None, 'change': True}
2025-10-10 00:25:17,100 : INFO : EventManager : Event: ======'machine_var_audits_switches_s_tilt_bob'====== Args={'value': 21, 'prev_value': None, 'change': True}
2025-10-10 00:25:17,100 : INFO : EventManager : Event: ======'machine_var_audits_switches_s_top_right_flipper'====== Args={'value': 1294, 'prev_value': None, 'change': True}
2025-10-10 00:25:17,101 : INFO : EventManager : Event: ======'machine_var_audits_switches_s_trough1'====== Args={'value': 264, 'prev_value': None, 'change': True}
2025-10-10 00:25:17,101 : INFO : EventManager : Event: ======'machine_var_audits_switches_s_trough2'====== Args={'value': 282, 'prev_value': None, 'change': True}
2025-10-10 00:25:17,101 : INFO : EventManager : Event: ======'machine_var_audits_switches_s_trough3'====== Args={'value': 216, 'prev_value': None, 'change': True}
2025-10-10 00:25:17,101 : INFO : EventManager : Event: ======'machine_var_audits_switches_s_trough4'====== Args={'value': 160, 'prev_value': None, 'change': True}
2025-10-10 00:25:17,101 : INFO : EventManager : Event: ======'machine_var_audits_switches_s_trough5'====== Args={'value': 160, 'prev_value': None, 'change': True}
2025-10-10 00:25:17,101 : INFO : EventManager : Event: ======'machine_var_audits_switches_s_trough6'====== Args={'value': 161, 'prev_value': None, 'change': True}
2025-10-10 00:25:17,101 : INFO : EventManager : Event: ======'machine_var_audits_switches_s_trough_jam'====== Args={'value': 206, 'prev_value': None, 'change': True}
2025-10-10 00:25:17,101 : INFO : EventManager : Event: ======'machine_var_audits_switches_s_tshirt_bottom_standup'====== Args={'value': 31, 'prev_value': None, 'change': True}
2025-10-10 00:25:17,101 : INFO : EventManager : Event: ======'machine_var_audits_switches_s_tshirt_top_standup'====== Args={'value': 58, 'prev_value': None, 'change': True}
2025-10-10 00:25:17,101 : INFO : EventManager : Event: ======'machine_var_audits_switches_s_upper_pop_standup'====== Args={'value': 158, 'prev_value': None, 'change': True}
2025-10-10 00:25:17,102 : INFO : EventManager : Event: ======'init_phase_5'====== Args={}
2025-10-10 00:25:17,158 : INFO : EventManager : Event: ======'init_done'====== Args={}
2025-10-10 00:25:17,159 : INFO : EventManager : Event: ======'machine_reset_phase_1'====== Args={}
2025-10-10 00:25:17,165 : INFO : EventManager : Event: ======'machine_reset_phase_2'====== Args={}
2025-10-10 00:25:17,165 : INFO : EventManager : Event: ======'machine_reset_phase_3'====== Args={}
2025-10-10 00:25:17,165 : INFO : drop_target_bank.three_bank : All targets are already up. Will not reset bank.
2025-10-10 00:25:17,166 : INFO : EventManager : Event: ======'reset_complete'====== Args={}
2025-10-10 00:25:17,166 : INFO : EventManager : Event: ======'mode_attract_will_start'====== Args={}
2025-10-10 00:25:17,167 : INFO : EventManager : Event: ======'mode_attract_starting'====== Args={}
2025-10-10 00:25:17,167 : INFO : Mode.attract : Started. Priority: 10
2025-10-10 00:25:17,167 : INFO : EventManager : Event: ======'modes_active_modes_changed'====== Args={}
2025-10-10 00:25:17,167 : INFO : EventManager : Event: ======'mode_attract_started'====== Args={}
2025-10-10 00:25:17,167 : INFO : EventManager : Event: ======'collecting_balls_complete'====== Args={}
2025-10-10 00:25:17,187 : INFO : Machine : Starting the main run loop with active modes: [<Mode.attract>]
2025-10-10 00:25:17,190 : INFO : EventManager : Event: ======'slide_loading_created'====== Args={'_from_bcp': True}
2025-10-10 00:25:17,190 : INFO : EventManager : Event: ======'slide__removed'====== Args={'_from_bcp': True}
2025-10-10 00:25:17,190 : INFO : EventManager : Event: ======'slide_loading_active'====== Args={'original_context': '_global', 'original_calling_context': 'init_done', 'priority': 0.0, 'cmd': 'slides_play', '_from_bcp': True}
2025-10-10 00:25:17,302 : INFO : EventManager : Event: ======'slide_attract_created'====== Args={'_from_bcp': True}
2025-10-10 00:25:17,302 : INFO : EventManager : Event: ======'slide_loading_inactive'====== Args={'is_removing': True, '_from_bcp': True}
2025-10-10 00:25:17,302 : INFO : EventManager : Event: ======'slide_attract_active'====== Args={'original_context': 'attract', 'original_calling_context': 'mode_attract_started', 'priority': 10.0, 'cmd': 'slides_play', '_from_bcp': True}
2025-10-10 00:25:17,302 : INFO : EventManager : Event: ======'slide_loading_removed'====== Args={'_from_bcp': True}
2025-10-10 00:25:17,827 : INFO : BcpServer : New client connected.
2025-10-10 00:25:18,109 : INFO : SwitchController : <<<<<<< 's_start' active >>>>>>>
2025-10-10 00:25:18,226 : INFO : SwitchController : <<<<<<< 's_start' inactive >>>>>>>
2025-10-10 00:25:18,226 : INFO : EventManager : Event: ======'request_to_start_game'====== Args={}
2025-10-10 00:25:18,227 : INFO : EventManager : Event: ======'game_start'====== Args={'buttons': [], 'hold_time': 0.11000000000058208}
2025-10-10 00:25:18,227 : INFO : EventManager : Event: ======'mode_game_will_start'====== Args={'buttons': [], 'hold_time': 0.11000000000058208}
2025-10-10 00:25:18,227 : INFO : EventManager : Event: ======'mode_game_starting'====== Args={'buttons': [], 'hold_time': 0.11000000000058208}
2025-10-10 00:25:18,228 : INFO : EventManager : Event: ======'mode_attract_will_stop'====== Args={}
2025-10-10 00:25:18,228 : INFO : EventManager : Event: ======'mode_attract_stopping'====== Args={}
2025-10-10 00:25:18,228 : INFO : Mode.attract : Stopped.
2025-10-10 00:25:18,228 : INFO : EventManager : Event: ======'modes_active_modes_changed'====== Args={}
2025-10-10 00:25:18,228 : INFO : EventManager : Event: ======'mode_attract_stopped'====== Args={}
2025-10-10 00:25:18,228 : INFO : EventManager : Event: ======'clear'====== Args={'key': 'attract'}
2025-10-10 00:25:18,229 : INFO : Mode.game : Started. Priority: 20
2025-10-10 00:25:18,229 : INFO : EventManager : Event: ======'modes_active_modes_changed'====== Args={}
2025-10-10 00:25:18,229 : INFO : EventManager : Event: ======'mode_game_started'====== Args={'buttons': [], 'hold_time': 0.11000000000058208}
2025-10-10 00:25:18,233 : INFO : EventManager : Event: ======'game_will_start'====== Args={}
2025-10-10 00:25:18,234 : INFO : EventManager : Event: ======'game_starting'====== Args={'game': <Mode.game>}
2025-10-10 00:25:18,235 : INFO : EventManager : Unordered handler for class <Auditor> on event game_ended with priority 1. Handlers: [RegisteredHandler(callback=<bound method Auditor.disable of <Auditor>>, priority=1, kwargs={}, key=UUID('4febfa5b-f0f6-42cd-bbf5-e7e9a8789374'), condition=None, blocking_facility=None), RegisteredHandler(callback=<bound method Auditor._save_audits of <Auditor>>, priority=1, kwargs={}, key=UUID('1535a427-9b0a-4c59-a9af-7edbdcc0a7bc'), condition=None, blocking_facility=None)]. The order of those handlers is not defined and they will be executed in random order. This might lead to race conditions and potential bugs.
2025-10-10 00:25:18,236 : INFO : EventManager : Event: ======'player_add_request'====== Args={}
2025-10-10 00:25:18,236 : INFO : EventManager : Event: ======'player_will_add'====== Args={'number': 1}
2025-10-10 00:25:18,237 : INFO : EventManager : Event: ======'player_adding'====== Args={'player': <Player 1>, 'number': 1}
2025-10-10 00:25:18,237 : INFO : EventManager : Event: ======'player_added'====== Args={'player': <Player 1>, 'num': 1}
2025-10-10 00:25:18,237 : INFO : Mode.game : Player added successfully. Total players: 1
2025-10-10 00:25:18,237 : INFO : EventManager : Event: ======'player_index'====== Args={'value': 0, 'prev_value': 0, 'change': 0, 'player_num': 1}
2025-10-10 00:25:18,237 : INFO : EventManager : Event: ======'player_number'====== Args={'value': 1, 'prev_value': 1, 'change': 0, 'player_num': 1}
2025-10-10 00:25:18,238 : INFO : EventManager : Event: ======'player_score'====== Args={'value': 0, 'prev_value': 0, 'change': 0, 'player_num': 1}
2025-10-10 00:25:18,238 : INFO : EventManager : Event: ======'game_started'====== Args={}
2025-10-10 00:25:18,246 : INFO : EventManager : Event: ======'player_turn_will_start'====== Args={'player': <Player 1>, 'number': 1}
2025-10-10 00:25:18,253 : INFO : EventManager : Event: ======'player_turn_starting'====== Args={'player': <Player 1>, 'number': 1}
2025-10-10 00:25:18,254 : INFO : EventManager : Event: ======'player_ball'====== Args={'value': 1, 'prev_value': 0, 'change': 1, 'player_num': 1}
2025-10-10 00:25:18,255 : INFO : EventManager : Event: ======'player_turn_started'====== Args={'player': <Player 1>, 'number': 1}
2025-10-10 00:25:18,256 : INFO : EventManager : Event: ======'ball_will_start'====== Args={'player': 1, 'ball': 1, 'balls_remaining': 2, 'is_extra_ball': False}
2025-10-10 00:25:18,259 : INFO : EventManager : Event: ======'ball_starting'====== Args={'player': 1, 'ball': 1, 'balls_remaining': 2, 'is_extra_ball': False}
2025-10-10 00:25:18,260 : INFO : EventManager : Event: ======'mode_base_will_start'====== Args={'queue': <QueuedEvent>, 'player': 1, 'ball': 1, 'balls_remaining': 2, 'is_extra_ball': False}
2025-10-10 00:25:18,267 : INFO : EventManager : Event: ======'mode_base_starting'====== Args={'queue': <QueuedEvent>, 'player': 1, 'ball': 1, 'balls_remaining': 2, 'is_extra_ball': False}
2025-10-10 00:25:18,267 : INFO : drop_target_bank.three_bank : All targets are already up. Will not reset bank.
2025-10-10 00:25:18,267 : INFO : EventManager : Event: ======'balls_in_play'====== Args={'balls': 1}
2025-10-10 00:25:18,267 : INFO : EventManager : Event: ======'ball_started'====== Args={'player': 1, 'ball': 1, 'balls_remaining': 2, 'is_extra_ball': False}
2025-10-10 00:25:18,267 : INFO : EventManager : Event: ======'logicblock_qualify_chcheckitout_multiball_updated'====== Args={'value': 0, 'enabled': True}
2025-10-10 00:25:18,267 : INFO : EventManager : Event: ======'logicblock_drop_target_bank_counter_updated'====== Args={'value': 0, 'enabled': True}
2025-10-10 00:25:18,268 : INFO : EventManager : Event: ======'logicblock_qualify_chcheckitout_multiball_updated'====== Args={'value': 0, 'enabled': True}
2025-10-10 00:25:18,268 : INFO : EventManager : Event: ======'logicblock_chcheckitout_multiball_ready_updated'====== Args={'value': 0, 'enabled': False}
2025-10-10 00:25:18,268 : INFO : EventManager : Event: ======'logicblock_drop_target_bank_counter_updated'====== Args={'value': 0, 'enabled': True}
2025-10-10 00:25:18,268 : INFO : Mode.base : Started. Priority: 100
2025-10-10 00:25:18,268 : INFO : EventManager : Event: ======'modes_active_modes_changed'====== Args={}
2025-10-10 00:25:18,268 : INFO : EventManager : Event: ======'mode_base_started'====== Args={'queue': <QueuedEvent>, 'player': 1, 'ball': 1, 'balls_remaining': 2, 'is_extra_ball': False}
2025-10-10 00:25:18,269 : INFO : EventManager : Event: ======'mode_skill_shot_will_start'====== Args={'player': 1, 'ball': 1, 'balls_remaining': 2, 'is_extra_ball': False}
2025-10-10 00:25:18,269 : INFO : EventManager : Event: ======'player_shot_skill_side_targets_enabled'====== Args={'value': True, 'prev_value': 0, 'change': 1, 'player_num': 1}
2025-10-10 00:25:18,271 : INFO : EventManager : Event: ======'player_shot_skill_drop_targets_enabled'====== Args={'value': True, 'prev_value': 0, 'change': 1, 'player_num': 1}
2025-10-10 00:25:18,272 : INFO : EventManager : Event: ======'skill_shot_complete'====== Args={'state': 'unlit'}
2025-10-10 00:25:18,272 : INFO : EventManager : Event: ======'skill_shot_unlit_complete'====== Args={}
2025-10-10 00:25:18,272 : INFO : EventManager : Event: ======'player_skill_shot_skill_shot_timeout_tick'====== Args={'value': 0, 'prev_value': 0, 'change': 0, 'player_num': 1}
2025-10-10 00:25:18,273 : INFO : EventManager : Event: ======'mode_skill_shot_starting'====== Args={'player': 1, 'ball': 1, 'balls_remaining': 2, 'is_extra_ball': False}
2025-10-10 00:25:18,273 : INFO : EventManager : Event: ======'logicblock_qualify_chcheckitout_multiball_updated'====== Args={'value': 0, 'enabled': True}
2025-10-10 00:25:18,274 : INFO : EventManager : Event: ======'logicblock_chcheckitout_multiball_ready_updated'====== Args={'value': 0, 'enabled': False}
2025-10-10 00:25:18,274 : INFO : EventManager : Event: ======'player_multiball_blocking_flag'====== Args={'value': 0, 'prev_value': 0, 'change': 0, 'player_num': 1, 'source': 'base'}
2025-10-10 00:25:18,274 : INFO : EventManager : Event: ======'player_mode_blocking_flag'====== Args={'value': 0, 'prev_value': 0, 'change': 0, 'player_num': 1, 'source': 'base'}
2025-10-10 00:25:18,275 : INFO : EventManager : Event: ======'player_player_drop_target_bank_counter_count'====== Args={'value': 0, 'prev_value': 0, 'change': 0, 'player_num': 1, 'source': 'base'}
2025-10-10 00:25:18,277 : INFO : EventManager : Event: ======'player_drop_target_bank_counter_count'====== Args={'value': 0, 'prev_value': 0, 'change': 0, 'player_num': 1, 'source': 'base'}
2025-10-10 00:25:18,278 : INFO : EventManager : Event: ======'mode_multiball_will_start'====== Args={'queue': <QueuedEvent>, 'player': 1, 'ball': 1, 'balls_remaining': 2, 'is_extra_ball': False}
2025-10-10 00:25:18,281 : INFO : EventManager : Event: ======'mode_multiball_starting'====== Args={'queue': <QueuedEvent>, 'player': 1, 'ball': 1, 'balls_remaining': 2, 'is_extra_ball': False}
2025-10-10 00:25:18,281 : INFO : EventManager : Event: ======'mode_carousel_will_start'====== Args={'queue': <QueuedEvent>, 'player': 1, 'ball': 1, 'balls_remaining': 2, 'is_extra_ball': False}
2025-10-10 00:25:18,282 : INFO : EventManager : Event: ======'mode_carousel_starting'====== Args={'queue': <QueuedEvent>, 'player': 1, 'ball': 1, 'balls_remaining': 2, 'is_extra_ball': False}
2025-10-10 00:25:18,284 : INFO : EventManager : Event: ======'ball_save_default_enabled'====== Args={}
2025-10-10 00:25:18,284 : INFO : Mode.carousel : Started. Priority: 200
2025-10-10 00:25:18,284 : INFO : EventManager : Event: ======'modes_active_modes_changed'====== Args={}
2025-10-10 00:25:18,284 : INFO : EventManager : Event: ======'mode_carousel_started'====== Args={'queue': <QueuedEvent>, 'player': 1, 'ball': 1, 'balls_remaining': 2, 'is_extra_ball': False}
2025-10-10 00:25:18,286 : INFO : EventManager : Event: ======'item_highlighted'====== Args={'carousel': 'carousel', 'direction': None, 'item': 'intergalactic'}
2025-10-10 00:25:18,286 : INFO : Mode.multiball : Started. Priority: 1000
2025-10-10 00:25:18,286 : INFO : EventManager : Event: ======'modes_active_modes_changed'====== Args={}
2025-10-10 00:25:18,287 : INFO : EventManager : Event: ======'mode_multiball_started'====== Args={'queue': <QueuedEvent>, 'player': 1, 'ball': 1, 'balls_remaining': 2, 'is_extra_ball': False}
2025-10-10 00:25:18,287 : INFO : Mode.skill_shot : Started. Priority: 500
2025-10-10 00:25:18,287 : INFO : EventManager : Event: ======'modes_active_modes_changed'====== Args={}
2025-10-10 00:25:18,287 : INFO : EventManager : Event: ======'mode_skill_shot_started'====== Args={'player': 1, 'ball': 1, 'balls_remaining': 2, 'is_extra_ball': False}
2025-10-10 00:25:18,287 : INFO : EventManager : Event: ======'player_shot_skill_side_targets'====== Args={'value': 1, 'prev_value': 0, 'change': 1, 'player_num': 1}
2025-10-10 00:25:18,288 : INFO : EventManager : Event: ======'player_shot_skill_drop_targets'====== Args={'value': 1, 'prev_value': 0, 'change': 1, 'player_num': 1}
2025-10-10 00:25:18,290 : INFO : EventManager : Event: ======'skill_shot_complete'====== Args={'state': 'flashing'}
2025-10-10 00:25:18,292 : INFO : EventManager : Event: ======'skill_shot_flashing_complete'====== Args={}
2025-10-10 00:25:18,293 : INFO : EventManager : Event: ======'single_player_ball_started'====== Args={}
2025-10-10 00:25:18,312 : INFO : EventManager : Event: ======'ball_start_target'====== Args={'target': 'playfield'}
2025-10-10 00:25:18,313 : INFO : EventManager : Event: ======'slide_base_created'====== Args={'_from_bcp': True}
2025-10-10 00:25:18,314 : INFO : ball_device.bd_plunger : Setting up player-controlled eject. Balls: 1, Target: <playfield.playfield>, player_controlled_eject_event: None
2025-10-10 00:25:18,315 : INFO : EventManager : Event: ======'balldevice_balls_available'====== Args={}
2025-10-10 00:25:18,316 : INFO : EventManager : Event: ======'play_base_video3'====== Args={'_from_bcp': True}
2025-10-10 00:25:18,317 : INFO : EventManager : Event: ======'slide_score_overlay_created'====== Args={'_from_bcp': True}
2025-10-10 00:25:18,319 : INFO : EventManager : Event: ======'slide_attract_inactive'====== Args={'is_removing': True, '_from_bcp': True}
2025-10-10 00:25:18,320 : INFO : EventManager : Event: ======'slide_score_overlay_active'====== Args={'original_context': 'base', 'original_calling_context': 'mode_base_started', 'priority': 100.0, 'queue': '<QueuedEvent>', 'player': 1.0, 'ball': 1.0, 'balls_remaining': 2.0, 'is_extra_ball': False, 'cmd': 'slides_play', '_from_bcp': True}
2025-10-10 00:25:18,322 : INFO : ball_device.bd_trough : State: waiting_for_target_ready
2025-10-10 00:25:18,322 : INFO : EventManager : Event: ======'balldevice_bd_trough_ball_eject_attempt'====== Args={'balls': 1, 'target': <ball_device.bd_plunger>, 'source': <ball_device.bd_trough>, 'mechanical_eject': True, 'num_attempts': 0}
2025-10-10 00:25:18,323 : INFO : ball_device.bd_plunger : State: waiting_for_ball
2025-10-10 00:25:18,323 : INFO : ball_device.bd_trough : State: ejecting
2025-10-10 00:25:18,324 : INFO : ball_device.bd_trough : Ejecting ball to <ball_device.bd_plunger>
2025-10-10 00:25:18,324 : INFO : EventManager : Event: ======'balldevice_bd_trough_ejecting_ball'====== Args={'balls': 1, 'target': <ball_device.bd_plunger>, 'source': <ball_device.bd_trough>, 'mechanical_eject': True, 'num_attempts': 0}
2025-10-10 00:25:18,326 : INFO : ball_device.bd_trough : Wait for ball to leave device
2025-10-10 00:25:18,326 : INFO : coil.c_trough_eject : Pulsing Driver for 20ms (1.0 pulse_power)
2025-10-10 00:25:18,328 : INFO : SwitchController : <<<<<<< 's_trough1' inactive >>>>>>>
2025-10-10 00:25:18,334 : INFO : EventManager : Event: ======'slide_attract_removed'====== Args={'_from_bcp': True}
2025-10-10 00:25:18,335 : INFO : ball_device.bd_trough : State: ball_left
2025-10-10 00:25:18,336 : INFO : ball_device.bd_trough : Ball left
2025-10-10 00:25:18,336 : INFO : ball_device.bd_trough : Wait for confirm with timeout 3.0
2025-10-10 00:25:18,340 : INFO : EventManager : Event: ======'slide_current_mode_highlighted_created'====== Args={'_from_bcp': True}
2025-10-10 00:25:18,429 : INFO : SwitchController : <<<<<<< 's_plunger' active >>>>>>>
2025-10-10 00:25:18,429 : INFO : EventManager : Event: ======'machine_var_audits_switches_s_plunger'====== Args={'value': 940, 'prev_value': 939, 'change': 1}
2025-10-10 00:25:18,570 : INFO : EventManager : Event: ======'slide_skillshot_overlay_created'====== Args={'_from_bcp': True}
2025-10-10 00:25:18,602 : INFO : EventManager : Event: ======'slide_basevideo3_created'====== Args={'_from_bcp': True}
2025-10-10 00:25:18,941 : INFO : ball_device.bd_plunger : Received ball from <ball_device.bd_trough>
2025-10-10 00:25:18,941 : INFO : EventManager : Event: ======'balldevice_bd_plunger_ball_enter'====== Args={'new_balls': 1, 'unclaimed_balls': 0, 'new_available_balls': 0, 'device': <ball_device.bd_plunger>}
2025-10-10 00:25:18,942 : INFO : EventManager : Event: ======'balldevice_bd_plunger_ball_entered'====== Args={'new_balls': 0, 'device': <ball_device.bd_plunger>}
2025-10-10 00:25:18,943 : INFO : EventManager : Event: ======'balldevice_bd_plunger_ball_count_changed'====== Args={'balls': 1}
2025-10-10 00:25:18,943 : INFO : ball_device.bd_trough : Got eject confirm
2025-10-10 00:25:18,943 : INFO : ball_device.bd_trough : Eject successful
2025-10-10 00:25:18,943 : INFO : EventManager : Event: ======'balldevice_bd_trough_ball_eject_success'====== Args={'balls': 1, 'target': <ball_device.bd_plunger>}
2025-10-10 00:25:18,944 : INFO : EventManager : Event: ======'balldevice_bd_trough_ball_count_changed'====== Args={'balls': 5}
2025-10-10 00:25:18,944 : INFO : ball_device.bd_trough : State: idle
2025-10-10 00:25:18,945 : INFO : ball_device.bd_plunger : State: waiting_for_target_ready
2025-10-10 00:25:18,945 : INFO : EventManager : Event: ======'balldevice_bd_plunger_ball_eject_attempt'====== Args={'balls': 1, 'target': <playfield.playfield>, 'source': <ball_device.bd_plunger>, 'mechanical_eject': True, 'num_attempts': 0}
2025-10-10 00:25:18,946 : INFO : ball_device.bd_plunger : State: ejecting
2025-10-10 00:25:18,946 : INFO : ball_device.bd_plunger : Ejecting ball to <playfield.playfield>
2025-10-10 00:25:18,946 : INFO : EventManager : Event: ======'balldevice_bd_plunger_ejecting_ball'====== Args={'balls': 1, 'target': <playfield.playfield>, 'source': <ball_device.bd_plunger>, 'mechanical_eject': True, 'num_attempts': 0}
2025-10-10 00:25:18,947 : INFO : ball_device.bd_plunger : Wait for ball to leave device
2025-10-10 00:25:19,042 : INFO : SwitchController : <<<<<<< 's_plunger' inactive >>>>>>>
2025-10-10 00:25:19,042 : INFO : EventManager : Event: ======'ball_out'====== Args={}
2025-10-10 00:25:19,043 : INFO : EventManager : Event: ======'ball_save_default_timer_start'====== Args={}
2025-10-10 00:25:19,047 : INFO : ball_device.bd_plunger : State: ball_left
2025-10-10 00:25:19,048 : INFO : ball_device.bd_plunger : Ball left
2025-10-10 00:25:19,048 : INFO : ball_device.bd_plunger : Wait for confirm with timeout 3.0
2025-10-10 00:25:19,524 : INFO : SwitchController : <<<<<<< 's_three_bank_bottom' active >>>>>>>
2025-10-10 00:25:19,524 : INFO : EventManager : Event: ======'playfield_active'====== Args={'source': 'skill_drop_targets'}
2025-10-10 00:25:19,524 : INFO : EventManager : Event: ======'s_three_bank_bottom_active'====== Args={}
2025-10-10 00:25:19,524 : INFO : EventManager : Event: ======'playfield_active'====== Args={'source': 'bottom'}
2025-10-10 00:25:19,525 : INFO : EventManager : Event: ======'drop_target_bottom_down'====== Args={'device': <drop_target.bottom>}
2025-10-10 00:25:19,525 : INFO : EventManager : Event: ======'drop_target_bank_three_bank_mixed'====== Args={'prev_value': <DropTargetBankState.UP: 'up'>, 'down': 1}
2025-10-10 00:25:19,525 : INFO : EventManager : Event: ======'machine_var_audits_switches_s_three_bank_bottom'====== Args={'value': 351, 'prev_value': 350, 'change': 1}
2025-10-10 00:25:19,526 : INFO : EventManager : Event: ======'player_shot_skill_drop_targets'====== Args={'value': 2, 'prev_value': 1, 'change': 1, 'player_num': 1}
2025-10-10 00:25:19,527 : INFO : EventManager : Event: ======'machine_var_audits_shots_skill_drop_targets'====== Args={'value': 137, 'prev_value': 136, 'change': 1}
2025-10-10 00:25:19,527 : INFO : EventManager : Event: ======'skill_drop_targets_hit'====== Args={'profile': 'skill_shot_profile', 'state': 'flashing', 'advancing': True}
2025-10-10 00:25:19,527 : INFO : EventManager : Event: ======'skill_drop_targets_skill_shot_profile_hit'====== Args={'profile': 'skill_shot_profile', 'state': 'flashing', 'advancing': True}
2025-10-10 00:25:19,527 : INFO : EventManager : Event: ======'skill_drop_targets_skill_shot_profile_flashing_hit'====== Args={'profile': 'skill_shot_profile', 'state': 'flashing', 'advancing': True}
2025-10-10 00:25:19,527 : INFO : EventManager : Event: ======'skill_drop_targets_flashing_hit'====== Args={'profile': 'skill_shot_profile', 'state': 'flashing', 'advancing': True}
2025-10-10 00:25:19,529 : INFO : EventManager : Event: ======'player_score'====== Args={'value': 2220, 'prev_value': 0, 'change': 2220, 'player_num': 1, 'source': 'base'}
2025-10-10 00:25:19,529 : INFO : EventManager : Event: ======'skill_shot_hit'====== Args={'shot': 'skill_drop_targets'}
2025-10-10 00:25:19,529 : INFO : EventManager : Event: ======'skill_shot_flashing_hit'====== Args={'shot': 'skill_drop_targets'}
2025-10-10 00:25:19,529 : INFO : state_machine.skill_shot_success : Transitioning from start to success
2025-10-10 00:25:19,530 : INFO : EventManager : Event: ======'skill_success'====== Args={}
2025-10-10 00:25:19,530 : INFO : EventManager : Event: ======'mode_skill_shot_will_stop'====== Args={}
2025-10-10 00:25:19,530 : INFO : EventManager : Event: ======'mode_skill_shot_stopping'====== Args={}
2025-10-10 00:25:19,530 : INFO : EventManager : Event: ======'player_score'====== Args={'value': 2002220, 'prev_value': 2220, 'change': 2000000, 'player_num': 1, 'source': 'skill_shot'}
2025-10-10 00:25:19,532 : INFO : Mode.skill_shot : Stopped.
2025-10-10 00:25:19,533 : INFO : EventManager : Event: ======'modes_active_modes_changed'====== Args={}
2025-10-10 00:25:19,533 : INFO : EventManager : Event: ======'mode_skill_shot_stopped'====== Args={}
2025-10-10 00:25:19,533 : INFO : EventManager : Event: ======'clear'====== Args={'key': 'skill_shot'}
2025-10-10 00:25:19,533 : INFO : Timer.skill_shot_timeout : Stopping Timer
2025-10-10 00:25:19,533 : INFO : EventManager : Event: ======'timer_skill_shot_timeout_stopped'====== Args={'ticks': 0, 'ticks_remaining': 0}
2025-10-10 00:25:19,562 : INFO : ball_device.bd_plunger : Got eject confirm
2025-10-10 00:25:19,562 : INFO : ball_device.bd_plunger : Eject successful
2025-10-10 00:25:19,562 : INFO : EventManager : Event: ======'balldevice_bd_plunger_ball_eject_success'====== Args={'balls': 1, 'target': <playfield.playfield>}
2025-10-10 00:25:19,563 : INFO : EventManager : Event: ======'slide_skillshot_overlay_removed'====== Args={'_from_bcp': True}
2025-10-10 00:25:19,564 : INFO : EventManager : Event: ======'slide_skillshot_success_overlay_created'====== Args={'_from_bcp': True}
2025-10-10 00:25:19,564 : INFO : EventManager : Event: ======'balldevice_playfield_ball_enter'====== Args={'new_balls': 1, 'unclaimed_balls': 1, 'device': <playfield.playfield>}
2025-10-10 00:25:19,564 : INFO : EventManager : Event: ======'playfield_ball_count_change'====== Args={'balls': 1, 'change': 1}
2025-10-10 00:25:19,566 : INFO : EventManager : Event: ======'balldevice_bd_plunger_ball_count_changed'====== Args={'balls': 0}
2025-10-10 00:25:19,566 : INFO : ball_device.bd_plunger : State: idle
2025-10-10 00:25:19,807 : INFO : SwitchController : <<<<<<< 's_three_bank_middle' active >>>>>>>
2025-10-10 00:25:19,807 : INFO : EventManager : Event: ======'s_three_bank_middle_active'====== Args={}
2025-10-10 00:25:19,807 : INFO : EventManager : Event: ======'drop_target_middle_down'====== Args={'device': <drop_target.middle>}
2025-10-10 00:25:19,808 : INFO : EventManager : Event: ======'drop_target_bank_three_bank_mixed'====== Args={'prev_value': <DropTargetBankState.MIXED: 'mixed'>, 'down': 2}
2025-10-10 00:25:19,808 : INFO : EventManager : Event: ======'machine_var_audits_switches_s_three_bank_middle'====== Args={'value': 394, 'prev_value': 393, 'change': 1}
2025-10-10 00:25:19,809 : INFO : EventManager : Event: ======'player_score'====== Args={'value': 2004440, 'prev_value': 2002220, 'change': 2220, 'player_num': 1, 'source': 'base'}
2025-10-10 00:25:20,024 : INFO : SwitchController : <<<<<<< 's_three_bank_top' active >>>>>>>
2025-10-10 00:25:20,024 : INFO : EventManager : Event: ======'s_three_bank_top_active'====== Args={}
2025-10-10 00:25:20,024 : INFO : EventManager : Event: ======'drop_target_top_down'====== Args={'device': <drop_target.top>}
2025-10-10 00:25:20,025 : INFO : EventManager : Event: ======'drop_target_bank_three_bank_down'====== Args={}
2025-10-10 00:25:20,025 : INFO : EventManager : Event: ======'machine_var_audits_switches_s_three_bank_top'====== Args={'value': 387, 'prev_value': 386, 'change': 1}
2025-10-10 00:25:20,026 : INFO : EventManager : Event: ======'player_score'====== Args={'value': 2006660, 'prev_value': 2004440, 'change': 2220, 'player_num': 1, 'source': 'base'}
2025-10-10 00:25:20,027 : INFO : EventManager : Event: ======'logicblock_drop_target_bank_counter_updated'====== Args={'value': 1, 'enabled': True}
2025-10-10 00:25:20,027 : INFO : EventManager : Event: ======'counter_drop_target_bank_counter_hit'====== Args={'count': 1, 'hits': 1, 'remaining': 0}
2025-10-10 00:25:20,027 : INFO : EventManager : Event: ======'logicblock_drop_target_bank_counter_hit'====== Args={'count': 1, 'hits': 1, 'remaining': 0}
2025-10-10 00:25:20,027 : INFO : EventManager : Event: ======'chcheckitout_multiball_qualified'====== Args={}
2025-10-10 00:25:20,029 : INFO : EventManager : Event: ======'player_drop_target_bank_counter_count'====== Args={'value': 1, 'prev_value': 0, 'change': 1, 'player_num': 1, 'source': 'base'}
2025-10-10 00:25:20,030 : INFO : EventManager : Event: ======'logicblock_qualify_chcheckitout_multiball_updated'====== Args={'value': 1, 'enabled': True}
2025-10-10 00:25:20,030 : INFO : EventManager : Event: ======'logicblock_qualify_chcheckitout_multiball_hit'====== Args={'step': 1}
2025-10-10 00:25:20,030 : INFO : EventManager : Event: ======'drops_standup_start_multiball'====== Args={}
2025-10-10 00:25:20,031 : INFO : EventManager : Event: ======'logicblock_qualify_chcheckitout_multiball_updated'====== Args={'value': 0, 'enabled': True}
2025-10-10 00:25:20,031 : INFO : EventManager : Event: ======'logicblock_chcheckitout_multiball_ready_updated'====== Args={'value': 0, 'enabled': True}
2025-10-10 00:25:21,017 : INFO : drop_target_bank.three_bank : 3 targets are down. Will reset those.
2025-10-10 00:25:21,017 : INFO : coil.c_three_bank : Pulsing Driver for 23ms (1.0 pulse_power)
2025-10-10 00:25:21,078 : INFO : SwitchController : <<<<<<< 's_three_bank_bottom' inactive (muted) >>>>>>>
2025-10-10 00:25:21,079 : INFO : SwitchController : <<<<<<< 's_three_bank_middle' inactive (muted) >>>>>>>
2025-10-10 00:25:21,079 : INFO : SwitchController : <<<<<<< 's_three_bank_top' inactive (muted) >>>>>>>
2025-10-10 00:25:21,513 : INFO : EventManager : Event: ======'drop_target_bottom_up'====== Args={'device': <drop_target.bottom>}
2025-10-10 00:25:21,514 : INFO : EventManager : Event: ======'drop_target_middle_up'====== Args={'device': <drop_target.middle>}
2025-10-10 00:25:21,514 : INFO : EventManager : Event: ======'drop_target_top_up'====== Args={'device': <drop_target.top>}
2025-10-10 00:25:21,515 : INFO : EventManager : Event: ======'drop_target_bank_three_bank_up'====== Args={}
2025-10-10 00:25:21,543 : INFO : EventManager : Event: ======'slide_skillshot_success_overlay_removed'====== Args={'_from_bcp': True}
2025-10-10 00:25:22,059 : INFO : EventManager : Event: ======'ball_save_default_hurry_up'====== Args={}
2025-10-10 00:25:23,853 : INFO : SwitchController : <<<<<<< 's_three_bank_standup' active >>>>>>>
2025-10-10 00:25:23,853 : INFO : EventManager : Event: ======'s_three_bank_standup_active'====== Args={}
2025-10-10 00:25:23,853 : INFO : EventManager : Event: ======'machine_var_audits_switches_s_three_bank_standup'====== Args={'value': 210, 'prev_value': 209, 'change': 1}
2025-10-10 00:25:23,854 : INFO : EventManager : Event: ======'three_bank_standup_hit'====== Args={'elapsed': 0}
2025-10-10 00:25:23,855 : INFO : EventManager : Event: ======'player_score'====== Args={'value': 2026670, 'prev_value': 2006660, 'change': 20010, 'player_num': 1, 'source': 'base'}
2025-10-10 00:25:23,855 : INFO : EventManager : Event: ======'logicblock_chcheckitout_multiball_ready_updated'====== Args={'value': 1, 'enabled': True}
2025-10-10 00:25:23,855 : INFO : EventManager : Event: ======'logicblock_chcheckitout_multiball_ready_hit'====== Args={'step': 1}
2025-10-10 00:25:23,855 : INFO : EventManager : Event: ======'chcheckitout_start_multiball'====== Args={}
2025-10-10 00:25:23,856 : INFO : EventManager : Event: ======'logicblock_chcheckitout_multiball_ready_updated'====== Args={'value': 0, 'enabled': True}
2025-10-10 00:25:23,857 : INFO : EventManager : Event: ======'balls_in_play'====== Args={'balls': 3}
2025-10-10 00:25:23,859 : INFO : ball_device.bd_plunger : Adding 2 ball(s) to the eject_queue with target <playfield.playfield>.
2025-10-10 00:25:23,860 : INFO : EventManager : Event: ======'balldevice_balls_available'====== Args={}
2025-10-10 00:25:23,860 : INFO : EventManager : Event: ======'balldevice_balls_available'====== Args={}
2025-10-10 00:25:23,861 : INFO : EventManager : Event: ======'ball_save_chcheckitout_timer_start'====== Args={}
2025-10-10 00:25:23,861 : INFO : EventManager : Event: ======'multiball_chcheckitout_started'====== Args={'balls': 3}
2025-10-10 00:25:23,861 : INFO : EventManager : Event: ======'mode_carousel_will_stop'====== Args={}
2025-10-10 00:25:23,861 : INFO : EventManager : Event: ======'mode_carousel_stopping'====== Args={}
2025-10-10 00:25:23,862 : INFO : EventManager : Event: ======'player_multiball_blocking_flag'====== Args={'value': 1, 'prev_value': 0, 'change': 1, 'player_num': 1, 'source': 'multiball'}
2025-10-10 00:25:23,863 : INFO : EventManager : Event: ======'play_chcheckitout_video3'====== Args={'balls': 3}
2025-10-10 00:25:23,863 : INFO : EventManager : Event: ======'logicblock_drop_target_bank_counter_updated'====== Args={'value': 1, 'enabled': False}
2025-10-10 00:25:23,864 : INFO : Mode.carousel : Stopped.
2025-10-10 00:25:23,864 : INFO : EventManager : Event: ======'modes_active_modes_changed'====== Args={}
2025-10-10 00:25:23,865 : INFO : EventManager : Event: ======'mode_carousel_stopped'====== Args={}
2025-10-10 00:25:23,865 : INFO : EventManager : Event: ======'clear'====== Args={'key': 'carousel'}
2025-10-10 00:25:23,890 : INFO : EventManager : Event: ======'slide_current_mode_highlighted_removed'====== Args={'_from_bcp': True}
2025-10-10 00:25:23,890 : INFO : EventManager : Event: ======'slide_base_removed'====== Args={'_from_bcp': True}
2025-10-10 00:25:23,891 : INFO : EventManager : Event: ======'slide_basevideo3_removed'====== Args={'_from_bcp': True}
2025-10-10 00:25:23,892 : INFO : ball_device.bd_trough : State: waiting_for_target_ready
2025-10-10 00:25:23,892 : INFO : EventManager : Event: ======'balldevice_bd_trough_ball_eject_attempt'====== Args={'balls': 1, 'target': <ball_device.bd_plunger>, 'source': <ball_device.bd_trough>, 'mechanical_eject': False, 'num_attempts': 0}
2025-10-10 00:25:23,893 : INFO : ball_device.bd_plunger : State: waiting_for_ball
2025-10-10 00:25:23,894 : INFO : ball_device.bd_trough : State: ejecting
2025-10-10 00:25:23,894 : INFO : ball_device.bd_trough : Ejecting ball to <ball_device.bd_plunger>
2025-10-10 00:25:23,894 : INFO : EventManager : Event: ======'balldevice_bd_trough_ejecting_ball'====== Args={'balls': 1, 'target': <ball_device.bd_plunger>, 'source': <ball_device.bd_trough>, 'mechanical_eject': False, 'num_attempts': 0}
2025-10-10 00:25:23,896 : INFO : ball_device.bd_trough : Wait for ball to leave device
2025-10-10 00:25:23,896 : INFO : coil.c_trough_eject : Pulsing Driver for 20ms (1.0 pulse_power)
2025-10-10 00:25:23,896 : INFO : SwitchController : <<<<<<< 's_trough2' inactive >>>>>>>
2025-10-10 00:25:23,901 : INFO : ball_device.bd_trough : State: ball_left
2025-10-10 00:25:23,901 : INFO : ball_device.bd_trough : Ball left
2025-10-10 00:25:23,902 : INFO : ball_device.bd_trough : Wait for confirm with timeout 3.0
2025-10-10 00:25:23,903 : INFO : EventManager : Event: ======'slide_multiball3_created'====== Args={'_from_bcp': True}
2025-10-10 00:25:23,935 : INFO : SwitchController : <<<<<<< 's_three_bank_standup' inactive >>>>>>>
2025-10-10 00:25:24,013 : INFO : SwitchController : <<<<<<< 's_plunger' active >>>>>>>
2025-10-10 00:25:24,013 : INFO : EventManager : Event: ======'machine_var_audits_switches_s_plunger'====== Args={'value': 941, 'prev_value': 940, 'change': 1}
2025-10-10 00:25:24,044 : INFO : EventManager : Event: ======'ball_save_default_grace_period'====== Args={}
2025-10-10 00:25:24,527 : INFO : ball_device.bd_plunger : Received ball from <ball_device.bd_trough>
2025-10-10 00:25:24,527 : INFO : EventManager : Event: ======'balldevice_bd_plunger_ball_enter'====== Args={'new_balls': 1, 'unclaimed_balls': 0, 'new_available_balls': 0, 'device': <ball_device.bd_plunger>}
2025-10-10 00:25:24,529 : INFO : EventManager : Event: ======'balldevice_bd_plunger_ball_entered'====== Args={'new_balls': 0, 'device': <ball_device.bd_plunger>}
2025-10-10 00:25:24,529 : INFO : EventManager : Event: ======'balldevice_bd_plunger_ball_count_changed'====== Args={'balls': 1}
2025-10-10 00:25:24,530 : INFO : ball_device.bd_trough : Got eject confirm
2025-10-10 00:25:24,530 : INFO : ball_device.bd_trough : Eject successful
2025-10-10 00:25:24,530 : INFO : EventManager : Event: ======'balldevice_bd_trough_ball_eject_success'====== Args={'balls': 1, 'target': <ball_device.bd_plunger>}
2025-10-10 00:25:24,531 : INFO : EventManager : Event: ======'balldevice_bd_trough_ball_count_changed'====== Args={'balls': 4}
2025-10-10 00:25:24,531 : INFO : ball_device.bd_trough : State: idle
2025-10-10 00:25:24,532 : INFO : ball_device.bd_plunger : State: waiting_for_target_ready
2025-10-10 00:25:24,532 : INFO : EventManager : Event: ======'balldevice_bd_plunger_ball_eject_attempt'====== Args={'balls': 1, 'target': <playfield.playfield>, 'source': <ball_device.bd_plunger>, 'mechanical_eject': False, 'num_attempts': 0}
2025-10-10 00:25:24,533 : INFO : ball_device.bd_plunger : State: ejecting
2025-10-10 00:25:24,534 : INFO : ball_device.bd_plunger : Ejecting ball to <playfield.playfield>
2025-10-10 00:25:24,534 : INFO : EventManager : Event: ======'balldevice_bd_plunger_ejecting_ball'====== Args={'balls': 1, 'target': <playfield.playfield>, 'source': <ball_device.bd_plunger>, 'mechanical_eject': False, 'num_attempts': 0}
2025-10-10 00:25:24,535 : INFO : ball_device.bd_trough : State: waiting_for_target_ready
2025-10-10 00:25:24,536 : INFO : EventManager : Event: ======'balldevice_bd_trough_ball_eject_attempt'====== Args={'balls': 1, 'target': <ball_device.bd_plunger>, 'source': <ball_device.bd_trough>, 'mechanical_eject': False, 'num_attempts': 0}
2025-10-10 00:25:24,536 : INFO : ball_device.bd_plunger : Wait for ball to leave device
2025-10-10 00:25:24,536 : INFO : coil.c_plunger : Pulsing Driver for 20ms (1.0 pulse_power)
2025-10-10 00:25:24,537 : INFO : SwitchController : <<<<<<< 's_plunger' inactive >>>>>>>
2025-10-10 00:25:24,537 : INFO : EventManager : Event: ======'ball_out'====== Args={}
2025-10-10 00:25:24,542 : INFO : ball_device.bd_plunger : State: ball_left
2025-10-10 00:25:24,542 : INFO : ball_device.bd_plunger : Ball left
2025-10-10 00:25:24,543 : INFO : ball_device.bd_plunger : Wait for confirm with timeout 3.0
2025-10-10 00:25:26,031 : INFO : EventManager : Event: ======'ball_save_default_disabled'====== Args={}
2025-10-10 00:25:27,537 : INFO : ball_device.bd_plunger : State: failed_confirm
2025-10-10 00:25:27,538 : INFO : ball_device.bd_plunger : Got timeout (3.0s) before confirm from <playfield.playfield>
2025-10-10 00:25:27,631 : INFO : ball_device.bd_plunger : Confirming eject because target is playfield and ball did not return.
2025-10-10 00:25:27,631 : INFO : ball_device.bd_plunger : Eject successful
2025-10-10 00:25:27,631 : INFO : EventManager : Event: ======'balldevice_bd_plunger_ball_eject_success'====== Args={'balls': 1, 'target': <playfield.playfield>}
2025-10-10 00:25:27,632 : INFO : EventManager : Event: ======'balldevice_playfield_ball_enter'====== Args={'new_balls': 1, 'unclaimed_balls': 1, 'device': <playfield.playfield>}
2025-10-10 00:25:27,632 : INFO : EventManager : Event: ======'playfield_ball_count_change'====== Args={'balls': 2, 'change': 1}
2025-10-10 00:25:27,633 : INFO : EventManager : Event: ======'balldevice_bd_plunger_ball_count_changed'====== Args={'balls': 0}
2025-10-10 00:25:27,633 : INFO : ball_device.bd_plunger : State: idle
2025-10-10 00:25:27,634 : INFO : ball_device.bd_trough : State: ejecting
2025-10-10 00:25:27,634 : INFO : ball_device.bd_trough : Ejecting ball to <ball_device.bd_plunger>
2025-10-10 00:25:27,634 : INFO : EventManager : Event: ======'balldevice_bd_trough_ejecting_ball'====== Args={'balls': 1, 'target': <ball_device.bd_plunger>, 'source': <ball_device.bd_trough>, 'mechanical_eject': False, 'num_attempts': 0}
2025-10-10 00:25:27,635 : INFO : ball_device.bd_trough : Wait for ball to leave device
2025-10-10 00:25:27,635 : INFO : coil.c_trough_eject : Pulsing Driver for 20ms (1.0 pulse_power)
2025-10-10 00:25:27,636 : INFO : SwitchController : <<<<<<< 's_trough3' inactive >>>>>>>
2025-10-10 00:25:27,636 : INFO : ball_device.bd_plunger : State: waiting_for_ball
2025-10-10 00:25:27,642 : INFO : ball_device.bd_trough : State: ball_left
2025-10-10 00:25:27,642 : INFO : ball_device.bd_trough : Ball left
2025-10-10 00:25:27,642 : INFO : ball_device.bd_trough : Wait for confirm with timeout 3.0
2025-10-10 00:25:27,741 : INFO : SwitchController : <<<<<<< 's_plunger' active >>>>>>>
2025-10-10 00:25:27,742 : INFO : EventManager : Event: ======'machine_var_audits_switches_s_plunger'====== Args={'value': 942, 'prev_value': 941, 'change': 1}
2025-10-10 00:25:28,241 : INFO : ball_device.bd_plunger : Received ball from <ball_device.bd_trough>
2025-10-10 00:25:28,241 : INFO : EventManager : Event: ======'balldevice_bd_plunger_ball_enter'====== Args={'new_balls': 1, 'unclaimed_balls': 0, 'new_available_balls': 0, 'device': <ball_device.bd_plunger>}
2025-10-10 00:25:28,242 : INFO : EventManager : Event: ======'balldevice_bd_plunger_ball_entered'====== Args={'new_balls': 0, 'device': <ball_device.bd_plunger>}
2025-10-10 00:25:28,243 : INFO : EventManager : Event: ======'balldevice_bd_plunger_ball_count_changed'====== Args={'balls': 1}
2025-10-10 00:25:28,243 : INFO : ball_device.bd_trough : Got eject confirm
2025-10-10 00:25:28,243 : INFO : ball_device.bd_trough : Eject successful
2025-10-10 00:25:28,244 : INFO : EventManager : Event: ======'balldevice_bd_trough_ball_eject_success'====== Args={'balls': 1, 'target': <ball_device.bd_plunger>}
2025-10-10 00:25:28,244 : INFO : EventManager : Event: ======'balldevice_bd_trough_ball_count_changed'====== Args={'balls': 3}
2025-10-10 00:25:28,245 : INFO : ball_device.bd_trough : State: idle
2025-10-10 00:25:28,245 : INFO : ball_device.bd_plunger : State: waiting_for_target_ready
2025-10-10 00:25:28,245 : INFO : EventManager : Event: ======'balldevice_bd_plunger_ball_eject_attempt'====== Args={'balls': 1, 'target': <playfield.playfield>, 'source': <ball_device.bd_plunger>, 'mechanical_eject': False, 'num_attempts': 0}
2025-10-10 00:25:28,246 : INFO : ball_device.bd_plunger : State: ejecting
2025-10-10 00:25:28,247 : INFO : ball_device.bd_plunger : Ejecting ball to <playfield.playfield>
2025-10-10 00:25:28,247 : INFO : EventManager : Event: ======'balldevice_bd_plunger_ejecting_ball'====== Args={'balls': 1, 'target': <playfield.playfield>, 'source': <ball_device.bd_plunger>, 'mechanical_eject': False, 'num_attempts': 0}
2025-10-10 00:25:28,248 : INFO : ball_device.bd_plunger : Wait for ball to leave device
2025-10-10 00:25:28,249 : INFO : coil.c_plunger : Pulsing Driver for 20ms (1.0 pulse_power)
2025-10-10 00:25:28,249 : INFO : SwitchController : <<<<<<< 's_plunger' inactive >>>>>>>
2025-10-10 00:25:28,249 : INFO : EventManager : Event: ======'ball_out'====== Args={}
2025-10-10 00:25:28,254 : INFO : ball_device.bd_plunger : State: ball_left
2025-10-10 00:25:28,255 : INFO : ball_device.bd_plunger : Ball left
2025-10-10 00:25:28,255 : INFO : ball_device.bd_plunger : Wait for confirm with timeout 3.0
2025-10-10 00:25:31,256 : INFO : ball_device.bd_plunger : State: failed_confirm
2025-10-10 00:25:31,258 : INFO : ball_device.bd_plunger : Got timeout (3.0s) before confirm from <playfield.playfield>
2025-10-10 00:25:31,350 : INFO : ball_device.bd_plunger : Confirming eject because target is playfield and ball did not return.
2025-10-10 00:25:31,350 : INFO : ball_device.bd_plunger : Eject successful
2025-10-10 00:25:31,350 : INFO : EventManager : Event: ======'balldevice_bd_plunger_ball_eject_success'====== Args={'balls': 1, 'target': <playfield.playfield>}
2025-10-10 00:25:31,351 : INFO : EventManager : Event: ======'balldevice_playfield_ball_enter'====== Args={'new_balls': 1, 'unclaimed_balls': 1, 'device': <playfield.playfield>}
2025-10-10 00:25:31,351 : INFO : EventManager : Event: ======'playfield_ball_count_change'====== Args={'balls': 3, 'change': 1}
2025-10-10 00:25:31,352 : INFO : EventManager : Event: ======'balldevice_bd_plunger_ball_count_changed'====== Args={'balls': 0}
2025-10-10 00:25:31,352 : INFO : ball_device.bd_plunger : State: idle
2025-10-10 00:25:38,850 : INFO : EventManager : Event: ======'multiball_chcheckitout_shoot_again_ended'====== Args={}
2025-10-10 00:25:51,381 : INFO : SwitchController : <<<<<<< 's_trough3' active >>>>>>>
2025-10-10 00:25:51,381 : INFO : EventManager : Event: ======'machine_var_audits_switches_s_trough3'====== Args={'value': 217, 'prev_value': 216, 'change': 1}
2025-10-10 00:25:51,898 : INFO : EventManager : Event: ======'balldevice_bd_trough_ball_count_changed'====== Args={'balls': 4}
2025-10-10 00:25:51,898 : INFO : ball_device.bd_trough : Received unexpected ball
2025-10-10 00:25:51,898 : INFO : EventManager : Event: ======'balldevice_captured_from_playfield'====== Args={'balls': 1}
2025-10-10 00:25:51,899 : INFO : EventManager : Event: ======'sw_playfield_active'====== Args={'balls': 1}
2025-10-10 00:25:51,899 : INFO : EventManager : Event: ======'playfield_ball_count_change'====== Args={'balls': 2, 'change': -1}
2025-10-10 00:25:51,901 : INFO : EventManager : Event: ======'balldevice_bd_trough_ball_enter'====== Args={'new_balls': 1, 'unclaimed_balls': 1, 'new_available_balls': 1, 'device': <ball_device.bd_trough>}
2025-10-10 00:25:51,902 : INFO : EventManager : Event: ======'ball_drain'====== Args={'device': <ball_device.bd_trough>, 'balls': 1}
2025-10-10 00:25:51,902 : INFO : EventManager : Event: ======'balls_in_play'====== Args={'balls': 2}
2025-10-10 00:25:51,902 : INFO : EventManager : Event: ======'multiball_chcheckitout_ball_lost'====== Args={}
2025-10-10 00:25:51,903 : INFO : EventManager : Event: ======'balldevice_balls_available'====== Args={}
2025-10-10 00:25:51,903 : INFO : EventManager : Event: ======'balldevice_bd_trough_ball_entered'====== Args={'new_balls': 1, 'device': <ball_device.bd_trough>}
2025-10-10 00:25:52,914 : INFO : SwitchController : <<<<<<< 's_trough2' active >>>>>>>
2025-10-10 00:25:52,914 : INFO : EventManager : Event: ======'machine_var_audits_switches_s_trough2'====== Args={'value': 283, 'prev_value': 282, 'change': 1}
2025-10-10 00:25:53,413 : INFO : EventManager : Event: ======'balldevice_bd_trough_ball_count_changed'====== Args={'balls': 5}
2025-10-10 00:25:53,413 : INFO : ball_device.bd_trough : Received unexpected ball
2025-10-10 00:25:53,414 : INFO : EventManager : Event: ======'balldevice_captured_from_playfield'====== Args={'balls': 1}
2025-10-10 00:25:53,415 : INFO : EventManager : Event: ======'sw_playfield_active'====== Args={'balls': 1}
2025-10-10 00:25:53,415 : INFO : EventManager : Event: ======'playfield_ball_count_change'====== Args={'balls': 1, 'change': -1}
2025-10-10 00:25:53,416 : INFO : EventManager : Event: ======'balldevice_bd_trough_ball_enter'====== Args={'new_balls': 1, 'unclaimed_balls': 1, 'new_available_balls': 1, 'device': <ball_device.bd_trough>}
2025-10-10 00:25:53,417 : INFO : EventManager : Event: ======'ball_drain'====== Args={'device': <ball_device.bd_trough>, 'balls': 1}
2025-10-10 00:25:53,418 : INFO : EventManager : Event: ======'balls_in_play'====== Args={'balls': 1}
2025-10-10 00:25:53,418 : INFO : EventManager : Event: ======'multiball_chcheckitout_ball_lost'====== Args={}
2025-10-10 00:25:53,419 : INFO : EventManager : Event: ======'multiball_chcheckitout_ended'====== Args={}
2025-10-10 00:25:53,420 : INFO : EventManager : Event: ======'player_multiball_blocking_flag'====== Args={'value': 0, 'prev_value': 1, 'change': -1, 'player_num': 1, 'source': 'multiball'}
2025-10-10 00:25:53,420 : INFO : EventManager : Event: ======'mode_carousel_will_start'====== Args={}
2025-10-10 00:25:53,422 : INFO : EventManager : Event: ======'mode_carousel_starting'====== Args={}
2025-10-10 00:25:53,422 : INFO : EventManager : Event: ======'logicblock_drop_target_bank_counter_updated'====== Args={'value': 0, 'enabled': False}
2025-10-10 00:25:53,423 : INFO : EventManager : Event: ======'logicblock_drop_target_bank_counter_updated'====== Args={'value': 0, 'enabled': True}
2025-10-10 00:25:53,423 : INFO : EventManager : Event: ======'reset_drop_target_bank_counter'====== Args={'priority': 0}
2025-10-10 00:25:53,425 : INFO : EventManager : Event: ======'player_drop_target_bank_counter_count'====== Args={'value': 0, 'prev_value': 1, 'change': -1, 'player_num': 1, 'source': 'base'}
2025-10-10 00:25:53,426 : INFO : EventManager : Event: ======'logicblock_drop_target_bank_counter_updated'====== Args={'value': 0, 'enabled': True}
2025-10-10 00:25:53,427 : INFO : Mode.carousel : Started. Priority: 200
2025-10-10 00:25:53,428 : INFO : EventManager : Event: ======'modes_active_modes_changed'====== Args={}
2025-10-10 00:25:53,429 : INFO : EventManager : Event: ======'mode_carousel_started'====== Args={}
2025-10-10 00:25:53,430 : INFO : EventManager : Event: ======'item_highlighted'====== Args={'carousel': 'carousel', 'direction': None, 'item': 'intergalactic'}
2025-10-10 00:25:53,432 : INFO : EventManager : Event: ======'balldevice_balls_available'====== Args={}
2025-10-10 00:25:53,432 : INFO : EventManager : Event: ======'balldevice_bd_trough_ball_entered'====== Args={'new_balls': 1, 'device': <ball_device.bd_trough>}
2025-10-10 00:25:53,449 : INFO : EventManager : Event: ======'slide_multiball3_removed'====== Args={'_from_bcp': True}
2025-10-10 00:25:53,450 : INFO : EventManager : Event: ======'slide_base_created'====== Args={'_from_bcp': True}
2025-10-10 00:25:53,450 : INFO : EventManager : Event: ======'play_base_video4'====== Args={'_from_bcp': True}
2025-10-10 00:25:53,451 : INFO : EventManager : Event: ======'slide_current_mode_highlighted_created'====== Args={'_from_bcp': True}
2025-10-10 00:25:53,475 : INFO : EventManager : Event: ======'slide_basevideo4_created'====== Args={'_from_bcp': True}
2025-10-10 00:25:54,728 : INFO : SwitchController : <<<<<<< 's_three_bank_bottom' active >>>>>>>
2025-10-10 00:25:54,728 : INFO : EventManager : Event: ======'s_three_bank_bottom_active'====== Args={}
2025-10-10 00:25:54,728 : INFO : EventManager : Event: ======'drop_target_bottom_down'====== Args={'device': <drop_target.bottom>}
2025-10-10 00:25:54,729 : INFO : EventManager : Event: ======'drop_target_bank_three_bank_mixed'====== Args={'prev_value': <DropTargetBankState.UP: 'up'>, 'down': 1}
2025-10-10 00:25:54,729 : INFO : EventManager : Event: ======'machine_var_audits_switches_s_three_bank_bottom'====== Args={'value': 352, 'prev_value': 351, 'change': 1}
2025-10-10 00:25:54,731 : INFO : EventManager : Event: ======'player_score'====== Args={'value': 2028890, 'prev_value': 2026670, 'change': 2220, 'player_num': 1, 'source': 'base'}
2025-10-10 00:25:55,045 : INFO : SwitchController : <<<<<<< 's_three_bank_middle' active >>>>>>>
2025-10-10 00:25:55,045 : INFO : EventManager : Event: ======'s_three_bank_middle_active'====== Args={}
2025-10-10 00:25:55,045 : INFO : EventManager : Event: ======'drop_target_middle_down'====== Args={'device': <drop_target.middle>}
2025-10-10 00:25:55,045 : INFO : EventManager : Event: ======'drop_target_bank_three_bank_mixed'====== Args={'prev_value': <DropTargetBankState.MIXED: 'mixed'>, 'down': 2}
2025-10-10 00:25:55,046 : INFO : EventManager : Event: ======'machine_var_audits_switches_s_three_bank_middle'====== Args={'value': 395, 'prev_value': 394, 'change': 1}
2025-10-10 00:25:55,046 : INFO : EventManager : Event: ======'player_score'====== Args={'value': 2031110, 'prev_value': 2028890, 'change': 2220, 'player_num': 1, 'source': 'base'}
2025-10-10 00:25:55,327 : INFO : SwitchController : <<<<<<< 's_three_bank_top' active >>>>>>>
2025-10-10 00:25:55,327 : INFO : EventManager : Event: ======'s_three_bank_top_active'====== Args={}
2025-10-10 00:25:55,329 : INFO : EventManager : Event: ======'drop_target_top_down'====== Args={'device': <drop_target.top>}
2025-10-10 00:25:55,329 : INFO : EventManager : Event: ======'drop_target_bank_three_bank_down'====== Args={}
2025-10-10 00:25:55,329 : INFO : EventManager : Event: ======'machine_var_audits_switches_s_three_bank_top'====== Args={'value': 388, 'prev_value': 387, 'change': 1}
2025-10-10 00:25:55,330 : INFO : EventManager : Event: ======'player_score'====== Args={'value': 2033330, 'prev_value': 2031110, 'change': 2220, 'player_num': 1, 'source': 'base'}
2025-10-10 00:25:55,331 : INFO : EventManager : Event: ======'logicblock_drop_target_bank_counter_updated'====== Args={'value': 1, 'enabled': True}
2025-10-10 00:25:55,331 : INFO : EventManager : Event: ======'counter_drop_target_bank_counter_hit'====== Args={'count': 1, 'hits': 1, 'remaining': 0}
2025-10-10 00:25:55,331 : INFO : EventManager : Event: ======'logicblock_drop_target_bank_counter_hit'====== Args={'count': 1, 'hits': 1, 'remaining': 0}
2025-10-10 00:25:55,331 : INFO : EventManager : Event: ======'chcheckitout_multiball_qualified'====== Args={}
2025-10-10 00:25:55,331 : INFO : EventManager : Event: ======'player_drop_target_bank_counter_count'====== Args={'value': 1, 'prev_value': 0, 'change': 1, 'player_num': 1, 'source': 'base'}
2025-10-10 00:25:55,332 : INFO : EventManager : Event: ======'logicblock_qualify_chcheckitout_multiball_updated'====== Args={'value': 1, 'enabled': True}
2025-10-10 00:25:55,332 : INFO : EventManager : Event: ======'logicblock_qualify_chcheckitout_multiball_hit'====== Args={'step': 1}
2025-10-10 00:25:55,332 : INFO : EventManager : Event: ======'drops_standup_start_multiball'====== Args={}
2025-10-10 00:25:55,333 : INFO : EventManager : Event: ======'logicblock_qualify_chcheckitout_multiball_updated'====== Args={'value': 0, 'enabled': True}
2025-10-10 00:25:55,333 : INFO : EventManager : Event: ======'logicblock_chcheckitout_multiball_ready_updated'====== Args={'value': 0, 'enabled': True}
2025-10-10 00:25:56,030 : INFO : SwitchController : <<<<<<< 's_three_bank_bottom' inactive >>>>>>>
2025-10-10 00:25:56,030 : INFO : EventManager : Event: ======'drop_target_bottom_up'====== Args={'device': <drop_target.bottom>}
2025-10-10 00:25:56,032 : INFO : EventManager : Event: ======'drop_target_bank_three_bank_mixed'====== Args={'prev_value': <DropTargetBankState.DOWN: 'down'>, 'down': 2}
2025-10-10 00:25:56,338 : INFO : drop_target_bank.three_bank : 2 targets are down. Will reset those.
2025-10-10 00:25:56,338 : INFO : coil.c_three_bank : Pulsing Driver for 23ms (1.0 pulse_power)
2025-10-10 00:25:56,400 : WARNING : SwitchController : Received duplicate switch state 0 for switch s_three_bank_bottom from the platform interface. Log Code: Log-SwitchController-1 (https://missionpinball.org/logs)
2025-10-10 00:25:56,400 : INFO : SwitchController : <<<<<<< 's_three_bank_middle' inactive (muted) >>>>>>>
2025-10-10 00:25:56,401 : INFO : SwitchController : <<<<<<< 's_three_bank_top' inactive (muted) >>>>>>>
2025-10-10 00:25:56,852 : INFO : EventManager : Event: ======'drop_target_middle_up'====== Args={'device': <drop_target.middle>}
2025-10-10 00:25:56,854 : INFO : EventManager : Event: ======'drop_target_top_up'====== Args={'device': <drop_target.top>}
2025-10-10 00:25:56,855 : INFO : EventManager : Event: ======'drop_target_bank_three_bank_up'====== Args={}
2025-10-10 00:25:57,128 : INFO : SwitchController : <<<<<<< 's_three_bank_bottom' active >>>>>>>
2025-10-10 00:25:57,128 : INFO : EventManager : Event: ======'s_three_bank_bottom_active'====== Args={}
2025-10-10 00:25:57,128 : INFO : EventManager : Event: ======'drop_target_bottom_down'====== Args={'device': <drop_target.bottom>}
2025-10-10 00:25:57,129 : INFO : EventManager : Event: ======'drop_target_bank_three_bank_mixed'====== Args={'prev_value': <DropTargetBankState.UP: 'up'>, 'down': 1}
2025-10-10 00:25:57,129 : INFO : EventManager : Event: ======'machine_var_audits_switches_s_three_bank_bottom'====== Args={'value': 353, 'prev_value': 352, 'change': 1}
2025-10-10 00:25:57,131 : INFO : EventManager : Event: ======'player_score'====== Args={'value': 2035550, 'prev_value': 2033330, 'change': 2220, 'player_num': 1, 'source': 'base'}
2025-10-10 00:25:57,476 : INFO : SwitchController : <<<<<<< 's_three_bank_middle' active >>>>>>>
2025-10-10 00:25:57,477 : INFO : EventManager : Event: ======'s_three_bank_middle_active'====== Args={}
2025-10-10 00:25:57,477 : INFO : EventManager : Event: ======'drop_target_middle_down'====== Args={'device': <drop_target.middle>}
2025-10-10 00:25:57,478 : INFO : EventManager : Event: ======'drop_target_bank_three_bank_mixed'====== Args={'prev_value': <DropTargetBankState.MIXED: 'mixed'>, 'down': 2}
2025-10-10 00:25:57,478 : INFO : EventManager : Event: ======'machine_var_audits_switches_s_three_bank_middle'====== Args={'value': 396, 'prev_value': 395, 'change': 1}
2025-10-10 00:25:57,480 : INFO : EventManager : Event: ======'player_score'====== Args={'value': 2037770, 'prev_value': 2035550, 'change': 2220, 'player_num': 1, 'source': 'base'}
2025-10-10 00:25:57,709 : INFO : SwitchController : <<<<<<< 's_three_bank_top' active >>>>>>>
2025-10-10 00:25:57,709 : INFO : EventManager : Event: ======'s_three_bank_top_active'====== Args={}
2025-10-10 00:25:57,710 : INFO : EventManager : Event: ======'drop_target_top_down'====== Args={'device': <drop_target.top>}
2025-10-10 00:25:57,710 : INFO : EventManager : Event: ======'drop_target_bank_three_bank_down'====== Args={}
2025-10-10 00:25:57,710 : INFO : EventManager : Event: ======'machine_var_audits_switches_s_three_bank_top'====== Args={'value': 389, 'prev_value': 388, 'change': 1}
2025-10-10 00:25:57,711 : INFO : EventManager : Event: ======'player_score'====== Args={'value': 2039990, 'prev_value': 2037770, 'change': 2220, 'player_num': 1, 'source': 'base'}
2025-10-10 00:25:57,712 : INFO : EventManager : Event: ======'logicblock_drop_target_bank_counter_updated'====== Args={'value': 2, 'enabled': True}
2025-10-10 00:25:57,712 : INFO : EventManager : Event: ======'counter_drop_target_bank_counter_hit'====== Args={'count': 2, 'hits': 2, 'remaining': -1}
2025-10-10 00:25:57,712 : INFO : EventManager : Event: ======'logicblock_drop_target_bank_counter_hit'====== Args={'count': 2, 'hits': 2, 'remaining': -1}
2025-10-10 00:25:57,712 : INFO : EventManager : Event: ======'player_drop_target_bank_counter_count'====== Args={'value': 2, 'prev_value': 1, 'change': 1, 'player_num': 1, 'source': 'base'}
2025-10-10 00:25:58,723 : INFO : drop_target_bank.three_bank : 3 targets are down. Will reset those.
2025-10-10 00:25:58,724 : INFO : coil.c_three_bank : Pulsing Driver for 23ms (1.0 pulse_power)
2025-10-10 00:25:58,786 : INFO : SwitchController : <<<<<<< 's_three_bank_bottom' inactive (muted) >>>>>>>
2025-10-10 00:25:58,786 : INFO : SwitchController : <<<<<<< 's_three_bank_middle' inactive (muted) >>>>>>>
2025-10-10 00:25:58,786 : INFO : SwitchController : <<<<<<< 's_three_bank_top' inactive (muted) >>>>>>>
2025-10-10 00:25:59,141 : INFO : SwitchController : <<<<<<< 's_three_bank_standup' active >>>>>>>
2025-10-10 00:25:59,141 : INFO : EventManager : Event: ======'s_three_bank_standup_active'====== Args={}
2025-10-10 00:25:59,141 : INFO : EventManager : Event: ======'machine_var_audits_switches_s_three_bank_standup'====== Args={'value': 211, 'prev_value': 210, 'change': 1}
2025-10-10 00:25:59,142 : INFO : EventManager : Event: ======'three_bank_standup_hit'====== Args={'elapsed': 0}
2025-10-10 00:25:59,143 : INFO : EventManager : Event: ======'player_score'====== Args={'value': 2060000, 'prev_value': 2039990, 'change': 20010, 'player_num': 1, 'source': 'base'}
2025-10-10 00:25:59,143 : INFO : EventManager : Event: ======'logicblock_chcheckitout_multiball_ready_updated'====== Args={'value': 1, 'enabled': True}
2025-10-10 00:25:59,143 : INFO : EventManager : Event: ======'logicblock_chcheckitout_multiball_ready_hit'====== Args={'step': 1}
2025-10-10 00:25:59,143 : INFO : EventManager : Event: ======'chcheckitout_start_multiball'====== Args={}
2025-10-10 00:25:59,143 : INFO : EventManager : Event: ======'logicblock_chcheckitout_multiball_ready_updated'====== Args={'value': 0, 'enabled': True}
2025-10-10 00:25:59,144 : INFO : EventManager : Event: ======'balls_in_play'====== Args={'balls': 3}
2025-10-10 00:25:59,146 : INFO : ball_device.bd_plunger : Adding 2 ball(s) to the eject_queue with target <playfield.playfield>.
2025-10-10 00:25:59,146 : INFO : EventManager : Event: ======'balldevice_balls_available'====== Args={}
2025-10-10 00:25:59,147 : INFO : EventManager : Event: ======'balldevice_balls_available'====== Args={}
2025-10-10 00:25:59,147 : INFO : EventManager : Event: ======'ball_save_chcheckitout_timer_start'====== Args={}
2025-10-10 00:25:59,148 : INFO : EventManager : Event: ======'multiball_chcheckitout_started'====== Args={'balls': 3}
2025-10-10 00:25:59,149 : INFO : EventManager : Event: ======'mode_carousel_will_stop'====== Args={}
2025-10-10 00:25:59,149 : INFO : EventManager : Event: ======'mode_carousel_stopping'====== Args={}
2025-10-10 00:25:59,149 : INFO : EventManager : Event: ======'player_multiball_blocking_flag'====== Args={'value': 1, 'prev_value': 0, 'change': 1, 'player_num': 1, 'source': 'multiball'}
2025-10-10 00:25:59,150 : INFO : EventManager : Event: ======'play_chcheckitout_video2'====== Args={'balls': 3}
2025-10-10 00:25:59,150 : INFO : EventManager : Event: ======'logicblock_drop_target_bank_counter_updated'====== Args={'value': 2, 'enabled': False}
2025-10-10 00:25:59,151 : INFO : Mode.carousel : Stopped.
2025-10-10 00:25:59,151 : INFO : EventManager : Event: ======'modes_active_modes_changed'====== Args={}
2025-10-10 00:25:59,152 : INFO : EventManager : Event: ======'mode_carousel_stopped'====== Args={}
2025-10-10 00:25:59,152 : INFO : EventManager : Event: ======'clear'====== Args={'key': 'carousel'}
2025-10-10 00:25:59,180 : INFO : EventManager : Event: ======'slide_current_mode_highlighted_removed'====== Args={'_from_bcp': True}
2025-10-10 00:25:59,181 : INFO : EventManager : Event: ======'slide_base_removed'====== Args={'_from_bcp': True}
2025-10-10 00:25:59,181 : INFO : EventManager : Event: ======'slide_basevideo4_removed'====== Args={'_from_bcp': True}
2025-10-10 00:25:59,182 : INFO : EventManager : Event: ======'slide_multiball2_created'====== Args={'_from_bcp': True}
2025-10-10 00:25:59,183 : INFO : ball_device.bd_trough : State: waiting_for_target_ready
2025-10-10 00:25:59,184 : INFO : EventManager : Event: ======'balldevice_bd_trough_ball_eject_attempt'====== Args={'balls': 1, 'target': <ball_device.bd_plunger>, 'source': <ball_device.bd_trough>, 'mechanical_eject': False, 'num_attempts': 0}
2025-10-10 00:25:59,184 : INFO : ball_device.bd_plunger : State: waiting_for_ball
2025-10-10 00:25:59,185 : INFO : ball_device.bd_trough : State: ejecting
2025-10-10 00:25:59,187 : INFO : ball_device.bd_trough : Ejecting ball to <ball_device.bd_plunger>
2025-10-10 00:25:59,187 : INFO : EventManager : Event: ======'balldevice_bd_trough_ejecting_ball'====== Args={'balls': 1, 'target': <ball_device.bd_plunger>, 'source': <ball_device.bd_trough>, 'mechanical_eject': False, 'num_attempts': 0}
2025-10-10 00:25:59,188 : INFO : ball_device.bd_trough : Wait for ball to leave device
2025-10-10 00:25:59,188 : INFO : coil.c_trough_eject : Pulsing Driver for 20ms (1.0 pulse_power)
2025-10-10 00:25:59,189 : INFO : SwitchController : <<<<<<< 's_trough2' inactive >>>>>>>
2025-10-10 00:25:59,193 : INFO : ball_device.bd_trough : State: ball_left
2025-10-10 00:25:59,195 : INFO : ball_device.bd_trough : Ball left
2025-10-10 00:25:59,195 : INFO : ball_device.bd_trough : Wait for confirm with timeout 3.0
2025-10-10 00:25:59,223 : INFO : EventManager : Event: ======'drop_target_bottom_up'====== Args={'device': <drop_target.bottom>}
2025-10-10 00:25:59,224 : INFO : EventManager : Event: ======'drop_target_middle_up'====== Args={'device': <drop_target.middle>}
2025-10-10 00:25:59,224 : INFO : EventManager : Event: ======'drop_target_top_up'====== Args={'device': <drop_target.top>}
2025-10-10 00:25:59,225 : INFO : EventManager : Event: ======'drop_target_bank_three_bank_up'====== Args={}
2025-10-10 00:25:59,241 : INFO : SwitchController : <<<<<<< 's_three_bank_standup' inactive >>>>>>>
2025-10-10 00:25:59,301 : INFO : SwitchController : <<<<<<< 's_plunger' active >>>>>>>
2025-10-10 00:25:59,302 : INFO : EventManager : Event: ======'machine_var_audits_switches_s_plunger'====== Args={'value': 943, 'prev_value': 942, 'change': 1}
2025-10-10 00:25:59,814 : INFO : ball_device.bd_plunger : Received ball from <ball_device.bd_trough>
2025-10-10 00:25:59,814 : INFO : EventManager : Event: ======'balldevice_bd_plunger_ball_enter'====== Args={'new_balls': 1, 'unclaimed_balls': 0, 'new_available_balls': 0, 'device': <ball_device.bd_plunger>}
2025-10-10 00:25:59,815 : INFO : EventManager : Event: ======'balldevice_bd_plunger_ball_entered'====== Args={'new_balls': 0, 'device': <ball_device.bd_plunger>}
2025-10-10 00:25:59,816 : INFO : EventManager : Event: ======'balldevice_bd_plunger_ball_count_changed'====== Args={'balls': 1}
2025-10-10 00:25:59,817 : INFO : ball_device.bd_trough : Got eject confirm
2025-10-10 00:25:59,817 : INFO : ball_device.bd_trough : Eject successful
2025-10-10 00:25:59,817 : INFO : EventManager : Event: ======'balldevice_bd_trough_ball_eject_success'====== Args={'balls': 1, 'target': <ball_device.bd_plunger>}
2025-10-10 00:25:59,817 : INFO : EventManager : Event: ======'balldevice_bd_trough_ball_count_changed'====== Args={'balls': 4}
2025-10-10 00:25:59,818 : INFO : ball_device.bd_trough : State: idle
2025-10-10 00:25:59,818 : INFO : ball_device.bd_plunger : State: waiting_for_target_ready
2025-10-10 00:25:59,818 : INFO : EventManager : Event: ======'balldevice_bd_plunger_ball_eject_attempt'====== Args={'balls': 1, 'target': <playfield.playfield>, 'source': <ball_device.bd_plunger>, 'mechanical_eject': False, 'num_attempts': 0}
2025-10-10 00:25:59,820 : INFO : ball_device.bd_plunger : State: ejecting
2025-10-10 00:25:59,820 : INFO : ball_device.bd_plunger : Ejecting ball to <playfield.playfield>
2025-10-10 00:25:59,820 : INFO : EventManager : Event: ======'balldevice_bd_plunger_ejecting_ball'====== Args={'balls': 1, 'target': <playfield.playfield>, 'source': <ball_device.bd_plunger>, 'mechanical_eject': False, 'num_attempts': 0}
2025-10-10 00:25:59,821 : INFO : ball_device.bd_trough : State: waiting_for_target_ready
2025-10-10 00:25:59,822 : INFO : EventManager : Event: ======'balldevice_bd_trough_ball_eject_attempt'====== Args={'balls': 1, 'target': <ball_device.bd_plunger>, 'source': <ball_device.bd_trough>, 'mechanical_eject': False, 'num_attempts': 0}
2025-10-10 00:25:59,823 : INFO : ball_device.bd_plunger : Wait for ball to leave device
2025-10-10 00:25:59,823 : INFO : coil.c_plunger : Pulsing Driver for 20ms (1.0 pulse_power)
2025-10-10 00:25:59,823 : INFO : SwitchController : <<<<<<< 's_plunger' inactive >>>>>>>
2025-10-10 00:25:59,824 : INFO : EventManager : Event: ======'ball_out'====== Args={}
2025-10-10 00:25:59,829 : INFO : ball_device.bd_plunger : State: ball_left
2025-10-10 00:25:59,829 : INFO : ball_device.bd_plunger : Ball left
2025-10-10 00:25:59,829 : INFO : ball_device.bd_plunger : Wait for confirm with timeout 3.0
2025-10-10 00:26:02,833 : INFO : ball_device.bd_plunger : State: failed_confirm
2025-10-10 00:26:02,834 : INFO : ball_device.bd_plunger : Got timeout (3.0s) before confirm from <playfield.playfield>
2025-10-10 00:26:02,927 : INFO : ball_device.bd_plunger : Confirming eject because target is playfield and ball did not return.
2025-10-10 00:26:02,927 : INFO : ball_device.bd_plunger : Eject successful
2025-10-10 00:26:02,927 : INFO : EventManager : Event: ======'balldevice_bd_plunger_ball_eject_success'====== Args={'balls': 1, 'target': <playfield.playfield>}
2025-10-10 00:26:02,928 : INFO : EventManager : Event: ======'balldevice_playfield_ball_enter'====== Args={'new_balls': 1, 'unclaimed_balls': 1, 'device': <playfield.playfield>}
2025-10-10 00:26:02,928 : INFO : EventManager : Event: ======'playfield_ball_count_change'====== Args={'balls': 2, 'change': 1}
2025-10-10 00:26:02,929 : INFO : EventManager : Event: ======'balldevice_bd_plunger_ball_count_changed'====== Args={'balls': 0}
2025-10-10 00:26:02,929 : INFO : ball_device.bd_plunger : State: idle
2025-10-10 00:26:02,930 : INFO : ball_device.bd_trough : State: ejecting
2025-10-10 00:26:02,930 : INFO : ball_device.bd_trough : Ejecting ball to <ball_device.bd_plunger>
2025-10-10 00:26:02,930 : INFO : EventManager : Event: ======'balldevice_bd_trough_ejecting_ball'====== Args={'balls': 1, 'target': <ball_device.bd_plunger>, 'source': <ball_device.bd_trough>, 'mechanical_eject': False, 'num_attempts': 0}
2025-10-10 00:26:02,932 : INFO : ball_device.bd_trough : Wait for ball to leave device
2025-10-10 00:26:02,932 : INFO : coil.c_trough_eject : Pulsing Driver for 20ms (1.0 pulse_power)
2025-10-10 00:26:02,933 : INFO : SwitchController : <<<<<<< 's_trough3' inactive >>>>>>>
2025-10-10 00:26:02,933 : INFO : ball_device.bd_plunger : State: waiting_for_ball
2025-10-10 00:26:02,938 : INFO : ball_device.bd_trough : State: ball_left
2025-10-10 00:26:02,939 : INFO : ball_device.bd_trough : Ball left
2025-10-10 00:26:02,939 : INFO : ball_device.bd_trough : Wait for confirm with timeout 3.0
2025-10-10 00:26:03,037 : INFO : SwitchController : <<<<<<< 's_plunger' active >>>>>>>
2025-10-10 00:26:03,037 : INFO : EventManager : Event: ======'machine_var_audits_switches_s_plunger'====== Args={'value': 944, 'prev_value': 943, 'change': 1}
2025-10-10 00:26:03,534 : INFO : ball_device.bd_plunger : Received ball from <ball_device.bd_trough>
2025-10-10 00:26:03,534 : INFO : EventManager : Event: ======'balldevice_bd_plunger_ball_enter'====== Args={'new_balls': 1, 'unclaimed_balls': 0, 'new_available_balls': 0, 'device': <ball_device.bd_plunger>}
2025-10-10 00:26:03,536 : INFO : EventManager : Event: ======'balldevice_bd_plunger_ball_entered'====== Args={'new_balls': 0, 'device': <ball_device.bd_plunger>}
2025-10-10 00:26:03,536 : INFO : EventManager : Event: ======'balldevice_bd_plunger_ball_count_changed'====== Args={'balls': 1}
2025-10-10 00:26:03,538 : INFO : ball_device.bd_trough : Got eject confirm
2025-10-10 00:26:03,538 : INFO : ball_device.bd_trough : Eject successful
2025-10-10 00:26:03,538 : INFO : EventManager : Event: ======'balldevice_bd_trough_ball_eject_success'====== Args={'balls': 1, 'target': <ball_device.bd_plunger>}
2025-10-10 00:26:03,539 : INFO : EventManager : Event: ======'balldevice_bd_trough_ball_count_changed'====== Args={'balls': 3}
2025-10-10 00:26:03,539 : INFO : ball_device.bd_trough : State: idle
2025-10-10 00:26:03,539 : INFO : ball_device.bd_plunger : State: waiting_for_target_ready
2025-10-10 00:26:03,540 : INFO : EventManager : Event: ======'balldevice_bd_plunger_ball_eject_attempt'====== Args={'balls': 1, 'target': <playfield.playfield>, 'source': <ball_device.bd_plunger>, 'mechanical_eject': False, 'num_attempts': 0}
2025-10-10 00:26:03,540 : INFO : ball_device.bd_plunger : State: ejecting
2025-10-10 00:26:03,541 : INFO : ball_device.bd_plunger : Ejecting ball to <playfield.playfield>
2025-10-10 00:26:03,541 : INFO : EventManager : Event: ======'balldevice_bd_plunger_ejecting_ball'====== Args={'balls': 1, 'target': <playfield.playfield>, 'source': <ball_device.bd_plunger>, 'mechanical_eject': False, 'num_attempts': 0}
2025-10-10 00:26:03,542 : INFO : ball_device.bd_plunger : Wait for ball to leave device
2025-10-10 00:26:03,542 : INFO : coil.c_plunger : Pulsing Driver for 20ms (1.0 pulse_power)
2025-10-10 00:26:03,543 : INFO : SwitchController : <<<<<<< 's_plunger' inactive >>>>>>>
2025-10-10 00:26:03,543 : INFO : EventManager : Event: ======'ball_out'====== Args={}
2025-10-10 00:26:03,548 : INFO : ball_device.bd_plunger : State: ball_left
2025-10-10 00:26:03,548 : INFO : ball_device.bd_plunger : Ball left
2025-10-10 00:26:03,548 : INFO : ball_device.bd_plunger : Wait for confirm with timeout 3.0
2025-10-10 00:26:06,556 : INFO : ball_device.bd_plunger : State: failed_confirm
2025-10-10 00:26:06,557 : INFO : ball_device.bd_plunger : Got timeout (3.0s) before confirm from <playfield.playfield>
2025-10-10 00:26:06,666 : INFO : ball_device.bd_plunger : Confirming eject because target is playfield and ball did not return.
2025-10-10 00:26:06,667 : INFO : ball_device.bd_plunger : Eject successful
2025-10-10 00:26:06,667 : INFO : EventManager : Event: ======'balldevice_bd_plunger_ball_eject_success'====== Args={'balls': 1, 'target': <playfield.playfield>}
2025-10-10 00:26:06,667 : INFO : EventManager : Event: ======'balldevice_playfield_ball_enter'====== Args={'new_balls': 1, 'unclaimed_balls': 1, 'device': <playfield.playfield>}
2025-10-10 00:26:06,668 : INFO : EventManager : Event: ======'playfield_ball_count_change'====== Args={'balls': 3, 'change': 1}
2025-10-10 00:26:06,668 : INFO : EventManager : Event: ======'balldevice_bd_plunger_ball_count_changed'====== Args={'balls': 0}
2025-10-10 00:26:06,669 : INFO : ball_device.bd_plunger : State: idle
2025-10-10 00:26:14,142 : INFO : EventManager : Event: ======'multiball_chcheckitout_shoot_again_ended'====== Args={}
2025-10-10 00:26:29,303 : INFO : Machine : Shutting down...
2025-10-10 00:26:29,303 : INFO : EventManager : Event: ======'shutdown'====== Args={}
2025-10-10 00:26:29,305 : INFO : EventManager : Event: ======'mode_game_will_stop'====== Args={}
2025-10-10 00:26:29,305 : INFO : EventManager : Event: ======'mode_game_stopping'====== Args={}
2025-10-10 00:26:29,306 : INFO : EventManager : Event: ======'mode_base_will_stop'====== Args={}
2025-10-10 00:26:29,306 : INFO : EventManager : Event: ======'mode_base_stopping'====== Args={}
2025-10-10 00:26:29,306 : INFO : EventManager : Event: ======'mode_multiball_will_stop'====== Args={}
2025-10-10 00:26:29,306 : INFO : EventManager : Event: ======'mode_multiball_stopping'====== Args={}
2025-10-10 00:26:29,306 : INFO : Mode.multiball : Stopped.
2025-10-10 00:26:29,306 : INFO : EventManager : Event: ======'modes_active_modes_changed'====== Args={}
2025-10-10 00:26:29,307 : INFO : EventManager : Event: ======'mode_multiball_stopped'====== Args={}
2025-10-10 00:26:29,307 : INFO : EventManager : Event: ======'clear'====== Args={'key': 'multiball'}
2025-10-10 00:26:29,307 : INFO : Mode.base : Stopped.
2025-10-10 00:26:29,307 : INFO : EventManager : Event: ======'modes_active_modes_changed'====== Args={}
2025-10-10 00:26:29,307 : INFO : EventManager : Event: ======'mode_base_stopped'====== Args={}
2025-10-10 00:26:29,308 : INFO : EventManager : Event: ======'clear'====== Args={'key': 'base'}
2025-10-10 00:26:29,310 : INFO : Mode.game : Stopped.
2025-10-10 00:26:29,310 : INFO : EventManager : Event: ======'modes_active_modes_changed'====== Args={}
2025-10-10 00:26:29,310 : INFO : EventManager : Event: ======'mode_game_stopped'====== Args={}
2025-10-10 00:26:29,310 : INFO : EventManager : Event: ======'clear'====== Args={'key': 'game'}
2025-10-10 00:26:29,315 : INFO : root : MPF run loop ended.
