2025-10-19 18:40:10,835 : INFO : root : Loading config.
2025-10-19 18:40:10,839 : INFO : YamlMultifileConfigLoader : Machine config file #1: config.yaml
2025-10-19 18:40:10,840 : INFO : ConfigProcessor : Loading config from cache: C:\Users\sdona\AppData\Local\Temp\19f6d0d7953982fda9d956182316b8e5.mpf_cache
2025-10-19 18:40:10,948 : INFO : ConfigProcessor : Loading config from cache: C:\Users\sdona\AppData\Local\Temp\835b5bfea4be8b279a05e96caaaffbbb.mpf_cache
2025-10-19 18:40:10,949 : INFO : ConfigProcessor : Loading config from cache: C:\Users\sdona\AppData\Local\Temp\9b0a7575388f9d9bd2f6ab87bf9fd2f7.mpf_cache
2025-10-19 18:40:10,950 : INFO : ConfigProcessor : Loading config from cache: C:\Users\sdona\AppData\Local\Temp\c340ec0033d1055cd797ffd5447ef414.mpf_cache
2025-10-19 18:40:10,951 : INFO : ConfigProcessor : Loading config from cache: C:\Users\sdona\AppData\Local\Temp\835b5bfea4be8b279a05e96caaaffbbb.mpf_cache
2025-10-19 18:40:10,951 : INFO : ConfigProcessor : Loading config from cache: C:\Users\sdona\AppData\Local\Temp\8c11a28e3c38d4ad47947b6a126f2ee9.mpf_cache
2025-10-19 18:40:10,952 : INFO : ConfigProcessor : Loading config from cache: C:\Users\sdona\AppData\Local\Temp\e391083cdc9e667060411fe5838e93f2.mpf_cache
2025-10-19 18:40:10,953 : INFO : ConfigProcessor : Loading config from cache: C:\Users\sdona\AppData\Local\Temp\f0c219a993d891ee86dcb7eae47dde67.mpf_cache
2025-10-19 18:40:10,954 : WARNING : ConfigProcessor : Config file in cache changed: C:\venv\mpf\mmmdrop\modes\intergalactic\config\intergalactic.yaml
2025-10-19 18:40:10,954 : INFO : ConfigProcessor : Loading config from file C:\venv\mpf\mmmdrop\modes\intergalactic\config\intergalactic.yaml.
2025-10-19 18:40:10,960 : INFO : ConfigProcessor : Loading config: C:\venv\mpf\mmmdrop\modes\intergalactic\config\intergalactic.yaml
2025-10-19 18:40:10,961 : INFO : ConfigProcessor : Config file cache created: C:\Users\sdona\AppData\Local\Temp\96aa58108928490b129531848cd9b506.mpf_cache
2025-10-19 18:40:10,962 : INFO : ConfigProcessor : Loading config from cache: C:\Users\sdona\AppData\Local\Temp\567636b9d9766e3361204e954a8382da.mpf_cache
2025-10-19 18:40:10,963 : INFO : ConfigProcessor : Loading config from cache: C:\Users\sdona\AppData\Local\Temp\d5ead8dff868c6c4b1faf37537a19bc2.mpf_cache
2025-10-19 18:40:10,964 : INFO : ConfigProcessor : Loading config from cache: C:\Users\sdona\AppData\Local\Temp\112f935d1c2002cb40d3e6e497be9e7c.mpf_cache
2025-10-19 18:40:10,965 : INFO : ConfigProcessor : Loading config from cache: C:\Users\sdona\AppData\Local\Temp\aba0711976820dea629bb4c00b006efc.mpf_cache
2025-10-19 18:40:10,967 : INFO : ConfigProcessor : Loading config from cache: C:\Users\sdona\AppData\Local\Temp\de8ed6c6d4c48d1b5b054ff74222cb35.mpf_cache
2025-10-19 18:40:10,967 : INFO : ConfigProcessor : Loading config from cache: C:\Users\sdona\AppData\Local\Temp\e6b55d6a1c06b0dd6369c964181bf8d3.mpf_cache
2025-10-19 18:40:10,968 : WARNING : ConfigProcessor : Config file in cache changed: C:\venv\mpf\mmmdrop\modes\intergalactic\shows\.\intergalactic_left_shot.yaml
2025-10-19 18:40:10,968 : INFO : ConfigProcessor : Loading config from file C:\venv\mpf\mmmdrop\modes\intergalactic\shows\.\intergalactic_left_shot.yaml.
2025-10-19 18:40:10,969 : INFO : ConfigProcessor : Loading config: C:\venv\mpf\mmmdrop\modes\intergalactic\shows\.\intergalactic_left_shot.yaml
2025-10-19 18:40:10,970 : INFO : ConfigProcessor : Config file cache created: C:\Users\sdona\AppData\Local\Temp\b7a51086f1e3c926b3977a0d025a1faa.mpf_cache
2025-10-19 18:40:10,970 : INFO : Machine : Mission Pinball Framework Core Engine v0.80.0.dev9
2025-10-19 18:40:10,971 : INFO : Machine : Command line arguments: {'no_load_cache': False, 'create_config_cache': True, 'bcp': True, 'configfile': ['config.yaml'], 'force_assets_load': False, 'platform_integration_test': False, 'jsonlogging': False, 'logfile': 'logs\\2025-10-19-18-40-10-mpf-PinballLaptop.log', 'pause': False, 'production': False, 'text_ui': True, 'loglevel': 15, 'consoleloglevel': 20, 'force_platform': 'smart_virtual', 'syslog_address': None, 'full_logfile_path': 'C:\\venv\\mpf\\mmmdrop\\logs\\2025-10-19-18-40-10-mpf-PinballLaptop.log'}
2025-10-19 18:40:10,971 : INFO : Machine : MPF path: c:\venv\mpf\lib\site-packages\mpf
2025-10-19 18:40:10,971 : INFO : Machine : Machine path: C:\venv\mpf\mmmdrop
2025-10-19 18:40:10,971 : INFO : Machine : Platform: win32
2025-10-19 18:40:10,971 : INFO : Machine : Python executable location: c:\venv\mpf\Scripts\python.exe
2025-10-19 18:40:10,971 : INFO : Machine : Python version: 3.9.13 (64-bit)
2025-10-19 18:40:10,972 : INFO : Machine : Initializing MPF...
2025-10-19 18:40:11,180 : INFO : EventManager : Event: ======'machine_var_credits_string'====== Args={'value': 'FREE PLAY', 'prev_value': None, 'change': True}
2025-10-19 18:40:11,206 : INFO : EventManager : Event: ======'machine_var_fast_audio_headphones_volume'====== Args={'value': 10, 'prev_value': None, 'change': True}
2025-10-19 18:40:11,206 : INFO : EventManager : Event: ======'machine_var_fast_audio_main_volume'====== Args={'value': 44, 'prev_value': None, 'change': True}
2025-10-19 18:40:11,206 : INFO : EventManager : Event: ======'machine_var_master_volume'====== Args={'value': 0.55, 'prev_value': None, 'change': True}
2025-10-19 18:40:11,206 : INFO : EventManager : Event: ======'machine_var_player1_score'====== Args={'value': 4013890, 'prev_value': None, 'change': True}
2025-10-19 18:40:11,206 : INFO : EventManager : Event: ======'machine_var_game_just_played'====== Args={'value': 0, 'prev_value': None, 'change': True}
2025-10-19 18:40:11,206 : INFO : EventManager : Event: ======'machine_var_mpf_version'====== Args={'value': 'Mission Pinball Framework v0.80.0.dev9', 'prev_value': None, 'change': True}
2025-10-19 18:40:11,206 : INFO : EventManager : Event: ======'machine_var_mpf_extended_version'====== Args={'value': 'Mission Pinball Framework v0.80.0.dev9, Config version:6, Show version: 6, BCP version:1.1', 'prev_value': None, 'change': True}
2025-10-19 18:40:11,206 : INFO : EventManager : Event: ======'machine_var_python_version'====== Args={'value': '3.9.13', 'prev_value': None, 'change': True}
2025-10-19 18:40:11,235 : INFO : EventManager : Event: ======'machine_var_platform'====== Args={'value': 'Windows-10-10.0.26100-SP0', 'prev_value': None, 'change': True}
2025-10-19 18:40:11,235 : INFO : EventManager : Event: ======'machine_var_platform_system'====== Args={'value': 'Windows', 'prev_value': None, 'change': True}
2025-10-19 18:40:11,235 : INFO : EventManager : Event: ======'machine_var_platform_release'====== Args={'value': '10', 'prev_value': None, 'change': True}
2025-10-19 18:40:11,235 : INFO : EventManager : Event: ======'machine_var_platform_version'====== Args={'value': '10.0.26100', 'prev_value': None, 'change': True}
2025-10-19 18:40:11,235 : INFO : EventManager : Event: ======'machine_var_platform_machine'====== Args={'value': 'AMD64', 'prev_value': None, 'change': True}
2025-10-19 18:40:11,235 : INFO : EventManager : Event: ======'machine_var_log_file_path'====== Args={'value': 'C:\\venv\\mpf\\mmmdrop\\logs\\2025-10-19-18-40-10-mpf-PinballLaptop.log', 'prev_value': None, 'change': True}
2025-10-19 18:40:11,235 : INFO : EventManager : Event: ======'init_phase_1'====== Args={}
2025-10-19 18:40:11,283 : INFO : EventManager : Event: ======'drop_target_bank_three_bank_up'====== Args={}
2025-10-19 18:40:11,285 : INFO : EventManager : Event: ======'init_phase_2'====== Args={}
2025-10-19 18:40:11,285 : INFO : SwitchController : Found active switch: ('3208-0', <Platform.SmartVirtual>) <switch.s_trough1>
2025-10-19 18:40:11,285 : INFO : SwitchController : Found active switch: ('3208-1', <Platform.SmartVirtual>) <switch.s_trough2>
2025-10-19 18:40:11,285 : INFO : SwitchController : Found active switch: ('3208-2', <Platform.SmartVirtual>) <switch.s_trough3>
2025-10-19 18:40:11,285 : INFO : SwitchController : Found active switch: ('3208-3', <Platform.SmartVirtual>) <switch.s_trough4>
2025-10-19 18:40:11,285 : INFO : SwitchController : Found active switch: ('3208-4', <Platform.SmartVirtual>) <switch.s_trough5>
2025-10-19 18:40:11,285 : INFO : SwitchController : Found active switch: ('3208-5', <Platform.SmartVirtual>) <switch.s_trough6>
2025-10-19 18:40:11,297 : INFO : EventManager : Event: ======'bcp_connection_attempt'====== Args={'name': 'local_display', 'host': 'localhost', 'port': 5050}
2025-10-19 18:40:11,299 : INFO : BCPClientSocket : Connecting BCP to 'local_display' at localhost:5050...
2025-10-19 18:40:14,893 : INFO : BCPClientSocket : Connected BCP to 'local_display' localhost:5050
2025-10-19 18:40:14,894 : INFO : EventManager : Event: ======'bcp_clients_connected'====== Args={}
2025-10-19 18:40:15,060 : INFO : ball_device.bd_trough : BCH: Initial count: 6
2025-10-19 18:40:15,118 : INFO : ball_device.bd_trough : State: idle
2025-10-19 18:40:15,118 : INFO : ball_device.bd_plunger : BCH: Initial count: 0
2025-10-19 18:40:15,119 : INFO : ball_device.bd_plunger : State: idle
2025-10-19 18:40:15,119 : INFO : ball_device.bd_scoop : BCH: Initial count: 0
2025-10-19 18:40:15,119 : INFO : ball_device.bd_scoop : State: idle
2025-10-19 18:40:15,142 : INFO : EventManager : Event: ======'init_phase_3'====== Args={}
2025-10-19 18:40:15,149 : INFO : EventManager : Event: ======'init_phase_4'====== Args={}
2025-10-19 18:40:15,149 : INFO : BallController : Initial balls found: 6
2025-10-19 18:40:15,151 : INFO : EventManager : Event: ======'machine_var_audits_events_game_ended'====== Args={'value': 56, 'prev_value': None, 'change': True}
2025-10-19 18:40:15,151 : INFO : EventManager : Event: ======'machine_var_audits_events_game_started'====== Args={'value': 426, 'prev_value': None, 'change': True}
2025-10-19 18:40:15,151 : INFO : EventManager : Event: ======'machine_var_audits_missing_switches_s_captive_ball'====== Args={'value': 10, 'prev_value': None, 'change': True}
2025-10-19 18:40:15,151 : INFO : EventManager : Event: ======'machine_var_audits_missing_switches_s_center_upper_pop'====== Args={'value': 10, 'prev_value': None, 'change': True}
2025-10-19 18:40:15,151 : INFO : EventManager : Event: ======'machine_var_audits_missing_switches_s_inner_orbit'====== Args={'value': 82, 'prev_value': None, 'change': True}
2025-10-19 18:40:15,151 : INFO : EventManager : Event: ======'machine_var_audits_missing_switches_s_left_flipper'====== Args={'value': 1, 'prev_value': None, 'change': True}
2025-10-19 18:40:15,152 : INFO : EventManager : Event: ======'machine_var_audits_missing_switches_s_left_inlane'====== Args={'value': 82, 'prev_value': None, 'change': True}
2025-10-19 18:40:15,152 : INFO : EventManager : Event: ======'machine_var_audits_missing_switches_s_left_orbit'====== Args={'value': 10, 'prev_value': None, 'change': True}
2025-10-19 18:40:15,152 : INFO : EventManager : Event: ======'machine_var_audits_missing_switches_s_left_outlane'====== Args={'value': 170, 'prev_value': None, 'change': True}
2025-10-19 18:40:15,152 : INFO : EventManager : Event: ======'machine_var_audits_missing_switches_s_left_ramp'====== Args={'value': 10, 'prev_value': None, 'change': True}
2025-10-19 18:40:15,152 : INFO : EventManager : Event: ======'machine_var_audits_missing_switches_s_left_slingshot'====== Args={'value': 352, 'prev_value': None, 'change': True}
2025-10-19 18:40:15,152 : INFO : EventManager : Event: ======'machine_var_audits_missing_switches_s_left_upper_pop'====== Args={'value': 10, 'prev_value': None, 'change': True}
2025-10-19 18:40:15,152 : INFO : EventManager : Event: ======'machine_var_audits_missing_switches_s_pop_standup'====== Args={'value': 10, 'prev_value': None, 'change': True}
2025-10-19 18:40:15,152 : INFO : EventManager : Event: ======'machine_var_audits_missing_switches_s_right_inlane'====== Args={'value': 82, 'prev_value': None, 'change': True}
2025-10-19 18:40:15,153 : INFO : EventManager : Event: ======'machine_var_audits_missing_switches_s_right_lower_pop'====== Args={'value': 10, 'prev_value': None, 'change': True}
2025-10-19 18:40:15,153 : INFO : EventManager : Event: ======'machine_var_audits_missing_switches_s_right_orbit'====== Args={'value': 10, 'prev_value': None, 'change': True}
2025-10-19 18:40:15,153 : INFO : EventManager : Event: ======'machine_var_audits_missing_switches_s_right_outlane'====== Args={'value': 237, 'prev_value': None, 'change': True}
2025-10-19 18:40:15,153 : INFO : EventManager : Event: ======'machine_var_audits_missing_switches_s_right_ramp'====== Args={'value': 10, 'prev_value': None, 'change': True}
2025-10-19 18:40:15,153 : INFO : EventManager : Event: ======'machine_var_audits_missing_switches_s_right_slingshot'====== Args={'value': 202, 'prev_value': None, 'change': True}
2025-10-19 18:40:15,153 : INFO : EventManager : Event: ======'machine_var_audits_missing_switches_s_scoop'====== Args={'value': 10, 'prev_value': None, 'change': True}
2025-10-19 18:40:15,153 : INFO : EventManager : Event: ======'machine_var_audits_missing_switches_s_service_down'====== Args={'value': 71, 'prev_value': None, 'change': True}
2025-10-19 18:40:15,153 : INFO : EventManager : Event: ======'machine_var_audits_missing_switches_s_service_enter'====== Args={'value': 71, 'prev_value': None, 'change': True}
2025-10-19 18:40:15,153 : INFO : EventManager : Event: ======'machine_var_audits_missing_switches_s_service_esc'====== Args={'value': 71, 'prev_value': None, 'change': True}
2025-10-19 18:40:15,154 : INFO : EventManager : Event: ======'machine_var_audits_missing_switches_s_service_up'====== Args={'value': 44, 'prev_value': None, 'change': True}
2025-10-19 18:40:15,154 : INFO : EventManager : Event: ======'machine_var_audits_missing_switches_s_spinner'====== Args={'value': 15, 'prev_value': None, 'change': True}
2025-10-19 18:40:15,154 : INFO : EventManager : Event: ======'machine_var_audits_missing_switches_s_start'====== Args={'value': 10, 'prev_value': None, 'change': True}
2025-10-19 18:40:15,154 : INFO : EventManager : Event: ======'machine_var_audits_missing_switches_s_three_bank_standup'====== Args={'value': 10, 'prev_value': None, 'change': True}
2025-10-19 18:40:15,154 : INFO : EventManager : Event: ======'machine_var_audits_missing_switches_s_tilt_bob'====== Args={'value': 35, 'prev_value': None, 'change': True}
2025-10-19 18:40:15,154 : INFO : EventManager : Event: ======'machine_var_audits_missing_switches_s_top_right_flipper'====== Args={'value': 352, 'prev_value': None, 'change': True}
2025-10-19 18:40:15,154 : INFO : EventManager : Event: ======'machine_var_audits_missing_switches_s_trough2'====== Args={'value': 10, 'prev_value': None, 'change': True}
2025-10-19 18:40:15,154 : INFO : EventManager : Event: ======'machine_var_audits_missing_switches_s_trough3'====== Args={'value': 10, 'prev_value': None, 'change': True}
2025-10-19 18:40:15,154 : INFO : EventManager : Event: ======'machine_var_audits_missing_switches_s_trough4'====== Args={'value': 351, 'prev_value': None, 'change': True}
2025-10-19 18:40:15,155 : INFO : EventManager : Event: ======'machine_var_audits_missing_switches_s_trough5'====== Args={'value': 351, 'prev_value': None, 'change': True}
2025-10-19 18:40:15,155 : INFO : EventManager : Event: ======'machine_var_audits_missing_switches_s_trough6'====== Args={'value': 201, 'prev_value': None, 'change': True}
2025-10-19 18:40:15,155 : INFO : EventManager : Event: ======'machine_var_audits_missing_switches_s_trough_jam'====== Args={'value': 352, 'prev_value': None, 'change': True}
2025-10-19 18:40:15,155 : INFO : EventManager : Event: ======'machine_var_audits_missing_switches_s_tshirt_bottom_standup'====== Args={'value': 1, 'prev_value': None, 'change': True}
2025-10-19 18:40:15,155 : INFO : EventManager : Event: ======'machine_var_audits_missing_switches_s_upper_pop_standup'====== Args={'value': 10, 'prev_value': None, 'change': True}
2025-10-19 18:40:15,155 : INFO : EventManager : Event: ======'machine_var_audits_missing_switches_service_esc'====== Args={'value': 1, 'prev_value': None, 'change': True}
2025-10-19 18:40:15,155 : INFO : EventManager : Event: ======'machine_var_audits_player_score'====== Args={'value': {'average': 7545720, 'top': [147275560, 142237180, 38155360, 32035610, 6038970, 6022290, 6019980, 6019980, 6019980, 6019980], 'total': 60}, 'prev_value': None, 'change': True}
2025-10-19 18:40:15,155 : INFO : EventManager : Event: ======'machine_var_audits_shots_skill_captive'====== Args={'value': 16, 'prev_value': None, 'change': True}
2025-10-19 18:40:15,156 : INFO : EventManager : Event: ======'machine_var_audits_shots_skill_drop_targets'====== Args={'value': 240, 'prev_value': None, 'change': True}
2025-10-19 18:40:15,156 : INFO : EventManager : Event: ======'machine_var_audits_shots_skill_side_targets'====== Args={'value': 27, 'prev_value': None, 'change': True}
2025-10-19 18:40:15,157 : INFO : EventManager : Event: ======'machine_var_audits_shots_skillshot_drop_targets'====== Args={'value': 6, 'prev_value': None, 'change': True}
2025-10-19 18:40:15,157 : INFO : EventManager : Event: ======'machine_var_audits_shots_skillshot_side_targets'====== Args={'value': 4, 'prev_value': None, 'change': True}
2025-10-19 18:40:15,157 : INFO : EventManager : Event: ======'machine_var_audits_switches_s_captive_ball'====== Args={'value': 192, 'prev_value': None, 'change': True}
2025-10-19 18:40:15,157 : INFO : EventManager : Event: ======'machine_var_audits_switches_s_center_upper_pop'====== Args={'value': 220, 'prev_value': None, 'change': True}
2025-10-19 18:40:15,157 : INFO : EventManager : Event: ======'machine_var_audits_switches_s_inner_orbit'====== Args={'value': 1, 'prev_value': None, 'change': True}
2025-10-19 18:40:15,157 : INFO : EventManager : Event: ======'machine_var_audits_switches_s_left_flipper'====== Args={'value': 1278, 'prev_value': None, 'change': True}
2025-10-19 18:40:15,157 : INFO : EventManager : Event: ======'machine_var_audits_switches_s_left_inlane'====== Args={'value': 111, 'prev_value': None, 'change': True}
2025-10-19 18:40:15,157 : INFO : EventManager : Event: ======'machine_var_audits_switches_s_left_orbit'====== Args={'value': 63, 'prev_value': None, 'change': True}
2025-10-19 18:40:15,157 : INFO : EventManager : Event: ======'machine_var_audits_switches_s_left_outlane'====== Args={'value': 56, 'prev_value': None, 'change': True}
2025-10-19 18:40:15,157 : INFO : EventManager : Event: ======'machine_var_audits_switches_s_left_ramp'====== Args={'value': 134, 'prev_value': None, 'change': True}
2025-10-19 18:40:15,157 : INFO : EventManager : Event: ======'machine_var_audits_switches_s_left_slingshot'====== Args={'value': 259, 'prev_value': None, 'change': True}
2025-10-19 18:40:15,157 : INFO : EventManager : Event: ======'machine_var_audits_switches_s_left_upper_pop'====== Args={'value': 161, 'prev_value': None, 'change': True}
2025-10-19 18:40:15,157 : INFO : EventManager : Event: ======'machine_var_audits_switches_s_plunger'====== Args={'value': 1153, 'prev_value': None, 'change': True}
2025-10-19 18:40:15,157 : INFO : EventManager : Event: ======'machine_var_audits_switches_s_pop_standup'====== Args={'value': 121, 'prev_value': None, 'change': True}
2025-10-19 18:40:15,157 : INFO : EventManager : Event: ======'machine_var_audits_switches_s_right_flipper'====== Args={'value': 1609, 'prev_value': None, 'change': True}
2025-10-19 18:40:15,157 : INFO : EventManager : Event: ======'machine_var_audits_switches_s_right_inlane'====== Args={'value': 107, 'prev_value': None, 'change': True}
2025-10-19 18:40:15,158 : INFO : EventManager : Event: ======'machine_var_audits_switches_s_right_lower_pop'====== Args={'value': 748, 'prev_value': None, 'change': True}
2025-10-19 18:40:15,158 : INFO : EventManager : Event: ======'machine_var_audits_switches_s_right_orbit'====== Args={'value': 65, 'prev_value': None, 'change': True}
2025-10-19 18:40:15,158 : INFO : EventManager : Event: ======'machine_var_audits_switches_s_right_outlane'====== Args={'value': 53, 'prev_value': None, 'change': True}
2025-10-19 18:40:15,158 : INFO : EventManager : Event: ======'machine_var_audits_switches_s_right_ramp'====== Args={'value': 148, 'prev_value': None, 'change': True}
2025-10-19 18:40:15,158 : INFO : EventManager : Event: ======'machine_var_audits_switches_s_right_slingshot'====== Args={'value': 366, 'prev_value': None, 'change': True}
2025-10-19 18:40:15,158 : INFO : EventManager : Event: ======'machine_var_audits_switches_s_scoop'====== Args={'value': 343, 'prev_value': None, 'change': True}
2025-10-19 18:40:15,158 : INFO : EventManager : Event: ======'machine_var_audits_switches_s_service_down'====== Args={'value': 0, 'prev_value': None, 'change': True}
2025-10-19 18:40:15,158 : INFO : EventManager : Event: ======'machine_var_audits_switches_s_service_enter'====== Args={'value': 0, 'prev_value': None, 'change': True}
2025-10-19 18:40:15,159 : INFO : EventManager : Event: ======'machine_var_audits_switches_s_service_esc'====== Args={'value': 0, 'prev_value': None, 'change': True}
2025-10-19 18:40:15,159 : INFO : EventManager : Event: ======'machine_var_audits_switches_s_service_up'====== Args={'value': 1, 'prev_value': None, 'change': True}
2025-10-19 18:40:15,159 : INFO : EventManager : Event: ======'machine_var_audits_switches_s_spinner'====== Args={'value': 2058, 'prev_value': None, 'change': True}
2025-10-19 18:40:15,159 : INFO : EventManager : Event: ======'machine_var_audits_switches_s_start'====== Args={'value': 67, 'prev_value': None, 'change': True}
2025-10-19 18:40:15,159 : INFO : EventManager : Event: ======'machine_var_audits_switches_s_three_bank_bottom'====== Args={'value': 493, 'prev_value': None, 'change': True}
2025-10-19 18:40:15,159 : INFO : EventManager : Event: ======'machine_var_audits_switches_s_three_bank_middle'====== Args={'value': 531, 'prev_value': None, 'change': True}
2025-10-19 18:40:15,159 : INFO : EventManager : Event: ======'machine_var_audits_switches_s_three_bank_standup'====== Args={'value': 241, 'prev_value': None, 'change': True}
2025-10-19 18:40:15,160 : INFO : EventManager : Event: ======'machine_var_audits_switches_s_three_bank_top'====== Args={'value': 538, 'prev_value': None, 'change': True}
2025-10-19 18:40:15,160 : INFO : EventManager : Event: ======'machine_var_audits_switches_s_tilt_bob'====== Args={'value': 45, 'prev_value': None, 'change': True}
2025-10-19 18:40:15,160 : INFO : EventManager : Event: ======'machine_var_audits_switches_s_top_right_flipper'====== Args={'value': 1294, 'prev_value': None, 'change': True}
2025-10-19 18:40:15,160 : INFO : EventManager : Event: ======'machine_var_audits_switches_s_trough1'====== Args={'value': 381, 'prev_value': None, 'change': True}
2025-10-19 18:40:15,160 : INFO : EventManager : Event: ======'machine_var_audits_switches_s_trough2'====== Args={'value': 303, 'prev_value': None, 'change': True}
2025-10-19 18:40:15,160 : INFO : EventManager : Event: ======'machine_var_audits_switches_s_trough3'====== Args={'value': 228, 'prev_value': None, 'change': True}
2025-10-19 18:40:15,160 : INFO : EventManager : Event: ======'machine_var_audits_switches_s_trough4'====== Args={'value': 160, 'prev_value': None, 'change': True}
2025-10-19 18:40:15,160 : INFO : EventManager : Event: ======'machine_var_audits_switches_s_trough5'====== Args={'value': 160, 'prev_value': None, 'change': True}
2025-10-19 18:40:15,160 : INFO : EventManager : Event: ======'machine_var_audits_switches_s_trough6'====== Args={'value': 161, 'prev_value': None, 'change': True}
2025-10-19 18:40:15,161 : INFO : EventManager : Event: ======'machine_var_audits_switches_s_trough_jam'====== Args={'value': 206, 'prev_value': None, 'change': True}
2025-10-19 18:40:15,161 : INFO : EventManager : Event: ======'machine_var_audits_switches_s_tshirt_bottom_standup'====== Args={'value': 40, 'prev_value': None, 'change': True}
2025-10-19 18:40:15,161 : INFO : EventManager : Event: ======'machine_var_audits_switches_s_tshirt_top_standup'====== Args={'value': 67, 'prev_value': None, 'change': True}
2025-10-19 18:40:15,161 : INFO : EventManager : Event: ======'machine_var_audits_switches_s_upper_pop_standup'====== Args={'value': 174, 'prev_value': None, 'change': True}
2025-10-19 18:40:15,161 : INFO : EventManager : Event: ======'machine_var_audits_switches_service_down'====== Args={'value': 1, 'prev_value': None, 'change': True}
2025-10-19 18:40:15,161 : INFO : EventManager : Event: ======'machine_var_audits_switches_service_enter'====== Args={'value': 2, 'prev_value': None, 'change': True}
2025-10-19 18:40:15,161 : INFO : EventManager : Event: ======'machine_var_audits_switches_service_esc'====== Args={'value': 0, 'prev_value': None, 'change': True}
2025-10-19 18:40:15,162 : INFO : EventManager : Event: ======'machine_var_audits_switches_service_up'====== Args={'value': 2, 'prev_value': None, 'change': True}
2025-10-19 18:40:15,162 : INFO : EventManager : Event: ======'init_phase_5'====== Args={}
2025-10-19 18:40:15,177 : INFO : EventManager : Event: ======'init_done'====== Args={}
2025-10-19 18:40:15,177 : INFO : EventManager : Event: ======'machine_reset_phase_1'====== Args={}
2025-10-19 18:40:15,184 : INFO : EventManager : Event: ======'machine_reset_phase_2'====== Args={}
2025-10-19 18:40:15,184 : INFO : EventManager : Event: ======'game_just_played'====== Args={'priority': 0, 'action': 'set_machine', 'int': 0}
2025-10-19 18:40:15,184 : INFO : EventManager : Event: ======'machine_reset_phase_3'====== Args={}
2025-10-19 18:40:15,184 : INFO : EventManager : Event: ======'mode_tilt_will_start'====== Args={'queue': <QueuedEvent>}
2025-10-19 18:40:15,185 : INFO : EventManager : Event: ======'mode_tilt_starting'====== Args={'queue': <QueuedEvent>}
2025-10-19 18:40:15,185 : INFO : drop_target_bank.three_bank : All targets are already up. Will not reset bank.
2025-10-19 18:40:15,185 : INFO : Mode.tilt : Started. Priority: 1000000
2025-10-19 18:40:15,185 : INFO : EventManager : Event: ======'modes_active_modes_changed'====== Args={}
2025-10-19 18:40:15,185 : INFO : EventManager : Event: ======'mode_tilt_started'====== Args={'queue': <QueuedEvent>}
2025-10-19 18:40:15,187 : INFO : EventManager : Event: ======'reset_complete'====== Args={}
2025-10-19 18:40:15,187 : INFO : EventManager : Event: ======'mode_service_will_start'====== Args={}
2025-10-19 18:40:15,189 : INFO : EventManager : Event: ======'mode_service_starting'====== Args={}
2025-10-19 18:40:15,189 : INFO : EventManager : Event: ======'mode_attract_will_start'====== Args={}
2025-10-19 18:40:15,189 : INFO : Timer.attract_intro_timer : Starting Timer.
2025-10-19 18:40:15,189 : INFO : EventManager : Event: ======'timer_attract_intro_timer_started'====== Args={'ticks': 0, 'ticks_remaining': 16}
2025-10-19 18:40:15,190 : INFO : EventManager : Event: ======'timer_attract_intro_timer_tick'====== Args={'ticks': 0, 'ticks_remaining': 16}
2025-10-19 18:40:15,191 : INFO : EventManager : Event: ======'mode_attract_starting'====== Args={}
2025-10-19 18:40:15,192 : INFO : Mode.attract : Started. Priority: 10
2025-10-19 18:40:15,192 : INFO : EventManager : Event: ======'modes_active_modes_changed'====== Args={}
2025-10-19 18:40:15,192 : INFO : EventManager : Event: ======'mode_attract_started'====== Args={}
2025-10-19 18:40:15,193 : INFO : EventManager : Event: ======'timer_attract_intro_timer_tick'====== Args={'ticks': 0, 'ticks_remaining': 16}
2025-10-19 18:40:15,193 : INFO : EventManager : Event: ======'collecting_balls_complete'====== Args={}
2025-10-19 18:40:15,194 : INFO : EventManager : Event: ======'item_highlighted'====== Args={'carousel': 'attract', 'direction': None, 'item': 'mpf_logo'}
2025-10-19 18:40:15,195 : INFO : Timer.attract_carousel_timer : Starting Timer.
2025-10-19 18:40:15,195 : INFO : EventManager : Event: ======'timer_attract_carousel_timer_started'====== Args={'ticks': 0, 'ticks_remaining': 1}
2025-10-19 18:40:15,195 : INFO : EventManager : Event: ======'timer_attract_carousel_timer_tick'====== Args={'ticks': 0, 'ticks_remaining': 1}
2025-10-19 18:40:15,195 : INFO : Mode.service : Started. Priority: 100000
2025-10-19 18:40:15,195 : INFO : EventManager : Event: ======'modes_active_modes_changed'====== Args={}
2025-10-19 18:40:15,195 : INFO : EventManager : Event: ======'mode_service_started'====== Args={}
2025-10-19 18:40:15,213 : INFO : EventManager : Event: ======'slide_loading_created'====== Args={'_from_bcp': True}
2025-10-19 18:40:15,213 : INFO : EventManager : Event: ======'slide__removed'====== Args={'_from_bcp': True}
2025-10-19 18:40:15,213 : INFO : EventManager : Event: ======'slide_loading_active'====== Args={'original_context': '_global', 'original_calling_context': 'init_done', 'priority': 0.0, 'cmd': 'slides_play', '_from_bcp': True}
2025-10-19 18:40:15,214 : INFO : Machine : Starting the main run loop with active modes: [<Mode.tilt>, <Mode.service>, <Mode.attract>]
2025-10-19 18:40:15,298 : INFO : EventManager : Event: ======'slide_attract_load_created'====== Args={'_from_bcp': True}
2025-10-19 18:40:15,298 : INFO : EventManager : Event: ======'slide_loading_inactive'====== Args={'is_removing': True, '_from_bcp': True}
2025-10-19 18:40:15,298 : INFO : EventManager : Event: ======'slide_attract_load_active'====== Args={'original_context': 'attract', 'original_calling_context': 'mode_attract_started{machine.game_just_played==0}', 'priority': 10.0, 'cmd': 'slides_play', '_from_bcp': True}
2025-10-19 18:40:15,299 : INFO : EventManager : Event: ======'slide_loading_removed'====== Args={'_from_bcp': True}
2025-10-19 18:40:16,210 : INFO : EventManager : Event: ======'timer_attract_intro_timer_tick'====== Args={'ticks': 1, 'ticks_remaining': 15}
2025-10-19 18:40:17,200 : INFO : EventManager : Event: ======'timer_attract_intro_timer_tick'====== Args={'ticks': 2, 'ticks_remaining': 14}
2025-10-19 18:40:18,208 : INFO : EventManager : Event: ======'timer_attract_intro_timer_tick'====== Args={'ticks': 3, 'ticks_remaining': 13}
2025-10-19 18:40:19,205 : INFO : EventManager : Event: ======'timer_attract_intro_timer_tick'====== Args={'ticks': 4, 'ticks_remaining': 12}
2025-10-19 18:40:20,194 : INFO : EventManager : Event: ======'timer_attract_intro_timer_tick'====== Args={'ticks': 5, 'ticks_remaining': 11}
2025-10-19 18:40:20,194 : INFO : Timer.attract_carousel_timer : Timer Complete
2025-10-19 18:40:20,194 : INFO : Timer.attract_carousel_timer : Stopping Timer
2025-10-19 18:40:20,195 : INFO : EventManager : Event: ======'timer_attract_carousel_timer_stopped'====== Args={'ticks': 1, 'ticks_remaining': 1}
2025-10-19 18:40:20,195 : INFO : EventManager : Event: ======'timer_attract_carousel_timer_complete'====== Args={'ticks': 1, 'ticks_remaining': 1}
2025-10-19 18:40:20,195 : INFO : EventManager : Event: ======'item_highlighted'====== Args={'carousel': 'attract', 'direction': 'forwards', 'item': 'fast_logo'}
2025-10-19 18:40:20,195 : INFO : Timer.attract_carousel_timer : Starting Timer.
2025-10-19 18:40:20,197 : INFO : EventManager : Event: ======'timer_attract_carousel_timer_started'====== Args={'ticks': 0, 'ticks_remaining': 1}
2025-10-19 18:40:20,197 : INFO : EventManager : Event: ======'timer_attract_carousel_timer_tick'====== Args={'ticks': 0, 'ticks_remaining': 1}
2025-10-19 18:40:21,205 : INFO : EventManager : Event: ======'timer_attract_intro_timer_tick'====== Args={'ticks': 6, 'ticks_remaining': 10}
2025-10-19 18:40:22,200 : INFO : EventManager : Event: ======'timer_attract_intro_timer_tick'====== Args={'ticks': 7, 'ticks_remaining': 9}
2025-10-19 18:40:23,204 : INFO : EventManager : Event: ======'timer_attract_intro_timer_tick'====== Args={'ticks': 8, 'ticks_remaining': 8}
2025-10-19 18:40:23,850 : INFO : BcpServer : New client connected.
2025-10-19 18:40:24,184 : INFO : EventManager : Event: ======'timer_attract_intro_timer_tick'====== Args={'ticks': 9, 'ticks_remaining': 7}
2025-10-19 18:40:25,197 : INFO : EventManager : Event: ======'timer_attract_intro_timer_tick'====== Args={'ticks': 10, 'ticks_remaining': 6}
2025-10-19 18:40:25,198 : INFO : Timer.attract_carousel_timer : Timer Complete
2025-10-19 18:40:25,198 : INFO : Timer.attract_carousel_timer : Stopping Timer
2025-10-19 18:40:25,200 : INFO : EventManager : Event: ======'timer_attract_carousel_timer_stopped'====== Args={'ticks': 1, 'ticks_remaining': 1}
2025-10-19 18:40:25,200 : INFO : EventManager : Event: ======'timer_attract_carousel_timer_complete'====== Args={'ticks': 1, 'ticks_remaining': 1}
2025-10-19 18:40:25,202 : INFO : EventManager : Event: ======'item_highlighted'====== Args={'carousel': 'attract', 'direction': 'forwards', 'item': 'specialthanks'}
2025-10-19 18:40:25,206 : INFO : Timer.attract_carousel_timer : Starting Timer.
2025-10-19 18:40:25,206 : INFO : EventManager : Event: ======'timer_attract_carousel_timer_started'====== Args={'ticks': 0, 'ticks_remaining': 1}
2025-10-19 18:40:25,206 : INFO : EventManager : Event: ======'timer_attract_carousel_timer_tick'====== Args={'ticks': 0, 'ticks_remaining': 1}
2025-10-19 18:40:26,200 : INFO : EventManager : Event: ======'timer_attract_intro_timer_tick'====== Args={'ticks': 11, 'ticks_remaining': 5}
2025-10-19 18:40:27,186 : INFO : EventManager : Event: ======'timer_attract_intro_timer_tick'====== Args={'ticks': 12, 'ticks_remaining': 4}
2025-10-19 18:40:28,195 : INFO : EventManager : Event: ======'timer_attract_intro_timer_tick'====== Args={'ticks': 13, 'ticks_remaining': 3}
2025-10-19 18:40:29,190 : INFO : EventManager : Event: ======'timer_attract_intro_timer_tick'====== Args={'ticks': 14, 'ticks_remaining': 2}
2025-10-19 18:40:30,199 : INFO : EventManager : Event: ======'timer_attract_intro_timer_tick'====== Args={'ticks': 15, 'ticks_remaining': 1}
2025-10-19 18:40:30,231 : INFO : Timer.attract_carousel_timer : Timer Complete
2025-10-19 18:40:30,231 : INFO : Timer.attract_carousel_timer : Stopping Timer
2025-10-19 18:40:30,231 : INFO : EventManager : Event: ======'timer_attract_carousel_timer_stopped'====== Args={'ticks': 1, 'ticks_remaining': 1}
2025-10-19 18:40:30,232 : INFO : EventManager : Event: ======'timer_attract_carousel_timer_complete'====== Args={'ticks': 1, 'ticks_remaining': 1}
2025-10-19 18:40:30,233 : INFO : EventManager : Event: ======'item_highlighted'====== Args={'carousel': 'attract', 'direction': 'forwards', 'item': 'credits'}
2025-10-19 18:40:30,235 : INFO : Timer.attract_carousel_timer : Starting Timer.
2025-10-19 18:40:30,235 : INFO : EventManager : Event: ======'timer_attract_carousel_timer_started'====== Args={'ticks': 0, 'ticks_remaining': 1}
2025-10-19 18:40:30,235 : INFO : EventManager : Event: ======'timer_attract_carousel_timer_tick'====== Args={'ticks': 0, 'ticks_remaining': 1}
2025-10-19 18:40:31,180 : INFO : Timer.attract_intro_timer : Timer Complete
2025-10-19 18:40:31,180 : INFO : Timer.attract_intro_timer : Stopping Timer
2025-10-19 18:40:31,181 : INFO : EventManager : Event: ======'timer_attract_intro_timer_stopped'====== Args={'ticks': 16, 'ticks_remaining': 1}
2025-10-19 18:40:31,181 : INFO : EventManager : Event: ======'timer_attract_intro_timer_complete'====== Args={'ticks': 16, 'ticks_remaining': 1}
2025-10-19 18:40:31,211 : INFO : EventManager : Event: ======'slide_attract_created'====== Args={'_from_bcp': True}
2025-10-19 18:40:31,211 : INFO : EventManager : Event: ======'slide_attract_load_inactive'====== Args={'is_removing': True, '_from_bcp': True}
2025-10-19 18:40:31,212 : INFO : EventManager : Event: ======'slide_attract_active'====== Args={'original_context': 'attract', 'original_calling_context': 'timer_attract_intro_timer_complete{machine.game_just_played==0}', 'priority': 10.0, 'ticks': 16.0, 'ticks_remaining': 1.0, 'cmd': 'slides_play', '_from_bcp': True}
2025-10-19 18:40:31,221 : INFO : EventManager : Event: ======'slide_attract_load_removed'====== Args={'_from_bcp': True}
2025-10-19 18:40:35,239 : INFO : Timer.attract_carousel_timer : Timer Complete
2025-10-19 18:40:35,239 : INFO : Timer.attract_carousel_timer : Stopping Timer
2025-10-19 18:40:35,239 : INFO : EventManager : Event: ======'timer_attract_carousel_timer_stopped'====== Args={'ticks': 1, 'ticks_remaining': 1}
2025-10-19 18:40:35,239 : INFO : EventManager : Event: ======'timer_attract_carousel_timer_complete'====== Args={'ticks': 1, 'ticks_remaining': 1}
2025-10-19 18:40:35,240 : INFO : EventManager : Event: ======'item_highlighted'====== Args={'carousel': 'attract', 'direction': 'forwards', 'item': 'pressstart'}
2025-10-19 18:40:35,242 : INFO : Timer.attract_carousel_timer : Starting Timer.
2025-10-19 18:40:35,244 : INFO : EventManager : Event: ======'timer_attract_carousel_timer_started'====== Args={'ticks': 0, 'ticks_remaining': 1}
2025-10-19 18:40:35,244 : INFO : EventManager : Event: ======'timer_attract_carousel_timer_tick'====== Args={'ticks': 0, 'ticks_remaining': 1}
2025-10-19 18:40:35,266 : INFO : EventManager : Event: ======'widget_attract_pressstart_active'====== Args={'original_context': 'attract', 'original_calling_context': 'item_highlighted{item=="pressstart"}', 'priority': 10.0, 'carousel': 'attract', 'direction': 'forwards', 'item': 'pressstart', 'cmd': 'widgets_play', '_from_bcp': True}
2025-10-19 18:40:36,660 : INFO : SwitchController : <<<<<<< 's_start' active >>>>>>>
2025-10-19 18:40:36,778 : INFO : SwitchController : <<<<<<< 's_start' inactive >>>>>>>
2025-10-19 18:40:36,778 : INFO : EventManager : Event: ======'sw_start_inactive'====== Args={}
2025-10-19 18:40:36,778 : INFO : EventManager : Event: ======'request_to_start_game'====== Args={}
2025-10-19 18:40:36,779 : INFO : EventManager : Event: ======'game_start'====== Args={'buttons': [], 'hold_time': 0.10900000000037835}
2025-10-19 18:40:36,780 : INFO : EventManager : Event: ======'mode_game_will_start'====== Args={'buttons': [], 'hold_time': 0.10900000000037835}
2025-10-19 18:40:36,781 : INFO : EventManager : Event: ======'mode_game_starting'====== Args={'buttons': [], 'hold_time': 0.10900000000037835}
2025-10-19 18:40:36,781 : INFO : EventManager : Event: ======'mode_attract_will_stop'====== Args={}
2025-10-19 18:40:36,781 : INFO : EventManager : Event: ======'mode_attract_stopping'====== Args={}
2025-10-19 18:40:36,781 : INFO : Mode.game : Started. Priority: 20
2025-10-19 18:40:36,781 : INFO : EventManager : Event: ======'modes_active_modes_changed'====== Args={}
2025-10-19 18:40:36,781 : INFO : EventManager : Event: ======'mode_game_started'====== Args={'buttons': [], 'hold_time': 0.10900000000037835}
2025-10-19 18:40:36,796 : INFO : Mode.attract : Stopped.
2025-10-19 18:40:36,796 : INFO : EventManager : Event: ======'modes_active_modes_changed'====== Args={}
2025-10-19 18:40:36,797 : INFO : EventManager : Event: ======'mode_attract_stopped'====== Args={}
2025-10-19 18:40:36,797 : INFO : EventManager : Event: ======'clear'====== Args={'key': 'attract'}
2025-10-19 18:40:36,797 : INFO : Timer.attract_intro_timer : Stopping Timer
2025-10-19 18:40:36,797 : INFO : EventManager : Event: ======'timer_attract_intro_timer_stopped'====== Args={'ticks': 16, 'ticks_remaining': 1}
2025-10-19 18:40:36,797 : INFO : Timer.attract_carousel_timer : Stopping Timer
2025-10-19 18:40:36,798 : INFO : EventManager : Event: ======'timer_attract_carousel_timer_stopped'====== Args={'ticks': 0, 'ticks_remaining': 1}
2025-10-19 18:40:36,798 : INFO : EventManager : Event: ======'game_will_start'====== Args={}
2025-10-19 18:40:36,811 : INFO : EventManager : Event: ======'game_starting'====== Args={'game': <Mode.game>}
2025-10-19 18:40:36,813 : INFO : EventManager : Unordered handler for class <Auditor> on event game_ended with priority 1. Handlers: [RegisteredHandler(callback=<bound method Auditor.disable of <Auditor>>, priority=1, kwargs={}, key=UUID('383f364d-4685-414f-ba20-311ad34e2977'), condition=None, blocking_facility=None), RegisteredHandler(callback=<bound method Auditor._save_audits of <Auditor>>, priority=1, kwargs={}, key=UUID('7e258ab0-1ba1-42ec-869d-5e18b22a11b5'), condition=None, blocking_facility=None)]. The order of those handlers is not defined and they will be executed in random order. This might lead to race conditions and potential bugs.
2025-10-19 18:40:36,814 : INFO : EventManager : Event: ======'player_add_request'====== Args={}
2025-10-19 18:40:36,815 : INFO : EventManager : Event: ======'player_will_add'====== Args={'number': 1}
2025-10-19 18:40:36,815 : INFO : EventManager : Event: ======'player_adding'====== Args={'player': <Player 1>, 'number': 1}
2025-10-19 18:40:36,815 : INFO : EventManager : Event: ======'player_added'====== Args={'player': <Player 1>, 'num': 1}
2025-10-19 18:40:36,815 : INFO : Mode.game : Player added successfully. Total players: 1
2025-10-19 18:40:36,816 : INFO : EventManager : Event: ======'player_index'====== Args={'value': 0, 'prev_value': 0, 'change': 0, 'player_num': 1}
2025-10-19 18:40:36,816 : INFO : EventManager : Event: ======'player_number'====== Args={'value': 1, 'prev_value': 1, 'change': 0, 'player_num': 1}
2025-10-19 18:40:36,816 : INFO : EventManager : Event: ======'player_score'====== Args={'value': 0, 'prev_value': 0, 'change': 0, 'player_num': 1}
2025-10-19 18:40:36,817 : INFO : EventManager : Event: ======'game_started'====== Args={}
2025-10-19 18:40:36,818 : INFO : EventManager : Event: ======'machine_var_game_just_played'====== Args={'value': 1, 'prev_value': 0, 'change': 1}
2025-10-19 18:40:36,834 : INFO : EventManager : Event: ======'player_turn_will_start'====== Args={'player': <Player 1>, 'number': 1}
2025-10-19 18:40:36,835 : INFO : EventManager : Event: ======'player_turn_starting'====== Args={'player': <Player 1>, 'number': 1}
2025-10-19 18:40:36,836 : INFO : EventManager : Event: ======'player_ball'====== Args={'value': 1, 'prev_value': 0, 'change': 1, 'player_num': 1}
2025-10-19 18:40:36,837 : INFO : EventManager : Event: ======'player_turn_started'====== Args={'player': <Player 1>, 'number': 1}
2025-10-19 18:40:36,838 : INFO : EventManager : Event: ======'ball_will_start'====== Args={'player': 1, 'ball': 1, 'balls_remaining': 2, 'is_extra_ball': False}
2025-10-19 18:40:36,841 : INFO : EventManager : Event: ======'ball_starting'====== Args={'player': 1, 'ball': 1, 'balls_remaining': 2, 'is_extra_ball': False}
2025-10-19 18:40:36,842 : INFO : EventManager : Event: ======'mode_base_will_start'====== Args={'queue': <QueuedEvent>, 'player': 1, 'ball': 1, 'balls_remaining': 2, 'is_extra_ball': False}
2025-10-19 18:40:36,843 : INFO : EventManager : Event: ======'player_shot_left_orbit_enabled'====== Args={'value': True, 'prev_value': 0, 'change': 1, 'player_num': 1}
2025-10-19 18:40:36,844 : INFO : EventManager : Event: ======'player_shot_right_orbit_enabled'====== Args={'value': True, 'prev_value': 0, 'change': 1, 'player_num': 1}
2025-10-19 18:40:36,845 : INFO : EventManager : Event: ======'player_shot_inner_loop_enabled'====== Args={'value': True, 'prev_value': 0, 'change': 1, 'player_num': 1}
2025-10-19 18:40:36,846 : INFO : EventManager : Event: ======'player_shot_right_ramp_enabled'====== Args={'value': True, 'prev_value': 0, 'change': 1, 'player_num': 1}
2025-10-19 18:40:36,847 : INFO : EventManager : Event: ======'player_shot_left_ramp_enabled'====== Args={'value': True, 'prev_value': 0, 'change': 1, 'player_num': 1}
2025-10-19 18:40:36,847 : INFO : EventManager : Event: ======'player_shot_pop_standup_enabled'====== Args={'value': True, 'prev_value': 0, 'change': 1, 'player_num': 1}
2025-10-19 18:40:36,848 : INFO : EventManager : Event: ======'player_shot_upper_pop_standup_enabled'====== Args={'value': True, 'prev_value': 0, 'change': 1, 'player_num': 1}
2025-10-19 18:40:36,848 : INFO : EventManager : Event: ======'player_shot_scoop_enabled'====== Args={'value': True, 'prev_value': 0, 'change': 1, 'player_num': 1}
2025-10-19 18:40:36,850 : INFO : EventManager : Event: ======'player_shot_captive_ball_enabled'====== Args={'value': True, 'prev_value': 0, 'change': 1, 'player_num': 1}
2025-10-19 18:40:36,850 : INFO : EventManager : Event: ======'player_shot_three_bank_standup_enabled'====== Args={'value': True, 'prev_value': 0, 'change': 1, 'player_num': 1}
2025-10-19 18:40:36,851 : INFO : EventManager : Event: ======'player_shot_spinner_enabled'====== Args={'value': True, 'prev_value': 0, 'change': 1, 'player_num': 1}
2025-10-19 18:40:36,851 : INFO : EventManager : Event: ======'player_shot_pop1_enabled'====== Args={'value': True, 'prev_value': 0, 'change': 1, 'player_num': 1}
2025-10-19 18:40:36,852 : INFO : EventManager : Event: ======'player_shot_pop2_enabled'====== Args={'value': True, 'prev_value': 0, 'change': 1, 'player_num': 1}
2025-10-19 18:40:36,852 : INFO : EventManager : Event: ======'player_shot_pop3_enabled'====== Args={'value': True, 'prev_value': 0, 'change': 1, 'player_num': 1}
2025-10-19 18:40:36,852 : INFO : EventManager : Event: ======'player_shot_bottom_drop_enabled'====== Args={'value': True, 'prev_value': 0, 'change': 1, 'player_num': 1}
2025-10-19 18:40:36,853 : INFO : EventManager : Event: ======'player_shot_middle_drop_enabled'====== Args={'value': True, 'prev_value': 0, 'change': 1, 'player_num': 1}
2025-10-19 18:40:36,853 : INFO : EventManager : Event: ======'player_shot_top_drop_enabled'====== Args={'value': True, 'prev_value': 0, 'change': 1, 'player_num': 1}
2025-10-19 18:40:36,854 : INFO : EventManager : Event: ======'player_shot_tshirt_top_standup_enabled'====== Args={'value': True, 'prev_value': 0, 'change': 1, 'player_num': 1}
2025-10-19 18:40:36,854 : INFO : EventManager : Event: ======'player_shot_tshirt_bottom_standup_enabled'====== Args={'value': True, 'prev_value': 0, 'change': 1, 'player_num': 1}
2025-10-19 18:40:36,858 : INFO : EventManager : Unordered handler for class <Auditor> on event game_ended with priority 1. Handlers: [RegisteredHandler(callback=<bound method Auditor.disable of <Auditor>>, priority=1, kwargs={}, key=UUID('383f364d-4685-414f-ba20-311ad34e2977'), condition=None, blocking_facility=None), RegisteredHandler(callback=<bound method Auditor._save_audits of <Auditor>>, priority=1, kwargs={}, key=UUID('7e258ab0-1ba1-42ec-869d-5e18b22a11b5'), condition=None, blocking_facility=None)]. The order of those handlers is not defined and they will be executed in random order. This might lead to race conditions and potential bugs.
2025-10-19 18:40:36,864 : INFO : EventManager : Event: ======'mode_base_starting'====== Args={'queue': <QueuedEvent>, 'player': 1, 'ball': 1, 'balls_remaining': 2, 'is_extra_ball': False}
2025-10-19 18:40:36,864 : INFO : drop_target_bank.three_bank : All targets are already up. Will not reset bank.
2025-10-19 18:40:36,865 : INFO : EventManager : Event: ======'balls_in_play'====== Args={'balls': 1}
2025-10-19 18:40:36,865 : INFO : EventManager : Event: ======'ball_started'====== Args={'player': 1, 'ball': 1, 'balls_remaining': 2, 'is_extra_ball': False}
2025-10-19 18:40:36,866 : INFO : EventManager : Event: ======'logicblock_qualify_chcheckitout_multiball_updated'====== Args={'value': 0, 'enabled': True}
2025-10-19 18:40:36,866 : INFO : EventManager : Event: ======'logicblock_qualify_chcheckitout_multiball_updated'====== Args={'value': 0, 'enabled': True}
2025-10-19 18:40:36,867 : INFO : EventManager : Event: ======'logicblock_chcheckitout_multiball_ready_updated'====== Args={'value': 0, 'enabled': False}
2025-10-19 18:40:36,867 : INFO : EventManager : Event: ======'logicblock_drop_target_bank_counter_updated'====== Args={'value': 0, 'enabled': False}
2025-10-19 18:40:36,867 : INFO : Mode.base : Started. Priority: 100
2025-10-19 18:40:36,867 : INFO : EventManager : Event: ======'modes_active_modes_changed'====== Args={}
2025-10-19 18:40:36,867 : INFO : EventManager : Event: ======'mode_base_started'====== Args={'queue': <QueuedEvent>, 'player': 1, 'ball': 1, 'balls_remaining': 2, 'is_extra_ball': False}
2025-10-19 18:40:36,868 : INFO : EventManager : Event: ======'mode_skill_shot_will_start'====== Args={'player': 1, 'ball': 1, 'balls_remaining': 2, 'is_extra_ball': False}
2025-10-19 18:40:36,868 : INFO : EventManager : Event: ======'player_shot_skillshot_side_targets_enabled'====== Args={'value': True, 'prev_value': 0, 'change': 1, 'player_num': 1}
2025-10-19 18:40:36,872 : INFO : EventManager : Event: ======'player_shot_skillshot_drop_targets_enabled'====== Args={'value': True, 'prev_value': 0, 'change': 1, 'player_num': 1}
2025-10-19 18:40:36,873 : INFO : EventManager : Event: ======'skillshot_complete'====== Args={'state': 'off'}
2025-10-19 18:40:36,873 : INFO : EventManager : Event: ======'skillshot_off_complete'====== Args={}
2025-10-19 18:40:36,874 : INFO : EventManager : Event: ======'player_skill_shot_skill_shot_timeout_tick'====== Args={'value': 0, 'prev_value': 0, 'change': 0, 'player_num': 1}
2025-10-19 18:40:36,874 : INFO : EventManager : Unordered handler for class <timer.skill_shot_timeout> on event ball_starting with priority 1. Handlers: [RegisteredHandler(callback=<bound method Timer.reset of <timer.skill_shot_timeout>>, priority=1, kwargs={}, key=UUID('6b002fb4-59a9-4e0c-b66c-3812a918869b'), condition=None, blocking_facility=None), RegisteredHandler(callback=<bound method Timer.pause of <timer.skill_shot_timeout>>, priority=1, kwargs={'timer_value': None}, key=UUID('83bbd116-1395-4305-b695-1bfa24dd8430'), condition=None, blocking_facility=None)]. The order of those handlers is not defined and they will be executed in random order. This might lead to race conditions and potential bugs.
2025-10-19 18:40:36,877 : INFO : EventManager : Event: ======'mode_skill_shot_starting'====== Args={'player': 1, 'ball': 1, 'balls_remaining': 2, 'is_extra_ball': False}
2025-10-19 18:40:36,877 : INFO : EventManager : Event: ======'logicblock_drop_target_bank_counter_updated'====== Args={'value': 0, 'enabled': True}
2025-10-19 18:40:36,877 : INFO : EventManager : Event: ======'logicblock_qualify_chcheckitout_multiball_updated'====== Args={'value': 0, 'enabled': True}
2025-10-19 18:40:36,877 : INFO : EventManager : Event: ======'logicblock_chcheckitout_multiball_ready_updated'====== Args={'value': 0, 'enabled': False}
2025-10-19 18:40:36,877 : INFO : EventManager : Event: ======'player_multiball_blocking_flag'====== Args={'value': 0, 'prev_value': 0, 'change': 0, 'player_num': 1, 'source': 'base'}
2025-10-19 18:40:36,878 : INFO : EventManager : Event: ======'player_mode_blocking_flag'====== Args={'value': 0, 'prev_value': 0, 'change': 0, 'player_num': 1, 'source': 'base'}
2025-10-19 18:40:36,878 : INFO : EventManager : Event: ======'player_player_drop_target_bank_counter_count'====== Args={'value': 0, 'prev_value': 0, 'change': 0, 'player_num': 1, 'source': 'base'}
2025-10-19 18:40:36,879 : INFO : EventManager : Event: ======'player_drop_target_bank_counter_count'====== Args={'value': 0, 'prev_value': 0, 'change': 0, 'player_num': 1, 'source': 'base'}
2025-10-19 18:40:36,880 : INFO : EventManager : Event: ======'mode_multiball_will_start'====== Args={'queue': <QueuedEvent>, 'player': 1, 'ball': 1, 'balls_remaining': 2, 'is_extra_ball': False}
2025-10-19 18:40:36,881 : INFO : EventManager : Event: ======'mode_multiball_starting'====== Args={'queue': <QueuedEvent>, 'player': 1, 'ball': 1, 'balls_remaining': 2, 'is_extra_ball': False}
2025-10-19 18:40:36,881 : INFO : EventManager : Event: ======'mode_carousel_will_start'====== Args={'queue': <QueuedEvent>, 'player': 1, 'ball': 1, 'balls_remaining': 2, 'is_extra_ball': False}
2025-10-19 18:40:36,883 : INFO : EventManager : Event: ======'mode_carousel_starting'====== Args={'queue': <QueuedEvent>, 'player': 1, 'ball': 1, 'balls_remaining': 2, 'is_extra_ball': False}
2025-10-19 18:40:36,883 : INFO : EventManager : Event: ======'ball_save_default_enabled'====== Args={}
2025-10-19 18:40:36,884 : INFO : Mode.carousel : Started. Priority: 200
2025-10-19 18:40:36,884 : INFO : EventManager : Event: ======'modes_active_modes_changed'====== Args={}
2025-10-19 18:40:36,884 : INFO : EventManager : Event: ======'mode_carousel_started'====== Args={'queue': <QueuedEvent>, 'player': 1, 'ball': 1, 'balls_remaining': 2, 'is_extra_ball': False}
2025-10-19 18:40:36,884 : INFO : EventManager : Event: ======'item_highlighted'====== Args={'carousel': 'carousel', 'direction': None, 'item': 'intergalactic'}
2025-10-19 18:40:36,885 : INFO : Mode.multiball : Started. Priority: 1000
2025-10-19 18:40:36,885 : INFO : EventManager : Event: ======'modes_active_modes_changed'====== Args={}
2025-10-19 18:40:36,885 : INFO : EventManager : Event: ======'mode_multiball_started'====== Args={'queue': <QueuedEvent>, 'player': 1, 'ball': 1, 'balls_remaining': 2, 'is_extra_ball': False}
2025-10-19 18:40:36,885 : INFO : Mode.skill_shot : Started. Priority: 500
2025-10-19 18:40:36,885 : INFO : EventManager : Event: ======'modes_active_modes_changed'====== Args={}
2025-10-19 18:40:36,885 : INFO : EventManager : Event: ======'mode_skill_shot_started'====== Args={'player': 1, 'ball': 1, 'balls_remaining': 2, 'is_extra_ball': False}
2025-10-19 18:40:36,886 : INFO : EventManager : Event: ======'advance_skill_drop_targets'====== Args={'player': 1, 'ball': 1, 'balls_remaining': 2, 'is_extra_ball': False}
2025-10-19 18:40:36,886 : INFO : EventManager : Event: ======'player_shot_skillshot_drop_targets'====== Args={'value': 1, 'prev_value': 0, 'change': 1, 'player_num': 1}
2025-10-19 18:40:36,887 : INFO : EventManager : Event: ======'single_player_ball_started'====== Args={}
2025-10-19 18:40:36,902 : INFO : EventManager : Event: ======'ball_start_target'====== Args={'target': 'playfield'}
2025-10-19 18:40:36,903 : INFO : EventManager : Event: ======'slide_base_created'====== Args={'_from_bcp': True}
2025-10-19 18:40:36,904 : INFO : EventManager : Event: ======'slide_score_overlay_created'====== Args={'_from_bcp': True}
2025-10-19 18:40:36,904 : INFO : EventManager : Event: ======'slide_attract_inactive'====== Args={'is_removing': True, '_from_bcp': True}
2025-10-19 18:40:36,904 : INFO : EventManager : Event: ======'slide_score_overlay_active'====== Args={'original_context': 'base', 'original_calling_context': 'mode_base_started', 'priority': 100.0, 'queue': '<QueuedEvent>', 'player': 1.0, 'ball': 1.0, 'balls_remaining': 2.0, 'is_extra_ball': False, 'cmd': 'slides_play', '_from_bcp': True}
2025-10-19 18:40:36,907 : INFO : ball_device.bd_plunger : Setting up player-controlled eject. Balls: 1, Target: <playfield.playfield>, player_controlled_eject_event: None
2025-10-19 18:40:36,908 : INFO : EventManager : Event: ======'balldevice_balls_available'====== Args={}
2025-10-19 18:40:36,908 : INFO : EventManager : Event: ======'play_base_video4'====== Args={'_from_bcp': True}
2025-10-19 18:40:36,910 : INFO : EventManager : Event: ======'slide_attract_removed'====== Args={'_from_bcp': True}
2025-10-19 18:40:36,911 : INFO : ball_device.bd_trough : State: waiting_for_target_ready
2025-10-19 18:40:36,912 : INFO : EventManager : Event: ======'balldevice_bd_trough_ball_eject_attempt'====== Args={'balls': 1, 'target': <ball_device.bd_plunger>, 'source': <ball_device.bd_trough>, 'mechanical_eject': True, 'num_attempts': 0}
2025-10-19 18:40:36,912 : INFO : ball_device.bd_plunger : State: waiting_for_ball
2025-10-19 18:40:36,913 : INFO : ball_device.bd_trough : State: ejecting
2025-10-19 18:40:36,914 : INFO : ball_device.bd_trough : Ejecting ball to <ball_device.bd_plunger>
2025-10-19 18:40:36,914 : INFO : EventManager : Event: ======'balldevice_bd_trough_ejecting_ball'====== Args={'balls': 1, 'target': <ball_device.bd_plunger>, 'source': <ball_device.bd_trough>, 'mechanical_eject': True, 'num_attempts': 0}
2025-10-19 18:40:36,915 : INFO : ball_device.bd_trough : Wait for ball to leave device
2025-10-19 18:40:36,916 : INFO : coil.c_trough_eject : Pulsing Driver for 20ms (1.0 pulse_power)
2025-10-19 18:40:36,916 : INFO : SwitchController : <<<<<<< 's_trough1' inactive >>>>>>>
2025-10-19 18:40:36,921 : INFO : EventManager : Event: ======'slide_current_mode_highlighted_created'====== Args={'_from_bcp': True}
2025-10-19 18:40:36,923 : INFO : ball_device.bd_trough : State: ball_left
2025-10-19 18:40:36,924 : INFO : ball_device.bd_trough : Ball left
2025-10-19 18:40:36,924 : INFO : ball_device.bd_trough : Wait for confirm with timeout 3.0
2025-10-19 18:40:37,015 : INFO : SwitchController : <<<<<<< 's_plunger' active >>>>>>>
2025-10-19 18:40:37,016 : INFO : EventManager : Event: ======'machine_var_audits_switches_s_plunger'====== Args={'value': 1154, 'prev_value': 1153, 'change': 1}
2025-10-19 18:40:37,198 : INFO : EventManager : Event: ======'slide_skillshot_overlay_created'====== Args={'_from_bcp': True}
2025-10-19 18:40:37,221 : INFO : EventManager : Event: ======'slide_basevideo4_created'====== Args={'_from_bcp': True}
2025-10-19 18:40:37,531 : INFO : ball_device.bd_plunger : Received ball from <ball_device.bd_trough>
2025-10-19 18:40:37,531 : INFO : EventManager : Event: ======'balldevice_bd_plunger_ball_enter'====== Args={'new_balls': 1, 'unclaimed_balls': 0, 'new_available_balls': 0, 'device': <ball_device.bd_plunger>}
2025-10-19 18:40:37,532 : INFO : EventManager : Event: ======'balldevice_bd_plunger_ball_entered'====== Args={'new_balls': 0, 'device': <ball_device.bd_plunger>}
2025-10-19 18:40:37,532 : INFO : EventManager : Event: ======'balldevice_bd_plunger_ball_count_changed'====== Args={'balls': 1}
2025-10-19 18:40:37,534 : INFO : ball_device.bd_trough : Got eject confirm
2025-10-19 18:40:37,534 : INFO : ball_device.bd_trough : Eject successful
2025-10-19 18:40:37,534 : INFO : EventManager : Event: ======'balldevice_bd_trough_ball_eject_success'====== Args={'balls': 1, 'target': <ball_device.bd_plunger>}
2025-10-19 18:40:37,534 : INFO : EventManager : Event: ======'balldevice_bd_trough_ball_count_changed'====== Args={'balls': 5}
2025-10-19 18:40:37,535 : INFO : ball_device.bd_trough : State: idle
2025-10-19 18:40:37,535 : INFO : ball_device.bd_plunger : State: waiting_for_target_ready
2025-10-19 18:40:37,535 : INFO : EventManager : Event: ======'balldevice_bd_plunger_ball_eject_attempt'====== Args={'balls': 1, 'target': <playfield.playfield>, 'source': <ball_device.bd_plunger>, 'mechanical_eject': True, 'num_attempts': 0}
2025-10-19 18:40:37,536 : INFO : ball_device.bd_plunger : State: ejecting
2025-10-19 18:40:37,537 : INFO : ball_device.bd_plunger : Ejecting ball to <playfield.playfield>
2025-10-19 18:40:37,537 : INFO : EventManager : Event: ======'balldevice_bd_plunger_ejecting_ball'====== Args={'balls': 1, 'target': <playfield.playfield>, 'source': <ball_device.bd_plunger>, 'mechanical_eject': True, 'num_attempts': 0}
2025-10-19 18:40:37,538 : INFO : ball_device.bd_plunger : Wait for ball to leave device
2025-10-19 18:40:38,526 : INFO : SwitchController : <<<<<<< 's_plunger' inactive >>>>>>>
2025-10-19 18:40:38,527 : INFO : EventManager : Event: ======'ball_out'====== Args={}
2025-10-19 18:40:38,528 : INFO : EventManager : Event: ======'ball_save_default_timer_start'====== Args={}
2025-10-19 18:40:38,532 : INFO : ball_device.bd_plunger : State: ball_left
2025-10-19 18:40:38,532 : INFO : ball_device.bd_plunger : Ball left
2025-10-19 18:40:38,532 : INFO : ball_device.bd_plunger : Wait for confirm with timeout 3.0
2025-10-19 18:40:38,776 : INFO : SwitchController : <<<<<<< 's_three_bank_top' active >>>>>>>
2025-10-19 18:40:38,777 : INFO : EventManager : Event: ======'playfield_active'====== Args={'source': 'skillshot_drop_targets'}
2025-10-19 18:40:38,777 : INFO : EventManager : Event: ======'playfield_active'====== Args={'source': 'top_drop'}
2025-10-19 18:40:38,777 : INFO : EventManager : Event: ======'s_three_bank_top_active'====== Args={}
2025-10-19 18:40:38,777 : INFO : EventManager : Event: ======'playfield_active'====== Args={'source': 'top'}
2025-10-19 18:40:38,777 : INFO : EventManager : Event: ======'drop_target_top_down'====== Args={'device': <drop_target.top>}
2025-10-19 18:40:38,778 : INFO : EventManager : Event: ======'drop_target_bank_three_bank_mixed'====== Args={'prev_value': <DropTargetBankState.UP: 'up'>, 'down': 1}
2025-10-19 18:40:38,779 : INFO : EventManager : Event: ======'machine_var_audits_switches_s_three_bank_top'====== Args={'value': 539, 'prev_value': 538, 'change': 1}
2025-10-19 18:40:38,780 : INFO : EventManager : Event: ======'machine_var_audits_shots_skillshot_drop_targets'====== Args={'value': 7, 'prev_value': 6, 'change': 1}
2025-10-19 18:40:38,781 : INFO : EventManager : Event: ======'skillshot_drop_targets_hit'====== Args={'profile': 'skill_shot_profile', 'state': 'lit', 'advancing': False}
2025-10-19 18:40:38,781 : INFO : EventManager : Event: ======'skillshot_drop_targets_skill_shot_profile_hit'====== Args={'profile': 'skill_shot_profile', 'state': 'lit', 'advancing': False}
2025-10-19 18:40:38,781 : INFO : EventManager : Event: ======'skillshot_drop_targets_skill_shot_profile_lit_hit'====== Args={'profile': 'skill_shot_profile', 'state': 'lit', 'advancing': False}
2025-10-19 18:40:38,782 : INFO : EventManager : Event: ======'skillshot_drop_targets_lit_hit'====== Args={'profile': 'skill_shot_profile', 'state': 'lit', 'advancing': False}
2025-10-19 18:40:38,782 : INFO : EventManager : Event: ======'player_shot_top_drop'====== Args={'value': 1, 'prev_value': 0, 'change': 1, 'player_num': 1}
2025-10-19 18:40:38,783 : INFO : EventManager : Event: ======'machine_var_audits_shots_top_drop'====== Args={'value': 1, 'prev_value': None, 'change': True}
2025-10-19 18:40:38,783 : INFO : EventManager : Event: ======'top_drop_hit'====== Args={'profile': 'default', 'state': 'unlit', 'advancing': True}
2025-10-19 18:40:38,784 : INFO : EventManager : Event: ======'top_drop_default_hit'====== Args={'profile': 'default', 'state': 'unlit', 'advancing': True}
2025-10-19 18:40:38,784 : INFO : EventManager : Event: ======'top_drop_default_unlit_hit'====== Args={'profile': 'default', 'state': 'unlit', 'advancing': True}
2025-10-19 18:40:38,784 : INFO : EventManager : Event: ======'top_drop_unlit_hit'====== Args={'profile': 'default', 'state': 'unlit', 'advancing': True}
2025-10-19 18:40:38,784 : INFO : EventManager : Event: ======'player_score'====== Args={'value': 2220, 'prev_value': 0, 'change': 2220, 'player_num': 1, 'source': 'base'}
2025-10-19 18:40:38,785 : INFO : EventManager : Event: ======'skillshot_hit'====== Args={'shot': 'skillshot_drop_targets'}
2025-10-19 18:40:38,785 : INFO : EventManager : Event: ======'skillshot_lit_hit'====== Args={'shot': 'skillshot_drop_targets'}
2025-10-19 18:40:38,785 : INFO : EventManager : Event: ======'mode_skill_shot_will_stop'====== Args={}
2025-10-19 18:40:38,785 : INFO : EventManager : Event: ======'mode_skill_shot_stopping'====== Args={}
2025-10-19 18:40:38,786 : INFO : EventManager : Event: ======'player_shot_skillshot_drop_targets'====== Args={'value': 0, 'prev_value': 1, 'change': -1, 'player_num': 1}
2025-10-19 18:40:38,787 : INFO : EventManager : Event: ======'player_score'====== Args={'value': 2002220, 'prev_value': 2220, 'change': 2000000, 'player_num': 1, 'source': 'skill_shot'}
2025-10-19 18:40:38,787 : INFO : EventManager : Event: ======'skillshot_complete'====== Args={'state': 'off'}
2025-10-19 18:40:38,788 : INFO : EventManager : Event: ======'skillshot_off_complete'====== Args={}
2025-10-19 18:40:38,794 : INFO : Mode.skill_shot : Stopped.
2025-10-19 18:40:38,795 : INFO : EventManager : Event: ======'modes_active_modes_changed'====== Args={}
2025-10-19 18:40:38,796 : INFO : EventManager : Event: ======'mode_skill_shot_stopped'====== Args={}
2025-10-19 18:40:38,796 : INFO : EventManager : Event: ======'clear'====== Args={'key': 'skill_shot'}
2025-10-19 18:40:38,796 : INFO : Timer.skill_shot_timeout : Stopping Timer
2025-10-19 18:40:38,796 : INFO : EventManager : Event: ======'timer_skill_shot_timeout_stopped'====== Args={'ticks': 0, 'ticks_remaining': 0}
2025-10-19 18:40:38,834 : INFO : ball_device.bd_plunger : Got eject confirm
2025-10-19 18:40:38,834 : INFO : ball_device.bd_plunger : Eject successful
2025-10-19 18:40:38,834 : INFO : EventManager : Event: ======'balldevice_bd_plunger_ball_eject_success'====== Args={'balls': 1, 'target': <playfield.playfield>}
2025-10-19 18:40:38,835 : INFO : EventManager : Event: ======'slide_skillshot_overlay_removed'====== Args={'_from_bcp': True}
2025-10-19 18:40:38,835 : INFO : EventManager : Event: ======'slide_skillshot_success_overlay_created'====== Args={'_from_bcp': True}
2025-10-19 18:40:38,836 : INFO : EventManager : Event: ======'balldevice_playfield_ball_enter'====== Args={'new_balls': 1, 'unclaimed_balls': 1, 'device': <playfield.playfield>}
2025-10-19 18:40:38,836 : INFO : EventManager : Event: ======'playfield_ball_count_change'====== Args={'balls': 1, 'change': 1}
2025-10-19 18:40:38,837 : INFO : EventManager : Event: ======'balldevice_bd_plunger_ball_count_changed'====== Args={'balls': 0}
2025-10-19 18:40:38,837 : INFO : ball_device.bd_plunger : State: idle
2025-10-19 18:40:40,813 : INFO : EventManager : Event: ======'slide_skillshot_success_overlay_removed'====== Args={'_from_bcp': True}
2025-10-19 18:40:41,530 : INFO : EventManager : Event: ======'ball_save_default_hurry_up'====== Args={}
2025-10-19 18:40:42,872 : INFO : SwitchController : <<<<<<< 's_scoop' active >>>>>>>
2025-10-19 18:40:42,872 : INFO : EventManager : Event: ======'s_scoop_active'====== Args={}
2025-10-19 18:40:42,873 : INFO : EventManager : Event: ======'machine_var_audits_switches_s_scoop'====== Args={'value': 344, 'prev_value': 343, 'change': 1}
2025-10-19 18:40:42,874 : INFO : EventManager : Event: ======'player_shot_scoop'====== Args={'value': 1, 'prev_value': 0, 'change': 1, 'player_num': 1}
2025-10-19 18:40:42,875 : INFO : EventManager : Event: ======'machine_var_audits_shots_scoop'====== Args={'value': 1, 'prev_value': None, 'change': True}
2025-10-19 18:40:42,876 : INFO : EventManager : Event: ======'scoop_hit'====== Args={'profile': 'default', 'state': 'unlit', 'advancing': True}
2025-10-19 18:40:42,876 : INFO : EventManager : Event: ======'scoop_default_hit'====== Args={'profile': 'default', 'state': 'unlit', 'advancing': True}
2025-10-19 18:40:42,876 : INFO : EventManager : Event: ======'scoop_default_unlit_hit'====== Args={'profile': 'default', 'state': 'unlit', 'advancing': True}
2025-10-19 18:40:42,876 : INFO : EventManager : Event: ======'scoop_unlit_hit'====== Args={'profile': 'default', 'state': 'unlit', 'advancing': True}
2025-10-19 18:40:42,877 : INFO : EventManager : Event: ======'carousel_intergalactic_selected'====== Args={}
2025-10-19 18:40:42,877 : INFO : EventManager : Event: ======'carousel_item_selected'====== Args={}
2025-10-19 18:40:42,877 : INFO : EventManager : Event: ======'player_score'====== Args={'value': 2004530, 'prev_value': 2002220, 'change': 2310, 'player_num': 1, 'source': 'base'}
2025-10-19 18:40:42,877 : INFO : EventManager : Event: ======'mode_intergalactic_will_start'====== Args={}
2025-10-19 18:40:42,878 : INFO : EventManager : Event: ======'player_intergalactic_intergalactic_intro_show_tick'====== Args={'value': 0, 'prev_value': 0, 'change': 0, 'player_num': 1}
2025-10-19 18:40:42,878 : INFO : EventManager : Event: ======'player_intergalactic_intergalactic_time_remaining_tick'====== Args={'value': 60, 'prev_value': 0, 'change': 60, 'player_num': 1}
2025-10-19 18:40:42,883 : INFO : EventManager : Event: ======'mode_intergalactic_starting'====== Args={}
2025-10-19 18:40:42,883 : INFO : EventManager : Event: ======'player_selected_mode'====== Args={'value': 'Intergalactic', 'prev_value': 0, 'change': True, 'player_num': 1, 'source': 'carousel'}
2025-10-19 18:40:42,884 : INFO : EventManager : Event: ======'mode_carousel_will_stop'====== Args={}
2025-10-19 18:40:42,884 : INFO : EventManager : Event: ======'mode_carousel_stopping'====== Args={}
2025-10-19 18:40:42,885 : INFO : Mode.carousel : Stopped.
2025-10-19 18:40:42,886 : INFO : EventManager : Event: ======'modes_active_modes_changed'====== Args={}
2025-10-19 18:40:42,886 : INFO : EventManager : Event: ======'mode_carousel_stopped'====== Args={}
2025-10-19 18:40:42,886 : INFO : EventManager : Event: ======'clear'====== Args={'key': 'carousel'}
2025-10-19 18:40:42,907 : INFO : EventManager : Event: ======'logicblock_intergalactic_shot_1_updated'====== Args={'value': 0, 'enabled': True}
2025-10-19 18:40:42,907 : INFO : EventManager : Event: ======'logicblock_intergalactic_shot_1_updated'====== Args={'value': 0, 'enabled': True}
2025-10-19 18:40:42,907 : INFO : EventManager : Event: ======'logicblock_intergalactic_shot_2_updated'====== Args={'value': 0, 'enabled': False}
2025-10-19 18:40:42,907 : INFO : EventManager : Event: ======'logicblock_intergalactic_shot_3_updated'====== Args={'value': 0, 'enabled': False}
2025-10-19 18:40:42,907 : INFO : EventManager : Event: ======'logicblock_intergalactic_shot_4_updated'====== Args={'value': 0, 'enabled': False}
2025-10-19 18:40:42,908 : INFO : EventManager : Event: ======'logicblock_intergalactic_shot_5_updated'====== Args={'value': 0, 'enabled': False}
2025-10-19 18:40:42,908 : INFO : Mode.intergalactic : Started. Priority: 1000
2025-10-19 18:40:42,908 : INFO : EventManager : Event: ======'modes_active_modes_changed'====== Args={}
2025-10-19 18:40:42,908 : INFO : EventManager : Event: ======'mode_intergalactic_started'====== Args={}
2025-10-19 18:40:42,909 : INFO : EventManager : Event: ======'player_mode_blocking_flag'====== Args={'value': 1, 'prev_value': 0, 'change': 1, 'player_num': 1, 'source': 'intergalactic'}
2025-10-19 18:40:42,909 : INFO : EventManager : Event: ======'player_mode_intergalactic_score'====== Args={'value': 0, 'prev_value': 0, 'change': 0, 'player_num': 1, 'source': 'base'}
2025-10-19 18:40:42,909 : INFO : Timer.intergalactic_intro_show : Starting Timer.
2025-10-19 18:40:42,909 : INFO : EventManager : Event: ======'timer_intergalactic_intro_show_started'====== Args={'ticks': 0, 'ticks_remaining': 13}
2025-10-19 18:40:42,910 : INFO : EventManager : Event: ======'timer_intergalactic_intro_show_tick'====== Args={'ticks': 0, 'ticks_remaining': 13}
2025-10-19 18:40:42,913 : INFO : EventManager : Event: ======'player_intergalactic_intro_show_variable_times_100'====== Args={'value': 0, 'prev_value': 0, 'change': 0, 'player_num': 1, 'source': 'intergalactic'}
2025-10-19 18:40:42,915 : INFO : EventManager : Event: ======'slide_current_mode_highlighted_removed'====== Args={'_from_bcp': True}
2025-10-19 18:40:42,929 : INFO : EventManager : Event: ======'slide_base_removed'====== Args={'_from_bcp': True}
2025-10-19 18:40:42,930 : INFO : EventManager : Event: ======'slide_basevideo4_removed'====== Args={'_from_bcp': True}
2025-10-19 18:40:42,950 : INFO : EventManager : Event: ======'slide_intergalactic_created'====== Args={'_from_bcp': True}
2025-10-19 18:40:42,955 : INFO : EventManager : Event: ======'slide_intergalactic_instructions_created'====== Args={'_from_bcp': True}
2025-10-19 18:40:43,367 : INFO : EventManager : Event: ======'balldevice_bd_scoop_ball_count_changed'====== Args={'balls': 1}
2025-10-19 18:40:43,368 : INFO : ball_device.bd_scoop : Received unexpected ball
2025-10-19 18:40:43,368 : INFO : EventManager : Event: ======'balldevice_captured_from_playfield'====== Args={'balls': 1}
2025-10-19 18:40:43,368 : INFO : EventManager : Event: ======'sw_playfield_active'====== Args={'balls': 1}
2025-10-19 18:40:43,369 : INFO : EventManager : Event: ======'playfield_ball_count_change'====== Args={'balls': 0, 'change': -1}
2025-10-19 18:40:43,370 : INFO : EventManager : Event: ======'balldevice_bd_scoop_ball_enter'====== Args={'new_balls': 1, 'unclaimed_balls': 1, 'new_available_balls': 1, 'device': <ball_device.bd_scoop>}
2025-10-19 18:40:43,371 : INFO : EventManager : Event: ======'ball_hold_intergalactic_scoop_hold_held_ball'====== Args={'balls_held': 1, 'total_balls_held': 1}
2025-10-19 18:40:43,371 : INFO : EventManager : Event: ======'ball_hold_intergalactic_scoop_hold_full'====== Args={'balls': 1}
2025-10-19 18:40:43,372 : INFO : EventManager : Event: ======'balldevice_balls_available'====== Args={}
2025-10-19 18:40:43,372 : INFO : EventManager : Event: ======'balldevice_bd_scoop_ball_entered'====== Args={'new_balls': 1, 'device': <ball_device.bd_scoop>}
2025-10-19 18:40:43,524 : INFO : EventManager : Event: ======'ball_save_default_grace_period'====== Args={}
2025-10-19 18:40:43,929 : INFO : EventManager : Event: ======'player_intergalactic_intergalactic_intro_show_tick'====== Args={'value': 1, 'prev_value': 0, 'change': 1, 'player_num': 1}
2025-10-19 18:40:43,930 : INFO : EventManager : Event: ======'timer_intergalactic_intro_show_tick'====== Args={'ticks': 1, 'ticks_remaining': 12}
2025-10-19 18:40:43,933 : INFO : EventManager : Event: ======'player_intergalactic_intro_show_variable_times_100'====== Args={'value': 100, 'prev_value': 0, 'change': 100, 'player_num': 1, 'source': 'intergalactic'}
2025-10-19 18:40:44,925 : INFO : EventManager : Event: ======'player_intergalactic_intergalactic_intro_show_tick'====== Args={'value': 2, 'prev_value': 1, 'change': 1, 'player_num': 1}
2025-10-19 18:40:44,925 : INFO : EventManager : Event: ======'timer_intergalactic_intro_show_tick'====== Args={'ticks': 2, 'ticks_remaining': 11}
2025-10-19 18:40:44,927 : INFO : EventManager : Event: ======'player_intergalactic_intro_show_variable_times_100'====== Args={'value': 200, 'prev_value': 100, 'change': 100, 'player_num': 1, 'source': 'intergalactic'}
2025-10-19 18:40:45,505 : INFO : EventManager : Event: ======'ball_save_default_disabled'====== Args={}
2025-10-19 18:40:45,908 : INFO : EventManager : Event: ======'player_intergalactic_intergalactic_intro_show_tick'====== Args={'value': 3, 'prev_value': 2, 'change': 1, 'player_num': 1}
2025-10-19 18:40:45,909 : INFO : EventManager : Event: ======'timer_intergalactic_intro_show_tick'====== Args={'ticks': 3, 'ticks_remaining': 10}
2025-10-19 18:40:45,912 : INFO : EventManager : Event: ======'player_intergalactic_intro_show_variable_times_100'====== Args={'value': 300, 'prev_value': 200, 'change': 100, 'player_num': 1, 'source': 'intergalactic'}
2025-10-19 18:40:46,919 : INFO : EventManager : Event: ======'player_intergalactic_intergalactic_intro_show_tick'====== Args={'value': 4, 'prev_value': 3, 'change': 1, 'player_num': 1}
2025-10-19 18:40:46,920 : INFO : EventManager : Event: ======'timer_intergalactic_intro_show_tick'====== Args={'ticks': 4, 'ticks_remaining': 9}
2025-10-19 18:40:46,923 : INFO : EventManager : Event: ======'player_intergalactic_intro_show_variable_times_100'====== Args={'value': 400, 'prev_value': 300, 'change': 100, 'player_num': 1, 'source': 'intergalactic'}
2025-10-19 18:40:47,932 : INFO : EventManager : Event: ======'player_intergalactic_intergalactic_intro_show_tick'====== Args={'value': 5, 'prev_value': 4, 'change': 1, 'player_num': 1}
2025-10-19 18:40:47,932 : INFO : EventManager : Event: ======'timer_intergalactic_intro_show_tick'====== Args={'ticks': 5, 'ticks_remaining': 8}
2025-10-19 18:40:47,934 : INFO : EventManager : Event: ======'player_intergalactic_intro_show_variable_times_100'====== Args={'value': 500, 'prev_value': 400, 'change': 100, 'player_num': 1, 'source': 'intergalactic'}
2025-10-19 18:40:48,906 : INFO : EventManager : Event: ======'player_intergalactic_intergalactic_intro_show_tick'====== Args={'value': 6, 'prev_value': 5, 'change': 1, 'player_num': 1}
2025-10-19 18:40:48,907 : INFO : EventManager : Event: ======'timer_intergalactic_intro_show_tick'====== Args={'ticks': 6, 'ticks_remaining': 7}
2025-10-19 18:40:48,910 : INFO : EventManager : Event: ======'player_intergalactic_intro_show_variable_times_100'====== Args={'value': 600, 'prev_value': 500, 'change': 100, 'player_num': 1, 'source': 'intergalactic'}
2025-10-19 18:40:49,916 : INFO : EventManager : Event: ======'player_intergalactic_intergalactic_intro_show_tick'====== Args={'value': 7, 'prev_value': 6, 'change': 1, 'player_num': 1}
2025-10-19 18:40:49,918 : INFO : EventManager : Event: ======'timer_intergalactic_intro_show_tick'====== Args={'ticks': 7, 'ticks_remaining': 6}
2025-10-19 18:40:49,920 : INFO : EventManager : Event: ======'player_intergalactic_intro_show_variable_times_100'====== Args={'value': 700, 'prev_value': 600, 'change': 100, 'player_num': 1, 'source': 'intergalactic'}
2025-10-19 18:40:50,935 : INFO : EventManager : Event: ======'player_intergalactic_intergalactic_intro_show_tick'====== Args={'value': 8, 'prev_value': 7, 'change': 1, 'player_num': 1}
2025-10-19 18:40:50,936 : INFO : EventManager : Event: ======'timer_intergalactic_intro_show_tick'====== Args={'ticks': 8, 'ticks_remaining': 5}
2025-10-19 18:40:50,938 : INFO : EventManager : Event: ======'player_intergalactic_intro_show_variable_times_100'====== Args={'value': 800, 'prev_value': 700, 'change': 100, 'player_num': 1, 'source': 'intergalactic'}
2025-10-19 18:40:51,912 : INFO : EventManager : Event: ======'player_intergalactic_intergalactic_intro_show_tick'====== Args={'value': 9, 'prev_value': 8, 'change': 1, 'player_num': 1}
2025-10-19 18:40:51,914 : INFO : EventManager : Event: ======'timer_intergalactic_intro_show_tick'====== Args={'ticks': 9, 'ticks_remaining': 4}
2025-10-19 18:40:51,917 : INFO : EventManager : Event: ======'player_intergalactic_intro_show_variable_times_100'====== Args={'value': 900, 'prev_value': 800, 'change': 100, 'player_num': 1, 'source': 'intergalactic'}
2025-10-19 18:40:51,922 : INFO : EventManager : Event: ======'slide_intergalactic_instructions_removed'====== Args={'_from_bcp': True}
2025-10-19 18:40:52,930 : INFO : EventManager : Event: ======'player_intergalactic_intergalactic_intro_show_tick'====== Args={'value': 10, 'prev_value': 9, 'change': 1, 'player_num': 1}
2025-10-19 18:40:52,932 : INFO : EventManager : Event: ======'timer_intergalactic_intro_show_tick'====== Args={'ticks': 10, 'ticks_remaining': 3}
2025-10-19 18:40:52,934 : INFO : EventManager : Event: ======'player_intergalactic_intro_show_variable_times_100'====== Args={'value': 1000, 'prev_value': 900, 'change': 100, 'player_num': 1, 'source': 'intergalactic'}
2025-10-19 18:40:53,924 : INFO : EventManager : Event: ======'player_intergalactic_intergalactic_intro_show_tick'====== Args={'value': 11, 'prev_value': 10, 'change': 1, 'player_num': 1}
2025-10-19 18:40:53,925 : INFO : EventManager : Event: ======'timer_intergalactic_intro_show_tick'====== Args={'ticks': 11, 'ticks_remaining': 2}
2025-10-19 18:40:53,928 : INFO : EventManager : Event: ======'player_intergalactic_intro_show_variable_times_100'====== Args={'value': 1100, 'prev_value': 1000, 'change': 100, 'player_num': 1, 'source': 'intergalactic'}
2025-10-19 18:40:54,917 : INFO : EventManager : Event: ======'player_intergalactic_intergalactic_intro_show_tick'====== Args={'value': 12, 'prev_value': 11, 'change': 1, 'player_num': 1}
2025-10-19 18:40:54,918 : INFO : EventManager : Event: ======'timer_intergalactic_intro_show_tick'====== Args={'ticks': 12, 'ticks_remaining': 1}
2025-10-19 18:40:54,920 : INFO : EventManager : Event: ======'player_intergalactic_intro_show_variable_times_100'====== Args={'value': 1200, 'prev_value': 1100, 'change': 100, 'player_num': 1, 'source': 'intergalactic'}
2025-10-19 18:40:55,929 : INFO : EventManager : Event: ======'player_intergalactic_intergalactic_intro_show_tick'====== Args={'value': 13, 'prev_value': 12, 'change': 1, 'player_num': 1}
2025-10-19 18:40:55,930 : INFO : Timer.intergalactic_intro_show : Timer Complete
2025-10-19 18:40:55,930 : INFO : Timer.intergalactic_intro_show : Stopping Timer
2025-10-19 18:40:55,930 : INFO : EventManager : Event: ======'timer_intergalactic_intro_show_stopped'====== Args={'ticks': 13, 'ticks_remaining': 1}
2025-10-19 18:40:55,930 : INFO : EventManager : Event: ======'timer_intergalactic_intro_show_complete'====== Args={'ticks': 13, 'ticks_remaining': 1}
2025-10-19 18:40:55,934 : INFO : ball_device.bd_scoop : Adding 1 ball(s) to the eject_queue with target <playfield.playfield>.
2025-10-19 18:40:55,934 : INFO : EventManager : Event: ======'balldevice_balls_available'====== Args={}
2025-10-19 18:40:55,934 : INFO : EventManager : Event: ======'ball_hold_intergalactic_scoop_hold_balls_released'====== Args={'balls_released': 1}
2025-10-19 18:40:55,935 : INFO : Timer.intergalactic_time_remaining : Starting Timer.
2025-10-19 18:40:55,935 : INFO : EventManager : Event: ======'timer_intergalactic_time_remaining_started'====== Args={'ticks': 60, 'ticks_remaining': 60}
2025-10-19 18:40:55,935 : INFO : EventManager : Event: ======'timer_intergalactic_time_remaining_tick'====== Args={'ticks': 60, 'ticks_remaining': 60}
2025-10-19 18:40:55,935 : INFO : EventManager : Event: ======'player_intergalactic_time_remaining_variable_times_1'====== Args={'value': 60, 'prev_value': 0, 'change': 60, 'player_num': 1, 'source': 'intergalactic'}
2025-10-19 18:40:55,939 : INFO : ball_device.bd_scoop : State: waiting_for_target_ready
2025-10-19 18:40:55,940 : INFO : EventManager : Event: ======'balldevice_bd_scoop_ball_eject_attempt'====== Args={'balls': 1, 'target': <playfield.playfield>, 'source': <ball_device.bd_scoop>, 'mechanical_eject': False, 'num_attempts': 0}
2025-10-19 18:40:55,942 : INFO : ball_device.bd_scoop : State: ejecting
2025-10-19 18:40:55,942 : INFO : ball_device.bd_scoop : Ejecting ball to <playfield.playfield>
2025-10-19 18:40:55,942 : INFO : EventManager : Event: ======'balldevice_bd_scoop_ejecting_ball'====== Args={'balls': 1, 'target': <playfield.playfield>, 'source': <ball_device.bd_scoop>, 'mechanical_eject': False, 'num_attempts': 0}
2025-10-19 18:40:55,943 : INFO : ball_device.bd_scoop : Wait for ball to leave device
2025-10-19 18:40:55,943 : INFO : coil.c_scoop_eject : Pulsing Driver for 25ms (1.0 pulse_power)
2025-10-19 18:40:55,944 : INFO : SwitchController : <<<<<<< 's_scoop' inactive >>>>>>>
2025-10-19 18:40:55,948 : INFO : ball_device.bd_scoop : State: ball_left
2025-10-19 18:40:55,950 : INFO : ball_device.bd_scoop : Ball left
2025-10-19 18:40:55,950 : INFO : ball_device.bd_scoop : Wait for confirm with timeout 3.0
2025-10-19 18:40:55,952 : INFO : EventManager : Event: ======'slide_intergalactic_right_shot_lit_created'====== Args={'_from_bcp': True}
2025-10-19 18:40:55,955 : INFO : EventManager : Event: ======'slide_intergalactic_display_timer_created'====== Args={'_from_bcp': True}
2025-10-19 18:40:56,944 : INFO : EventManager : Event: ======'player_intergalactic_intergalactic_time_remaining_tick'====== Args={'value': 59, 'prev_value': 60, 'change': -1, 'player_num': 1}
2025-10-19 18:40:56,945 : INFO : EventManager : Event: ======'timer_intergalactic_time_remaining_tick'====== Args={'ticks': 59, 'ticks_remaining': 59}
2025-10-19 18:40:56,948 : INFO : EventManager : Event: ======'player_intergalactic_time_remaining_variable_times_1'====== Args={'value': 59, 'prev_value': 60, 'change': -1, 'player_num': 1, 'source': 'intergalactic'}
2025-10-19 18:40:57,941 : INFO : EventManager : Event: ======'player_intergalactic_intergalactic_time_remaining_tick'====== Args={'value': 58, 'prev_value': 59, 'change': -1, 'player_num': 1}
2025-10-19 18:40:57,942 : INFO : EventManager : Event: ======'timer_intergalactic_time_remaining_tick'====== Args={'ticks': 58, 'ticks_remaining': 58}
2025-10-19 18:40:57,944 : INFO : EventManager : Event: ======'player_intergalactic_time_remaining_variable_times_1'====== Args={'value': 58, 'prev_value': 59, 'change': -1, 'player_num': 1, 'source': 'intergalactic'}
2025-10-19 18:40:58,926 : INFO : EventManager : Event: ======'player_intergalactic_intergalactic_time_remaining_tick'====== Args={'value': 57, 'prev_value': 58, 'change': -1, 'player_num': 1}
2025-10-19 18:40:58,926 : INFO : EventManager : Event: ======'timer_intergalactic_time_remaining_tick'====== Args={'ticks': 57, 'ticks_remaining': 57}
2025-10-19 18:40:58,930 : INFO : EventManager : Event: ======'player_intergalactic_time_remaining_variable_times_1'====== Args={'value': 57, 'prev_value': 58, 'change': -1, 'player_num': 1, 'source': 'intergalactic'}
2025-10-19 18:40:58,932 : INFO : ball_device.bd_scoop : State: failed_confirm
2025-10-19 18:40:58,932 : INFO : ball_device.bd_scoop : Got timeout (3.0s) before confirm from <playfield.playfield>
2025-10-19 18:40:59,019 : INFO : ball_device.bd_scoop : Confirming eject because target is playfield and ball did not return.
2025-10-19 18:40:59,019 : INFO : ball_device.bd_scoop : Eject successful
2025-10-19 18:40:59,019 : INFO : EventManager : Event: ======'balldevice_bd_scoop_ball_eject_success'====== Args={'balls': 1, 'target': <playfield.playfield>}
2025-10-19 18:40:59,020 : INFO : EventManager : Event: ======'balldevice_playfield_ball_enter'====== Args={'new_balls': 1, 'unclaimed_balls': 1, 'device': <playfield.playfield>}
2025-10-19 18:40:59,020 : INFO : EventManager : Event: ======'playfield_ball_count_change'====== Args={'balls': 1, 'change': 1}
2025-10-19 18:40:59,021 : INFO : EventManager : Event: ======'balldevice_bd_scoop_ball_count_changed'====== Args={'balls': 0}
2025-10-19 18:40:59,021 : INFO : ball_device.bd_scoop : State: idle
2025-10-19 18:40:59,935 : INFO : EventManager : Event: ======'player_intergalactic_intergalactic_time_remaining_tick'====== Args={'value': 56, 'prev_value': 57, 'change': -1, 'player_num': 1}
2025-10-19 18:40:59,936 : INFO : EventManager : Event: ======'timer_intergalactic_time_remaining_tick'====== Args={'ticks': 56, 'ticks_remaining': 56}
2025-10-19 18:40:59,938 : INFO : EventManager : Event: ======'player_intergalactic_time_remaining_variable_times_1'====== Args={'value': 56, 'prev_value': 57, 'change': -1, 'player_num': 1, 'source': 'intergalactic'}
2025-10-19 18:41:00,947 : INFO : EventManager : Event: ======'player_intergalactic_intergalactic_time_remaining_tick'====== Args={'value': 55, 'prev_value': 56, 'change': -1, 'player_num': 1}
2025-10-19 18:41:00,948 : INFO : EventManager : Event: ======'timer_intergalactic_time_remaining_tick'====== Args={'ticks': 55, 'ticks_remaining': 55}
2025-10-19 18:41:00,950 : INFO : EventManager : Event: ======'player_intergalactic_time_remaining_variable_times_1'====== Args={'value': 55, 'prev_value': 56, 'change': -1, 'player_num': 1, 'source': 'intergalactic'}
2025-10-19 18:41:01,942 : INFO : EventManager : Event: ======'player_intergalactic_intergalactic_time_remaining_tick'====== Args={'value': 54, 'prev_value': 55, 'change': -1, 'player_num': 1}
2025-10-19 18:41:01,943 : INFO : EventManager : Event: ======'timer_intergalactic_time_remaining_tick'====== Args={'ticks': 54, 'ticks_remaining': 54}
2025-10-19 18:41:01,945 : INFO : EventManager : Event: ======'player_intergalactic_time_remaining_variable_times_1'====== Args={'value': 54, 'prev_value': 55, 'change': -1, 'player_num': 1, 'source': 'intergalactic'}
2025-10-19 18:41:02,940 : INFO : EventManager : Event: ======'player_intergalactic_intergalactic_time_remaining_tick'====== Args={'value': 53, 'prev_value': 54, 'change': -1, 'player_num': 1}
2025-10-19 18:41:02,941 : INFO : EventManager : Event: ======'timer_intergalactic_time_remaining_tick'====== Args={'ticks': 53, 'ticks_remaining': 53}
2025-10-19 18:41:02,944 : INFO : EventManager : Event: ======'player_intergalactic_time_remaining_variable_times_1'====== Args={'value': 53, 'prev_value': 54, 'change': -1, 'player_num': 1, 'source': 'intergalactic'}
2025-10-19 18:41:03,933 : INFO : EventManager : Event: ======'player_intergalactic_intergalactic_time_remaining_tick'====== Args={'value': 52, 'prev_value': 53, 'change': -1, 'player_num': 1}
2025-10-19 18:41:03,934 : INFO : EventManager : Event: ======'timer_intergalactic_time_remaining_tick'====== Args={'ticks': 52, 'ticks_remaining': 52}
2025-10-19 18:41:03,937 : INFO : EventManager : Event: ======'player_intergalactic_time_remaining_variable_times_1'====== Args={'value': 52, 'prev_value': 53, 'change': -1, 'player_num': 1, 'source': 'intergalactic'}
2025-10-19 18:41:04,241 : INFO : SwitchController : <<<<<<< 's_right_ramp' active >>>>>>>
2025-10-19 18:41:04,241 : INFO : EventManager : Event: ======'s_right_ramp_active'====== Args={}
2025-10-19 18:41:04,241 : INFO : EventManager : Event: ======'machine_var_audits_switches_s_right_ramp'====== Args={'value': 149, 'prev_value': 148, 'change': 1}
2025-10-19 18:41:04,244 : INFO : EventManager : Event: ======'player_shot_right_ramp'====== Args={'value': 1, 'prev_value': 0, 'change': 1, 'player_num': 1}
2025-10-19 18:41:04,245 : INFO : EventManager : Event: ======'machine_var_audits_shots_right_ramp'====== Args={'value': 1, 'prev_value': None, 'change': True}
2025-10-19 18:41:04,245 : INFO : EventManager : Event: ======'right_ramp_hit'====== Args={'profile': 'default', 'state': 'unlit', 'advancing': True}
2025-10-19 18:41:04,245 : INFO : EventManager : Event: ======'right_ramp_default_hit'====== Args={'profile': 'default', 'state': 'unlit', 'advancing': True}
2025-10-19 18:41:04,245 : INFO : EventManager : Event: ======'right_ramp_default_unlit_hit'====== Args={'profile': 'default', 'state': 'unlit', 'advancing': True}
2025-10-19 18:41:04,245 : INFO : EventManager : Event: ======'right_ramp_unlit_hit'====== Args={'profile': 'default', 'state': 'unlit', 'advancing': True}
2025-10-19 18:41:04,245 : INFO : EventManager : Event: ======'player_score'====== Args={'value': 2007540, 'prev_value': 2004530, 'change': 3010, 'player_num': 1, 'source': 'base'}
2025-10-19 18:41:04,245 : INFO : EventManager : Event: ======'logicblock_intergalactic_shot_1_updated'====== Args={'value': 1, 'enabled': True}
2025-10-19 18:41:04,245 : INFO : EventManager : Event: ======'logicblock_intergalactic_shot_1_hit'====== Args={'step': 1}
2025-10-19 18:41:04,246 : INFO : EventManager : Event: ======'intergalactic_shot_1_done'====== Args={}
2025-10-19 18:41:04,246 : INFO : EventManager : Event: ======'logicblock_intergalactic_shot_1_updated'====== Args={'value': 1, 'enabled': False}
2025-10-19 18:41:04,248 : INFO : EventManager : Event: ======'logicblock_intergalactic_shot_2_updated'====== Args={'value': 0, 'enabled': True}
2025-10-19 18:41:04,248 : INFO : EventManager : Event: ======'player_score'====== Args={'value': 3007540, 'prev_value': 2007540, 'change': 1000000, 'player_num': 1, 'source': 'intergalactic'}
2025-10-19 18:41:04,248 : INFO : EventManager : Event: ======'player_mode_intergalactic_score'====== Args={'value': 1000000, 'prev_value': 0, 'change': 1000000, 'player_num': 1, 'source': 'intergalactic'}
2025-10-19 18:41:04,274 : INFO : EventManager : Event: ======'slide_intergalactic_right_shot_lit_removed'====== Args={'_from_bcp': True}
2025-10-19 18:41:04,278 : INFO : EventManager : Event: ======'slide_intergalactic_left_shot_lit_created'====== Args={'_from_bcp': True}
2025-10-19 18:41:04,317 : INFO : SwitchController : <<<<<<< 's_right_ramp' inactive >>>>>>>
2025-10-19 18:41:04,929 : INFO : EventManager : Event: ======'player_intergalactic_intergalactic_time_remaining_tick'====== Args={'value': 51, 'prev_value': 52, 'change': -1, 'player_num': 1}
2025-10-19 18:41:04,930 : INFO : EventManager : Event: ======'timer_intergalactic_time_remaining_tick'====== Args={'ticks': 51, 'ticks_remaining': 51}
2025-10-19 18:41:04,933 : INFO : EventManager : Event: ======'player_intergalactic_time_remaining_variable_times_1'====== Args={'value': 51, 'prev_value': 52, 'change': -1, 'player_num': 1, 'source': 'intergalactic'}
2025-10-19 18:41:05,937 : INFO : EventManager : Event: ======'player_intergalactic_intergalactic_time_remaining_tick'====== Args={'value': 50, 'prev_value': 51, 'change': -1, 'player_num': 1}
2025-10-19 18:41:05,937 : INFO : EventManager : Event: ======'timer_intergalactic_time_remaining_tick'====== Args={'ticks': 50, 'ticks_remaining': 50}
2025-10-19 18:41:05,940 : INFO : EventManager : Event: ======'player_intergalactic_time_remaining_variable_times_1'====== Args={'value': 50, 'prev_value': 51, 'change': -1, 'player_num': 1, 'source': 'intergalactic'}
2025-10-19 18:41:06,590 : INFO : Machine : Shutting down...
2025-10-19 18:41:06,590 : INFO : EventManager : Event: ======'shutdown'====== Args={}
2025-10-19 18:41:06,591 : INFO : EventManager : Event: ======'mode_service_will_stop'====== Args={}
2025-10-19 18:41:06,591 : INFO : EventManager : Event: ======'mode_service_stopping'====== Args={}
2025-10-19 18:41:06,593 : INFO : Mode.service : Stopped.
2025-10-19 18:41:06,593 : INFO : EventManager : Event: ======'modes_active_modes_changed'====== Args={}
2025-10-19 18:41:06,593 : INFO : EventManager : Event: ======'mode_service_stopped'====== Args={}
2025-10-19 18:41:06,593 : INFO : EventManager : Event: ======'clear'====== Args={'key': 'service'}
2025-10-19 18:41:06,595 : INFO : EventManager : Event: ======'mode_game_will_stop'====== Args={}
2025-10-19 18:41:06,595 : INFO : EventManager : Event: ======'mode_game_stopping'====== Args={}
2025-10-19 18:41:06,595 : INFO : EventManager : Event: ======'mode_multiball_will_stop'====== Args={}
2025-10-19 18:41:06,595 : INFO : EventManager : Event: ======'mode_multiball_stopping'====== Args={}
2025-10-19 18:41:06,595 : INFO : EventManager : Event: ======'mode_intergalactic_will_stop'====== Args={}
2025-10-19 18:41:06,596 : INFO : EventManager : Event: ======'mode_intergalactic_stopping'====== Args={}
2025-10-19 18:41:06,596 : INFO : EventManager : Event: ======'mode_base_will_stop'====== Args={}
2025-10-19 18:41:06,596 : INFO : EventManager : Event: ======'mode_base_stopping'====== Args={}
2025-10-19 18:41:06,596 : INFO : Mode.base : Stopped.
2025-10-19 18:41:06,596 : INFO : EventManager : Event: ======'modes_active_modes_changed'====== Args={}
2025-10-19 18:41:06,596 : INFO : EventManager : Event: ======'mode_base_stopped'====== Args={}
2025-10-19 18:41:06,597 : INFO : EventManager : Event: ======'clear'====== Args={'key': 'base'}
2025-10-19 18:41:06,600 : INFO : Mode.intergalactic : Stopped.
2025-10-19 18:41:06,601 : INFO : EventManager : Event: ======'modes_active_modes_changed'====== Args={}
2025-10-19 18:41:06,601 : INFO : EventManager : Event: ======'mode_intergalactic_stopped'====== Args={}
2025-10-19 18:41:06,601 : INFO : EventManager : Event: ======'clear'====== Args={'key': 'intergalactic'}
2025-10-19 18:41:06,602 : INFO : Timer.intergalactic_time_remaining : Stopping Timer
2025-10-19 18:41:06,602 : INFO : EventManager : Event: ======'timer_intergalactic_time_remaining_stopped'====== Args={'ticks': 50, 'ticks_remaining': 50}
2025-10-19 18:41:06,602 : INFO : Timer.intergalactic_intro_show : Stopping Timer
2025-10-19 18:41:06,602 : INFO : EventManager : Event: ======'timer_intergalactic_intro_show_stopped'====== Args={'ticks': 13, 'ticks_remaining': 1}
2025-10-19 18:41:06,602 : INFO : Mode.multiball : Stopped.
2025-10-19 18:41:06,602 : INFO : EventManager : Event: ======'modes_active_modes_changed'====== Args={}
2025-10-19 18:41:06,603 : INFO : EventManager : Event: ======'mode_multiball_stopped'====== Args={}
2025-10-19 18:41:06,603 : INFO : EventManager : Event: ======'clear'====== Args={'key': 'multiball'}
2025-10-19 18:41:06,603 : INFO : Mode.game : Stopped.
2025-10-19 18:41:06,604 : INFO : EventManager : Event: ======'modes_active_modes_changed'====== Args={}
2025-10-19 18:41:06,604 : INFO : EventManager : Event: ======'mode_game_stopped'====== Args={}
2025-10-19 18:41:06,604 : INFO : EventManager : Event: ======'clear'====== Args={'key': 'game'}
2025-10-19 18:41:06,607 : INFO : root : MPF run loop ended.
