2025-09-19 08:05:03,729 : INFO : root : Loading config.
2025-09-19 08:05:03,733 : INFO : YamlMultifileConfigLoader : Machine config file #1: config.yaml
2025-09-19 08:05:03,733 : WARNING : ConfigProcessor : Config file in cache changed: C:\venv\mpf\soultrain\config\config.yaml
2025-09-19 08:05:03,733 : INFO : ConfigProcessor : Loading config from file c:\venv\mpf\lib\site-packages\mpf\mpfconfig.yaml.
2025-09-19 08:05:03,742 : INFO : ConfigProcessor : Loading config: c:\venv\mpf\lib\site-packages\mpf\mpfconfig.yaml
2025-09-19 08:05:03,743 : INFO : ConfigProcessor : Loading config from file C:\venv\mpf\soultrain\config\config.yaml.
2025-09-19 08:05:03,746 : INFO : ConfigProcessor : Loading config: C:\venv\mpf\soultrain\config\config.yaml
2025-09-19 08:05:03,748 : INFO : ConfigProcessor : Loading config: C:\venv\mpf\soultrain\config\coils.yaml
2025-09-19 08:05:03,750 : INFO : ConfigProcessor : Loading config: C:\venv\mpf\soultrain\config\switches.yaml
2025-09-19 08:05:03,752 : INFO : ConfigProcessor : Loading config: C:\venv\mpf\soultrain\config\multiball.yaml
2025-09-19 08:05:03,754 : INFO : ConfigProcessor : Config file cache created: C:\Users\sdona\AppData\Local\Temp\1b3b705e53fd006acd47691e80f804b6.mpf_cache
2025-09-19 08:05:03,818 : INFO : ConfigProcessor : Loading config from cache: C:\Users\sdona\AppData\Local\Temp\9850977bb9bffa92584f0b363c7a65d4.mpf_cache
2025-09-19 08:05:03,819 : INFO : ConfigProcessor : Loading config from cache: C:\Users\sdona\AppData\Local\Temp\9b0a7575388f9d9bd2f6ab87bf9fd2f7.mpf_cache
2025-09-19 08:05:03,820 : WARNING : ConfigProcessor : Config file in cache changed: C:\venv\mpf\soultrain\modes\base\config\base.yaml
2025-09-19 08:05:03,820 : INFO : ConfigProcessor : Loading config from file C:\venv\mpf\soultrain\modes\base\config\base.yaml.
2025-09-19 08:05:03,821 : INFO : ConfigProcessor : Loading config: C:\venv\mpf\soultrain\modes\base\config\base.yaml
2025-09-19 08:05:03,822 : INFO : ConfigProcessor : Config file cache created: C:\Users\sdona\AppData\Local\Temp\fd71bac5babd3012ed21bb0ff55b9bb2.mpf_cache
2025-09-19 08:05:03,822 : INFO : Machine : Mission Pinball Framework Core Engine v0.57.3
2025-09-19 08:05:03,823 : INFO : Machine : Command line arguments: {'no_load_cache': False, 'create_config_cache': True, 'bcp': True, 'configfile': ['config.yaml'], 'force_assets_load': False, 'platform_integration_test': False, 'jsonlogging': False, 'logfile': 'logs\\2025-09-19-08-05-03-mpf-PinballLaptop.log', 'pause': False, 'production': False, 'text_ui': True, 'loglevel': 15, 'consoleloglevel': 20, 'force_platform': 'smart_virtual', 'syslog_address': None, 'mc_file_name': None, 'no_sound': False}
2025-09-19 08:05:03,823 : INFO : Machine : MPF path: c:\venv\mpf\lib\site-packages\mpf
2025-09-19 08:05:03,823 : INFO : Machine : Machine path: C:\venv\mpf\soultrain
2025-09-19 08:05:03,823 : INFO : Machine : Platform: win32
2025-09-19 08:05:03,823 : INFO : Machine : Python executable location: c:\venv\mpf\Scripts\python.exe
2025-09-19 08:05:03,823 : INFO : Machine : Python version: 3.9.13 (64-bit)
2025-09-19 08:05:03,825 : INFO : Machine : Initializing MPF...
2025-09-19 08:05:04,017 : INFO : EventManager : Event: ======'machine_var_credits_string'====== Args={'value': 'FREE PLAY', 'prev_value': None, 'change': True}
2025-09-19 08:05:04,064 : INFO : EventManager : Event: ======'machine_var_fast_audio_headphones_volume'====== Args={'value': 10, 'prev_value': None, 'change': True}
2025-09-19 08:05:04,064 : INFO : EventManager : Event: ======'machine_var_fast_audio_main_volume'====== Args={'value': 44, 'prev_value': None, 'change': True}
2025-09-19 08:05:04,064 : INFO : EventManager : Event: ======'machine_var_master_volume'====== Args={'value': 0.15, 'prev_value': None, 'change': True}
2025-09-19 08:05:04,064 : INFO : EventManager : Event: ======'machine_var_player1_score'====== Args={'value': 0, 'prev_value': None, 'change': True}
2025-09-19 08:05:04,064 : INFO : EventManager : Event: ======'machine_var_mpf_version'====== Args={'value': 'Mission Pinball Framework v0.57.3', 'prev_value': None, 'change': True}
2025-09-19 08:05:04,064 : INFO : EventManager : Event: ======'machine_var_mpf_extended_version'====== Args={'value': 'Mission Pinball Framework v0.57.3, Config version:6, Show version: 6, BCP version:1.1', 'prev_value': None, 'change': True}
2025-09-19 08:05:04,064 : INFO : EventManager : Event: ======'machine_var_python_version'====== Args={'value': '3.9.13', 'prev_value': None, 'change': True}
2025-09-19 08:05:04,170 : INFO : EventManager : Event: ======'machine_var_platform'====== Args={'value': 'Windows-10-10.0.26100-SP0', 'prev_value': None, 'change': True}
2025-09-19 08:05:04,171 : INFO : EventManager : Event: ======'machine_var_platform_system'====== Args={'value': 'Windows', 'prev_value': None, 'change': True}
2025-09-19 08:05:04,171 : INFO : EventManager : Event: ======'machine_var_platform_release'====== Args={'value': '10', 'prev_value': None, 'change': True}
2025-09-19 08:05:04,171 : INFO : EventManager : Event: ======'machine_var_platform_version'====== Args={'value': '10.0.26100', 'prev_value': None, 'change': True}
2025-09-19 08:05:04,171 : INFO : EventManager : Event: ======'machine_var_platform_machine'====== Args={'value': 'AMD64', 'prev_value': None, 'change': True}
2025-09-19 08:05:04,171 : INFO : EventManager : Event: ======'init_phase_1'====== Args={}
2025-09-19 08:05:04,187 : INFO : EventManager : Event: ======'drop_target_bank_three_bank_up'====== Args={}
2025-09-19 08:05:04,188 : INFO : EventManager : Event: ======'init_phase_2'====== Args={}
2025-09-19 08:05:04,188 : INFO : SwitchController : Found active switch: ('3208-0', <Platform.SmartVirtual>) <switch.s_trough1>
2025-09-19 08:05:04,188 : INFO : SwitchController : Found active switch: ('3208-1', <Platform.SmartVirtual>) <switch.s_trough2>
2025-09-19 08:05:04,188 : INFO : SwitchController : Found active switch: ('3208-2', <Platform.SmartVirtual>) <switch.s_trough3>
2025-09-19 08:05:04,188 : INFO : SwitchController : Found active switch: ('3208-3', <Platform.SmartVirtual>) <switch.s_trough4>
2025-09-19 08:05:04,188 : INFO : SwitchController : Found active switch: ('3208-4', <Platform.SmartVirtual>) <switch.s_trough5>
2025-09-19 08:05:04,188 : INFO : SwitchController : Found active switch: ('3208-5', <Platform.SmartVirtual>) <switch.s_trough6>
2025-09-19 08:05:04,191 : INFO : EventManager : Event: ======'bcp_connection_attempt'====== Args={'name': 'local_display', 'host': 'localhost', 'port': 5050}
2025-09-19 08:05:04,193 : INFO : BCPClientSocket : Connecting BCP to 'local_display' at localhost:5050...
2025-09-19 08:05:12,478 : INFO : BCPClientSocket : Connected BCP to 'local_display' localhost:5050
2025-09-19 08:05:12,479 : INFO : EventManager : Event: ======'bcp_clients_connected'====== Args={}
2025-09-19 08:05:12,594 : INFO : ball_device.bd_trough : BCH: Initial count: 6
2025-09-19 08:05:12,595 : INFO : EventManager : Event: ======'machine_var_mc_version'====== Args={'value': 'MPF-MC v0.57.1', 'prev_value': None, 'change': True}
2025-09-19 08:05:12,595 : INFO : EventManager : Event: ======'machine_var_mc_extended_version'====== Args={'value': 'MPF-MC v0.57.1 (config_version=6, BCP v1.1,                      Requires MPF API compatibility v0.57.0 or newer)', 'prev_value': None, 'change': True}
2025-09-19 08:05:12,598 : INFO : ball_device.bd_trough : State: idle
2025-09-19 08:05:12,646 : INFO : ball_device.bd_plunger : BCH: Initial count: 0
2025-09-19 08:05:12,647 : INFO : ball_device.bd_plunger : State: idle
2025-09-19 08:05:12,647 : INFO : ball_device.bd_scoop : BCH: Initial count: 0
2025-09-19 08:05:12,648 : INFO : ball_device.bd_scoop : State: idle
2025-09-19 08:05:12,660 : INFO : EventManager : Event: ======'init_phase_3'====== Args={}
2025-09-19 08:05:12,662 : INFO : EventManager : Event: ======'init_phase_4'====== Args={}
2025-09-19 08:05:12,664 : INFO : BallController : Initial balls found: 6
2025-09-19 08:05:12,665 : INFO : EventManager : Event: ======'machine_var_audits_events_game_ended'====== Args={'value': 34, 'prev_value': None, 'change': True}
2025-09-19 08:05:12,666 : INFO : EventManager : Event: ======'machine_var_audits_events_game_started'====== Args={'value': 78, 'prev_value': None, 'change': True}
2025-09-19 08:05:12,666 : INFO : EventManager : Event: ======'machine_var_audits_missing_switches_s_captive_ball'====== Args={'value': 4, 'prev_value': None, 'change': True}
2025-09-19 08:05:12,666 : INFO : EventManager : Event: ======'machine_var_audits_missing_switches_s_center_upper_pop'====== Args={'value': 4, 'prev_value': None, 'change': True}
2025-09-19 08:05:12,666 : INFO : EventManager : Event: ======'machine_var_audits_missing_switches_s_inner_orbit'====== Args={'value': 4, 'prev_value': None, 'change': True}
2025-09-19 08:05:12,666 : INFO : EventManager : Event: ======'machine_var_audits_missing_switches_s_left_flipper'====== Args={'value': 4, 'prev_value': None, 'change': True}
2025-09-19 08:05:12,666 : INFO : EventManager : Event: ======'machine_var_audits_missing_switches_s_left_inlane'====== Args={'value': 4, 'prev_value': None, 'change': True}
2025-09-19 08:05:12,667 : INFO : EventManager : Event: ======'machine_var_audits_missing_switches_s_left_orbit'====== Args={'value': 4, 'prev_value': None, 'change': True}
2025-09-19 08:05:12,667 : INFO : EventManager : Event: ======'machine_var_audits_missing_switches_s_left_outlane'====== Args={'value': 4, 'prev_value': None, 'change': True}
2025-09-19 08:05:12,667 : INFO : EventManager : Event: ======'machine_var_audits_missing_switches_s_left_ramp'====== Args={'value': 4, 'prev_value': None, 'change': True}
2025-09-19 08:05:12,667 : INFO : EventManager : Event: ======'machine_var_audits_missing_switches_s_left_slingshot'====== Args={'value': 4, 'prev_value': None, 'change': True}
2025-09-19 08:05:12,667 : INFO : EventManager : Event: ======'machine_var_audits_missing_switches_s_left_upper_pop'====== Args={'value': 4, 'prev_value': None, 'change': True}
2025-09-19 08:05:12,667 : INFO : EventManager : Event: ======'machine_var_audits_missing_switches_s_pop_standup'====== Args={'value': 4, 'prev_value': None, 'change': True}
2025-09-19 08:05:12,668 : INFO : EventManager : Event: ======'machine_var_audits_missing_switches_s_right_flipper'====== Args={'value': 4, 'prev_value': None, 'change': True}
2025-09-19 08:05:12,668 : INFO : EventManager : Event: ======'machine_var_audits_missing_switches_s_right_inlane'====== Args={'value': 4, 'prev_value': None, 'change': True}
2025-09-19 08:05:12,668 : INFO : EventManager : Event: ======'machine_var_audits_missing_switches_s_right_orbit'====== Args={'value': 4, 'prev_value': None, 'change': True}
2025-09-19 08:05:12,668 : INFO : EventManager : Event: ======'machine_var_audits_missing_switches_s_right_outlane'====== Args={'value': 4, 'prev_value': None, 'change': True}
2025-09-19 08:05:12,668 : INFO : EventManager : Event: ======'machine_var_audits_missing_switches_s_right_ramp'====== Args={'value': 4, 'prev_value': None, 'change': True}
2025-09-19 08:05:12,669 : INFO : EventManager : Event: ======'machine_var_audits_missing_switches_s_right_slingshot'====== Args={'value': 4, 'prev_value': None, 'change': True}
2025-09-19 08:05:12,669 : INFO : EventManager : Event: ======'machine_var_audits_missing_switches_s_spinner'====== Args={'value': 4, 'prev_value': None, 'change': True}
2025-09-19 08:05:12,669 : INFO : EventManager : Event: ======'machine_var_audits_missing_switches_s_start'====== Args={'value': 3, 'prev_value': None, 'change': True}
2025-09-19 08:05:12,669 : INFO : EventManager : Event: ======'machine_var_audits_missing_switches_s_three_bank_bottom'====== Args={'value': 4, 'prev_value': None, 'change': True}
2025-09-19 08:05:12,669 : INFO : EventManager : Event: ======'machine_var_audits_missing_switches_s_three_bank_middle'====== Args={'value': 4, 'prev_value': None, 'change': True}
2025-09-19 08:05:12,669 : INFO : EventManager : Event: ======'machine_var_audits_missing_switches_s_three_bank_standup'====== Args={'value': 4, 'prev_value': None, 'change': True}
2025-09-19 08:05:12,669 : INFO : EventManager : Event: ======'machine_var_audits_missing_switches_s_three_bank_top'====== Args={'value': 4, 'prev_value': None, 'change': True}
2025-09-19 08:05:12,671 : INFO : EventManager : Event: ======'machine_var_audits_missing_switches_s_tilt_bob'====== Args={'value': 12, 'prev_value': None, 'change': True}
2025-09-19 08:05:12,672 : INFO : EventManager : Event: ======'machine_var_audits_missing_switches_s_top_right_flipper'====== Args={'value': 4, 'prev_value': None, 'change': True}
2025-09-19 08:05:12,673 : INFO : EventManager : Event: ======'machine_var_audits_missing_switches_s_trough2'====== Args={'value': 3, 'prev_value': None, 'change': True}
2025-09-19 08:05:12,673 : INFO : EventManager : Event: ======'machine_var_audits_missing_switches_s_trough3'====== Args={'value': 3, 'prev_value': None, 'change': True}
2025-09-19 08:05:12,673 : INFO : EventManager : Event: ======'machine_var_audits_missing_switches_s_trough4'====== Args={'value': 3, 'prev_value': None, 'change': True}
2025-09-19 08:05:12,673 : INFO : EventManager : Event: ======'machine_var_audits_missing_switches_s_trough5'====== Args={'value': 3, 'prev_value': None, 'change': True}
2025-09-19 08:05:12,674 : INFO : EventManager : Event: ======'machine_var_audits_missing_switches_s_trough6'====== Args={'value': 4, 'prev_value': None, 'change': True}
2025-09-19 08:05:12,674 : INFO : EventManager : Event: ======'machine_var_audits_missing_switches_s_trough_jam'====== Args={'value': 4, 'prev_value': None, 'change': True}
2025-09-19 08:05:12,674 : INFO : EventManager : Event: ======'machine_var_audits_missing_switches_s_tshirt_bottom_standup'====== Args={'value': 4, 'prev_value': None, 'change': True}
2025-09-19 08:05:12,675 : INFO : EventManager : Event: ======'machine_var_audits_missing_switches_s_tshirt_top_standup'====== Args={'value': 4, 'prev_value': None, 'change': True}
2025-09-19 08:05:12,675 : INFO : EventManager : Event: ======'machine_var_audits_missing_switches_s_upper_pop_standup'====== Args={'value': 4, 'prev_value': None, 'change': True}
2025-09-19 08:05:12,675 : INFO : EventManager : Event: ======'machine_var_audits_player_score'====== Args={'value': {'average': 13070, 'top': [55679, 54526, 46225, 25350, 24166, 23278, 20422, 20201, 14887, 14573], 'total': 35}, 'prev_value': None, 'change': True}
2025-09-19 08:05:12,675 : INFO : EventManager : Event: ======'machine_var_audits_shots_skill_captive'====== Args={'value': 16, 'prev_value': None, 'change': True}
2025-09-19 08:05:12,676 : INFO : EventManager : Event: ======'machine_var_audits_switches_s_captive_ball'====== Args={'value': 158, 'prev_value': None, 'change': True}
2025-09-19 08:05:12,676 : INFO : EventManager : Event: ======'machine_var_audits_switches_s_center_upper_pop'====== Args={'value': 182, 'prev_value': None, 'change': True}
2025-09-19 08:05:12,676 : INFO : EventManager : Event: ======'machine_var_audits_switches_s_inner_orbit'====== Args={'value': 0, 'prev_value': None, 'change': True}
2025-09-19 08:05:12,677 : INFO : EventManager : Event: ======'machine_var_audits_switches_s_left_flipper'====== Args={'value': 1240, 'prev_value': None, 'change': True}
2025-09-19 08:05:12,677 : INFO : EventManager : Event: ======'machine_var_audits_switches_s_left_inlane'====== Args={'value': 107, 'prev_value': None, 'change': True}
2025-09-19 08:05:12,677 : INFO : EventManager : Event: ======'machine_var_audits_switches_s_left_orbit'====== Args={'value': 0, 'prev_value': None, 'change': True}
2025-09-19 08:05:12,677 : INFO : EventManager : Event: ======'machine_var_audits_switches_s_left_outlane'====== Args={'value': 53, 'prev_value': None, 'change': True}
2025-09-19 08:05:12,678 : INFO : EventManager : Event: ======'machine_var_audits_switches_s_left_ramp'====== Args={'value': 0, 'prev_value': None, 'change': True}
2025-09-19 08:05:12,678 : INFO : EventManager : Event: ======'machine_var_audits_switches_s_left_slingshot'====== Args={'value': 259, 'prev_value': None, 'change': True}
2025-09-19 08:05:12,678 : INFO : EventManager : Event: ======'machine_var_audits_switches_s_left_upper_pop'====== Args={'value': 139, 'prev_value': None, 'change': True}
2025-09-19 08:05:12,679 : INFO : EventManager : Event: ======'machine_var_audits_switches_s_plunger'====== Args={'value': 441, 'prev_value': None, 'change': True}
2025-09-19 08:05:12,679 : INFO : EventManager : Event: ======'machine_var_audits_switches_s_pop_standup'====== Args={'value': 48, 'prev_value': None, 'change': True}
2025-09-19 08:05:12,679 : INFO : EventManager : Event: ======'machine_var_audits_switches_s_right_flipper'====== Args={'value': 1509, 'prev_value': None, 'change': True}
2025-09-19 08:05:12,680 : INFO : EventManager : Event: ======'machine_var_audits_switches_s_right_inlane'====== Args={'value': 104, 'prev_value': None, 'change': True}
2025-09-19 08:05:12,680 : INFO : EventManager : Event: ======'machine_var_audits_switches_s_right_lower_pop'====== Args={'value': 268, 'prev_value': None, 'change': True}
2025-09-19 08:05:12,680 : INFO : EventManager : Event: ======'machine_var_audits_switches_s_right_orbit'====== Args={'value': 0, 'prev_value': None, 'change': True}
2025-09-19 08:05:12,681 : INFO : EventManager : Event: ======'machine_var_audits_switches_s_right_outlane'====== Args={'value': 51, 'prev_value': None, 'change': True}
2025-09-19 08:05:12,681 : INFO : EventManager : Event: ======'machine_var_audits_switches_s_right_ramp'====== Args={'value': 0, 'prev_value': None, 'change': True}
2025-09-19 08:05:12,681 : INFO : EventManager : Event: ======'machine_var_audits_switches_s_right_slingshot'====== Args={'value': 365, 'prev_value': None, 'change': True}
2025-09-19 08:05:12,682 : INFO : EventManager : Event: ======'machine_var_audits_switches_s_scoop'====== Args={'value': 77, 'prev_value': None, 'change': True}
2025-09-19 08:05:12,683 : INFO : EventManager : Event: ======'machine_var_audits_switches_s_spinner'====== Args={'value': 1364, 'prev_value': None, 'change': True}
2025-09-19 08:05:12,683 : INFO : EventManager : Event: ======'machine_var_audits_switches_s_start'====== Args={'value': 8, 'prev_value': None, 'change': True}
2025-09-19 08:05:12,683 : INFO : EventManager : Event: ======'machine_var_audits_switches_s_three_bank_bottom'====== Args={'value': 61, 'prev_value': None, 'change': True}
2025-09-19 08:05:12,684 : INFO : EventManager : Event: ======'machine_var_audits_switches_s_three_bank_middle'====== Args={'value': 61, 'prev_value': None, 'change': True}
2025-09-19 08:05:12,684 : INFO : EventManager : Event: ======'machine_var_audits_switches_s_three_bank_standup'====== Args={'value': 64, 'prev_value': None, 'change': True}
2025-09-19 08:05:12,684 : INFO : EventManager : Event: ======'machine_var_audits_switches_s_three_bank_top'====== Args={'value': 56, 'prev_value': None, 'change': True}
2025-09-19 08:05:12,685 : INFO : EventManager : Event: ======'machine_var_audits_switches_s_tilt_bob'====== Args={'value': 21, 'prev_value': None, 'change': True}
2025-09-19 08:05:12,685 : INFO : EventManager : Event: ======'machine_var_audits_switches_s_top_right_flipper'====== Args={'value': 1294, 'prev_value': None, 'change': True}
2025-09-19 08:05:12,686 : INFO : EventManager : Event: ======'machine_var_audits_switches_s_trough1'====== Args={'value': 208, 'prev_value': None, 'change': True}
2025-09-19 08:05:12,686 : INFO : EventManager : Event: ======'machine_var_audits_switches_s_trough2'====== Args={'value': 248, 'prev_value': None, 'change': True}
2025-09-19 08:05:12,686 : INFO : EventManager : Event: ======'machine_var_audits_switches_s_trough3'====== Args={'value': 178, 'prev_value': None, 'change': True}
2025-09-19 08:05:12,687 : INFO : EventManager : Event: ======'machine_var_audits_switches_s_trough4'====== Args={'value': 160, 'prev_value': None, 'change': True}
2025-09-19 08:05:12,687 : INFO : EventManager : Event: ======'machine_var_audits_switches_s_trough5'====== Args={'value': 160, 'prev_value': None, 'change': True}
2025-09-19 08:05:12,687 : INFO : EventManager : Event: ======'machine_var_audits_switches_s_trough6'====== Args={'value': 158, 'prev_value': None, 'change': True}
2025-09-19 08:05:12,688 : INFO : EventManager : Event: ======'machine_var_audits_switches_s_trough_jam'====== Args={'value': 206, 'prev_value': None, 'change': True}
2025-09-19 08:05:12,688 : INFO : EventManager : Event: ======'machine_var_audits_switches_s_tshirt_bottom_standup'====== Args={'value': 28, 'prev_value': None, 'change': True}
2025-09-19 08:05:12,689 : INFO : EventManager : Event: ======'machine_var_audits_switches_s_tshirt_top_standup'====== Args={'value': 33, 'prev_value': None, 'change': True}
2025-09-19 08:05:12,689 : INFO : EventManager : Event: ======'machine_var_audits_switches_s_upper_pop_standup'====== Args={'value': 158, 'prev_value': None, 'change': True}
2025-09-19 08:05:12,690 : INFO : EventManager : Event: ======'init_phase_5'====== Args={}
2025-09-19 08:05:12,712 : INFO : EventManager : Event: ======'init_done'====== Args={}
2025-09-19 08:05:12,712 : INFO : EventManager : Event: ======'machine_reset_phase_1'====== Args={}
2025-09-19 08:05:12,724 : INFO : EventManager : Event: ======'slide_welcome_slide_removed'====== Args={'_from_bcp': True}
2025-09-19 08:05:12,724 : INFO : EventManager : Event: ======'slide_welcome_slide_created'====== Args={'_from_bcp': True}
2025-09-19 08:05:12,725 : INFO : EventManager : Event: ======'machine_reset_phase_2'====== Args={}
2025-09-19 08:05:12,726 : INFO : EventManager : Event: ======'machine_reset_phase_3'====== Args={}
2025-09-19 08:05:12,726 : INFO : EventManager : Event: ======'slide_welcome_slide_active'====== Args={'_from_bcp': True}
2025-09-19 08:05:12,726 : INFO : drop_target_bank.three_bank : All targets are already up. Will not reset bank.
2025-09-19 08:05:12,726 : INFO : EventManager : Event: ======'reset_complete'====== Args={}
2025-09-19 08:05:12,726 : INFO : EventManager : Event: ======'mode_attract_will_start'====== Args={}
2025-09-19 08:05:12,727 : INFO : EventManager : Event: ======'mode_attract_starting'====== Args={}
2025-09-19 08:05:12,727 : INFO : Mode.attract : Started. Priority: 10
2025-09-19 08:05:12,727 : INFO : EventManager : Event: ======'modes_active_modes_changed'====== Args={}
2025-09-19 08:05:12,727 : INFO : EventManager : Event: ======'mode_attract_started'====== Args={}
2025-09-19 08:05:12,728 : INFO : EventManager : Event: ======'collecting_balls_complete'====== Args={}
2025-09-19 08:05:12,747 : INFO : EventManager : Event: ======'slide_attract_started_created'====== Args={'_from_bcp': True}
2025-09-19 08:05:12,747 : INFO : EventManager : Event: ======'slide_attract_started_active'====== Args={'_from_bcp': True}
2025-09-19 08:05:12,748 : INFO : Machine : Starting the main run loop with active modes: [<Mode.attract>]
2025-09-19 08:05:13,821 : INFO : SwitchController : <<<<<<< 's_start' active >>>>>>>
2025-09-19 08:05:13,922 : INFO : SwitchController : <<<<<<< 's_start' inactive >>>>>>>
2025-09-19 08:05:13,922 : INFO : EventManager : Event: ======'request_to_start_game'====== Args={}
2025-09-19 08:05:13,922 : INFO : EventManager : Event: ======'game_start'====== Args={'buttons': [], 'hold_time': 0.09399999999732245}
2025-09-19 08:05:13,922 : INFO : EventManager : Event: ======'mode_game_will_start'====== Args={'buttons': [], 'hold_time': 0.09399999999732245}
2025-09-19 08:05:13,923 : INFO : EventManager : Event: ======'mode_game_starting'====== Args={'buttons': [], 'hold_time': 0.09399999999732245}
2025-09-19 08:05:13,923 : INFO : EventManager : Event: ======'mode_attract_will_stop'====== Args={}
2025-09-19 08:05:13,924 : INFO : EventManager : Event: ======'mode_attract_stopping'====== Args={}
2025-09-19 08:05:13,924 : INFO : Mode.attract : Stopped.
2025-09-19 08:05:13,924 : INFO : EventManager : Event: ======'modes_active_modes_changed'====== Args={}
2025-09-19 08:05:13,924 : INFO : EventManager : Event: ======'mode_attract_stopped'====== Args={}
2025-09-19 08:05:13,924 : INFO : EventManager : Event: ======'clear'====== Args={'key': 'attract'}
2025-09-19 08:05:13,924 : INFO : Mode.game : Started. Priority: 20
2025-09-19 08:05:13,924 : INFO : EventManager : Event: ======'modes_active_modes_changed'====== Args={}
2025-09-19 08:05:13,924 : INFO : EventManager : Event: ======'mode_game_started'====== Args={'buttons': [], 'hold_time': 0.09399999999732245}
2025-09-19 08:05:13,929 : INFO : EventManager : Event: ======'game_will_start'====== Args={}
2025-09-19 08:05:13,929 : INFO : EventManager : Event: ======'game_starting'====== Args={'game': <Mode.game>}
2025-09-19 08:05:13,931 : INFO : EventManager : Unordered handler for class <Auditor> on event game_ended with priority 1. Handlers: [RegisteredHandler(callback=<bound method Auditor.disable of <Auditor>>, priority=1, kwargs={}, key=UUID('ed2f05f6-df88-43dc-97da-36e0412e2c66'), condition=None, blocking_facility=None), RegisteredHandler(callback=<bound method Auditor._save_audits of <Auditor>>, priority=1, kwargs={}, key=UUID('7576ff87-4cc3-4dec-99f9-98dde9cc4381'), condition=None, blocking_facility=None)]. The order of those handlers is not defined and they will be executed in random order. This might lead to race conditions and potential bugs.
2025-09-19 08:05:13,931 : INFO : EventManager : Event: ======'player_add_request'====== Args={}
2025-09-19 08:05:13,931 : INFO : EventManager : Event: ======'player_will_add'====== Args={'number': 1}
2025-09-19 08:05:13,931 : INFO : EventManager : Event: ======'player_adding'====== Args={'player': <Player 1>, 'number': 1}
2025-09-19 08:05:13,932 : INFO : EventManager : Event: ======'player_added'====== Args={'player': <Player 1>, 'num': 1}
2025-09-19 08:05:13,932 : INFO : Mode.game : Player added successfully. Total players: 1
2025-09-19 08:05:13,932 : INFO : EventManager : Event: ======'player_index'====== Args={'value': 0, 'prev_value': 0, 'change': 0, 'player_num': 1}
2025-09-19 08:05:13,932 : INFO : EventManager : Event: ======'player_number'====== Args={'value': 1, 'prev_value': 1, 'change': 0, 'player_num': 1}
2025-09-19 08:05:13,933 : INFO : EventManager : Event: ======'player_score'====== Args={'value': 0, 'prev_value': 0, 'change': 0, 'player_num': 1}
2025-09-19 08:05:13,933 : INFO : EventManager : Event: ======'game_started'====== Args={}
2025-09-19 08:05:13,940 : INFO : EventManager : Event: ======'player_turn_will_start'====== Args={'player': <Player 1>, 'number': 1}
2025-09-19 08:05:13,940 : INFO : EventManager : Event: ======'player_turn_starting'====== Args={'player': <Player 1>, 'number': 1}
2025-09-19 08:05:13,940 : INFO : EventManager : Event: ======'player_ball'====== Args={'value': 1, 'prev_value': 0, 'change': 1, 'player_num': 1}
2025-09-19 08:05:13,942 : INFO : EventManager : Event: ======'player_turn_started'====== Args={'player': <Player 1>, 'number': 1}
2025-09-19 08:05:13,949 : INFO : EventManager : Event: ======'ball_will_start'====== Args={'player': 1, 'ball': 1, 'balls_remaining': 2, 'is_extra_ball': False}
2025-09-19 08:05:13,952 : INFO : EventManager : Event: ======'ball_starting'====== Args={'player': 1, 'ball': 1, 'balls_remaining': 2, 'is_extra_ball': False}
2025-09-19 08:05:13,953 : INFO : EventManager : Event: ======'mode_base_will_start'====== Args={'queue': <QueuedEvent>, 'player': 1, 'ball': 1, 'balls_remaining': 2, 'is_extra_ball': False}
2025-09-19 08:05:13,954 : INFO : EventManager : Event: ======'mode_base_starting'====== Args={'queue': <QueuedEvent>, 'player': 1, 'ball': 1, 'balls_remaining': 2, 'is_extra_ball': False}
2025-09-19 08:05:13,954 : INFO : drop_target_bank.three_bank : All targets are already up. Will not reset bank.
2025-09-19 08:05:13,954 : INFO : Mode.base : Started. Priority: 100
2025-09-19 08:05:13,954 : INFO : EventManager : Event: ======'modes_active_modes_changed'====== Args={}
2025-09-19 08:05:13,954 : INFO : EventManager : Event: ======'mode_base_started'====== Args={'queue': <QueuedEvent>, 'player': 1, 'ball': 1, 'balls_remaining': 2, 'is_extra_ball': False}
2025-09-19 08:05:13,955 : INFO : EventManager : Event: ======'ball_save_default_enabled'====== Args={}
2025-09-19 08:05:13,956 : INFO : EventManager : Event: ======'balls_in_play'====== Args={'balls': 1}
2025-09-19 08:05:13,956 : INFO : EventManager : Event: ======'ball_started'====== Args={'player': 1, 'ball': 1, 'balls_remaining': 2, 'is_extra_ball': False}
2025-09-19 08:05:13,974 : INFO : EventManager : Event: ======'single_player_ball_started'====== Args={}
2025-09-19 08:05:13,974 : INFO : EventManager : Event: ======'ball_start_target'====== Args={'target': 'playfield'}
2025-09-19 08:05:13,974 : INFO : ball_device.bd_plunger : Setting up player-controlled eject. Balls: 1, Target: <playfield.playfield>, player_controlled_eject_event: None
2025-09-19 08:05:13,974 : INFO : EventManager : Event: ======'balldevice_balls_available'====== Args={}
2025-09-19 08:05:13,975 : INFO : ball_device.bd_trough : State: waiting_for_target_ready
2025-09-19 08:05:13,975 : INFO : EventManager : Event: ======'balldevice_bd_trough_ball_eject_attempt'====== Args={'balls': 1, 'target': <ball_device.bd_plunger>, 'source': <ball_device.bd_trough>, 'mechanical_eject': True, 'num_attempts': 0}
2025-09-19 08:05:13,975 : INFO : ball_device.bd_plunger : State: waiting_for_ball
2025-09-19 08:05:13,975 : INFO : ball_device.bd_trough : State: ejecting
2025-09-19 08:05:13,975 : INFO : ball_device.bd_trough : Ejecting ball to <ball_device.bd_plunger>
2025-09-19 08:05:13,976 : INFO : EventManager : Event: ======'balldevice_bd_trough_ejecting_ball'====== Args={'balls': 1, 'target': <ball_device.bd_plunger>, 'source': <ball_device.bd_trough>, 'mechanical_eject': True, 'num_attempts': 0}
2025-09-19 08:05:13,976 : INFO : ball_device.bd_trough : Wait for ball to leave device
2025-09-19 08:05:13,977 : INFO : coil.c_trough_eject : Pulsing Driver for 20ms (1.0 pulse_power)
2025-09-19 08:05:13,977 : INFO : SwitchController : <<<<<<< 's_trough1' inactive >>>>>>>
2025-09-19 08:05:13,977 : INFO : EventManager : Event: ======'slide_base.slide_player-mode_base_started_created'====== Args={'_from_bcp': True}
2025-09-19 08:05:13,982 : INFO : EventManager : Event: ======'slide_base.slide_player-mode_base_started_active'====== Args={'_from_bcp': True}
2025-09-19 08:05:13,982 : INFO : ball_device.bd_trough : State: ball_left
2025-09-19 08:05:13,982 : INFO : ball_device.bd_trough : Ball left
2025-09-19 08:05:13,982 : INFO : ball_device.bd_trough : Wait for confirm with timeout 3.0
2025-09-19 08:05:14,093 : INFO : SwitchController : <<<<<<< 's_plunger' active >>>>>>>
2025-09-19 08:05:14,093 : INFO : EventManager : Event: ======'machine_var_audits_switches_s_plunger'====== Args={'value': 442, 'prev_value': 441, 'change': 1}
2025-09-19 08:05:14,597 : INFO : ball_device.bd_plunger : Received ball from <ball_device.bd_trough>
2025-09-19 08:05:14,597 : INFO : EventManager : Event: ======'balldevice_bd_plunger_ball_enter'====== Args={'new_balls': 1, 'unclaimed_balls': 0, 'new_available_balls': 0, 'device': <ball_device.bd_plunger>}
2025-09-19 08:05:14,599 : INFO : EventManager : Event: ======'balldevice_bd_plunger_ball_entered'====== Args={'new_balls': 0, 'device': <ball_device.bd_plunger>}
2025-09-19 08:05:14,599 : INFO : EventManager : Event: ======'balldevice_bd_plunger_ball_count_changed'====== Args={'balls': 1}
2025-09-19 08:05:14,599 : INFO : ball_device.bd_trough : Got eject confirm
2025-09-19 08:05:14,599 : INFO : ball_device.bd_trough : Eject successful
2025-09-19 08:05:14,599 : INFO : EventManager : Event: ======'balldevice_bd_trough_ball_eject_success'====== Args={'balls': 1, 'target': <ball_device.bd_plunger>}
2025-09-19 08:05:14,599 : INFO : ball_device.bd_plunger : State: waiting_for_target_ready
2025-09-19 08:05:14,599 : INFO : EventManager : Event: ======'balldevice_bd_plunger_ball_eject_attempt'====== Args={'balls': 1, 'target': <playfield.playfield>, 'source': <ball_device.bd_plunger>, 'mechanical_eject': True, 'num_attempts': 0}
2025-09-19 08:05:14,599 : INFO : EventManager : Event: ======'balldevice_bd_trough_ball_count_changed'====== Args={'balls': 5}
2025-09-19 08:05:14,599 : INFO : ball_device.bd_trough : State: idle
2025-09-19 08:05:14,599 : INFO : ball_device.bd_plunger : State: ejecting
2025-09-19 08:05:14,600 : INFO : ball_device.bd_plunger : Ejecting ball to <playfield.playfield>
2025-09-19 08:05:14,600 : INFO : EventManager : Event: ======'balldevice_bd_plunger_ejecting_ball'====== Args={'balls': 1, 'target': <playfield.playfield>, 'source': <ball_device.bd_plunger>, 'mechanical_eject': True, 'num_attempts': 0}
2025-09-19 08:05:14,600 : INFO : ball_device.bd_plunger : Wait for ball to leave device
2025-09-19 08:05:33,892 : INFO : Machine : Shutting down...
2025-09-19 08:05:33,892 : INFO : EventManager : Event: ======'shutdown'====== Args={}
2025-09-19 08:05:33,894 : INFO : EventManager : Event: ======'mode_game_will_stop'====== Args={}
2025-09-19 08:05:33,894 : INFO : EventManager : Event: ======'mode_game_stopping'====== Args={}
2025-09-19 08:05:33,895 : INFO : EventManager : Event: ======'mode_base_will_stop'====== Args={}
2025-09-19 08:05:33,895 : INFO : EventManager : Event: ======'mode_base_stopping'====== Args={}
2025-09-19 08:05:33,895 : INFO : Mode.base : Stopped.
2025-09-19 08:05:33,895 : INFO : EventManager : Event: ======'modes_active_modes_changed'====== Args={}
2025-09-19 08:05:33,895 : INFO : EventManager : Event: ======'mode_base_stopped'====== Args={}
2025-09-19 08:05:33,895 : INFO : EventManager : Event: ======'clear'====== Args={'key': 'base'}
2025-09-19 08:05:33,896 : INFO : Mode.game : Stopped.
2025-09-19 08:05:33,896 : INFO : EventManager : Event: ======'modes_active_modes_changed'====== Args={}
2025-09-19 08:05:33,896 : INFO : EventManager : Event: ======'mode_game_stopped'====== Args={}
2025-09-19 08:05:33,896 : INFO : EventManager : Event: ======'clear'====== Args={'key': 'game'}
2025-09-19 08:05:33,898 : INFO : root : MPF run loop ended.
