2025-10-22 16:43:33,630 : INFO : root : Loading config.
2025-10-22 16:43:33,635 : INFO : YamlMultifileConfigLoader : Machine config file #1: config.yaml
2025-10-22 16:43:33,636 : INFO : ConfigProcessor : Loading config from cache: C:\Users\sdona\AppData\Local\Temp\19f6d0d7953982fda9d956182316b8e5.mpf_cache
2025-10-22 16:43:33,735 : INFO : ConfigProcessor : Loading config from cache: C:\Users\sdona\AppData\Local\Temp\835b5bfea4be8b279a05e96caaaffbbb.mpf_cache
2025-10-22 16:43:33,735 : INFO : ConfigProcessor : Loading config from cache: C:\Users\sdona\AppData\Local\Temp\9b0a7575388f9d9bd2f6ab87bf9fd2f7.mpf_cache
2025-10-22 16:43:33,736 : WARNING : ConfigProcessor : Config file in cache changed: C:\venv\mpf\mmmdrop\modes\base\config\base.yaml
2025-10-22 16:43:33,736 : INFO : ConfigProcessor : Loading config from file C:\venv\mpf\mmmdrop\modes\base\config\base.yaml.
2025-10-22 16:43:33,749 : INFO : ConfigProcessor : Loading config: C:\venv\mpf\mmmdrop\modes\base\config\base.yaml
2025-10-22 16:43:33,750 : INFO : ConfigProcessor : Config file cache created: C:\Users\sdona\AppData\Local\Temp\c340ec0033d1055cd797ffd5447ef414.mpf_cache
2025-10-22 16:43:33,750 : INFO : ConfigProcessor : Loading config from cache: C:\Users\sdona\AppData\Local\Temp\835b5bfea4be8b279a05e96caaaffbbb.mpf_cache
2025-10-22 16:43:33,752 : WARNING : ConfigProcessor : Config file in cache changed: C:\venv\mpf\mmmdrop\modes\skill_shot\config\skill_shot.yaml
2025-10-22 16:43:33,752 : INFO : ConfigProcessor : Loading config from file C:\venv\mpf\mmmdrop\modes\skill_shot\config\skill_shot.yaml.
2025-10-22 16:43:33,754 : INFO : ConfigProcessor : Loading config: C:\venv\mpf\mmmdrop\modes\skill_shot\config\skill_shot.yaml
2025-10-22 16:43:33,755 : INFO : ConfigProcessor : Config file cache created: C:\Users\sdona\AppData\Local\Temp\8c11a28e3c38d4ad47947b6a126f2ee9.mpf_cache
2025-10-22 16:43:33,756 : INFO : ConfigProcessor : Loading config from cache: C:\Users\sdona\AppData\Local\Temp\e391083cdc9e667060411fe5838e93f2.mpf_cache
2025-10-22 16:43:33,757 : INFO : ConfigProcessor : Loading config from cache: C:\Users\sdona\AppData\Local\Temp\f0c219a993d891ee86dcb7eae47dde67.mpf_cache
2025-10-22 16:43:33,757 : INFO : ConfigProcessor : Loading config from cache: C:\Users\sdona\AppData\Local\Temp\96aa58108928490b129531848cd9b506.mpf_cache
2025-10-22 16:43:33,757 : INFO : ConfigProcessor : Loading config from cache: C:\Users\sdona\AppData\Local\Temp\567636b9d9766e3361204e954a8382da.mpf_cache
2025-10-22 16:43:33,759 : INFO : ConfigProcessor : Loading config from cache: C:\Users\sdona\AppData\Local\Temp\d5ead8dff868c6c4b1faf37537a19bc2.mpf_cache
2025-10-22 16:43:33,760 : INFO : ConfigProcessor : Loading config from cache: C:\Users\sdona\AppData\Local\Temp\112f935d1c2002cb40d3e6e497be9e7c.mpf_cache
2025-10-22 16:43:33,761 : INFO : ConfigProcessor : Loading config from cache: C:\Users\sdona\AppData\Local\Temp\aba0711976820dea629bb4c00b006efc.mpf_cache
2025-10-22 16:43:33,761 : INFO : ConfigProcessor : Loading config from cache: C:\Users\sdona\AppData\Local\Temp\de8ed6c6d4c48d1b5b054ff74222cb35.mpf_cache
2025-10-22 16:43:33,762 : INFO : ConfigProcessor : Loading config from cache: C:\Users\sdona\AppData\Local\Temp\e6b55d6a1c06b0dd6369c964181bf8d3.mpf_cache
2025-10-22 16:43:33,764 : INFO : ConfigProcessor : Loading config from cache: C:\Users\sdona\AppData\Local\Temp\4e6dd3b0a361d042ad5ab93a8cc8b437.mpf_cache
2025-10-22 16:43:33,764 : INFO : ConfigProcessor : Loading config from cache: C:\Users\sdona\AppData\Local\Temp\e97c871403fe82070ff249d62d7cfe22.mpf_cache
2025-10-22 16:43:33,765 : INFO : ConfigProcessor : Loading config from cache: C:\Users\sdona\AppData\Local\Temp\64b6da5876f56fc970400d85dfe882ec.mpf_cache
2025-10-22 16:43:33,766 : INFO : ConfigProcessor : Loading config from cache: C:\Users\sdona\AppData\Local\Temp\bed2bac5ea254e8ca98f6dd45e865fd8.mpf_cache
2025-10-22 16:43:33,766 : INFO : ConfigProcessor : Loading config from cache: C:\Users\sdona\AppData\Local\Temp\48e8797b77339ec89f8005d20046fbbb.mpf_cache
2025-10-22 16:43:33,767 : INFO : ConfigProcessor : Loading config from cache: C:\Users\sdona\AppData\Local\Temp\b0b8ed4dbd306ac2f063788d81ec6bc4.mpf_cache
2025-10-22 16:43:33,767 : INFO : ConfigProcessor : Loading config from cache: C:\Users\sdona\AppData\Local\Temp\e134e8f85ba8fa9c3d7f1500ca292437.mpf_cache
2025-10-22 16:43:33,767 : INFO : ConfigProcessor : Loading config from cache: C:\Users\sdona\AppData\Local\Temp\b24b6909ee6e0520126bbce60d1ed210.mpf_cache
2025-10-22 16:43:33,769 : INFO : ConfigProcessor : Loading config from cache: C:\Users\sdona\AppData\Local\Temp\cba807ea4a81180f6dd01afffacec8ed.mpf_cache
2025-10-22 16:43:33,770 : INFO : ConfigProcessor : Loading config from cache: C:\Users\sdona\AppData\Local\Temp\f4dd4d2b5212b72c6e9e67ac9e704e63.mpf_cache
2025-10-22 16:43:33,770 : INFO : ConfigProcessor : Loading config from cache: C:\Users\sdona\AppData\Local\Temp\b47d9bb1214e11383bf30352af24a7d5.mpf_cache
2025-10-22 16:43:33,771 : INFO : ConfigProcessor : Loading config from cache: C:\Users\sdona\AppData\Local\Temp\23d7d59c131357e53b11dbd4a18e6a94.mpf_cache
2025-10-22 16:43:33,771 : INFO : ConfigProcessor : Loading config from cache: C:\Users\sdona\AppData\Local\Temp\989ee664052248e9552213e43037a565.mpf_cache
2025-10-22 16:43:33,772 : INFO : ConfigProcessor : Loading config from cache: C:\Users\sdona\AppData\Local\Temp\428bc1fa3c6dcaec1d63d9276cdb6405.mpf_cache
2025-10-22 16:43:33,772 : INFO : ConfigProcessor : Loading config from cache: C:\Users\sdona\AppData\Local\Temp\c25e7c71bc90546538d4e68911be6658.mpf_cache
2025-10-22 16:43:33,773 : INFO : ConfigProcessor : Loading config from cache: C:\Users\sdona\AppData\Local\Temp\b7a51086f1e3c926b3977a0d025a1faa.mpf_cache
2025-10-22 16:43:33,773 : INFO : ConfigProcessor : Loading config from cache: C:\Users\sdona\AppData\Local\Temp\479eb3ca656e084fa2e092204a5b8039.mpf_cache
2025-10-22 16:43:33,774 : INFO : ConfigProcessor : Loading config from cache: C:\Users\sdona\AppData\Local\Temp\bdb81eccbf19551abd8bea5fafeca7c0.mpf_cache
2025-10-22 16:43:33,775 : INFO : ConfigProcessor : Loading config from cache: C:\Users\sdona\AppData\Local\Temp\8f065719b93e886777277178babee650.mpf_cache
2025-10-22 16:43:33,775 : INFO : ConfigProcessor : Loading config from cache: C:\Users\sdona\AppData\Local\Temp\7fef0463a0df344c3146c845257ec616.mpf_cache
2025-10-22 16:43:33,776 : INFO : ConfigProcessor : Loading config from cache: C:\Users\sdona\AppData\Local\Temp\a4f333ad36a077996c49298642b6bdcf.mpf_cache
2025-10-22 16:43:33,776 : INFO : ConfigProcessor : Loading config from cache: C:\Users\sdona\AppData\Local\Temp\e8d69d74f27089cda2650299e9916804.mpf_cache
2025-10-22 16:43:33,777 : INFO : ConfigProcessor : Loading config from cache: C:\Users\sdona\AppData\Local\Temp\05530f35bd950f18d27d3fd571d96823.mpf_cache
2025-10-22 16:43:33,778 : INFO : ConfigProcessor : Loading config from cache: C:\Users\sdona\AppData\Local\Temp\fc1e3f85304c911eb844eb65d36e61be.mpf_cache
2025-10-22 16:43:33,778 : INFO : ConfigProcessor : Loading config from cache: C:\Users\sdona\AppData\Local\Temp\53223d3922288729ee504c1b2a98bb55.mpf_cache
2025-10-22 16:43:33,779 : INFO : ConfigProcessor : Loading config from cache: C:\Users\sdona\AppData\Local\Temp\8d20136ddb274338050d1d1ccc1a5e4f.mpf_cache
2025-10-22 16:43:33,779 : INFO : ConfigProcessor : Loading config from cache: C:\Users\sdona\AppData\Local\Temp\1254d50720d6d5d0da0e84e29cdbaa7a.mpf_cache
2025-10-22 16:43:33,780 : INFO : ConfigProcessor : Loading config from cache: C:\Users\sdona\AppData\Local\Temp\1a7ae31e9f779b1261e3d1eee1831b27.mpf_cache
2025-10-22 16:43:33,780 : INFO : ConfigProcessor : Loading config from cache: C:\Users\sdona\AppData\Local\Temp\8e3ea42c38f2105e0d9462648474c540.mpf_cache
2025-10-22 16:43:33,781 : INFO : ConfigProcessor : Loading config from cache: C:\Users\sdona\AppData\Local\Temp\a61b86d39bcc5a5ea0a5885549542355.mpf_cache
2025-10-22 16:43:33,782 : INFO : Machine : Mission Pinball Framework Core Engine v0.80.0.dev9
2025-10-22 16:43:33,782 : INFO : Machine : Command line arguments: {'no_load_cache': False, 'create_config_cache': True, 'bcp': True, 'configfile': ['config.yaml'], 'force_assets_load': False, 'platform_integration_test': False, 'jsonlogging': False, 'logfile': 'logs\\2025-10-22-16-43-33-mpf-PinballLaptop.log', 'pause': False, 'production': False, 'text_ui': True, 'loglevel': 15, 'consoleloglevel': 20, 'force_platform': 'smart_virtual', 'syslog_address': None, 'full_logfile_path': 'C:\\venv\\mpf\\mmmdrop\\logs\\2025-10-22-16-43-33-mpf-PinballLaptop.log'}
2025-10-22 16:43:33,782 : INFO : Machine : MPF path: c:\venv\mpf\lib\site-packages\mpf
2025-10-22 16:43:33,782 : INFO : Machine : Machine path: C:\venv\mpf\mmmdrop
2025-10-22 16:43:33,782 : INFO : Machine : Platform: win32
2025-10-22 16:43:33,782 : INFO : Machine : Python executable location: c:\venv\mpf\Scripts\python.exe
2025-10-22 16:43:33,782 : INFO : Machine : Python version: 3.9.13 (64-bit)
2025-10-22 16:43:33,784 : INFO : Machine : Initializing MPF...
2025-10-22 16:43:33,987 : INFO : EventManager : Event: ======'machine_var_credits_string'====== Args={'value': 'FREE PLAY', 'prev_value': None, 'change': True}
2025-10-22 16:43:34,027 : INFO : EventManager : Event: ======'machine_var_fast_audio_headphones_volume'====== Args={'value': 10, 'prev_value': None, 'change': True}
2025-10-22 16:43:34,027 : INFO : EventManager : Event: ======'machine_var_fast_audio_main_volume'====== Args={'value': 44, 'prev_value': None, 'change': True}
2025-10-22 16:43:34,027 : INFO : EventManager : Event: ======'machine_var_master_volume'====== Args={'value': 0.55, 'prev_value': None, 'change': True}
2025-10-22 16:43:34,027 : INFO : EventManager : Event: ======'machine_var_player1_score'====== Args={'value': 25030460, 'prev_value': None, 'change': True}
2025-10-22 16:43:34,027 : INFO : EventManager : Event: ======'machine_var_game_just_played'====== Args={'value': 0, 'prev_value': None, 'change': True}
2025-10-22 16:43:34,027 : INFO : EventManager : Event: ======'machine_var_mpf_version'====== Args={'value': 'Mission Pinball Framework v0.80.0.dev9', 'prev_value': None, 'change': True}
2025-10-22 16:43:34,027 : INFO : EventManager : Event: ======'machine_var_mpf_extended_version'====== Args={'value': 'Mission Pinball Framework v0.80.0.dev9, Config version:6, Show version: 6, BCP version:1.1', 'prev_value': None, 'change': True}
2025-10-22 16:43:34,027 : INFO : EventManager : Event: ======'machine_var_python_version'====== Args={'value': '3.9.13', 'prev_value': None, 'change': True}
2025-10-22 16:43:34,075 : INFO : EventManager : Event: ======'machine_var_platform'====== Args={'value': 'Windows-10-10.0.26100-SP0', 'prev_value': None, 'change': True}
2025-10-22 16:43:34,076 : INFO : EventManager : Event: ======'machine_var_platform_system'====== Args={'value': 'Windows', 'prev_value': None, 'change': True}
2025-10-22 16:43:34,076 : INFO : EventManager : Event: ======'machine_var_platform_release'====== Args={'value': '10', 'prev_value': None, 'change': True}
2025-10-22 16:43:34,076 : INFO : EventManager : Event: ======'machine_var_platform_version'====== Args={'value': '10.0.26100', 'prev_value': None, 'change': True}
2025-10-22 16:43:34,076 : INFO : EventManager : Event: ======'machine_var_platform_machine'====== Args={'value': 'AMD64', 'prev_value': None, 'change': True}
2025-10-22 16:43:34,076 : INFO : EventManager : Event: ======'machine_var_log_file_path'====== Args={'value': 'C:\\venv\\mpf\\mmmdrop\\logs\\2025-10-22-16-43-33-mpf-PinballLaptop.log', 'prev_value': None, 'change': True}
2025-10-22 16:43:34,076 : INFO : EventManager : Event: ======'init_phase_1'====== Args={}
2025-10-22 16:43:34,129 : INFO : EventManager : Event: ======'drop_target_bank_three_bank_up'====== Args={}
2025-10-22 16:43:34,129 : INFO : EventManager : Event: ======'init_phase_2'====== Args={}
2025-10-22 16:43:34,130 : INFO : SwitchController : Found active switch: ('3208-0', <Platform.SmartVirtual>) <switch.s_trough1>
2025-10-22 16:43:34,130 : INFO : SwitchController : Found active switch: ('3208-1', <Platform.SmartVirtual>) <switch.s_trough2>
2025-10-22 16:43:34,130 : INFO : SwitchController : Found active switch: ('3208-2', <Platform.SmartVirtual>) <switch.s_trough3>
2025-10-22 16:43:34,130 : INFO : SwitchController : Found active switch: ('3208-3', <Platform.SmartVirtual>) <switch.s_trough4>
2025-10-22 16:43:34,130 : INFO : SwitchController : Found active switch: ('3208-4', <Platform.SmartVirtual>) <switch.s_trough5>
2025-10-22 16:43:34,130 : INFO : SwitchController : Found active switch: ('3208-5', <Platform.SmartVirtual>) <switch.s_trough6>
2025-10-22 16:43:34,146 : INFO : EventManager : Event: ======'bcp_connection_attempt'====== Args={'name': 'local_display', 'host': 'localhost', 'port': 5050}
2025-10-22 16:43:34,149 : INFO : BCPClientSocket : Connecting BCP to 'local_display' at localhost:5050...
2025-10-22 16:43:41,426 : INFO : BCPClientSocket : Connected BCP to 'local_display' localhost:5050
2025-10-22 16:43:41,427 : INFO : EventManager : Event: ======'bcp_clients_connected'====== Args={}
2025-10-22 16:43:41,567 : INFO : ball_device.bd_trough : BCH: Initial count: 6
2025-10-22 16:43:41,568 : INFO : ball_device.bd_trough : State: idle
2025-10-22 16:43:41,568 : INFO : ball_device.bd_plunger : BCH: Initial count: 0
2025-10-22 16:43:41,568 : INFO : ball_device.bd_plunger : State: idle
2025-10-22 16:43:41,570 : INFO : ball_device.bd_scoop : BCH: Initial count: 0
2025-10-22 16:43:41,570 : INFO : ball_device.bd_scoop : State: idle
2025-10-22 16:43:41,591 : INFO : EventManager : Event: ======'init_phase_3'====== Args={}
2025-10-22 16:43:41,610 : INFO : EventManager : Event: ======'init_phase_4'====== Args={}
2025-10-22 16:43:41,610 : INFO : BallController : Initial balls found: 6
2025-10-22 16:43:41,612 : INFO : EventManager : Event: ======'machine_var_audits_events_game_ended'====== Args={'value': 58, 'prev_value': None, 'change': True}
2025-10-22 16:43:41,612 : INFO : EventManager : Event: ======'machine_var_audits_events_game_started'====== Args={'value': 457, 'prev_value': None, 'change': True}
2025-10-22 16:43:41,612 : INFO : EventManager : Event: ======'machine_var_audits_missing_switches_s_captive_ball'====== Args={'value': 4, 'prev_value': None, 'change': True}
2025-10-22 16:43:41,612 : INFO : EventManager : Event: ======'machine_var_audits_missing_switches_s_center_upper_pop'====== Args={'value': 41, 'prev_value': None, 'change': True}
2025-10-22 16:43:41,612 : INFO : EventManager : Event: ======'machine_var_audits_missing_switches_s_inner_orbit'====== Args={'value': 2, 'prev_value': None, 'change': True}
2025-10-22 16:43:41,613 : INFO : EventManager : Event: ======'machine_var_audits_missing_switches_s_left_flipper'====== Args={'value': 7, 'prev_value': None, 'change': True}
2025-10-22 16:43:41,613 : INFO : EventManager : Event: ======'machine_var_audits_missing_switches_s_left_inlane'====== Args={'value': 113, 'prev_value': None, 'change': True}
2025-10-22 16:43:41,613 : INFO : EventManager : Event: ======'machine_var_audits_missing_switches_s_left_orbit'====== Args={'value': 3, 'prev_value': None, 'change': True}
2025-10-22 16:43:41,613 : INFO : EventManager : Event: ======'machine_var_audits_missing_switches_s_left_outlane'====== Args={'value': 201, 'prev_value': None, 'change': True}
2025-10-22 16:43:41,613 : INFO : EventManager : Event: ======'machine_var_audits_missing_switches_s_left_ramp'====== Args={'value': 3, 'prev_value': None, 'change': True}
2025-10-22 16:43:41,613 : INFO : EventManager : Event: ======'machine_var_audits_missing_switches_s_left_slingshot'====== Args={'value': 383, 'prev_value': None, 'change': True}
2025-10-22 16:43:41,613 : INFO : EventManager : Event: ======'machine_var_audits_missing_switches_s_left_upper_pop'====== Args={'value': 41, 'prev_value': None, 'change': True}
2025-10-22 16:43:41,613 : INFO : EventManager : Event: ======'machine_var_audits_missing_switches_s_pop_standup'====== Args={'value': 3, 'prev_value': None, 'change': True}
2025-10-22 16:43:41,613 : INFO : EventManager : Event: ======'machine_var_audits_missing_switches_s_right_inlane'====== Args={'value': 113, 'prev_value': None, 'change': True}
2025-10-22 16:43:41,613 : INFO : EventManager : Event: ======'machine_var_audits_missing_switches_s_right_lower_pop'====== Args={'value': 4, 'prev_value': None, 'change': True}
2025-10-22 16:43:41,613 : INFO : EventManager : Event: ======'machine_var_audits_missing_switches_s_right_orbit'====== Args={'value': 3, 'prev_value': None, 'change': True}
2025-10-22 16:43:41,614 : INFO : EventManager : Event: ======'machine_var_audits_missing_switches_s_right_outlane'====== Args={'value': 268, 'prev_value': None, 'change': True}
2025-10-22 16:43:41,614 : INFO : EventManager : Event: ======'machine_var_audits_missing_switches_s_right_ramp'====== Args={'value': 3, 'prev_value': None, 'change': True}
2025-10-22 16:43:41,614 : INFO : EventManager : Event: ======'machine_var_audits_missing_switches_s_right_slingshot'====== Args={'value': 233, 'prev_value': None, 'change': True}
2025-10-22 16:43:41,614 : INFO : EventManager : Event: ======'machine_var_audits_missing_switches_s_scoop'====== Args={'value': 2, 'prev_value': None, 'change': True}
2025-10-22 16:43:41,614 : INFO : EventManager : Event: ======'machine_var_audits_missing_switches_s_service_down'====== Args={'value': 102, 'prev_value': None, 'change': True}
2025-10-22 16:43:41,614 : INFO : EventManager : Event: ======'machine_var_audits_missing_switches_s_service_enter'====== Args={'value': 102, 'prev_value': None, 'change': True}
2025-10-22 16:43:41,614 : INFO : EventManager : Event: ======'machine_var_audits_missing_switches_s_service_esc'====== Args={'value': 102, 'prev_value': None, 'change': True}
2025-10-22 16:43:41,614 : INFO : EventManager : Event: ======'machine_var_audits_missing_switches_s_service_up'====== Args={'value': 75, 'prev_value': None, 'change': True}
2025-10-22 16:43:41,615 : INFO : EventManager : Event: ======'machine_var_audits_missing_switches_s_spinner'====== Args={'value': 17, 'prev_value': None, 'change': True}
2025-10-22 16:43:41,615 : INFO : EventManager : Event: ======'machine_var_audits_missing_switches_s_start'====== Args={'value': 41, 'prev_value': None, 'change': True}
2025-10-22 16:43:41,615 : INFO : EventManager : Event: ======'machine_var_audits_missing_switches_s_three_bank_bottom'====== Args={'value': 3, 'prev_value': None, 'change': True}
2025-10-22 16:43:41,615 : INFO : EventManager : Event: ======'machine_var_audits_missing_switches_s_three_bank_middle'====== Args={'value': 3, 'prev_value': None, 'change': True}
2025-10-22 16:43:41,615 : INFO : EventManager : Event: ======'machine_var_audits_missing_switches_s_three_bank_standup'====== Args={'value': 4, 'prev_value': None, 'change': True}
2025-10-22 16:43:41,615 : INFO : EventManager : Event: ======'machine_var_audits_missing_switches_s_three_bank_top'====== Args={'value': 3, 'prev_value': None, 'change': True}
2025-10-22 16:43:41,615 : INFO : EventManager : Event: ======'machine_var_audits_missing_switches_s_tilt_bob'====== Args={'value': 20, 'prev_value': None, 'change': True}
2025-10-22 16:43:41,615 : INFO : EventManager : Event: ======'machine_var_audits_missing_switches_s_top_right_flipper'====== Args={'value': 383, 'prev_value': None, 'change': True}
2025-10-22 16:43:41,615 : INFO : EventManager : Event: ======'machine_var_audits_missing_switches_s_trough1'====== Args={'value': 2, 'prev_value': None, 'change': True}
2025-10-22 16:43:41,616 : INFO : EventManager : Event: ======'machine_var_audits_missing_switches_s_trough2'====== Args={'value': 6, 'prev_value': None, 'change': True}
2025-10-22 16:43:41,616 : INFO : EventManager : Event: ======'machine_var_audits_missing_switches_s_trough3'====== Args={'value': 6, 'prev_value': None, 'change': True}
2025-10-22 16:43:41,616 : INFO : EventManager : Event: ======'machine_var_audits_missing_switches_s_trough4'====== Args={'value': 382, 'prev_value': None, 'change': True}
2025-10-22 16:43:41,616 : INFO : EventManager : Event: ======'machine_var_audits_missing_switches_s_trough5'====== Args={'value': 382, 'prev_value': None, 'change': True}
2025-10-22 16:43:41,616 : INFO : EventManager : Event: ======'machine_var_audits_missing_switches_s_trough6'====== Args={'value': 232, 'prev_value': None, 'change': True}
2025-10-22 16:43:41,616 : INFO : EventManager : Event: ======'machine_var_audits_missing_switches_s_trough_jam'====== Args={'value': 383, 'prev_value': None, 'change': True}
2025-10-22 16:43:41,616 : INFO : EventManager : Event: ======'machine_var_audits_missing_switches_s_tshirt_bottom_standup'====== Args={'value': 4, 'prev_value': None, 'change': True}
2025-10-22 16:43:41,616 : INFO : EventManager : Event: ======'machine_var_audits_missing_switches_s_tshirt_top_standup'====== Args={'value': 4, 'prev_value': None, 'change': True}
2025-10-22 16:43:41,617 : INFO : EventManager : Event: ======'machine_var_audits_missing_switches_s_upper_pop_standup'====== Args={'value': 4, 'prev_value': None, 'change': True}
2025-10-22 16:43:41,617 : INFO : EventManager : Event: ======'machine_var_audits_missing_switches_service_esc'====== Args={'value': 1, 'prev_value': None, 'change': True}
2025-10-22 16:43:41,617 : INFO : EventManager : Event: ======'machine_var_audits_player_score'====== Args={'value': {'average': 9078492, 'top': [147275560, 142237180, 85092890, 38155360, 32035610, 25030460, 6038970, 6022290, 6019980, 6019980], 'total': 62}, 'prev_value': None, 'change': True}
2025-10-22 16:43:41,617 : INFO : EventManager : Event: ======'machine_var_audits_shots_bottom_drop'====== Args={'value': 29, 'prev_value': None, 'change': True}
2025-10-22 16:43:41,617 : INFO : EventManager : Event: ======'machine_var_audits_shots_captive_ball'====== Args={'value': 7, 'prev_value': None, 'change': True}
2025-10-22 16:43:41,617 : INFO : EventManager : Event: ======'machine_var_audits_shots_inner_loop'====== Args={'value': 4, 'prev_value': None, 'change': True}
2025-10-22 16:43:41,618 : INFO : EventManager : Event: ======'machine_var_audits_shots_inner_loop_backdoor'====== Args={'value': 1, 'prev_value': None, 'change': True}
2025-10-22 16:43:41,618 : INFO : EventManager : Event: ======'machine_var_audits_shots_left_orbit'====== Args={'value': 10, 'prev_value': None, 'change': True}
2025-10-22 16:43:41,618 : INFO : EventManager : Event: ======'machine_var_audits_shots_left_ramp'====== Args={'value': 23, 'prev_value': None, 'change': True}
2025-10-22 16:43:41,618 : INFO : EventManager : Event: ======'machine_var_audits_shots_middle_drop'====== Args={'value': 22, 'prev_value': None, 'change': True}
2025-10-22 16:43:41,618 : INFO : EventManager : Event: ======'machine_var_audits_shots_pop3'====== Args={'value': 37, 'prev_value': None, 'change': True}
2025-10-22 16:43:41,618 : INFO : EventManager : Event: ======'machine_var_audits_shots_pop_standup'====== Args={'value': 26, 'prev_value': None, 'change': True}
2025-10-22 16:43:41,619 : INFO : EventManager : Event: ======'machine_var_audits_shots_right_orbit'====== Args={'value': 11, 'prev_value': None, 'change': True}
2025-10-22 16:43:41,619 : INFO : EventManager : Event: ======'machine_var_audits_shots_right_ramp'====== Args={'value': 22, 'prev_value': None, 'change': True}
2025-10-22 16:43:41,619 : INFO : EventManager : Event: ======'machine_var_audits_shots_scoop'====== Args={'value': 26, 'prev_value': None, 'change': True}
2025-10-22 16:43:41,619 : INFO : EventManager : Event: ======'machine_var_audits_shots_skill_captive'====== Args={'value': 16, 'prev_value': None, 'change': True}
2025-10-22 16:43:41,619 : INFO : EventManager : Event: ======'machine_var_audits_shots_skill_drop_targets'====== Args={'value': 240, 'prev_value': None, 'change': True}
2025-10-22 16:43:41,619 : INFO : EventManager : Event: ======'machine_var_audits_shots_skill_side_targets'====== Args={'value': 27, 'prev_value': None, 'change': True}
2025-10-22 16:43:41,620 : INFO : EventManager : Event: ======'machine_var_audits_shots_skillshot_drop_targets'====== Args={'value': 37, 'prev_value': None, 'change': True}
2025-10-22 16:43:41,620 : INFO : EventManager : Event: ======'machine_var_audits_shots_skillshot_hideout_plunge'====== Args={'value': 1, 'prev_value': None, 'change': True}
2025-10-22 16:43:41,620 : INFO : EventManager : Event: ======'machine_var_audits_shots_skillshot_side_targets'====== Args={'value': 5, 'prev_value': None, 'change': True}
2025-10-22 16:43:41,620 : INFO : EventManager : Event: ======'machine_var_audits_shots_spinner'====== Args={'value': 40, 'prev_value': None, 'change': True}
2025-10-22 16:43:41,620 : INFO : EventManager : Event: ======'machine_var_audits_shots_three_bank_standup'====== Args={'value': 15, 'prev_value': None, 'change': True}
2025-10-22 16:43:41,620 : INFO : EventManager : Event: ======'machine_var_audits_shots_top_drop'====== Args={'value': 30, 'prev_value': None, 'change': True}
2025-10-22 16:43:41,620 : INFO : EventManager : Event: ======'machine_var_audits_shots_tshirt_bottom_standup'====== Args={'value': 1, 'prev_value': None, 'change': True}
2025-10-22 16:43:41,620 : INFO : EventManager : Event: ======'machine_var_audits_shots_tshirt_top_standup'====== Args={'value': 3, 'prev_value': None, 'change': True}
2025-10-22 16:43:41,621 : INFO : EventManager : Event: ======'machine_var_audits_shots_upper_pop_standup'====== Args={'value': 7, 'prev_value': None, 'change': True}
2025-10-22 16:43:41,621 : INFO : EventManager : Event: ======'machine_var_audits_switches_s_captive_ball'====== Args={'value': 199, 'prev_value': None, 'change': True}
2025-10-22 16:43:41,621 : INFO : EventManager : Event: ======'machine_var_audits_switches_s_center_upper_pop'====== Args={'value': 220, 'prev_value': None, 'change': True}
2025-10-22 16:43:41,622 : INFO : EventManager : Event: ======'machine_var_audits_switches_s_inner_orbit'====== Args={'value': 8, 'prev_value': None, 'change': True}
2025-10-22 16:43:41,622 : INFO : EventManager : Event: ======'machine_var_audits_switches_s_left_flipper'====== Args={'value': 1290, 'prev_value': None, 'change': True}
2025-10-22 16:43:41,622 : INFO : EventManager : Event: ======'machine_var_audits_switches_s_left_inlane'====== Args={'value': 111, 'prev_value': None, 'change': True}
2025-10-22 16:43:41,622 : INFO : EventManager : Event: ======'machine_var_audits_switches_s_left_orbit'====== Args={'value': 92, 'prev_value': None, 'change': True}
2025-10-22 16:43:41,622 : INFO : EventManager : Event: ======'machine_var_audits_switches_s_left_outlane'====== Args={'value': 56, 'prev_value': None, 'change': True}
2025-10-22 16:43:41,622 : INFO : EventManager : Event: ======'machine_var_audits_switches_s_left_ramp'====== Args={'value': 157, 'prev_value': None, 'change': True}
2025-10-22 16:43:41,623 : INFO : EventManager : Event: ======'machine_var_audits_switches_s_left_slingshot'====== Args={'value': 259, 'prev_value': None, 'change': True}
2025-10-22 16:43:41,623 : INFO : EventManager : Event: ======'machine_var_audits_switches_s_left_upper_pop'====== Args={'value': 161, 'prev_value': None, 'change': True}
2025-10-22 16:43:41,623 : INFO : EventManager : Event: ======'machine_var_audits_switches_s_plunger'====== Args={'value': 1228, 'prev_value': None, 'change': True}
2025-10-22 16:43:41,623 : INFO : EventManager : Event: ======'machine_var_audits_switches_s_pop_standup'====== Args={'value': 147, 'prev_value': None, 'change': True}
2025-10-22 16:43:41,623 : INFO : EventManager : Event: ======'machine_var_audits_switches_s_right_flipper'====== Args={'value': 1699, 'prev_value': None, 'change': True}
2025-10-22 16:43:41,623 : INFO : EventManager : Event: ======'machine_var_audits_switches_s_right_inlane'====== Args={'value': 107, 'prev_value': None, 'change': True}
2025-10-22 16:43:41,624 : INFO : EventManager : Event: ======'machine_var_audits_switches_s_right_lower_pop'====== Args={'value': 785, 'prev_value': None, 'change': True}
2025-10-22 16:43:41,624 : INFO : EventManager : Event: ======'machine_var_audits_switches_s_right_orbit'====== Args={'value': 99, 'prev_value': None, 'change': True}
2025-10-22 16:43:41,624 : INFO : EventManager : Event: ======'machine_var_audits_switches_s_right_outlane'====== Args={'value': 53, 'prev_value': None, 'change': True}
2025-10-22 16:43:41,624 : INFO : EventManager : Event: ======'machine_var_audits_switches_s_right_ramp'====== Args={'value': 170, 'prev_value': None, 'change': True}
2025-10-22 16:43:41,624 : INFO : EventManager : Event: ======'machine_var_audits_switches_s_right_slingshot'====== Args={'value': 366, 'prev_value': None, 'change': True}
2025-10-22 16:43:41,624 : INFO : EventManager : Event: ======'machine_var_audits_switches_s_scoop'====== Args={'value': 369, 'prev_value': None, 'change': True}
2025-10-22 16:43:41,625 : INFO : EventManager : Event: ======'machine_var_audits_switches_s_service_down'====== Args={'value': 0, 'prev_value': None, 'change': True}
2025-10-22 16:43:41,625 : INFO : EventManager : Event: ======'machine_var_audits_switches_s_service_enter'====== Args={'value': 0, 'prev_value': None, 'change': True}
2025-10-22 16:43:41,625 : INFO : EventManager : Event: ======'machine_var_audits_switches_s_service_esc'====== Args={'value': 0, 'prev_value': None, 'change': True}
2025-10-22 16:43:41,625 : INFO : EventManager : Event: ======'machine_var_audits_switches_s_service_up'====== Args={'value': 1, 'prev_value': None, 'change': True}
2025-10-22 16:43:41,625 : INFO : EventManager : Event: ======'machine_var_audits_switches_s_spinner'====== Args={'value': 2098, 'prev_value': None, 'change': True}
2025-10-22 16:43:41,626 : INFO : EventManager : Event: ======'machine_var_audits_switches_s_start'====== Args={'value': 67, 'prev_value': None, 'change': True}
2025-10-22 16:43:41,626 : INFO : EventManager : Event: ======'machine_var_audits_switches_s_three_bank_bottom'====== Args={'value': 522, 'prev_value': None, 'change': True}
2025-10-22 16:43:41,626 : INFO : EventManager : Event: ======'machine_var_audits_switches_s_three_bank_middle'====== Args={'value': 554, 'prev_value': None, 'change': True}
2025-10-22 16:43:41,626 : INFO : EventManager : Event: ======'machine_var_audits_switches_s_three_bank_standup'====== Args={'value': 256, 'prev_value': None, 'change': True}
2025-10-22 16:43:41,626 : INFO : EventManager : Event: ======'machine_var_audits_switches_s_three_bank_top'====== Args={'value': 568, 'prev_value': None, 'change': True}
2025-10-22 16:43:41,626 : INFO : EventManager : Event: ======'machine_var_audits_switches_s_tilt_bob'====== Args={'value': 51, 'prev_value': None, 'change': True}
2025-10-22 16:43:41,627 : INFO : EventManager : Event: ======'machine_var_audits_switches_s_top_right_flipper'====== Args={'value': 1294, 'prev_value': None, 'change': True}
2025-10-22 16:43:41,627 : INFO : EventManager : Event: ======'machine_var_audits_switches_s_trough1'====== Args={'value': 393, 'prev_value': None, 'change': True}
2025-10-22 16:43:41,628 : INFO : EventManager : Event: ======'machine_var_audits_switches_s_trough2'====== Args={'value': 315, 'prev_value': None, 'change': True}
2025-10-22 16:43:41,628 : INFO : EventManager : Event: ======'machine_var_audits_switches_s_trough3'====== Args={'value': 243, 'prev_value': None, 'change': True}
2025-10-22 16:43:41,628 : INFO : EventManager : Event: ======'machine_var_audits_switches_s_trough4'====== Args={'value': 160, 'prev_value': None, 'change': True}
2025-10-22 16:43:41,628 : INFO : EventManager : Event: ======'machine_var_audits_switches_s_trough5'====== Args={'value': 160, 'prev_value': None, 'change': True}
2025-10-22 16:43:41,628 : INFO : EventManager : Event: ======'machine_var_audits_switches_s_trough6'====== Args={'value': 161, 'prev_value': None, 'change': True}
2025-10-22 16:43:41,628 : INFO : EventManager : Event: ======'machine_var_audits_switches_s_trough_jam'====== Args={'value': 206, 'prev_value': None, 'change': True}
2025-10-22 16:43:41,628 : INFO : EventManager : Event: ======'machine_var_audits_switches_s_tshirt_bottom_standup'====== Args={'value': 41, 'prev_value': None, 'change': True}
2025-10-22 16:43:41,628 : INFO : EventManager : Event: ======'machine_var_audits_switches_s_tshirt_top_standup'====== Args={'value': 70, 'prev_value': None, 'change': True}
2025-10-22 16:43:41,628 : INFO : EventManager : Event: ======'machine_var_audits_switches_s_upper_pop_standup'====== Args={'value': 181, 'prev_value': None, 'change': True}
2025-10-22 16:43:41,628 : INFO : EventManager : Event: ======'machine_var_audits_switches_service_down'====== Args={'value': 1, 'prev_value': None, 'change': True}
2025-10-22 16:43:41,628 : INFO : EventManager : Event: ======'machine_var_audits_switches_service_enter'====== Args={'value': 2, 'prev_value': None, 'change': True}
2025-10-22 16:43:41,628 : INFO : EventManager : Event: ======'machine_var_audits_switches_service_esc'====== Args={'value': 0, 'prev_value': None, 'change': True}
2025-10-22 16:43:41,630 : INFO : EventManager : Event: ======'machine_var_audits_switches_service_up'====== Args={'value': 2, 'prev_value': None, 'change': True}
2025-10-22 16:43:41,630 : INFO : EventManager : Event: ======'init_phase_5'====== Args={}
2025-10-22 16:43:41,691 : INFO : EventManager : Event: ======'init_done'====== Args={}
2025-10-22 16:43:41,692 : INFO : EventManager : Event: ======'machine_reset_phase_1'====== Args={}
2025-10-22 16:43:41,703 : INFO : EventManager : Event: ======'machine_reset_phase_2'====== Args={}
2025-10-22 16:43:41,704 : INFO : EventManager : Event: ======'game_just_played'====== Args={'priority': 0, 'action': 'set_machine', 'int': 0}
2025-10-22 16:43:41,704 : INFO : EventManager : Event: ======'machine_reset_phase_3'====== Args={}
2025-10-22 16:43:41,704 : INFO : EventManager : Event: ======'mode_tilt_will_start'====== Args={'queue': <QueuedEvent>}
2025-10-22 16:43:41,706 : INFO : EventManager : Event: ======'mode_tilt_starting'====== Args={'queue': <QueuedEvent>}
2025-10-22 16:43:41,706 : INFO : drop_target_bank.three_bank : All targets are already up. Will not reset bank.
2025-10-22 16:43:41,707 : INFO : Mode.tilt : Started. Priority: 1000000
2025-10-22 16:43:41,707 : INFO : EventManager : Event: ======'modes_active_modes_changed'====== Args={}
2025-10-22 16:43:41,707 : INFO : EventManager : Event: ======'mode_tilt_started'====== Args={'queue': <QueuedEvent>}
2025-10-22 16:43:41,707 : INFO : EventManager : Event: ======'reset_complete'====== Args={}
2025-10-22 16:43:41,708 : INFO : EventManager : Event: ======'mode_service_will_start'====== Args={}
2025-10-22 16:43:41,710 : INFO : EventManager : Event: ======'mode_service_starting'====== Args={}
2025-10-22 16:43:41,710 : INFO : EventManager : Event: ======'mode_attract_will_start'====== Args={}
2025-10-22 16:43:41,711 : INFO : Timer.attract_intro_timer : Starting Timer.
2025-10-22 16:43:41,711 : INFO : EventManager : Event: ======'timer_attract_intro_timer_started'====== Args={'ticks': 0, 'ticks_remaining': 16}
2025-10-22 16:43:41,711 : INFO : EventManager : Event: ======'timer_attract_intro_timer_tick'====== Args={'ticks': 0, 'ticks_remaining': 16}
2025-10-22 16:43:41,718 : INFO : EventManager : Event: ======'mode_attract_starting'====== Args={}
2025-10-22 16:43:41,718 : INFO : Mode.service : Started. Priority: 100000
2025-10-22 16:43:41,719 : INFO : EventManager : Event: ======'modes_active_modes_changed'====== Args={}
2025-10-22 16:43:41,719 : INFO : EventManager : Event: ======'mode_service_started'====== Args={}
2025-10-22 16:43:41,735 : INFO : EventManager : Event: ======'logicblock_mca_sequence_updated'====== Args={'value': 0, 'enabled': True}
2025-10-22 16:43:41,736 : INFO : EventManager : Event: ======'logicblock_adr_sequence_updated'====== Args={'value': 0, 'enabled': True}
2025-10-22 16:43:41,736 : INFO : EventManager : Event: ======'logicblock_mca_sequence_updated'====== Args={'value': 0, 'enabled': True}
2025-10-22 16:43:41,736 : INFO : EventManager : Event: ======'logicblock_adr_sequence_updated'====== Args={'value': 0, 'enabled': True}
2025-10-22 16:43:41,736 : INFO : Mode.attract : Started. Priority: 10
2025-10-22 16:43:41,736 : INFO : EventManager : Event: ======'modes_active_modes_changed'====== Args={}
2025-10-22 16:43:41,736 : INFO : EventManager : Event: ======'mode_attract_started'====== Args={}
2025-10-22 16:43:41,737 : INFO : EventManager : Event: ======'logicblock_mca_sequence_updated'====== Args={'value': 0, 'enabled': True}
2025-10-22 16:43:41,737 : INFO : EventManager : Event: ======'logicblock_mca_sequence_updated'====== Args={'value': 0, 'enabled': True}
2025-10-22 16:43:41,737 : INFO : EventManager : Event: ======'logicblock_adr_sequence_updated'====== Args={'value': 0, 'enabled': True}
2025-10-22 16:43:41,737 : INFO : EventManager : Event: ======'logicblock_adr_sequence_updated'====== Args={'value': 0, 'enabled': True}
2025-10-22 16:43:41,739 : INFO : EventManager : Event: ======'timer_attract_intro_timer_tick'====== Args={'ticks': 0, 'ticks_remaining': 16}
2025-10-22 16:43:41,739 : INFO : EventManager : Event: ======'collecting_balls_complete'====== Args={}
2025-10-22 16:43:41,740 : INFO : EventManager : Event: ======'item_highlighted'====== Args={'carousel': 'attract', 'direction': None, 'item': 'mpf_logo'}
2025-10-22 16:43:41,741 : INFO : Timer.attract_carousel_timer : Starting Timer.
2025-10-22 16:43:41,741 : INFO : EventManager : Event: ======'timer_attract_carousel_timer_started'====== Args={'ticks': 0, 'ticks_remaining': 5}
2025-10-22 16:43:41,741 : INFO : EventManager : Event: ======'timer_attract_carousel_timer_tick'====== Args={'ticks': 0, 'ticks_remaining': 5}
2025-10-22 16:43:41,743 : INFO : EventManager : Event: ======'slide_loading_created'====== Args={'_from_bcp': True}
2025-10-22 16:43:41,743 : INFO : EventManager : Event: ======'slide__removed'====== Args={'_from_bcp': True}
2025-10-22 16:43:41,744 : INFO : EventManager : Event: ======'slide_loading_active'====== Args={'original_context': '_global', 'original_calling_context': 'init_done', 'priority': 0.0, 'cmd': 'slides_play', '_from_bcp': True}
2025-10-22 16:43:41,756 : INFO : Machine : Starting the main run loop with active modes: [<Mode.tilt>, <Mode.service>, <Mode.attract>]
2025-10-22 16:43:41,813 : INFO : EventManager : Event: ======'slide_attract_load_created'====== Args={'_from_bcp': True}
2025-10-22 16:43:41,813 : INFO : EventManager : Event: ======'slide_loading_inactive'====== Args={'is_removing': True, '_from_bcp': True}
2025-10-22 16:43:41,814 : INFO : EventManager : Event: ======'slide_attract_load_active'====== Args={'original_context': 'attract', 'original_calling_context': 'mode_attract_started{machine.game_just_played==0}', 'priority': 10.0, 'cmd': 'slides_play', '_from_bcp': True}
2025-10-22 16:43:41,814 : INFO : EventManager : Event: ======'slide_loading_removed'====== Args={'_from_bcp': True}
2025-10-22 16:43:41,914 : INFO : BcpServer : New client connected.
2025-10-22 16:43:42,760 : INFO : EventManager : Event: ======'timer_attract_intro_timer_tick'====== Args={'ticks': 1, 'ticks_remaining': 15}
2025-10-22 16:43:42,760 : INFO : EventManager : Event: ======'timer_attract_carousel_timer_tick'====== Args={'ticks': 1, 'ticks_remaining': 4}
2025-10-22 16:43:43,743 : INFO : EventManager : Event: ======'timer_attract_carousel_timer_tick'====== Args={'ticks': 2, 'ticks_remaining': 3}
2025-10-22 16:43:43,744 : INFO : EventManager : Event: ======'timer_attract_intro_timer_tick'====== Args={'ticks': 2, 'ticks_remaining': 14}
2025-10-22 16:43:44,758 : INFO : EventManager : Event: ======'timer_attract_carousel_timer_tick'====== Args={'ticks': 3, 'ticks_remaining': 2}
2025-10-22 16:43:44,759 : INFO : EventManager : Event: ======'timer_attract_intro_timer_tick'====== Args={'ticks': 3, 'ticks_remaining': 13}
2025-10-22 16:43:45,751 : INFO : EventManager : Event: ======'timer_attract_intro_timer_tick'====== Args={'ticks': 4, 'ticks_remaining': 12}
2025-10-22 16:43:45,752 : INFO : EventManager : Event: ======'timer_attract_carousel_timer_tick'====== Args={'ticks': 4, 'ticks_remaining': 1}
2025-10-22 16:43:46,740 : INFO : Timer.attract_carousel_timer : Timer Complete
2025-10-22 16:43:46,741 : INFO : Timer.attract_carousel_timer : Stopping Timer
2025-10-22 16:43:46,741 : INFO : EventManager : Event: ======'timer_attract_carousel_timer_stopped'====== Args={'ticks': 5, 'ticks_remaining': 1}
2025-10-22 16:43:46,741 : INFO : EventManager : Event: ======'timer_attract_carousel_timer_complete'====== Args={'ticks': 5, 'ticks_remaining': 1}
2025-10-22 16:43:46,742 : INFO : EventManager : Event: ======'timer_attract_intro_timer_tick'====== Args={'ticks': 5, 'ticks_remaining': 11}
2025-10-22 16:43:46,743 : INFO : EventManager : Event: ======'item_highlighted'====== Args={'carousel': 'attract', 'direction': 'forwards', 'item': 'fast_logo'}
2025-10-22 16:43:46,747 : INFO : Timer.attract_carousel_timer : Starting Timer.
2025-10-22 16:43:46,747 : INFO : EventManager : Event: ======'timer_attract_carousel_timer_started'====== Args={'ticks': 0, 'ticks_remaining': 5}
2025-10-22 16:43:46,748 : INFO : EventManager : Event: ======'timer_attract_carousel_timer_tick'====== Args={'ticks': 0, 'ticks_remaining': 5}
2025-10-22 16:43:47,168 : INFO : SwitchController : <<<<<<< 's_start' active >>>>>>>
2025-10-22 16:43:47,252 : INFO : SwitchController : <<<<<<< 's_start' inactive >>>>>>>
2025-10-22 16:43:47,252 : INFO : EventManager : Event: ======'sw_start_inactive'====== Args={}
2025-10-22 16:43:47,252 : INFO : EventManager : Event: ======'request_to_start_game'====== Args={}
2025-10-22 16:43:47,253 : INFO : EventManager : Event: ======'game_start'====== Args={'buttons': [], 'hold_time': 0.09400000001187436}
2025-10-22 16:43:47,253 : INFO : EventManager : Event: ======'mode_game_will_start'====== Args={'buttons': [], 'hold_time': 0.09400000001187436}
2025-10-22 16:43:47,254 : INFO : EventManager : Event: ======'mode_game_starting'====== Args={'buttons': [], 'hold_time': 0.09400000001187436}
2025-10-22 16:43:47,254 : INFO : EventManager : Event: ======'mode_attract_will_stop'====== Args={}
2025-10-22 16:43:47,254 : INFO : EventManager : Event: ======'mode_attract_stopping'====== Args={}
2025-10-22 16:43:47,255 : INFO : Mode.game : Started. Priority: 20
2025-10-22 16:43:47,255 : INFO : EventManager : Event: ======'modes_active_modes_changed'====== Args={}
2025-10-22 16:43:47,255 : INFO : EventManager : Event: ======'mode_game_started'====== Args={'buttons': [], 'hold_time': 0.09400000001187436}
2025-10-22 16:43:47,271 : INFO : Mode.attract : Stopped.
2025-10-22 16:43:47,271 : INFO : EventManager : Event: ======'modes_active_modes_changed'====== Args={}
2025-10-22 16:43:47,272 : INFO : EventManager : Event: ======'mode_attract_stopped'====== Args={}
2025-10-22 16:43:47,272 : INFO : EventManager : Event: ======'clear'====== Args={'key': 'attract'}
2025-10-22 16:43:47,273 : INFO : Timer.attract_carousel_timer : Stopping Timer
2025-10-22 16:43:47,273 : INFO : EventManager : Event: ======'timer_attract_carousel_timer_stopped'====== Args={'ticks': 0, 'ticks_remaining': 5}
2025-10-22 16:43:47,273 : INFO : Timer.attract_intro_timer : Stopping Timer
2025-10-22 16:43:47,275 : INFO : EventManager : Event: ======'timer_attract_intro_timer_stopped'====== Args={'ticks': 5, 'ticks_remaining': 11}
2025-10-22 16:43:47,275 : INFO : Timer.mca_attract_video_timer : Stopping Timer
2025-10-22 16:43:47,275 : INFO : EventManager : Event: ======'timer_mca_attract_video_timer_stopped'====== Args={'ticks': 0, 'ticks_remaining': 0}
2025-10-22 16:43:47,275 : INFO : Timer.adr_attract_video_timer : Stopping Timer
2025-10-22 16:43:47,275 : INFO : EventManager : Event: ======'timer_adr_attract_video_timer_stopped'====== Args={'ticks': 0, 'ticks_remaining': 0}
2025-10-22 16:43:47,276 : INFO : EventManager : Event: ======'game_will_start'====== Args={}
2025-10-22 16:43:47,294 : INFO : EventManager : Event: ======'game_starting'====== Args={'game': <Mode.game>}
2025-10-22 16:43:47,296 : INFO : EventManager : Unordered handler for class <Auditor> on event game_ended with priority 1. Handlers: [RegisteredHandler(callback=<bound method Auditor.disable of <Auditor>>, priority=1, kwargs={}, key=UUID('ff9f90d6-c99c-4658-84ca-b170d50dc9a7'), condition=None, blocking_facility=None), RegisteredHandler(callback=<bound method Auditor._save_audits of <Auditor>>, priority=1, kwargs={}, key=UUID('07720db5-afe6-4d93-898e-704b09add6c2'), condition=None, blocking_facility=None)]. The order of those handlers is not defined and they will be executed in random order. This might lead to race conditions and potential bugs.
2025-10-22 16:43:47,296 : INFO : EventManager : Event: ======'player_add_request'====== Args={}
2025-10-22 16:43:47,297 : INFO : EventManager : Event: ======'player_will_add'====== Args={'number': 1}
2025-10-22 16:43:47,297 : INFO : EventManager : Event: ======'player_adding'====== Args={'player': <Player 1>, 'number': 1}
2025-10-22 16:43:47,297 : INFO : EventManager : Event: ======'player_added'====== Args={'player': <Player 1>, 'num': 1}
2025-10-22 16:43:47,298 : INFO : Mode.game : Player added successfully. Total players: 1
2025-10-22 16:43:47,298 : INFO : EventManager : Event: ======'player_index'====== Args={'value': 0, 'prev_value': 0, 'change': 0, 'player_num': 1}
2025-10-22 16:43:47,299 : INFO : EventManager : Event: ======'player_number'====== Args={'value': 1, 'prev_value': 1, 'change': 0, 'player_num': 1}
2025-10-22 16:43:47,299 : INFO : EventManager : Event: ======'player_score'====== Args={'value': 0, 'prev_value': 0, 'change': 0, 'player_num': 1}
2025-10-22 16:43:47,301 : INFO : EventManager : Event: ======'game_started'====== Args={}
2025-10-22 16:43:47,301 : INFO : EventManager : Event: ======'machine_var_game_just_played'====== Args={'value': 1, 'prev_value': 0, 'change': 1}
2025-10-22 16:43:47,319 : INFO : EventManager : Event: ======'player_turn_will_start'====== Args={'player': <Player 1>, 'number': 1}
2025-10-22 16:43:47,319 : INFO : EventManager : Event: ======'player_turn_starting'====== Args={'player': <Player 1>, 'number': 1}
2025-10-22 16:43:47,321 : INFO : EventManager : Event: ======'player_ball'====== Args={'value': 1, 'prev_value': 0, 'change': 1, 'player_num': 1}
2025-10-22 16:43:47,322 : INFO : EventManager : Event: ======'player_turn_started'====== Args={'player': <Player 1>, 'number': 1}
2025-10-22 16:43:47,324 : INFO : EventManager : Event: ======'ball_will_start'====== Args={'player': 1, 'ball': 1, 'balls_remaining': 2, 'is_extra_ball': False}
2025-10-22 16:43:47,327 : INFO : EventManager : Event: ======'ball_starting'====== Args={'player': 1, 'ball': 1, 'balls_remaining': 2, 'is_extra_ball': False}
2025-10-22 16:43:47,328 : INFO : EventManager : Event: ======'mode_base_will_start'====== Args={'queue': <QueuedEvent>, 'player': 1, 'ball': 1, 'balls_remaining': 2, 'is_extra_ball': False}
2025-10-22 16:43:47,330 : INFO : EventManager : Event: ======'player_shot_left_orbit_enabled'====== Args={'value': True, 'prev_value': 0, 'change': 1, 'player_num': 1}
2025-10-22 16:43:47,331 : INFO : EventManager : Event: ======'player_shot_right_orbit_enabled'====== Args={'value': True, 'prev_value': 0, 'change': 1, 'player_num': 1}
2025-10-22 16:43:47,331 : INFO : EventManager : Event: ======'player_shot_inner_loop_enabled'====== Args={'value': True, 'prev_value': 0, 'change': 1, 'player_num': 1}
2025-10-22 16:43:47,332 : INFO : EventManager : Event: ======'player_shot_left_orbit_backdoor_enabled'====== Args={'value': True, 'prev_value': 0, 'change': 1, 'player_num': 1}
2025-10-22 16:43:47,332 : INFO : EventManager : Event: ======'player_shot_right_orbit_backdoor_enabled'====== Args={'value': True, 'prev_value': 0, 'change': 1, 'player_num': 1}
2025-10-22 16:43:47,333 : INFO : EventManager : Event: ======'player_shot_inner_loop_backdoor_enabled'====== Args={'value': True, 'prev_value': 0, 'change': 1, 'player_num': 1}
2025-10-22 16:43:47,333 : INFO : EventManager : Event: ======'player_shot_right_ramp_enabled'====== Args={'value': True, 'prev_value': 0, 'change': 1, 'player_num': 1}
2025-10-22 16:43:47,333 : INFO : EventManager : Event: ======'player_shot_left_ramp_enabled'====== Args={'value': True, 'prev_value': 0, 'change': 1, 'player_num': 1}
2025-10-22 16:43:47,334 : INFO : EventManager : Event: ======'player_shot_pop_standup_enabled'====== Args={'value': True, 'prev_value': 0, 'change': 1, 'player_num': 1}
2025-10-22 16:43:47,334 : INFO : EventManager : Event: ======'player_shot_upper_pop_standup_enabled'====== Args={'value': True, 'prev_value': 0, 'change': 1, 'player_num': 1}
2025-10-22 16:43:47,334 : INFO : EventManager : Event: ======'player_shot_scoop_enabled'====== Args={'value': True, 'prev_value': 0, 'change': 1, 'player_num': 1}
2025-10-22 16:43:47,335 : INFO : EventManager : Event: ======'player_shot_captive_ball_enabled'====== Args={'value': True, 'prev_value': 0, 'change': 1, 'player_num': 1}
2025-10-22 16:43:47,335 : INFO : EventManager : Event: ======'player_shot_three_bank_standup_enabled'====== Args={'value': True, 'prev_value': 0, 'change': 1, 'player_num': 1}
2025-10-22 16:43:47,335 : INFO : EventManager : Event: ======'player_shot_spinner_enabled'====== Args={'value': True, 'prev_value': 0, 'change': 1, 'player_num': 1}
2025-10-22 16:43:47,336 : INFO : EventManager : Event: ======'player_shot_pop1_enabled'====== Args={'value': True, 'prev_value': 0, 'change': 1, 'player_num': 1}
2025-10-22 16:43:47,336 : INFO : EventManager : Event: ======'player_shot_pop2_enabled'====== Args={'value': True, 'prev_value': 0, 'change': 1, 'player_num': 1}
2025-10-22 16:43:47,336 : INFO : EventManager : Event: ======'player_shot_pop3_enabled'====== Args={'value': True, 'prev_value': 0, 'change': 1, 'player_num': 1}
2025-10-22 16:43:47,337 : INFO : EventManager : Event: ======'player_shot_bottom_drop_enabled'====== Args={'value': True, 'prev_value': 0, 'change': 1, 'player_num': 1}
2025-10-22 16:43:47,337 : INFO : EventManager : Event: ======'player_shot_middle_drop_enabled'====== Args={'value': True, 'prev_value': 0, 'change': 1, 'player_num': 1}
2025-10-22 16:43:47,338 : INFO : EventManager : Event: ======'player_shot_top_drop_enabled'====== Args={'value': True, 'prev_value': 0, 'change': 1, 'player_num': 1}
2025-10-22 16:43:47,338 : INFO : EventManager : Event: ======'player_shot_tshirt_top_standup_enabled'====== Args={'value': True, 'prev_value': 0, 'change': 1, 'player_num': 1}
2025-10-22 16:43:47,339 : INFO : EventManager : Event: ======'player_shot_tshirt_bottom_standup_enabled'====== Args={'value': True, 'prev_value': 0, 'change': 1, 'player_num': 1}
2025-10-22 16:43:47,339 : INFO : EventManager : Event: ======'player_base_chcheckitoutfinish_widget_timer_tick'====== Args={'value': 0, 'prev_value': 0, 'change': 0, 'player_num': 1}
2025-10-22 16:43:47,344 : INFO : EventManager : Unordered handler for class <Auditor> on event game_ended with priority 1. Handlers: [RegisteredHandler(callback=<bound method Auditor.disable of <Auditor>>, priority=1, kwargs={}, key=UUID('ff9f90d6-c99c-4658-84ca-b170d50dc9a7'), condition=None, blocking_facility=None), RegisteredHandler(callback=<bound method Auditor._save_audits of <Auditor>>, priority=1, kwargs={}, key=UUID('07720db5-afe6-4d93-898e-704b09add6c2'), condition=None, blocking_facility=None)]. The order of those handlers is not defined and they will be executed in random order. This might lead to race conditions and potential bugs.
2025-10-22 16:43:47,349 : INFO : EventManager : Event: ======'mode_base_starting'====== Args={'queue': <QueuedEvent>, 'player': 1, 'ball': 1, 'balls_remaining': 2, 'is_extra_ball': False}
2025-10-22 16:43:47,349 : INFO : drop_target_bank.three_bank : All targets are already up. Will not reset bank.
2025-10-22 16:43:47,350 : INFO : EventManager : Event: ======'balls_in_play'====== Args={'balls': 1}
2025-10-22 16:43:47,351 : INFO : EventManager : Event: ======'ball_started'====== Args={'player': 1, 'ball': 1, 'balls_remaining': 2, 'is_extra_ball': False}
2025-10-22 16:43:47,351 : INFO : EventManager : Event: ======'logicblock_qualify_chcheckitout_multiball_updated'====== Args={'value': 0, 'enabled': True}
2025-10-22 16:43:47,351 : INFO : EventManager : Event: ======'logicblock_qualify_chcheckitout_multiball_updated'====== Args={'value': 0, 'enabled': True}
2025-10-22 16:43:47,351 : INFO : EventManager : Event: ======'logicblock_chcheckitout_multiball_ready_updated'====== Args={'value': 0, 'enabled': False}
2025-10-22 16:43:47,351 : INFO : EventManager : Event: ======'logicblock_drop_target_bank_counter_updated'====== Args={'value': 0, 'enabled': False}
2025-10-22 16:43:47,353 : INFO : Mode.base : Started. Priority: 100
2025-10-22 16:43:47,353 : INFO : EventManager : Event: ======'modes_active_modes_changed'====== Args={}
2025-10-22 16:43:47,353 : INFO : EventManager : Event: ======'mode_base_started'====== Args={'queue': <QueuedEvent>, 'player': 1, 'ball': 1, 'balls_remaining': 2, 'is_extra_ball': False}
2025-10-22 16:43:47,354 : INFO : EventManager : Event: ======'mode_skill_shot_will_start'====== Args={'player': 1, 'ball': 1, 'balls_remaining': 2, 'is_extra_ball': False}
2025-10-22 16:43:47,355 : INFO : EventManager : Event: ======'player_shot_skillshot_side_targets_enabled'====== Args={'value': True, 'prev_value': 0, 'change': 1, 'player_num': 1}
2025-10-22 16:43:47,356 : INFO : EventManager : Event: ======'player_shot_skillshot_drop_targets_enabled'====== Args={'value': True, 'prev_value': 0, 'change': 1, 'player_num': 1}
2025-10-22 16:43:47,356 : INFO : EventManager : Event: ======'player_shot_skillshot_hideout_plunge_enabled'====== Args={'value': True, 'prev_value': 0, 'change': 1, 'player_num': 1}
2025-10-22 16:43:47,357 : INFO : EventManager : Event: ======'player_shot_skillshot_left_outlane_enabled'====== Args={'value': True, 'prev_value': 0, 'change': 1, 'player_num': 1}
2025-10-22 16:43:47,358 : INFO : EventManager : Event: ======'player_shot_skillshot_super_enabled'====== Args={'value': True, 'prev_value': 0, 'change': 1, 'player_num': 1}
2025-10-22 16:43:47,359 : INFO : EventManager : Event: ======'skillshot_complete'====== Args={'state': 'off'}
2025-10-22 16:43:47,359 : INFO : EventManager : Event: ======'skillshot_off_complete'====== Args={}
2025-10-22 16:43:47,360 : INFO : EventManager : Event: ======'player_skill_shot_skill_shot_timeout_tick'====== Args={'value': 0, 'prev_value': 0, 'change': 0, 'player_num': 1}
2025-10-22 16:43:47,361 : INFO : EventManager : Unordered handler for class <timer.skill_shot_timeout> on event ball_starting with priority 1. Handlers: [RegisteredHandler(callback=<bound method Timer.reset of <timer.skill_shot_timeout>>, priority=1, kwargs={}, key=UUID('4416c6a7-71d6-4051-b299-2aa145afea07'), condition=None, blocking_facility=None), RegisteredHandler(callback=<bound method Timer.pause of <timer.skill_shot_timeout>>, priority=1, kwargs={'timer_value': None}, key=UUID('508f94da-17c7-4ede-b1c5-49b5722a60cb'), condition=None, blocking_facility=None)]. The order of those handlers is not defined and they will be executed in random order. This might lead to race conditions and potential bugs.
2025-10-22 16:43:47,363 : INFO : EventManager : Event: ======'mode_skill_shot_starting'====== Args={'player': 1, 'ball': 1, 'balls_remaining': 2, 'is_extra_ball': False}
2025-10-22 16:43:47,364 : INFO : EventManager : Event: ======'logicblock_drop_target_bank_counter_updated'====== Args={'value': 0, 'enabled': True}
2025-10-22 16:43:47,364 : INFO : EventManager : Event: ======'logicblock_qualify_chcheckitout_multiball_updated'====== Args={'value': 0, 'enabled': True}
2025-10-22 16:43:47,365 : INFO : EventManager : Event: ======'logicblock_chcheckitout_multiball_ready_updated'====== Args={'value': 0, 'enabled': False}
2025-10-22 16:43:47,365 : INFO : EventManager : Event: ======'player_multiball_blocking_flag'====== Args={'value': 0, 'prev_value': 0, 'change': 0, 'player_num': 1, 'source': 'base'}
2025-10-22 16:43:47,365 : INFO : EventManager : Event: ======'player_mode_blocking_flag'====== Args={'value': 0, 'prev_value': 0, 'change': 0, 'player_num': 1, 'source': 'base'}
2025-10-22 16:43:47,366 : INFO : EventManager : Event: ======'player_player_drop_target_bank_counter_count'====== Args={'value': 0, 'prev_value': 0, 'change': 0, 'player_num': 1, 'source': 'base'}
2025-10-22 16:43:47,369 : INFO : EventManager : Event: ======'player_drop_target_bank_counter_count'====== Args={'value': 0, 'prev_value': 0, 'change': 0, 'player_num': 1, 'source': 'base'}
2025-10-22 16:43:47,370 : INFO : EventManager : Event: ======'mode_multiball_will_start'====== Args={'queue': <QueuedEvent>, 'player': 1, 'ball': 1, 'balls_remaining': 2, 'is_extra_ball': False}
2025-10-22 16:43:47,375 : INFO : EventManager : Event: ======'mode_multiball_starting'====== Args={'queue': <QueuedEvent>, 'player': 1, 'ball': 1, 'balls_remaining': 2, 'is_extra_ball': False}
2025-10-22 16:43:47,376 : INFO : EventManager : Event: ======'mode_carousel_will_start'====== Args={'queue': <QueuedEvent>, 'player': 1, 'ball': 1, 'balls_remaining': 2, 'is_extra_ball': False}
2025-10-22 16:43:47,377 : INFO : EventManager : Event: ======'mode_carousel_starting'====== Args={'queue': <QueuedEvent>, 'player': 1, 'ball': 1, 'balls_remaining': 2, 'is_extra_ball': False}
2025-10-22 16:43:47,378 : INFO : EventManager : Event: ======'ball_save_default_enabled'====== Args={}
2025-10-22 16:43:47,378 : INFO : Mode.carousel : Started. Priority: 200
2025-10-22 16:43:47,378 : INFO : EventManager : Event: ======'modes_active_modes_changed'====== Args={}
2025-10-22 16:43:47,378 : INFO : EventManager : Event: ======'mode_carousel_started'====== Args={'queue': <QueuedEvent>, 'player': 1, 'ball': 1, 'balls_remaining': 2, 'is_extra_ball': False}
2025-10-22 16:43:47,379 : INFO : EventManager : Event: ======'item_highlighted'====== Args={'carousel': 'carousel', 'direction': None, 'item': 'intergalactic'}
2025-10-22 16:43:47,379 : INFO : Mode.skill_shot : Started. Priority: 500
2025-10-22 16:43:47,379 : INFO : EventManager : Event: ======'modes_active_modes_changed'====== Args={}
2025-10-22 16:43:47,379 : INFO : EventManager : Event: ======'mode_skill_shot_started'====== Args={'player': 1, 'ball': 1, 'balls_remaining': 2, 'is_extra_ball': False}
2025-10-22 16:43:47,379 : INFO : EventManager : Event: ======'advance_skill_left_outlane'====== Args={'player': 1, 'ball': 1, 'balls_remaining': 2, 'is_extra_ball': False}
2025-10-22 16:43:47,380 : INFO : EventManager : Event: ======'player_shot_skillshot_left_outlane'====== Args={'value': 1, 'prev_value': 0, 'change': 1, 'player_num': 1}
2025-10-22 16:43:47,382 : INFO : EventManager : Event: ======'logicblock_completing_chcheckitout_jackpots_updated'====== Args={'value': [False, False, False, False], 'enabled': True}
2025-10-22 16:43:47,382 : INFO : EventManager : Event: ======'logicblock_completing_chcheckitout_jackpots_updated'====== Args={'value': [False, False, False, False], 'enabled': True}
2025-10-22 16:43:47,382 : INFO : EventManager : Event: ======'logicblock_chcheckitout_superjackpot_updated'====== Args={'value': 0, 'enabled': False}
2025-10-22 16:43:47,382 : INFO : EventManager : Event: ======'logicblock_chcheckitout_leftorbit_jackpot_updated'====== Args={'value': 0, 'enabled': False}
2025-10-22 16:43:47,383 : INFO : EventManager : Event: ======'logicblock_chcheckitout_leftramp_jackpot_updated'====== Args={'value': 0, 'enabled': False}
2025-10-22 16:43:47,383 : INFO : EventManager : Event: ======'logicblock_chcheckitout_rightramp_jackpot_updated'====== Args={'value': 0, 'enabled': False}
2025-10-22 16:43:47,383 : INFO : EventManager : Event: ======'logicblock_chcheckitout_rightorbit_jackpot_updated'====== Args={'value': 0, 'enabled': False}
2025-10-22 16:43:47,383 : INFO : Mode.multiball : Started. Priority: 1000
2025-10-22 16:43:47,383 : INFO : EventManager : Event: ======'modes_active_modes_changed'====== Args={}
2025-10-22 16:43:47,383 : INFO : EventManager : Event: ======'mode_multiball_started'====== Args={'queue': <QueuedEvent>, 'player': 1, 'ball': 1, 'balls_remaining': 2, 'is_extra_ball': False}
2025-10-22 16:43:47,383 : INFO : EventManager : Event: ======'single_player_ball_started'====== Args={}
2025-10-22 16:43:47,406 : INFO : EventManager : Event: ======'ball_start_target'====== Args={'target': 'playfield'}
2025-10-22 16:43:47,407 : INFO : EventManager : Event: ======'slide_base_created'====== Args={'_from_bcp': True}
2025-10-22 16:43:47,407 : INFO : EventManager : Event: ======'slide_score_overlay_created'====== Args={'_from_bcp': True}
2025-10-22 16:43:47,407 : INFO : EventManager : Event: ======'slide_attract_load_inactive'====== Args={'is_removing': True, '_from_bcp': True}
2025-10-22 16:43:47,408 : INFO : EventManager : Event: ======'slide_score_overlay_active'====== Args={'original_context': 'base', 'original_calling_context': 'mode_base_started', 'priority': 100.0, 'queue': '<QueuedEvent>', 'player': 1.0, 'ball': 1.0, 'balls_remaining': 2.0, 'is_extra_ball': False, 'cmd': 'slides_play', '_from_bcp': True}
2025-10-22 16:43:47,408 : INFO : EventManager : Event: ======'slide_attract_load_removed'====== Args={'_from_bcp': True}
2025-10-22 16:43:47,408 : INFO : ball_device.bd_plunger : Setting up player-controlled eject. Balls: 1, Target: <playfield.playfield>, player_controlled_eject_event: None
2025-10-22 16:43:47,409 : INFO : EventManager : Event: ======'balldevice_balls_available'====== Args={}
2025-10-22 16:43:47,409 : INFO : EventManager : Event: ======'play_base_video4'====== Args={'_from_bcp': True}
2025-10-22 16:43:47,412 : INFO : ball_device.bd_trough : State: waiting_for_target_ready
2025-10-22 16:43:47,413 : INFO : EventManager : Event: ======'balldevice_bd_trough_ball_eject_attempt'====== Args={'balls': 1, 'target': <ball_device.bd_plunger>, 'source': <ball_device.bd_trough>, 'mechanical_eject': True, 'num_attempts': 0}
2025-10-22 16:43:47,413 : INFO : ball_device.bd_plunger : State: waiting_for_ball
2025-10-22 16:43:47,414 : INFO : ball_device.bd_trough : State: ejecting
2025-10-22 16:43:47,415 : INFO : ball_device.bd_trough : Ejecting ball to <ball_device.bd_plunger>
2025-10-22 16:43:47,415 : INFO : EventManager : Event: ======'balldevice_bd_trough_ejecting_ball'====== Args={'balls': 1, 'target': <ball_device.bd_plunger>, 'source': <ball_device.bd_trough>, 'mechanical_eject': True, 'num_attempts': 0}
2025-10-22 16:43:47,416 : INFO : EventManager : Event: ======'slide_current_mode_highlighted_created'====== Args={'_from_bcp': True}
2025-10-22 16:43:47,417 : INFO : ball_device.bd_trough : Wait for ball to leave device
2025-10-22 16:43:47,418 : INFO : coil.c_trough_eject : Pulsing Driver for 20ms (1.0 pulse_power)
2025-10-22 16:43:47,418 : INFO : SwitchController : <<<<<<< 's_trough1' inactive >>>>>>>
2025-10-22 16:43:47,423 : INFO : ball_device.bd_trough : State: ball_left
2025-10-22 16:43:47,423 : INFO : ball_device.bd_trough : Ball left
2025-10-22 16:43:47,423 : INFO : ball_device.bd_trough : Wait for confirm with timeout 3.0
2025-10-22 16:43:47,513 : INFO : SwitchController : <<<<<<< 's_plunger' active >>>>>>>
2025-10-22 16:43:47,513 : INFO : EventManager : Event: ======'machine_var_audits_switches_s_plunger'====== Args={'value': 1229, 'prev_value': 1228, 'change': 1}
2025-10-22 16:43:47,670 : INFO : EventManager : Event: ======'slide_skillshot_overlay_created'====== Args={'_from_bcp': True}
2025-10-22 16:43:47,693 : INFO : EventManager : Event: ======'slide_basevideo4_created'====== Args={'_from_bcp': True}
2025-10-22 16:43:48,011 : INFO : ball_device.bd_plunger : Received ball from <ball_device.bd_trough>
2025-10-22 16:43:48,011 : INFO : EventManager : Event: ======'balldevice_bd_plunger_ball_enter'====== Args={'new_balls': 1, 'unclaimed_balls': 0, 'new_available_balls': 0, 'device': <ball_device.bd_plunger>}
2025-10-22 16:43:48,012 : INFO : EventManager : Event: ======'balldevice_bd_plunger_ball_entered'====== Args={'new_balls': 0, 'device': <ball_device.bd_plunger>}
2025-10-22 16:43:48,013 : INFO : EventManager : Event: ======'balldevice_bd_plunger_ball_count_changed'====== Args={'balls': 1}
2025-10-22 16:43:48,013 : INFO : ball_device.bd_trough : Got eject confirm
2025-10-22 16:43:48,013 : INFO : ball_device.bd_trough : Eject successful
2025-10-22 16:43:48,013 : INFO : EventManager : Event: ======'balldevice_bd_trough_ball_eject_success'====== Args={'balls': 1, 'target': <ball_device.bd_plunger>}
2025-10-22 16:43:48,014 : INFO : EventManager : Event: ======'balldevice_bd_trough_ball_count_changed'====== Args={'balls': 5}
2025-10-22 16:43:48,014 : INFO : ball_device.bd_trough : State: idle
2025-10-22 16:43:48,014 : INFO : ball_device.bd_plunger : State: waiting_for_target_ready
2025-10-22 16:43:48,015 : INFO : EventManager : Event: ======'balldevice_bd_plunger_ball_eject_attempt'====== Args={'balls': 1, 'target': <playfield.playfield>, 'source': <ball_device.bd_plunger>, 'mechanical_eject': True, 'num_attempts': 0}
2025-10-22 16:43:48,016 : INFO : ball_device.bd_plunger : State: ejecting
2025-10-22 16:43:48,016 : INFO : ball_device.bd_plunger : Ejecting ball to <playfield.playfield>
2025-10-22 16:43:48,016 : INFO : EventManager : Event: ======'balldevice_bd_plunger_ejecting_ball'====== Args={'balls': 1, 'target': <playfield.playfield>, 'source': <ball_device.bd_plunger>, 'mechanical_eject': True, 'num_attempts': 0}
2025-10-22 16:43:48,019 : INFO : ball_device.bd_plunger : Wait for ball to leave device
2025-10-22 16:43:50,532 : INFO : SwitchController : <<<<<<< 's_right_flipper' active >>>>>>>
2025-10-22 16:43:50,532 : INFO : EventManager : Event: ======'s_right_flipper_active'====== Args={}
2025-10-22 16:43:50,533 : INFO : EventManager : Event: ======'machine_var_audits_switches_s_right_flipper'====== Args={'value': 1700, 'prev_value': 1699, 'change': 1}
2025-10-22 16:43:50,534 : INFO : EventManager : Event: ======'player_shot_skillshot_left_outlane'====== Args={'value': 0, 'prev_value': 1, 'change': -1, 'player_num': 1}
2025-10-22 16:43:50,535 : INFO : EventManager : Event: ======'player_shot_skillshot_super'====== Args={'value': 1, 'prev_value': 0, 'change': 1, 'player_num': 1}
2025-10-22 16:43:50,648 : INFO : SwitchController : <<<<<<< 's_right_flipper' inactive >>>>>>>
2025-10-22 16:43:50,649 : INFO : EventManager : Event: ======'sw_right_flipper_inactive'====== Args={}
2025-10-22 16:43:53,797 : INFO : SwitchController : <<<<<<< 's_right_flipper' active >>>>>>>
2025-10-22 16:43:53,797 : INFO : EventManager : Event: ======'s_right_flipper_active'====== Args={}
2025-10-22 16:43:53,798 : INFO : EventManager : Event: ======'machine_var_audits_switches_s_right_flipper'====== Args={'value': 1701, 'prev_value': 1700, 'change': 1}
2025-10-22 16:43:53,799 : INFO : EventManager : Event: ======'player_shot_skillshot_side_targets'====== Args={'value': 1, 'prev_value': 0, 'change': 1, 'player_num': 1}
2025-10-22 16:43:53,800 : INFO : EventManager : Event: ======'player_shot_skillshot_super'====== Args={'value': 0, 'prev_value': 1, 'change': -1, 'player_num': 1}
2025-10-22 16:43:53,929 : INFO : SwitchController : <<<<<<< 's_right_flipper' inactive >>>>>>>
2025-10-22 16:43:53,931 : INFO : EventManager : Event: ======'sw_right_flipper_inactive'====== Args={}
2025-10-22 16:43:54,645 : INFO : SwitchController : <<<<<<< 's_right_flipper' active >>>>>>>
2025-10-22 16:43:54,646 : INFO : EventManager : Event: ======'s_right_flipper_active'====== Args={}
2025-10-22 16:43:54,647 : INFO : EventManager : Event: ======'machine_var_audits_switches_s_right_flipper'====== Args={'value': 1702, 'prev_value': 1701, 'change': 1}
2025-10-22 16:43:54,648 : INFO : EventManager : Event: ======'player_shot_skillshot_side_targets'====== Args={'value': 0, 'prev_value': 1, 'change': -1, 'player_num': 1}
2025-10-22 16:43:54,648 : INFO : EventManager : Event: ======'player_shot_skillshot_drop_targets'====== Args={'value': 1, 'prev_value': 0, 'change': 1, 'player_num': 1}
2025-10-22 16:43:54,762 : INFO : SwitchController : <<<<<<< 's_right_flipper' inactive >>>>>>>
2025-10-22 16:43:54,762 : INFO : EventManager : Event: ======'sw_right_flipper_inactive'====== Args={}
2025-10-22 16:43:55,527 : INFO : SwitchController : <<<<<<< 's_right_flipper' active >>>>>>>
2025-10-22 16:43:55,528 : INFO : EventManager : Event: ======'s_right_flipper_active'====== Args={}
2025-10-22 16:43:55,528 : INFO : EventManager : Event: ======'machine_var_audits_switches_s_right_flipper'====== Args={'value': 1703, 'prev_value': 1702, 'change': 1}
2025-10-22 16:43:55,530 : INFO : EventManager : Event: ======'player_shot_skillshot_drop_targets'====== Args={'value': 0, 'prev_value': 1, 'change': -1, 'player_num': 1}
2025-10-22 16:43:55,530 : INFO : EventManager : Event: ======'player_shot_skillshot_hideout_plunge'====== Args={'value': 1, 'prev_value': 0, 'change': 1, 'player_num': 1}
2025-10-22 16:43:55,661 : INFO : SwitchController : <<<<<<< 's_right_flipper' inactive >>>>>>>
2025-10-22 16:43:55,661 : INFO : EventManager : Event: ======'sw_right_flipper_inactive'====== Args={}
2025-10-22 16:43:56,695 : INFO : SwitchController : <<<<<<< 's_right_flipper' active >>>>>>>
2025-10-22 16:43:56,695 : INFO : EventManager : Event: ======'s_right_flipper_active'====== Args={}
2025-10-22 16:43:56,695 : INFO : EventManager : Event: ======'machine_var_audits_switches_s_right_flipper'====== Args={'value': 1704, 'prev_value': 1703, 'change': 1}
2025-10-22 16:43:56,696 : INFO : EventManager : Event: ======'player_shot_skillshot_hideout_plunge'====== Args={'value': 0, 'prev_value': 1, 'change': -1, 'player_num': 1}
2025-10-22 16:43:56,697 : INFO : EventManager : Event: ======'player_shot_skillshot_left_outlane'====== Args={'value': 1, 'prev_value': 0, 'change': 1, 'player_num': 1}
2025-10-22 16:43:56,830 : INFO : SwitchController : <<<<<<< 's_right_flipper' inactive >>>>>>>
2025-10-22 16:43:56,830 : INFO : EventManager : Event: ======'sw_right_flipper_inactive'====== Args={}
2025-10-22 16:43:57,576 : INFO : SwitchController : <<<<<<< 's_right_flipper' active >>>>>>>
2025-10-22 16:43:57,576 : INFO : EventManager : Event: ======'s_right_flipper_active'====== Args={}
2025-10-22 16:43:57,577 : INFO : EventManager : Event: ======'machine_var_audits_switches_s_right_flipper'====== Args={'value': 1705, 'prev_value': 1704, 'change': 1}
2025-10-22 16:43:57,578 : INFO : EventManager : Event: ======'player_shot_skillshot_left_outlane'====== Args={'value': 0, 'prev_value': 1, 'change': -1, 'player_num': 1}
2025-10-22 16:43:57,578 : INFO : EventManager : Event: ======'player_shot_skillshot_super'====== Args={'value': 1, 'prev_value': 0, 'change': 1, 'player_num': 1}
2025-10-22 16:43:57,677 : INFO : SwitchController : <<<<<<< 's_right_flipper' inactive >>>>>>>
2025-10-22 16:43:57,678 : INFO : EventManager : Event: ======'sw_right_flipper_inactive'====== Args={}
2025-10-22 16:44:01,885 : INFO : SwitchController : <<<<<<< 's_plunger' inactive >>>>>>>
2025-10-22 16:44:01,885 : INFO : EventManager : Event: ======'ball_out'====== Args={}
2025-10-22 16:44:01,887 : INFO : EventManager : Event: ======'ball_save_default_timer_start'====== Args={}
2025-10-22 16:44:01,894 : INFO : ball_device.bd_plunger : State: ball_left
2025-10-22 16:44:01,895 : INFO : ball_device.bd_plunger : Ball left
2025-10-22 16:44:01,895 : INFO : ball_device.bd_plunger : Wait for confirm with timeout 3.0
2025-10-22 16:44:02,689 : INFO : SwitchController : <<<<<<< 's_inner_orbit' active >>>>>>>
2025-10-22 16:44:02,689 : INFO : EventManager : Event: ======'s_inner_orbit_active'====== Args={}
2025-10-22 16:44:02,690 : INFO : EventManager : Event: ======'machine_var_audits_switches_s_inner_orbit'====== Args={'value': 9, 'prev_value': 8, 'change': 1}
2025-10-22 16:44:02,691 : INFO : EventManager : Event: ======'player_score'====== Args={'value': 1010, 'prev_value': 0, 'change': 1010, 'player_num': 1, 'source': 'base'}
2025-10-22 16:44:02,780 : INFO : SwitchController : <<<<<<< 's_inner_orbit' inactive >>>>>>>
2025-10-22 16:44:03,568 : INFO : SwitchController : <<<<<<< 's_right_orbit' active >>>>>>>
2025-10-22 16:44:03,568 : INFO : EventManager : Event: ======'s_right_orbit_active'====== Args={}
2025-10-22 16:44:03,568 : INFO : EventManager : Event: ======'machine_var_audits_switches_s_right_orbit'====== Args={'value': 100, 'prev_value': 99, 'change': 1}
2025-10-22 16:44:03,570 : INFO : EventManager : Event: ======'player_score'====== Args={'value': 1120, 'prev_value': 1010, 'change': 110, 'player_num': 1, 'source': 'base'}
2025-10-22 16:44:03,570 : INFO : EventManager : Event: ======'inner_loop_sequence_hit'====== Args={'elapsed': 0.875}
2025-10-22 16:44:03,573 : INFO : EventManager : Event: ======'machine_var_audits_shots_inner_loop'====== Args={'value': 5, 'prev_value': 4, 'change': 1}
2025-10-22 16:44:03,573 : INFO : EventManager : Event: ======'inner_loop_hit'====== Args={'profile': 'base_shot_profile', 'state': 'off', 'advancing': False}
2025-10-22 16:44:03,573 : INFO : EventManager : Event: ======'inner_loop_base_shot_profile_hit'====== Args={'profile': 'base_shot_profile', 'state': 'off', 'advancing': False}
2025-10-22 16:44:03,574 : INFO : EventManager : Event: ======'inner_loop_base_shot_profile_off_hit'====== Args={'profile': 'base_shot_profile', 'state': 'off', 'advancing': False}
2025-10-22 16:44:03,574 : INFO : EventManager : Event: ======'inner_loop_off_hit'====== Args={'profile': 'base_shot_profile', 'state': 'off', 'advancing': False}
2025-10-22 16:44:03,657 : INFO : SwitchController : <<<<<<< 's_right_orbit' inactive >>>>>>>
2025-10-22 16:44:04,882 : INFO : EventManager : Event: ======'ball_save_default_hurry_up'====== Args={}
2025-10-22 16:44:04,888 : INFO : SwitchController : <<<<<<< 's_inner_orbit' active >>>>>>>
2025-10-22 16:44:04,888 : INFO : EventManager : Event: ======'s_inner_orbit_active'====== Args={}
2025-10-22 16:44:04,889 : INFO : EventManager : Event: ======'machine_var_audits_switches_s_inner_orbit'====== Args={'value': 10, 'prev_value': 9, 'change': 1}
2025-10-22 16:44:04,890 : INFO : EventManager : Event: ======'player_score'====== Args={'value': 2130, 'prev_value': 1120, 'change': 1010, 'player_num': 1, 'source': 'base'}
2025-10-22 16:44:04,905 : INFO : ball_device.bd_plunger : State: failed_confirm
2025-10-22 16:44:04,905 : INFO : ball_device.bd_plunger : Got timeout (3.0s) before confirm from <playfield.playfield>
2025-10-22 16:44:04,993 : INFO : SwitchController : <<<<<<< 's_inner_orbit' inactive >>>>>>>
2025-10-22 16:44:04,993 : INFO : ball_device.bd_plunger : Confirming eject because target is playfield and ball did not return.
2025-10-22 16:44:04,993 : INFO : ball_device.bd_plunger : Eject successful
2025-10-22 16:44:04,993 : INFO : EventManager : Event: ======'balldevice_bd_plunger_ball_eject_success'====== Args={'balls': 1, 'target': <playfield.playfield>}
2025-10-22 16:44:04,994 : INFO : EventManager : Event: ======'balldevice_playfield_ball_enter'====== Args={'new_balls': 1, 'unclaimed_balls': 1, 'device': <playfield.playfield>}
2025-10-22 16:44:04,994 : INFO : EventManager : Event: ======'playfield_ball_count_change'====== Args={'balls': 1, 'change': 1}
2025-10-22 16:44:04,994 : INFO : Timer.skill_shot_timeout : Starting Timer.
2025-10-22 16:44:04,994 : INFO : EventManager : Event: ======'timer_skill_shot_timeout_started'====== Args={'ticks': 0, 'ticks_remaining': 4}
2025-10-22 16:44:04,994 : INFO : EventManager : Event: ======'timer_skill_shot_timeout_tick'====== Args={'ticks': 0, 'ticks_remaining': 4}
2025-10-22 16:44:04,997 : INFO : EventManager : Event: ======'balldevice_bd_plunger_ball_count_changed'====== Args={'balls': 0}
2025-10-22 16:44:04,997 : INFO : ball_device.bd_plunger : State: idle
2025-10-22 16:44:05,712 : INFO : EventManager : Event: ======'inner_loop_backdoor_sequence_timeout'====== Args={}
2025-10-22 16:44:06,006 : INFO : EventManager : Event: ======'player_skill_shot_skill_shot_timeout_tick'====== Args={'value': 1, 'prev_value': 0, 'change': 1, 'player_num': 1}
2025-10-22 16:44:06,007 : INFO : EventManager : Event: ======'timer_skill_shot_timeout_tick'====== Args={'ticks': 1, 'ticks_remaining': 3}
2025-10-22 16:44:06,194 : INFO : EventManager : Event: ======'inner_loop_skill_sequence_timeout'====== Args={}
2025-10-22 16:44:06,562 : INFO : SwitchController : <<<<<<< 's_right_orbit' active >>>>>>>
2025-10-22 16:44:06,562 : INFO : EventManager : Event: ======'s_right_orbit_active'====== Args={}
2025-10-22 16:44:06,562 : INFO : EventManager : Event: ======'machine_var_audits_switches_s_right_orbit'====== Args={'value': 101, 'prev_value': 100, 'change': 1}
2025-10-22 16:44:06,563 : INFO : EventManager : Event: ======'player_score'====== Args={'value': 2240, 'prev_value': 2130, 'change': 110, 'player_num': 1, 'source': 'base'}
2025-10-22 16:44:06,564 : INFO : EventManager : Event: ======'inner_loop_sequence_hit'====== Args={'elapsed': 1.672000000020489}
2025-10-22 16:44:06,567 : INFO : EventManager : Event: ======'machine_var_audits_shots_inner_loop'====== Args={'value': 6, 'prev_value': 5, 'change': 1}
2025-10-22 16:44:06,567 : INFO : EventManager : Event: ======'inner_loop_hit'====== Args={'profile': 'base_shot_profile', 'state': 'off', 'advancing': False}
2025-10-22 16:44:06,568 : INFO : EventManager : Event: ======'inner_loop_base_shot_profile_hit'====== Args={'profile': 'base_shot_profile', 'state': 'off', 'advancing': False}
2025-10-22 16:44:06,568 : INFO : EventManager : Event: ======'inner_loop_base_shot_profile_off_hit'====== Args={'profile': 'base_shot_profile', 'state': 'off', 'advancing': False}
2025-10-22 16:44:06,568 : INFO : EventManager : Event: ======'inner_loop_off_hit'====== Args={'profile': 'base_shot_profile', 'state': 'off', 'advancing': False}
2025-10-22 16:44:06,574 : INFO : EventManager : Event: ======'right_orbit_sequence_timeout'====== Args={}
2025-10-22 16:44:06,574 : INFO : EventManager : Event: ======'right_orbit_backdoor_sequence_timeout'====== Args={}
2025-10-22 16:44:06,659 : INFO : SwitchController : <<<<<<< 's_right_orbit' inactive >>>>>>>
2025-10-22 16:44:06,885 : INFO : EventManager : Event: ======'ball_save_default_grace_period'====== Args={}
2025-10-22 16:44:06,984 : INFO : EventManager : Event: ======'player_skill_shot_skill_shot_timeout_tick'====== Args={'value': 2, 'prev_value': 1, 'change': 1, 'player_num': 1}
2025-10-22 16:44:06,985 : INFO : EventManager : Event: ======'timer_skill_shot_timeout_tick'====== Args={'ticks': 2, 'ticks_remaining': 2}
2025-10-22 16:44:07,825 : INFO : SwitchController : <<<<<<< 's_inner_orbit' active >>>>>>>
2025-10-22 16:44:07,825 : INFO : EventManager : Event: ======'s_inner_orbit_active'====== Args={}
2025-10-22 16:44:07,825 : INFO : EventManager : Event: ======'machine_var_audits_switches_s_inner_orbit'====== Args={'value': 11, 'prev_value': 10, 'change': 1}
2025-10-22 16:44:07,826 : INFO : EventManager : Event: ======'player_score'====== Args={'value': 3250, 'prev_value': 2240, 'change': 1010, 'player_num': 1, 'source': 'base'}
2025-10-22 16:44:07,900 : INFO : EventManager : Event: ======'inner_loop_backdoor_sequence_timeout'====== Args={}
2025-10-22 16:44:07,913 : INFO : SwitchController : <<<<<<< 's_inner_orbit' inactive >>>>>>>
2025-10-22 16:44:08,010 : INFO : EventManager : Event: ======'player_skill_shot_skill_shot_timeout_tick'====== Args={'value': 3, 'prev_value': 2, 'change': 1, 'player_num': 1}
2025-10-22 16:44:08,011 : INFO : EventManager : Event: ======'timer_skill_shot_timeout_tick'====== Args={'ticks': 3, 'ticks_remaining': 1}
2025-10-22 16:44:08,399 : INFO : EventManager : Event: ======'inner_loop_skill_sequence_timeout'====== Args={}
2025-10-22 16:44:08,871 : INFO : EventManager : Event: ======'ball_save_default_disabled'====== Args={}
2025-10-22 16:44:09,001 : INFO : EventManager : Event: ======'player_skill_shot_skill_shot_timeout_tick'====== Args={'value': 4, 'prev_value': 3, 'change': 1, 'player_num': 1}
2025-10-22 16:44:09,002 : INFO : Timer.skill_shot_timeout : Timer Complete
2025-10-22 16:44:09,002 : INFO : Timer.skill_shot_timeout : Stopping Timer
2025-10-22 16:44:09,002 : INFO : EventManager : Event: ======'timer_skill_shot_timeout_stopped'====== Args={'ticks': 4, 'ticks_remaining': 1}
2025-10-22 16:44:09,002 : INFO : EventManager : Event: ======'timer_skill_shot_timeout_complete'====== Args={'ticks': 4, 'ticks_remaining': 1}
2025-10-22 16:44:09,012 : INFO : SwitchController : <<<<<<< 's_right_orbit' active >>>>>>>
2025-10-22 16:44:09,012 : INFO : EventManager : Event: ======'s_right_orbit_active'====== Args={}
2025-10-22 16:44:09,012 : INFO : EventManager : Event: ======'machine_var_audits_switches_s_right_orbit'====== Args={'value': 102, 'prev_value': 101, 'change': 1}
2025-10-22 16:44:09,013 : INFO : EventManager : Event: ======'player_score'====== Args={'value': 3360, 'prev_value': 3250, 'change': 110, 'player_num': 1, 'source': 'base'}
2025-10-22 16:44:09,015 : INFO : EventManager : Event: ======'inner_loop_sequence_hit'====== Args={'elapsed': 1.187000000005355}
2025-10-22 16:44:09,017 : INFO : EventManager : Event: ======'machine_var_audits_shots_inner_loop'====== Args={'value': 7, 'prev_value': 6, 'change': 1}
2025-10-22 16:44:09,017 : INFO : EventManager : Event: ======'inner_loop_hit'====== Args={'profile': 'base_shot_profile', 'state': 'off', 'advancing': False}
2025-10-22 16:44:09,018 : INFO : EventManager : Event: ======'inner_loop_base_shot_profile_hit'====== Args={'profile': 'base_shot_profile', 'state': 'off', 'advancing': False}
2025-10-22 16:44:09,018 : INFO : EventManager : Event: ======'inner_loop_base_shot_profile_off_hit'====== Args={'profile': 'base_shot_profile', 'state': 'off', 'advancing': False}
2025-10-22 16:44:09,018 : INFO : EventManager : Event: ======'inner_loop_off_hit'====== Args={'profile': 'base_shot_profile', 'state': 'off', 'advancing': False}
2025-10-22 16:44:09,105 : INFO : SwitchController : <<<<<<< 's_right_orbit' inactive >>>>>>>
2025-10-22 16:44:09,562 : INFO : EventManager : Event: ======'right_orbit_backdoor_sequence_timeout'====== Args={}
2025-10-22 16:44:09,563 : INFO : EventManager : Event: ======'right_orbit_sequence_timeout'====== Args={}
2025-10-22 16:44:10,239 : INFO : SwitchController : <<<<<<< 's_inner_orbit' active >>>>>>>
2025-10-22 16:44:10,240 : INFO : EventManager : Event: ======'s_inner_orbit_active'====== Args={}
2025-10-22 16:44:10,240 : INFO : EventManager : Event: ======'machine_var_audits_switches_s_inner_orbit'====== Args={'value': 12, 'prev_value': 11, 'change': 1}
2025-10-22 16:44:10,241 : INFO : EventManager : Event: ======'player_score'====== Args={'value': 4370, 'prev_value': 3360, 'change': 1010, 'player_num': 1, 'source': 'base'}
2025-10-22 16:44:10,301 : INFO : SwitchController : <<<<<<< 's_inner_orbit' inactive >>>>>>>
2025-10-22 16:44:10,826 : INFO : EventManager : Event: ======'inner_loop_backdoor_sequence_timeout'====== Args={}
2025-10-22 16:44:11,341 : INFO : EventManager : Event: ======'inner_loop_skill_sequence_timeout'====== Args={}
2025-10-22 16:44:12,009 : INFO : EventManager : Event: ======'right_orbit_sequence_timeout'====== Args={}
2025-10-22 16:44:12,009 : INFO : EventManager : Event: ======'right_orbit_backdoor_sequence_timeout'====== Args={}
2025-10-22 16:44:12,258 : INFO : EventManager : Event: ======'inner_loop_sequence_timeout'====== Args={}
2025-10-22 16:44:13,235 : INFO : EventManager : Event: ======'inner_loop_backdoor_sequence_timeout'====== Args={}
2025-10-22 16:44:13,765 : INFO : EventManager : Event: ======'inner_loop_skill_sequence_timeout'====== Args={}
2025-10-22 16:44:13,900 : INFO : SwitchController : <<<<<<< 's_plunger' active >>>>>>>
2025-10-22 16:44:13,900 : INFO : EventManager : Event: ======'machine_var_audits_switches_s_plunger'====== Args={'value': 1230, 'prev_value': 1229, 'change': 1}
2025-10-22 16:44:14,401 : INFO : EventManager : Event: ======'balldevice_bd_plunger_ball_count_changed'====== Args={'balls': 1}
2025-10-22 16:44:14,402 : INFO : ball_device.bd_plunger : Received unexpected ball
2025-10-22 16:44:14,402 : INFO : EventManager : Event: ======'balldevice_captured_from_playfield'====== Args={'balls': 1}
2025-10-22 16:44:14,402 : INFO : EventManager : Event: ======'sw_playfield_active'====== Args={'balls': 1}
2025-10-22 16:44:14,403 : INFO : EventManager : Event: ======'playfield_ball_count_change'====== Args={'balls': 0, 'change': -1}
2025-10-22 16:44:14,403 : INFO : EventManager : Event: ======'balldevice_bd_plunger_ball_enter'====== Args={'new_balls': 1, 'unclaimed_balls': 1, 'new_available_balls': 1, 'device': <ball_device.bd_plunger>}
2025-10-22 16:44:14,404 : INFO : ball_device.bd_plunger : Ejecting 1 unexpected balls using path deque([<ball_device.bd_plunger>, <playfield.playfield>])
2025-10-22 16:44:14,405 : INFO : EventManager : Event: ======'balldevice_balls_available'====== Args={}
2025-10-22 16:44:14,405 : INFO : EventManager : Event: ======'balldevice_balls_available'====== Args={}
2025-10-22 16:44:14,405 : INFO : EventManager : Event: ======'balldevice_bd_plunger_ball_entered'====== Args={'new_balls': 1, 'device': <ball_device.bd_plunger>}
2025-10-22 16:44:14,406 : INFO : ball_device.bd_plunger : State: waiting_for_target_ready
2025-10-22 16:44:14,407 : INFO : EventManager : Event: ======'balldevice_bd_plunger_ball_eject_attempt'====== Args={'balls': 1, 'target': <playfield.playfield>, 'source': <ball_device.bd_plunger>, 'mechanical_eject': False, 'num_attempts': 0}
2025-10-22 16:44:14,407 : INFO : ball_device.bd_plunger : State: ejecting
2025-10-22 16:44:14,408 : INFO : ball_device.bd_plunger : Ejecting ball to <playfield.playfield>
2025-10-22 16:44:14,408 : INFO : EventManager : Event: ======'balldevice_bd_plunger_ejecting_ball'====== Args={'balls': 1, 'target': <playfield.playfield>, 'source': <ball_device.bd_plunger>, 'mechanical_eject': False, 'num_attempts': 0}
2025-10-22 16:44:14,409 : INFO : ball_device.bd_plunger : Wait for ball to leave device
2025-10-22 16:44:14,409 : INFO : coil.c_plunger : Pulsing Driver for 20ms (1.0 pulse_power)
2025-10-22 16:44:14,410 : INFO : SwitchController : <<<<<<< 's_plunger' inactive >>>>>>>
2025-10-22 16:44:14,410 : INFO : EventManager : Event: ======'ball_out'====== Args={}
2025-10-22 16:44:14,416 : INFO : ball_device.bd_plunger : State: ball_left
2025-10-22 16:44:14,418 : INFO : ball_device.bd_plunger : Ball left
2025-10-22 16:44:14,418 : INFO : ball_device.bd_plunger : Wait for confirm with timeout 3.0
2025-10-22 16:44:15,989 : INFO : SwitchController : <<<<<<< 's_inner_orbit' active >>>>>>>
2025-10-22 16:44:15,990 : INFO : EventManager : Event: ======'s_inner_orbit_active'====== Args={}
2025-10-22 16:44:15,990 : INFO : EventManager : Event: ======'machine_var_audits_switches_s_inner_orbit'====== Args={'value': 13, 'prev_value': 12, 'change': 1}
2025-10-22 16:44:15,991 : INFO : EventManager : Event: ======'player_score'====== Args={'value': 5380, 'prev_value': 4370, 'change': 1010, 'player_num': 1, 'source': 'base'}
2025-10-22 16:44:16,082 : INFO : SwitchController : <<<<<<< 's_inner_orbit' inactive >>>>>>>
2025-10-22 16:44:17,004 : INFO : SwitchController : <<<<<<< 's_right_orbit' active >>>>>>>
2025-10-22 16:44:17,004 : INFO : EventManager : Event: ======'s_right_orbit_active'====== Args={}
2025-10-22 16:44:17,005 : INFO : EventManager : Event: ======'machine_var_audits_switches_s_right_orbit'====== Args={'value': 103, 'prev_value': 102, 'change': 1}
2025-10-22 16:44:17,005 : INFO : EventManager : Event: ======'player_score'====== Args={'value': 5490, 'prev_value': 5380, 'change': 110, 'player_num': 1, 'source': 'base'}
2025-10-22 16:44:17,006 : INFO : EventManager : Event: ======'inner_loop_sequence_hit'====== Args={'elapsed': 1.0150000000139698}
2025-10-22 16:44:17,008 : INFO : EventManager : Event: ======'machine_var_audits_shots_inner_loop'====== Args={'value': 8, 'prev_value': 7, 'change': 1}
2025-10-22 16:44:17,009 : INFO : EventManager : Event: ======'inner_loop_hit'====== Args={'profile': 'base_shot_profile', 'state': 'off', 'advancing': False}
2025-10-22 16:44:17,009 : INFO : EventManager : Event: ======'inner_loop_base_shot_profile_hit'====== Args={'profile': 'base_shot_profile', 'state': 'off', 'advancing': False}
2025-10-22 16:44:17,009 : INFO : EventManager : Event: ======'inner_loop_base_shot_profile_off_hit'====== Args={'profile': 'base_shot_profile', 'state': 'off', 'advancing': False}
2025-10-22 16:44:17,009 : INFO : EventManager : Event: ======'inner_loop_off_hit'====== Args={'profile': 'base_shot_profile', 'state': 'off', 'advancing': False}
2025-10-22 16:44:17,099 : INFO : SwitchController : <<<<<<< 's_right_orbit' inactive >>>>>>>
2025-10-22 16:44:17,412 : INFO : ball_device.bd_plunger : State: failed_confirm
2025-10-22 16:44:17,413 : INFO : ball_device.bd_plunger : Got timeout (3.0s) before confirm from <playfield.playfield>
2025-10-22 16:44:17,507 : INFO : ball_device.bd_plunger : Confirming eject because target is playfield and ball did not return.
2025-10-22 16:44:17,507 : INFO : ball_device.bd_plunger : Eject successful
2025-10-22 16:44:17,507 : INFO : EventManager : Event: ======'balldevice_bd_plunger_ball_eject_success'====== Args={'balls': 1, 'target': <playfield.playfield>}
2025-10-22 16:44:17,508 : INFO : EventManager : Event: ======'balldevice_playfield_ball_enter'====== Args={'new_balls': 1, 'unclaimed_balls': 1, 'device': <playfield.playfield>}
2025-10-22 16:44:17,508 : INFO : EventManager : Event: ======'playfield_ball_count_change'====== Args={'balls': 1, 'change': 1}
2025-10-22 16:44:17,508 : INFO : Timer.skill_shot_timeout : Starting Timer.
2025-10-22 16:44:17,508 : INFO : Timer.skill_shot_timeout : Timer Complete
2025-10-22 16:44:17,508 : INFO : Timer.skill_shot_timeout : Stopping Timer
2025-10-22 16:44:17,508 : INFO : EventManager : Event: ======'timer_skill_shot_timeout_stopped'====== Args={'ticks': 4, 'ticks_remaining': 1}
2025-10-22 16:44:17,508 : INFO : EventManager : Event: ======'timer_skill_shot_timeout_complete'====== Args={'ticks': 4, 'ticks_remaining': 1}
2025-10-22 16:44:17,509 : INFO : EventManager : Event: ======'balldevice_bd_plunger_ball_count_changed'====== Args={'balls': 0}
2025-10-22 16:44:17,509 : INFO : ball_device.bd_plunger : State: idle
2025-10-22 16:44:17,892 : INFO : SwitchController : <<<<<<< 's_inner_orbit' active >>>>>>>
2025-10-22 16:44:17,893 : INFO : EventManager : Event: ======'s_inner_orbit_active'====== Args={}
2025-10-22 16:44:17,893 : INFO : EventManager : Event: ======'machine_var_audits_switches_s_inner_orbit'====== Args={'value': 14, 'prev_value': 13, 'change': 1}
2025-10-22 16:44:17,894 : INFO : EventManager : Event: ======'player_score'====== Args={'value': 6500, 'prev_value': 5490, 'change': 1010, 'player_num': 1, 'source': 'base'}
2025-10-22 16:44:17,968 : INFO : SwitchController : <<<<<<< 's_inner_orbit' inactive >>>>>>>
2025-10-22 16:44:19,003 : INFO : EventManager : Event: ======'inner_loop_backdoor_sequence_timeout'====== Args={}
2025-10-22 16:44:19,497 : INFO : EventManager : Event: ======'inner_loop_skill_sequence_timeout'====== Args={}
2025-10-22 16:44:19,903 : INFO : EventManager : Event: ======'inner_loop_sequence_timeout'====== Args={}
2025-10-22 16:44:19,995 : INFO : EventManager : Event: ======'right_orbit_backdoor_sequence_timeout'====== Args={}
2025-10-22 16:44:19,996 : INFO : EventManager : Event: ======'right_orbit_sequence_timeout'====== Args={}
2025-10-22 16:44:20,894 : INFO : EventManager : Event: ======'inner_loop_backdoor_sequence_timeout'====== Args={}
2025-10-22 16:44:21,390 : INFO : EventManager : Event: ======'inner_loop_skill_sequence_timeout'====== Args={}
2025-10-22 16:44:38,919 : INFO : Machine : Shutting down...
2025-10-22 16:44:38,919 : INFO : EventManager : Event: ======'shutdown'====== Args={}
2025-10-22 16:44:38,920 : INFO : EventManager : Event: ======'mode_service_will_stop'====== Args={}
2025-10-22 16:44:38,920 : INFO : EventManager : Event: ======'mode_service_stopping'====== Args={}
2025-10-22 16:44:38,921 : INFO : Mode.service : Stopped.
2025-10-22 16:44:38,921 : INFO : EventManager : Event: ======'modes_active_modes_changed'====== Args={}
2025-10-22 16:44:38,921 : INFO : EventManager : Event: ======'mode_service_stopped'====== Args={}
2025-10-22 16:44:38,921 : INFO : EventManager : Event: ======'clear'====== Args={'key': 'service'}
2025-10-22 16:44:38,922 : INFO : EventManager : Event: ======'mode_game_will_stop'====== Args={}
2025-10-22 16:44:38,923 : INFO : EventManager : Event: ======'mode_game_stopping'====== Args={}
2025-10-22 16:44:38,923 : INFO : EventManager : Event: ======'mode_skill_shot_will_stop'====== Args={}
2025-10-22 16:44:38,924 : INFO : EventManager : Event: ======'mode_skill_shot_stopping'====== Args={}
2025-10-22 16:44:38,924 : INFO : EventManager : Event: ======'mode_carousel_will_stop'====== Args={}
2025-10-22 16:44:38,924 : INFO : EventManager : Event: ======'mode_carousel_stopping'====== Args={}
2025-10-22 16:44:38,924 : INFO : EventManager : Event: ======'mode_multiball_will_stop'====== Args={}
2025-10-22 16:44:38,924 : INFO : EventManager : Event: ======'mode_multiball_stopping'====== Args={}
2025-10-22 16:44:38,924 : INFO : EventManager : Event: ======'mode_base_will_stop'====== Args={}
2025-10-22 16:44:38,924 : INFO : EventManager : Event: ======'mode_base_stopping'====== Args={}
2025-10-22 16:44:38,924 : INFO : Mode.base : Stopped.
2025-10-22 16:44:38,924 : INFO : EventManager : Event: ======'modes_active_modes_changed'====== Args={}
2025-10-22 16:44:38,925 : INFO : EventManager : Event: ======'mode_base_stopped'====== Args={}
2025-10-22 16:44:38,925 : INFO : EventManager : Event: ======'clear'====== Args={'key': 'base'}
2025-10-22 16:44:38,927 : INFO : Timer.chcheckitoutfinish_widget_timer : Stopping Timer
2025-10-22 16:44:38,927 : INFO : EventManager : Event: ======'timer_chcheckitoutfinish_widget_timer_stopped'====== Args={'ticks': 0, 'ticks_remaining': 0}
2025-10-22 16:44:38,930 : INFO : Mode.multiball : Stopped.
2025-10-22 16:44:38,930 : INFO : EventManager : Event: ======'modes_active_modes_changed'====== Args={}
2025-10-22 16:44:38,931 : INFO : EventManager : Event: ======'mode_multiball_stopped'====== Args={}
2025-10-22 16:44:38,931 : INFO : EventManager : Event: ======'clear'====== Args={'key': 'multiball'}
2025-10-22 16:44:38,931 : INFO : Mode.carousel : Stopped.
2025-10-22 16:44:38,931 : INFO : EventManager : Event: ======'modes_active_modes_changed'====== Args={}
2025-10-22 16:44:38,931 : INFO : EventManager : Event: ======'mode_carousel_stopped'====== Args={}
2025-10-22 16:44:38,931 : INFO : EventManager : Event: ======'clear'====== Args={'key': 'carousel'}
2025-10-22 16:44:38,931 : INFO : Mode.skill_shot : Stopped.
2025-10-22 16:44:38,931 : INFO : EventManager : Event: ======'modes_active_modes_changed'====== Args={}
2025-10-22 16:44:38,931 : INFO : EventManager : Event: ======'mode_skill_shot_stopped'====== Args={}
2025-10-22 16:44:38,931 : INFO : EventManager : Event: ======'clear'====== Args={'key': 'skill_shot'}
2025-10-22 16:44:38,932 : INFO : Timer.skill_shot_timeout : Stopping Timer
2025-10-22 16:44:38,932 : INFO : EventManager : Event: ======'timer_skill_shot_timeout_stopped'====== Args={'ticks': 4, 'ticks_remaining': 1}
2025-10-22 16:44:38,934 : INFO : Mode.game : Stopped.
2025-10-22 16:44:38,934 : INFO : EventManager : Event: ======'modes_active_modes_changed'====== Args={}
2025-10-22 16:44:38,934 : INFO : EventManager : Event: ======'mode_game_stopped'====== Args={}
2025-10-22 16:44:38,934 : INFO : EventManager : Event: ======'clear'====== Args={'key': 'game'}
2025-10-22 16:44:38,938 : INFO : root : MPF run loop ended.
