2025-09-21 14:33:17,084 : INFO : root : Loading config.
2025-09-21 14:33:17,091 : INFO : YamlMultifileConfigLoader : Machine config file #1: config.yaml
2025-09-21 14:33:17,091 : WARNING : ConfigProcessor : Config file in cache changed: C:\venv\mpf\mmmdrop\config\config.yaml
2025-09-21 14:33:17,091 : INFO : ConfigProcessor : Loading config from file c:\venv\mpf\lib\site-packages\mpf\mpfconfig.yaml.
2025-09-21 14:33:17,100 : INFO : ConfigProcessor : Loading config: c:\venv\mpf\lib\site-packages\mpf\mpfconfig.yaml
2025-09-21 14:33:17,101 : INFO : ConfigProcessor : Loading config from file C:\venv\mpf\mmmdrop\config\config.yaml.
2025-09-21 14:33:17,105 : INFO : ConfigProcessor : Loading config: C:\venv\mpf\mmmdrop\config\config.yaml
2025-09-21 14:33:17,107 : INFO : ConfigProcessor : Loading config: C:\venv\mpf\mmmdrop\config\coils.yaml
2025-09-21 14:33:17,110 : INFO : ConfigProcessor : Loading config: C:\venv\mpf\mmmdrop\config\switches.yaml
2025-09-21 14:33:17,113 : INFO : ConfigProcessor : Config file cache created: C:\Users\sdona\AppData\Local\Temp\19f6d0d7953982fda9d956182316b8e5.mpf_cache
2025-09-21 14:33:17,201 : WARNING : ConfigProcessor : Config file in cache changed: C:\venv\mpf\mmmdrop\modes\attract\config\attract.yaml
2025-09-21 14:33:17,201 : INFO : ConfigProcessor : Loading config from file c:\venv\mpf\lib\site-packages\mpf\modes\attract\config\attract.yaml.
2025-09-21 14:33:17,201 : INFO : ConfigProcessor : Loading config: c:\venv\mpf\lib\site-packages\mpf\modes\attract\config\attract.yaml
2025-09-21 14:33:17,201 : INFO : ConfigProcessor : Loading config from file C:\venv\mpf\mmmdrop\modes\attract\config\attract.yaml.
2025-09-21 14:33:17,202 : INFO : ConfigProcessor : Loading config: C:\venv\mpf\mmmdrop\modes\attract\config\attract.yaml
2025-09-21 14:33:17,203 : INFO : ConfigProcessor : Config file cache created: C:\Users\sdona\AppData\Local\Temp\835b5bfea4be8b279a05e96caaaffbbb.mpf_cache
2025-09-21 14:33:17,204 : INFO : ConfigProcessor : Loading config from cache: C:\Users\sdona\AppData\Local\Temp\9b0a7575388f9d9bd2f6ab87bf9fd2f7.mpf_cache
2025-09-21 14:33:17,205 : WARNING : ConfigProcessor : Config file in cache changed: C:\venv\mpf\mmmdrop\modes\base\config\base.yaml
2025-09-21 14:33:17,205 : INFO : ConfigProcessor : Loading config from file C:\venv\mpf\mmmdrop\modes\base\config\base.yaml.
2025-09-21 14:33:17,207 : INFO : ConfigProcessor : Loading config: C:\venv\mpf\mmmdrop\modes\base\config\base.yaml
2025-09-21 14:33:17,208 : INFO : ConfigProcessor : Config file cache created: C:\Users\sdona\AppData\Local\Temp\c340ec0033d1055cd797ffd5447ef414.mpf_cache
2025-09-21 14:33:17,210 : INFO : ConfigProcessor : Loading config from cache: C:\Users\sdona\AppData\Local\Temp\835b5bfea4be8b279a05e96caaaffbbb.mpf_cache
2025-09-21 14:33:17,211 : INFO : ConfigProcessor : Loading config from file C:\venv\mpf\mmmdrop\modes\skillshot\config\skillshot.yaml.
2025-09-21 14:33:17,213 : INFO : ConfigProcessor : Loading config: C:\venv\mpf\mmmdrop\modes\skillshot\config\skillshot.yaml
2025-09-21 14:33:17,214 : INFO : ConfigProcessor : Config file cache created: C:\Users\sdona\AppData\Local\Temp\a68b5ea092c2547502c913f4082447e8.mpf_cache
2025-09-21 14:33:17,215 : INFO : Machine : Mission Pinball Framework Core Engine v0.80.0.dev9
2025-09-21 14:33:17,215 : INFO : Machine : Command line arguments: {'no_load_cache': False, 'create_config_cache': True, 'bcp': True, 'configfile': ['config.yaml'], 'force_assets_load': False, 'platform_integration_test': False, 'jsonlogging': False, 'logfile': 'logs\\2025-09-21-14-33-17-mpf-PinballLaptop.log', 'pause': False, 'production': False, 'text_ui': True, 'loglevel': 15, 'consoleloglevel': 20, 'force_platform': 'smart_virtual', 'syslog_address': None, 'full_logfile_path': 'C:\\venv\\mpf\\mmmdrop\\logs\\2025-09-21-14-33-17-mpf-PinballLaptop.log'}
2025-09-21 14:33:17,215 : INFO : Machine : MPF path: c:\venv\mpf\lib\site-packages\mpf
2025-09-21 14:33:17,215 : INFO : Machine : Machine path: C:\venv\mpf\mmmdrop
2025-09-21 14:33:17,215 : INFO : Machine : Platform: win32
2025-09-21 14:33:17,215 : INFO : Machine : Python executable location: c:\venv\mpf\Scripts\python.exe
2025-09-21 14:33:17,215 : INFO : Machine : Python version: 3.9.13 (64-bit)
2025-09-21 14:33:17,217 : INFO : Machine : Initializing MPF...
2025-09-21 14:33:17,438 : INFO : EventManager : Event: ======'machine_var_credits_string'====== Args={'value': 'FREE PLAY', 'prev_value': None, 'change': True}
2025-09-21 14:33:17,460 : INFO : EventManager : Event: ======'machine_var_fast_audio_headphones_volume'====== Args={'value': 10, 'prev_value': None, 'change': True}
2025-09-21 14:33:17,460 : INFO : EventManager : Event: ======'machine_var_fast_audio_main_volume'====== Args={'value': 44, 'prev_value': None, 'change': True}
2025-09-21 14:33:17,460 : INFO : EventManager : Event: ======'machine_var_master_volume'====== Args={'value': 0.15, 'prev_value': None, 'change': True}
2025-09-21 14:33:17,460 : INFO : EventManager : Event: ======'machine_var_player1_score'====== Args={'value': 140190, 'prev_value': None, 'change': True}
2025-09-21 14:33:17,460 : INFO : EventManager : Event: ======'machine_var_mpf_version'====== Args={'value': 'Mission Pinball Framework v0.80.0.dev9', 'prev_value': None, 'change': True}
2025-09-21 14:33:17,460 : INFO : EventManager : Event: ======'machine_var_mpf_extended_version'====== Args={'value': 'Mission Pinball Framework v0.80.0.dev9, Config version:6, Show version: 6, BCP version:1.1', 'prev_value': None, 'change': True}
2025-09-21 14:33:17,460 : INFO : EventManager : Event: ======'machine_var_python_version'====== Args={'value': '3.9.13', 'prev_value': None, 'change': True}
2025-09-21 14:33:17,889 : INFO : EventManager : Event: ======'machine_var_platform'====== Args={'value': 'Windows-10-10.0.26100-SP0', 'prev_value': None, 'change': True}
2025-09-21 14:33:17,889 : INFO : EventManager : Event: ======'machine_var_platform_system'====== Args={'value': 'Windows', 'prev_value': None, 'change': True}
2025-09-21 14:33:17,890 : INFO : EventManager : Event: ======'machine_var_platform_release'====== Args={'value': '10', 'prev_value': None, 'change': True}
2025-09-21 14:33:17,890 : INFO : EventManager : Event: ======'machine_var_platform_version'====== Args={'value': '10.0.26100', 'prev_value': None, 'change': True}
2025-09-21 14:33:17,890 : INFO : EventManager : Event: ======'machine_var_platform_machine'====== Args={'value': 'AMD64', 'prev_value': None, 'change': True}
2025-09-21 14:33:17,890 : INFO : EventManager : Event: ======'machine_var_log_file_path'====== Args={'value': 'C:\\venv\\mpf\\mmmdrop\\logs\\2025-09-21-14-33-17-mpf-PinballLaptop.log', 'prev_value': None, 'change': True}
2025-09-21 14:33:17,890 : INFO : EventManager : Event: ======'init_phase_1'====== Args={}
2025-09-21 14:33:17,916 : INFO : EventManager : Event: ======'drop_target_bank_three_bank_up'====== Args={}
2025-09-21 14:33:17,916 : INFO : EventManager : Event: ======'init_phase_2'====== Args={}
2025-09-21 14:33:17,917 : INFO : SwitchController : Found active switch: ('3208-0', <Platform.SmartVirtual>) <switch.s_trough1>
2025-09-21 14:33:17,917 : INFO : SwitchController : Found active switch: ('3208-1', <Platform.SmartVirtual>) <switch.s_trough2>
2025-09-21 14:33:17,917 : INFO : SwitchController : Found active switch: ('3208-2', <Platform.SmartVirtual>) <switch.s_trough3>
2025-09-21 14:33:17,917 : INFO : SwitchController : Found active switch: ('3208-3', <Platform.SmartVirtual>) <switch.s_trough4>
2025-09-21 14:33:17,917 : INFO : SwitchController : Found active switch: ('3208-4', <Platform.SmartVirtual>) <switch.s_trough5>
2025-09-21 14:33:17,917 : INFO : SwitchController : Found active switch: ('3208-5', <Platform.SmartVirtual>) <switch.s_trough6>
2025-09-21 14:33:17,920 : ERROR : asyncio : Exception in callback EventManager._queue_task_done(<Task finishe...e_immediate')>)
handle: <Handle EventManager._queue_task_done(<Task finishe...e_immediate')>)>
Traceback (most recent call last):
  File "C:\Program Files\Python39\lib\asyncio\events.py", line 80, in _run
    self._context.run(self._callback, *self._args)
  File "c:\venv\mpf\lib\site-packages\mpf\core\events.py", line 795, in _queue_task_done
    future.result()
  File "c:\venv\mpf\lib\site-packages\mpf\core\events.py", line 708, in _run_handlers_sequential
    handler.callback(queue=queue, **merged_kwargs)
  File "c:\venv\mpf\lib\site-packages\mpf\core\mode_controller.py", line 97, in initialize_modes
    item.method(config=mode.config[item.config_section],
  File "c:\venv\mpf\lib\site-packages\mpf\core\config_player.py", line 150, in process_mode_config
    config = self.validate_config(config)
  File "c:\venv\mpf\lib\site-packages\mpf\core\config_player.py", line 113, in validate_config
    validated_config[event] = self.validate_config_entry(settings, event)
  File "c:\venv\mpf\lib\site-packages\mpf\config_players\device_config_player.py", line 56, in validate_config_entry
    raise e
  File "c:\venv\mpf\lib\site-packages\mpf\config_players\device_config_player.py", line 52, in validate_config_entry
    self._validate_config_item(device, device_settings))
  File "c:\venv\mpf\lib\site-packages\mpf\config_players\slide_player.py", line 21, in _validate_config_item
    device_settings = self.machine.config_validator.validate_config(
  File "c:\venv\mpf\lib\site-packages\mpf\core\config_validator.py", line 164, in validate_config
    return self._validate_config(config_spec, source, base_spec=base_spec, add_missing_keys=add_missing_keys,
  File "c:\venv\mpf\lib\site-packages\mpf\core\config_validator.py", line 204, in _validate_config
    processed_config[k] = self.validate_config_item(
  File "c:\venv\mpf\lib\site-packages\mpf\core\config_validator.py", line 243, in validate_config_item
    return self.validate_item(item, validation, validation_failure_info)
  File "c:\venv\mpf\lib\site-packages\mpf\core\config_validator.py", line 699, in validate_item
    return self.validator_list[validator](item, validation_failure_info=validation_failure_info, param=param)
  File "c:\venv\mpf\lib\site-packages\mpf\core\config_validator.py", line 390, in _validate_type_enum
    raise self.validation_error(
mpf.exceptions.config_file_error.ConfigFileError: Config File Error in ConfigValidator: Failed to load config player mode_skillshot_started:slides with settings {'skillshot_overlay': {'action': 'add', 'priority': 800000, 'target': None, 'expire': None, 'slide': None, 'tokens': {}}} >> Config validation error: Entry slide_player:slide_player:action = "add" is not valid. Entry "add" is not valid for enum. Valid values are: play,remove,method,animation,update,preload,queue,queue_first,queue_immediate Error Code: CFE-ConfigValidator-5 (https://missionpinball.org/logs)
2025-09-21 14:33:17,931 : INFO : Machine : Starting the main run loop with active modes: []
2025-09-21 14:33:17,931 : WARNING : Machine : Attract mode is not active, game will not be playable. Please check your attract mode configuration.
2025-09-21 14:33:17,932 : INFO : Machine : Shutting down...
2025-09-21 14:33:17,932 : INFO : EventManager : Event: ======'shutdown'====== Args={}
2025-09-21 14:33:18,935 : ERROR : Machine : Runtime Exception
Traceback (most recent call last):
  File "c:\venv\mpf\lib\site-packages\mpf\core\machine.py", line 808, in _run_loop
    raise self._exception['exception']
  File "C:\Program Files\Python39\lib\asyncio\events.py", line 80, in _run
    self._context.run(self._callback, *self._args)
  File "c:\venv\mpf\lib\site-packages\mpf\core\events.py", line 795, in _queue_task_done
    future.result()
  File "c:\venv\mpf\lib\site-packages\mpf\core\events.py", line 708, in _run_handlers_sequential
    handler.callback(queue=queue, **merged_kwargs)
  File "c:\venv\mpf\lib\site-packages\mpf\core\mode_controller.py", line 97, in initialize_modes
    item.method(config=mode.config[item.config_section],
  File "c:\venv\mpf\lib\site-packages\mpf\core\config_player.py", line 150, in process_mode_config
    config = self.validate_config(config)
  File "c:\venv\mpf\lib\site-packages\mpf\core\config_player.py", line 113, in validate_config
    validated_config[event] = self.validate_config_entry(settings, event)
  File "c:\venv\mpf\lib\site-packages\mpf\config_players\device_config_player.py", line 56, in validate_config_entry
    raise e
  File "c:\venv\mpf\lib\site-packages\mpf\config_players\device_config_player.py", line 52, in validate_config_entry
    self._validate_config_item(device, device_settings))
  File "c:\venv\mpf\lib\site-packages\mpf\config_players\slide_player.py", line 21, in _validate_config_item
    device_settings = self.machine.config_validator.validate_config(
  File "c:\venv\mpf\lib\site-packages\mpf\core\config_validator.py", line 164, in validate_config
    return self._validate_config(config_spec, source, base_spec=base_spec, add_missing_keys=add_missing_keys,
  File "c:\venv\mpf\lib\site-packages\mpf\core\config_validator.py", line 204, in _validate_config
    processed_config[k] = self.validate_config_item(
  File "c:\venv\mpf\lib\site-packages\mpf\core\config_validator.py", line 243, in validate_config_item
    return self.validate_item(item, validation, validation_failure_info)
  File "c:\venv\mpf\lib\site-packages\mpf\core\config_validator.py", line 699, in validate_item
    return self.validator_list[validator](item, validation_failure_info=validation_failure_info, param=param)
  File "c:\venv\mpf\lib\site-packages\mpf\core\config_validator.py", line 390, in _validate_type_enum
    raise self.validation_error(
mpf.exceptions.config_file_error.ConfigFileError: Config File Error in ConfigValidator: Failed to load config player mode_skillshot_started:slides with settings {'skillshot_overlay': {'action': 'add', 'priority': 800000, 'target': None, 'expire': None, 'slide': None, 'tokens': {}}} >> Config validation error: Entry slide_player:slide_player:action = "add" is not valid. Entry "add" is not valid for enum. Valid values are: play,remove,method,animation,update,preload,queue,queue_first,queue_immediate Error Code: CFE-ConfigValidator-5 (https://missionpinball.org/logs)
2025-09-21 14:33:20,731 : INFO : root : MPF run loop ended.
