2025-10-10 19:48:10,369 : INFO : root : Loading config.
2025-10-10 19:48:10,373 : INFO : YamlMultifileConfigLoader : Machine config file #1: config.yaml
2025-10-10 19:48:10,373 : WARNING : ConfigProcessor : Config file in cache changed: C:\venv\mpf\mmmdrop\config\config.yaml
2025-10-10 19:48:10,373 : INFO : ConfigProcessor : Loading config from file c:\venv\mpf\lib\site-packages\mpf\mpfconfig.yaml.
2025-10-10 19:48:10,383 : INFO : ConfigProcessor : Loading config: c:\venv\mpf\lib\site-packages\mpf\mpfconfig.yaml
2025-10-10 19:48:10,383 : INFO : ConfigProcessor : Loading config from file C:\venv\mpf\mmmdrop\config\config.yaml.
2025-10-10 19:48:10,386 : INFO : ConfigProcessor : Loading config: C:\venv\mpf\mmmdrop\config\config.yaml
2025-10-10 19:48:10,388 : INFO : ConfigProcessor : Loading config: C:\venv\mpf\mmmdrop\config\coils.yaml
2025-10-10 19:48:10,392 : INFO : ConfigProcessor : Loading config: C:\venv\mpf\mmmdrop\config\switches.yaml
2025-10-10 19:48:10,395 : INFO : ConfigProcessor : Loading config: C:\venv\mpf\mmmdrop\config\lights.yaml
2025-10-10 19:48:10,398 : INFO : ConfigProcessor : Config file cache created: C:\Users\sdona\AppData\Local\Temp\19f6d0d7953982fda9d956182316b8e5.mpf_cache
2025-10-10 19:48:10,499 : INFO : ConfigProcessor : Loading config from cache: C:\Users\sdona\AppData\Local\Temp\835b5bfea4be8b279a05e96caaaffbbb.mpf_cache
2025-10-10 19:48:10,500 : INFO : ConfigProcessor : Loading config from cache: C:\Users\sdona\AppData\Local\Temp\9b0a7575388f9d9bd2f6ab87bf9fd2f7.mpf_cache
2025-10-10 19:48:10,501 : INFO : ConfigProcessor : Loading config from cache: C:\Users\sdona\AppData\Local\Temp\c340ec0033d1055cd797ffd5447ef414.mpf_cache
2025-10-10 19:48:10,503 : INFO : ConfigProcessor : Loading config from cache: C:\Users\sdona\AppData\Local\Temp\835b5bfea4be8b279a05e96caaaffbbb.mpf_cache
2025-10-10 19:48:10,503 : INFO : ConfigProcessor : Loading config from cache: C:\Users\sdona\AppData\Local\Temp\8c11a28e3c38d4ad47947b6a126f2ee9.mpf_cache
2025-10-10 19:48:10,504 : INFO : ConfigProcessor : Loading config from cache: C:\Users\sdona\AppData\Local\Temp\e391083cdc9e667060411fe5838e93f2.mpf_cache
2025-10-10 19:48:10,505 : INFO : ConfigProcessor : Loading config from cache: C:\Users\sdona\AppData\Local\Temp\f0c219a993d891ee86dcb7eae47dde67.mpf_cache
2025-10-10 19:48:10,505 : INFO : ConfigProcessor : Loading config from cache: C:\Users\sdona\AppData\Local\Temp\96aa58108928490b129531848cd9b506.mpf_cache
2025-10-10 19:48:10,506 : INFO : ConfigProcessor : Loading config from cache: C:\Users\sdona\AppData\Local\Temp\567636b9d9766e3361204e954a8382da.mpf_cache
2025-10-10 19:48:10,507 : INFO : Machine : Mission Pinball Framework Core Engine v0.80.0.dev9
2025-10-10 19:48:10,507 : INFO : Machine : Command line arguments: {'no_load_cache': False, 'create_config_cache': True, 'bcp': True, 'configfile': ['config.yaml'], 'force_assets_load': False, 'platform_integration_test': False, 'jsonlogging': False, 'logfile': 'logs\\2025-10-10-19-48-10-mpf-PinballLaptop.log', 'pause': False, 'production': False, 'text_ui': True, 'loglevel': 15, 'consoleloglevel': 20, 'force_platform': 'smart_virtual', 'syslog_address': None, 'full_logfile_path': 'C:\\venv\\mpf\\mmmdrop\\logs\\2025-10-10-19-48-10-mpf-PinballLaptop.log'}
2025-10-10 19:48:10,507 : INFO : Machine : MPF path: c:\venv\mpf\lib\site-packages\mpf
2025-10-10 19:48:10,507 : INFO : Machine : Machine path: C:\venv\mpf\mmmdrop
2025-10-10 19:48:10,507 : INFO : Machine : Platform: win32
2025-10-10 19:48:10,507 : INFO : Machine : Python executable location: c:\venv\mpf\Scripts\python.exe
2025-10-10 19:48:10,507 : INFO : Machine : Python version: 3.9.13 (64-bit)
2025-10-10 19:48:10,510 : INFO : Machine : Initializing MPF...
2025-10-10 19:48:10,709 : INFO : EventManager : Event: ======'machine_var_credits_string'====== Args={'value': 'FREE PLAY', 'prev_value': None, 'change': True}
2025-10-10 19:48:10,737 : INFO : EventManager : Event: ======'machine_var_fast_audio_headphones_volume'====== Args={'value': 10, 'prev_value': None, 'change': True}
2025-10-10 19:48:10,738 : INFO : EventManager : Event: ======'machine_var_fast_audio_main_volume'====== Args={'value': 44, 'prev_value': None, 'change': True}
2025-10-10 19:48:10,738 : INFO : EventManager : Event: ======'machine_var_master_volume'====== Args={'value': 0.15, 'prev_value': None, 'change': True}
2025-10-10 19:48:10,738 : INFO : EventManager : Event: ======'machine_var_player1_score'====== Args={'value': 2075720, 'prev_value': None, 'change': True}
2025-10-10 19:48:10,738 : INFO : EventManager : Event: ======'machine_var_mpf_version'====== Args={'value': 'Mission Pinball Framework v0.80.0.dev9', 'prev_value': None, 'change': True}
2025-10-10 19:48:10,738 : INFO : EventManager : Event: ======'machine_var_mpf_extended_version'====== Args={'value': 'Mission Pinball Framework v0.80.0.dev9, Config version:6, Show version: 6, BCP version:1.1', 'prev_value': None, 'change': True}
2025-10-10 19:48:10,738 : INFO : EventManager : Event: ======'machine_var_python_version'====== Args={'value': '3.9.13', 'prev_value': None, 'change': True}
2025-10-10 19:48:10,784 : INFO : EventManager : Event: ======'machine_var_platform'====== Args={'value': 'Windows-10-10.0.26100-SP0', 'prev_value': None, 'change': True}
2025-10-10 19:48:10,784 : INFO : EventManager : Event: ======'machine_var_platform_system'====== Args={'value': 'Windows', 'prev_value': None, 'change': True}
2025-10-10 19:48:10,784 : INFO : EventManager : Event: ======'machine_var_platform_release'====== Args={'value': '10', 'prev_value': None, 'change': True}
2025-10-10 19:48:10,784 : INFO : EventManager : Event: ======'machine_var_platform_version'====== Args={'value': '10.0.26100', 'prev_value': None, 'change': True}
2025-10-10 19:48:10,784 : INFO : EventManager : Event: ======'machine_var_platform_machine'====== Args={'value': 'AMD64', 'prev_value': None, 'change': True}
2025-10-10 19:48:10,784 : INFO : EventManager : Event: ======'machine_var_log_file_path'====== Args={'value': 'C:\\venv\\mpf\\mmmdrop\\logs\\2025-10-10-19-48-10-mpf-PinballLaptop.log', 'prev_value': None, 'change': True}
2025-10-10 19:48:10,784 : INFO : EventManager : Event: ======'init_phase_1'====== Args={}
2025-10-10 19:48:10,838 : INFO : EventManager : Event: ======'drop_target_bank_three_bank_up'====== Args={}
2025-10-10 19:48:10,840 : INFO : EventManager : Event: ======'init_phase_2'====== Args={}
2025-10-10 19:48:10,840 : INFO : SwitchController : Found active switch: ('3208-0', <Platform.SmartVirtual>) <switch.s_trough1>
2025-10-10 19:48:10,840 : INFO : SwitchController : Found active switch: ('3208-1', <Platform.SmartVirtual>) <switch.s_trough2>
2025-10-10 19:48:10,840 : INFO : SwitchController : Found active switch: ('3208-2', <Platform.SmartVirtual>) <switch.s_trough3>
2025-10-10 19:48:10,840 : INFO : SwitchController : Found active switch: ('3208-3', <Platform.SmartVirtual>) <switch.s_trough4>
2025-10-10 19:48:10,840 : INFO : SwitchController : Found active switch: ('3208-4', <Platform.SmartVirtual>) <switch.s_trough5>
2025-10-10 19:48:10,840 : INFO : SwitchController : Found active switch: ('3208-5', <Platform.SmartVirtual>) <switch.s_trough6>
2025-10-10 19:48:10,852 : INFO : EventManager : Event: ======'bcp_connection_attempt'====== Args={'name': 'local_display', 'host': 'localhost', 'port': 5050}
2025-10-10 19:48:10,854 : INFO : BCPClientSocket : Connecting BCP to 'local_display' at localhost:5050...
2025-10-10 19:48:14,446 : INFO : BCPClientSocket : Connected BCP to 'local_display' localhost:5050
2025-10-10 19:48:14,447 : INFO : EventManager : Event: ======'bcp_clients_connected'====== Args={}
2025-10-10 19:48:14,603 : INFO : ball_device.bd_trough : BCH: Initial count: 6
2025-10-10 19:48:14,658 : INFO : ball_device.bd_trough : State: idle
2025-10-10 19:48:14,659 : INFO : ball_device.bd_plunger : BCH: Initial count: 0
2025-10-10 19:48:14,660 : INFO : ball_device.bd_plunger : State: idle
2025-10-10 19:48:14,660 : INFO : ball_device.bd_scoop : BCH: Initial count: 0
2025-10-10 19:48:14,660 : INFO : ball_device.bd_scoop : State: idle
2025-10-10 19:48:14,680 : INFO : EventManager : Event: ======'init_phase_3'====== Args={}
2025-10-10 19:48:14,683 : INFO : EventManager : Event: ======'init_phase_4'====== Args={}
2025-10-10 19:48:14,683 : INFO : BallController : Initial balls found: 6
2025-10-10 19:48:14,685 : INFO : EventManager : Event: ======'machine_var_audits_events_game_ended'====== Args={'value': 37, 'prev_value': None, 'change': True}
2025-10-10 19:48:14,685 : INFO : EventManager : Event: ======'machine_var_audits_events_game_started'====== Args={'value': 355, 'prev_value': None, 'change': True}
2025-10-10 19:48:14,685 : INFO : EventManager : Event: ======'machine_var_audits_missing_switches_s_captive_ball'====== Args={'value': 8, 'prev_value': None, 'change': True}
2025-10-10 19:48:14,685 : INFO : EventManager : Event: ======'machine_var_audits_missing_switches_s_center_upper_pop'====== Args={'value': 11, 'prev_value': None, 'change': True}
2025-10-10 19:48:14,686 : INFO : EventManager : Event: ======'machine_var_audits_missing_switches_s_inner_orbit'====== Args={'value': 11, 'prev_value': None, 'change': True}
2025-10-10 19:48:14,686 : INFO : EventManager : Event: ======'machine_var_audits_missing_switches_s_left_flipper'====== Args={'value': 65, 'prev_value': None, 'change': True}
2025-10-10 19:48:14,686 : INFO : EventManager : Event: ======'machine_var_audits_missing_switches_s_left_inlane'====== Args={'value': 11, 'prev_value': None, 'change': True}
2025-10-10 19:48:14,686 : INFO : EventManager : Event: ======'machine_var_audits_missing_switches_s_left_orbit'====== Args={'value': 8, 'prev_value': None, 'change': True}
2025-10-10 19:48:14,686 : INFO : EventManager : Event: ======'machine_var_audits_missing_switches_s_left_outlane'====== Args={'value': 99, 'prev_value': None, 'change': True}
2025-10-10 19:48:14,686 : INFO : EventManager : Event: ======'machine_var_audits_missing_switches_s_left_ramp'====== Args={'value': 8, 'prev_value': None, 'change': True}
2025-10-10 19:48:14,686 : INFO : EventManager : Event: ======'machine_var_audits_missing_switches_s_left_slingshot'====== Args={'value': 281, 'prev_value': None, 'change': True}
2025-10-10 19:48:14,686 : INFO : EventManager : Event: ======'machine_var_audits_missing_switches_s_left_upper_pop'====== Args={'value': 11, 'prev_value': None, 'change': True}
2025-10-10 19:48:14,687 : INFO : EventManager : Event: ======'machine_var_audits_missing_switches_s_pop_standup'====== Args={'value': 8, 'prev_value': None, 'change': True}
2025-10-10 19:48:14,687 : INFO : EventManager : Event: ======'machine_var_audits_missing_switches_s_right_flipper'====== Args={'value': 65, 'prev_value': None, 'change': True}
2025-10-10 19:48:14,687 : INFO : EventManager : Event: ======'machine_var_audits_missing_switches_s_right_inlane'====== Args={'value': 11, 'prev_value': None, 'change': True}
2025-10-10 19:48:14,687 : INFO : EventManager : Event: ======'machine_var_audits_missing_switches_s_right_lower_pop'====== Args={'value': 2, 'prev_value': None, 'change': True}
2025-10-10 19:48:14,687 : INFO : EventManager : Event: ======'machine_var_audits_missing_switches_s_right_orbit'====== Args={'value': 8, 'prev_value': None, 'change': True}
2025-10-10 19:48:14,687 : INFO : EventManager : Event: ======'machine_var_audits_missing_switches_s_right_outlane'====== Args={'value': 166, 'prev_value': None, 'change': True}
2025-10-10 19:48:14,687 : INFO : EventManager : Event: ======'machine_var_audits_missing_switches_s_right_ramp'====== Args={'value': 8, 'prev_value': None, 'change': True}
2025-10-10 19:48:14,687 : INFO : EventManager : Event: ======'machine_var_audits_missing_switches_s_right_slingshot'====== Args={'value': 131, 'prev_value': None, 'change': True}
2025-10-10 19:48:14,687 : INFO : EventManager : Event: ======'machine_var_audits_missing_switches_s_scoop'====== Args={'value': 8, 'prev_value': None, 'change': True}
2025-10-10 19:48:14,688 : INFO : EventManager : Event: ======'machine_var_audits_missing_switches_s_spinner'====== Args={'value': 9, 'prev_value': None, 'change': True}
2025-10-10 19:48:14,688 : INFO : EventManager : Event: ======'machine_var_audits_missing_switches_s_start'====== Args={'value': 64, 'prev_value': None, 'change': True}
2025-10-10 19:48:14,688 : INFO : EventManager : Event: ======'machine_var_audits_missing_switches_s_three_bank_bottom'====== Args={'value': 1, 'prev_value': None, 'change': True}
2025-10-10 19:48:14,688 : INFO : EventManager : Event: ======'machine_var_audits_missing_switches_s_three_bank_middle'====== Args={'value': 1, 'prev_value': None, 'change': True}
2025-10-10 19:48:14,689 : INFO : EventManager : Event: ======'machine_var_audits_missing_switches_s_three_bank_standup'====== Args={'value': 1, 'prev_value': None, 'change': True}
2025-10-10 19:48:14,689 : INFO : EventManager : Event: ======'machine_var_audits_missing_switches_s_three_bank_top'====== Args={'value': 1, 'prev_value': None, 'change': True}
2025-10-10 19:48:14,689 : INFO : EventManager : Event: ======'machine_var_audits_missing_switches_s_tilt_bob'====== Args={'value': 289, 'prev_value': None, 'change': True}
2025-10-10 19:48:14,689 : INFO : EventManager : Event: ======'machine_var_audits_missing_switches_s_top_right_flipper'====== Args={'value': 281, 'prev_value': None, 'change': True}
2025-10-10 19:48:14,689 : INFO : EventManager : Event: ======'machine_var_audits_missing_switches_s_trough1'====== Args={'value': 15, 'prev_value': None, 'change': True}
2025-10-10 19:48:14,689 : INFO : EventManager : Event: ======'machine_var_audits_missing_switches_s_trough2'====== Args={'value': 1, 'prev_value': None, 'change': True}
2025-10-10 19:48:14,689 : INFO : EventManager : Event: ======'machine_var_audits_missing_switches_s_trough3'====== Args={'value': 1, 'prev_value': None, 'change': True}
2025-10-10 19:48:14,689 : INFO : EventManager : Event: ======'machine_var_audits_missing_switches_s_trough4'====== Args={'value': 280, 'prev_value': None, 'change': True}
2025-10-10 19:48:14,689 : INFO : EventManager : Event: ======'machine_var_audits_missing_switches_s_trough5'====== Args={'value': 280, 'prev_value': None, 'change': True}
2025-10-10 19:48:14,689 : INFO : EventManager : Event: ======'machine_var_audits_missing_switches_s_trough6'====== Args={'value': 130, 'prev_value': None, 'change': True}
2025-10-10 19:48:14,689 : INFO : EventManager : Event: ======'machine_var_audits_missing_switches_s_trough_jam'====== Args={'value': 281, 'prev_value': None, 'change': True}
2025-10-10 19:48:14,690 : INFO : EventManager : Event: ======'machine_var_audits_missing_switches_s_tshirt_bottom_standup'====== Args={'value': 127, 'prev_value': None, 'change': True}
2025-10-10 19:48:14,690 : INFO : EventManager : Event: ======'machine_var_audits_missing_switches_s_tshirt_top_standup'====== Args={'value': 106, 'prev_value': None, 'change': True}
2025-10-10 19:48:14,690 : INFO : EventManager : Event: ======'machine_var_audits_missing_switches_s_upper_pop_standup'====== Args={'value': 281, 'prev_value': None, 'change': True}
2025-10-10 19:48:14,690 : INFO : EventManager : Event: ======'machine_var_audits_missing_switches_service_esc'====== Args={'value': 1, 'prev_value': None, 'change': True}
2025-10-10 19:48:14,690 : INFO : EventManager : Event: ======'machine_var_audits_player_score'====== Args={'value': {'average': 70949, 'top': [2075720, 140190, 55679, 54526, 46225, 25350, 24166, 23278, 22740, 20422], 'total': 38}, 'prev_value': None, 'change': True}
2025-10-10 19:48:14,690 : INFO : EventManager : Event: ======'machine_var_audits_shots_skill_captive'====== Args={'value': 16, 'prev_value': None, 'change': True}
2025-10-10 19:48:14,690 : INFO : EventManager : Event: ======'machine_var_audits_shots_skill_drop_targets'====== Args={'value': 137, 'prev_value': None, 'change': True}
2025-10-10 19:48:14,690 : INFO : EventManager : Event: ======'machine_var_audits_shots_skill_side_targets'====== Args={'value': 27, 'prev_value': None, 'change': True}
2025-10-10 19:48:14,690 : INFO : EventManager : Event: ======'machine_var_audits_switches_s_captive_ball'====== Args={'value': 184, 'prev_value': None, 'change': True}
2025-10-10 19:48:14,690 : INFO : EventManager : Event: ======'machine_var_audits_switches_s_center_upper_pop'====== Args={'value': 203, 'prev_value': None, 'change': True}
2025-10-10 19:48:14,690 : INFO : EventManager : Event: ======'machine_var_audits_switches_s_inner_orbit'====== Args={'value': 1, 'prev_value': None, 'change': True}
2025-10-10 19:48:14,691 : INFO : EventManager : Event: ======'machine_var_audits_switches_s_left_flipper'====== Args={'value': 1247, 'prev_value': None, 'change': True}
2025-10-10 19:48:14,691 : INFO : EventManager : Event: ======'machine_var_audits_switches_s_left_inlane'====== Args={'value': 111, 'prev_value': None, 'change': True}
2025-10-10 19:48:14,691 : INFO : EventManager : Event: ======'machine_var_audits_switches_s_left_orbit'====== Args={'value': 55, 'prev_value': None, 'change': True}
2025-10-10 19:48:14,691 : INFO : EventManager : Event: ======'machine_var_audits_switches_s_left_outlane'====== Args={'value': 56, 'prev_value': None, 'change': True}
2025-10-10 19:48:14,691 : INFO : EventManager : Event: ======'machine_var_audits_switches_s_left_ramp'====== Args={'value': 100, 'prev_value': None, 'change': True}
2025-10-10 19:48:14,691 : INFO : EventManager : Event: ======'machine_var_audits_switches_s_left_slingshot'====== Args={'value': 259, 'prev_value': None, 'change': True}
2025-10-10 19:48:14,691 : INFO : EventManager : Event: ======'machine_var_audits_switches_s_left_upper_pop'====== Args={'value': 157, 'prev_value': None, 'change': True}
2025-10-10 19:48:14,692 : INFO : EventManager : Event: ======'machine_var_audits_switches_s_plunger'====== Args={'value': 945, 'prev_value': None, 'change': True}
2025-10-10 19:48:14,692 : INFO : EventManager : Event: ======'machine_var_audits_switches_s_pop_standup'====== Args={'value': 94, 'prev_value': None, 'change': True}
2025-10-10 19:48:14,692 : INFO : EventManager : Event: ======'machine_var_audits_switches_s_right_flipper'====== Args={'value': 1521, 'prev_value': None, 'change': True}
2025-10-10 19:48:14,692 : INFO : EventManager : Event: ======'machine_var_audits_switches_s_right_inlane'====== Args={'value': 107, 'prev_value': None, 'change': True}
2025-10-10 19:48:14,692 : INFO : EventManager : Event: ======'machine_var_audits_switches_s_right_lower_pop'====== Args={'value': 493, 'prev_value': None, 'change': True}
2025-10-10 19:48:14,693 : INFO : EventManager : Event: ======'machine_var_audits_switches_s_right_orbit'====== Args={'value': 57, 'prev_value': None, 'change': True}
2025-10-10 19:48:14,693 : INFO : EventManager : Event: ======'machine_var_audits_switches_s_right_outlane'====== Args={'value': 53, 'prev_value': None, 'change': True}
2025-10-10 19:48:14,693 : INFO : EventManager : Event: ======'machine_var_audits_switches_s_right_ramp'====== Args={'value': 106, 'prev_value': None, 'change': True}
2025-10-10 19:48:14,693 : INFO : EventManager : Event: ======'machine_var_audits_switches_s_right_slingshot'====== Args={'value': 366, 'prev_value': None, 'change': True}
2025-10-10 19:48:14,693 : INFO : EventManager : Event: ======'machine_var_audits_switches_s_scoop'====== Args={'value': 272, 'prev_value': None, 'change': True}
2025-10-10 19:48:14,693 : INFO : EventManager : Event: ======'machine_var_audits_switches_s_spinner'====== Args={'value': 1555, 'prev_value': None, 'change': True}
2025-10-10 19:48:14,693 : INFO : EventManager : Event: ======'machine_var_audits_switches_s_start'====== Args={'value': 56, 'prev_value': None, 'change': True}
2025-10-10 19:48:14,693 : INFO : EventManager : Event: ======'machine_var_audits_switches_s_three_bank_bottom'====== Args={'value': 353, 'prev_value': None, 'change': True}
2025-10-10 19:48:14,694 : INFO : EventManager : Event: ======'machine_var_audits_switches_s_three_bank_middle'====== Args={'value': 396, 'prev_value': None, 'change': True}
2025-10-10 19:48:14,694 : INFO : EventManager : Event: ======'machine_var_audits_switches_s_three_bank_standup'====== Args={'value': 211, 'prev_value': None, 'change': True}
2025-10-10 19:48:14,694 : INFO : EventManager : Event: ======'machine_var_audits_switches_s_three_bank_top'====== Args={'value': 389, 'prev_value': None, 'change': True}
2025-10-10 19:48:14,694 : INFO : EventManager : Event: ======'machine_var_audits_switches_s_tilt_bob'====== Args={'value': 21, 'prev_value': None, 'change': True}
2025-10-10 19:48:14,694 : INFO : EventManager : Event: ======'machine_var_audits_switches_s_top_right_flipper'====== Args={'value': 1294, 'prev_value': None, 'change': True}
2025-10-10 19:48:14,694 : INFO : EventManager : Event: ======'machine_var_audits_switches_s_trough1'====== Args={'value': 264, 'prev_value': None, 'change': True}
2025-10-10 19:48:14,694 : INFO : EventManager : Event: ======'machine_var_audits_switches_s_trough2'====== Args={'value': 283, 'prev_value': None, 'change': True}
2025-10-10 19:48:14,694 : INFO : EventManager : Event: ======'machine_var_audits_switches_s_trough3'====== Args={'value': 217, 'prev_value': None, 'change': True}
2025-10-10 19:48:14,695 : INFO : EventManager : Event: ======'machine_var_audits_switches_s_trough4'====== Args={'value': 160, 'prev_value': None, 'change': True}
2025-10-10 19:48:14,695 : INFO : EventManager : Event: ======'machine_var_audits_switches_s_trough5'====== Args={'value': 160, 'prev_value': None, 'change': True}
2025-10-10 19:48:14,695 : INFO : EventManager : Event: ======'machine_var_audits_switches_s_trough6'====== Args={'value': 161, 'prev_value': None, 'change': True}
2025-10-10 19:48:14,695 : INFO : EventManager : Event: ======'machine_var_audits_switches_s_trough_jam'====== Args={'value': 206, 'prev_value': None, 'change': True}
2025-10-10 19:48:14,695 : INFO : EventManager : Event: ======'machine_var_audits_switches_s_tshirt_bottom_standup'====== Args={'value': 31, 'prev_value': None, 'change': True}
2025-10-10 19:48:14,695 : INFO : EventManager : Event: ======'machine_var_audits_switches_s_tshirt_top_standup'====== Args={'value': 58, 'prev_value': None, 'change': True}
2025-10-10 19:48:14,695 : INFO : EventManager : Event: ======'machine_var_audits_switches_s_upper_pop_standup'====== Args={'value': 158, 'prev_value': None, 'change': True}
2025-10-10 19:48:14,695 : INFO : EventManager : Event: ======'machine_var_audits_switches_service_down'====== Args={'value': 1, 'prev_value': None, 'change': True}
2025-10-10 19:48:14,695 : INFO : EventManager : Event: ======'machine_var_audits_switches_service_enter'====== Args={'value': 2, 'prev_value': None, 'change': True}
2025-10-10 19:48:14,695 : INFO : EventManager : Event: ======'machine_var_audits_switches_service_esc'====== Args={'value': 0, 'prev_value': None, 'change': True}
2025-10-10 19:48:14,695 : INFO : EventManager : Event: ======'machine_var_audits_switches_service_up'====== Args={'value': 2, 'prev_value': None, 'change': True}
2025-10-10 19:48:14,696 : INFO : EventManager : Event: ======'machine_var_audits_switches_s_service_down'====== Args={'value': 0, 'prev_value': None, 'change': True}
2025-10-10 19:48:14,696 : INFO : EventManager : Event: ======'machine_var_audits_switches_s_service_up'====== Args={'value': 0, 'prev_value': None, 'change': True}
2025-10-10 19:48:14,696 : INFO : EventManager : Event: ======'machine_var_audits_switches_s_service_esc'====== Args={'value': 0, 'prev_value': None, 'change': True}
2025-10-10 19:48:14,696 : INFO : EventManager : Event: ======'machine_var_audits_switches_s_service_enter'====== Args={'value': 0, 'prev_value': None, 'change': True}
2025-10-10 19:48:14,697 : INFO : EventManager : Event: ======'init_phase_5'====== Args={}
2025-10-10 19:48:14,709 : INFO : EventManager : Event: ======'init_done'====== Args={}
2025-10-10 19:48:14,710 : INFO : EventManager : Event: ======'machine_reset_phase_1'====== Args={}
2025-10-10 19:48:14,717 : INFO : EventManager : Event: ======'machine_reset_phase_2'====== Args={}
2025-10-10 19:48:14,717 : INFO : EventManager : Event: ======'machine_reset_phase_3'====== Args={}
2025-10-10 19:48:14,717 : INFO : drop_target_bank.three_bank : All targets are already up. Will not reset bank.
2025-10-10 19:48:14,718 : INFO : EventManager : Event: ======'reset_complete'====== Args={}
2025-10-10 19:48:14,718 : INFO : EventManager : Event: ======'mode_attract_will_start'====== Args={}
2025-10-10 19:48:14,719 : INFO : EventManager : Event: ======'mode_attract_starting'====== Args={}
2025-10-10 19:48:14,719 : INFO : Mode.attract : Started. Priority: 10
2025-10-10 19:48:14,719 : INFO : EventManager : Event: ======'modes_active_modes_changed'====== Args={}
2025-10-10 19:48:14,719 : INFO : EventManager : Event: ======'mode_attract_started'====== Args={}
2025-10-10 19:48:14,720 : INFO : EventManager : Event: ======'collecting_balls_complete'====== Args={}
2025-10-10 19:48:14,733 : INFO : Machine : Starting the main run loop with active modes: [<Mode.attract>]
2025-10-10 19:48:14,739 : INFO : EventManager : Event: ======'slide_loading_created'====== Args={'_from_bcp': True}
2025-10-10 19:48:14,739 : INFO : EventManager : Event: ======'slide__removed'====== Args={'_from_bcp': True}
2025-10-10 19:48:14,740 : INFO : EventManager : Event: ======'slide_loading_active'====== Args={'original_context': '_global', 'original_calling_context': 'init_done', 'priority': 0.0, 'cmd': 'slides_play', '_from_bcp': True}
2025-10-10 19:48:14,865 : INFO : EventManager : Event: ======'slide_attract_created'====== Args={'_from_bcp': True}
2025-10-10 19:48:14,866 : INFO : EventManager : Event: ======'slide_loading_inactive'====== Args={'is_removing': True, '_from_bcp': True}
2025-10-10 19:48:14,866 : INFO : EventManager : Event: ======'slide_attract_active'====== Args={'original_context': 'attract', 'original_calling_context': 'mode_attract_started', 'priority': 10.0, 'cmd': 'slides_play', '_from_bcp': True}
2025-10-10 19:48:14,866 : INFO : EventManager : Event: ======'slide_loading_removed'====== Args={'_from_bcp': True}
2025-10-10 19:48:15,087 : INFO : BcpServer : New client connected.
2025-10-10 19:48:18,313 : WARNING : BcpInterface : Received BCP switch message with invalid switchname: 'service_enter'
2025-10-10 19:48:18,602 : WARNING : BcpInterface : Received BCP switch message with invalid switchname: 'service_enter'
2025-10-10 19:48:19,993 : WARNING : BcpInterface : Received BCP switch message with invalid switchname: 'service_up'
2025-10-10 19:48:20,259 : WARNING : BcpInterface : Received BCP switch message with invalid switchname: 'service_up'
2025-10-10 19:48:20,842 : WARNING : BcpInterface : Received BCP switch message with invalid switchname: 'service_down'
2025-10-10 19:48:21,090 : WARNING : BcpInterface : Received BCP switch message with invalid switchname: 'service_down'
2025-10-10 19:48:21,558 : WARNING : BcpInterface : Received BCP switch message with invalid switchname: 'service_esc'
2025-10-10 19:48:21,858 : WARNING : BcpInterface : Received BCP switch message with invalid switchname: 'service_esc'
2025-10-10 19:48:22,409 : WARNING : BcpInterface : Received BCP switch message with invalid switchname: 'service_enter'
2025-10-10 19:48:22,612 : WARNING : BcpInterface : Received BCP switch message with invalid switchname: 'service_enter'
2025-10-10 19:48:22,723 : WARNING : BcpInterface : Received BCP switch message with invalid switchname: 'service_up'
2025-10-10 19:48:22,858 : WARNING : BcpInterface : Received BCP switch message with invalid switchname: 'service_up'
2025-10-10 19:48:22,923 : WARNING : BcpInterface : Received BCP switch message with invalid switchname: 'service_down'
2025-10-10 19:48:23,058 : WARNING : BcpInterface : Received BCP switch message with invalid switchname: 'service_down'
2025-10-10 19:48:23,140 : WARNING : BcpInterface : Received BCP switch message with invalid switchname: 'service_esc'
2025-10-10 19:48:23,340 : WARNING : BcpInterface : Received BCP switch message with invalid switchname: 'service_esc'
2025-10-10 19:48:23,492 : WARNING : BcpInterface : Received BCP switch message with invalid switchname: 'service_down'
2025-10-10 19:48:23,692 : WARNING : BcpInterface : Received BCP switch message with invalid switchname: 'service_down'
2025-10-10 19:48:23,757 : WARNING : BcpInterface : Received BCP switch message with invalid switchname: 'service_up'
2025-10-10 19:48:23,957 : WARNING : BcpInterface : Received BCP switch message with invalid switchname: 'service_up'
2025-10-10 19:48:23,973 : WARNING : BcpInterface : Received BCP switch message with invalid switchname: 'service_enter'
2025-10-10 19:48:24,158 : WARNING : BcpInterface : Received BCP switch message with invalid switchname: 'service_enter'
2025-10-10 19:48:25,504 : WARNING : BcpInterface : Received BCP switch message with invalid switchname: 'service_enter'
2025-10-10 19:48:25,706 : WARNING : BcpInterface : Received BCP switch message with invalid switchname: 'service_enter'
2025-10-10 19:48:25,790 : WARNING : BcpInterface : Received BCP switch message with invalid switchname: 'service_up'
2025-10-10 19:48:25,955 : WARNING : BcpInterface : Received BCP switch message with invalid switchname: 'service_up'
2025-10-10 19:48:25,972 : WARNING : BcpInterface : Received BCP switch message with invalid switchname: 'service_down'
2025-10-10 19:48:26,123 : WARNING : BcpInterface : Received BCP switch message with invalid switchname: 'service_down'
2025-10-10 19:48:26,155 : WARNING : BcpInterface : Received BCP switch message with invalid switchname: 'service_esc'
2025-10-10 19:48:26,323 : WARNING : BcpInterface : Received BCP switch message with invalid switchname: 'service_esc'
2025-10-10 19:48:26,785 : INFO : Machine : Shutting down...
2025-10-10 19:48:26,785 : INFO : EventManager : Event: ======'shutdown'====== Args={}
2025-10-10 19:48:26,816 : INFO : root : MPF run loop ended.
