2025-10-02 21:03:21,853 : INFO : root : Loading config.
2025-10-02 21:03:21,858 : INFO : YamlMultifileConfigLoader : Machine config file #1: config.yaml
2025-10-02 21:03:21,859 : INFO : ConfigProcessor : Loading config from cache: C:\Users\sdona\AppData\Local\Temp\19f6d0d7953982fda9d956182316b8e5.mpf_cache
2025-10-02 21:03:21,959 : INFO : ConfigProcessor : Loading config from cache: C:\Users\sdona\AppData\Local\Temp\835b5bfea4be8b279a05e96caaaffbbb.mpf_cache
2025-10-02 21:03:21,960 : INFO : ConfigProcessor : Loading config from cache: C:\Users\sdona\AppData\Local\Temp\9b0a7575388f9d9bd2f6ab87bf9fd2f7.mpf_cache
2025-10-02 21:03:21,961 : INFO : ConfigProcessor : Loading config from cache: C:\Users\sdona\AppData\Local\Temp\c340ec0033d1055cd797ffd5447ef414.mpf_cache
2025-10-02 21:03:21,961 : INFO : ConfigProcessor : Loading config from cache: C:\Users\sdona\AppData\Local\Temp\835b5bfea4be8b279a05e96caaaffbbb.mpf_cache
2025-10-02 21:03:21,963 : INFO : ConfigProcessor : Loading config from cache: C:\Users\sdona\AppData\Local\Temp\8c11a28e3c38d4ad47947b6a126f2ee9.mpf_cache
2025-10-02 21:03:21,963 : INFO : ConfigProcessor : Loading config from cache: C:\Users\sdona\AppData\Local\Temp\e391083cdc9e667060411fe5838e93f2.mpf_cache
2025-10-02 21:03:21,964 : INFO : ConfigProcessor : Loading config from cache: C:\Users\sdona\AppData\Local\Temp\f0c219a993d891ee86dcb7eae47dde67.mpf_cache
2025-10-02 21:03:21,965 : INFO : ConfigProcessor : Loading config from cache: C:\Users\sdona\AppData\Local\Temp\96aa58108928490b129531848cd9b506.mpf_cache
2025-10-02 21:03:21,966 : INFO : ConfigProcessor : Loading config from cache: C:\Users\sdona\AppData\Local\Temp\567636b9d9766e3361204e954a8382da.mpf_cache
2025-10-02 21:03:21,967 : INFO : Machine : Mission Pinball Framework Core Engine v0.80.0.dev9
2025-10-02 21:03:21,967 : INFO : Machine : Command line arguments: {'no_load_cache': False, 'create_config_cache': True, 'bcp': True, 'configfile': ['config.yaml'], 'force_assets_load': False, 'platform_integration_test': False, 'jsonlogging': False, 'logfile': 'logs\\2025-10-02-21-03-21-mpf-PinballLaptop.log', 'pause': False, 'production': False, 'text_ui': True, 'loglevel': 15, 'consoleloglevel': 20, 'force_platform': 'smart_virtual', 'syslog_address': None, 'full_logfile_path': 'C:\\venv\\mpf\\mmmdrop\\logs\\2025-10-02-21-03-21-mpf-PinballLaptop.log'}
2025-10-02 21:03:21,967 : INFO : Machine : MPF path: c:\venv\mpf\lib\site-packages\mpf
2025-10-02 21:03:21,967 : INFO : Machine : Machine path: C:\venv\mpf\mmmdrop
2025-10-02 21:03:21,967 : INFO : Machine : Platform: win32
2025-10-02 21:03:21,967 : INFO : Machine : Python executable location: c:\venv\mpf\Scripts\python.exe
2025-10-02 21:03:21,967 : INFO : Machine : Python version: 3.9.13 (64-bit)
2025-10-02 21:03:21,969 : INFO : Machine : Initializing MPF...
2025-10-02 21:03:22,173 : INFO : EventManager : Event: ======'machine_var_credits_string'====== Args={'value': 'FREE PLAY', 'prev_value': None, 'change': True}
2025-10-02 21:03:22,200 : INFO : EventManager : Event: ======'machine_var_fast_audio_headphones_volume'====== Args={'value': 10, 'prev_value': None, 'change': True}
2025-10-02 21:03:22,200 : INFO : EventManager : Event: ======'machine_var_fast_audio_main_volume'====== Args={'value': 44, 'prev_value': None, 'change': True}
2025-10-02 21:03:22,200 : INFO : EventManager : Event: ======'machine_var_master_volume'====== Args={'value': 0.15, 'prev_value': None, 'change': True}
2025-10-02 21:03:22,200 : INFO : EventManager : Event: ======'machine_var_player1_score'====== Args={'value': 140190, 'prev_value': None, 'change': True}
2025-10-02 21:03:22,200 : INFO : EventManager : Event: ======'machine_var_mpf_version'====== Args={'value': 'Mission Pinball Framework v0.80.0.dev9', 'prev_value': None, 'change': True}
2025-10-02 21:03:22,200 : INFO : EventManager : Event: ======'machine_var_mpf_extended_version'====== Args={'value': 'Mission Pinball Framework v0.80.0.dev9, Config version:6, Show version: 6, BCP version:1.1', 'prev_value': None, 'change': True}
2025-10-02 21:03:22,200 : INFO : EventManager : Event: ======'machine_var_python_version'====== Args={'value': '3.9.13', 'prev_value': None, 'change': True}
2025-10-02 21:03:22,230 : INFO : EventManager : Event: ======'machine_var_platform'====== Args={'value': 'Windows-10-10.0.26100-SP0', 'prev_value': None, 'change': True}
2025-10-02 21:03:22,230 : INFO : EventManager : Event: ======'machine_var_platform_system'====== Args={'value': 'Windows', 'prev_value': None, 'change': True}
2025-10-02 21:03:22,230 : INFO : EventManager : Event: ======'machine_var_platform_release'====== Args={'value': '10', 'prev_value': None, 'change': True}
2025-10-02 21:03:22,230 : INFO : EventManager : Event: ======'machine_var_platform_version'====== Args={'value': '10.0.26100', 'prev_value': None, 'change': True}
2025-10-02 21:03:22,230 : INFO : EventManager : Event: ======'machine_var_platform_machine'====== Args={'value': 'AMD64', 'prev_value': None, 'change': True}
2025-10-02 21:03:22,230 : INFO : EventManager : Event: ======'machine_var_log_file_path'====== Args={'value': 'C:\\venv\\mpf\\mmmdrop\\logs\\2025-10-02-21-03-21-mpf-PinballLaptop.log', 'prev_value': None, 'change': True}
2025-10-02 21:03:22,230 : INFO : EventManager : Event: ======'init_phase_1'====== Args={}
2025-10-02 21:03:22,261 : INFO : EventManager : Event: ======'drop_target_bank_three_bank_up'====== Args={}
2025-10-02 21:03:22,262 : INFO : EventManager : Event: ======'init_phase_2'====== Args={}
2025-10-02 21:03:22,262 : INFO : SwitchController : Found active switch: ('3208-0', <Platform.SmartVirtual>) <switch.s_trough1>
2025-10-02 21:03:22,262 : INFO : SwitchController : Found active switch: ('3208-1', <Platform.SmartVirtual>) <switch.s_trough2>
2025-10-02 21:03:22,262 : INFO : SwitchController : Found active switch: ('3208-2', <Platform.SmartVirtual>) <switch.s_trough3>
2025-10-02 21:03:22,262 : INFO : SwitchController : Found active switch: ('3208-3', <Platform.SmartVirtual>) <switch.s_trough4>
2025-10-02 21:03:22,262 : INFO : SwitchController : Found active switch: ('3208-4', <Platform.SmartVirtual>) <switch.s_trough5>
2025-10-02 21:03:22,262 : INFO : SwitchController : Found active switch: ('3208-5', <Platform.SmartVirtual>) <switch.s_trough6>
2025-10-02 21:03:22,267 : INFO : EventManager : Event: ======'bcp_connection_attempt'====== Args={'name': 'local_display', 'host': 'localhost', 'port': 5050}
2025-10-02 21:03:22,268 : INFO : BCPClientSocket : Connecting BCP to 'local_display' at localhost:5050...
2025-10-02 21:03:27,485 : INFO : BCPClientSocket : Connected BCP to 'local_display' localhost:5050
2025-10-02 21:03:27,485 : INFO : EventManager : Event: ======'bcp_clients_connected'====== Args={}
2025-10-02 21:03:27,632 : INFO : ball_device.bd_trough : BCH: Initial count: 6
2025-10-02 21:03:27,633 : INFO : ball_device.bd_trough : State: idle
2025-10-02 21:03:27,634 : INFO : ball_device.bd_plunger : BCH: Initial count: 0
2025-10-02 21:03:27,634 : INFO : ball_device.bd_plunger : State: idle
2025-10-02 21:03:27,634 : INFO : ball_device.bd_scoop : BCH: Initial count: 0
2025-10-02 21:03:27,635 : INFO : ball_device.bd_scoop : State: idle
2025-10-02 21:03:27,655 : INFO : EventManager : Event: ======'init_phase_3'====== Args={}
2025-10-02 21:03:27,658 : INFO : EventManager : Event: ======'init_phase_4'====== Args={}
2025-10-02 21:03:27,659 : INFO : BallController : Initial balls found: 6
2025-10-02 21:03:27,660 : INFO : EventManager : Event: ======'machine_var_audits_events_game_ended'====== Args={'value': 36, 'prev_value': None, 'change': True}
2025-10-02 21:03:27,661 : INFO : EventManager : Event: ======'machine_var_audits_events_game_started'====== Args={'value': 251, 'prev_value': None, 'change': True}
2025-10-02 21:03:27,661 : INFO : EventManager : Event: ======'machine_var_audits_missing_switches_s_captive_ball'====== Args={'value': 17, 'prev_value': None, 'change': True}
2025-10-02 21:03:27,661 : INFO : EventManager : Event: ======'machine_var_audits_missing_switches_s_center_upper_pop'====== Args={'value': 27, 'prev_value': None, 'change': True}
2025-10-02 21:03:27,661 : INFO : EventManager : Event: ======'machine_var_audits_missing_switches_s_inner_orbit'====== Args={'value': 177, 'prev_value': None, 'change': True}
2025-10-02 21:03:27,661 : INFO : EventManager : Event: ======'machine_var_audits_missing_switches_s_left_flipper'====== Args={'value': 49, 'prev_value': None, 'change': True}
2025-10-02 21:03:27,661 : INFO : EventManager : Event: ======'machine_var_audits_missing_switches_s_left_inlane'====== Args={'value': 62, 'prev_value': None, 'change': True}
2025-10-02 21:03:27,662 : INFO : EventManager : Event: ======'machine_var_audits_missing_switches_s_left_orbit'====== Args={'value': 17, 'prev_value': None, 'change': True}
2025-10-02 21:03:27,662 : INFO : EventManager : Event: ======'machine_var_audits_missing_switches_s_left_outlane'====== Args={'value': 62, 'prev_value': None, 'change': True}
2025-10-02 21:03:27,662 : INFO : EventManager : Event: ======'machine_var_audits_missing_switches_s_left_ramp'====== Args={'value': 17, 'prev_value': None, 'change': True}
2025-10-02 21:03:27,662 : INFO : EventManager : Event: ======'machine_var_audits_missing_switches_s_left_slingshot'====== Args={'value': 177, 'prev_value': None, 'change': True}
2025-10-02 21:03:27,662 : INFO : EventManager : Event: ======'machine_var_audits_missing_switches_s_left_upper_pop'====== Args={'value': 27, 'prev_value': None, 'change': True}
2025-10-02 21:03:27,662 : INFO : EventManager : Event: ======'machine_var_audits_missing_switches_s_pop_standup'====== Args={'value': 21, 'prev_value': None, 'change': True}
2025-10-02 21:03:27,662 : INFO : EventManager : Event: ======'machine_var_audits_missing_switches_s_right_flipper'====== Args={'value': 49, 'prev_value': None, 'change': True}
2025-10-02 21:03:27,662 : INFO : EventManager : Event: ======'machine_var_audits_missing_switches_s_right_inlane'====== Args={'value': 62, 'prev_value': None, 'change': True}
2025-10-02 21:03:27,663 : INFO : EventManager : Event: ======'machine_var_audits_missing_switches_s_right_lower_pop'====== Args={'value': 1, 'prev_value': None, 'change': True}
2025-10-02 21:03:27,663 : INFO : EventManager : Event: ======'machine_var_audits_missing_switches_s_right_orbit'====== Args={'value': 17, 'prev_value': None, 'change': True}
2025-10-02 21:03:27,663 : INFO : EventManager : Event: ======'machine_var_audits_missing_switches_s_right_outlane'====== Args={'value': 62, 'prev_value': None, 'change': True}
2025-10-02 21:03:27,663 : INFO : EventManager : Event: ======'machine_var_audits_missing_switches_s_right_ramp'====== Args={'value': 17, 'prev_value': None, 'change': True}
2025-10-02 21:03:27,663 : INFO : EventManager : Event: ======'machine_var_audits_missing_switches_s_right_slingshot'====== Args={'value': 27, 'prev_value': None, 'change': True}
2025-10-02 21:03:27,663 : INFO : EventManager : Event: ======'machine_var_audits_missing_switches_s_spinner'====== Args={'value': 83, 'prev_value': None, 'change': True}
2025-10-02 21:03:27,663 : INFO : EventManager : Event: ======'machine_var_audits_missing_switches_s_start'====== Args={'value': 46, 'prev_value': None, 'change': True}
2025-10-02 21:03:27,663 : INFO : EventManager : Event: ======'machine_var_audits_missing_switches_s_tilt_bob'====== Args={'value': 185, 'prev_value': None, 'change': True}
2025-10-02 21:03:27,664 : INFO : EventManager : Event: ======'machine_var_audits_missing_switches_s_top_right_flipper'====== Args={'value': 177, 'prev_value': None, 'change': True}
2025-10-02 21:03:27,664 : INFO : EventManager : Event: ======'machine_var_audits_missing_switches_s_trough1'====== Args={'value': 4, 'prev_value': None, 'change': True}
2025-10-02 21:03:27,664 : INFO : EventManager : Event: ======'machine_var_audits_missing_switches_s_trough2'====== Args={'value': 4, 'prev_value': None, 'change': True}
2025-10-02 21:03:27,664 : INFO : EventManager : Event: ======'machine_var_audits_missing_switches_s_trough3'====== Args={'value': 4, 'prev_value': None, 'change': True}
2025-10-02 21:03:27,664 : INFO : EventManager : Event: ======'machine_var_audits_missing_switches_s_trough4'====== Args={'value': 176, 'prev_value': None, 'change': True}
2025-10-02 21:03:27,664 : INFO : EventManager : Event: ======'machine_var_audits_missing_switches_s_trough5'====== Args={'value': 176, 'prev_value': None, 'change': True}
2025-10-02 21:03:27,664 : INFO : EventManager : Event: ======'machine_var_audits_missing_switches_s_trough6'====== Args={'value': 26, 'prev_value': None, 'change': True}
2025-10-02 21:03:27,664 : INFO : EventManager : Event: ======'machine_var_audits_missing_switches_s_trough_jam'====== Args={'value': 177, 'prev_value': None, 'change': True}
2025-10-02 21:03:27,664 : INFO : EventManager : Event: ======'machine_var_audits_missing_switches_s_tshirt_bottom_standup'====== Args={'value': 23, 'prev_value': None, 'change': True}
2025-10-02 21:03:27,665 : INFO : EventManager : Event: ======'machine_var_audits_missing_switches_s_tshirt_top_standup'====== Args={'value': 2, 'prev_value': None, 'change': True}
2025-10-02 21:03:27,665 : INFO : EventManager : Event: ======'machine_var_audits_missing_switches_s_upper_pop_standup'====== Args={'value': 177, 'prev_value': None, 'change': True}
2025-10-02 21:03:27,665 : INFO : EventManager : Event: ======'machine_var_audits_player_score'====== Args={'value': {'average': 16766, 'top': [140190, 55679, 54526, 46225, 25350, 24166, 23278, 22740, 20422, 20201], 'total': 37}, 'prev_value': None, 'change': True}
2025-10-02 21:03:27,665 : INFO : EventManager : Event: ======'machine_var_audits_shots_skill_captive'====== Args={'value': 16, 'prev_value': None, 'change': True}
2025-10-02 21:03:27,665 : INFO : EventManager : Event: ======'machine_var_audits_shots_skill_drop_targets'====== Args={'value': 27, 'prev_value': None, 'change': True}
2025-10-02 21:03:27,665 : INFO : EventManager : Event: ======'machine_var_audits_shots_skill_side_targets'====== Args={'value': 27, 'prev_value': None, 'change': True}
2025-10-02 21:03:27,665 : INFO : EventManager : Event: ======'machine_var_audits_switches_s_captive_ball'====== Args={'value': 161, 'prev_value': None, 'change': True}
2025-10-02 21:03:27,665 : INFO : EventManager : Event: ======'machine_var_audits_switches_s_center_upper_pop'====== Args={'value': 194, 'prev_value': None, 'change': True}
2025-10-02 21:03:27,666 : INFO : EventManager : Event: ======'machine_var_audits_switches_s_inner_orbit'====== Args={'value': 0, 'prev_value': None, 'change': True}
2025-10-02 21:03:27,666 : INFO : EventManager : Event: ======'machine_var_audits_switches_s_left_flipper'====== Args={'value': 1243, 'prev_value': None, 'change': True}
2025-10-02 21:03:27,666 : INFO : EventManager : Event: ======'machine_var_audits_switches_s_left_inlane'====== Args={'value': 109, 'prev_value': None, 'change': True}
2025-10-02 21:03:27,666 : INFO : EventManager : Event: ======'machine_var_audits_switches_s_left_orbit'====== Args={'value': 21, 'prev_value': None, 'change': True}
2025-10-02 21:03:27,667 : INFO : EventManager : Event: ======'machine_var_audits_switches_s_left_outlane'====== Args={'value': 55, 'prev_value': None, 'change': True}
2025-10-02 21:03:27,667 : INFO : EventManager : Event: ======'machine_var_audits_switches_s_left_ramp'====== Args={'value': 32, 'prev_value': None, 'change': True}
2025-10-02 21:03:27,667 : INFO : EventManager : Event: ======'machine_var_audits_switches_s_left_slingshot'====== Args={'value': 259, 'prev_value': None, 'change': True}
2025-10-02 21:03:27,667 : INFO : EventManager : Event: ======'machine_var_audits_switches_s_left_upper_pop'====== Args={'value': 147, 'prev_value': None, 'change': True}
2025-10-02 21:03:27,667 : INFO : EventManager : Event: ======'machine_var_audits_switches_s_plunger'====== Args={'value': 682, 'prev_value': None, 'change': True}
2025-10-02 21:03:27,667 : INFO : EventManager : Event: ======'machine_var_audits_switches_s_pop_standup'====== Args={'value': 65, 'prev_value': None, 'change': True}
2025-10-02 21:03:27,667 : INFO : EventManager : Event: ======'machine_var_audits_switches_s_right_flipper'====== Args={'value': 1515, 'prev_value': None, 'change': True}
2025-10-02 21:03:27,667 : INFO : EventManager : Event: ======'machine_var_audits_switches_s_right_inlane'====== Args={'value': 106, 'prev_value': None, 'change': True}
2025-10-02 21:03:27,668 : INFO : EventManager : Event: ======'machine_var_audits_switches_s_right_lower_pop'====== Args={'value': 450, 'prev_value': None, 'change': True}
2025-10-02 21:03:27,668 : INFO : EventManager : Event: ======'machine_var_audits_switches_s_right_orbit'====== Args={'value': 21, 'prev_value': None, 'change': True}
2025-10-02 21:03:27,668 : INFO : EventManager : Event: ======'machine_var_audits_switches_s_right_outlane'====== Args={'value': 53, 'prev_value': None, 'change': True}
2025-10-02 21:03:27,668 : INFO : EventManager : Event: ======'machine_var_audits_switches_s_right_ramp'====== Args={'value': 35, 'prev_value': None, 'change': True}
2025-10-02 21:03:27,668 : INFO : EventManager : Event: ======'machine_var_audits_switches_s_right_slingshot'====== Args={'value': 366, 'prev_value': None, 'change': True}
2025-10-02 21:03:27,668 : INFO : EventManager : Event: ======'machine_var_audits_switches_s_scoop'====== Args={'value': 176, 'prev_value': None, 'change': True}
2025-10-02 21:03:27,668 : INFO : EventManager : Event: ======'machine_var_audits_switches_s_spinner'====== Args={'value': 1371, 'prev_value': None, 'change': True}
2025-10-02 21:03:27,669 : INFO : EventManager : Event: ======'machine_var_audits_switches_s_start'====== Args={'value': 55, 'prev_value': None, 'change': True}
2025-10-02 21:03:27,669 : INFO : EventManager : Event: ======'machine_var_audits_switches_s_three_bank_bottom'====== Args={'value': 167, 'prev_value': None, 'change': True}
2025-10-02 21:03:27,669 : INFO : EventManager : Event: ======'machine_var_audits_switches_s_three_bank_middle'====== Args={'value': 175, 'prev_value': None, 'change': True}
2025-10-02 21:03:27,669 : INFO : EventManager : Event: ======'machine_var_audits_switches_s_three_bank_standup'====== Args={'value': 120, 'prev_value': None, 'change': True}
2025-10-02 21:03:27,669 : INFO : EventManager : Event: ======'machine_var_audits_switches_s_three_bank_top'====== Args={'value': 168, 'prev_value': None, 'change': True}
2025-10-02 21:03:27,670 : INFO : EventManager : Event: ======'machine_var_audits_switches_s_tilt_bob'====== Args={'value': 21, 'prev_value': None, 'change': True}
2025-10-02 21:03:27,670 : INFO : EventManager : Event: ======'machine_var_audits_switches_s_top_right_flipper'====== Args={'value': 1294, 'prev_value': None, 'change': True}
2025-10-02 21:03:27,670 : INFO : EventManager : Event: ======'machine_var_audits_switches_s_trough1'====== Args={'value': 245, 'prev_value': None, 'change': True}
2025-10-02 21:03:27,670 : INFO : EventManager : Event: ======'machine_var_audits_switches_s_trough2'====== Args={'value': 253, 'prev_value': None, 'change': True}
2025-10-02 21:03:27,670 : INFO : EventManager : Event: ======'machine_var_audits_switches_s_trough3'====== Args={'value': 181, 'prev_value': None, 'change': True}
2025-10-02 21:03:27,671 : INFO : EventManager : Event: ======'machine_var_audits_switches_s_trough4'====== Args={'value': 160, 'prev_value': None, 'change': True}
2025-10-02 21:03:27,671 : INFO : EventManager : Event: ======'machine_var_audits_switches_s_trough5'====== Args={'value': 160, 'prev_value': None, 'change': True}
2025-10-02 21:03:27,671 : INFO : EventManager : Event: ======'machine_var_audits_switches_s_trough6'====== Args={'value': 161, 'prev_value': None, 'change': True}
2025-10-02 21:03:27,671 : INFO : EventManager : Event: ======'machine_var_audits_switches_s_trough_jam'====== Args={'value': 206, 'prev_value': None, 'change': True}
2025-10-02 21:03:27,671 : INFO : EventManager : Event: ======'machine_var_audits_switches_s_tshirt_bottom_standup'====== Args={'value': 31, 'prev_value': None, 'change': True}
2025-10-02 21:03:27,671 : INFO : EventManager : Event: ======'machine_var_audits_switches_s_tshirt_top_standup'====== Args={'value': 58, 'prev_value': None, 'change': True}
2025-10-02 21:03:27,672 : INFO : EventManager : Event: ======'machine_var_audits_switches_s_upper_pop_standup'====== Args={'value': 158, 'prev_value': None, 'change': True}
2025-10-02 21:03:27,673 : INFO : EventManager : Event: ======'init_phase_5'====== Args={}
2025-10-02 21:03:27,734 : INFO : EventManager : Event: ======'init_done'====== Args={}
2025-10-02 21:03:27,735 : INFO : EventManager : Event: ======'machine_reset_phase_1'====== Args={}
2025-10-02 21:03:27,745 : INFO : EventManager : Event: ======'machine_reset_phase_2'====== Args={}
2025-10-02 21:03:27,746 : INFO : EventManager : Event: ======'machine_reset_phase_3'====== Args={}
2025-10-02 21:03:27,746 : INFO : drop_target_bank.three_bank : All targets are already up. Will not reset bank.
2025-10-02 21:03:27,746 : INFO : EventManager : Event: ======'reset_complete'====== Args={}
2025-10-02 21:03:27,747 : INFO : EventManager : Event: ======'mode_attract_will_start'====== Args={}
2025-10-02 21:03:27,748 : INFO : EventManager : Event: ======'mode_attract_starting'====== Args={}
2025-10-02 21:03:27,748 : INFO : Mode.attract : Started. Priority: 10
2025-10-02 21:03:27,749 : INFO : EventManager : Event: ======'modes_active_modes_changed'====== Args={}
2025-10-02 21:03:27,749 : INFO : EventManager : Event: ======'mode_attract_started'====== Args={}
2025-10-02 21:03:27,750 : INFO : EventManager : Event: ======'collecting_balls_complete'====== Args={}
2025-10-02 21:03:27,767 : INFO : EventManager : Event: ======'slide_loading_created'====== Args={'_from_bcp': True}
2025-10-02 21:03:27,767 : INFO : EventManager : Event: ======'slide__removed'====== Args={'_from_bcp': True}
2025-10-02 21:03:27,767 : INFO : EventManager : Event: ======'slide_loading_active'====== Args={'original_context': '_global', 'original_calling_context': 'init_done', 'priority': 0.0, 'cmd': 'slides_play', '_from_bcp': True}
2025-10-02 21:03:27,767 : INFO : Machine : Starting the main run loop with active modes: [<Mode.attract>]
2025-10-02 21:03:27,821 : INFO : EventManager : Event: ======'slide_attract_created'====== Args={'_from_bcp': True}
2025-10-02 21:03:27,821 : INFO : EventManager : Event: ======'slide_loading_inactive'====== Args={'is_removing': True, '_from_bcp': True}
2025-10-02 21:03:27,821 : INFO : EventManager : Event: ======'slide_attract_active'====== Args={'original_context': 'attract', 'original_calling_context': 'mode_attract_started', 'priority': 10.0, 'cmd': 'slides_play', '_from_bcp': True}
2025-10-02 21:03:27,821 : INFO : EventManager : Event: ======'slide_loading_removed'====== Args={'_from_bcp': True}
2025-10-02 21:03:28,174 : INFO : BcpServer : New client connected.
2025-10-02 21:04:31,878 : INFO : SwitchController : <<<<<<< 's_start' active >>>>>>>
2025-10-02 21:04:32,027 : INFO : SwitchController : <<<<<<< 's_start' inactive >>>>>>>
2025-10-02 21:04:32,027 : INFO : EventManager : Event: ======'request_to_start_game'====== Args={}
2025-10-02 21:04:32,028 : INFO : EventManager : Event: ======'game_start'====== Args={'buttons': [], 'hold_time': 0.13999999999987267}
2025-10-02 21:04:32,028 : INFO : EventManager : Event: ======'mode_game_will_start'====== Args={'buttons': [], 'hold_time': 0.13999999999987267}
2025-10-02 21:04:32,029 : INFO : EventManager : Event: ======'mode_game_starting'====== Args={'buttons': [], 'hold_time': 0.13999999999987267}
2025-10-02 21:04:32,029 : INFO : EventManager : Event: ======'mode_attract_will_stop'====== Args={}
2025-10-02 21:04:32,029 : INFO : EventManager : Event: ======'mode_attract_stopping'====== Args={}
2025-10-02 21:04:32,029 : INFO : Mode.attract : Stopped.
2025-10-02 21:04:32,029 : INFO : EventManager : Event: ======'modes_active_modes_changed'====== Args={}
2025-10-02 21:04:32,030 : INFO : EventManager : Event: ======'mode_attract_stopped'====== Args={}
2025-10-02 21:04:32,030 : INFO : EventManager : Event: ======'clear'====== Args={'key': 'attract'}
2025-10-02 21:04:32,030 : INFO : Mode.game : Started. Priority: 20
2025-10-02 21:04:32,030 : INFO : EventManager : Event: ======'modes_active_modes_changed'====== Args={}
2025-10-02 21:04:32,030 : INFO : EventManager : Event: ======'mode_game_started'====== Args={'buttons': [], 'hold_time': 0.13999999999987267}
2025-10-02 21:04:32,036 : INFO : EventManager : Event: ======'game_will_start'====== Args={}
2025-10-02 21:04:32,047 : INFO : EventManager : Event: ======'game_starting'====== Args={'game': <Mode.game>}
2025-10-02 21:04:32,048 : INFO : EventManager : Unordered handler for class <Auditor> on event game_ended with priority 1. Handlers: [RegisteredHandler(callback=<bound method Auditor.disable of <Auditor>>, priority=1, kwargs={}, key=UUID('b2299fa3-b588-499a-b80c-132e3863d103'), condition=None, blocking_facility=None), RegisteredHandler(callback=<bound method Auditor._save_audits of <Auditor>>, priority=1, kwargs={}, key=UUID('2ee2589e-c799-4099-a8f4-757a60d6b7a6'), condition=None, blocking_facility=None)]. The order of those handlers is not defined and they will be executed in random order. This might lead to race conditions and potential bugs.
2025-10-02 21:04:32,048 : INFO : EventManager : Event: ======'player_add_request'====== Args={}
2025-10-02 21:04:32,049 : INFO : EventManager : Event: ======'player_will_add'====== Args={'number': 1}
2025-10-02 21:04:32,049 : INFO : EventManager : Event: ======'player_adding'====== Args={'player': <Player 1>, 'number': 1}
2025-10-02 21:04:32,049 : INFO : EventManager : Event: ======'player_added'====== Args={'player': <Player 1>, 'num': 1}
2025-10-02 21:04:32,049 : INFO : Mode.game : Player added successfully. Total players: 1
2025-10-02 21:04:32,049 : INFO : EventManager : Event: ======'player_index'====== Args={'value': 0, 'prev_value': 0, 'change': 0, 'player_num': 1}
2025-10-02 21:04:32,051 : INFO : EventManager : Event: ======'player_number'====== Args={'value': 1, 'prev_value': 1, 'change': 0, 'player_num': 1}
2025-10-02 21:04:32,051 : INFO : EventManager : Event: ======'player_score'====== Args={'value': 0, 'prev_value': 0, 'change': 0, 'player_num': 1}
2025-10-02 21:04:32,052 : INFO : EventManager : Event: ======'game_started'====== Args={}
2025-10-02 21:04:32,061 : INFO : EventManager : Event: ======'player_turn_will_start'====== Args={'player': <Player 1>, 'number': 1}
2025-10-02 21:04:32,068 : INFO : EventManager : Event: ======'player_turn_starting'====== Args={'player': <Player 1>, 'number': 1}
2025-10-02 21:04:32,069 : INFO : EventManager : Event: ======'player_ball'====== Args={'value': 1, 'prev_value': 0, 'change': 1, 'player_num': 1}
2025-10-02 21:04:32,070 : INFO : EventManager : Event: ======'player_turn_started'====== Args={'player': <Player 1>, 'number': 1}
2025-10-02 21:04:32,071 : INFO : EventManager : Event: ======'ball_will_start'====== Args={'player': 1, 'ball': 1, 'balls_remaining': 2, 'is_extra_ball': False}
2025-10-02 21:04:32,075 : INFO : EventManager : Event: ======'ball_starting'====== Args={'player': 1, 'ball': 1, 'balls_remaining': 2, 'is_extra_ball': False}
2025-10-02 21:04:32,075 : INFO : EventManager : Event: ======'mode_base_will_start'====== Args={'queue': <QueuedEvent>, 'player': 1, 'ball': 1, 'balls_remaining': 2, 'is_extra_ball': False}
2025-10-02 21:04:32,081 : INFO : EventManager : Event: ======'mode_base_starting'====== Args={'queue': <QueuedEvent>, 'player': 1, 'ball': 1, 'balls_remaining': 2, 'is_extra_ball': False}
2025-10-02 21:04:32,081 : INFO : drop_target_bank.three_bank : All targets are already up. Will not reset bank.
2025-10-02 21:04:32,082 : INFO : EventManager : Event: ======'balls_in_play'====== Args={'balls': 1}
2025-10-02 21:04:32,082 : INFO : EventManager : Event: ======'ball_started'====== Args={'player': 1, 'ball': 1, 'balls_remaining': 2, 'is_extra_ball': False}
2025-10-02 21:04:32,083 : INFO : EventManager : Event: ======'logicblock_qualify_chcheckitout_multiball_updated'====== Args={'value': 0, 'enabled': True}
2025-10-02 21:04:32,083 : INFO : EventManager : Event: ======'logicblock_drop_target_bank_counter_updated'====== Args={'value': 0, 'enabled': True}
2025-10-02 21:04:32,083 : INFO : EventManager : Event: ======'logicblock_qualify_chcheckitout_multiball_updated'====== Args={'value': 0, 'enabled': True}
2025-10-02 21:04:32,083 : INFO : EventManager : Event: ======'logicblock_chcheckitout_multiball_ready_updated'====== Args={'value': 0, 'enabled': False}
2025-10-02 21:04:32,084 : INFO : EventManager : Event: ======'logicblock_drop_target_bank_counter_updated'====== Args={'value': 0, 'enabled': True}
2025-10-02 21:04:32,084 : INFO : Mode.base : Started. Priority: 100
2025-10-02 21:04:32,084 : INFO : EventManager : Event: ======'modes_active_modes_changed'====== Args={}
2025-10-02 21:04:32,084 : INFO : EventManager : Event: ======'mode_base_started'====== Args={'queue': <QueuedEvent>, 'player': 1, 'ball': 1, 'balls_remaining': 2, 'is_extra_ball': False}
2025-10-02 21:04:32,085 : INFO : EventManager : Event: ======'mode_skill_shot_will_start'====== Args={'player': 1, 'ball': 1, 'balls_remaining': 2, 'is_extra_ball': False}
2025-10-02 21:04:32,085 : INFO : EventManager : Event: ======'player_shot_skill_side_targets_enabled'====== Args={'value': True, 'prev_value': 0, 'change': 1, 'player_num': 1}
2025-10-02 21:04:32,086 : INFO : EventManager : Event: ======'player_shot_skill_drop_targets_enabled'====== Args={'value': True, 'prev_value': 0, 'change': 1, 'player_num': 1}
2025-10-02 21:04:32,087 : INFO : EventManager : Event: ======'skill_shot_complete'====== Args={'state': 'unlit'}
2025-10-02 21:04:32,087 : INFO : EventManager : Event: ======'skill_shot_unlit_complete'====== Args={}
2025-10-02 21:04:32,087 : INFO : EventManager : Event: ======'player_skill_shot_skill_shot_timeout_tick'====== Args={'value': 0, 'prev_value': 0, 'change': 0, 'player_num': 1}
2025-10-02 21:04:32,089 : INFO : EventManager : Event: ======'mode_skill_shot_starting'====== Args={'player': 1, 'ball': 1, 'balls_remaining': 2, 'is_extra_ball': False}
2025-10-02 21:04:32,089 : INFO : EventManager : Event: ======'logicblock_drop_target_bank_counter_updated'====== Args={'value': 1, 'enabled': True}
2025-10-02 21:04:32,090 : INFO : EventManager : Event: ======'counter_drop_target_bank_counter_hit'====== Args={'count': 1, 'hits': 1, 'remaining': 1}
2025-10-02 21:04:32,090 : INFO : EventManager : Event: ======'logicblock_drop_target_bank_counter_hit'====== Args={'count': 1, 'hits': 1, 'remaining': 1}
2025-10-02 21:04:32,092 : INFO : EventManager : Event: ======'player_drop_target_bank_counter_count'====== Args={'value': 1, 'prev_value': 0, 'change': 1, 'player_num': 1, 'source': 'base'}
2025-10-02 21:04:32,092 : INFO : EventManager : Event: ======'player_drop_target_bank_counter_count'====== Args={'value': 0, 'prev_value': 1, 'change': -1, 'player_num': 1, 'source': 'base'}
2025-10-02 21:04:32,092 : INFO : EventManager : Event: ======'mode_multiball_will_start'====== Args={'queue': <QueuedEvent>, 'player': 1, 'ball': 1, 'balls_remaining': 2, 'is_extra_ball': False}
2025-10-02 21:04:32,093 : INFO : EventManager : Event: ======'mode_multiball_starting'====== Args={'queue': <QueuedEvent>, 'player': 1, 'ball': 1, 'balls_remaining': 2, 'is_extra_ball': False}
2025-10-02 21:04:32,093 : INFO : EventManager : Event: ======'mode_carousel_will_start'====== Args={'queue': <QueuedEvent>, 'player': 1, 'ball': 1, 'balls_remaining': 2, 'is_extra_ball': False}
2025-10-02 21:04:32,094 : INFO : EventManager : Event: ======'mode_carousel_starting'====== Args={'queue': <QueuedEvent>, 'player': 1, 'ball': 1, 'balls_remaining': 2, 'is_extra_ball': False}
2025-10-02 21:04:32,094 : INFO : EventManager : Event: ======'ball_save_default_enabled'====== Args={}
2025-10-02 21:04:32,095 : INFO : Mode.carousel : Started. Priority: 200
2025-10-02 21:04:32,095 : INFO : EventManager : Event: ======'modes_active_modes_changed'====== Args={}
2025-10-02 21:04:32,095 : INFO : EventManager : Event: ======'mode_carousel_started'====== Args={'queue': <QueuedEvent>, 'player': 1, 'ball': 1, 'balls_remaining': 2, 'is_extra_ball': False}
2025-10-02 21:04:32,096 : INFO : EventManager : Event: ======'item_highlighted'====== Args={'carousel': 'carousel', 'direction': None, 'item': 'intergalactic'}
2025-10-02 21:04:32,096 : INFO : Mode.multiball : Started. Priority: 1000
2025-10-02 21:04:32,096 : INFO : EventManager : Event: ======'modes_active_modes_changed'====== Args={}
2025-10-02 21:04:32,096 : INFO : EventManager : Event: ======'mode_multiball_started'====== Args={'queue': <QueuedEvent>, 'player': 1, 'ball': 1, 'balls_remaining': 2, 'is_extra_ball': False}
2025-10-02 21:04:32,096 : INFO : Mode.skill_shot : Started. Priority: 500
2025-10-02 21:04:32,096 : INFO : EventManager : Event: ======'modes_active_modes_changed'====== Args={}
2025-10-02 21:04:32,097 : INFO : EventManager : Event: ======'mode_skill_shot_started'====== Args={'player': 1, 'ball': 1, 'balls_remaining': 2, 'is_extra_ball': False}
2025-10-02 21:04:32,097 : INFO : EventManager : Event: ======'player_shot_skill_side_targets'====== Args={'value': 1, 'prev_value': 0, 'change': 1, 'player_num': 1}
2025-10-02 21:04:32,098 : INFO : EventManager : Event: ======'player_shot_skill_drop_targets'====== Args={'value': 1, 'prev_value': 0, 'change': 1, 'player_num': 1}
2025-10-02 21:04:32,098 : INFO : EventManager : Event: ======'skill_shot_complete'====== Args={'state': 'flashing'}
2025-10-02 21:04:32,098 : INFO : EventManager : Event: ======'skill_shot_flashing_complete'====== Args={}
2025-10-02 21:04:32,099 : INFO : EventManager : Event: ======'single_player_ball_started'====== Args={}
2025-10-02 21:04:32,119 : INFO : EventManager : Event: ======'ball_start_target'====== Args={'target': 'playfield'}
2025-10-02 21:04:32,121 : INFO : EventManager : Event: ======'slide_base_created'====== Args={'_from_bcp': True}
2025-10-02 21:04:32,121 : INFO : EventManager : Event: ======'slide_score_overlay_created'====== Args={'_from_bcp': True}
2025-10-02 21:04:32,121 : INFO : EventManager : Event: ======'slide_attract_inactive'====== Args={'is_removing': True, '_from_bcp': True}
2025-10-02 21:04:32,121 : INFO : EventManager : Event: ======'slide_score_overlay_active'====== Args={'original_context': 'base', 'original_calling_context': 'mode_base_started', 'priority': 100.0, 'queue': '<QueuedEvent>', 'player': 1.0, 'ball': 1.0, 'balls_remaining': 2.0, 'is_extra_ball': False, 'cmd': 'slides_play', '_from_bcp': True}
2025-10-02 21:04:32,121 : INFO : EventManager : Event: ======'slide_attract_removed'====== Args={'_from_bcp': True}
2025-10-02 21:04:32,122 : INFO : ball_device.bd_plunger : Setting up player-controlled eject. Balls: 1, Target: <playfield.playfield>, player_controlled_eject_event: None
2025-10-02 21:04:32,123 : INFO : EventManager : Event: ======'balldevice_balls_available'====== Args={}
2025-10-02 21:04:32,124 : INFO : ball_device.bd_trough : State: waiting_for_target_ready
2025-10-02 21:04:32,126 : INFO : EventManager : Event: ======'balldevice_bd_trough_ball_eject_attempt'====== Args={'balls': 1, 'target': <ball_device.bd_plunger>, 'source': <ball_device.bd_trough>, 'mechanical_eject': True, 'num_attempts': 0}
2025-10-02 21:04:32,127 : INFO : ball_device.bd_plunger : State: waiting_for_ball
2025-10-02 21:04:32,128 : INFO : ball_device.bd_trough : State: ejecting
2025-10-02 21:04:32,128 : INFO : ball_device.bd_trough : Ejecting ball to <ball_device.bd_plunger>
2025-10-02 21:04:32,128 : INFO : EventManager : Event: ======'balldevice_bd_trough_ejecting_ball'====== Args={'balls': 1, 'target': <ball_device.bd_plunger>, 'source': <ball_device.bd_trough>, 'mechanical_eject': True, 'num_attempts': 0}
2025-10-02 21:04:32,129 : INFO : EventManager : Event: ======'slide_current_mode_highlighted_created'====== Args={'_from_bcp': True}
2025-10-02 21:04:32,130 : INFO : ball_device.bd_trough : Wait for ball to leave device
2025-10-02 21:04:32,131 : INFO : coil.c_trough_eject : Pulsing Driver for 20ms (1.0 pulse_power)
2025-10-02 21:04:32,131 : INFO : SwitchController : <<<<<<< 's_trough1' inactive >>>>>>>
2025-10-02 21:04:32,136 : INFO : ball_device.bd_trough : State: ball_left
2025-10-02 21:04:32,136 : INFO : ball_device.bd_trough : Ball left
2025-10-02 21:04:32,136 : INFO : ball_device.bd_trough : Wait for confirm with timeout 3.0
2025-10-02 21:04:32,227 : INFO : SwitchController : <<<<<<< 's_plunger' active >>>>>>>
2025-10-02 21:04:32,227 : INFO : EventManager : Event: ======'machine_var_audits_switches_s_plunger'====== Args={'value': 683, 'prev_value': 682, 'change': 1}
2025-10-02 21:04:32,386 : INFO : EventManager : Event: ======'slide_skillshot_overlay_created'====== Args={'_from_bcp': True}
2025-10-02 21:04:32,730 : INFO : ball_device.bd_plunger : Received ball from <ball_device.bd_trough>
2025-10-02 21:04:32,730 : INFO : EventManager : Event: ======'balldevice_bd_plunger_ball_enter'====== Args={'new_balls': 1, 'unclaimed_balls': 0, 'new_available_balls': 0, 'device': <ball_device.bd_plunger>}
2025-10-02 21:04:32,733 : INFO : EventManager : Event: ======'balldevice_bd_plunger_ball_entered'====== Args={'new_balls': 0, 'device': <ball_device.bd_plunger>}
2025-10-02 21:04:32,735 : INFO : EventManager : Event: ======'balldevice_bd_plunger_ball_count_changed'====== Args={'balls': 1}
2025-10-02 21:04:32,737 : INFO : ball_device.bd_trough : Got eject confirm
2025-10-02 21:04:32,737 : INFO : ball_device.bd_trough : Eject successful
2025-10-02 21:04:32,737 : INFO : EventManager : Event: ======'balldevice_bd_trough_ball_eject_success'====== Args={'balls': 1, 'target': <ball_device.bd_plunger>}
2025-10-02 21:04:32,738 : INFO : EventManager : Event: ======'balldevice_bd_trough_ball_count_changed'====== Args={'balls': 5}
2025-10-02 21:04:32,738 : INFO : ball_device.bd_trough : State: idle
2025-10-02 21:04:32,741 : INFO : ball_device.bd_plunger : State: waiting_for_target_ready
2025-10-02 21:04:32,742 : INFO : EventManager : Event: ======'balldevice_bd_plunger_ball_eject_attempt'====== Args={'balls': 1, 'target': <playfield.playfield>, 'source': <ball_device.bd_plunger>, 'mechanical_eject': True, 'num_attempts': 0}
2025-10-02 21:04:32,744 : INFO : ball_device.bd_plunger : State: ejecting
2025-10-02 21:04:32,745 : INFO : ball_device.bd_plunger : Ejecting ball to <playfield.playfield>
2025-10-02 21:04:32,746 : INFO : EventManager : Event: ======'balldevice_bd_plunger_ejecting_ball'====== Args={'balls': 1, 'target': <playfield.playfield>, 'source': <ball_device.bd_plunger>, 'mechanical_eject': True, 'num_attempts': 0}
2025-10-02 21:04:32,748 : INFO : ball_device.bd_plunger : Wait for ball to leave device
2025-10-02 21:05:01,587 : INFO : Machine : Shutting down...
2025-10-02 21:05:01,587 : INFO : EventManager : Event: ======'shutdown'====== Args={}
2025-10-02 21:05:01,590 : INFO : EventManager : Event: ======'mode_game_will_stop'====== Args={}
2025-10-02 21:05:01,590 : INFO : EventManager : Event: ======'mode_game_stopping'====== Args={}
2025-10-02 21:05:01,591 : INFO : EventManager : Event: ======'mode_carousel_will_stop'====== Args={}
2025-10-02 21:05:01,592 : INFO : EventManager : Event: ======'mode_carousel_stopping'====== Args={}
2025-10-02 21:05:01,592 : INFO : EventManager : Event: ======'mode_multiball_will_stop'====== Args={}
2025-10-02 21:05:01,592 : INFO : EventManager : Event: ======'mode_multiball_stopping'====== Args={}
2025-10-02 21:05:01,592 : INFO : EventManager : Event: ======'mode_skill_shot_will_stop'====== Args={}
2025-10-02 21:05:01,592 : INFO : EventManager : Event: ======'mode_skill_shot_stopping'====== Args={}
2025-10-02 21:05:01,592 : INFO : EventManager : Event: ======'mode_base_will_stop'====== Args={}
2025-10-02 21:05:01,592 : INFO : EventManager : Event: ======'mode_base_stopping'====== Args={}
2025-10-02 21:05:01,593 : INFO : Mode.base : Stopped.
2025-10-02 21:05:01,593 : INFO : EventManager : Event: ======'modes_active_modes_changed'====== Args={}
2025-10-02 21:05:01,594 : INFO : EventManager : Event: ======'mode_base_stopped'====== Args={}
2025-10-02 21:05:01,594 : INFO : EventManager : Event: ======'clear'====== Args={'key': 'base'}
2025-10-02 21:05:01,595 : INFO : Mode.skill_shot : Stopped.
2025-10-02 21:05:01,595 : INFO : EventManager : Event: ======'modes_active_modes_changed'====== Args={}
2025-10-02 21:05:01,595 : INFO : EventManager : Event: ======'mode_skill_shot_stopped'====== Args={}
2025-10-02 21:05:01,595 : INFO : EventManager : Event: ======'clear'====== Args={'key': 'skill_shot'}
2025-10-02 21:05:01,596 : INFO : Timer.skill_shot_timeout : Stopping Timer
2025-10-02 21:05:01,596 : INFO : EventManager : Event: ======'timer_skill_shot_timeout_stopped'====== Args={'ticks': 0, 'ticks_remaining': 0}
2025-10-02 21:05:01,596 : INFO : Mode.multiball : Stopped.
2025-10-02 21:05:01,596 : INFO : EventManager : Event: ======'modes_active_modes_changed'====== Args={}
2025-10-02 21:05:01,596 : INFO : EventManager : Event: ======'mode_multiball_stopped'====== Args={}
2025-10-02 21:05:01,597 : INFO : EventManager : Event: ======'clear'====== Args={'key': 'multiball'}
2025-10-02 21:05:01,597 : INFO : Mode.carousel : Stopped.
2025-10-02 21:05:01,597 : INFO : EventManager : Event: ======'modes_active_modes_changed'====== Args={}
2025-10-02 21:05:01,597 : INFO : EventManager : Event: ======'mode_carousel_stopped'====== Args={}
2025-10-02 21:05:01,597 : INFO : EventManager : Event: ======'clear'====== Args={'key': 'carousel'}
2025-10-02 21:05:01,597 : INFO : Mode.game : Stopped.
2025-10-02 21:05:01,598 : INFO : EventManager : Event: ======'modes_active_modes_changed'====== Args={}
2025-10-02 21:05:01,598 : INFO : EventManager : Event: ======'mode_game_stopped'====== Args={}
2025-10-02 21:05:01,598 : INFO : EventManager : Event: ======'clear'====== Args={'key': 'game'}
2025-10-02 21:05:01,601 : INFO : root : MPF run loop ended.
