2025-10-10 23:39:52,823 : INFO : root : Loading config.
2025-10-10 23:39:52,827 : INFO : YamlMultifileConfigLoader : Machine config file #1: config.yaml
2025-10-10 23:39:52,828 : INFO : ConfigProcessor : Loading config from cache: C:\Users\sdona\AppData\Local\Temp\19f6d0d7953982fda9d956182316b8e5.mpf_cache
2025-10-10 23:39:52,938 : INFO : ConfigProcessor : Loading config from cache: C:\Users\sdona\AppData\Local\Temp\835b5bfea4be8b279a05e96caaaffbbb.mpf_cache
2025-10-10 23:39:52,939 : INFO : ConfigProcessor : Loading config from cache: C:\Users\sdona\AppData\Local\Temp\9b0a7575388f9d9bd2f6ab87bf9fd2f7.mpf_cache
2025-10-10 23:39:52,940 : INFO : ConfigProcessor : Loading config from cache: C:\Users\sdona\AppData\Local\Temp\c340ec0033d1055cd797ffd5447ef414.mpf_cache
2025-10-10 23:39:52,941 : INFO : ConfigProcessor : Loading config from cache: C:\Users\sdona\AppData\Local\Temp\835b5bfea4be8b279a05e96caaaffbbb.mpf_cache
2025-10-10 23:39:52,941 : INFO : ConfigProcessor : Loading config from cache: C:\Users\sdona\AppData\Local\Temp\8c11a28e3c38d4ad47947b6a126f2ee9.mpf_cache
2025-10-10 23:39:52,942 : INFO : ConfigProcessor : Loading config from cache: C:\Users\sdona\AppData\Local\Temp\e391083cdc9e667060411fe5838e93f2.mpf_cache
2025-10-10 23:39:52,943 : INFO : ConfigProcessor : Loading config from cache: C:\Users\sdona\AppData\Local\Temp\f0c219a993d891ee86dcb7eae47dde67.mpf_cache
2025-10-10 23:39:52,943 : INFO : ConfigProcessor : Loading config from cache: C:\Users\sdona\AppData\Local\Temp\96aa58108928490b129531848cd9b506.mpf_cache
2025-10-10 23:39:52,945 : INFO : ConfigProcessor : Loading config from cache: C:\Users\sdona\AppData\Local\Temp\567636b9d9766e3361204e954a8382da.mpf_cache
2025-10-10 23:39:52,946 : INFO : ConfigProcessor : Loading config from cache: C:\Users\sdona\AppData\Local\Temp\d5ead8dff868c6c4b1faf37537a19bc2.mpf_cache
2025-10-10 23:39:52,947 : WARNING : ConfigProcessor : Config file in cache changed: C:\venv\mpf\mmmdrop\modes\makesomenoise\config\makesomenoise.yaml
2025-10-10 23:39:52,947 : INFO : ConfigProcessor : Loading config from file C:\venv\mpf\mmmdrop\modes\makesomenoise\config\makesomenoise.yaml.
2025-10-10 23:39:52,954 : INFO : ConfigProcessor : Loading config: C:\venv\mpf\mmmdrop\modes\makesomenoise\config\makesomenoise.yaml
2025-10-10 23:39:52,955 : INFO : ConfigProcessor : Config file cache created: C:\Users\sdona\AppData\Local\Temp\112f935d1c2002cb40d3e6e497be9e7c.mpf_cache
2025-10-10 23:39:52,956 : INFO : Machine : Mission Pinball Framework Core Engine v0.80.0.dev9
2025-10-10 23:39:52,956 : INFO : Machine : Command line arguments: {'no_load_cache': False, 'create_config_cache': True, 'bcp': True, 'configfile': ['config.yaml'], 'force_assets_load': False, 'platform_integration_test': False, 'jsonlogging': False, 'logfile': 'logs\\2025-10-10-23-39-52-mpf-PinballLaptop.log', 'pause': False, 'production': False, 'text_ui': True, 'loglevel': 15, 'consoleloglevel': 20, 'force_platform': 'smart_virtual', 'syslog_address': None, 'full_logfile_path': 'C:\\venv\\mpf\\mmmdrop\\logs\\2025-10-10-23-39-52-mpf-PinballLaptop.log'}
2025-10-10 23:39:52,956 : INFO : Machine : MPF path: c:\venv\mpf\lib\site-packages\mpf
2025-10-10 23:39:52,956 : INFO : Machine : Machine path: C:\venv\mpf\mmmdrop
2025-10-10 23:39:52,956 : INFO : Machine : Platform: win32
2025-10-10 23:39:52,956 : INFO : Machine : Python executable location: c:\venv\mpf\Scripts\python.exe
2025-10-10 23:39:52,956 : INFO : Machine : Python version: 3.9.13 (64-bit)
2025-10-10 23:39:52,958 : INFO : Machine : Initializing MPF...
2025-10-10 23:39:53,160 : INFO : EventManager : Event: ======'machine_var_credits_string'====== Args={'value': 'FREE PLAY', 'prev_value': None, 'change': True}
2025-10-10 23:39:53,187 : INFO : EventManager : Event: ======'machine_var_fast_audio_headphones_volume'====== Args={'value': 10, 'prev_value': None, 'change': True}
2025-10-10 23:39:53,187 : INFO : EventManager : Event: ======'machine_var_fast_audio_main_volume'====== Args={'value': 44, 'prev_value': None, 'change': True}
2025-10-10 23:39:53,187 : INFO : EventManager : Event: ======'machine_var_master_volume'====== Args={'value': 0.5, 'prev_value': None, 'change': True}
2025-10-10 23:39:53,187 : INFO : EventManager : Event: ======'machine_var_player1_score'====== Args={'value': 2049050, 'prev_value': None, 'change': True}
2025-10-10 23:39:53,187 : INFO : EventManager : Event: ======'machine_var_mpf_version'====== Args={'value': 'Mission Pinball Framework v0.80.0.dev9', 'prev_value': None, 'change': True}
2025-10-10 23:39:53,187 : INFO : EventManager : Event: ======'machine_var_mpf_extended_version'====== Args={'value': 'Mission Pinball Framework v0.80.0.dev9, Config version:6, Show version: 6, BCP version:1.1', 'prev_value': None, 'change': True}
2025-10-10 23:39:53,187 : INFO : EventManager : Event: ======'machine_var_python_version'====== Args={'value': '3.9.13', 'prev_value': None, 'change': True}
2025-10-10 23:39:53,216 : INFO : EventManager : Event: ======'machine_var_platform'====== Args={'value': 'Windows-10-10.0.26100-SP0', 'prev_value': None, 'change': True}
2025-10-10 23:39:53,216 : INFO : EventManager : Event: ======'machine_var_platform_system'====== Args={'value': 'Windows', 'prev_value': None, 'change': True}
2025-10-10 23:39:53,216 : INFO : EventManager : Event: ======'machine_var_platform_release'====== Args={'value': '10', 'prev_value': None, 'change': True}
2025-10-10 23:39:53,216 : INFO : EventManager : Event: ======'machine_var_platform_version'====== Args={'value': '10.0.26100', 'prev_value': None, 'change': True}
2025-10-10 23:39:53,216 : INFO : EventManager : Event: ======'machine_var_platform_machine'====== Args={'value': 'AMD64', 'prev_value': None, 'change': True}
2025-10-10 23:39:53,216 : INFO : EventManager : Event: ======'machine_var_log_file_path'====== Args={'value': 'C:\\venv\\mpf\\mmmdrop\\logs\\2025-10-10-23-39-52-mpf-PinballLaptop.log', 'prev_value': None, 'change': True}
2025-10-10 23:39:53,216 : INFO : EventManager : Event: ======'init_phase_1'====== Args={}
2025-10-10 23:39:53,253 : INFO : EventManager : Event: ======'drop_target_bank_three_bank_up'====== Args={}
2025-10-10 23:39:53,253 : INFO : EventManager : Event: ======'init_phase_2'====== Args={}
2025-10-10 23:39:53,253 : INFO : SwitchController : Found active switch: ('3208-0', <Platform.SmartVirtual>) <switch.s_trough1>
2025-10-10 23:39:53,253 : INFO : SwitchController : Found active switch: ('3208-1', <Platform.SmartVirtual>) <switch.s_trough2>
2025-10-10 23:39:53,253 : INFO : SwitchController : Found active switch: ('3208-2', <Platform.SmartVirtual>) <switch.s_trough3>
2025-10-10 23:39:53,253 : INFO : SwitchController : Found active switch: ('3208-3', <Platform.SmartVirtual>) <switch.s_trough4>
2025-10-10 23:39:53,253 : INFO : SwitchController : Found active switch: ('3208-4', <Platform.SmartVirtual>) <switch.s_trough5>
2025-10-10 23:39:53,253 : INFO : SwitchController : Found active switch: ('3208-5', <Platform.SmartVirtual>) <switch.s_trough6>
2025-10-10 23:39:53,263 : INFO : EventManager : Event: ======'bcp_connection_attempt'====== Args={'name': 'local_display', 'host': 'localhost', 'port': 5050}
2025-10-10 23:39:53,265 : INFO : BCPClientSocket : Connecting BCP to 'local_display' at localhost:5050...
2025-10-10 23:39:57,978 : INFO : BCPClientSocket : Connected BCP to 'local_display' localhost:5050
2025-10-10 23:39:57,978 : INFO : EventManager : Event: ======'bcp_clients_connected'====== Args={}
2025-10-10 23:39:58,144 : INFO : ball_device.bd_trough : BCH: Initial count: 6
2025-10-10 23:39:58,204 : INFO : ball_device.bd_trough : State: idle
2025-10-10 23:39:58,206 : INFO : ball_device.bd_plunger : BCH: Initial count: 0
2025-10-10 23:39:58,206 : INFO : ball_device.bd_plunger : State: idle
2025-10-10 23:39:58,207 : INFO : ball_device.bd_scoop : BCH: Initial count: 0
2025-10-10 23:39:58,207 : INFO : ball_device.bd_scoop : State: idle
2025-10-10 23:39:58,229 : INFO : EventManager : Event: ======'init_phase_3'====== Args={}
2025-10-10 23:39:58,233 : INFO : EventManager : Event: ======'init_phase_4'====== Args={}
2025-10-10 23:39:58,233 : INFO : BallController : Initial balls found: 6
2025-10-10 23:39:58,235 : INFO : EventManager : Event: ======'machine_var_audits_events_game_ended'====== Args={'value': 38, 'prev_value': None, 'change': True}
2025-10-10 23:39:58,235 : INFO : EventManager : Event: ======'machine_var_audits_events_game_started'====== Args={'value': 359, 'prev_value': None, 'change': True}
2025-10-10 23:39:58,235 : INFO : EventManager : Event: ======'machine_var_audits_missing_switches_s_captive_ball'====== Args={'value': 12, 'prev_value': None, 'change': True}
2025-10-10 23:39:58,235 : INFO : EventManager : Event: ======'machine_var_audits_missing_switches_s_inner_orbit'====== Args={'value': 15, 'prev_value': None, 'change': True}
2025-10-10 23:39:58,235 : INFO : EventManager : Event: ======'machine_var_audits_missing_switches_s_left_flipper'====== Args={'value': 69, 'prev_value': None, 'change': True}
2025-10-10 23:39:58,235 : INFO : EventManager : Event: ======'machine_var_audits_missing_switches_s_left_inlane'====== Args={'value': 15, 'prev_value': None, 'change': True}
2025-10-10 23:39:58,236 : INFO : EventManager : Event: ======'machine_var_audits_missing_switches_s_left_orbit'====== Args={'value': 12, 'prev_value': None, 'change': True}
2025-10-10 23:39:58,236 : INFO : EventManager : Event: ======'machine_var_audits_missing_switches_s_left_outlane'====== Args={'value': 103, 'prev_value': None, 'change': True}
2025-10-10 23:39:58,236 : INFO : EventManager : Event: ======'machine_var_audits_missing_switches_s_left_slingshot'====== Args={'value': 285, 'prev_value': None, 'change': True}
2025-10-10 23:39:58,236 : INFO : EventManager : Event: ======'machine_var_audits_missing_switches_s_left_upper_pop'====== Args={'value': 15, 'prev_value': None, 'change': True}
2025-10-10 23:39:58,236 : INFO : EventManager : Event: ======'machine_var_audits_missing_switches_s_pop_standup'====== Args={'value': 12, 'prev_value': None, 'change': True}
2025-10-10 23:39:58,236 : INFO : EventManager : Event: ======'machine_var_audits_missing_switches_s_right_flipper'====== Args={'value': 69, 'prev_value': None, 'change': True}
2025-10-10 23:39:58,236 : INFO : EventManager : Event: ======'machine_var_audits_missing_switches_s_right_inlane'====== Args={'value': 15, 'prev_value': None, 'change': True}
2025-10-10 23:39:58,236 : INFO : EventManager : Event: ======'machine_var_audits_missing_switches_s_right_orbit'====== Args={'value': 12, 'prev_value': None, 'change': True}
2025-10-10 23:39:58,236 : INFO : EventManager : Event: ======'machine_var_audits_missing_switches_s_right_outlane'====== Args={'value': 170, 'prev_value': None, 'change': True}
2025-10-10 23:39:58,236 : INFO : EventManager : Event: ======'machine_var_audits_missing_switches_s_right_slingshot'====== Args={'value': 135, 'prev_value': None, 'change': True}
2025-10-10 23:39:58,236 : INFO : EventManager : Event: ======'machine_var_audits_missing_switches_s_service_down'====== Args={'value': 4, 'prev_value': None, 'change': True}
2025-10-10 23:39:58,236 : INFO : EventManager : Event: ======'machine_var_audits_missing_switches_s_service_enter'====== Args={'value': 4, 'prev_value': None, 'change': True}
2025-10-10 23:39:58,236 : INFO : EventManager : Event: ======'machine_var_audits_missing_switches_s_service_esc'====== Args={'value': 4, 'prev_value': None, 'change': True}
2025-10-10 23:39:58,236 : INFO : EventManager : Event: ======'machine_var_audits_missing_switches_s_service_up'====== Args={'value': 4, 'prev_value': None, 'change': True}
2025-10-10 23:39:58,237 : INFO : EventManager : Event: ======'machine_var_audits_missing_switches_s_start'====== Args={'value': 68, 'prev_value': None, 'change': True}
2025-10-10 23:39:58,237 : INFO : EventManager : Event: ======'machine_var_audits_missing_switches_s_three_bank_standup'====== Args={'value': 2, 'prev_value': None, 'change': True}
2025-10-10 23:39:58,237 : INFO : EventManager : Event: ======'machine_var_audits_missing_switches_s_tilt_bob'====== Args={'value': 293, 'prev_value': None, 'change': True}
2025-10-10 23:39:58,237 : INFO : EventManager : Event: ======'machine_var_audits_missing_switches_s_top_right_flipper'====== Args={'value': 285, 'prev_value': None, 'change': True}
2025-10-10 23:39:58,237 : INFO : EventManager : Event: ======'machine_var_audits_missing_switches_s_trough1'====== Args={'value': 1, 'prev_value': None, 'change': True}
2025-10-10 23:39:58,237 : INFO : EventManager : Event: ======'machine_var_audits_missing_switches_s_trough2'====== Args={'value': 2, 'prev_value': None, 'change': True}
2025-10-10 23:39:58,237 : INFO : EventManager : Event: ======'machine_var_audits_missing_switches_s_trough3'====== Args={'value': 2, 'prev_value': None, 'change': True}
2025-10-10 23:39:58,237 : INFO : EventManager : Event: ======'machine_var_audits_missing_switches_s_trough4'====== Args={'value': 284, 'prev_value': None, 'change': True}
2025-10-10 23:39:58,237 : INFO : EventManager : Event: ======'machine_var_audits_missing_switches_s_trough5'====== Args={'value': 284, 'prev_value': None, 'change': True}
2025-10-10 23:39:58,237 : INFO : EventManager : Event: ======'machine_var_audits_missing_switches_s_trough6'====== Args={'value': 134, 'prev_value': None, 'change': True}
2025-10-10 23:39:58,238 : INFO : EventManager : Event: ======'machine_var_audits_missing_switches_s_trough_jam'====== Args={'value': 285, 'prev_value': None, 'change': True}
2025-10-10 23:39:58,238 : INFO : EventManager : Event: ======'machine_var_audits_missing_switches_s_tshirt_bottom_standup'====== Args={'value': 131, 'prev_value': None, 'change': True}
2025-10-10 23:39:58,238 : INFO : EventManager : Event: ======'machine_var_audits_missing_switches_s_tshirt_top_standup'====== Args={'value': 110, 'prev_value': None, 'change': True}
2025-10-10 23:39:58,238 : INFO : EventManager : Event: ======'machine_var_audits_missing_switches_s_upper_pop_standup'====== Args={'value': 285, 'prev_value': None, 'change': True}
2025-10-10 23:39:58,238 : INFO : EventManager : Event: ======'machine_var_audits_missing_switches_service_esc'====== Args={'value': 1, 'prev_value': None, 'change': True}
2025-10-10 23:39:58,239 : INFO : EventManager : Event: ======'machine_var_audits_player_score'====== Args={'value': {'average': 121669, 'top': [2075720, 2049050, 140190, 55679, 54526, 46225, 25350, 24166, 23278, 22740], 'total': 39}, 'prev_value': None, 'change': True}
2025-10-10 23:39:58,239 : INFO : EventManager : Event: ======'machine_var_audits_shots_skill_captive'====== Args={'value': 16, 'prev_value': None, 'change': True}
2025-10-10 23:39:58,239 : INFO : EventManager : Event: ======'machine_var_audits_shots_skill_drop_targets'====== Args={'value': 144, 'prev_value': None, 'change': True}
2025-10-10 23:39:58,239 : INFO : EventManager : Event: ======'machine_var_audits_shots_skill_side_targets'====== Args={'value': 27, 'prev_value': None, 'change': True}
2025-10-10 23:39:58,239 : INFO : EventManager : Event: ======'machine_var_audits_switches_s_captive_ball'====== Args={'value': 184, 'prev_value': None, 'change': True}
2025-10-10 23:39:58,239 : INFO : EventManager : Event: ======'machine_var_audits_switches_s_center_upper_pop'====== Args={'value': 212, 'prev_value': None, 'change': True}
2025-10-10 23:39:58,239 : INFO : EventManager : Event: ======'machine_var_audits_switches_s_inner_orbit'====== Args={'value': 1, 'prev_value': None, 'change': True}
2025-10-10 23:39:58,239 : INFO : EventManager : Event: ======'machine_var_audits_switches_s_left_flipper'====== Args={'value': 1247, 'prev_value': None, 'change': True}
2025-10-10 23:39:58,240 : INFO : EventManager : Event: ======'machine_var_audits_switches_s_left_inlane'====== Args={'value': 111, 'prev_value': None, 'change': True}
2025-10-10 23:39:58,240 : INFO : EventManager : Event: ======'machine_var_audits_switches_s_left_orbit'====== Args={'value': 55, 'prev_value': None, 'change': True}
2025-10-10 23:39:58,240 : INFO : EventManager : Event: ======'machine_var_audits_switches_s_left_outlane'====== Args={'value': 56, 'prev_value': None, 'change': True}
2025-10-10 23:39:58,240 : INFO : EventManager : Event: ======'machine_var_audits_switches_s_left_ramp'====== Args={'value': 103, 'prev_value': None, 'change': True}
2025-10-10 23:39:58,240 : INFO : EventManager : Event: ======'machine_var_audits_switches_s_left_slingshot'====== Args={'value': 259, 'prev_value': None, 'change': True}
2025-10-10 23:39:58,240 : INFO : EventManager : Event: ======'machine_var_audits_switches_s_left_upper_pop'====== Args={'value': 157, 'prev_value': None, 'change': True}
2025-10-10 23:39:58,240 : INFO : EventManager : Event: ======'machine_var_audits_switches_s_plunger'====== Args={'value': 955, 'prev_value': None, 'change': True}
2025-10-10 23:39:58,240 : INFO : EventManager : Event: ======'machine_var_audits_switches_s_pop_standup'====== Args={'value': 94, 'prev_value': None, 'change': True}
2025-10-10 23:39:58,240 : INFO : EventManager : Event: ======'machine_var_audits_switches_s_right_flipper'====== Args={'value': 1521, 'prev_value': None, 'change': True}
2025-10-10 23:39:58,240 : INFO : EventManager : Event: ======'machine_var_audits_switches_s_right_inlane'====== Args={'value': 107, 'prev_value': None, 'change': True}
2025-10-10 23:39:58,240 : INFO : EventManager : Event: ======'machine_var_audits_switches_s_right_lower_pop'====== Args={'value': 502, 'prev_value': None, 'change': True}
2025-10-10 23:39:58,240 : INFO : EventManager : Event: ======'machine_var_audits_switches_s_right_orbit'====== Args={'value': 57, 'prev_value': None, 'change': True}
2025-10-10 23:39:58,240 : INFO : EventManager : Event: ======'machine_var_audits_switches_s_right_outlane'====== Args={'value': 53, 'prev_value': None, 'change': True}
2025-10-10 23:39:58,240 : INFO : EventManager : Event: ======'machine_var_audits_switches_s_right_ramp'====== Args={'value': 107, 'prev_value': None, 'change': True}
2025-10-10 23:39:58,240 : INFO : EventManager : Event: ======'machine_var_audits_switches_s_right_slingshot'====== Args={'value': 366, 'prev_value': None, 'change': True}
2025-10-10 23:39:58,240 : INFO : EventManager : Event: ======'machine_var_audits_switches_s_scoop'====== Args={'value': 276, 'prev_value': None, 'change': True}
2025-10-10 23:39:58,241 : INFO : EventManager : Event: ======'machine_var_audits_switches_s_service_down'====== Args={'value': 0, 'prev_value': None, 'change': True}
2025-10-10 23:39:58,241 : INFO : EventManager : Event: ======'machine_var_audits_switches_s_service_enter'====== Args={'value': 0, 'prev_value': None, 'change': True}
2025-10-10 23:39:58,241 : INFO : EventManager : Event: ======'machine_var_audits_switches_s_service_esc'====== Args={'value': 0, 'prev_value': None, 'change': True}
2025-10-10 23:39:58,241 : INFO : EventManager : Event: ======'machine_var_audits_switches_s_service_up'====== Args={'value': 0, 'prev_value': None, 'change': True}
2025-10-10 23:39:58,241 : INFO : EventManager : Event: ======'machine_var_audits_switches_s_spinner'====== Args={'value': 1595, 'prev_value': None, 'change': True}
2025-10-10 23:39:58,241 : INFO : EventManager : Event: ======'machine_var_audits_switches_s_start'====== Args={'value': 56, 'prev_value': None, 'change': True}
2025-10-10 23:39:58,241 : INFO : EventManager : Event: ======'machine_var_audits_switches_s_three_bank_bottom'====== Args={'value': 362, 'prev_value': None, 'change': True}
2025-10-10 23:39:58,241 : INFO : EventManager : Event: ======'machine_var_audits_switches_s_three_bank_middle'====== Args={'value': 405, 'prev_value': None, 'change': True}
2025-10-10 23:39:58,241 : INFO : EventManager : Event: ======'machine_var_audits_switches_s_three_bank_standup'====== Args={'value': 212, 'prev_value': None, 'change': True}
2025-10-10 23:39:58,241 : INFO : EventManager : Event: ======'machine_var_audits_switches_s_three_bank_top'====== Args={'value': 399, 'prev_value': None, 'change': True}
2025-10-10 23:39:58,241 : INFO : EventManager : Event: ======'machine_var_audits_switches_s_tilt_bob'====== Args={'value': 21, 'prev_value': None, 'change': True}
2025-10-10 23:39:58,241 : INFO : EventManager : Event: ======'machine_var_audits_switches_s_top_right_flipper'====== Args={'value': 1294, 'prev_value': None, 'change': True}
2025-10-10 23:39:58,241 : INFO : EventManager : Event: ======'machine_var_audits_switches_s_trough1'====== Args={'value': 268, 'prev_value': None, 'change': True}
2025-10-10 23:39:58,241 : INFO : EventManager : Event: ======'machine_var_audits_switches_s_trough2'====== Args={'value': 284, 'prev_value': None, 'change': True}
2025-10-10 23:39:58,241 : INFO : EventManager : Event: ======'machine_var_audits_switches_s_trough3'====== Args={'value': 218, 'prev_value': None, 'change': True}
2025-10-10 23:39:58,242 : INFO : EventManager : Event: ======'machine_var_audits_switches_s_trough4'====== Args={'value': 160, 'prev_value': None, 'change': True}
2025-10-10 23:39:58,242 : INFO : EventManager : Event: ======'machine_var_audits_switches_s_trough5'====== Args={'value': 160, 'prev_value': None, 'change': True}
2025-10-10 23:39:58,242 : INFO : EventManager : Event: ======'machine_var_audits_switches_s_trough6'====== Args={'value': 161, 'prev_value': None, 'change': True}
2025-10-10 23:39:58,242 : INFO : EventManager : Event: ======'machine_var_audits_switches_s_trough_jam'====== Args={'value': 206, 'prev_value': None, 'change': True}
2025-10-10 23:39:58,242 : INFO : EventManager : Event: ======'machine_var_audits_switches_s_tshirt_bottom_standup'====== Args={'value': 31, 'prev_value': None, 'change': True}
2025-10-10 23:39:58,242 : INFO : EventManager : Event: ======'machine_var_audits_switches_s_tshirt_top_standup'====== Args={'value': 58, 'prev_value': None, 'change': True}
2025-10-10 23:39:58,242 : INFO : EventManager : Event: ======'machine_var_audits_switches_s_upper_pop_standup'====== Args={'value': 158, 'prev_value': None, 'change': True}
2025-10-10 23:39:58,242 : INFO : EventManager : Event: ======'machine_var_audits_switches_service_down'====== Args={'value': 1, 'prev_value': None, 'change': True}
2025-10-10 23:39:58,242 : INFO : EventManager : Event: ======'machine_var_audits_switches_service_enter'====== Args={'value': 2, 'prev_value': None, 'change': True}
2025-10-10 23:39:58,243 : INFO : EventManager : Event: ======'machine_var_audits_switches_service_esc'====== Args={'value': 0, 'prev_value': None, 'change': True}
2025-10-10 23:39:58,243 : INFO : EventManager : Event: ======'machine_var_audits_switches_service_up'====== Args={'value': 2, 'prev_value': None, 'change': True}
2025-10-10 23:39:58,243 : INFO : EventManager : Event: ======'init_phase_5'====== Args={}
2025-10-10 23:39:58,260 : INFO : EventManager : Event: ======'init_done'====== Args={}
2025-10-10 23:39:58,262 : INFO : EventManager : Event: ======'machine_reset_phase_1'====== Args={}
2025-10-10 23:39:58,262 : INFO : BcpServer : New client connected.
2025-10-10 23:39:58,280 : INFO : EventManager : Event: ======'machine_reset_phase_2'====== Args={}
2025-10-10 23:39:58,281 : INFO : EventManager : Event: ======'machine_reset_phase_3'====== Args={}
2025-10-10 23:39:58,282 : INFO : drop_target_bank.three_bank : All targets are already up. Will not reset bank.
2025-10-10 23:39:58,282 : INFO : EventManager : Event: ======'reset_complete'====== Args={}
2025-10-10 23:39:58,283 : INFO : EventManager : Event: ======'mode_service_will_start'====== Args={}
2025-10-10 23:39:58,286 : INFO : EventManager : Event: ======'mode_service_starting'====== Args={}
2025-10-10 23:39:58,286 : INFO : EventManager : Event: ======'mode_attract_will_start'====== Args={}
2025-10-10 23:39:58,287 : INFO : EventManager : Event: ======'mode_attract_starting'====== Args={}
2025-10-10 23:39:58,287 : INFO : Mode.attract : Started. Priority: 10
2025-10-10 23:39:58,288 : INFO : EventManager : Event: ======'modes_active_modes_changed'====== Args={}
2025-10-10 23:39:58,288 : INFO : EventManager : Event: ======'mode_attract_started'====== Args={}
2025-10-10 23:39:58,288 : INFO : EventManager : Event: ======'collecting_balls_complete'====== Args={}
2025-10-10 23:39:58,288 : INFO : Mode.service : Started. Priority: 100000
2025-10-10 23:39:58,288 : INFO : EventManager : Event: ======'modes_active_modes_changed'====== Args={}
2025-10-10 23:39:58,289 : INFO : EventManager : Event: ======'mode_service_started'====== Args={}
2025-10-10 23:39:58,308 : INFO : EventManager : Event: ======'slide_loading_created'====== Args={'_from_bcp': True}
2025-10-10 23:39:58,309 : INFO : EventManager : Event: ======'slide__removed'====== Args={'_from_bcp': True}
2025-10-10 23:39:58,309 : INFO : EventManager : Event: ======'slide_loading_active'====== Args={'original_context': '_global', 'original_calling_context': 'init_done', 'priority': 0.0, 'cmd': 'slides_play', '_from_bcp': True}
2025-10-10 23:39:58,311 : INFO : Machine : Starting the main run loop with active modes: [<Mode.service>, <Mode.attract>]
2025-10-10 23:39:58,378 : INFO : EventManager : Event: ======'slide_attract_created'====== Args={'_from_bcp': True}
2025-10-10 23:39:58,379 : INFO : EventManager : Event: ======'slide_loading_inactive'====== Args={'is_removing': True, '_from_bcp': True}
2025-10-10 23:39:58,379 : INFO : EventManager : Event: ======'slide_attract_active'====== Args={'original_context': 'attract', 'original_calling_context': 'mode_attract_started', 'priority': 10.0, 'cmd': 'slides_play', '_from_bcp': True}
2025-10-10 23:39:58,380 : INFO : EventManager : Event: ======'slide_loading_removed'====== Args={'_from_bcp': True}
2025-10-10 23:39:59,347 : INFO : SwitchController : <<<<<<< 's_start' active >>>>>>>
2025-10-10 23:39:59,463 : INFO : SwitchController : <<<<<<< 's_start' inactive >>>>>>>
2025-10-10 23:39:59,463 : INFO : EventManager : Event: ======'sw_start_inactive'====== Args={}
2025-10-10 23:39:59,463 : INFO : EventManager : Event: ======'request_to_start_game'====== Args={}
2025-10-10 23:39:59,464 : INFO : EventManager : Event: ======'game_start'====== Args={'buttons': [], 'hold_time': 0.11000000000058208}
2025-10-10 23:39:59,464 : INFO : EventManager : Event: ======'mode_game_will_start'====== Args={'buttons': [], 'hold_time': 0.11000000000058208}
2025-10-10 23:39:59,467 : INFO : EventManager : Event: ======'mode_game_starting'====== Args={'buttons': [], 'hold_time': 0.11000000000058208}
2025-10-10 23:39:59,467 : INFO : EventManager : Event: ======'mode_attract_will_stop'====== Args={}
2025-10-10 23:39:59,467 : INFO : EventManager : Event: ======'mode_attract_stopping'====== Args={}
2025-10-10 23:39:59,467 : INFO : Mode.attract : Stopped.
2025-10-10 23:39:59,467 : INFO : EventManager : Event: ======'modes_active_modes_changed'====== Args={}
2025-10-10 23:39:59,468 : INFO : EventManager : Event: ======'mode_attract_stopped'====== Args={}
2025-10-10 23:39:59,468 : INFO : EventManager : Event: ======'clear'====== Args={'key': 'attract'}
2025-10-10 23:39:59,468 : INFO : Mode.game : Started. Priority: 20
2025-10-10 23:39:59,468 : INFO : EventManager : Event: ======'modes_active_modes_changed'====== Args={}
2025-10-10 23:39:59,468 : INFO : EventManager : Event: ======'mode_game_started'====== Args={'buttons': [], 'hold_time': 0.11000000000058208}
2025-10-10 23:39:59,473 : INFO : EventManager : Event: ======'game_will_start'====== Args={}
2025-10-10 23:39:59,476 : INFO : EventManager : Event: ======'game_starting'====== Args={'game': <Mode.game>}
2025-10-10 23:39:59,477 : INFO : EventManager : Unordered handler for class <Auditor> on event game_ended with priority 1. Handlers: [RegisteredHandler(callback=<bound method Auditor.disable of <Auditor>>, priority=1, kwargs={}, key=UUID('2738ed86-0c77-4ab1-b688-83b1bfe6121b'), condition=None, blocking_facility=None), RegisteredHandler(callback=<bound method Auditor._save_audits of <Auditor>>, priority=1, kwargs={}, key=UUID('e1dcee75-60c0-495d-a519-1ff7c2e6c3b4'), condition=None, blocking_facility=None)]. The order of those handlers is not defined and they will be executed in random order. This might lead to race conditions and potential bugs.
2025-10-10 23:39:59,478 : INFO : EventManager : Event: ======'player_add_request'====== Args={}
2025-10-10 23:39:59,478 : INFO : EventManager : Event: ======'player_will_add'====== Args={'number': 1}
2025-10-10 23:39:59,479 : INFO : EventManager : Event: ======'player_adding'====== Args={'player': <Player 1>, 'number': 1}
2025-10-10 23:39:59,479 : INFO : EventManager : Event: ======'player_added'====== Args={'player': <Player 1>, 'num': 1}
2025-10-10 23:39:59,479 : INFO : Mode.game : Player added successfully. Total players: 1
2025-10-10 23:39:59,480 : INFO : EventManager : Event: ======'player_index'====== Args={'value': 0, 'prev_value': 0, 'change': 0, 'player_num': 1}
2025-10-10 23:39:59,480 : INFO : EventManager : Event: ======'player_number'====== Args={'value': 1, 'prev_value': 1, 'change': 0, 'player_num': 1}
2025-10-10 23:39:59,481 : INFO : EventManager : Event: ======'player_score'====== Args={'value': 0, 'prev_value': 0, 'change': 0, 'player_num': 1}
2025-10-10 23:39:59,482 : INFO : EventManager : Event: ======'game_started'====== Args={}
2025-10-10 23:39:59,491 : INFO : EventManager : Event: ======'player_turn_will_start'====== Args={'player': <Player 1>, 'number': 1}
2025-10-10 23:39:59,500 : INFO : EventManager : Event: ======'player_turn_starting'====== Args={'player': <Player 1>, 'number': 1}
2025-10-10 23:39:59,500 : INFO : EventManager : Event: ======'player_ball'====== Args={'value': 1, 'prev_value': 0, 'change': 1, 'player_num': 1}
2025-10-10 23:39:59,502 : INFO : EventManager : Event: ======'player_turn_started'====== Args={'player': <Player 1>, 'number': 1}
2025-10-10 23:39:59,504 : INFO : EventManager : Event: ======'ball_will_start'====== Args={'player': 1, 'ball': 1, 'balls_remaining': 2, 'is_extra_ball': False}
2025-10-10 23:39:59,509 : INFO : EventManager : Event: ======'ball_starting'====== Args={'player': 1, 'ball': 1, 'balls_remaining': 2, 'is_extra_ball': False}
2025-10-10 23:39:59,509 : INFO : EventManager : Event: ======'mode_base_will_start'====== Args={'queue': <QueuedEvent>, 'player': 1, 'ball': 1, 'balls_remaining': 2, 'is_extra_ball': False}
2025-10-10 23:39:59,518 : INFO : EventManager : Event: ======'mode_base_starting'====== Args={'queue': <QueuedEvent>, 'player': 1, 'ball': 1, 'balls_remaining': 2, 'is_extra_ball': False}
2025-10-10 23:39:59,519 : INFO : drop_target_bank.three_bank : All targets are already up. Will not reset bank.
2025-10-10 23:39:59,520 : INFO : EventManager : Event: ======'balls_in_play'====== Args={'balls': 1}
2025-10-10 23:39:59,520 : INFO : EventManager : Event: ======'ball_started'====== Args={'player': 1, 'ball': 1, 'balls_remaining': 2, 'is_extra_ball': False}
2025-10-10 23:39:59,521 : INFO : EventManager : Event: ======'logicblock_qualify_chcheckitout_multiball_updated'====== Args={'value': 0, 'enabled': True}
2025-10-10 23:39:59,521 : INFO : EventManager : Event: ======'logicblock_qualify_chcheckitout_multiball_updated'====== Args={'value': 0, 'enabled': True}
2025-10-10 23:39:59,521 : INFO : EventManager : Event: ======'logicblock_chcheckitout_multiball_ready_updated'====== Args={'value': 0, 'enabled': False}
2025-10-10 23:39:59,521 : INFO : EventManager : Event: ======'logicblock_drop_target_bank_counter_updated'====== Args={'value': 0, 'enabled': False}
2025-10-10 23:39:59,521 : INFO : Mode.base : Started. Priority: 100
2025-10-10 23:39:59,521 : INFO : EventManager : Event: ======'modes_active_modes_changed'====== Args={}
2025-10-10 23:39:59,521 : INFO : EventManager : Event: ======'mode_base_started'====== Args={'queue': <QueuedEvent>, 'player': 1, 'ball': 1, 'balls_remaining': 2, 'is_extra_ball': False}
2025-10-10 23:39:59,522 : INFO : EventManager : Event: ======'mode_skill_shot_will_start'====== Args={'player': 1, 'ball': 1, 'balls_remaining': 2, 'is_extra_ball': False}
2025-10-10 23:39:59,522 : INFO : EventManager : Event: ======'player_shot_skill_side_targets_enabled'====== Args={'value': True, 'prev_value': 0, 'change': 1, 'player_num': 1}
2025-10-10 23:39:59,523 : INFO : EventManager : Event: ======'player_shot_skill_drop_targets_enabled'====== Args={'value': True, 'prev_value': 0, 'change': 1, 'player_num': 1}
2025-10-10 23:39:59,524 : INFO : EventManager : Event: ======'skill_shot_complete'====== Args={'state': 'unlit'}
2025-10-10 23:39:59,524 : INFO : EventManager : Event: ======'skill_shot_unlit_complete'====== Args={}
2025-10-10 23:39:59,526 : INFO : EventManager : Event: ======'player_skill_shot_skill_shot_timeout_tick'====== Args={'value': 0, 'prev_value': 0, 'change': 0, 'player_num': 1}
2025-10-10 23:39:59,527 : INFO : EventManager : Event: ======'mode_skill_shot_starting'====== Args={'player': 1, 'ball': 1, 'balls_remaining': 2, 'is_extra_ball': False}
2025-10-10 23:39:59,527 : INFO : EventManager : Event: ======'logicblock_qualify_chcheckitout_multiball_updated'====== Args={'value': 0, 'enabled': True}
2025-10-10 23:39:59,527 : INFO : EventManager : Event: ======'logicblock_chcheckitout_multiball_ready_updated'====== Args={'value': 0, 'enabled': False}
2025-10-10 23:39:59,528 : INFO : EventManager : Event: ======'player_multiball_blocking_flag'====== Args={'value': 0, 'prev_value': 0, 'change': 0, 'player_num': 1, 'source': 'base'}
2025-10-10 23:39:59,528 : INFO : EventManager : Event: ======'player_mode_blocking_flag'====== Args={'value': 0, 'prev_value': 0, 'change': 0, 'player_num': 1, 'source': 'base'}
2025-10-10 23:39:59,528 : INFO : EventManager : Event: ======'player_player_drop_target_bank_counter_count'====== Args={'value': 0, 'prev_value': 0, 'change': 0, 'player_num': 1, 'source': 'base'}
2025-10-10 23:39:59,530 : INFO : EventManager : Event: ======'player_drop_target_bank_counter_count'====== Args={'value': 0, 'prev_value': 0, 'change': 0, 'player_num': 1, 'source': 'base'}
2025-10-10 23:39:59,530 : INFO : EventManager : Event: ======'mode_multiball_will_start'====== Args={'queue': <QueuedEvent>, 'player': 1, 'ball': 1, 'balls_remaining': 2, 'is_extra_ball': False}
2025-10-10 23:39:59,532 : INFO : EventManager : Event: ======'mode_multiball_starting'====== Args={'queue': <QueuedEvent>, 'player': 1, 'ball': 1, 'balls_remaining': 2, 'is_extra_ball': False}
2025-10-10 23:39:59,532 : INFO : EventManager : Event: ======'mode_carousel_will_start'====== Args={'queue': <QueuedEvent>, 'player': 1, 'ball': 1, 'balls_remaining': 2, 'is_extra_ball': False}
2025-10-10 23:39:59,534 : INFO : EventManager : Event: ======'mode_carousel_starting'====== Args={'queue': <QueuedEvent>, 'player': 1, 'ball': 1, 'balls_remaining': 2, 'is_extra_ball': False}
2025-10-10 23:39:59,534 : INFO : EventManager : Event: ======'ball_save_default_enabled'====== Args={}
2025-10-10 23:39:59,534 : INFO : Mode.carousel : Started. Priority: 200
2025-10-10 23:39:59,534 : INFO : EventManager : Event: ======'modes_active_modes_changed'====== Args={}
2025-10-10 23:39:59,534 : INFO : EventManager : Event: ======'mode_carousel_started'====== Args={'queue': <QueuedEvent>, 'player': 1, 'ball': 1, 'balls_remaining': 2, 'is_extra_ball': False}
2025-10-10 23:39:59,535 : INFO : EventManager : Event: ======'item_highlighted'====== Args={'carousel': 'carousel', 'direction': None, 'item': 'intergalactic'}
2025-10-10 23:39:59,536 : INFO : Mode.multiball : Started. Priority: 1000
2025-10-10 23:39:59,536 : INFO : EventManager : Event: ======'modes_active_modes_changed'====== Args={}
2025-10-10 23:39:59,536 : INFO : EventManager : Event: ======'mode_multiball_started'====== Args={'queue': <QueuedEvent>, 'player': 1, 'ball': 1, 'balls_remaining': 2, 'is_extra_ball': False}
2025-10-10 23:39:59,536 : INFO : Mode.skill_shot : Started. Priority: 500
2025-10-10 23:39:59,537 : INFO : EventManager : Event: ======'modes_active_modes_changed'====== Args={}
2025-10-10 23:39:59,537 : INFO : EventManager : Event: ======'mode_skill_shot_started'====== Args={'player': 1, 'ball': 1, 'balls_remaining': 2, 'is_extra_ball': False}
2025-10-10 23:39:59,537 : INFO : EventManager : Event: ======'player_shot_skill_side_targets'====== Args={'value': 1, 'prev_value': 0, 'change': 1, 'player_num': 1}
2025-10-10 23:39:59,538 : INFO : EventManager : Event: ======'player_shot_skill_drop_targets'====== Args={'value': 1, 'prev_value': 0, 'change': 1, 'player_num': 1}
2025-10-10 23:39:59,539 : INFO : EventManager : Event: ======'skill_shot_complete'====== Args={'state': 'flashing'}
2025-10-10 23:39:59,539 : INFO : EventManager : Event: ======'skill_shot_flashing_complete'====== Args={}
2025-10-10 23:39:59,541 : INFO : EventManager : Event: ======'single_player_ball_started'====== Args={}
2025-10-10 23:39:59,562 : INFO : EventManager : Event: ======'ball_start_target'====== Args={'target': 'playfield'}
2025-10-10 23:39:59,564 : INFO : EventManager : Event: ======'slide_base_created'====== Args={'_from_bcp': True}
2025-10-10 23:39:59,564 : INFO : EventManager : Event: ======'slide_score_overlay_created'====== Args={'_from_bcp': True}
2025-10-10 23:39:59,564 : INFO : EventManager : Event: ======'slide_attract_inactive'====== Args={'is_removing': True, '_from_bcp': True}
2025-10-10 23:39:59,565 : INFO : EventManager : Event: ======'slide_score_overlay_active'====== Args={'original_context': 'base', 'original_calling_context': 'mode_base_started', 'priority': 100.0, 'queue': '<QueuedEvent>', 'player': 1.0, 'ball': 1.0, 'balls_remaining': 2.0, 'is_extra_ball': False, 'cmd': 'slides_play', '_from_bcp': True}
2025-10-10 23:39:59,565 : INFO : ball_device.bd_plunger : Setting up player-controlled eject. Balls: 1, Target: <playfield.playfield>, player_controlled_eject_event: None
2025-10-10 23:39:59,566 : INFO : EventManager : Event: ======'balldevice_balls_available'====== Args={}
2025-10-10 23:39:59,566 : INFO : EventManager : Event: ======'play_base_video2'====== Args={'_from_bcp': True}
2025-10-10 23:39:59,568 : INFO : EventManager : Event: ======'slide_attract_removed'====== Args={'_from_bcp': True}
2025-10-10 23:39:59,570 : INFO : ball_device.bd_trough : State: waiting_for_target_ready
2025-10-10 23:39:59,571 : INFO : EventManager : Event: ======'balldevice_bd_trough_ball_eject_attempt'====== Args={'balls': 1, 'target': <ball_device.bd_plunger>, 'source': <ball_device.bd_trough>, 'mechanical_eject': True, 'num_attempts': 0}
2025-10-10 23:39:59,571 : INFO : ball_device.bd_plunger : State: waiting_for_ball
2025-10-10 23:39:59,573 : INFO : ball_device.bd_trough : State: ejecting
2025-10-10 23:39:59,574 : INFO : ball_device.bd_trough : Ejecting ball to <ball_device.bd_plunger>
2025-10-10 23:39:59,574 : INFO : EventManager : Event: ======'balldevice_bd_trough_ejecting_ball'====== Args={'balls': 1, 'target': <ball_device.bd_plunger>, 'source': <ball_device.bd_trough>, 'mechanical_eject': True, 'num_attempts': 0}
2025-10-10 23:39:59,576 : INFO : ball_device.bd_trough : Wait for ball to leave device
2025-10-10 23:39:59,576 : INFO : coil.c_trough_eject : Pulsing Driver for 20ms (1.0 pulse_power)
2025-10-10 23:39:59,577 : INFO : SwitchController : <<<<<<< 's_trough1' inactive >>>>>>>
2025-10-10 23:39:59,582 : INFO : EventManager : Event: ======'slide_current_mode_highlighted_created'====== Args={'_from_bcp': True}
2025-10-10 23:39:59,583 : INFO : ball_device.bd_trough : State: ball_left
2025-10-10 23:39:59,584 : INFO : ball_device.bd_trough : Ball left
2025-10-10 23:39:59,584 : INFO : ball_device.bd_trough : Wait for confirm with timeout 3.0
2025-10-10 23:39:59,681 : INFO : SwitchController : <<<<<<< 's_plunger' active >>>>>>>
2025-10-10 23:39:59,682 : INFO : EventManager : Event: ======'machine_var_audits_switches_s_plunger'====== Args={'value': 956, 'prev_value': 955, 'change': 1}
2025-10-10 23:39:59,843 : INFO : EventManager : Event: ======'slide_skillshot_overlay_created'====== Args={'_from_bcp': True}
2025-10-10 23:39:59,864 : INFO : EventManager : Event: ======'slide_basevideo2_created'====== Args={'_from_bcp': True}
2025-10-10 23:40:00,181 : INFO : ball_device.bd_plunger : Received ball from <ball_device.bd_trough>
2025-10-10 23:40:00,181 : INFO : EventManager : Event: ======'balldevice_bd_plunger_ball_enter'====== Args={'new_balls': 1, 'unclaimed_balls': 0, 'new_available_balls': 0, 'device': <ball_device.bd_plunger>}
2025-10-10 23:40:00,182 : INFO : EventManager : Event: ======'balldevice_bd_plunger_ball_entered'====== Args={'new_balls': 0, 'device': <ball_device.bd_plunger>}
2025-10-10 23:40:00,183 : INFO : EventManager : Event: ======'balldevice_bd_plunger_ball_count_changed'====== Args={'balls': 1}
2025-10-10 23:40:00,183 : INFO : ball_device.bd_trough : Got eject confirm
2025-10-10 23:40:00,183 : INFO : ball_device.bd_trough : Eject successful
2025-10-10 23:40:00,184 : INFO : EventManager : Event: ======'balldevice_bd_trough_ball_eject_success'====== Args={'balls': 1, 'target': <ball_device.bd_plunger>}
2025-10-10 23:40:00,184 : INFO : EventManager : Event: ======'balldevice_bd_trough_ball_count_changed'====== Args={'balls': 5}
2025-10-10 23:40:00,184 : INFO : ball_device.bd_trough : State: idle
2025-10-10 23:40:00,185 : INFO : ball_device.bd_plunger : State: waiting_for_target_ready
2025-10-10 23:40:00,185 : INFO : EventManager : Event: ======'balldevice_bd_plunger_ball_eject_attempt'====== Args={'balls': 1, 'target': <playfield.playfield>, 'source': <ball_device.bd_plunger>, 'mechanical_eject': True, 'num_attempts': 0}
2025-10-10 23:40:00,187 : INFO : ball_device.bd_plunger : State: ejecting
2025-10-10 23:40:00,188 : INFO : ball_device.bd_plunger : Ejecting ball to <playfield.playfield>
2025-10-10 23:40:00,188 : INFO : EventManager : Event: ======'balldevice_bd_plunger_ejecting_ball'====== Args={'balls': 1, 'target': <playfield.playfield>, 'source': <ball_device.bd_plunger>, 'mechanical_eject': True, 'num_attempts': 0}
2025-10-10 23:40:00,190 : INFO : ball_device.bd_plunger : Wait for ball to leave device
2025-10-10 23:40:00,296 : INFO : SwitchController : <<<<<<< 's_plunger' inactive >>>>>>>
2025-10-10 23:40:00,296 : INFO : EventManager : Event: ======'ball_out'====== Args={}
2025-10-10 23:40:00,297 : INFO : EventManager : Event: ======'ball_save_default_timer_start'====== Args={}
2025-10-10 23:40:00,301 : INFO : ball_device.bd_plunger : State: ball_left
2025-10-10 23:40:00,302 : INFO : ball_device.bd_plunger : Ball left
2025-10-10 23:40:00,302 : INFO : ball_device.bd_plunger : Wait for confirm with timeout 3.0
2025-10-10 23:40:00,696 : INFO : SwitchController : <<<<<<< 's_three_bank_bottom' active >>>>>>>
2025-10-10 23:40:00,696 : INFO : EventManager : Event: ======'playfield_active'====== Args={'source': 'skill_drop_targets'}
2025-10-10 23:40:00,696 : INFO : EventManager : Event: ======'s_three_bank_bottom_active'====== Args={}
2025-10-10 23:40:00,696 : INFO : EventManager : Event: ======'playfield_active'====== Args={'source': 'bottom'}
2025-10-10 23:40:00,696 : INFO : EventManager : Event: ======'drop_target_bottom_down'====== Args={'device': <drop_target.bottom>}
2025-10-10 23:40:00,697 : INFO : EventManager : Event: ======'drop_target_bank_three_bank_mixed'====== Args={'prev_value': <DropTargetBankState.UP: 'up'>, 'down': 1}
2025-10-10 23:40:00,697 : INFO : EventManager : Event: ======'machine_var_audits_switches_s_three_bank_bottom'====== Args={'value': 363, 'prev_value': 362, 'change': 1}
2025-10-10 23:40:00,698 : INFO : EventManager : Event: ======'player_shot_skill_drop_targets'====== Args={'value': 0, 'prev_value': 1, 'change': -1, 'player_num': 1}
2025-10-10 23:40:00,698 : INFO : EventManager : Event: ======'machine_var_audits_shots_skill_drop_targets'====== Args={'value': 145, 'prev_value': 144, 'change': 1}
2025-10-10 23:40:00,699 : INFO : EventManager : Event: ======'skill_drop_targets_hit'====== Args={'profile': 'skill_shot_profile', 'state': 'flashing', 'advancing': True}
2025-10-10 23:40:00,699 : INFO : EventManager : Event: ======'skill_drop_targets_skill_shot_profile_hit'====== Args={'profile': 'skill_shot_profile', 'state': 'flashing', 'advancing': True}
2025-10-10 23:40:00,699 : INFO : EventManager : Event: ======'skill_drop_targets_skill_shot_profile_flashing_hit'====== Args={'profile': 'skill_shot_profile', 'state': 'flashing', 'advancing': True}
2025-10-10 23:40:00,699 : INFO : EventManager : Event: ======'skill_drop_targets_flashing_hit'====== Args={'profile': 'skill_shot_profile', 'state': 'flashing', 'advancing': True}
2025-10-10 23:40:00,699 : INFO : EventManager : Event: ======'player_score'====== Args={'value': 2220, 'prev_value': 0, 'change': 2220, 'player_num': 1, 'source': 'base'}
2025-10-10 23:40:00,700 : INFO : EventManager : Event: ======'bottom_drop_hit'====== Args={'elapsed': 0}
2025-10-10 23:40:00,700 : INFO : EventManager : Event: ======'skill_shot_hit'====== Args={'shot': 'skill_drop_targets'}
2025-10-10 23:40:00,700 : INFO : EventManager : Event: ======'skill_shot_flashing_hit'====== Args={'shot': 'skill_drop_targets'}
2025-10-10 23:40:00,700 : INFO : state_machine.skill_shot_success : Transitioning from start to success
2025-10-10 23:40:00,700 : INFO : EventManager : Event: ======'skill_success'====== Args={}
2025-10-10 23:40:00,700 : INFO : EventManager : Event: ======'mode_skill_shot_will_stop'====== Args={}
2025-10-10 23:40:00,700 : INFO : EventManager : Event: ======'mode_skill_shot_stopping'====== Args={}
2025-10-10 23:40:00,701 : INFO : EventManager : Event: ======'player_score'====== Args={'value': 2002220, 'prev_value': 2220, 'change': 2000000, 'player_num': 1, 'source': 'skill_shot'}
2025-10-10 23:40:00,702 : INFO : Mode.skill_shot : Stopped.
2025-10-10 23:40:00,703 : INFO : EventManager : Event: ======'modes_active_modes_changed'====== Args={}
2025-10-10 23:40:00,703 : INFO : EventManager : Event: ======'mode_skill_shot_stopped'====== Args={}
2025-10-10 23:40:00,703 : INFO : EventManager : Event: ======'clear'====== Args={'key': 'skill_shot'}
2025-10-10 23:40:00,704 : INFO : Timer.skill_shot_timeout : Stopping Timer
2025-10-10 23:40:00,704 : INFO : EventManager : Event: ======'timer_skill_shot_timeout_stopped'====== Args={'ticks': 0, 'ticks_remaining': 0}
2025-10-10 23:40:00,734 : INFO : ball_device.bd_plunger : Got eject confirm
2025-10-10 23:40:00,734 : INFO : ball_device.bd_plunger : Eject successful
2025-10-10 23:40:00,734 : INFO : EventManager : Event: ======'balldevice_bd_plunger_ball_eject_success'====== Args={'balls': 1, 'target': <playfield.playfield>}
2025-10-10 23:40:00,734 : INFO : EventManager : Event: ======'slide_skillshot_overlay_removed'====== Args={'_from_bcp': True}
2025-10-10 23:40:00,735 : INFO : EventManager : Event: ======'slide_skillshot_success_overlay_created'====== Args={'_from_bcp': True}
2025-10-10 23:40:00,735 : INFO : EventManager : Event: ======'balldevice_playfield_ball_enter'====== Args={'new_balls': 1, 'unclaimed_balls': 1, 'device': <playfield.playfield>}
2025-10-10 23:40:00,735 : INFO : EventManager : Event: ======'playfield_ball_count_change'====== Args={'balls': 1, 'change': 1}
2025-10-10 23:40:00,737 : INFO : EventManager : Event: ======'balldevice_bd_plunger_ball_count_changed'====== Args={'balls': 0}
2025-10-10 23:40:00,737 : INFO : ball_device.bd_plunger : State: idle
2025-10-10 23:40:00,945 : INFO : SwitchController : <<<<<<< 's_three_bank_middle' active >>>>>>>
2025-10-10 23:40:00,945 : INFO : EventManager : Event: ======'s_three_bank_middle_active'====== Args={}
2025-10-10 23:40:00,945 : INFO : EventManager : Event: ======'drop_target_middle_down'====== Args={'device': <drop_target.middle>}
2025-10-10 23:40:00,946 : INFO : EventManager : Event: ======'drop_target_bank_three_bank_mixed'====== Args={'prev_value': <DropTargetBankState.MIXED: 'mixed'>, 'down': 2}
2025-10-10 23:40:00,946 : INFO : EventManager : Event: ======'machine_var_audits_switches_s_three_bank_middle'====== Args={'value': 406, 'prev_value': 405, 'change': 1}
2025-10-10 23:40:00,947 : INFO : EventManager : Event: ======'player_score'====== Args={'value': 2004440, 'prev_value': 2002220, 'change': 2220, 'player_num': 1, 'source': 'base'}
2025-10-10 23:40:00,947 : INFO : EventManager : Event: ======'middle_drop_hit'====== Args={'elapsed': 0}
2025-10-10 23:40:01,161 : INFO : SwitchController : <<<<<<< 's_three_bank_top' active >>>>>>>
2025-10-10 23:40:01,162 : INFO : EventManager : Event: ======'s_three_bank_top_active'====== Args={}
2025-10-10 23:40:01,162 : INFO : EventManager : Event: ======'drop_target_top_down'====== Args={'device': <drop_target.top>}
2025-10-10 23:40:01,162 : INFO : EventManager : Event: ======'drop_target_bank_three_bank_down'====== Args={}
2025-10-10 23:40:01,162 : INFO : EventManager : Event: ======'machine_var_audits_switches_s_three_bank_top'====== Args={'value': 400, 'prev_value': 399, 'change': 1}
2025-10-10 23:40:01,163 : INFO : EventManager : Event: ======'player_score'====== Args={'value': 2006660, 'prev_value': 2004440, 'change': 2220, 'player_num': 1, 'source': 'base'}
2025-10-10 23:40:01,164 : INFO : EventManager : Event: ======'top_drop_hit'====== Args={'elapsed': 0}
2025-10-10 23:40:02,152 : INFO : drop_target_bank.three_bank : 3 targets are down. Will reset those.
2025-10-10 23:40:02,152 : INFO : coil.c_three_bank : Pulsing Driver for 23ms (1.0 pulse_power)
2025-10-10 23:40:02,214 : INFO : SwitchController : <<<<<<< 's_three_bank_bottom' inactive (muted) >>>>>>>
2025-10-10 23:40:02,214 : INFO : SwitchController : <<<<<<< 's_three_bank_middle' inactive (muted) >>>>>>>
2025-10-10 23:40:02,215 : INFO : SwitchController : <<<<<<< 's_three_bank_top' inactive (muted) >>>>>>>
2025-10-10 23:40:02,677 : INFO : EventManager : Event: ======'drop_target_bottom_up'====== Args={'device': <drop_target.bottom>}
2025-10-10 23:40:02,678 : INFO : EventManager : Event: ======'drop_target_middle_up'====== Args={'device': <drop_target.middle>}
2025-10-10 23:40:02,679 : INFO : EventManager : Event: ======'drop_target_top_up'====== Args={'device': <drop_target.top>}
2025-10-10 23:40:02,680 : INFO : EventManager : Event: ======'drop_target_bank_three_bank_up'====== Args={}
2025-10-10 23:40:02,694 : INFO : EventManager : Event: ======'slide_skillshot_success_overlay_removed'====== Args={'_from_bcp': True}
2025-10-10 23:40:03,109 : INFO : SwitchController : <<<<<<< 's_right_lower_pop' active >>>>>>>
2025-10-10 23:40:03,109 : INFO : EventManager : Event: ======'s_right_lower_pop_active'====== Args={}
2025-10-10 23:40:03,109 : INFO : EventManager : Event: ======'machine_var_audits_switches_s_right_lower_pop'====== Args={'value': 503, 'prev_value': 502, 'change': 1}
2025-10-10 23:40:03,110 : INFO : EventManager : Event: ======'item_highlighted'====== Args={'carousel': 'carousel', 'direction': 'backwards', 'item': 'makesomenoise'}
2025-10-10 23:40:03,111 : INFO : EventManager : Event: ======'player_score'====== Args={'value': 2007770, 'prev_value': 2006660, 'change': 1110, 'player_num': 1, 'source': 'base'}
2025-10-10 23:40:03,111 : INFO : EventManager : Event: ======'pop3_hit'====== Args={'elapsed': 0}
2025-10-10 23:40:03,226 : INFO : SwitchController : <<<<<<< 's_right_lower_pop' inactive >>>>>>>
2025-10-10 23:40:03,281 : INFO : EventManager : Event: ======'ball_save_default_hurry_up'====== Args={}
2025-10-10 23:40:04,874 : INFO : SwitchController : <<<<<<< 's_scoop' active >>>>>>>
2025-10-10 23:40:04,876 : INFO : EventManager : Event: ======'s_scoop_active'====== Args={}
2025-10-10 23:40:04,876 : INFO : EventManager : Event: ======'machine_var_audits_switches_s_scoop'====== Args={'value': 277, 'prev_value': 276, 'change': 1}
2025-10-10 23:40:04,877 : INFO : EventManager : Event: ======'scoop_hit'====== Args={'elapsed': 0}
2025-10-10 23:40:04,877 : INFO : EventManager : Event: ======'carousel_makesomenoise_selected'====== Args={}
2025-10-10 23:40:04,878 : INFO : EventManager : Event: ======'carousel_item_selected'====== Args={}
2025-10-10 23:40:04,878 : INFO : EventManager : Event: ======'player_score'====== Args={'value': 2010080, 'prev_value': 2007770, 'change': 2310, 'player_num': 1, 'source': 'base'}
2025-10-10 23:40:04,878 : INFO : EventManager : Event: ======'mode_makesomenoise_will_start'====== Args={}
2025-10-10 23:40:04,880 : INFO : EventManager : Event: ======'player_makesomenoise_makesomenoise_intro_show_tick'====== Args={'value': 0, 'prev_value': 0, 'change': 0, 'player_num': 1}
2025-10-10 23:40:04,884 : INFO : EventManager : Event: ======'mode_makesomenoise_starting'====== Args={}
2025-10-10 23:40:04,885 : INFO : EventManager : Event: ======'player_selected_mode'====== Args={'value': 'Make Some Noise', 'prev_value': 0, 'change': True, 'player_num': 1, 'source': 'carousel'}
2025-10-10 23:40:04,885 : INFO : EventManager : Event: ======'mode_carousel_will_stop'====== Args={}
2025-10-10 23:40:04,886 : INFO : EventManager : Event: ======'mode_carousel_stopping'====== Args={}
2025-10-10 23:40:04,886 : INFO : Mode.carousel : Stopped.
2025-10-10 23:40:04,886 : INFO : EventManager : Event: ======'modes_active_modes_changed'====== Args={}
2025-10-10 23:40:04,886 : INFO : EventManager : Event: ======'mode_carousel_stopped'====== Args={}
2025-10-10 23:40:04,886 : INFO : EventManager : Event: ======'clear'====== Args={'key': 'carousel'}
2025-10-10 23:40:04,916 : INFO : EventManager : Event: ======'logicblock_completing_makesomenoise_counters_updated'====== Args={'value': [False, False, False, False], 'enabled': True}
2025-10-10 23:40:04,917 : INFO : EventManager : Event: ======'logicblock_makesomenoise_spins_counter_updated'====== Args={'value': 40, 'enabled': False}
2025-10-10 23:40:04,917 : INFO : EventManager : Event: ======'logicblock_makesomenoise_ramps_counter_updated'====== Args={'value': 4, 'enabled': False}
2025-10-10 23:40:04,917 : INFO : EventManager : Event: ======'logicblock_makesomenoise_drops_counter_updated'====== Args={'value': 6, 'enabled': False}
2025-10-10 23:40:04,917 : INFO : EventManager : Event: ======'logicblock_makesomenoise_pops_counter_updated'====== Args={'value': 10, 'enabled': False}
2025-10-10 23:40:04,918 : INFO : EventManager : Event: ======'logicblock_completing_makesomenoise_counters_updated'====== Args={'value': [False, False, False, False], 'enabled': True}
2025-10-10 23:40:04,918 : INFO : EventManager : Event: ======'logicblock_makesomenoise_final_shot_updated'====== Args={'value': 0, 'enabled': False}
2025-10-10 23:40:04,918 : INFO : Mode.makesomenoise : Started. Priority: 1000
2025-10-10 23:40:04,918 : INFO : EventManager : Event: ======'modes_active_modes_changed'====== Args={}
2025-10-10 23:40:04,918 : INFO : EventManager : Event: ======'mode_makesomenoise_started'====== Args={}
2025-10-10 23:40:04,919 : INFO : EventManager : Event: ======'logicblock_makesomenoise_spins_counter_updated'====== Args={'value': 40, 'enabled': True}
2025-10-10 23:40:04,920 : INFO : EventManager : Event: ======'logicblock_makesomenoise_ramps_counter_updated'====== Args={'value': 4, 'enabled': True}
2025-10-10 23:40:04,920 : INFO : EventManager : Event: ======'logicblock_makesomenoise_drops_counter_updated'====== Args={'value': 6, 'enabled': True}
2025-10-10 23:40:04,920 : INFO : EventManager : Event: ======'logicblock_makesomenoise_pops_counter_updated'====== Args={'value': 10, 'enabled': True}
2025-10-10 23:40:04,921 : INFO : EventManager : Event: ======'logicblock_makesomenoise_spins_counter_updated'====== Args={'value': 40, 'enabled': True}
2025-10-10 23:40:04,921 : INFO : EventManager : Event: ======'logicblock_makesomenoise_spins_counter_updated'====== Args={'value': 40, 'enabled': True}
2025-10-10 23:40:04,921 : INFO : EventManager : Event: ======'logicblock_makesomenoise_ramps_counter_updated'====== Args={'value': 4, 'enabled': True}
2025-10-10 23:40:04,922 : INFO : EventManager : Event: ======'logicblock_makesomenoise_ramps_counter_updated'====== Args={'value': 4, 'enabled': True}
2025-10-10 23:40:04,922 : INFO : EventManager : Event: ======'logicblock_makesomenoise_drops_counter_updated'====== Args={'value': 6, 'enabled': True}
2025-10-10 23:40:04,922 : INFO : EventManager : Event: ======'logicblock_makesomenoise_drops_counter_updated'====== Args={'value': 6, 'enabled': True}
2025-10-10 23:40:04,922 : INFO : EventManager : Event: ======'logicblock_makesomenoise_pops_counter_updated'====== Args={'value': 10, 'enabled': True}
2025-10-10 23:40:04,922 : INFO : EventManager : Event: ======'logicblock_makesomenoise_pops_counter_updated'====== Args={'value': 10, 'enabled': True}
2025-10-10 23:40:04,922 : INFO : EventManager : Event: ======'player_mode_blocking_flag'====== Args={'value': 1, 'prev_value': 0, 'change': 1, 'player_num': 1, 'source': 'makesomenoise'}
2025-10-10 23:40:04,923 : INFO : EventManager : Event: ======'player_makesomenoise_pops_remaining'====== Args={'value': 10, 'prev_value': 0, 'change': 10, 'player_num': 1, 'source': 'makesomenoise'}
2025-10-10 23:40:04,923 : INFO : EventManager : Event: ======'player_makesomenoise_spins_remaining'====== Args={'value': 40, 'prev_value': 0, 'change': 40, 'player_num': 1, 'source': 'makesomenoise'}
2025-10-10 23:40:04,923 : INFO : EventManager : Event: ======'player_makesomenoise_drops_remaining'====== Args={'value': 6, 'prev_value': 0, 'change': 6, 'player_num': 1, 'source': 'makesomenoise'}
2025-10-10 23:40:04,923 : INFO : EventManager : Event: ======'player_makesomenoise_ramps_remaining'====== Args={'value': 4, 'prev_value': 0, 'change': 4, 'player_num': 1, 'source': 'makesomenoise'}
2025-10-10 23:40:04,924 : INFO : EventManager : Event: ======'player_mode_makesomenoise_score'====== Args={'value': 0, 'prev_value': 0, 'change': 0, 'player_num': 1, 'source': 'base'}
2025-10-10 23:40:04,924 : INFO : EventManager : Event: ======'logicblock_drop_target_bank_counter_updated'====== Args={'value': 0, 'enabled': False}
2025-10-10 23:40:04,925 : INFO : Timer.makesomenoise_intro_show : Starting Timer.
2025-10-10 23:40:04,925 : INFO : EventManager : Event: ======'timer_makesomenoise_intro_show_started'====== Args={'ticks': 0, 'ticks_remaining': 10}
2025-10-10 23:40:04,925 : INFO : EventManager : Event: ======'timer_makesomenoise_intro_show_tick'====== Args={'ticks': 0, 'ticks_remaining': 10}
2025-10-10 23:40:04,932 : INFO : EventManager : Event: ======'player_makesomenoise_intro_show_variable_times_100'====== Args={'value': 0, 'prev_value': 0, 'change': 0, 'player_num': 1, 'source': 'makesomenoise'}
2025-10-10 23:40:04,933 : INFO : EventManager : Event: ======'slide_current_mode_highlighted_removed'====== Args={'_from_bcp': True}
2025-10-10 23:40:04,959 : INFO : EventManager : Event: ======'slide_base_removed'====== Args={'_from_bcp': True}
2025-10-10 23:40:04,960 : INFO : EventManager : Event: ======'slide_basevideo2_removed'====== Args={'_from_bcp': True}
2025-10-10 23:40:04,982 : INFO : EventManager : Event: ======'slide_makesomenoise_created'====== Args={'_from_bcp': True}
2025-10-10 23:40:05,307 : INFO : EventManager : Event: ======'ball_save_default_grace_period'====== Args={}
2025-10-10 23:40:05,384 : INFO : EventManager : Event: ======'balldevice_bd_scoop_ball_count_changed'====== Args={'balls': 1}
2025-10-10 23:40:05,384 : INFO : ball_device.bd_scoop : Received unexpected ball
2025-10-10 23:40:05,384 : INFO : EventManager : Event: ======'balldevice_captured_from_playfield'====== Args={'balls': 1}
2025-10-10 23:40:05,384 : INFO : EventManager : Event: ======'sw_playfield_active'====== Args={'balls': 1}
2025-10-10 23:40:05,386 : INFO : EventManager : Event: ======'playfield_ball_count_change'====== Args={'balls': 0, 'change': -1}
2025-10-10 23:40:05,387 : INFO : EventManager : Event: ======'balldevice_bd_scoop_ball_enter'====== Args={'new_balls': 1, 'unclaimed_balls': 1, 'new_available_balls': 1, 'device': <ball_device.bd_scoop>}
2025-10-10 23:40:05,388 : INFO : EventManager : Event: ======'ball_hold_makesomenoise_scoop_hold_held_ball'====== Args={'balls_held': 1, 'total_balls_held': 1}
2025-10-10 23:40:05,388 : INFO : EventManager : Event: ======'ball_hold_makesomenoise_scoop_hold_full'====== Args={'balls': 1}
2025-10-10 23:40:05,389 : INFO : EventManager : Event: ======'balldevice_balls_available'====== Args={}
2025-10-10 23:40:05,389 : INFO : EventManager : Event: ======'balldevice_bd_scoop_ball_entered'====== Args={'new_balls': 1, 'device': <ball_device.bd_scoop>}
2025-10-10 23:40:05,912 : INFO : EventManager : Event: ======'player_makesomenoise_makesomenoise_intro_show_tick'====== Args={'value': 1, 'prev_value': 0, 'change': 1, 'player_num': 1}
2025-10-10 23:40:05,913 : INFO : EventManager : Event: ======'timer_makesomenoise_intro_show_tick'====== Args={'ticks': 1, 'ticks_remaining': 9}
2025-10-10 23:40:05,931 : INFO : EventManager : Event: ======'player_makesomenoise_intro_show_variable_times_100'====== Args={'value': 100, 'prev_value': 0, 'change': 100, 'player_num': 1, 'source': 'makesomenoise'}
2025-10-10 23:40:06,920 : INFO : EventManager : Event: ======'player_makesomenoise_makesomenoise_intro_show_tick'====== Args={'value': 2, 'prev_value': 1, 'change': 1, 'player_num': 1}
2025-10-10 23:40:06,921 : INFO : EventManager : Event: ======'timer_makesomenoise_intro_show_tick'====== Args={'ticks': 2, 'ticks_remaining': 8}
2025-10-10 23:40:06,923 : INFO : EventManager : Event: ======'player_makesomenoise_intro_show_variable_times_100'====== Args={'value': 200, 'prev_value': 100, 'change': 100, 'player_num': 1, 'source': 'makesomenoise'}
2025-10-10 23:40:07,277 : INFO : EventManager : Event: ======'ball_save_default_disabled'====== Args={}
2025-10-10 23:40:07,932 : INFO : EventManager : Event: ======'player_makesomenoise_makesomenoise_intro_show_tick'====== Args={'value': 3, 'prev_value': 2, 'change': 1, 'player_num': 1}
2025-10-10 23:40:07,933 : INFO : EventManager : Event: ======'timer_makesomenoise_intro_show_tick'====== Args={'ticks': 3, 'ticks_remaining': 7}
2025-10-10 23:40:07,936 : INFO : EventManager : Event: ======'player_makesomenoise_intro_show_variable_times_100'====== Args={'value': 300, 'prev_value': 200, 'change': 100, 'player_num': 1, 'source': 'makesomenoise'}
2025-10-10 23:40:08,926 : INFO : EventManager : Event: ======'player_makesomenoise_makesomenoise_intro_show_tick'====== Args={'value': 4, 'prev_value': 3, 'change': 1, 'player_num': 1}
2025-10-10 23:40:08,926 : INFO : EventManager : Event: ======'timer_makesomenoise_intro_show_tick'====== Args={'ticks': 4, 'ticks_remaining': 6}
2025-10-10 23:40:08,928 : INFO : EventManager : Event: ======'player_makesomenoise_intro_show_variable_times_100'====== Args={'value': 400, 'prev_value': 300, 'change': 100, 'player_num': 1, 'source': 'makesomenoise'}
2025-10-10 23:40:09,922 : INFO : EventManager : Event: ======'player_makesomenoise_makesomenoise_intro_show_tick'====== Args={'value': 5, 'prev_value': 4, 'change': 1, 'player_num': 1}
2025-10-10 23:40:09,923 : INFO : EventManager : Event: ======'timer_makesomenoise_intro_show_tick'====== Args={'ticks': 5, 'ticks_remaining': 5}
2025-10-10 23:40:09,925 : INFO : EventManager : Event: ======'player_makesomenoise_intro_show_variable_times_100'====== Args={'value': 500, 'prev_value': 400, 'change': 100, 'player_num': 1, 'source': 'makesomenoise'}
2025-10-10 23:40:10,919 : INFO : EventManager : Event: ======'player_makesomenoise_makesomenoise_intro_show_tick'====== Args={'value': 6, 'prev_value': 5, 'change': 1, 'player_num': 1}
2025-10-10 23:40:10,920 : INFO : EventManager : Event: ======'timer_makesomenoise_intro_show_tick'====== Args={'ticks': 6, 'ticks_remaining': 4}
2025-10-10 23:40:10,922 : INFO : EventManager : Event: ======'player_makesomenoise_intro_show_variable_times_100'====== Args={'value': 600, 'prev_value': 500, 'change': 100, 'player_num': 1, 'source': 'makesomenoise'}
2025-10-10 23:40:11,925 : INFO : EventManager : Event: ======'player_makesomenoise_makesomenoise_intro_show_tick'====== Args={'value': 7, 'prev_value': 6, 'change': 1, 'player_num': 1}
2025-10-10 23:40:11,925 : INFO : EventManager : Event: ======'timer_makesomenoise_intro_show_tick'====== Args={'ticks': 7, 'ticks_remaining': 3}
2025-10-10 23:40:11,927 : INFO : EventManager : Event: ======'player_makesomenoise_intro_show_variable_times_100'====== Args={'value': 700, 'prev_value': 600, 'change': 100, 'player_num': 1, 'source': 'makesomenoise'}
2025-10-10 23:40:12,926 : INFO : EventManager : Event: ======'player_makesomenoise_makesomenoise_intro_show_tick'====== Args={'value': 8, 'prev_value': 7, 'change': 1, 'player_num': 1}
2025-10-10 23:40:12,926 : INFO : EventManager : Event: ======'timer_makesomenoise_intro_show_tick'====== Args={'ticks': 8, 'ticks_remaining': 2}
2025-10-10 23:40:12,929 : INFO : EventManager : Event: ======'player_makesomenoise_intro_show_variable_times_100'====== Args={'value': 800, 'prev_value': 700, 'change': 100, 'player_num': 1, 'source': 'makesomenoise'}
2025-10-10 23:40:13,912 : INFO : EventManager : Event: ======'player_makesomenoise_makesomenoise_intro_show_tick'====== Args={'value': 9, 'prev_value': 8, 'change': 1, 'player_num': 1}
2025-10-10 23:40:13,913 : INFO : EventManager : Event: ======'timer_makesomenoise_intro_show_tick'====== Args={'ticks': 9, 'ticks_remaining': 1}
2025-10-10 23:40:13,914 : INFO : EventManager : Event: ======'player_makesomenoise_intro_show_variable_times_100'====== Args={'value': 900, 'prev_value': 800, 'change': 100, 'player_num': 1, 'source': 'makesomenoise'}
2025-10-10 23:40:14,903 : INFO : EventManager : Event: ======'player_makesomenoise_makesomenoise_intro_show_tick'====== Args={'value': 10, 'prev_value': 9, 'change': 1, 'player_num': 1}
2025-10-10 23:40:14,904 : INFO : Timer.makesomenoise_intro_show : Timer Complete
2025-10-10 23:40:14,904 : INFO : Timer.makesomenoise_intro_show : Stopping Timer
2025-10-10 23:40:14,904 : INFO : EventManager : Event: ======'timer_makesomenoise_intro_show_stopped'====== Args={'ticks': 10, 'ticks_remaining': 1}
2025-10-10 23:40:14,904 : INFO : EventManager : Event: ======'timer_makesomenoise_intro_show_complete'====== Args={'ticks': 10, 'ticks_remaining': 1}
2025-10-10 23:40:14,906 : INFO : EventManager : Event: ======'balls_in_play'====== Args={'balls': 2}
2025-10-10 23:40:14,907 : INFO : ball_device.bd_plunger : Adding 1 ball(s) to the eject_queue with target <playfield.playfield>.
2025-10-10 23:40:14,907 : INFO : EventManager : Event: ======'balldevice_balls_available'====== Args={}
2025-10-10 23:40:14,907 : INFO : EventManager : Event: ======'ball_save_makesomenoise_timer_start'====== Args={}
2025-10-10 23:40:14,907 : INFO : EventManager : Event: ======'multiball_makesomenoise_started'====== Args={'balls': 2}
2025-10-10 23:40:14,907 : INFO : ball_device.bd_scoop : Adding 1 ball(s) to the eject_queue with target <playfield.playfield>.
2025-10-10 23:40:14,907 : INFO : EventManager : Event: ======'balldevice_balls_available'====== Args={}
2025-10-10 23:40:14,907 : INFO : EventManager : Event: ======'ball_hold_makesomenoise_scoop_hold_balls_released'====== Args={'balls_released': 1}
2025-10-10 23:40:14,908 : INFO : EventManager : Event: ======'player_multiball_blocking_flag'====== Args={'value': 1, 'prev_value': 0, 'change': 1, 'player_num': 1, 'source': 'makesomenoise'}
2025-10-10 23:40:14,914 : INFO : ball_device.bd_trough : State: waiting_for_target_ready
2025-10-10 23:40:14,915 : INFO : EventManager : Event: ======'balldevice_bd_trough_ball_eject_attempt'====== Args={'balls': 1, 'target': <ball_device.bd_plunger>, 'source': <ball_device.bd_trough>, 'mechanical_eject': False, 'num_attempts': 0}
2025-10-10 23:40:14,915 : INFO : ball_device.bd_plunger : State: waiting_for_ball
2025-10-10 23:40:14,915 : INFO : ball_device.bd_scoop : State: waiting_for_target_ready
2025-10-10 23:40:14,917 : INFO : EventManager : Event: ======'balldevice_bd_scoop_ball_eject_attempt'====== Args={'balls': 1, 'target': <playfield.playfield>, 'source': <ball_device.bd_scoop>, 'mechanical_eject': False, 'num_attempts': 0}
2025-10-10 23:40:14,917 : INFO : ball_device.bd_scoop : State: ejecting
2025-10-10 23:40:14,918 : INFO : ball_device.bd_scoop : Ejecting ball to <playfield.playfield>
2025-10-10 23:40:14,918 : INFO : EventManager : Event: ======'balldevice_bd_scoop_ejecting_ball'====== Args={'balls': 1, 'target': <playfield.playfield>, 'source': <ball_device.bd_scoop>, 'mechanical_eject': False, 'num_attempts': 0}
2025-10-10 23:40:14,919 : INFO : ball_device.bd_trough : State: ejecting
2025-10-10 23:40:14,919 : INFO : ball_device.bd_trough : Ejecting ball to <ball_device.bd_plunger>
2025-10-10 23:40:14,919 : INFO : EventManager : Event: ======'balldevice_bd_trough_ejecting_ball'====== Args={'balls': 1, 'target': <ball_device.bd_plunger>, 'source': <ball_device.bd_trough>, 'mechanical_eject': False, 'num_attempts': 0}
2025-10-10 23:40:14,921 : INFO : EventManager : Event: ======'slide_makesomenoise_drops_counter_created'====== Args={'_from_bcp': True}
2025-10-10 23:40:14,921 : INFO : EventManager : Event: ======'slide_makesomenoise_pops_counter_created'====== Args={'_from_bcp': True}
2025-10-10 23:40:14,922 : INFO : ball_device.bd_trough : Wait for ball to leave device
2025-10-10 23:40:14,923 : INFO : coil.c_trough_eject : Pulsing Driver for 20ms (1.0 pulse_power)
2025-10-10 23:40:14,923 : INFO : SwitchController : <<<<<<< 's_trough2' inactive >>>>>>>
2025-10-10 23:40:14,924 : INFO : ball_device.bd_scoop : Wait for ball to leave device
2025-10-10 23:40:14,924 : INFO : EventManager : Event: ======'slide_makesomenoise_spins_counter_created'====== Args={'_from_bcp': True}
2025-10-10 23:40:14,925 : INFO : EventManager : Event: ======'slide_makesomenoise_ramps_counter_created'====== Args={'_from_bcp': True}
2025-10-10 23:40:14,930 : INFO : ball_device.bd_trough : State: ball_left
2025-10-10 23:40:14,931 : INFO : ball_device.bd_trough : Ball left
2025-10-10 23:40:14,931 : INFO : ball_device.bd_trough : Wait for confirm with timeout 3.0
2025-10-10 23:40:14,965 : INFO : coil.c_scoop_eject : Pulsing Driver for 25ms (1.0 pulse_power)
2025-10-10 23:40:14,965 : INFO : SwitchController : <<<<<<< 's_scoop' inactive >>>>>>>
2025-10-10 23:40:14,971 : INFO : ball_device.bd_scoop : State: ball_left
2025-10-10 23:40:14,972 : INFO : ball_device.bd_scoop : Ball left
2025-10-10 23:40:14,972 : INFO : ball_device.bd_scoop : Wait for confirm with timeout 3.0
2025-10-10 23:40:15,027 : INFO : SwitchController : <<<<<<< 's_plunger' active >>>>>>>
2025-10-10 23:40:15,028 : INFO : EventManager : Event: ======'machine_var_audits_switches_s_plunger'====== Args={'value': 957, 'prev_value': 956, 'change': 1}
2025-10-10 23:40:15,542 : INFO : ball_device.bd_plunger : Received ball from <ball_device.bd_trough>
2025-10-10 23:40:15,542 : INFO : EventManager : Event: ======'balldevice_bd_plunger_ball_enter'====== Args={'new_balls': 1, 'unclaimed_balls': 0, 'new_available_balls': 0, 'device': <ball_device.bd_plunger>}
2025-10-10 23:40:15,544 : INFO : EventManager : Event: ======'balldevice_bd_plunger_ball_entered'====== Args={'new_balls': 0, 'device': <ball_device.bd_plunger>}
2025-10-10 23:40:15,545 : INFO : EventManager : Event: ======'balldevice_bd_plunger_ball_count_changed'====== Args={'balls': 1}
2025-10-10 23:40:15,546 : INFO : ball_device.bd_trough : Got eject confirm
2025-10-10 23:40:15,546 : INFO : ball_device.bd_trough : Eject successful
2025-10-10 23:40:15,546 : INFO : EventManager : Event: ======'balldevice_bd_trough_ball_eject_success'====== Args={'balls': 1, 'target': <ball_device.bd_plunger>}
2025-10-10 23:40:15,547 : INFO : EventManager : Event: ======'balldevice_bd_trough_ball_count_changed'====== Args={'balls': 4}
2025-10-10 23:40:15,548 : INFO : ball_device.bd_trough : State: idle
2025-10-10 23:40:15,548 : INFO : ball_device.bd_plunger : State: waiting_for_target_ready
2025-10-10 23:40:15,549 : INFO : EventManager : Event: ======'balldevice_bd_plunger_ball_eject_attempt'====== Args={'balls': 1, 'target': <playfield.playfield>, 'source': <ball_device.bd_plunger>, 'mechanical_eject': False, 'num_attempts': 0}
2025-10-10 23:40:15,550 : INFO : ball_device.bd_plunger : State: ejecting
2025-10-10 23:40:15,551 : INFO : ball_device.bd_plunger : Ejecting ball to <playfield.playfield>
2025-10-10 23:40:15,551 : INFO : EventManager : Event: ======'balldevice_bd_plunger_ejecting_ball'====== Args={'balls': 1, 'target': <playfield.playfield>, 'source': <ball_device.bd_plunger>, 'mechanical_eject': False, 'num_attempts': 0}
2025-10-10 23:40:15,553 : INFO : ball_device.bd_plunger : Wait for ball to leave device
2025-10-10 23:40:15,553 : INFO : coil.c_plunger : Pulsing Driver for 20ms (1.0 pulse_power)
2025-10-10 23:40:15,554 : INFO : SwitchController : <<<<<<< 's_plunger' inactive >>>>>>>
2025-10-10 23:40:15,554 : INFO : EventManager : Event: ======'ball_out'====== Args={}
2025-10-10 23:40:15,559 : INFO : ball_device.bd_plunger : State: ball_left
2025-10-10 23:40:15,560 : INFO : ball_device.bd_plunger : Ball left
2025-10-10 23:40:15,560 : INFO : ball_device.bd_plunger : Wait for confirm with timeout 3.0
2025-10-10 23:40:17,951 : INFO : ball_device.bd_scoop : State: failed_confirm
2025-10-10 23:40:17,951 : INFO : ball_device.bd_scoop : Got timeout (3.0s) before confirm from <playfield.playfield>
2025-10-10 23:40:18,051 : INFO : ball_device.bd_scoop : Confirming eject because target is playfield and ball did not return.
2025-10-10 23:40:18,051 : INFO : ball_device.bd_scoop : Eject successful
2025-10-10 23:40:18,051 : INFO : EventManager : Event: ======'balldevice_bd_scoop_ball_eject_success'====== Args={'balls': 1, 'target': <playfield.playfield>}
2025-10-10 23:40:18,055 : INFO : EventManager : Event: ======'balldevice_playfield_ball_enter'====== Args={'new_balls': 1, 'unclaimed_balls': 1, 'device': <playfield.playfield>}
2025-10-10 23:40:18,055 : INFO : EventManager : Event: ======'playfield_ball_count_change'====== Args={'balls': 1, 'change': 1}
2025-10-10 23:40:18,055 : INFO : EventManager : Event: ======'balldevice_bd_scoop_ball_count_changed'====== Args={'balls': 0}
2025-10-10 23:40:18,057 : INFO : ball_device.bd_scoop : State: idle
2025-10-10 23:40:18,585 : INFO : ball_device.bd_plunger : State: failed_confirm
2025-10-10 23:40:18,585 : INFO : ball_device.bd_plunger : Got timeout (3.0s) before confirm from <playfield.playfield>
2025-10-10 23:40:18,680 : INFO : ball_device.bd_plunger : Confirming eject because target is playfield and ball did not return.
2025-10-10 23:40:18,680 : INFO : ball_device.bd_plunger : Eject successful
2025-10-10 23:40:18,680 : INFO : EventManager : Event: ======'balldevice_bd_plunger_ball_eject_success'====== Args={'balls': 1, 'target': <playfield.playfield>}
2025-10-10 23:40:18,681 : INFO : EventManager : Event: ======'balldevice_playfield_ball_enter'====== Args={'new_balls': 1, 'unclaimed_balls': 1, 'device': <playfield.playfield>}
2025-10-10 23:40:18,681 : INFO : EventManager : Event: ======'playfield_ball_count_change'====== Args={'balls': 2, 'change': 1}
2025-10-10 23:40:18,683 : INFO : EventManager : Event: ======'balldevice_bd_plunger_ball_count_changed'====== Args={'balls': 0}
2025-10-10 23:40:18,683 : INFO : ball_device.bd_plunger : State: idle
2025-10-10 23:40:29,925 : INFO : EventManager : Event: ======'multiball_makesomenoise_shoot_again_ended'====== Args={}
2025-10-10 23:40:42,747 : INFO : SwitchController : <<<<<<< 's_spinner' active >>>>>>>
2025-10-10 23:40:42,747 : INFO : EventManager : Event: ======'s_spinner_active'====== Args={}
2025-10-10 23:40:42,748 : INFO : EventManager : Event: ======'spinner_basic_spinner_active'====== Args={'label': None}
2025-10-10 23:40:42,748 : INFO : EventManager : Event: ======'spinner_basic_spinner_hit'====== Args={'hits': 1, 'change': 1, 'label': None}
2025-10-10 23:40:42,748 : INFO : EventManager : Event: ======'machine_var_audits_switches_s_spinner'====== Args={'value': 1596, 'prev_value': 1595, 'change': 1}
2025-10-10 23:40:42,750 : INFO : EventManager : Event: ======'player_score'====== Args={'value': 2011090, 'prev_value': 2010080, 'change': 1010, 'player_num': 1, 'source': 'base'}
2025-10-10 23:40:42,750 : INFO : EventManager : Event: ======'spinner_hit'====== Args={'elapsed': 0}
2025-10-10 23:40:42,751 : INFO : EventManager : Event: ======'logicblock_makesomenoise_spins_counter_updated'====== Args={'value': 39, 'enabled': True}
2025-10-10 23:40:42,751 : INFO : EventManager : Event: ======'counter_makesomenoise_spins_counter_hit'====== Args={'count': 39, 'hits': 1, 'remaining': 39}
2025-10-10 23:40:42,751 : INFO : EventManager : Event: ======'logicblock_makesomenoise_spins_counter_hit'====== Args={'count': 39, 'hits': 1, 'remaining': 39}
2025-10-10 23:40:42,752 : INFO : EventManager : Event: ======'player_makesomenoise_pops_remaining'====== Args={'value': 0, 'prev_value': 10, 'change': -10, 'player_num': 1, 'source': 'makesomenoise'}
2025-10-10 23:40:42,795 : INFO : SwitchController : <<<<<<< 's_spinner' inactive >>>>>>>
2025-10-10 23:40:43,343 : INFO : SwitchController : <<<<<<< 's_spinner' active >>>>>>>
2025-10-10 23:40:43,343 : INFO : EventManager : Event: ======'s_spinner_active'====== Args={}
2025-10-10 23:40:43,343 : INFO : EventManager : Event: ======'spinner_basic_spinner_hit'====== Args={'hits': 2, 'change': 1, 'label': None}
2025-10-10 23:40:43,343 : INFO : EventManager : Event: ======'machine_var_audits_switches_s_spinner'====== Args={'value': 1597, 'prev_value': 1596, 'change': 1}
2025-10-10 23:40:43,344 : INFO : EventManager : Event: ======'player_score'====== Args={'value': 2012100, 'prev_value': 2011090, 'change': 1010, 'player_num': 1, 'source': 'base'}
2025-10-10 23:40:43,344 : INFO : EventManager : Event: ======'spinner_hit'====== Args={'elapsed': 0}
2025-10-10 23:40:43,345 : INFO : EventManager : Event: ======'logicblock_makesomenoise_spins_counter_updated'====== Args={'value': 38, 'enabled': True}
2025-10-10 23:40:43,345 : INFO : EventManager : Event: ======'counter_makesomenoise_spins_counter_hit'====== Args={'count': 38, 'hits': 2, 'remaining': 38}
2025-10-10 23:40:43,345 : INFO : EventManager : Event: ======'logicblock_makesomenoise_spins_counter_hit'====== Args={'count': 38, 'hits': 2, 'remaining': 38}
2025-10-10 23:40:43,414 : INFO : SwitchController : <<<<<<< 's_spinner' inactive >>>>>>>
2025-10-10 23:40:43,544 : INFO : SwitchController : <<<<<<< 's_spinner' active >>>>>>>
2025-10-10 23:40:43,545 : INFO : EventManager : Event: ======'s_spinner_active'====== Args={}
2025-10-10 23:40:43,545 : INFO : EventManager : Event: ======'spinner_basic_spinner_hit'====== Args={'hits': 3, 'change': 1, 'label': None}
2025-10-10 23:40:43,545 : INFO : EventManager : Event: ======'machine_var_audits_switches_s_spinner'====== Args={'value': 1598, 'prev_value': 1597, 'change': 1}
2025-10-10 23:40:43,546 : INFO : EventManager : Event: ======'player_score'====== Args={'value': 2013110, 'prev_value': 2012100, 'change': 1010, 'player_num': 1, 'source': 'base'}
2025-10-10 23:40:43,546 : INFO : EventManager : Event: ======'spinner_hit'====== Args={'elapsed': 0}
2025-10-10 23:40:43,547 : INFO : EventManager : Event: ======'logicblock_makesomenoise_spins_counter_updated'====== Args={'value': 37, 'enabled': True}
2025-10-10 23:40:43,547 : INFO : EventManager : Event: ======'counter_makesomenoise_spins_counter_hit'====== Args={'count': 37, 'hits': 3, 'remaining': 37}
2025-10-10 23:40:43,547 : INFO : EventManager : Event: ======'logicblock_makesomenoise_spins_counter_hit'====== Args={'count': 37, 'hits': 3, 'remaining': 37}
2025-10-10 23:40:43,622 : INFO : SwitchController : <<<<<<< 's_spinner' inactive >>>>>>>
2025-10-10 23:40:43,767 : INFO : SwitchController : <<<<<<< 's_spinner' active >>>>>>>
2025-10-10 23:40:43,767 : INFO : EventManager : Event: ======'s_spinner_active'====== Args={}
2025-10-10 23:40:43,767 : INFO : EventManager : Event: ======'spinner_basic_spinner_hit'====== Args={'hits': 4, 'change': 1, 'label': None}
2025-10-10 23:40:43,767 : INFO : EventManager : Event: ======'machine_var_audits_switches_s_spinner'====== Args={'value': 1599, 'prev_value': 1598, 'change': 1}
2025-10-10 23:40:43,768 : INFO : EventManager : Event: ======'player_score'====== Args={'value': 2014120, 'prev_value': 2013110, 'change': 1010, 'player_num': 1, 'source': 'base'}
2025-10-10 23:40:43,768 : INFO : EventManager : Event: ======'spinner_hit'====== Args={'elapsed': 0}
2025-10-10 23:40:43,769 : INFO : EventManager : Event: ======'logicblock_makesomenoise_spins_counter_updated'====== Args={'value': 36, 'enabled': True}
2025-10-10 23:40:43,769 : INFO : EventManager : Event: ======'counter_makesomenoise_spins_counter_hit'====== Args={'count': 36, 'hits': 4, 'remaining': 36}
2025-10-10 23:40:43,769 : INFO : EventManager : Event: ======'logicblock_makesomenoise_spins_counter_hit'====== Args={'count': 36, 'hits': 4, 'remaining': 36}
2025-10-10 23:40:43,845 : INFO : SwitchController : <<<<<<< 's_spinner' inactive >>>>>>>
2025-10-10 23:40:43,960 : INFO : SwitchController : <<<<<<< 's_spinner' active >>>>>>>
2025-10-10 23:40:43,960 : INFO : EventManager : Event: ======'s_spinner_active'====== Args={}
2025-10-10 23:40:43,960 : INFO : EventManager : Event: ======'spinner_basic_spinner_hit'====== Args={'hits': 5, 'change': 1, 'label': None}
2025-10-10 23:40:43,960 : INFO : EventManager : Event: ======'machine_var_audits_switches_s_spinner'====== Args={'value': 1600, 'prev_value': 1599, 'change': 1}
2025-10-10 23:40:43,961 : INFO : EventManager : Event: ======'player_score'====== Args={'value': 2015130, 'prev_value': 2014120, 'change': 1010, 'player_num': 1, 'source': 'base'}
2025-10-10 23:40:43,962 : INFO : EventManager : Event: ======'spinner_hit'====== Args={'elapsed': 0}
2025-10-10 23:40:43,963 : INFO : EventManager : Event: ======'logicblock_makesomenoise_spins_counter_updated'====== Args={'value': 35, 'enabled': True}
2025-10-10 23:40:43,964 : INFO : EventManager : Event: ======'counter_makesomenoise_spins_counter_hit'====== Args={'count': 35, 'hits': 5, 'remaining': 35}
2025-10-10 23:40:43,964 : INFO : EventManager : Event: ======'logicblock_makesomenoise_spins_counter_hit'====== Args={'count': 35, 'hits': 5, 'remaining': 35}
2025-10-10 23:40:44,022 : INFO : SwitchController : <<<<<<< 's_spinner' inactive >>>>>>>
2025-10-10 23:40:44,975 : INFO : EventManager : Event: ======'spinner_basic_spinner_inactive'====== Args={'hits': 5}
2025-10-10 23:40:53,024 : INFO : Machine : Shutting down...
2025-10-10 23:40:53,024 : INFO : EventManager : Event: ======'shutdown'====== Args={}
2025-10-10 23:40:53,025 : INFO : EventManager : Event: ======'mode_service_will_stop'====== Args={}
2025-10-10 23:40:53,025 : INFO : EventManager : Event: ======'mode_service_stopping'====== Args={}
2025-10-10 23:40:53,026 : INFO : Mode.service : Stopped.
2025-10-10 23:40:53,026 : INFO : EventManager : Event: ======'modes_active_modes_changed'====== Args={}
2025-10-10 23:40:53,026 : INFO : EventManager : Event: ======'mode_service_stopped'====== Args={}
2025-10-10 23:40:53,026 : INFO : EventManager : Event: ======'clear'====== Args={'key': 'service'}
2025-10-10 23:40:53,028 : INFO : EventManager : Event: ======'mode_game_will_stop'====== Args={}
2025-10-10 23:40:53,028 : INFO : EventManager : Event: ======'mode_game_stopping'====== Args={}
2025-10-10 23:40:53,028 : INFO : EventManager : Event: ======'mode_multiball_will_stop'====== Args={}
2025-10-10 23:40:53,028 : INFO : EventManager : Event: ======'mode_multiball_stopping'====== Args={}
2025-10-10 23:40:53,028 : INFO : EventManager : Event: ======'mode_base_will_stop'====== Args={}
2025-10-10 23:40:53,028 : INFO : EventManager : Event: ======'mode_base_stopping'====== Args={}
2025-10-10 23:40:53,028 : INFO : EventManager : Event: ======'mode_makesomenoise_will_stop'====== Args={}
2025-10-10 23:40:53,028 : INFO : EventManager : Event: ======'mode_makesomenoise_stopping'====== Args={}
2025-10-10 23:40:53,029 : INFO : Mode.makesomenoise : Stopped.
2025-10-10 23:40:53,029 : INFO : EventManager : Event: ======'modes_active_modes_changed'====== Args={}
2025-10-10 23:40:53,029 : INFO : EventManager : Event: ======'mode_makesomenoise_stopped'====== Args={}
2025-10-10 23:40:53,029 : INFO : EventManager : Event: ======'clear'====== Args={'key': 'makesomenoise'}
2025-10-10 23:40:53,031 : INFO : EventManager : Event: ======'player_mode_blocking_flag'====== Args={'value': 0, 'prev_value': 1, 'change': -1, 'player_num': 1, 'source': 'base'}
2025-10-10 23:40:53,032 : INFO : Timer.makesomenoise_intro_show : Stopping Timer
2025-10-10 23:40:53,032 : INFO : EventManager : Event: ======'timer_makesomenoise_intro_show_stopped'====== Args={'ticks': 10, 'ticks_remaining': 1}
2025-10-10 23:40:53,032 : INFO : Mode.base : Stopped.
2025-10-10 23:40:53,032 : INFO : EventManager : Event: ======'modes_active_modes_changed'====== Args={}
2025-10-10 23:40:53,033 : INFO : EventManager : Event: ======'mode_base_stopped'====== Args={}
2025-10-10 23:40:53,033 : INFO : EventManager : Event: ======'clear'====== Args={'key': 'base'}
2025-10-10 23:40:53,034 : INFO : Mode.multiball : Stopped.
2025-10-10 23:40:53,036 : INFO : EventManager : Event: ======'modes_active_modes_changed'====== Args={}
2025-10-10 23:40:53,036 : INFO : EventManager : Event: ======'mode_multiball_stopped'====== Args={}
2025-10-10 23:40:53,036 : INFO : EventManager : Event: ======'clear'====== Args={'key': 'multiball'}
2025-10-10 23:40:53,037 : INFO : Mode.game : Stopped.
2025-10-10 23:40:53,037 : INFO : EventManager : Event: ======'modes_active_modes_changed'====== Args={}
2025-10-10 23:40:53,037 : INFO : EventManager : Event: ======'mode_game_stopped'====== Args={}
2025-10-10 23:40:53,037 : INFO : EventManager : Event: ======'clear'====== Args={'key': 'game'}
2025-10-10 23:40:53,039 : INFO : root : MPF run loop ended.
