2025-09-28 16:54:48,318 : INFO : root : Loading config.
2025-09-28 16:54:48,324 : INFO : YamlMultifileConfigLoader : Machine config file #1: config.yaml
2025-09-28 16:54:48,325 : INFO : ConfigProcessor : Loading config from cache: C:\Users\sdona\AppData\Local\Temp\19f6d0d7953982fda9d956182316b8e5.mpf_cache
2025-09-28 16:54:48,489 : INFO : ConfigProcessor : Loading config from cache: C:\Users\sdona\AppData\Local\Temp\835b5bfea4be8b279a05e96caaaffbbb.mpf_cache
2025-09-28 16:54:48,490 : INFO : ConfigProcessor : Loading config from cache: C:\Users\sdona\AppData\Local\Temp\9b0a7575388f9d9bd2f6ab87bf9fd2f7.mpf_cache
2025-09-28 16:54:48,492 : INFO : ConfigProcessor : Loading config from cache: C:\Users\sdona\AppData\Local\Temp\c340ec0033d1055cd797ffd5447ef414.mpf_cache
2025-09-28 16:54:48,512 : INFO : ConfigProcessor : Loading config from cache: C:\Users\sdona\AppData\Local\Temp\835b5bfea4be8b279a05e96caaaffbbb.mpf_cache
2025-09-28 16:54:48,514 : WARNING : ConfigProcessor : Config file in cache changed: C:\venv\mpf\mmmdrop\modes\carousel\config\carousel.yaml
2025-09-28 16:54:48,514 : INFO : ConfigProcessor : Loading config from file C:\venv\mpf\mmmdrop\modes\carousel\config\carousel.yaml.
2025-09-28 16:54:48,517 : INFO : ConfigProcessor : Loading config: C:\venv\mpf\mmmdrop\modes\carousel\config\carousel.yaml
2025-09-28 16:54:48,518 : INFO : ConfigProcessor : Config file cache created: C:\Users\sdona\AppData\Local\Temp\f0c219a993d891ee86dcb7eae47dde67.mpf_cache
2025-09-28 16:54:48,519 : INFO : ConfigProcessor : Loading config from cache: C:\Users\sdona\AppData\Local\Temp\96aa58108928490b129531848cd9b506.mpf_cache
2025-09-28 16:54:48,520 : INFO : Machine : Mission Pinball Framework Core Engine v0.80.0.dev9
2025-09-28 16:54:48,520 : INFO : Machine : Command line arguments: {'no_load_cache': False, 'create_config_cache': True, 'bcp': True, 'configfile': ['config.yaml'], 'force_assets_load': False, 'platform_integration_test': False, 'jsonlogging': False, 'logfile': 'logs\\2025-09-28-16-54-48-mpf-PinballLaptop.log', 'pause': False, 'production': False, 'text_ui': True, 'loglevel': 15, 'consoleloglevel': 20, 'force_platform': 'smart_virtual', 'syslog_address': None, 'full_logfile_path': 'C:\\venv\\mpf\\mmmdrop\\logs\\2025-09-28-16-54-48-mpf-PinballLaptop.log'}
2025-09-28 16:54:48,520 : INFO : Machine : MPF path: c:\venv\mpf\lib\site-packages\mpf
2025-09-28 16:54:48,520 : INFO : Machine : Machine path: C:\venv\mpf\mmmdrop
2025-09-28 16:54:48,520 : INFO : Machine : Platform: win32
2025-09-28 16:54:48,520 : INFO : Machine : Python executable location: c:\venv\mpf\Scripts\python.exe
2025-09-28 16:54:48,520 : INFO : Machine : Python version: 3.9.13 (64-bit)
2025-09-28 16:54:48,524 : INFO : Machine : Initializing MPF...
2025-09-28 16:54:48,826 : INFO : EventManager : Event: ======'machine_var_credits_string'====== Args={'value': 'FREE PLAY', 'prev_value': None, 'change': True}
2025-09-28 16:54:48,870 : INFO : EventManager : Event: ======'machine_var_fast_audio_headphones_volume'====== Args={'value': 10, 'prev_value': None, 'change': True}
2025-09-28 16:54:48,871 : INFO : EventManager : Event: ======'machine_var_fast_audio_main_volume'====== Args={'value': 44, 'prev_value': None, 'change': True}
2025-09-28 16:54:48,871 : INFO : EventManager : Event: ======'machine_var_master_volume'====== Args={'value': 0.15, 'prev_value': None, 'change': True}
2025-09-28 16:54:48,871 : INFO : EventManager : Event: ======'machine_var_player1_score'====== Args={'value': 140190, 'prev_value': None, 'change': True}
2025-09-28 16:54:48,871 : INFO : EventManager : Event: ======'machine_var_mpf_version'====== Args={'value': 'Mission Pinball Framework v0.80.0.dev9', 'prev_value': None, 'change': True}
2025-09-28 16:54:48,871 : INFO : EventManager : Event: ======'machine_var_mpf_extended_version'====== Args={'value': 'Mission Pinball Framework v0.80.0.dev9, Config version:6, Show version: 6, BCP version:1.1', 'prev_value': None, 'change': True}
2025-09-28 16:54:48,871 : INFO : EventManager : Event: ======'machine_var_python_version'====== Args={'value': '3.9.13', 'prev_value': None, 'change': True}
2025-09-28 16:54:48,913 : INFO : EventManager : Event: ======'machine_var_platform'====== Args={'value': 'Windows-10-10.0.26100-SP0', 'prev_value': None, 'change': True}
2025-09-28 16:54:48,914 : INFO : EventManager : Event: ======'machine_var_platform_system'====== Args={'value': 'Windows', 'prev_value': None, 'change': True}
2025-09-28 16:54:48,914 : INFO : EventManager : Event: ======'machine_var_platform_release'====== Args={'value': '10', 'prev_value': None, 'change': True}
2025-09-28 16:54:48,914 : INFO : EventManager : Event: ======'machine_var_platform_version'====== Args={'value': '10.0.26100', 'prev_value': None, 'change': True}
2025-09-28 16:54:48,914 : INFO : EventManager : Event: ======'machine_var_platform_machine'====== Args={'value': 'AMD64', 'prev_value': None, 'change': True}
2025-09-28 16:54:48,914 : INFO : EventManager : Event: ======'machine_var_log_file_path'====== Args={'value': 'C:\\venv\\mpf\\mmmdrop\\logs\\2025-09-28-16-54-48-mpf-PinballLaptop.log', 'prev_value': None, 'change': True}
2025-09-28 16:54:48,914 : INFO : EventManager : Event: ======'init_phase_1'====== Args={}
2025-09-28 16:54:48,958 : INFO : EventManager : Event: ======'drop_target_bank_three_bank_up'====== Args={}
2025-09-28 16:54:48,959 : INFO : EventManager : Event: ======'init_phase_2'====== Args={}
2025-09-28 16:54:48,959 : INFO : SwitchController : Found active switch: ('3208-0', <Platform.SmartVirtual>) <switch.s_trough1>
2025-09-28 16:54:48,959 : INFO : SwitchController : Found active switch: ('3208-1', <Platform.SmartVirtual>) <switch.s_trough2>
2025-09-28 16:54:48,959 : INFO : SwitchController : Found active switch: ('3208-2', <Platform.SmartVirtual>) <switch.s_trough3>
2025-09-28 16:54:48,959 : INFO : SwitchController : Found active switch: ('3208-3', <Platform.SmartVirtual>) <switch.s_trough4>
2025-09-28 16:54:48,959 : INFO : SwitchController : Found active switch: ('3208-4', <Platform.SmartVirtual>) <switch.s_trough5>
2025-09-28 16:54:48,959 : INFO : SwitchController : Found active switch: ('3208-5', <Platform.SmartVirtual>) <switch.s_trough6>
2025-09-28 16:54:48,964 : INFO : EventManager : Event: ======'bcp_connection_attempt'====== Args={'name': 'local_display', 'host': 'localhost', 'port': 5050}
2025-09-28 16:54:48,967 : INFO : BCPClientSocket : Connecting BCP to 'local_display' at localhost:5050...
2025-09-28 16:54:52,525 : INFO : BCPClientSocket : Connected BCP to 'local_display' localhost:5050
2025-09-28 16:54:52,527 : INFO : EventManager : Event: ======'bcp_clients_connected'====== Args={}
2025-09-28 16:54:52,723 : INFO : ball_device.bd_trough : BCH: Initial count: 6
2025-09-28 16:54:52,783 : INFO : ball_device.bd_trough : State: idle
2025-09-28 16:54:52,784 : INFO : ball_device.bd_plunger : BCH: Initial count: 0
2025-09-28 16:54:52,784 : INFO : ball_device.bd_plunger : State: idle
2025-09-28 16:54:52,784 : INFO : ball_device.bd_scoop : BCH: Initial count: 0
2025-09-28 16:54:52,785 : INFO : ball_device.bd_scoop : State: idle
2025-09-28 16:54:52,805 : INFO : EventManager : Event: ======'init_phase_3'====== Args={}
2025-09-28 16:54:52,807 : INFO : EventManager : Event: ======'init_phase_4'====== Args={}
2025-09-28 16:54:52,808 : INFO : BallController : Initial balls found: 6
2025-09-28 16:54:52,810 : INFO : EventManager : Event: ======'machine_var_audits_events_game_ended'====== Args={'value': 36, 'prev_value': None, 'change': True}
2025-09-28 16:54:52,810 : INFO : EventManager : Event: ======'machine_var_audits_events_game_started'====== Args={'value': 126, 'prev_value': None, 'change': True}
2025-09-28 16:54:52,810 : INFO : EventManager : Event: ======'machine_var_audits_missing_switches_s_captive_ball'====== Args={'value': 52, 'prev_value': None, 'change': True}
2025-09-28 16:54:52,810 : INFO : EventManager : Event: ======'machine_var_audits_missing_switches_s_center_upper_pop'====== Args={'value': 52, 'prev_value': None, 'change': True}
2025-09-28 16:54:52,810 : INFO : EventManager : Event: ======'machine_var_audits_missing_switches_s_inner_orbit'====== Args={'value': 52, 'prev_value': None, 'change': True}
2025-09-28 16:54:52,810 : INFO : EventManager : Event: ======'machine_var_audits_missing_switches_s_left_flipper'====== Args={'value': 52, 'prev_value': None, 'change': True}
2025-09-28 16:54:52,810 : INFO : EventManager : Event: ======'machine_var_audits_missing_switches_s_left_inlane'====== Args={'value': 52, 'prev_value': None, 'change': True}
2025-09-28 16:54:52,810 : INFO : EventManager : Event: ======'machine_var_audits_missing_switches_s_left_orbit'====== Args={'value': 52, 'prev_value': None, 'change': True}
2025-09-28 16:54:52,812 : INFO : EventManager : Event: ======'machine_var_audits_missing_switches_s_left_outlane'====== Args={'value': 52, 'prev_value': None, 'change': True}
2025-09-28 16:54:52,812 : INFO : EventManager : Event: ======'machine_var_audits_missing_switches_s_left_ramp'====== Args={'value': 52, 'prev_value': None, 'change': True}
2025-09-28 16:54:52,812 : INFO : EventManager : Event: ======'machine_var_audits_missing_switches_s_left_slingshot'====== Args={'value': 52, 'prev_value': None, 'change': True}
2025-09-28 16:54:52,812 : INFO : EventManager : Event: ======'machine_var_audits_missing_switches_s_left_upper_pop'====== Args={'value': 52, 'prev_value': None, 'change': True}
2025-09-28 16:54:52,812 : INFO : EventManager : Event: ======'machine_var_audits_missing_switches_s_pop_standup'====== Args={'value': 52, 'prev_value': None, 'change': True}
2025-09-28 16:54:52,812 : INFO : EventManager : Event: ======'machine_var_audits_missing_switches_s_right_flipper'====== Args={'value': 52, 'prev_value': None, 'change': True}
2025-09-28 16:54:52,812 : INFO : EventManager : Event: ======'machine_var_audits_missing_switches_s_right_inlane'====== Args={'value': 52, 'prev_value': None, 'change': True}
2025-09-28 16:54:52,812 : INFO : EventManager : Event: ======'machine_var_audits_missing_switches_s_right_orbit'====== Args={'value': 52, 'prev_value': None, 'change': True}
2025-09-28 16:54:52,812 : INFO : EventManager : Event: ======'machine_var_audits_missing_switches_s_right_outlane'====== Args={'value': 52, 'prev_value': None, 'change': True}
2025-09-28 16:54:52,812 : INFO : EventManager : Event: ======'machine_var_audits_missing_switches_s_right_ramp'====== Args={'value': 52, 'prev_value': None, 'change': True}
2025-09-28 16:54:52,813 : INFO : EventManager : Event: ======'machine_var_audits_missing_switches_s_right_slingshot'====== Args={'value': 52, 'prev_value': None, 'change': True}
2025-09-28 16:54:52,813 : INFO : EventManager : Event: ======'machine_var_audits_missing_switches_s_spinner'====== Args={'value': 52, 'prev_value': None, 'change': True}
2025-09-28 16:54:52,813 : INFO : EventManager : Event: ======'machine_var_audits_missing_switches_s_start'====== Args={'value': 2, 'prev_value': None, 'change': True}
2025-09-28 16:54:52,813 : INFO : EventManager : Event: ======'machine_var_audits_missing_switches_s_three_bank_bottom'====== Args={'value': 13, 'prev_value': None, 'change': True}
2025-09-28 16:54:52,813 : INFO : EventManager : Event: ======'machine_var_audits_missing_switches_s_three_bank_middle'====== Args={'value': 13, 'prev_value': None, 'change': True}
2025-09-28 16:54:52,813 : INFO : EventManager : Event: ======'machine_var_audits_missing_switches_s_three_bank_standup'====== Args={'value': 17, 'prev_value': None, 'change': True}
2025-09-28 16:54:52,813 : INFO : EventManager : Event: ======'machine_var_audits_missing_switches_s_three_bank_top'====== Args={'value': 13, 'prev_value': None, 'change': True}
2025-09-28 16:54:52,813 : INFO : EventManager : Event: ======'machine_var_audits_missing_switches_s_tilt_bob'====== Args={'value': 60, 'prev_value': None, 'change': True}
2025-09-28 16:54:52,814 : INFO : EventManager : Event: ======'machine_var_audits_missing_switches_s_top_right_flipper'====== Args={'value': 52, 'prev_value': None, 'change': True}
2025-09-28 16:54:52,814 : INFO : EventManager : Event: ======'machine_var_audits_missing_switches_s_trough1'====== Args={'value': 12, 'prev_value': None, 'change': True}
2025-09-28 16:54:52,814 : INFO : EventManager : Event: ======'machine_var_audits_missing_switches_s_trough2'====== Args={'value': 51, 'prev_value': None, 'change': True}
2025-09-28 16:54:52,814 : INFO : EventManager : Event: ======'machine_var_audits_missing_switches_s_trough3'====== Args={'value': 51, 'prev_value': None, 'change': True}
2025-09-28 16:54:52,814 : INFO : EventManager : Event: ======'machine_var_audits_missing_switches_s_trough4'====== Args={'value': 51, 'prev_value': None, 'change': True}
2025-09-28 16:54:52,814 : INFO : EventManager : Event: ======'machine_var_audits_missing_switches_s_trough5'====== Args={'value': 51, 'prev_value': None, 'change': True}
2025-09-28 16:54:52,814 : INFO : EventManager : Event: ======'machine_var_audits_missing_switches_s_trough6'====== Args={'value': 52, 'prev_value': None, 'change': True}
2025-09-28 16:54:52,814 : INFO : EventManager : Event: ======'machine_var_audits_missing_switches_s_trough_jam'====== Args={'value': 52, 'prev_value': None, 'change': True}
2025-09-28 16:54:52,815 : INFO : EventManager : Event: ======'machine_var_audits_missing_switches_s_tshirt_bottom_standup'====== Args={'value': 52, 'prev_value': None, 'change': True}
2025-09-28 16:54:52,815 : INFO : EventManager : Event: ======'machine_var_audits_missing_switches_s_tshirt_top_standup'====== Args={'value': 52, 'prev_value': None, 'change': True}
2025-09-28 16:54:52,815 : INFO : EventManager : Event: ======'machine_var_audits_missing_switches_s_upper_pop_standup'====== Args={'value': 52, 'prev_value': None, 'change': True}
2025-09-28 16:54:52,815 : INFO : EventManager : Event: ======'machine_var_audits_player_score'====== Args={'value': {'average': 16766, 'top': [140190, 55679, 54526, 46225, 25350, 24166, 23278, 22740, 20422, 20201], 'total': 37}, 'prev_value': None, 'change': True}
2025-09-28 16:54:52,815 : INFO : EventManager : Event: ======'machine_var_audits_shots_skill_captive'====== Args={'value': 16, 'prev_value': None, 'change': True}
2025-09-28 16:54:52,815 : INFO : EventManager : Event: ======'machine_var_audits_switches_s_captive_ball'====== Args={'value': 158, 'prev_value': None, 'change': True}
2025-09-28 16:54:52,815 : INFO : EventManager : Event: ======'machine_var_audits_switches_s_center_upper_pop'====== Args={'value': 182, 'prev_value': None, 'change': True}
2025-09-28 16:54:52,815 : INFO : EventManager : Event: ======'machine_var_audits_switches_s_inner_orbit'====== Args={'value': 0, 'prev_value': None, 'change': True}
2025-09-28 16:54:52,815 : INFO : EventManager : Event: ======'machine_var_audits_switches_s_left_flipper'====== Args={'value': 1240, 'prev_value': None, 'change': True}
2025-09-28 16:54:52,815 : INFO : EventManager : Event: ======'machine_var_audits_switches_s_left_inlane'====== Args={'value': 107, 'prev_value': None, 'change': True}
2025-09-28 16:54:52,816 : INFO : EventManager : Event: ======'machine_var_audits_switches_s_left_orbit'====== Args={'value': 0, 'prev_value': None, 'change': True}
2025-09-28 16:54:52,816 : INFO : EventManager : Event: ======'machine_var_audits_switches_s_left_outlane'====== Args={'value': 53, 'prev_value': None, 'change': True}
2025-09-28 16:54:52,816 : INFO : EventManager : Event: ======'machine_var_audits_switches_s_left_ramp'====== Args={'value': 0, 'prev_value': None, 'change': True}
2025-09-28 16:54:52,816 : INFO : EventManager : Event: ======'machine_var_audits_switches_s_left_slingshot'====== Args={'value': 259, 'prev_value': None, 'change': True}
2025-09-28 16:54:52,816 : INFO : EventManager : Event: ======'machine_var_audits_switches_s_left_upper_pop'====== Args={'value': 139, 'prev_value': None, 'change': True}
2025-09-28 16:54:52,816 : INFO : EventManager : Event: ======'machine_var_audits_switches_s_plunger'====== Args={'value': 516, 'prev_value': None, 'change': True}
2025-09-28 16:54:52,816 : INFO : EventManager : Event: ======'machine_var_audits_switches_s_pop_standup'====== Args={'value': 48, 'prev_value': None, 'change': True}
2025-09-28 16:54:52,816 : INFO : EventManager : Event: ======'machine_var_audits_switches_s_right_flipper'====== Args={'value': 1509, 'prev_value': None, 'change': True}
2025-09-28 16:54:52,817 : INFO : EventManager : Event: ======'machine_var_audits_switches_s_right_inlane'====== Args={'value': 104, 'prev_value': None, 'change': True}
2025-09-28 16:54:52,817 : INFO : EventManager : Event: ======'machine_var_audits_switches_s_right_lower_pop'====== Args={'value': 319, 'prev_value': None, 'change': True}
2025-09-28 16:54:52,817 : INFO : EventManager : Event: ======'machine_var_audits_switches_s_right_orbit'====== Args={'value': 0, 'prev_value': None, 'change': True}
2025-09-28 16:54:52,817 : INFO : EventManager : Event: ======'machine_var_audits_switches_s_right_outlane'====== Args={'value': 51, 'prev_value': None, 'change': True}
2025-09-28 16:54:52,817 : INFO : EventManager : Event: ======'machine_var_audits_switches_s_right_ramp'====== Args={'value': 0, 'prev_value': None, 'change': True}
2025-09-28 16:54:52,817 : INFO : EventManager : Event: ======'machine_var_audits_switches_s_right_slingshot'====== Args={'value': 365, 'prev_value': None, 'change': True}
2025-09-28 16:54:52,817 : INFO : EventManager : Event: ======'machine_var_audits_switches_s_scoop'====== Args={'value': 95, 'prev_value': None, 'change': True}
2025-09-28 16:54:52,817 : INFO : EventManager : Event: ======'machine_var_audits_switches_s_spinner'====== Args={'value': 1364, 'prev_value': None, 'change': True}
2025-09-28 16:54:52,817 : INFO : EventManager : Event: ======'machine_var_audits_switches_s_start'====== Args={'value': 51, 'prev_value': None, 'change': True}
2025-09-28 16:54:52,818 : INFO : EventManager : Event: ======'machine_var_audits_switches_s_three_bank_bottom'====== Args={'value': 89, 'prev_value': None, 'change': True}
2025-09-28 16:54:52,818 : INFO : EventManager : Event: ======'machine_var_audits_switches_s_three_bank_middle'====== Args={'value': 86, 'prev_value': None, 'change': True}
2025-09-28 16:54:52,818 : INFO : EventManager : Event: ======'machine_var_audits_switches_s_three_bank_standup'====== Args={'value': 76, 'prev_value': None, 'change': True}
2025-09-28 16:54:52,818 : INFO : EventManager : Event: ======'machine_var_audits_switches_s_three_bank_top'====== Args={'value': 80, 'prev_value': None, 'change': True}
2025-09-28 16:54:52,818 : INFO : EventManager : Event: ======'machine_var_audits_switches_s_tilt_bob'====== Args={'value': 21, 'prev_value': None, 'change': True}
2025-09-28 16:54:52,818 : INFO : EventManager : Event: ======'machine_var_audits_switches_s_top_right_flipper'====== Args={'value': 1294, 'prev_value': None, 'change': True}
2025-09-28 16:54:52,818 : INFO : EventManager : Event: ======'machine_var_audits_switches_s_trough1'====== Args={'value': 239, 'prev_value': None, 'change': True}
2025-09-28 16:54:52,818 : INFO : EventManager : Event: ======'machine_var_audits_switches_s_trough2'====== Args={'value': 248, 'prev_value': None, 'change': True}
2025-09-28 16:54:52,818 : INFO : EventManager : Event: ======'machine_var_audits_switches_s_trough3'====== Args={'value': 178, 'prev_value': None, 'change': True}
2025-09-28 16:54:52,819 : INFO : EventManager : Event: ======'machine_var_audits_switches_s_trough4'====== Args={'value': 160, 'prev_value': None, 'change': True}
2025-09-28 16:54:52,820 : INFO : EventManager : Event: ======'machine_var_audits_switches_s_trough5'====== Args={'value': 160, 'prev_value': None, 'change': True}
2025-09-28 16:54:52,820 : INFO : EventManager : Event: ======'machine_var_audits_switches_s_trough6'====== Args={'value': 158, 'prev_value': None, 'change': True}
2025-09-28 16:54:52,820 : INFO : EventManager : Event: ======'machine_var_audits_switches_s_trough_jam'====== Args={'value': 206, 'prev_value': None, 'change': True}
2025-09-28 16:54:52,820 : INFO : EventManager : Event: ======'machine_var_audits_switches_s_tshirt_bottom_standup'====== Args={'value': 28, 'prev_value': None, 'change': True}
2025-09-28 16:54:52,820 : INFO : EventManager : Event: ======'machine_var_audits_switches_s_tshirt_top_standup'====== Args={'value': 33, 'prev_value': None, 'change': True}
2025-09-28 16:54:52,820 : INFO : EventManager : Event: ======'machine_var_audits_switches_s_upper_pop_standup'====== Args={'value': 158, 'prev_value': None, 'change': True}
2025-09-28 16:54:52,820 : INFO : EventManager : Event: ======'init_phase_5'====== Args={}
2025-09-28 16:54:52,834 : INFO : EventManager : Event: ======'init_done'====== Args={}
2025-09-28 16:54:52,836 : INFO : EventManager : Event: ======'machine_reset_phase_1'====== Args={}
2025-09-28 16:54:52,845 : INFO : EventManager : Event: ======'machine_reset_phase_2'====== Args={}
2025-09-28 16:54:52,846 : INFO : EventManager : Event: ======'machine_reset_phase_3'====== Args={}
2025-09-28 16:54:52,846 : INFO : drop_target_bank.three_bank : All targets are already up. Will not reset bank.
2025-09-28 16:54:52,846 : INFO : EventManager : Event: ======'reset_complete'====== Args={}
2025-09-28 16:54:52,846 : INFO : EventManager : Event: ======'mode_attract_will_start'====== Args={}
2025-09-28 16:54:52,849 : INFO : EventManager : Event: ======'mode_attract_starting'====== Args={}
2025-09-28 16:54:52,849 : INFO : Mode.attract : Started. Priority: 10
2025-09-28 16:54:52,849 : INFO : EventManager : Event: ======'modes_active_modes_changed'====== Args={}
2025-09-28 16:54:52,849 : INFO : EventManager : Event: ======'mode_attract_started'====== Args={}
2025-09-28 16:54:52,850 : INFO : EventManager : Event: ======'collecting_balls_complete'====== Args={}
2025-09-28 16:54:52,871 : INFO : EventManager : Event: ======'slide_loading_created'====== Args={'_from_bcp': True}
2025-09-28 16:54:52,872 : INFO : EventManager : Event: ======'slide__removed'====== Args={'_from_bcp': True}
2025-09-28 16:54:52,872 : INFO : EventManager : Event: ======'slide_loading_active'====== Args={'original_context': '_global', 'original_calling_context': 'init_done', 'priority': 0.0, 'cmd': 'slides_play', '_from_bcp': True}
2025-09-28 16:54:52,872 : INFO : Machine : Starting the main run loop with active modes: [<Mode.attract>]
2025-09-28 16:54:52,893 : INFO : EventManager : Event: ======'slide_attract_created'====== Args={'_from_bcp': True}
2025-09-28 16:54:52,894 : INFO : EventManager : Event: ======'slide_loading_inactive'====== Args={'is_removing': True, '_from_bcp': True}
2025-09-28 16:54:52,894 : INFO : EventManager : Event: ======'slide_attract_active'====== Args={'original_context': 'attract', 'original_calling_context': 'mode_attract_started', 'priority': 10.0, 'cmd': 'slides_play', '_from_bcp': True}
2025-09-28 16:54:52,894 : INFO : EventManager : Event: ======'slide_loading_removed'====== Args={'_from_bcp': True}
2025-09-28 16:54:56,557 : INFO : SwitchController : <<<<<<< 's_start' active >>>>>>>
2025-09-28 16:54:56,692 : INFO : SwitchController : <<<<<<< 's_start' inactive >>>>>>>
2025-09-28 16:54:56,692 : INFO : EventManager : Event: ======'request_to_start_game'====== Args={}
2025-09-28 16:54:56,692 : INFO : EventManager : Event: ======'game_start'====== Args={'buttons': [], 'hold_time': 0.14000000001396984}
2025-09-28 16:54:56,692 : INFO : EventManager : Event: ======'mode_game_will_start'====== Args={'buttons': [], 'hold_time': 0.14000000001396984}
2025-09-28 16:54:56,693 : INFO : EventManager : Event: ======'mode_game_starting'====== Args={'buttons': [], 'hold_time': 0.14000000001396984}
2025-09-28 16:54:56,693 : INFO : EventManager : Event: ======'mode_attract_will_stop'====== Args={}
2025-09-28 16:54:56,694 : INFO : EventManager : Event: ======'mode_attract_stopping'====== Args={}
2025-09-28 16:54:56,694 : INFO : Mode.attract : Stopped.
2025-09-28 16:54:56,694 : INFO : EventManager : Event: ======'modes_active_modes_changed'====== Args={}
2025-09-28 16:54:56,694 : INFO : EventManager : Event: ======'mode_attract_stopped'====== Args={}
2025-09-28 16:54:56,694 : INFO : EventManager : Event: ======'clear'====== Args={'key': 'attract'}
2025-09-28 16:54:56,694 : INFO : Mode.game : Started. Priority: 20
2025-09-28 16:54:56,694 : INFO : EventManager : Event: ======'modes_active_modes_changed'====== Args={}
2025-09-28 16:54:56,694 : INFO : EventManager : Event: ======'mode_game_started'====== Args={'buttons': [], 'hold_time': 0.14000000001396984}
2025-09-28 16:54:56,700 : INFO : EventManager : Event: ======'game_will_start'====== Args={}
2025-09-28 16:54:56,700 : INFO : EventManager : Event: ======'game_starting'====== Args={'game': <Mode.game>}
2025-09-28 16:54:56,701 : INFO : EventManager : Unordered handler for class <Auditor> on event game_ended with priority 1. Handlers: [RegisteredHandler(callback=<bound method Auditor.disable of <Auditor>>, priority=1, kwargs={}, key=UUID('e380b71d-460b-4d3e-bc17-f16b4188bc16'), condition=None, blocking_facility=None), RegisteredHandler(callback=<bound method Auditor._save_audits of <Auditor>>, priority=1, kwargs={}, key=UUID('93672e23-a7d4-4780-9c3e-d028b7f7a265'), condition=None, blocking_facility=None)]. The order of those handlers is not defined and they will be executed in random order. This might lead to race conditions and potential bugs.
2025-09-28 16:54:56,702 : INFO : EventManager : Event: ======'player_add_request'====== Args={}
2025-09-28 16:54:56,702 : INFO : EventManager : Event: ======'player_will_add'====== Args={'number': 1}
2025-09-28 16:54:56,702 : INFO : EventManager : Event: ======'player_adding'====== Args={'player': <Player 1>, 'number': 1}
2025-09-28 16:54:56,702 : INFO : EventManager : Event: ======'player_added'====== Args={'player': <Player 1>, 'num': 1}
2025-09-28 16:54:56,702 : INFO : Mode.game : Player added successfully. Total players: 1
2025-09-28 16:54:56,703 : INFO : EventManager : Event: ======'player_index'====== Args={'value': 0, 'prev_value': 0, 'change': 0, 'player_num': 1}
2025-09-28 16:54:56,703 : INFO : EventManager : Event: ======'player_number'====== Args={'value': 1, 'prev_value': 1, 'change': 0, 'player_num': 1}
2025-09-28 16:54:56,703 : INFO : EventManager : Event: ======'player_score'====== Args={'value': 0, 'prev_value': 0, 'change': 0, 'player_num': 1}
2025-09-28 16:54:56,705 : INFO : EventManager : Event: ======'game_started'====== Args={}
2025-09-28 16:54:56,714 : INFO : EventManager : Event: ======'player_turn_will_start'====== Args={'player': <Player 1>, 'number': 1}
2025-09-28 16:54:56,714 : INFO : EventManager : Event: ======'player_turn_starting'====== Args={'player': <Player 1>, 'number': 1}
2025-09-28 16:54:56,714 : INFO : EventManager : Event: ======'player_ball'====== Args={'value': 1, 'prev_value': 0, 'change': 1, 'player_num': 1}
2025-09-28 16:54:56,714 : INFO : EventManager : Event: ======'player_turn_started'====== Args={'player': <Player 1>, 'number': 1}
2025-09-28 16:54:56,723 : INFO : EventManager : Event: ======'ball_will_start'====== Args={'player': 1, 'ball': 1, 'balls_remaining': 2, 'is_extra_ball': False}
2025-09-28 16:54:56,726 : INFO : EventManager : Event: ======'ball_starting'====== Args={'player': 1, 'ball': 1, 'balls_remaining': 2, 'is_extra_ball': False}
2025-09-28 16:54:56,727 : INFO : EventManager : Event: ======'mode_base_will_start'====== Args={'queue': <QueuedEvent>, 'player': 1, 'ball': 1, 'balls_remaining': 2, 'is_extra_ball': False}
2025-09-28 16:54:56,730 : INFO : EventManager : Event: ======'mode_base_starting'====== Args={'queue': <QueuedEvent>, 'player': 1, 'ball': 1, 'balls_remaining': 2, 'is_extra_ball': False}
2025-09-28 16:54:56,730 : INFO : drop_target_bank.three_bank : All targets are already up. Will not reset bank.
2025-09-28 16:54:56,731 : INFO : EventManager : Event: ======'balls_in_play'====== Args={'balls': 1}
2025-09-28 16:54:56,731 : INFO : EventManager : Event: ======'ball_started'====== Args={'player': 1, 'ball': 1, 'balls_remaining': 2, 'is_extra_ball': False}
2025-09-28 16:54:56,731 : INFO : EventManager : Event: ======'logicblock_drop_target_counter_updated'====== Args={'value': 0, 'enabled': True}
2025-09-28 16:54:56,731 : INFO : EventManager : Event: ======'mode_carousel_will_start'====== Args={'queue': <QueuedEvent>, 'player': 1, 'ball': 1, 'balls_remaining': 2, 'is_extra_ball': False}
2025-09-28 16:54:56,732 : INFO : EventManager : Event: ======'mode_carousel_starting'====== Args={'queue': <QueuedEvent>, 'player': 1, 'ball': 1, 'balls_remaining': 2, 'is_extra_ball': False}
2025-09-28 16:54:56,732 : INFO : EventManager : Event: ======'logicblock_drop_target_counter_updated'====== Args={'value': 0, 'enabled': True}
2025-09-28 16:54:56,732 : INFO : Mode.base : Started. Priority: 100
2025-09-28 16:54:56,732 : INFO : EventManager : Event: ======'modes_active_modes_changed'====== Args={}
2025-09-28 16:54:56,732 : INFO : EventManager : Event: ======'mode_base_started'====== Args={'queue': <QueuedEvent>, 'player': 1, 'ball': 1, 'balls_remaining': 2, 'is_extra_ball': False}
2025-09-28 16:54:56,733 : INFO : EventManager : Event: ======'mode_carousel_start'====== Args={'priority': 0}
2025-09-28 16:54:56,734 : INFO : EventManager : Event: ======'ball_save_default_enabled'====== Args={}
2025-09-28 16:54:56,734 : INFO : Mode.carousel : Started. Priority: 200
2025-09-28 16:54:56,734 : INFO : EventManager : Event: ======'modes_active_modes_changed'====== Args={}
2025-09-28 16:54:56,735 : INFO : EventManager : Event: ======'mode_carousel_started'====== Args={'queue': <QueuedEvent>, 'player': 1, 'ball': 1, 'balls_remaining': 2, 'is_extra_ball': False}
2025-09-28 16:54:56,735 : INFO : EventManager : Event: ======'item_highlighted'====== Args={'carousel': 'carousel', 'direction': None, 'item': 'intergalactic'}
2025-09-28 16:54:56,736 : INFO : EventManager : Event: ======'single_player_ball_started'====== Args={}
2025-09-28 16:54:56,754 : INFO : EventManager : Event: ======'ball_start_target'====== Args={'target': 'playfield'}
2025-09-28 16:54:56,755 : INFO : EventManager : Event: ======'slide_base_created'====== Args={'_from_bcp': True}
2025-09-28 16:54:56,755 : INFO : EventManager : Event: ======'slide_score_overlay_created'====== Args={'_from_bcp': True}
2025-09-28 16:54:56,755 : INFO : EventManager : Event: ======'slide_attract_inactive'====== Args={'is_removing': True, '_from_bcp': True}
2025-09-28 16:54:56,755 : INFO : EventManager : Event: ======'slide_score_overlay_active'====== Args={'original_context': 'base', 'original_calling_context': 'mode_base_started', 'priority': 100.0, 'queue': '<QueuedEvent>', 'player': 1.0, 'ball': 1.0, 'balls_remaining': 2.0, 'is_extra_ball': False, 'cmd': 'slides_play', '_from_bcp': True}
2025-09-28 16:54:56,755 : INFO : EventManager : Event: ======'slide_attract_removed'====== Args={'_from_bcp': True}
2025-09-28 16:54:56,755 : INFO : ball_device.bd_plunger : Setting up player-controlled eject. Balls: 1, Target: <playfield.playfield>, player_controlled_eject_event: None
2025-09-28 16:54:56,756 : INFO : EventManager : Event: ======'balldevice_balls_available'====== Args={}
2025-09-28 16:54:56,756 : INFO : ball_device.bd_trough : State: waiting_for_target_ready
2025-09-28 16:54:56,756 : INFO : EventManager : Event: ======'balldevice_bd_trough_ball_eject_attempt'====== Args={'balls': 1, 'target': <ball_device.bd_plunger>, 'source': <ball_device.bd_trough>, 'mechanical_eject': True, 'num_attempts': 0}
2025-09-28 16:54:56,757 : INFO : ball_device.bd_plunger : State: waiting_for_ball
2025-09-28 16:54:56,757 : INFO : ball_device.bd_trough : State: ejecting
2025-09-28 16:54:56,757 : INFO : ball_device.bd_trough : Ejecting ball to <ball_device.bd_plunger>
2025-09-28 16:54:56,757 : INFO : EventManager : Event: ======'balldevice_bd_trough_ejecting_ball'====== Args={'balls': 1, 'target': <ball_device.bd_plunger>, 'source': <ball_device.bd_trough>, 'mechanical_eject': True, 'num_attempts': 0}
2025-09-28 16:54:56,758 : INFO : ball_device.bd_trough : Wait for ball to leave device
2025-09-28 16:54:56,758 : INFO : coil.c_trough_eject : Pulsing Driver for 20ms (1.0 pulse_power)
2025-09-28 16:54:56,758 : INFO : SwitchController : <<<<<<< 's_trough1' inactive >>>>>>>
2025-09-28 16:54:56,762 : INFO : ball_device.bd_trough : State: ball_left
2025-09-28 16:54:56,763 : INFO : ball_device.bd_trough : Ball left
2025-09-28 16:54:56,763 : INFO : ball_device.bd_trough : Wait for confirm with timeout 3.0
2025-09-28 16:54:56,865 : INFO : SwitchController : <<<<<<< 's_plunger' active >>>>>>>
2025-09-28 16:54:56,865 : INFO : EventManager : Event: ======'machine_var_audits_switches_s_plunger'====== Args={'value': 517, 'prev_value': 516, 'change': 1}
2025-09-28 16:54:57,380 : INFO : ball_device.bd_plunger : Received ball from <ball_device.bd_trough>
2025-09-28 16:54:57,380 : INFO : EventManager : Event: ======'balldevice_bd_plunger_ball_enter'====== Args={'new_balls': 1, 'unclaimed_balls': 0, 'new_available_balls': 0, 'device': <ball_device.bd_plunger>}
2025-09-28 16:54:57,382 : INFO : EventManager : Event: ======'balldevice_bd_plunger_ball_entered'====== Args={'new_balls': 0, 'device': <ball_device.bd_plunger>}
2025-09-28 16:54:57,382 : INFO : EventManager : Event: ======'balldevice_bd_plunger_ball_count_changed'====== Args={'balls': 1}
2025-09-28 16:54:57,382 : INFO : ball_device.bd_trough : Got eject confirm
2025-09-28 16:54:57,382 : INFO : ball_device.bd_trough : Eject successful
2025-09-28 16:54:57,382 : INFO : EventManager : Event: ======'balldevice_bd_trough_ball_eject_success'====== Args={'balls': 1, 'target': <ball_device.bd_plunger>}
2025-09-28 16:54:57,382 : INFO : ball_device.bd_plunger : State: waiting_for_target_ready
2025-09-28 16:54:57,382 : INFO : EventManager : Event: ======'balldevice_bd_plunger_ball_eject_attempt'====== Args={'balls': 1, 'target': <playfield.playfield>, 'source': <ball_device.bd_plunger>, 'mechanical_eject': True, 'num_attempts': 0}
2025-09-28 16:54:57,382 : INFO : EventManager : Event: ======'balldevice_bd_trough_ball_count_changed'====== Args={'balls': 5}
2025-09-28 16:54:57,382 : INFO : ball_device.bd_trough : State: idle
2025-09-28 16:54:57,384 : INFO : ball_device.bd_plunger : State: ejecting
2025-09-28 16:54:57,384 : INFO : ball_device.bd_plunger : Ejecting ball to <playfield.playfield>
2025-09-28 16:54:57,384 : INFO : EventManager : Event: ======'balldevice_bd_plunger_ejecting_ball'====== Args={'balls': 1, 'target': <playfield.playfield>, 'source': <ball_device.bd_plunger>, 'mechanical_eject': True, 'num_attempts': 0}
2025-09-28 16:54:57,385 : INFO : ball_device.bd_plunger : Wait for ball to leave device
2025-09-28 16:54:58,554 : INFO : SwitchController : <<<<<<< 's_plunger' inactive >>>>>>>
2025-09-28 16:54:58,554 : INFO : EventManager : Event: ======'ball_out'====== Args={}
2025-09-28 16:54:58,554 : INFO : EventManager : Event: ======'ball_save_default_timer_start'====== Args={}
2025-09-28 16:54:58,558 : INFO : ball_device.bd_plunger : State: ball_left
2025-09-28 16:54:58,558 : INFO : ball_device.bd_plunger : Ball left
2025-09-28 16:54:58,558 : INFO : ball_device.bd_plunger : Wait for confirm with timeout 3.0
2025-09-28 16:54:59,206 : INFO : SwitchController : <<<<<<< 's_right_lower_pop' active >>>>>>>
2025-09-28 16:54:59,206 : INFO : EventManager : Event: ======'s_right_lower_pop_active'====== Args={}
2025-09-28 16:54:59,206 : INFO : EventManager : Event: ======'playfield_active'====== Args={'source': 'right_lower_pop'}
2025-09-28 16:54:59,206 : INFO : EventManager : Event: ======'machine_var_audits_switches_s_right_lower_pop'====== Args={'value': 320, 'prev_value': 319, 'change': 1}
2025-09-28 16:54:59,207 : INFO : EventManager : Event: ======'player_score'====== Args={'value': 1110, 'prev_value': 0, 'change': 1110, 'player_num': 1, 'source': 'base'}
2025-09-28 16:54:59,217 : INFO : ball_device.bd_plunger : Got eject confirm
2025-09-28 16:54:59,218 : INFO : ball_device.bd_plunger : Eject successful
2025-09-28 16:54:59,218 : INFO : EventManager : Event: ======'balldevice_bd_plunger_ball_eject_success'====== Args={'balls': 1, 'target': <playfield.playfield>}
2025-09-28 16:54:59,218 : INFO : EventManager : Event: ======'balldevice_playfield_ball_enter'====== Args={'new_balls': 1, 'unclaimed_balls': 1, 'device': <playfield.playfield>}
2025-09-28 16:54:59,218 : INFO : EventManager : Event: ======'playfield_ball_count_change'====== Args={'balls': 1, 'change': 1}
2025-09-28 16:54:59,218 : INFO : EventManager : Event: ======'balldevice_bd_plunger_ball_count_changed'====== Args={'balls': 0}
2025-09-28 16:54:59,218 : INFO : ball_device.bd_plunger : State: idle
2025-09-28 16:54:59,320 : INFO : SwitchController : <<<<<<< 's_right_lower_pop' inactive >>>>>>>
2025-09-28 16:54:59,469 : INFO : SwitchController : <<<<<<< 's_right_lower_pop' active >>>>>>>
2025-09-28 16:54:59,470 : INFO : EventManager : Event: ======'s_right_lower_pop_active'====== Args={}
2025-09-28 16:54:59,470 : INFO : EventManager : Event: ======'machine_var_audits_switches_s_right_lower_pop'====== Args={'value': 321, 'prev_value': 320, 'change': 1}
2025-09-28 16:54:59,470 : INFO : EventManager : Event: ======'player_score'====== Args={'value': 2220, 'prev_value': 1110, 'change': 1110, 'player_num': 1, 'source': 'base'}
2025-09-28 16:54:59,571 : INFO : SwitchController : <<<<<<< 's_right_lower_pop' inactive >>>>>>>
2025-09-28 16:54:59,690 : INFO : SwitchController : <<<<<<< 's_right_lower_pop' active >>>>>>>
2025-09-28 16:54:59,690 : INFO : EventManager : Event: ======'s_right_lower_pop_active'====== Args={}
2025-09-28 16:54:59,691 : INFO : EventManager : Event: ======'machine_var_audits_switches_s_right_lower_pop'====== Args={'value': 322, 'prev_value': 321, 'change': 1}
2025-09-28 16:54:59,691 : INFO : EventManager : Event: ======'player_score'====== Args={'value': 3330, 'prev_value': 2220, 'change': 1110, 'player_num': 1, 'source': 'base'}
2025-09-28 16:54:59,787 : INFO : SwitchController : <<<<<<< 's_right_lower_pop' inactive >>>>>>>
2025-09-28 16:54:59,837 : INFO : SwitchController : <<<<<<< 's_right_lower_pop' active >>>>>>>
2025-09-28 16:54:59,837 : INFO : EventManager : Event: ======'s_right_lower_pop_active'====== Args={}
2025-09-28 16:54:59,838 : INFO : EventManager : Event: ======'machine_var_audits_switches_s_right_lower_pop'====== Args={'value': 323, 'prev_value': 322, 'change': 1}
2025-09-28 16:54:59,838 : INFO : EventManager : Event: ======'player_score'====== Args={'value': 4440, 'prev_value': 3330, 'change': 1110, 'player_num': 1, 'source': 'base'}
2025-09-28 16:54:59,935 : INFO : SwitchController : <<<<<<< 's_right_lower_pop' inactive >>>>>>>
2025-09-28 16:54:59,957 : INFO : SwitchController : <<<<<<< 's_right_lower_pop' active >>>>>>>
2025-09-28 16:54:59,957 : INFO : EventManager : Event: ======'s_right_lower_pop_active'====== Args={}
2025-09-28 16:54:59,957 : INFO : EventManager : Event: ======'machine_var_audits_switches_s_right_lower_pop'====== Args={'value': 324, 'prev_value': 323, 'change': 1}
2025-09-28 16:54:59,957 : INFO : EventManager : Event: ======'player_score'====== Args={'value': 5550, 'prev_value': 4440, 'change': 1110, 'player_num': 1, 'source': 'base'}
2025-09-28 16:55:00,053 : INFO : SwitchController : <<<<<<< 's_right_lower_pop' inactive >>>>>>>
2025-09-28 16:55:00,552 : INFO : SwitchController : <<<<<<< 's_scoop' active >>>>>>>
2025-09-28 16:55:00,552 : INFO : EventManager : Event: ======'s_scoop_active'====== Args={}
2025-09-28 16:55:00,552 : INFO : EventManager : Event: ======'machine_var_audits_switches_s_scoop'====== Args={'value': 96, 'prev_value': 95, 'change': 1}
2025-09-28 16:55:00,553 : INFO : EventManager : Event: ======'scoop_hit'====== Args={'elapsed': 0}
2025-09-28 16:55:00,553 : INFO : EventManager : Event: ======'player_score'====== Args={'value': 7860, 'prev_value': 5550, 'change': 2310, 'player_num': 1, 'source': 'base'}
2025-09-28 16:55:01,064 : INFO : EventManager : Event: ======'balldevice_bd_scoop_ball_count_changed'====== Args={'balls': 1}
2025-09-28 16:55:01,065 : INFO : ball_device.bd_scoop : Received unexpected ball
2025-09-28 16:55:01,065 : INFO : EventManager : Event: ======'balldevice_captured_from_playfield'====== Args={'balls': 1}
2025-09-28 16:55:01,066 : INFO : EventManager : Event: ======'sw_playfield_active'====== Args={'balls': 1}
2025-09-28 16:55:01,066 : INFO : EventManager : Event: ======'playfield_ball_count_change'====== Args={'balls': 0, 'change': -1}
2025-09-28 16:55:01,067 : INFO : EventManager : Event: ======'balldevice_bd_scoop_ball_enter'====== Args={'new_balls': 1, 'unclaimed_balls': 1, 'new_available_balls': 1, 'device': <ball_device.bd_scoop>}
2025-09-28 16:55:01,067 : INFO : ball_device.bd_scoop : Ejecting 1 unexpected balls using path deque([<ball_device.bd_scoop>, <playfield.playfield>])
2025-09-28 16:55:01,068 : INFO : EventManager : Event: ======'balldevice_balls_available'====== Args={}
2025-09-28 16:55:01,068 : INFO : EventManager : Event: ======'balldevice_balls_available'====== Args={}
2025-09-28 16:55:01,068 : INFO : EventManager : Event: ======'balldevice_bd_scoop_ball_entered'====== Args={'new_balls': 1, 'device': <ball_device.bd_scoop>}
2025-09-28 16:55:01,069 : INFO : ball_device.bd_scoop : State: waiting_for_target_ready
2025-09-28 16:55:01,069 : INFO : EventManager : Event: ======'balldevice_bd_scoop_ball_eject_attempt'====== Args={'balls': 1, 'target': <playfield.playfield>, 'source': <ball_device.bd_scoop>, 'mechanical_eject': False, 'num_attempts': 0}
2025-09-28 16:55:01,069 : INFO : ball_device.bd_scoop : State: ejecting
2025-09-28 16:55:01,070 : INFO : ball_device.bd_scoop : Ejecting ball to <playfield.playfield>
2025-09-28 16:55:01,070 : INFO : EventManager : Event: ======'balldevice_bd_scoop_ejecting_ball'====== Args={'balls': 1, 'target': <playfield.playfield>, 'source': <ball_device.bd_scoop>, 'mechanical_eject': False, 'num_attempts': 0}
2025-09-28 16:55:01,070 : INFO : ball_device.bd_scoop : Wait for ball to leave device
2025-09-28 16:55:01,070 : INFO : coil.c_scoop_eject : Pulsing Driver for 25ms (1.0 pulse_power)
2025-09-28 16:55:01,070 : INFO : SwitchController : <<<<<<< 's_scoop' inactive >>>>>>>
2025-09-28 16:55:01,075 : INFO : ball_device.bd_scoop : State: ball_left
2025-09-28 16:55:01,075 : INFO : ball_device.bd_scoop : Ball left
2025-09-28 16:55:01,075 : INFO : ball_device.bd_scoop : Wait for confirm with timeout 3.0
2025-09-28 16:55:01,565 : INFO : EventManager : Event: ======'ball_save_default_hurry_up'====== Args={}
2025-09-28 16:55:03,565 : INFO : EventManager : Event: ======'ball_save_default_grace_period'====== Args={}
2025-09-28 16:55:04,079 : INFO : ball_device.bd_scoop : State: failed_confirm
2025-09-28 16:55:04,079 : INFO : ball_device.bd_scoop : Got timeout (3.0s) before confirm from <playfield.playfield>
2025-09-28 16:55:04,188 : INFO : ball_device.bd_scoop : Confirming eject because target is playfield and ball did not return.
2025-09-28 16:55:04,189 : INFO : ball_device.bd_scoop : Eject successful
2025-09-28 16:55:04,189 : INFO : EventManager : Event: ======'balldevice_bd_scoop_ball_eject_success'====== Args={'balls': 1, 'target': <playfield.playfield>}
2025-09-28 16:55:04,189 : INFO : EventManager : Event: ======'balldevice_playfield_ball_enter'====== Args={'new_balls': 1, 'unclaimed_balls': 1, 'device': <playfield.playfield>}
2025-09-28 16:55:04,189 : INFO : EventManager : Event: ======'playfield_ball_count_change'====== Args={'balls': 1, 'change': 1}
2025-09-28 16:55:04,189 : INFO : EventManager : Event: ======'balldevice_bd_scoop_ball_count_changed'====== Args={'balls': 0}
2025-09-28 16:55:04,189 : INFO : ball_device.bd_scoop : State: idle
2025-09-28 16:55:05,562 : INFO : EventManager : Event: ======'ball_save_default_disabled'====== Args={}
2025-09-28 16:55:07,080 : INFO : SwitchController : <<<<<<< 's_three_bank_standup' active >>>>>>>
2025-09-28 16:55:07,080 : INFO : EventManager : Event: ======'s_three_bank_standup_active'====== Args={}
2025-09-28 16:55:07,080 : INFO : EventManager : Event: ======'machine_var_audits_switches_s_three_bank_standup'====== Args={'value': 77, 'prev_value': 76, 'change': 1}
2025-09-28 16:55:07,080 : INFO : EventManager : Event: ======'player_score'====== Args={'value': 27870, 'prev_value': 7860, 'change': 20010, 'player_num': 1, 'source': 'base'}
2025-09-28 16:55:07,197 : INFO : SwitchController : <<<<<<< 's_three_bank_standup' inactive >>>>>>>
2025-09-28 16:55:08,163 : INFO : SwitchController : <<<<<<< 's_three_bank_bottom' active >>>>>>>
2025-09-28 16:55:08,164 : INFO : EventManager : Event: ======'s_three_bank_bottom_active'====== Args={}
2025-09-28 16:55:08,164 : INFO : EventManager : Event: ======'drop_target_bottom_down'====== Args={'device': <drop_target.bottom>}
2025-09-28 16:55:08,164 : INFO : EventManager : Event: ======'drop_target_bank_three_bank_mixed'====== Args={'prev_value': <DropTargetBankState.UP: 'up'>, 'down': 1}
2025-09-28 16:55:08,164 : INFO : EventManager : Event: ======'machine_var_audits_switches_s_three_bank_bottom'====== Args={'value': 90, 'prev_value': 89, 'change': 1}
2025-09-28 16:55:08,165 : INFO : EventManager : Event: ======'player_score'====== Args={'value': 30090, 'prev_value': 27870, 'change': 2220, 'player_num': 1, 'source': 'base'}
2025-09-28 16:55:08,463 : INFO : SwitchController : <<<<<<< 's_three_bank_middle' active >>>>>>>
2025-09-28 16:55:08,464 : INFO : EventManager : Event: ======'s_three_bank_middle_active'====== Args={}
2025-09-28 16:55:08,464 : INFO : EventManager : Event: ======'drop_target_middle_down'====== Args={'device': <drop_target.middle>}
2025-09-28 16:55:08,464 : INFO : EventManager : Event: ======'drop_target_bank_three_bank_mixed'====== Args={'prev_value': <DropTargetBankState.MIXED: 'mixed'>, 'down': 2}
2025-09-28 16:55:08,464 : INFO : EventManager : Event: ======'machine_var_audits_switches_s_three_bank_middle'====== Args={'value': 87, 'prev_value': 86, 'change': 1}
2025-09-28 16:55:08,465 : INFO : EventManager : Event: ======'player_score'====== Args={'value': 32310, 'prev_value': 30090, 'change': 2220, 'player_num': 1, 'source': 'base'}
2025-09-28 16:55:08,683 : INFO : SwitchController : <<<<<<< 's_three_bank_top' active >>>>>>>
2025-09-28 16:55:08,683 : INFO : EventManager : Event: ======'s_three_bank_top_active'====== Args={}
2025-09-28 16:55:08,683 : INFO : EventManager : Event: ======'drop_target_top_down'====== Args={'device': <drop_target.top>}
2025-09-28 16:55:08,683 : INFO : EventManager : Event: ======'drop_target_bank_three_bank_down'====== Args={}
2025-09-28 16:55:08,683 : INFO : EventManager : Event: ======'machine_var_audits_switches_s_three_bank_top'====== Args={'value': 81, 'prev_value': 80, 'change': 1}
2025-09-28 16:55:08,684 : INFO : EventManager : Event: ======'player_score'====== Args={'value': 34530, 'prev_value': 32310, 'change': 2220, 'player_num': 1, 'source': 'base'}
2025-09-28 16:55:09,191 : INFO : drop_target_bank.three_bank : 3 targets are down. Will reset those.
2025-09-28 16:55:09,192 : INFO : coil.c_three_bank : Pulsing Driver for 23ms (1.0 pulse_power)
2025-09-28 16:55:09,253 : INFO : SwitchController : <<<<<<< 's_three_bank_bottom' inactive (muted) >>>>>>>
2025-09-28 16:55:09,253 : INFO : SwitchController : <<<<<<< 's_three_bank_middle' inactive (muted) >>>>>>>
2025-09-28 16:55:09,253 : INFO : SwitchController : <<<<<<< 's_three_bank_top' inactive (muted) >>>>>>>
2025-09-28 16:55:09,697 : INFO : EventManager : Event: ======'drop_target_bottom_up'====== Args={'device': <drop_target.bottom>}
2025-09-28 16:55:09,697 : INFO : EventManager : Event: ======'drop_target_middle_up'====== Args={'device': <drop_target.middle>}
2025-09-28 16:55:09,697 : INFO : EventManager : Event: ======'drop_target_top_up'====== Args={'device': <drop_target.top>}
2025-09-28 16:55:09,697 : INFO : EventManager : Event: ======'drop_target_bank_three_bank_up'====== Args={}
2025-09-28 16:55:10,112 : INFO : SwitchController : <<<<<<< 's_plunger' active >>>>>>>
2025-09-28 16:55:10,112 : INFO : EventManager : Event: ======'machine_var_audits_switches_s_plunger'====== Args={'value': 518, 'prev_value': 517, 'change': 1}
2025-09-28 16:55:10,613 : INFO : EventManager : Event: ======'balldevice_bd_plunger_ball_count_changed'====== Args={'balls': 1}
2025-09-28 16:55:10,613 : INFO : ball_device.bd_plunger : Received unexpected ball
2025-09-28 16:55:10,613 : INFO : EventManager : Event: ======'balldevice_captured_from_playfield'====== Args={'balls': 1}
2025-09-28 16:55:10,613 : INFO : EventManager : Event: ======'sw_playfield_active'====== Args={'balls': 1}
2025-09-28 16:55:10,613 : INFO : EventManager : Event: ======'playfield_ball_count_change'====== Args={'balls': 0, 'change': -1}
2025-09-28 16:55:10,614 : INFO : EventManager : Event: ======'balldevice_bd_plunger_ball_enter'====== Args={'new_balls': 1, 'unclaimed_balls': 1, 'new_available_balls': 1, 'device': <ball_device.bd_plunger>}
2025-09-28 16:55:10,614 : INFO : ball_device.bd_plunger : Ejecting 1 unexpected balls using path deque([<ball_device.bd_plunger>, <playfield.playfield>])
2025-09-28 16:55:10,614 : INFO : EventManager : Event: ======'balldevice_balls_available'====== Args={}
2025-09-28 16:55:10,614 : INFO : EventManager : Event: ======'balldevice_balls_available'====== Args={}
2025-09-28 16:55:10,614 : INFO : EventManager : Event: ======'balldevice_bd_plunger_ball_entered'====== Args={'new_balls': 1, 'device': <ball_device.bd_plunger>}
2025-09-28 16:55:10,615 : INFO : ball_device.bd_plunger : State: waiting_for_target_ready
2025-09-28 16:55:10,615 : INFO : EventManager : Event: ======'balldevice_bd_plunger_ball_eject_attempt'====== Args={'balls': 1, 'target': <playfield.playfield>, 'source': <ball_device.bd_plunger>, 'mechanical_eject': False, 'num_attempts': 0}
2025-09-28 16:55:10,615 : INFO : ball_device.bd_plunger : State: ejecting
2025-09-28 16:55:10,615 : INFO : ball_device.bd_plunger : Ejecting ball to <playfield.playfield>
2025-09-28 16:55:10,615 : INFO : EventManager : Event: ======'balldevice_bd_plunger_ejecting_ball'====== Args={'balls': 1, 'target': <playfield.playfield>, 'source': <ball_device.bd_plunger>, 'mechanical_eject': False, 'num_attempts': 0}
2025-09-28 16:55:10,615 : INFO : ball_device.bd_plunger : Wait for ball to leave device
2025-09-28 16:55:10,615 : INFO : coil.c_plunger : Pulsing Driver for 20ms (1.0 pulse_power)
2025-09-28 16:55:10,615 : INFO : SwitchController : <<<<<<< 's_plunger' inactive >>>>>>>
2025-09-28 16:55:10,616 : INFO : EventManager : Event: ======'ball_out'====== Args={}
2025-09-28 16:55:10,620 : INFO : ball_device.bd_plunger : State: ball_left
2025-09-28 16:55:10,620 : INFO : ball_device.bd_plunger : Ball left
2025-09-28 16:55:10,620 : INFO : ball_device.bd_plunger : Wait for confirm with timeout 3.0
2025-09-28 16:55:11,542 : INFO : SwitchController : <<<<<<< 's_scoop' active >>>>>>>
2025-09-28 16:55:11,543 : INFO : EventManager : Event: ======'s_scoop_active'====== Args={}
2025-09-28 16:55:11,543 : INFO : EventManager : Event: ======'machine_var_audits_switches_s_scoop'====== Args={'value': 97, 'prev_value': 96, 'change': 1}
2025-09-28 16:55:11,545 : INFO : EventManager : Event: ======'scoop_hit'====== Args={'elapsed': 0}
2025-09-28 16:55:11,545 : INFO : EventManager : Event: ======'player_score'====== Args={'value': 36840, 'prev_value': 34530, 'change': 2310, 'player_num': 1, 'source': 'base'}
2025-09-28 16:55:12,051 : INFO : EventManager : Event: ======'balldevice_bd_scoop_ball_count_changed'====== Args={'balls': 1}
2025-09-28 16:55:12,051 : INFO : ball_device.bd_scoop : Received unexpected ball
2025-09-28 16:55:12,051 : INFO : EventManager : Event: ======'balldevice_captured_from_playfield'====== Args={'balls': 1}
2025-09-28 16:55:12,051 : INFO : EventManager : Event: ======'sw_playfield_active'====== Args={'balls': 1}
2025-09-28 16:55:12,052 : INFO : EventManager : Event: ======'playfield_active'====== Args={'source': None}
2025-09-28 16:55:12,052 : INFO : EventManager : Event: ======'playfield_ball_count_change'====== Args={'balls': -1, 'change': -1}
2025-09-28 16:55:12,052 : INFO : EventManager : Event: ======'balldevice_bd_scoop_ball_enter'====== Args={'new_balls': 1, 'unclaimed_balls': 1, 'new_available_balls': 1, 'device': <ball_device.bd_scoop>}
2025-09-28 16:55:12,052 : INFO : ball_device.bd_plunger : Got eject confirm
2025-09-28 16:55:12,052 : INFO : ball_device.bd_plunger : Eject successful
2025-09-28 16:55:12,052 : INFO : EventManager : Event: ======'balldevice_bd_plunger_ball_eject_success'====== Args={'balls': 1, 'target': <playfield.playfield>}
2025-09-28 16:55:12,052 : INFO : ball_device.bd_scoop : Ejecting 1 unexpected balls using path deque([<ball_device.bd_scoop>, <playfield.playfield>])
2025-09-28 16:55:12,052 : INFO : EventManager : Event: ======'balldevice_balls_available'====== Args={}
2025-09-28 16:55:12,052 : INFO : EventManager : Event: ======'balldevice_balls_available'====== Args={}
2025-09-28 16:55:12,052 : INFO : EventManager : Event: ======'balldevice_bd_scoop_ball_entered'====== Args={'new_balls': 1, 'device': <ball_device.bd_scoop>}
2025-09-28 16:55:12,052 : INFO : EventManager : Event: ======'balldevice_playfield_ball_enter'====== Args={'new_balls': 1, 'unclaimed_balls': 1, 'device': <playfield.playfield>}
2025-09-28 16:55:12,052 : INFO : EventManager : Event: ======'playfield_ball_count_change'====== Args={'balls': 0, 'change': 1}
2025-09-28 16:55:12,052 : INFO : EventManager : Event: ======'balldevice_bd_plunger_ball_count_changed'====== Args={'balls': 0}
2025-09-28 16:55:12,052 : INFO : ball_device.bd_plunger : State: idle
2025-09-28 16:55:12,053 : INFO : ball_device.bd_scoop : State: waiting_for_target_ready
2025-09-28 16:55:12,053 : INFO : EventManager : Event: ======'balldevice_bd_scoop_ball_eject_attempt'====== Args={'balls': 1, 'target': <playfield.playfield>, 'source': <ball_device.bd_scoop>, 'mechanical_eject': False, 'num_attempts': 0}
2025-09-28 16:55:12,053 : INFO : ball_device.bd_scoop : State: ejecting
2025-09-28 16:55:12,053 : INFO : ball_device.bd_scoop : Ejecting ball to <playfield.playfield>
2025-09-28 16:55:12,053 : INFO : EventManager : Event: ======'balldevice_bd_scoop_ejecting_ball'====== Args={'balls': 1, 'target': <playfield.playfield>, 'source': <ball_device.bd_scoop>, 'mechanical_eject': False, 'num_attempts': 0}
2025-09-28 16:55:12,054 : INFO : ball_device.bd_scoop : Wait for ball to leave device
2025-09-28 16:55:12,054 : INFO : coil.c_scoop_eject : Pulsing Driver for 25ms (1.0 pulse_power)
2025-09-28 16:55:12,054 : INFO : SwitchController : <<<<<<< 's_scoop' inactive >>>>>>>
2025-09-28 16:55:12,059 : INFO : ball_device.bd_scoop : State: ball_left
2025-09-28 16:55:12,059 : INFO : ball_device.bd_scoop : Ball left
2025-09-28 16:55:12,059 : INFO : ball_device.bd_scoop : Wait for confirm with timeout 3.0
2025-09-28 16:55:14,076 : INFO : SwitchController : <<<<<<< 's_right_lower_pop' active >>>>>>>
2025-09-28 16:55:14,076 : INFO : EventManager : Event: ======'s_right_lower_pop_active'====== Args={}
2025-09-28 16:55:14,077 : INFO : EventManager : Event: ======'playfield_active'====== Args={'source': 'right_lower_pop'}
2025-09-28 16:55:14,077 : INFO : EventManager : Event: ======'machine_var_audits_switches_s_right_lower_pop'====== Args={'value': 325, 'prev_value': 324, 'change': 1}
2025-09-28 16:55:14,078 : INFO : EventManager : Event: ======'player_score'====== Args={'value': 37950, 'prev_value': 36840, 'change': 1110, 'player_num': 1, 'source': 'base'}
2025-09-28 16:55:14,082 : INFO : ball_device.bd_scoop : Got eject confirm
2025-09-28 16:55:14,082 : INFO : ball_device.bd_scoop : Eject successful
2025-09-28 16:55:14,082 : INFO : EventManager : Event: ======'balldevice_bd_scoop_ball_eject_success'====== Args={'balls': 1, 'target': <playfield.playfield>}
2025-09-28 16:55:14,082 : INFO : EventManager : Event: ======'balldevice_playfield_ball_enter'====== Args={'new_balls': 1, 'unclaimed_balls': 1, 'device': <playfield.playfield>}
2025-09-28 16:55:14,082 : INFO : EventManager : Event: ======'playfield_ball_count_change'====== Args={'balls': 1, 'change': 1}
2025-09-28 16:55:14,082 : INFO : EventManager : Event: ======'balldevice_bd_scoop_ball_count_changed'====== Args={'balls': 0}
2025-09-28 16:55:14,082 : INFO : ball_device.bd_scoop : State: idle
2025-09-28 16:55:14,208 : INFO : SwitchController : <<<<<<< 's_right_lower_pop' inactive >>>>>>>
2025-09-28 16:55:14,824 : INFO : SwitchController : <<<<<<< 's_right_lower_pop' active >>>>>>>
2025-09-28 16:55:14,824 : INFO : EventManager : Event: ======'s_right_lower_pop_active'====== Args={}
2025-09-28 16:55:14,824 : INFO : EventManager : Event: ======'machine_var_audits_switches_s_right_lower_pop'====== Args={'value': 326, 'prev_value': 325, 'change': 1}
2025-09-28 16:55:14,825 : INFO : EventManager : Event: ======'player_score'====== Args={'value': 39060, 'prev_value': 37950, 'change': 1110, 'player_num': 1, 'source': 'base'}
2025-09-28 16:55:14,959 : INFO : SwitchController : <<<<<<< 's_right_lower_pop' inactive >>>>>>>
2025-09-28 16:55:15,241 : INFO : SwitchController : <<<<<<< 's_right_lower_pop' active >>>>>>>
2025-09-28 16:55:15,241 : INFO : EventManager : Event: ======'s_right_lower_pop_active'====== Args={}
2025-09-28 16:55:15,241 : INFO : EventManager : Event: ======'machine_var_audits_switches_s_right_lower_pop'====== Args={'value': 327, 'prev_value': 326, 'change': 1}
2025-09-28 16:55:15,242 : INFO : EventManager : Event: ======'player_score'====== Args={'value': 40170, 'prev_value': 39060, 'change': 1110, 'player_num': 1, 'source': 'base'}
2025-09-28 16:55:15,358 : INFO : SwitchController : <<<<<<< 's_right_lower_pop' inactive >>>>>>>
2025-09-28 16:55:15,440 : INFO : SwitchController : <<<<<<< 's_right_lower_pop' active >>>>>>>
2025-09-28 16:55:15,440 : INFO : EventManager : Event: ======'s_right_lower_pop_active'====== Args={}
2025-09-28 16:55:15,441 : INFO : EventManager : Event: ======'machine_var_audits_switches_s_right_lower_pop'====== Args={'value': 328, 'prev_value': 327, 'change': 1}
2025-09-28 16:55:15,441 : INFO : EventManager : Event: ======'player_score'====== Args={'value': 41280, 'prev_value': 40170, 'change': 1110, 'player_num': 1, 'source': 'base'}
2025-09-28 16:55:15,557 : INFO : SwitchController : <<<<<<< 's_right_lower_pop' inactive >>>>>>>
2025-09-28 16:55:15,624 : INFO : SwitchController : <<<<<<< 's_right_lower_pop' active >>>>>>>
2025-09-28 16:55:15,632 : INFO : EventManager : Event: ======'s_right_lower_pop_active'====== Args={}
2025-09-28 16:55:15,633 : INFO : EventManager : Event: ======'machine_var_audits_switches_s_right_lower_pop'====== Args={'value': 329, 'prev_value': 328, 'change': 1}
2025-09-28 16:55:15,642 : INFO : EventManager : Event: ======'player_score'====== Args={'value': 42390, 'prev_value': 41280, 'change': 1110, 'player_num': 1, 'source': 'base'}
2025-09-28 16:55:15,726 : INFO : SwitchController : <<<<<<< 's_right_lower_pop' inactive >>>>>>>
2025-09-28 16:55:15,779 : INFO : SwitchController : <<<<<<< 's_right_lower_pop' active >>>>>>>
2025-09-28 16:55:15,779 : INFO : EventManager : Event: ======'s_right_lower_pop_active'====== Args={}
2025-09-28 16:55:15,779 : INFO : EventManager : Event: ======'machine_var_audits_switches_s_right_lower_pop'====== Args={'value': 330, 'prev_value': 329, 'change': 1}
2025-09-28 16:55:15,781 : INFO : EventManager : Event: ======'player_score'====== Args={'value': 43500, 'prev_value': 42390, 'change': 1110, 'player_num': 1, 'source': 'base'}
2025-09-28 16:55:15,874 : INFO : SwitchController : <<<<<<< 's_right_lower_pop' inactive >>>>>>>
2025-09-28 16:55:15,924 : INFO : SwitchController : <<<<<<< 's_right_lower_pop' active >>>>>>>
2025-09-28 16:55:15,924 : INFO : EventManager : Event: ======'s_right_lower_pop_active'====== Args={}
2025-09-28 16:55:15,924 : INFO : EventManager : Event: ======'machine_var_audits_switches_s_right_lower_pop'====== Args={'value': 331, 'prev_value': 330, 'change': 1}
2025-09-28 16:55:15,925 : INFO : EventManager : Event: ======'player_score'====== Args={'value': 44610, 'prev_value': 43500, 'change': 1110, 'player_num': 1, 'source': 'base'}
2025-09-28 16:55:16,040 : INFO : SwitchController : <<<<<<< 's_right_lower_pop' inactive >>>>>>>
2025-09-28 16:55:18,156 : INFO : Machine : Shutting down...
2025-09-28 16:55:18,156 : INFO : EventManager : Event: ======'shutdown'====== Args={}
2025-09-28 16:55:18,158 : INFO : EventManager : Event: ======'mode_game_will_stop'====== Args={}
2025-09-28 16:55:18,158 : INFO : EventManager : Event: ======'mode_game_stopping'====== Args={}
2025-09-28 16:55:18,159 : INFO : EventManager : Event: ======'mode_carousel_will_stop'====== Args={}
2025-09-28 16:55:18,159 : INFO : EventManager : Event: ======'mode_carousel_stopping'====== Args={}
2025-09-28 16:55:18,159 : INFO : EventManager : Event: ======'mode_base_will_stop'====== Args={}
2025-09-28 16:55:18,159 : INFO : EventManager : Event: ======'mode_base_stopping'====== Args={}
2025-09-28 16:55:18,159 : INFO : Mode.base : Stopped.
2025-09-28 16:55:18,159 : INFO : EventManager : Event: ======'modes_active_modes_changed'====== Args={}
2025-09-28 16:55:18,160 : INFO : EventManager : Event: ======'mode_base_stopped'====== Args={}
2025-09-28 16:55:18,160 : INFO : EventManager : Event: ======'clear'====== Args={'key': 'base'}
2025-09-28 16:55:18,161 : INFO : Mode.carousel : Stopped.
2025-09-28 16:55:18,161 : INFO : EventManager : Event: ======'modes_active_modes_changed'====== Args={}
2025-09-28 16:55:18,161 : INFO : EventManager : Event: ======'mode_carousel_stopped'====== Args={}
2025-09-28 16:55:18,161 : INFO : EventManager : Event: ======'clear'====== Args={'key': 'carousel'}
2025-09-28 16:55:18,161 : INFO : Mode.game : Stopped.
2025-09-28 16:55:18,161 : INFO : EventManager : Event: ======'modes_active_modes_changed'====== Args={}
2025-09-28 16:55:18,162 : INFO : EventManager : Event: ======'mode_game_stopped'====== Args={}
2025-09-28 16:55:18,162 : INFO : EventManager : Event: ======'clear'====== Args={'key': 'game'}
2025-09-28 16:55:18,164 : INFO : root : MPF run loop ended.
