2025-09-19 09:04:21,040 : kivy : deps: Successfully imported "kivy_deps.gstreamer" 0.3.3
2025-09-19 09:04:21,041 : kivy : deps: Successfully imported "kivy_deps.angle" 0.3.3
2025-09-19 09:04:21,041 : kivy : deps: Successfully imported "kivy_deps.glew" 0.3.1
2025-09-19 09:04:21,041 : kivy : deps: Successfully imported "kivy_deps.sdl2" 0.6.0
2025-09-19 09:04:21,041 : kivy : Kivy: v2.2.1
2025-09-19 09:04:21,041 : kivy : Kivy: Installed at "c:\venv\mpf\lib\site-packages\kivy\__init__.py"
2025-09-19 09:04:21,041 : kivy : Python: v3.9.13 (tags/v3.9.13:6de2ca5, May 17 2022, 16:36:42) [MSC v.1929 64 bit (AMD64)]
2025-09-19 09:04:21,042 : kivy : Python: Interpreter at "c:\venv\mpf\Scripts\python.exe"
2025-09-19 09:04:21,087 : kivy : Factory: 190 symbols loaded
2025-09-19 09:04:21,400 : kivy : ImageLoaderFFPy: Using ffpyplayer 4.5.1
2025-09-19 09:04:21,401 : kivy : Image: Providers: img_tex, img_dds, img_sdl2, img_pil, img_ffpyplayer 
2025-09-19 09:04:21,614 : kivy : VideoGstplayer: Using Gstreamer 1.18.5.0
2025-09-19 09:04:21,614 : kivy : Video: Provider: gstplayer
2025-09-19 09:04:21,687 : root : Loading MPF-MC controller
2025-09-19 09:04:21,690 : YamlMultifileConfigLoader : Machine config file #1: config
2025-09-19 09:04:21,690 : ConfigProcessor : Config file in cache changed: C:\venv\mpf\soultrain\config\config
2025-09-19 09:04:21,690 : ConfigProcessor : Loading config from file c:\venv\mpf\lib\site-packages\mpfmc\mcconfig.yaml.
2025-09-19 09:04:21,696 : ConfigProcessor : Loading config: c:\venv\mpf\lib\site-packages\mpfmc\mcconfig.yaml
2025-09-19 09:04:21,696 : ConfigProcessor : Loading config from file C:\venv\mpf\soultrain\config\config.
2025-09-19 09:04:21,698 : ConfigProcessor : Loading config: C:\venv\mpf\soultrain\config\config
2025-09-19 09:04:21,700 : ConfigProcessor : Loading config: C:\venv\mpf\soultrain\config\coils.yaml
2025-09-19 09:04:21,702 : ConfigProcessor : Loading config: C:\venv\mpf\soultrain\config\switches.yaml
2025-09-19 09:04:21,703 : ConfigProcessor : Loading config: C:\venv\mpf\soultrain\config\multiball.yaml
2025-09-19 09:04:21,704 : ConfigProcessor : Config file cache created: C:\Users\sdona\AppData\Local\Temp\d1c76a6711522dcfe5a45e149ba5eb45.mpf_cache
2025-09-19 09:04:21,705 : ConfigProcessor : Loading config from cache: C:\Users\sdona\AppData\Local\Temp\e94a3f920a4b4ef5386ff9f8a570c7d8.mpf_cache
2025-09-19 09:04:21,706 : ConfigProcessor : Loading config from cache: C:\Users\sdona\AppData\Local\Temp\9b0a7575388f9d9bd2f6ab87bf9fd2f7.mpf_cache
2025-09-19 09:04:21,706 : ConfigProcessor : Loading config from cache: C:\Users\sdona\AppData\Local\Temp\fd71bac5babd3012ed21bb0ff55b9bb2.mpf_cache
2025-09-19 09:04:21,707 : ConfigProcessor : Loading config from cache: C:\Users\sdona\AppData\Local\Temp\e94a3f920a4b4ef5386ff9f8a570c7d8.mpf_cache
2025-09-19 09:04:21,707 : mpfmc : Mission Pinball Framework Media Controller (MPF-MC) v0.57.1. Requires MPF v0.57.0 or newer.
2025-09-19 09:04:21,707 : mpfmc : Found MPF v0.57.3
2025-09-19 09:04:21,707 : mpfmc : Machine path: C:\venv\mpf\soultrain
2025-09-19 09:04:21,708 : mpfmc : Starting clock at 60.0Hz
2025-09-19 09:04:21,738 : kivy : Text: Provider: sdl2
2025-09-19 09:04:21,780 : kivy : Window: Provider: sdl2
2025-09-19 09:04:22,108 : kivy : GL: Using the "OpenGL" graphics system
2025-09-19 09:04:22,119 : kivy : GL: GLEW initialization succeeded
2025-09-19 09:04:22,119 : kivy : GL: Backend used <glew>
2025-09-19 09:04:22,119 : kivy : GL: OpenGL version <b'4.6.0 Compatibility Profile Context 25.9.1.250822'>
2025-09-19 09:04:22,119 : kivy : GL: OpenGL vendor <b'ATI Technologies Inc.'>
2025-09-19 09:04:22,120 : kivy : GL: OpenGL renderer <b'AMD Radeon(TM) Graphics'>
2025-09-19 09:04:22,120 : kivy : GL: OpenGL parsed version: 4, 6
2025-09-19 09:04:22,120 : kivy : GL: Shading version <b'4.60'>
2025-09-19 09:04:22,120 : kivy : GL: Texture max size <16384>
2025-09-19 09:04:22,120 : kivy : GL: Texture max units <32>
2025-09-19 09:04:22,245 : kivy : Window: auto add sdl2 input provider
2025-09-19 09:04:22,246 : kivy : Window: virtual keyboard not allowed, single mode, not docked
2025-09-19 09:04:22,262 : SoundSystem : SoundSystem: Using default 'sound_system' settings
2025-09-19 09:04:25,403 : AudioInterface : Initialized
2025-09-19 09:04:25,403 : AudioInterface : Loaded SDL 2.26.4
2025-09-19 09:04:25,403 : AudioInterface : Loaded SDL_Mixer 2.6.3
2025-09-19 09:04:25,403 : AudioInterface : Loaded GStreamer 1.18.5.0
2025-09-19 09:04:25,403 : AudioInterface : Loaded GLib 2.62.6
2025-09-19 09:04:25,403 : AudioInterface : Settings requested - rate: 44100, channels: 1, buffer: 2048 samples
2025-09-19 09:04:25,403 : AudioInterface : Settings in use - rate: 44100, channels: 1, buffer: 2048 samples (4096 bytes @ 2 bytes per sample)
2025-09-19 09:04:25,403 : SoundSystem : No audio tracks are specified in your machine config file. a track named 'default' has been created.
2025-09-19 09:04:25,403 : SoundSystem : Setting master volume to 0.0
2025-09-19 09:04:25,403 : AudioInterface : Enabling audio playback
2025-09-19 09:04:25,406 : kivy : Base: Start application main loop
2025-09-19 09:04:25,406 : EventManager : Event: ======'display_window_initialized'====== Args={}
2025-09-19 09:04:25,421 : mpfmc : Display: Setting 'window' as default display
2025-09-19 09:04:25,428 : mpfmc : ASPECT RATIO MISMATCH: The on-screen window is not the same aspect ratio as the display called 'window'. The logical display will be scaled from 1920x1080 to the window size 1000x750, and a black bar will make up the difference
2025-09-19 09:04:25,430 : EventManager : Event: ======'displays_initialized'====== Args={}
2025-09-19 09:04:25,431 : EventManager : Event: ======'slide_window_blank_created'====== Args={}
2025-09-19 09:04:25,431 : EventManager : Event: ======'display_window_ready'====== Args={}
2025-09-19 09:04:25,440 : EventManager : Event: ======'init_phase_1'====== Args={}
2025-09-19 09:04:25,443 : EventManager : Event: ======'mc_ready'====== Args={}
2025-09-19 09:04:25,443 : EventManager : Event: ======'init_phase_2'====== Args={}
2025-09-19 09:04:25,445 : EventManager : Event: ======'init_phase_3'====== Args={}
2025-09-19 09:04:25,446 : EventManager : Event: ======'init_phase_4'====== Args={}
2025-09-19 09:04:25,446 : EventManager : Event: ======'init_phase_5'====== Args={}
2025-09-19 09:04:27,594 : EventManager : Event: ======'loading_assets'====== Args={'total': 10, 'loaded': 1, 'remaining': 9, 'percent': 10}
2025-09-19 09:04:27,597 : AssetManager : Loading assets: 1/10 (10%)
2025-09-19 09:04:28,662 : EventManager : Event: ======'loading_assets'====== Args={'total': 10, 'loaded': 7, 'remaining': 3, 'percent': 70}
2025-09-19 09:04:29,110 : AssetManager : Loading assets: 7/10 (70%)
2025-09-19 09:04:29,527 : EventManager : Event: ======'loading_assets'====== Args={'total': 10, 'loaded': 10, 'remaining': 0, 'percent': 100}
2025-09-19 09:04:29,527 : AssetManager : Asset loading took: 4.123096704483032
2025-09-19 09:04:29,527 : EventManager : Event: ======'asset_loading_complete'====== Args={}
2025-09-19 09:04:29,527 : AssetManager : Loading assets: 10/10 (100%)
2025-09-19 09:04:29,527 : EventManager : Event: ======'init_done'====== Args={}
2025-09-19 09:04:29,528 : MPF-MC BCP Server : Starting up on localhost port 5050
2025-09-19 09:04:29,534 : MPF-MC BCP Server : Waiting for a connection...
2025-09-19 09:04:29,538 : kivy : GL: NPOT texture support is available
2025-09-19 09:04:29,539 : EventManager : Event: ======'slide_welcome_slide_created'====== Args={}
2025-09-19 09:04:29,539 : EventManager : Event: ======'slide_welcome_slide_active'====== Args={}
2025-09-19 09:04:29,543 : EventManager : Event: ======'client_disconnected'====== Args={'host': '127.0.0.1', 'port': 5050}
2025-09-19 09:04:39,516 : kivy : Base: Leaving application in progress...
2025-09-19 09:04:39,689 : mpfmc : Stopping...
2025-09-19 09:04:39,690 : EventManager : Event: ======'shutdown'====== Args={}
2025-09-19 09:04:39,690 : AudioInterface : Disabling audio playback
2025-09-19 09:04:39,690 : mpfmc : Loop rate 52.36 Hz
2025-09-19 09:04:39,690 : root : MC run loop ended.
2025-09-19 09:04:39,690 : root : Stopping child threads... (3 remaining)
2025-09-19 09:04:40,539 : MPF-MC BCP Server : Stopping BCP listener thread
2025-09-19 09:04:40,539 : MPF-MC BCP Server : Stopping BCP sending thread
2025-09-19 09:04:40,594 : root : All child threads stopped.
