2025-09-25 17:40:41,958 : INFO : root : Loading config.
2025-09-25 17:40:41,963 : INFO : YamlMultifileConfigLoader : Machine config file #1: config.yaml
2025-09-25 17:40:41,964 : INFO : ConfigProcessor : Loading config from cache: C:\Users\sdona\AppData\Local\Temp\19f6d0d7953982fda9d956182316b8e5.mpf_cache
2025-09-25 17:40:42,091 : INFO : ConfigProcessor : Loading config from cache: C:\Users\sdona\AppData\Local\Temp\835b5bfea4be8b279a05e96caaaffbbb.mpf_cache
2025-09-25 17:40:42,092 : INFO : ConfigProcessor : Loading config from cache: C:\Users\sdona\AppData\Local\Temp\9b0a7575388f9d9bd2f6ab87bf9fd2f7.mpf_cache
2025-09-25 17:40:42,093 : INFO : ConfigProcessor : Loading config from cache: C:\Users\sdona\AppData\Local\Temp\c340ec0033d1055cd797ffd5447ef414.mpf_cache
2025-09-25 17:40:42,094 : INFO : ConfigProcessor : Loading config from cache: C:\Users\sdona\AppData\Local\Temp\835b5bfea4be8b279a05e96caaaffbbb.mpf_cache
2025-09-25 17:40:42,095 : INFO : Machine : Mission Pinball Framework Core Engine v0.80.0.dev9
2025-09-25 17:40:42,095 : INFO : Machine : Command line arguments: {'no_load_cache': False, 'create_config_cache': True, 'bcp': True, 'configfile': ['config.yaml'], 'force_assets_load': False, 'platform_integration_test': False, 'jsonlogging': False, 'logfile': 'logs\\2025-09-25-17-40-41-mpf-PinballLaptop.log', 'pause': False, 'production': False, 'text_ui': True, 'loglevel': 15, 'consoleloglevel': 20, 'force_platform': 'smart_virtual', 'syslog_address': None, 'full_logfile_path': 'C:\\venv\\mpf\\mmmdrop\\logs\\2025-09-25-17-40-41-mpf-PinballLaptop.log'}
2025-09-25 17:40:42,095 : INFO : Machine : MPF path: c:\venv\mpf\lib\site-packages\mpf
2025-09-25 17:40:42,095 : INFO : Machine : Machine path: C:\venv\mpf\mmmdrop
2025-09-25 17:40:42,095 : INFO : Machine : Platform: win32
2025-09-25 17:40:42,095 : INFO : Machine : Python executable location: c:\venv\mpf\Scripts\python.exe
2025-09-25 17:40:42,095 : INFO : Machine : Python version: 3.9.13 (64-bit)
2025-09-25 17:40:42,097 : INFO : Machine : Initializing MPF...
2025-09-25 17:40:42,314 : INFO : EventManager : Event: ======'machine_var_credits_string'====== Args={'value': 'FREE PLAY', 'prev_value': None, 'change': True}
2025-09-25 17:40:42,346 : INFO : EventManager : Event: ======'machine_var_fast_audio_headphones_volume'====== Args={'value': 10, 'prev_value': None, 'change': True}
2025-09-25 17:40:42,346 : INFO : EventManager : Event: ======'machine_var_fast_audio_main_volume'====== Args={'value': 44, 'prev_value': None, 'change': True}
2025-09-25 17:40:42,346 : INFO : EventManager : Event: ======'machine_var_master_volume'====== Args={'value': 0.15, 'prev_value': None, 'change': True}
2025-09-25 17:40:42,346 : INFO : EventManager : Event: ======'machine_var_player1_score'====== Args={'value': 140190, 'prev_value': None, 'change': True}
2025-09-25 17:40:42,347 : INFO : EventManager : Event: ======'machine_var_mpf_version'====== Args={'value': 'Mission Pinball Framework v0.80.0.dev9', 'prev_value': None, 'change': True}
2025-09-25 17:40:42,347 : INFO : EventManager : Event: ======'machine_var_mpf_extended_version'====== Args={'value': 'Mission Pinball Framework v0.80.0.dev9, Config version:6, Show version: 6, BCP version:1.1', 'prev_value': None, 'change': True}
2025-09-25 17:40:42,347 : INFO : EventManager : Event: ======'machine_var_python_version'====== Args={'value': '3.9.13', 'prev_value': None, 'change': True}
2025-09-25 17:40:42,393 : INFO : EventManager : Event: ======'machine_var_platform'====== Args={'value': 'Windows-10-10.0.26100-SP0', 'prev_value': None, 'change': True}
2025-09-25 17:40:42,393 : INFO : EventManager : Event: ======'machine_var_platform_system'====== Args={'value': 'Windows', 'prev_value': None, 'change': True}
2025-09-25 17:40:42,393 : INFO : EventManager : Event: ======'machine_var_platform_release'====== Args={'value': '10', 'prev_value': None, 'change': True}
2025-09-25 17:40:42,393 : INFO : EventManager : Event: ======'machine_var_platform_version'====== Args={'value': '10.0.26100', 'prev_value': None, 'change': True}
2025-09-25 17:40:42,393 : INFO : EventManager : Event: ======'machine_var_platform_machine'====== Args={'value': 'AMD64', 'prev_value': None, 'change': True}
2025-09-25 17:40:42,393 : INFO : EventManager : Event: ======'machine_var_log_file_path'====== Args={'value': 'C:\\venv\\mpf\\mmmdrop\\logs\\2025-09-25-17-40-41-mpf-PinballLaptop.log', 'prev_value': None, 'change': True}
2025-09-25 17:40:42,393 : INFO : EventManager : Event: ======'init_phase_1'====== Args={}
2025-09-25 17:40:42,415 : INFO : EventManager : Event: ======'drop_target_bank_three_bank_up'====== Args={}
2025-09-25 17:40:42,415 : INFO : EventManager : Event: ======'init_phase_2'====== Args={}
2025-09-25 17:40:42,416 : INFO : SwitchController : Found active switch: ('3208-0', <Platform.SmartVirtual>) <switch.s_trough1>
2025-09-25 17:40:42,416 : INFO : SwitchController : Found active switch: ('3208-1', <Platform.SmartVirtual>) <switch.s_trough2>
2025-09-25 17:40:42,416 : INFO : SwitchController : Found active switch: ('3208-2', <Platform.SmartVirtual>) <switch.s_trough3>
2025-09-25 17:40:42,416 : INFO : SwitchController : Found active switch: ('3208-3', <Platform.SmartVirtual>) <switch.s_trough4>
2025-09-25 17:40:42,416 : INFO : SwitchController : Found active switch: ('3208-4', <Platform.SmartVirtual>) <switch.s_trough5>
2025-09-25 17:40:42,416 : INFO : SwitchController : Found active switch: ('3208-5', <Platform.SmartVirtual>) <switch.s_trough6>
2025-09-25 17:40:42,419 : INFO : EventManager : Event: ======'bcp_connection_attempt'====== Args={'name': 'local_display', 'host': 'localhost', 'port': 5050}
2025-09-25 17:40:42,421 : INFO : BCPClientSocket : Connecting BCP to 'local_display' at localhost:5050...
2025-09-25 17:40:47,634 : INFO : BCPClientSocket : Connected BCP to 'local_display' localhost:5050
2025-09-25 17:40:47,635 : INFO : EventManager : Event: ======'bcp_clients_connected'====== Args={}
2025-09-25 17:40:47,765 : INFO : ball_device.bd_trough : BCH: Initial count: 6
2025-09-25 17:40:47,766 : INFO : ball_device.bd_trough : State: idle
2025-09-25 17:40:47,766 : INFO : ball_device.bd_plunger : BCH: Initial count: 0
2025-09-25 17:40:47,767 : INFO : ball_device.bd_plunger : State: idle
2025-09-25 17:40:47,768 : INFO : ball_device.bd_scoop : BCH: Initial count: 0
2025-09-25 17:40:47,768 : INFO : ball_device.bd_scoop : State: idle
2025-09-25 17:40:47,788 : INFO : EventManager : Event: ======'init_phase_3'====== Args={}
2025-09-25 17:40:47,791 : INFO : EventManager : Event: ======'init_phase_4'====== Args={}
2025-09-25 17:40:47,791 : INFO : BallController : Initial balls found: 6
2025-09-25 17:40:47,793 : INFO : EventManager : Event: ======'machine_var_audits_events_game_ended'====== Args={'value': 36, 'prev_value': None, 'change': True}
2025-09-25 17:40:47,793 : INFO : EventManager : Event: ======'machine_var_audits_events_game_started'====== Args={'value': 115, 'prev_value': None, 'change': True}
2025-09-25 17:40:47,793 : INFO : EventManager : Event: ======'machine_var_audits_missing_switches_s_captive_ball'====== Args={'value': 41, 'prev_value': None, 'change': True}
2025-09-25 17:40:47,793 : INFO : EventManager : Event: ======'machine_var_audits_missing_switches_s_center_upper_pop'====== Args={'value': 41, 'prev_value': None, 'change': True}
2025-09-25 17:40:47,794 : INFO : EventManager : Event: ======'machine_var_audits_missing_switches_s_inner_orbit'====== Args={'value': 41, 'prev_value': None, 'change': True}
2025-09-25 17:40:47,794 : INFO : EventManager : Event: ======'machine_var_audits_missing_switches_s_left_flipper'====== Args={'value': 41, 'prev_value': None, 'change': True}
2025-09-25 17:40:47,794 : INFO : EventManager : Event: ======'machine_var_audits_missing_switches_s_left_inlane'====== Args={'value': 41, 'prev_value': None, 'change': True}
2025-09-25 17:40:47,794 : INFO : EventManager : Event: ======'machine_var_audits_missing_switches_s_left_orbit'====== Args={'value': 41, 'prev_value': None, 'change': True}
2025-09-25 17:40:47,794 : INFO : EventManager : Event: ======'machine_var_audits_missing_switches_s_left_outlane'====== Args={'value': 41, 'prev_value': None, 'change': True}
2025-09-25 17:40:47,794 : INFO : EventManager : Event: ======'machine_var_audits_missing_switches_s_left_ramp'====== Args={'value': 41, 'prev_value': None, 'change': True}
2025-09-25 17:40:47,794 : INFO : EventManager : Event: ======'machine_var_audits_missing_switches_s_left_slingshot'====== Args={'value': 41, 'prev_value': None, 'change': True}
2025-09-25 17:40:47,795 : INFO : EventManager : Event: ======'machine_var_audits_missing_switches_s_left_upper_pop'====== Args={'value': 41, 'prev_value': None, 'change': True}
2025-09-25 17:40:47,795 : INFO : EventManager : Event: ======'machine_var_audits_missing_switches_s_pop_standup'====== Args={'value': 41, 'prev_value': None, 'change': True}
2025-09-25 17:40:47,795 : INFO : EventManager : Event: ======'machine_var_audits_missing_switches_s_right_flipper'====== Args={'value': 41, 'prev_value': None, 'change': True}
2025-09-25 17:40:47,795 : INFO : EventManager : Event: ======'machine_var_audits_missing_switches_s_right_inlane'====== Args={'value': 41, 'prev_value': None, 'change': True}
2025-09-25 17:40:47,795 : INFO : EventManager : Event: ======'machine_var_audits_missing_switches_s_right_lower_pop'====== Args={'value': 1, 'prev_value': None, 'change': True}
2025-09-25 17:40:47,795 : INFO : EventManager : Event: ======'machine_var_audits_missing_switches_s_right_orbit'====== Args={'value': 41, 'prev_value': None, 'change': True}
2025-09-25 17:40:47,795 : INFO : EventManager : Event: ======'machine_var_audits_missing_switches_s_right_outlane'====== Args={'value': 41, 'prev_value': None, 'change': True}
2025-09-25 17:40:47,795 : INFO : EventManager : Event: ======'machine_var_audits_missing_switches_s_right_ramp'====== Args={'value': 41, 'prev_value': None, 'change': True}
2025-09-25 17:40:47,796 : INFO : EventManager : Event: ======'machine_var_audits_missing_switches_s_right_slingshot'====== Args={'value': 41, 'prev_value': None, 'change': True}
2025-09-25 17:40:47,796 : INFO : EventManager : Event: ======'machine_var_audits_missing_switches_s_scoop'====== Args={'value': 9, 'prev_value': None, 'change': True}
2025-09-25 17:40:47,796 : INFO : EventManager : Event: ======'machine_var_audits_missing_switches_s_spinner'====== Args={'value': 41, 'prev_value': None, 'change': True}
2025-09-25 17:40:47,796 : INFO : EventManager : Event: ======'machine_var_audits_missing_switches_s_start'====== Args={'value': 9, 'prev_value': None, 'change': True}
2025-09-25 17:40:47,796 : INFO : EventManager : Event: ======'machine_var_audits_missing_switches_s_three_bank_bottom'====== Args={'value': 2, 'prev_value': None, 'change': True}
2025-09-25 17:40:47,796 : INFO : EventManager : Event: ======'machine_var_audits_missing_switches_s_three_bank_middle'====== Args={'value': 2, 'prev_value': None, 'change': True}
2025-09-25 17:40:47,796 : INFO : EventManager : Event: ======'machine_var_audits_missing_switches_s_three_bank_standup'====== Args={'value': 6, 'prev_value': None, 'change': True}
2025-09-25 17:40:47,796 : INFO : EventManager : Event: ======'machine_var_audits_missing_switches_s_three_bank_top'====== Args={'value': 2, 'prev_value': None, 'change': True}
2025-09-25 17:40:47,796 : INFO : EventManager : Event: ======'machine_var_audits_missing_switches_s_tilt_bob'====== Args={'value': 49, 'prev_value': None, 'change': True}
2025-09-25 17:40:47,797 : INFO : EventManager : Event: ======'machine_var_audits_missing_switches_s_top_right_flipper'====== Args={'value': 41, 'prev_value': None, 'change': True}
2025-09-25 17:40:47,797 : INFO : EventManager : Event: ======'machine_var_audits_missing_switches_s_trough1'====== Args={'value': 1, 'prev_value': None, 'change': True}
2025-09-25 17:40:47,797 : INFO : EventManager : Event: ======'machine_var_audits_missing_switches_s_trough2'====== Args={'value': 40, 'prev_value': None, 'change': True}
2025-09-25 17:40:47,797 : INFO : EventManager : Event: ======'machine_var_audits_missing_switches_s_trough3'====== Args={'value': 40, 'prev_value': None, 'change': True}
2025-09-25 17:40:47,797 : INFO : EventManager : Event: ======'machine_var_audits_missing_switches_s_trough4'====== Args={'value': 40, 'prev_value': None, 'change': True}
2025-09-25 17:40:47,797 : INFO : EventManager : Event: ======'machine_var_audits_missing_switches_s_trough5'====== Args={'value': 40, 'prev_value': None, 'change': True}
2025-09-25 17:40:47,797 : INFO : EventManager : Event: ======'machine_var_audits_missing_switches_s_trough6'====== Args={'value': 41, 'prev_value': None, 'change': True}
2025-09-25 17:40:47,798 : INFO : EventManager : Event: ======'machine_var_audits_missing_switches_s_trough_jam'====== Args={'value': 41, 'prev_value': None, 'change': True}
2025-09-25 17:40:47,798 : INFO : EventManager : Event: ======'machine_var_audits_missing_switches_s_tshirt_bottom_standup'====== Args={'value': 41, 'prev_value': None, 'change': True}
2025-09-25 17:40:47,798 : INFO : EventManager : Event: ======'machine_var_audits_missing_switches_s_tshirt_top_standup'====== Args={'value': 41, 'prev_value': None, 'change': True}
2025-09-25 17:40:47,798 : INFO : EventManager : Event: ======'machine_var_audits_missing_switches_s_upper_pop_standup'====== Args={'value': 41, 'prev_value': None, 'change': True}
2025-09-25 17:40:47,798 : INFO : EventManager : Event: ======'machine_var_audits_player_score'====== Args={'value': {'average': 16766, 'top': [140190, 55679, 54526, 46225, 25350, 24166, 23278, 22740, 20422, 20201], 'total': 37}, 'prev_value': None, 'change': True}
2025-09-25 17:40:47,798 : INFO : EventManager : Event: ======'machine_var_audits_shots_skill_captive'====== Args={'value': 16, 'prev_value': None, 'change': True}
2025-09-25 17:40:47,798 : INFO : EventManager : Event: ======'machine_var_audits_switches_s_captive_ball'====== Args={'value': 158, 'prev_value': None, 'change': True}
2025-09-25 17:40:47,798 : INFO : EventManager : Event: ======'machine_var_audits_switches_s_center_upper_pop'====== Args={'value': 182, 'prev_value': None, 'change': True}
2025-09-25 17:40:47,799 : INFO : EventManager : Event: ======'machine_var_audits_switches_s_inner_orbit'====== Args={'value': 0, 'prev_value': None, 'change': True}
2025-09-25 17:40:47,799 : INFO : EventManager : Event: ======'machine_var_audits_switches_s_left_flipper'====== Args={'value': 1240, 'prev_value': None, 'change': True}
2025-09-25 17:40:47,799 : INFO : EventManager : Event: ======'machine_var_audits_switches_s_left_inlane'====== Args={'value': 107, 'prev_value': None, 'change': True}
2025-09-25 17:40:47,799 : INFO : EventManager : Event: ======'machine_var_audits_switches_s_left_orbit'====== Args={'value': 0, 'prev_value': None, 'change': True}
2025-09-25 17:40:47,799 : INFO : EventManager : Event: ======'machine_var_audits_switches_s_left_outlane'====== Args={'value': 53, 'prev_value': None, 'change': True}
2025-09-25 17:40:47,799 : INFO : EventManager : Event: ======'machine_var_audits_switches_s_left_ramp'====== Args={'value': 0, 'prev_value': None, 'change': True}
2025-09-25 17:40:47,799 : INFO : EventManager : Event: ======'machine_var_audits_switches_s_left_slingshot'====== Args={'value': 259, 'prev_value': None, 'change': True}
2025-09-25 17:40:47,799 : INFO : EventManager : Event: ======'machine_var_audits_switches_s_left_upper_pop'====== Args={'value': 139, 'prev_value': None, 'change': True}
2025-09-25 17:40:47,800 : INFO : EventManager : Event: ======'machine_var_audits_switches_s_plunger'====== Args={'value': 509, 'prev_value': None, 'change': True}
2025-09-25 17:40:47,800 : INFO : EventManager : Event: ======'machine_var_audits_switches_s_pop_standup'====== Args={'value': 48, 'prev_value': None, 'change': True}
2025-09-25 17:40:47,801 : INFO : EventManager : Event: ======'machine_var_audits_switches_s_right_flipper'====== Args={'value': 1509, 'prev_value': None, 'change': True}
2025-09-25 17:40:47,801 : INFO : EventManager : Event: ======'machine_var_audits_switches_s_right_inlane'====== Args={'value': 104, 'prev_value': None, 'change': True}
2025-09-25 17:40:47,801 : INFO : EventManager : Event: ======'machine_var_audits_switches_s_right_lower_pop'====== Args={'value': 304, 'prev_value': None, 'change': True}
2025-09-25 17:40:47,801 : INFO : EventManager : Event: ======'machine_var_audits_switches_s_right_orbit'====== Args={'value': 0, 'prev_value': None, 'change': True}
2025-09-25 17:40:47,801 : INFO : EventManager : Event: ======'machine_var_audits_switches_s_right_outlane'====== Args={'value': 51, 'prev_value': None, 'change': True}
2025-09-25 17:40:47,801 : INFO : EventManager : Event: ======'machine_var_audits_switches_s_right_ramp'====== Args={'value': 0, 'prev_value': None, 'change': True}
2025-09-25 17:40:47,801 : INFO : EventManager : Event: ======'machine_var_audits_switches_s_right_slingshot'====== Args={'value': 365, 'prev_value': None, 'change': True}
2025-09-25 17:40:47,802 : INFO : EventManager : Event: ======'machine_var_audits_switches_s_scoop'====== Args={'value': 91, 'prev_value': None, 'change': True}
2025-09-25 17:40:47,802 : INFO : EventManager : Event: ======'machine_var_audits_switches_s_spinner'====== Args={'value': 1364, 'prev_value': None, 'change': True}
2025-09-25 17:40:47,802 : INFO : EventManager : Event: ======'machine_var_audits_switches_s_start'====== Args={'value': 49, 'prev_value': None, 'change': True}
2025-09-25 17:40:47,802 : INFO : EventManager : Event: ======'machine_var_audits_switches_s_three_bank_bottom'====== Args={'value': 89, 'prev_value': None, 'change': True}
2025-09-25 17:40:47,802 : INFO : EventManager : Event: ======'machine_var_audits_switches_s_three_bank_middle'====== Args={'value': 86, 'prev_value': None, 'change': True}
2025-09-25 17:40:47,802 : INFO : EventManager : Event: ======'machine_var_audits_switches_s_three_bank_standup'====== Args={'value': 76, 'prev_value': None, 'change': True}
2025-09-25 17:40:47,802 : INFO : EventManager : Event: ======'machine_var_audits_switches_s_three_bank_top'====== Args={'value': 80, 'prev_value': None, 'change': True}
2025-09-25 17:40:47,802 : INFO : EventManager : Event: ======'machine_var_audits_switches_s_tilt_bob'====== Args={'value': 21, 'prev_value': None, 'change': True}
2025-09-25 17:40:47,802 : INFO : EventManager : Event: ======'machine_var_audits_switches_s_top_right_flipper'====== Args={'value': 1294, 'prev_value': None, 'change': True}
2025-09-25 17:40:47,802 : INFO : EventManager : Event: ======'machine_var_audits_switches_s_trough1'====== Args={'value': 239, 'prev_value': None, 'change': True}
2025-09-25 17:40:47,803 : INFO : EventManager : Event: ======'machine_var_audits_switches_s_trough2'====== Args={'value': 248, 'prev_value': None, 'change': True}
2025-09-25 17:40:47,803 : INFO : EventManager : Event: ======'machine_var_audits_switches_s_trough3'====== Args={'value': 178, 'prev_value': None, 'change': True}
2025-09-25 17:40:47,803 : INFO : EventManager : Event: ======'machine_var_audits_switches_s_trough4'====== Args={'value': 160, 'prev_value': None, 'change': True}
2025-09-25 17:40:47,803 : INFO : EventManager : Event: ======'machine_var_audits_switches_s_trough5'====== Args={'value': 160, 'prev_value': None, 'change': True}
2025-09-25 17:40:47,803 : INFO : EventManager : Event: ======'machine_var_audits_switches_s_trough6'====== Args={'value': 158, 'prev_value': None, 'change': True}
2025-09-25 17:40:47,803 : INFO : EventManager : Event: ======'machine_var_audits_switches_s_trough_jam'====== Args={'value': 206, 'prev_value': None, 'change': True}
2025-09-25 17:40:47,803 : INFO : EventManager : Event: ======'machine_var_audits_switches_s_tshirt_bottom_standup'====== Args={'value': 28, 'prev_value': None, 'change': True}
2025-09-25 17:40:47,803 : INFO : EventManager : Event: ======'machine_var_audits_switches_s_tshirt_top_standup'====== Args={'value': 33, 'prev_value': None, 'change': True}
2025-09-25 17:40:47,803 : INFO : EventManager : Event: ======'machine_var_audits_switches_s_upper_pop_standup'====== Args={'value': 158, 'prev_value': None, 'change': True}
2025-09-25 17:40:47,804 : INFO : EventManager : Event: ======'init_phase_5'====== Args={}
2025-09-25 17:40:47,871 : INFO : EventManager : Event: ======'init_done'====== Args={}
2025-09-25 17:40:47,871 : INFO : EventManager : Event: ======'machine_reset_phase_1'====== Args={}
2025-09-25 17:40:47,882 : INFO : EventManager : Event: ======'machine_reset_phase_2'====== Args={}
2025-09-25 17:40:47,882 : INFO : EventManager : Event: ======'machine_reset_phase_3'====== Args={}
2025-09-25 17:40:47,882 : INFO : drop_target_bank.three_bank : All targets are already up. Will not reset bank.
2025-09-25 17:40:47,882 : INFO : EventManager : Event: ======'reset_complete'====== Args={}
2025-09-25 17:40:47,882 : INFO : EventManager : Event: ======'mode_attract_will_start'====== Args={}
2025-09-25 17:40:47,884 : INFO : EventManager : Event: ======'mode_attract_starting'====== Args={}
2025-09-25 17:40:47,884 : INFO : Mode.attract : Started. Priority: 10
2025-09-25 17:40:47,884 : INFO : EventManager : Event: ======'modes_active_modes_changed'====== Args={}
2025-09-25 17:40:47,884 : INFO : EventManager : Event: ======'mode_attract_started'====== Args={}
2025-09-25 17:40:47,885 : INFO : EventManager : Event: ======'collecting_balls_complete'====== Args={}
2025-09-25 17:40:47,902 : INFO : EventManager : Event: ======'slide_loading_created'====== Args={'_from_bcp': True}
2025-09-25 17:40:47,902 : INFO : EventManager : Event: ======'slide__removed'====== Args={'_from_bcp': True}
2025-09-25 17:40:47,902 : INFO : EventManager : Event: ======'slide_loading_active'====== Args={'original_context': '_global', 'original_calling_context': 'init_done', 'priority': 0.0, 'cmd': 'slides_play', '_from_bcp': True}
2025-09-25 17:40:47,902 : INFO : Machine : Starting the main run loop with active modes: [<Mode.attract>]
2025-09-25 17:40:47,923 : INFO : EventManager : Event: ======'slide_attract_created'====== Args={'_from_bcp': True}
2025-09-25 17:40:47,923 : INFO : EventManager : Event: ======'slide_loading_inactive'====== Args={'is_removing': True, '_from_bcp': True}
2025-09-25 17:40:47,923 : INFO : EventManager : Event: ======'slide_attract_active'====== Args={'original_context': 'attract', 'original_calling_context': 'mode_attract_started', 'priority': 10.0, 'cmd': 'slides_play', '_from_bcp': True}
2025-09-25 17:40:47,923 : INFO : EventManager : Event: ======'slide_loading_removed'====== Args={'_from_bcp': True}
2025-09-25 17:40:50,788 : INFO : SwitchController : <<<<<<< 's_start' active >>>>>>>
2025-09-25 17:40:51,005 : INFO : SwitchController : <<<<<<< 's_start' inactive >>>>>>>
2025-09-25 17:40:51,005 : INFO : EventManager : Event: ======'request_to_start_game'====== Args={}
2025-09-25 17:40:51,005 : INFO : EventManager : Event: ======'game_start'====== Args={'buttons': [], 'hold_time': 0.2190000000409782}
2025-09-25 17:40:51,006 : INFO : EventManager : Event: ======'mode_game_will_start'====== Args={'buttons': [], 'hold_time': 0.2190000000409782}
2025-09-25 17:40:51,006 : INFO : EventManager : Event: ======'mode_game_starting'====== Args={'buttons': [], 'hold_time': 0.2190000000409782}
2025-09-25 17:40:51,006 : INFO : EventManager : Event: ======'mode_attract_will_stop'====== Args={}
2025-09-25 17:40:51,007 : INFO : EventManager : Event: ======'mode_attract_stopping'====== Args={}
2025-09-25 17:40:51,007 : INFO : Mode.attract : Stopped.
2025-09-25 17:40:51,007 : INFO : EventManager : Event: ======'modes_active_modes_changed'====== Args={}
2025-09-25 17:40:51,008 : INFO : EventManager : Event: ======'mode_attract_stopped'====== Args={}
2025-09-25 17:40:51,008 : INFO : EventManager : Event: ======'clear'====== Args={'key': 'attract'}
2025-09-25 17:40:51,008 : INFO : Mode.game : Started. Priority: 20
2025-09-25 17:40:51,008 : INFO : EventManager : Event: ======'modes_active_modes_changed'====== Args={}
2025-09-25 17:40:51,009 : INFO : EventManager : Event: ======'mode_game_started'====== Args={'buttons': [], 'hold_time': 0.2190000000409782}
2025-09-25 17:40:51,013 : INFO : EventManager : Event: ======'game_will_start'====== Args={}
2025-09-25 17:40:51,014 : INFO : EventManager : Event: ======'game_starting'====== Args={'game': <Mode.game>}
2025-09-25 17:40:51,015 : INFO : EventManager : Unordered handler for class <Auditor> on event game_ended with priority 1. Handlers: [RegisteredHandler(callback=<bound method Auditor.disable of <Auditor>>, priority=1, kwargs={}, key=UUID('fa4f3fa4-d18a-4339-b952-1ca8708c452c'), condition=None, blocking_facility=None), RegisteredHandler(callback=<bound method Auditor._save_audits of <Auditor>>, priority=1, kwargs={}, key=UUID('42ef5778-ed23-4738-a9dd-fa5bc2588963'), condition=None, blocking_facility=None)]. The order of those handlers is not defined and they will be executed in random order. This might lead to race conditions and potential bugs.
2025-09-25 17:40:51,015 : INFO : EventManager : Event: ======'player_add_request'====== Args={}
2025-09-25 17:40:51,016 : INFO : EventManager : Event: ======'player_will_add'====== Args={'number': 1}
2025-09-25 17:40:51,016 : INFO : EventManager : Event: ======'player_adding'====== Args={'player': <Player 1>, 'number': 1}
2025-09-25 17:40:51,016 : INFO : EventManager : Event: ======'player_added'====== Args={'player': <Player 1>, 'num': 1}
2025-09-25 17:40:51,016 : INFO : Mode.game : Player added successfully. Total players: 1
2025-09-25 17:40:51,017 : INFO : EventManager : Event: ======'player_index'====== Args={'value': 0, 'prev_value': 0, 'change': 0, 'player_num': 1}
2025-09-25 17:40:51,018 : INFO : EventManager : Event: ======'player_number'====== Args={'value': 1, 'prev_value': 1, 'change': 0, 'player_num': 1}
2025-09-25 17:40:51,018 : INFO : EventManager : Event: ======'player_score'====== Args={'value': 0, 'prev_value': 0, 'change': 0, 'player_num': 1}
2025-09-25 17:40:51,019 : INFO : EventManager : Event: ======'game_started'====== Args={}
2025-09-25 17:40:51,026 : INFO : EventManager : Event: ======'player_turn_will_start'====== Args={'player': <Player 1>, 'number': 1}
2025-09-25 17:40:51,026 : INFO : EventManager : Event: ======'player_turn_starting'====== Args={'player': <Player 1>, 'number': 1}
2025-09-25 17:40:51,026 : INFO : EventManager : Event: ======'player_ball'====== Args={'value': 1, 'prev_value': 0, 'change': 1, 'player_num': 1}
2025-09-25 17:40:51,027 : INFO : EventManager : Event: ======'player_turn_started'====== Args={'player': <Player 1>, 'number': 1}
2025-09-25 17:40:51,033 : INFO : EventManager : Event: ======'ball_will_start'====== Args={'player': 1, 'ball': 1, 'balls_remaining': 2, 'is_extra_ball': False}
2025-09-25 17:40:51,036 : INFO : EventManager : Event: ======'ball_starting'====== Args={'player': 1, 'ball': 1, 'balls_remaining': 2, 'is_extra_ball': False}
2025-09-25 17:40:51,036 : INFO : EventManager : Event: ======'mode_base_will_start'====== Args={'queue': <QueuedEvent>, 'player': 1, 'ball': 1, 'balls_remaining': 2, 'is_extra_ball': False}
2025-09-25 17:40:51,039 : INFO : EventManager : Event: ======'mode_base_starting'====== Args={'queue': <QueuedEvent>, 'player': 1, 'ball': 1, 'balls_remaining': 2, 'is_extra_ball': False}
2025-09-25 17:40:51,040 : INFO : drop_target_bank.three_bank : All targets are already up. Will not reset bank.
2025-09-25 17:40:51,041 : INFO : EventManager : Event: ======'balls_in_play'====== Args={'balls': 1}
2025-09-25 17:40:51,041 : INFO : EventManager : Event: ======'ball_started'====== Args={'player': 1, 'ball': 1, 'balls_remaining': 2, 'is_extra_ball': False}
2025-09-25 17:40:51,041 : INFO : EventManager : Event: ======'logicblock_drop_target_counter_updated'====== Args={'value': 0, 'enabled': True}
2025-09-25 17:40:51,042 : INFO : EventManager : Event: ======'logicblock_drop_target_counter_updated'====== Args={'value': 0, 'enabled': True}
2025-09-25 17:40:51,042 : INFO : Mode.base : Started. Priority: 100
2025-09-25 17:40:51,042 : INFO : EventManager : Event: ======'modes_active_modes_changed'====== Args={}
2025-09-25 17:40:51,042 : INFO : EventManager : Event: ======'mode_base_started'====== Args={'queue': <QueuedEvent>, 'player': 1, 'ball': 1, 'balls_remaining': 2, 'is_extra_ball': False}
2025-09-25 17:40:51,043 : INFO : EventManager : Event: ======'ball_save_default_enabled'====== Args={}
2025-09-25 17:40:51,044 : INFO : EventManager : Event: ======'single_player_ball_started'====== Args={}
2025-09-25 17:40:51,055 : INFO : EventManager : Event: ======'ball_start_target'====== Args={'target': 'playfield'}
2025-09-25 17:40:51,055 : INFO : ball_device.bd_plunger : Setting up player-controlled eject. Balls: 1, Target: <playfield.playfield>, player_controlled_eject_event: None
2025-09-25 17:40:51,055 : INFO : EventManager : Event: ======'balldevice_balls_available'====== Args={}
2025-09-25 17:40:51,056 : INFO : ball_device.bd_trough : State: waiting_for_target_ready
2025-09-25 17:40:51,057 : INFO : EventManager : Event: ======'balldevice_bd_trough_ball_eject_attempt'====== Args={'balls': 1, 'target': <ball_device.bd_plunger>, 'source': <ball_device.bd_trough>, 'mechanical_eject': True, 'num_attempts': 0}
2025-09-25 17:40:51,058 : INFO : ball_device.bd_plunger : State: waiting_for_ball
2025-09-25 17:40:51,059 : INFO : EventManager : Event: ======'slide_base_created'====== Args={'_from_bcp': True}
2025-09-25 17:40:51,059 : INFO : ball_device.bd_trough : State: ejecting
2025-09-25 17:40:51,060 : INFO : ball_device.bd_trough : Ejecting ball to <ball_device.bd_plunger>
2025-09-25 17:40:51,060 : INFO : EventManager : Event: ======'balldevice_bd_trough_ejecting_ball'====== Args={'balls': 1, 'target': <ball_device.bd_plunger>, 'source': <ball_device.bd_trough>, 'mechanical_eject': True, 'num_attempts': 0}
2025-09-25 17:40:51,061 : INFO : ball_device.bd_trough : Wait for ball to leave device
2025-09-25 17:40:51,062 : INFO : coil.c_trough_eject : Pulsing Driver for 20ms (1.0 pulse_power)
2025-09-25 17:40:51,062 : INFO : SwitchController : <<<<<<< 's_trough1' inactive >>>>>>>
2025-09-25 17:40:51,067 : INFO : EventManager : Event: ======'slide_score_overlay_created'====== Args={'_from_bcp': True}
2025-09-25 17:40:51,067 : INFO : EventManager : Event: ======'slide_attract_inactive'====== Args={'is_removing': True, '_from_bcp': True}
2025-09-25 17:40:51,067 : INFO : EventManager : Event: ======'slide_score_overlay_active'====== Args={'original_context': 'base', 'original_calling_context': 'mode_base_started', 'priority': 100.0, 'queue': '<QueuedEvent>', 'player': 1.0, 'ball': 1.0, 'balls_remaining': 2.0, 'is_extra_ball': False, 'cmd': 'slides_play', '_from_bcp': True}
2025-09-25 17:40:51,067 : INFO : EventManager : Event: ======'slide_attract_removed'====== Args={'_from_bcp': True}
2025-09-25 17:40:51,068 : INFO : ball_device.bd_trough : State: ball_left
2025-09-25 17:40:51,068 : INFO : ball_device.bd_trough : Ball left
2025-09-25 17:40:51,068 : INFO : ball_device.bd_trough : Wait for confirm with timeout 3.0
2025-09-25 17:40:51,176 : INFO : SwitchController : <<<<<<< 's_plunger' active >>>>>>>
2025-09-25 17:40:51,176 : INFO : EventManager : Event: ======'machine_var_audits_switches_s_plunger'====== Args={'value': 510, 'prev_value': 509, 'change': 1}
2025-09-25 17:40:51,693 : INFO : ball_device.bd_plunger : Received ball from <ball_device.bd_trough>
2025-09-25 17:40:51,693 : INFO : EventManager : Event: ======'balldevice_bd_plunger_ball_enter'====== Args={'new_balls': 1, 'unclaimed_balls': 0, 'new_available_balls': 0, 'device': <ball_device.bd_plunger>}
2025-09-25 17:40:51,693 : INFO : EventManager : Event: ======'balldevice_bd_plunger_ball_entered'====== Args={'new_balls': 0, 'device': <ball_device.bd_plunger>}
2025-09-25 17:40:51,693 : INFO : EventManager : Event: ======'balldevice_bd_plunger_ball_count_changed'====== Args={'balls': 1}
2025-09-25 17:40:51,693 : INFO : ball_device.bd_trough : Got eject confirm
2025-09-25 17:40:51,694 : INFO : ball_device.bd_trough : Eject successful
2025-09-25 17:40:51,694 : INFO : EventManager : Event: ======'balldevice_bd_trough_ball_eject_success'====== Args={'balls': 1, 'target': <ball_device.bd_plunger>}
2025-09-25 17:40:51,694 : INFO : ball_device.bd_plunger : State: waiting_for_target_ready
2025-09-25 17:40:51,694 : INFO : EventManager : Event: ======'balldevice_bd_plunger_ball_eject_attempt'====== Args={'balls': 1, 'target': <playfield.playfield>, 'source': <ball_device.bd_plunger>, 'mechanical_eject': True, 'num_attempts': 0}
2025-09-25 17:40:51,694 : INFO : EventManager : Event: ======'balldevice_bd_trough_ball_count_changed'====== Args={'balls': 5}
2025-09-25 17:40:51,694 : INFO : ball_device.bd_trough : State: idle
2025-09-25 17:40:51,694 : INFO : ball_device.bd_plunger : State: ejecting
2025-09-25 17:40:51,694 : INFO : ball_device.bd_plunger : Ejecting ball to <playfield.playfield>
2025-09-25 17:40:51,694 : INFO : EventManager : Event: ======'balldevice_bd_plunger_ejecting_ball'====== Args={'balls': 1, 'target': <playfield.playfield>, 'source': <ball_device.bd_plunger>, 'mechanical_eject': True, 'num_attempts': 0}
2025-09-25 17:40:51,695 : INFO : ball_device.bd_plunger : Wait for ball to leave device
2025-09-25 17:40:59,963 : INFO : EventManager : Event: ======'master_volume_increase'====== Args={'_from_bcp': True}
2025-09-25 17:41:00,979 : INFO : EventManager : Event: ======'master_volume_increase'====== Args={'_from_bcp': True}
2025-09-25 17:41:01,712 : INFO : EventManager : Event: ======'master_volume_increase'====== Args={'_from_bcp': True}
2025-09-25 17:41:01,995 : INFO : EventManager : Event: ======'master_volume_increase'====== Args={'_from_bcp': True}
2025-09-25 17:41:02,212 : INFO : EventManager : Event: ======'master_volume_increase'====== Args={'_from_bcp': True}
2025-09-25 17:41:02,411 : INFO : EventManager : Event: ======'master_volume_increase'====== Args={'_from_bcp': True}
2025-09-25 17:41:03,694 : INFO : EventManager : Event: ======'master_volume_increase'====== Args={'_from_bcp': True}
2025-09-25 17:41:04,476 : INFO : EventManager : Event: ======'master_volume_decrease'====== Args={'_from_bcp': True}
2025-09-25 17:41:04,842 : INFO : EventManager : Event: ======'master_volume_decrease'====== Args={'_from_bcp': True}
2025-09-25 17:41:05,109 : INFO : EventManager : Event: ======'master_volume_decrease'====== Args={'_from_bcp': True}
2025-09-25 17:41:05,492 : INFO : EventManager : Event: ======'master_volume_increase'====== Args={'_from_bcp': True}
2025-09-25 17:41:05,709 : INFO : EventManager : Event: ======'master_volume_increase'====== Args={'_from_bcp': True}
2025-09-25 17:41:05,908 : INFO : EventManager : Event: ======'master_volume_increase'====== Args={'_from_bcp': True}
2025-09-25 17:41:06,142 : INFO : EventManager : Event: ======'master_volume_decrease'====== Args={'_from_bcp': True}
2025-09-25 17:41:06,308 : INFO : EventManager : Event: ======'master_volume_decrease'====== Args={'_from_bcp': True}
2025-09-25 17:41:06,475 : INFO : EventManager : Event: ======'master_volume_decrease'====== Args={'_from_bcp': True}
2025-09-25 17:41:06,741 : INFO : EventManager : Event: ======'master_volume_increase'====== Args={'_from_bcp': True}
2025-09-25 17:41:06,907 : INFO : EventManager : Event: ======'master_volume_increase'====== Args={'_from_bcp': True}
2025-09-25 17:41:07,074 : INFO : EventManager : Event: ======'master_volume_increase'====== Args={'_from_bcp': True}
2025-09-25 17:41:08,180 : INFO : SwitchController : <<<<<<< 's_plunger' inactive >>>>>>>
2025-09-25 17:41:08,180 : INFO : EventManager : Event: ======'ball_out'====== Args={}
2025-09-25 17:41:08,184 : INFO : EventManager : Event: ======'ball_save_default_timer_start'====== Args={}
2025-09-25 17:41:08,184 : INFO : ball_device.bd_plunger : State: ball_left
2025-09-25 17:41:08,184 : INFO : ball_device.bd_plunger : Ball left
2025-09-25 17:41:08,184 : INFO : ball_device.bd_plunger : Wait for confirm with timeout 3.0
2025-09-25 17:41:09,006 : INFO : SwitchController : <<<<<<< 's_right_lower_pop' active >>>>>>>
2025-09-25 17:41:09,007 : INFO : EventManager : Event: ======'s_right_lower_pop_active'====== Args={}
2025-09-25 17:41:09,007 : INFO : EventManager : Event: ======'playfield_active'====== Args={'source': 'right_lower_pop'}
2025-09-25 17:41:09,007 : INFO : EventManager : Event: ======'machine_var_audits_switches_s_right_lower_pop'====== Args={'value': 305, 'prev_value': 304, 'change': 1}
2025-09-25 17:41:09,008 : INFO : EventManager : Event: ======'player_score'====== Args={'value': 1110, 'prev_value': 0, 'change': 1110, 'player_num': 1, 'source': 'base'}
2025-09-25 17:41:09,012 : INFO : ball_device.bd_plunger : Got eject confirm
2025-09-25 17:41:09,012 : INFO : ball_device.bd_plunger : Eject successful
2025-09-25 17:41:09,012 : INFO : EventManager : Event: ======'balldevice_bd_plunger_ball_eject_success'====== Args={'balls': 1, 'target': <playfield.playfield>}
2025-09-25 17:41:09,012 : INFO : EventManager : Event: ======'balldevice_playfield_ball_enter'====== Args={'new_balls': 1, 'unclaimed_balls': 1, 'device': <playfield.playfield>}
2025-09-25 17:41:09,012 : INFO : EventManager : Event: ======'playfield_ball_count_change'====== Args={'balls': 1, 'change': 1}
2025-09-25 17:41:09,012 : INFO : EventManager : Event: ======'balldevice_bd_plunger_ball_count_changed'====== Args={'balls': 0}
2025-09-25 17:41:09,012 : INFO : ball_device.bd_plunger : State: idle
2025-09-25 17:41:09,213 : INFO : SwitchController : <<<<<<< 's_right_lower_pop' inactive >>>>>>>
2025-09-25 17:41:09,422 : INFO : SwitchController : <<<<<<< 's_right_lower_pop' active >>>>>>>
2025-09-25 17:41:09,423 : INFO : EventManager : Event: ======'s_right_lower_pop_active'====== Args={}
2025-09-25 17:41:09,423 : INFO : EventManager : Event: ======'machine_var_audits_switches_s_right_lower_pop'====== Args={'value': 306, 'prev_value': 305, 'change': 1}
2025-09-25 17:41:09,423 : INFO : EventManager : Event: ======'player_score'====== Args={'value': 2220, 'prev_value': 1110, 'change': 1110, 'player_num': 1, 'source': 'base'}
2025-09-25 17:41:09,539 : INFO : SwitchController : <<<<<<< 's_right_lower_pop' inactive >>>>>>>
2025-09-25 17:41:10,472 : INFO : EventManager : Event: ======'master_volume_increase'====== Args={'_from_bcp': True}
2025-09-25 17:41:10,755 : INFO : EventManager : Event: ======'master_volume_increase'====== Args={'_from_bcp': True}
2025-09-25 17:41:11,070 : INFO : EventManager : Event: ======'master_volume_decrease'====== Args={'_from_bcp': True}
2025-09-25 17:41:11,198 : INFO : EventManager : Event: ======'ball_save_default_hurry_up'====== Args={}
2025-09-25 17:41:11,254 : INFO : EventManager : Event: ======'master_volume_decrease'====== Args={'_from_bcp': True}
2025-09-25 17:41:11,654 : INFO : EventManager : Event: ======'master_volume_increase'====== Args={'_from_bcp': True}
2025-09-25 17:41:11,854 : INFO : EventManager : Event: ======'master_volume_increase'====== Args={'_from_bcp': True}
2025-09-25 17:41:12,120 : INFO : EventManager : Event: ======'master_volume_decrease'====== Args={'_from_bcp': True}
2025-09-25 17:41:12,303 : INFO : EventManager : Event: ======'master_volume_decrease'====== Args={'_from_bcp': True}
2025-09-25 17:41:12,586 : INFO : EventManager : Event: ======'master_volume_increase'====== Args={'_from_bcp': True}
2025-09-25 17:41:12,769 : INFO : EventManager : Event: ======'master_volume_increase'====== Args={'_from_bcp': True}
2025-09-25 17:41:13,181 : INFO : EventManager : Event: ======'ball_save_default_grace_period'====== Args={}
2025-09-25 17:41:13,518 : INFO : EventManager : Event: ======'master_volume_decrease'====== Args={'_from_bcp': True}
2025-09-25 17:41:13,669 : INFO : EventManager : Event: ======'master_volume_decrease'====== Args={'_from_bcp': True}
2025-09-25 17:41:13,969 : INFO : EventManager : Event: ======'master_volume_increase'====== Args={'_from_bcp': True}
2025-09-25 17:41:14,134 : INFO : EventManager : Event: ======'master_volume_increase'====== Args={'_from_bcp': True}
2025-09-25 17:41:14,302 : INFO : EventManager : Event: ======'master_volume_increase'====== Args={'_from_bcp': True}
2025-09-25 17:41:15,101 : INFO : EventManager : Event: ======'master_volume_decrease'====== Args={'_from_bcp': True}
2025-09-25 17:41:15,182 : INFO : EventManager : Event: ======'ball_save_default_disabled'====== Args={}
2025-09-25 17:41:15,251 : INFO : EventManager : Event: ======'master_volume_decrease'====== Args={'_from_bcp': True}
2025-09-25 17:41:15,518 : INFO : EventManager : Event: ======'master_volume_increase'====== Args={'_from_bcp': True}
2025-09-25 17:41:15,667 : INFO : EventManager : Event: ======'master_volume_increase'====== Args={'_from_bcp': True}
2025-09-25 17:41:20,464 : INFO : EventManager : Event: ======'master_volume_decrease'====== Args={'_from_bcp': True}
2025-09-25 17:41:20,646 : INFO : EventManager : Event: ======'master_volume_decrease'====== Args={'_from_bcp': True}
2025-09-25 17:41:20,797 : INFO : EventManager : Event: ======'master_volume_decrease'====== Args={'_from_bcp': True}
2025-09-25 17:41:20,930 : INFO : EventManager : Event: ======'master_volume_decrease'====== Args={'_from_bcp': True}
2025-09-25 17:41:21,063 : INFO : EventManager : Event: ======'master_volume_decrease'====== Args={'_from_bcp': True}
2025-09-25 17:41:21,217 : INFO : EventManager : Event: ======'master_volume_decrease'====== Args={'_from_bcp': True}
2025-09-25 17:41:21,347 : INFO : EventManager : Event: ======'master_volume_decrease'====== Args={'_from_bcp': True}
2025-09-25 17:41:21,479 : INFO : EventManager : Event: ======'master_volume_decrease'====== Args={'_from_bcp': True}
2025-09-25 17:41:21,746 : INFO : EventManager : Event: ======'master_volume_increase'====== Args={'_from_bcp': True}
2025-09-25 17:41:21,879 : INFO : EventManager : Event: ======'master_volume_increase'====== Args={'_from_bcp': True}
2025-09-25 17:41:22,646 : INFO : Machine : Shutting down...
2025-09-25 17:41:22,646 : INFO : EventManager : Event: ======'shutdown'====== Args={}
2025-09-25 17:41:22,647 : INFO : EventManager : Event: ======'mode_game_will_stop'====== Args={}
2025-09-25 17:41:22,647 : INFO : EventManager : Event: ======'mode_game_stopping'====== Args={}
2025-09-25 17:41:22,649 : INFO : EventManager : Event: ======'mode_base_will_stop'====== Args={}
2025-09-25 17:41:22,649 : INFO : EventManager : Event: ======'mode_base_stopping'====== Args={}
2025-09-25 17:41:22,649 : INFO : Mode.base : Stopped.
2025-09-25 17:41:22,649 : INFO : EventManager : Event: ======'modes_active_modes_changed'====== Args={}
2025-09-25 17:41:22,649 : INFO : EventManager : Event: ======'mode_base_stopped'====== Args={}
2025-09-25 17:41:22,649 : INFO : EventManager : Event: ======'clear'====== Args={'key': 'base'}
2025-09-25 17:41:22,650 : INFO : Mode.game : Stopped.
2025-09-25 17:41:22,650 : INFO : EventManager : Event: ======'modes_active_modes_changed'====== Args={}
2025-09-25 17:41:22,650 : INFO : EventManager : Event: ======'mode_game_stopped'====== Args={}
2025-09-25 17:41:22,650 : INFO : EventManager : Event: ======'clear'====== Args={'key': 'game'}
2025-09-25 17:41:22,652 : INFO : root : MPF run loop ended.
