2025-10-01 14:04:29,237 : INFO : root : Loading config.
2025-10-01 14:04:29,240 : INFO : YamlMultifileConfigLoader : Machine config file #1: config.yaml
2025-10-01 14:04:29,241 : INFO : ConfigProcessor : Loading config from cache: C:\Users\sdona\AppData\Local\Temp\19f6d0d7953982fda9d956182316b8e5.mpf_cache
2025-10-01 14:04:29,343 : INFO : ConfigProcessor : Loading config from cache: C:\Users\sdona\AppData\Local\Temp\835b5bfea4be8b279a05e96caaaffbbb.mpf_cache
2025-10-01 14:04:29,344 : INFO : ConfigProcessor : Loading config from cache: C:\Users\sdona\AppData\Local\Temp\9b0a7575388f9d9bd2f6ab87bf9fd2f7.mpf_cache
2025-10-01 14:04:29,345 : INFO : ConfigProcessor : Loading config from cache: C:\Users\sdona\AppData\Local\Temp\c340ec0033d1055cd797ffd5447ef414.mpf_cache
2025-10-01 14:04:29,346 : INFO : ConfigProcessor : Loading config from cache: C:\Users\sdona\AppData\Local\Temp\835b5bfea4be8b279a05e96caaaffbbb.mpf_cache
2025-10-01 14:04:29,348 : INFO : ConfigProcessor : Loading config from cache: C:\Users\sdona\AppData\Local\Temp\8c11a28e3c38d4ad47947b6a126f2ee9.mpf_cache
2025-10-01 14:04:29,348 : INFO : ConfigProcessor : Loading config from cache: C:\Users\sdona\AppData\Local\Temp\f0c219a993d891ee86dcb7eae47dde67.mpf_cache
2025-10-01 14:04:29,349 : INFO : ConfigProcessor : Loading config from cache: C:\Users\sdona\AppData\Local\Temp\96aa58108928490b129531848cd9b506.mpf_cache
2025-10-01 14:04:29,350 : INFO : Machine : Mission Pinball Framework Core Engine v0.80.0.dev9
2025-10-01 14:04:29,350 : INFO : Machine : Command line arguments: {'no_load_cache': False, 'create_config_cache': True, 'bcp': True, 'configfile': ['config.yaml'], 'force_assets_load': False, 'platform_integration_test': False, 'jsonlogging': False, 'logfile': 'logs\\2025-10-01-14-04-29-mpf-PinballLaptop.log', 'pause': False, 'production': False, 'text_ui': True, 'loglevel': 15, 'consoleloglevel': 20, 'force_platform': 'smart_virtual', 'syslog_address': None, 'full_logfile_path': 'C:\\venv\\mpf\\mmmdrop\\logs\\2025-10-01-14-04-29-mpf-PinballLaptop.log'}
2025-10-01 14:04:29,350 : INFO : Machine : MPF path: c:\venv\mpf\lib\site-packages\mpf
2025-10-01 14:04:29,350 : INFO : Machine : Machine path: C:\venv\mpf\mmmdrop
2025-10-01 14:04:29,350 : INFO : Machine : Platform: win32
2025-10-01 14:04:29,350 : INFO : Machine : Python executable location: c:\venv\mpf\Scripts\python.exe
2025-10-01 14:04:29,350 : INFO : Machine : Python version: 3.9.13 (64-bit)
2025-10-01 14:04:29,352 : INFO : Machine : Initializing MPF...
2025-10-01 14:04:29,563 : INFO : EventManager : Event: ======'machine_var_credits_string'====== Args={'value': 'FREE PLAY', 'prev_value': None, 'change': True}
2025-10-01 14:04:29,593 : INFO : EventManager : Event: ======'machine_var_fast_audio_headphones_volume'====== Args={'value': 10, 'prev_value': None, 'change': True}
2025-10-01 14:04:29,594 : INFO : EventManager : Event: ======'machine_var_fast_audio_main_volume'====== Args={'value': 44, 'prev_value': None, 'change': True}
2025-10-01 14:04:29,594 : INFO : EventManager : Event: ======'machine_var_master_volume'====== Args={'value': 0.15, 'prev_value': None, 'change': True}
2025-10-01 14:04:29,594 : INFO : EventManager : Event: ======'machine_var_player1_score'====== Args={'value': 140190, 'prev_value': None, 'change': True}
2025-10-01 14:04:29,594 : INFO : EventManager : Event: ======'machine_var_mpf_version'====== Args={'value': 'Mission Pinball Framework v0.80.0.dev9', 'prev_value': None, 'change': True}
2025-10-01 14:04:29,594 : INFO : EventManager : Event: ======'machine_var_mpf_extended_version'====== Args={'value': 'Mission Pinball Framework v0.80.0.dev9, Config version:6, Show version: 6, BCP version:1.1', 'prev_value': None, 'change': True}
2025-10-01 14:04:29,594 : INFO : EventManager : Event: ======'machine_var_python_version'====== Args={'value': '3.9.13', 'prev_value': None, 'change': True}
2025-10-01 14:04:29,624 : INFO : EventManager : Event: ======'machine_var_platform'====== Args={'value': 'Windows-10-10.0.26100-SP0', 'prev_value': None, 'change': True}
2025-10-01 14:04:29,624 : INFO : EventManager : Event: ======'machine_var_platform_system'====== Args={'value': 'Windows', 'prev_value': None, 'change': True}
2025-10-01 14:04:29,624 : INFO : EventManager : Event: ======'machine_var_platform_release'====== Args={'value': '10', 'prev_value': None, 'change': True}
2025-10-01 14:04:29,624 : INFO : EventManager : Event: ======'machine_var_platform_version'====== Args={'value': '10.0.26100', 'prev_value': None, 'change': True}
2025-10-01 14:04:29,624 : INFO : EventManager : Event: ======'machine_var_platform_machine'====== Args={'value': 'AMD64', 'prev_value': None, 'change': True}
2025-10-01 14:04:29,624 : INFO : EventManager : Event: ======'machine_var_log_file_path'====== Args={'value': 'C:\\venv\\mpf\\mmmdrop\\logs\\2025-10-01-14-04-29-mpf-PinballLaptop.log', 'prev_value': None, 'change': True}
2025-10-01 14:04:29,624 : INFO : EventManager : Event: ======'init_phase_1'====== Args={}
2025-10-01 14:04:29,652 : INFO : EventManager : Event: ======'drop_target_bank_three_bank_up'====== Args={}
2025-10-01 14:04:29,653 : INFO : EventManager : Event: ======'init_phase_2'====== Args={}
2025-10-01 14:04:29,653 : INFO : SwitchController : Found active switch: ('3208-0', <Platform.SmartVirtual>) <switch.s_trough1>
2025-10-01 14:04:29,653 : INFO : SwitchController : Found active switch: ('3208-1', <Platform.SmartVirtual>) <switch.s_trough2>
2025-10-01 14:04:29,653 : INFO : SwitchController : Found active switch: ('3208-2', <Platform.SmartVirtual>) <switch.s_trough3>
2025-10-01 14:04:29,653 : INFO : SwitchController : Found active switch: ('3208-3', <Platform.SmartVirtual>) <switch.s_trough4>
2025-10-01 14:04:29,653 : INFO : SwitchController : Found active switch: ('3208-4', <Platform.SmartVirtual>) <switch.s_trough5>
2025-10-01 14:04:29,653 : INFO : SwitchController : Found active switch: ('3208-5', <Platform.SmartVirtual>) <switch.s_trough6>
2025-10-01 14:04:29,658 : INFO : EventManager : Event: ======'bcp_connection_attempt'====== Args={'name': 'local_display', 'host': 'localhost', 'port': 5050}
2025-10-01 14:04:29,660 : INFO : BCPClientSocket : Connecting BCP to 'local_display' at localhost:5050...
2025-10-01 14:04:32,735 : INFO : BCPClientSocket : Connected BCP to 'local_display' localhost:5050
2025-10-01 14:04:32,737 : INFO : EventManager : Event: ======'bcp_clients_connected'====== Args={}
2025-10-01 14:04:32,900 : INFO : ball_device.bd_trough : BCH: Initial count: 6
2025-10-01 14:04:32,901 : INFO : ball_device.bd_trough : State: idle
2025-10-01 14:04:32,902 : INFO : ball_device.bd_plunger : BCH: Initial count: 0
2025-10-01 14:04:32,902 : INFO : ball_device.bd_plunger : State: idle
2025-10-01 14:04:32,903 : INFO : ball_device.bd_scoop : BCH: Initial count: 0
2025-10-01 14:04:32,903 : INFO : ball_device.bd_scoop : State: idle
2025-10-01 14:04:32,925 : INFO : EventManager : Event: ======'init_phase_3'====== Args={}
2025-10-01 14:04:32,928 : INFO : EventManager : Event: ======'init_phase_4'====== Args={}
2025-10-01 14:04:32,929 : INFO : BallController : Initial balls found: 6
2025-10-01 14:04:32,931 : INFO : EventManager : Event: ======'machine_var_audits_events_game_ended'====== Args={'value': 36, 'prev_value': None, 'change': True}
2025-10-01 14:04:32,931 : INFO : EventManager : Event: ======'machine_var_audits_events_game_started'====== Args={'value': 191, 'prev_value': None, 'change': True}
2025-10-01 14:04:32,931 : INFO : EventManager : Event: ======'machine_var_audits_missing_switches_s_captive_ball'====== Args={'value': 117, 'prev_value': None, 'change': True}
2025-10-01 14:04:32,931 : INFO : EventManager : Event: ======'machine_var_audits_missing_switches_s_center_upper_pop'====== Args={'value': 42, 'prev_value': None, 'change': True}
2025-10-01 14:04:32,931 : INFO : EventManager : Event: ======'machine_var_audits_missing_switches_s_inner_orbit'====== Args={'value': 117, 'prev_value': None, 'change': True}
2025-10-01 14:04:32,931 : INFO : EventManager : Event: ======'machine_var_audits_missing_switches_s_left_flipper'====== Args={'value': 117, 'prev_value': None, 'change': True}
2025-10-01 14:04:32,931 : INFO : EventManager : Event: ======'machine_var_audits_missing_switches_s_left_inlane'====== Args={'value': 2, 'prev_value': None, 'change': True}
2025-10-01 14:04:32,932 : INFO : EventManager : Event: ======'machine_var_audits_missing_switches_s_left_orbit'====== Args={'value': 3, 'prev_value': None, 'change': True}
2025-10-01 14:04:32,932 : INFO : EventManager : Event: ======'machine_var_audits_missing_switches_s_left_outlane'====== Args={'value': 2, 'prev_value': None, 'change': True}
2025-10-01 14:04:32,932 : INFO : EventManager : Event: ======'machine_var_audits_missing_switches_s_left_ramp'====== Args={'value': 3, 'prev_value': None, 'change': True}
2025-10-01 14:04:32,932 : INFO : EventManager : Event: ======'machine_var_audits_missing_switches_s_left_slingshot'====== Args={'value': 117, 'prev_value': None, 'change': True}
2025-10-01 14:04:32,932 : INFO : EventManager : Event: ======'machine_var_audits_missing_switches_s_left_upper_pop'====== Args={'value': 42, 'prev_value': None, 'change': True}
2025-10-01 14:04:32,932 : INFO : EventManager : Event: ======'machine_var_audits_missing_switches_s_pop_standup'====== Args={'value': 3, 'prev_value': None, 'change': True}
2025-10-01 14:04:32,932 : INFO : EventManager : Event: ======'machine_var_audits_missing_switches_s_right_flipper'====== Args={'value': 117, 'prev_value': None, 'change': True}
2025-10-01 14:04:32,932 : INFO : EventManager : Event: ======'machine_var_audits_missing_switches_s_right_inlane'====== Args={'value': 2, 'prev_value': None, 'change': True}
2025-10-01 14:04:32,932 : INFO : EventManager : Event: ======'machine_var_audits_missing_switches_s_right_lower_pop'====== Args={'value': 2, 'prev_value': None, 'change': True}
2025-10-01 14:04:32,932 : INFO : EventManager : Event: ======'machine_var_audits_missing_switches_s_right_orbit'====== Args={'value': 3, 'prev_value': None, 'change': True}
2025-10-01 14:04:32,933 : INFO : EventManager : Event: ======'machine_var_audits_missing_switches_s_right_outlane'====== Args={'value': 2, 'prev_value': None, 'change': True}
2025-10-01 14:04:32,933 : INFO : EventManager : Event: ======'machine_var_audits_missing_switches_s_right_ramp'====== Args={'value': 3, 'prev_value': None, 'change': True}
2025-10-01 14:04:32,933 : INFO : EventManager : Event: ======'machine_var_audits_missing_switches_s_right_slingshot'====== Args={'value': 117, 'prev_value': None, 'change': True}
2025-10-01 14:04:32,933 : INFO : EventManager : Event: ======'machine_var_audits_missing_switches_s_scoop'====== Args={'value': 2, 'prev_value': None, 'change': True}
2025-10-01 14:04:32,933 : INFO : EventManager : Event: ======'machine_var_audits_missing_switches_s_spinner'====== Args={'value': 23, 'prev_value': None, 'change': True}
2025-10-01 14:04:32,933 : INFO : EventManager : Event: ======'machine_var_audits_missing_switches_s_start'====== Args={'value': 4, 'prev_value': None, 'change': True}
2025-10-01 14:04:32,933 : INFO : EventManager : Event: ======'machine_var_audits_missing_switches_s_three_bank_bottom'====== Args={'value': 2, 'prev_value': None, 'change': True}
2025-10-01 14:04:32,933 : INFO : EventManager : Event: ======'machine_var_audits_missing_switches_s_three_bank_middle'====== Args={'value': 2, 'prev_value': None, 'change': True}
2025-10-01 14:04:32,933 : INFO : EventManager : Event: ======'machine_var_audits_missing_switches_s_three_bank_standup'====== Args={'value': 4, 'prev_value': None, 'change': True}
2025-10-01 14:04:32,933 : INFO : EventManager : Event: ======'machine_var_audits_missing_switches_s_three_bank_top'====== Args={'value': 2, 'prev_value': None, 'change': True}
2025-10-01 14:04:32,933 : INFO : EventManager : Event: ======'machine_var_audits_missing_switches_s_tilt_bob'====== Args={'value': 125, 'prev_value': None, 'change': True}
2025-10-01 14:04:32,933 : INFO : EventManager : Event: ======'machine_var_audits_missing_switches_s_top_right_flipper'====== Args={'value': 117, 'prev_value': None, 'change': True}
2025-10-01 14:04:32,934 : INFO : EventManager : Event: ======'machine_var_audits_missing_switches_s_trough1'====== Args={'value': 11, 'prev_value': None, 'change': True}
2025-10-01 14:04:32,934 : INFO : EventManager : Event: ======'machine_var_audits_missing_switches_s_trough2'====== Args={'value': 116, 'prev_value': None, 'change': True}
2025-10-01 14:04:32,934 : INFO : EventManager : Event: ======'machine_var_audits_missing_switches_s_trough3'====== Args={'value': 116, 'prev_value': None, 'change': True}
2025-10-01 14:04:32,934 : INFO : EventManager : Event: ======'machine_var_audits_missing_switches_s_trough4'====== Args={'value': 116, 'prev_value': None, 'change': True}
2025-10-01 14:04:32,934 : INFO : EventManager : Event: ======'machine_var_audits_missing_switches_s_trough5'====== Args={'value': 116, 'prev_value': None, 'change': True}
2025-10-01 14:04:32,935 : INFO : EventManager : Event: ======'machine_var_audits_missing_switches_s_trough6'====== Args={'value': 117, 'prev_value': None, 'change': True}
2025-10-01 14:04:32,935 : INFO : EventManager : Event: ======'machine_var_audits_missing_switches_s_trough_jam'====== Args={'value': 117, 'prev_value': None, 'change': True}
2025-10-01 14:04:32,935 : INFO : EventManager : Event: ======'machine_var_audits_missing_switches_s_tshirt_bottom_standup'====== Args={'value': 117, 'prev_value': None, 'change': True}
2025-10-01 14:04:32,935 : INFO : EventManager : Event: ======'machine_var_audits_missing_switches_s_upper_pop_standup'====== Args={'value': 117, 'prev_value': None, 'change': True}
2025-10-01 14:04:32,935 : INFO : EventManager : Event: ======'machine_var_audits_player_score'====== Args={'value': {'average': 16766, 'top': [140190, 55679, 54526, 46225, 25350, 24166, 23278, 22740, 20422, 20201], 'total': 37}, 'prev_value': None, 'change': True}
2025-10-01 14:04:32,935 : INFO : EventManager : Event: ======'machine_var_audits_shots_skill_captive'====== Args={'value': 16, 'prev_value': None, 'change': True}
2025-10-01 14:04:32,936 : INFO : EventManager : Event: ======'machine_var_audits_shots_skill_side_targets'====== Args={'value': 1, 'prev_value': None, 'change': True}
2025-10-01 14:04:32,936 : INFO : EventManager : Event: ======'machine_var_audits_switches_s_captive_ball'====== Args={'value': 158, 'prev_value': None, 'change': True}
2025-10-01 14:04:32,936 : INFO : EventManager : Event: ======'machine_var_audits_switches_s_center_upper_pop'====== Args={'value': 183, 'prev_value': None, 'change': True}
2025-10-01 14:04:32,936 : INFO : EventManager : Event: ======'machine_var_audits_switches_s_inner_orbit'====== Args={'value': 0, 'prev_value': None, 'change': True}
2025-10-01 14:04:32,936 : INFO : EventManager : Event: ======'machine_var_audits_switches_s_left_flipper'====== Args={'value': 1240, 'prev_value': None, 'change': True}
2025-10-01 14:04:32,936 : INFO : EventManager : Event: ======'machine_var_audits_switches_s_left_inlane'====== Args={'value': 109, 'prev_value': None, 'change': True}
2025-10-01 14:04:32,936 : INFO : EventManager : Event: ======'machine_var_audits_switches_s_left_orbit'====== Args={'value': 13, 'prev_value': None, 'change': True}
2025-10-01 14:04:32,936 : INFO : EventManager : Event: ======'machine_var_audits_switches_s_left_outlane'====== Args={'value': 55, 'prev_value': None, 'change': True}
2025-10-01 14:04:32,936 : INFO : EventManager : Event: ======'machine_var_audits_switches_s_left_ramp'====== Args={'value': 25, 'prev_value': None, 'change': True}
2025-10-01 14:04:32,936 : INFO : EventManager : Event: ======'machine_var_audits_switches_s_left_slingshot'====== Args={'value': 259, 'prev_value': None, 'change': True}
2025-10-01 14:04:32,938 : INFO : EventManager : Event: ======'machine_var_audits_switches_s_left_upper_pop'====== Args={'value': 140, 'prev_value': None, 'change': True}
2025-10-01 14:04:32,938 : INFO : EventManager : Event: ======'machine_var_audits_switches_s_plunger'====== Args={'value': 573, 'prev_value': None, 'change': True}
2025-10-01 14:04:32,938 : INFO : EventManager : Event: ======'machine_var_audits_switches_s_pop_standup'====== Args={'value': 63, 'prev_value': None, 'change': True}
2025-10-01 14:04:32,938 : INFO : EventManager : Event: ======'machine_var_audits_switches_s_right_flipper'====== Args={'value': 1509, 'prev_value': None, 'change': True}
2025-10-01 14:04:32,938 : INFO : EventManager : Event: ======'machine_var_audits_switches_s_right_inlane'====== Args={'value': 106, 'prev_value': None, 'change': True}
2025-10-01 14:04:32,938 : INFO : EventManager : Event: ======'machine_var_audits_switches_s_right_lower_pop'====== Args={'value': 410, 'prev_value': None, 'change': True}
2025-10-01 14:04:32,938 : INFO : EventManager : Event: ======'machine_var_audits_switches_s_right_orbit'====== Args={'value': 12, 'prev_value': None, 'change': True}
2025-10-01 14:04:32,938 : INFO : EventManager : Event: ======'machine_var_audits_switches_s_right_outlane'====== Args={'value': 53, 'prev_value': None, 'change': True}
2025-10-01 14:04:32,938 : INFO : EventManager : Event: ======'machine_var_audits_switches_s_right_ramp'====== Args={'value': 27, 'prev_value': None, 'change': True}
2025-10-01 14:04:32,938 : INFO : EventManager : Event: ======'machine_var_audits_switches_s_right_slingshot'====== Args={'value': 365, 'prev_value': None, 'change': True}
2025-10-01 14:04:32,938 : INFO : EventManager : Event: ======'machine_var_audits_switches_s_scoop'====== Args={'value': 144, 'prev_value': None, 'change': True}
2025-10-01 14:04:32,938 : INFO : EventManager : Event: ======'machine_var_audits_switches_s_spinner'====== Args={'value': 1371, 'prev_value': None, 'change': True}
2025-10-01 14:04:32,938 : INFO : EventManager : Event: ======'machine_var_audits_switches_s_start'====== Args={'value': 53, 'prev_value': None, 'change': True}
2025-10-01 14:04:32,938 : INFO : EventManager : Event: ======'machine_var_audits_switches_s_three_bank_bottom'====== Args={'value': 110, 'prev_value': None, 'change': True}
2025-10-01 14:04:32,939 : INFO : EventManager : Event: ======'machine_var_audits_switches_s_three_bank_middle'====== Args={'value': 104, 'prev_value': None, 'change': True}
2025-10-01 14:04:32,939 : INFO : EventManager : Event: ======'machine_var_audits_switches_s_three_bank_standup'====== Args={'value': 82, 'prev_value': None, 'change': True}
2025-10-01 14:04:32,939 : INFO : EventManager : Event: ======'machine_var_audits_switches_s_three_bank_top'====== Args={'value': 97, 'prev_value': None, 'change': True}
2025-10-01 14:04:32,939 : INFO : EventManager : Event: ======'machine_var_audits_switches_s_tilt_bob'====== Args={'value': 21, 'prev_value': None, 'change': True}
2025-10-01 14:04:32,939 : INFO : EventManager : Event: ======'machine_var_audits_switches_s_top_right_flipper'====== Args={'value': 1294, 'prev_value': None, 'change': True}
2025-10-01 14:04:32,939 : INFO : EventManager : Event: ======'machine_var_audits_switches_s_trough1'====== Args={'value': 240, 'prev_value': None, 'change': True}
2025-10-01 14:04:32,939 : INFO : EventManager : Event: ======'machine_var_audits_switches_s_trough2'====== Args={'value': 248, 'prev_value': None, 'change': True}
2025-10-01 14:04:32,939 : INFO : EventManager : Event: ======'machine_var_audits_switches_s_trough3'====== Args={'value': 178, 'prev_value': None, 'change': True}
2025-10-01 14:04:32,939 : INFO : EventManager : Event: ======'machine_var_audits_switches_s_trough4'====== Args={'value': 160, 'prev_value': None, 'change': True}
2025-10-01 14:04:32,939 : INFO : EventManager : Event: ======'machine_var_audits_switches_s_trough5'====== Args={'value': 160, 'prev_value': None, 'change': True}
2025-10-01 14:04:32,939 : INFO : EventManager : Event: ======'machine_var_audits_switches_s_trough6'====== Args={'value': 158, 'prev_value': None, 'change': True}
2025-10-01 14:04:32,939 : INFO : EventManager : Event: ======'machine_var_audits_switches_s_trough_jam'====== Args={'value': 206, 'prev_value': None, 'change': True}
2025-10-01 14:04:32,939 : INFO : EventManager : Event: ======'machine_var_audits_switches_s_tshirt_bottom_standup'====== Args={'value': 28, 'prev_value': None, 'change': True}
2025-10-01 14:04:32,939 : INFO : EventManager : Event: ======'machine_var_audits_switches_s_tshirt_top_standup'====== Args={'value': 35, 'prev_value': None, 'change': True}
2025-10-01 14:04:32,939 : INFO : EventManager : Event: ======'machine_var_audits_switches_s_upper_pop_standup'====== Args={'value': 158, 'prev_value': None, 'change': True}
2025-10-01 14:04:32,940 : INFO : EventManager : Event: ======'init_phase_5'====== Args={}
2025-10-01 14:04:33,004 : INFO : EventManager : Event: ======'init_done'====== Args={}
2025-10-01 14:04:33,005 : INFO : EventManager : Event: ======'machine_reset_phase_1'====== Args={}
2025-10-01 14:04:33,016 : INFO : EventManager : Event: ======'machine_reset_phase_2'====== Args={}
2025-10-01 14:04:33,016 : INFO : EventManager : Event: ======'machine_reset_phase_3'====== Args={}
2025-10-01 14:04:33,016 : INFO : drop_target_bank.three_bank : All targets are already up. Will not reset bank.
2025-10-01 14:04:33,018 : INFO : EventManager : Event: ======'reset_complete'====== Args={}
2025-10-01 14:04:33,018 : INFO : EventManager : Event: ======'mode_attract_will_start'====== Args={}
2025-10-01 14:04:33,019 : INFO : EventManager : Event: ======'mode_attract_starting'====== Args={}
2025-10-01 14:04:33,019 : INFO : Mode.attract : Started. Priority: 10
2025-10-01 14:04:33,019 : INFO : EventManager : Event: ======'modes_active_modes_changed'====== Args={}
2025-10-01 14:04:33,019 : INFO : EventManager : Event: ======'mode_attract_started'====== Args={}
2025-10-01 14:04:33,020 : INFO : EventManager : Event: ======'collecting_balls_complete'====== Args={}
2025-10-01 14:04:33,037 : INFO : EventManager : Event: ======'slide_loading_created'====== Args={'_from_bcp': True}
2025-10-01 14:04:33,037 : INFO : EventManager : Event: ======'slide__removed'====== Args={'_from_bcp': True}
2025-10-01 14:04:33,037 : INFO : EventManager : Event: ======'slide_loading_active'====== Args={'original_context': '_global', 'original_calling_context': 'init_done', 'priority': 0.0, 'cmd': 'slides_play', '_from_bcp': True}
2025-10-01 14:04:33,038 : INFO : Machine : Starting the main run loop with active modes: [<Mode.attract>]
2025-10-01 14:04:33,051 : INFO : EventManager : Event: ======'slide_attract_created'====== Args={'_from_bcp': True}
2025-10-01 14:04:33,051 : INFO : EventManager : Event: ======'slide_loading_inactive'====== Args={'is_removing': True, '_from_bcp': True}
2025-10-01 14:04:33,052 : INFO : EventManager : Event: ======'slide_attract_active'====== Args={'original_context': 'attract', 'original_calling_context': 'mode_attract_started', 'priority': 10.0, 'cmd': 'slides_play', '_from_bcp': True}
2025-10-01 14:04:33,052 : INFO : EventManager : Event: ======'slide_loading_removed'====== Args={'_from_bcp': True}
2025-10-01 14:04:33,249 : INFO : BcpServer : New client connected.
2025-10-01 14:04:39,100 : INFO : SwitchController : <<<<<<< 's_start' active >>>>>>>
2025-10-01 14:04:39,215 : INFO : SwitchController : <<<<<<< 's_start' inactive >>>>>>>
2025-10-01 14:04:39,216 : INFO : EventManager : Event: ======'request_to_start_game'====== Args={}
2025-10-01 14:04:39,216 : INFO : EventManager : Event: ======'game_start'====== Args={'buttons': [], 'hold_time': 0.10900000017136335}
2025-10-01 14:04:39,216 : INFO : EventManager : Event: ======'mode_game_will_start'====== Args={'buttons': [], 'hold_time': 0.10900000017136335}
2025-10-01 14:04:39,217 : INFO : EventManager : Event: ======'mode_game_starting'====== Args={'buttons': [], 'hold_time': 0.10900000017136335}
2025-10-01 14:04:39,217 : INFO : EventManager : Event: ======'mode_attract_will_stop'====== Args={}
2025-10-01 14:04:39,217 : INFO : EventManager : Event: ======'mode_attract_stopping'====== Args={}
2025-10-01 14:04:39,217 : INFO : Mode.attract : Stopped.
2025-10-01 14:04:39,217 : INFO : EventManager : Event: ======'modes_active_modes_changed'====== Args={}
2025-10-01 14:04:39,217 : INFO : EventManager : Event: ======'mode_attract_stopped'====== Args={}
2025-10-01 14:04:39,218 : INFO : EventManager : Event: ======'clear'====== Args={'key': 'attract'}
2025-10-01 14:04:39,218 : INFO : Mode.game : Started. Priority: 20
2025-10-01 14:04:39,218 : INFO : EventManager : Event: ======'modes_active_modes_changed'====== Args={}
2025-10-01 14:04:39,218 : INFO : EventManager : Event: ======'mode_game_started'====== Args={'buttons': [], 'hold_time': 0.10900000017136335}
2025-10-01 14:04:39,224 : INFO : EventManager : Event: ======'game_will_start'====== Args={}
2025-10-01 14:04:39,225 : INFO : EventManager : Event: ======'game_starting'====== Args={'game': <Mode.game>}
2025-10-01 14:04:39,228 : INFO : EventManager : Unordered handler for class <Auditor> on event game_ended with priority 1. Handlers: [RegisteredHandler(callback=<bound method Auditor.disable of <Auditor>>, priority=1, kwargs={}, key=UUID('f6cd86ae-f0c5-49f2-9665-73992d5ccbc0'), condition=None, blocking_facility=None), RegisteredHandler(callback=<bound method Auditor._save_audits of <Auditor>>, priority=1, kwargs={}, key=UUID('d8f9a04f-6977-4183-8125-70deeccb201a'), condition=None, blocking_facility=None)]. The order of those handlers is not defined and they will be executed in random order. This might lead to race conditions and potential bugs.
2025-10-01 14:04:39,228 : INFO : EventManager : Event: ======'player_add_request'====== Args={}
2025-10-01 14:04:39,229 : INFO : EventManager : Event: ======'player_will_add'====== Args={'number': 1}
2025-10-01 14:04:39,229 : INFO : EventManager : Event: ======'player_adding'====== Args={'player': <Player 1>, 'number': 1}
2025-10-01 14:04:39,230 : INFO : EventManager : Event: ======'player_added'====== Args={'player': <Player 1>, 'num': 1}
2025-10-01 14:04:39,230 : INFO : Mode.game : Player added successfully. Total players: 1
2025-10-01 14:04:39,230 : INFO : EventManager : Event: ======'player_index'====== Args={'value': 0, 'prev_value': 0, 'change': 0, 'player_num': 1}
2025-10-01 14:04:39,231 : INFO : EventManager : Event: ======'player_number'====== Args={'value': 1, 'prev_value': 1, 'change': 0, 'player_num': 1}
2025-10-01 14:04:39,231 : INFO : EventManager : Event: ======'player_score'====== Args={'value': 0, 'prev_value': 0, 'change': 0, 'player_num': 1}
2025-10-01 14:04:39,233 : INFO : EventManager : Event: ======'game_started'====== Args={}
2025-10-01 14:04:39,242 : INFO : EventManager : Event: ======'player_turn_will_start'====== Args={'player': <Player 1>, 'number': 1}
2025-10-01 14:04:39,251 : INFO : EventManager : Event: ======'player_turn_starting'====== Args={'player': <Player 1>, 'number': 1}
2025-10-01 14:04:39,252 : INFO : EventManager : Event: ======'player_ball'====== Args={'value': 1, 'prev_value': 0, 'change': 1, 'player_num': 1}
2025-10-01 14:04:39,253 : INFO : EventManager : Event: ======'player_turn_started'====== Args={'player': <Player 1>, 'number': 1}
2025-10-01 14:04:39,254 : INFO : EventManager : Event: ======'ball_will_start'====== Args={'player': 1, 'ball': 1, 'balls_remaining': 2, 'is_extra_ball': False}
2025-10-01 14:04:39,257 : INFO : EventManager : Event: ======'ball_starting'====== Args={'player': 1, 'ball': 1, 'balls_remaining': 2, 'is_extra_ball': False}
2025-10-01 14:04:39,258 : INFO : EventManager : Event: ======'mode_base_will_start'====== Args={'queue': <QueuedEvent>, 'player': 1, 'ball': 1, 'balls_remaining': 2, 'is_extra_ball': False}
2025-10-01 14:04:39,263 : INFO : EventManager : Event: ======'mode_base_starting'====== Args={'queue': <QueuedEvent>, 'player': 1, 'ball': 1, 'balls_remaining': 2, 'is_extra_ball': False}
2025-10-01 14:04:39,263 : INFO : drop_target_bank.three_bank : All targets are already up. Will not reset bank.
2025-10-01 14:04:39,265 : INFO : EventManager : Event: ======'balls_in_play'====== Args={'balls': 1}
2025-10-01 14:04:39,265 : INFO : EventManager : Event: ======'ball_started'====== Args={'player': 1, 'ball': 1, 'balls_remaining': 2, 'is_extra_ball': False}
2025-10-01 14:04:39,266 : INFO : EventManager : Event: ======'logicblock_drop_target_counter_updated'====== Args={'value': 0, 'enabled': True}
2025-10-01 14:04:39,266 : INFO : EventManager : Event: ======'logicblock_drop_target_counter_updated'====== Args={'value': 0, 'enabled': True}
2025-10-01 14:04:39,266 : INFO : Mode.base : Started. Priority: 100
2025-10-01 14:04:39,266 : INFO : EventManager : Event: ======'modes_active_modes_changed'====== Args={}
2025-10-01 14:04:39,267 : INFO : EventManager : Event: ======'mode_base_started'====== Args={'queue': <QueuedEvent>, 'player': 1, 'ball': 1, 'balls_remaining': 2, 'is_extra_ball': False}
2025-10-01 14:04:39,267 : INFO : EventManager : Event: ======'mode_skill_shot_will_start'====== Args={'player': 1, 'ball': 1, 'balls_remaining': 2, 'is_extra_ball': False}
2025-10-01 14:04:39,267 : INFO : EventManager : Event: ======'player_shot_skill_side_targets_enabled'====== Args={'value': True, 'prev_value': 0, 'change': 1, 'player_num': 1}
2025-10-01 14:04:39,269 : INFO : EventManager : Event: ======'player_shot_skill_drop_targets_enabled'====== Args={'value': True, 'prev_value': 0, 'change': 1, 'player_num': 1}
2025-10-01 14:04:39,269 : INFO : EventManager : Event: ======'skill_shot_complete'====== Args={'state': 'unlit'}
2025-10-01 14:04:39,271 : INFO : EventManager : Event: ======'skill_shot_unlit_complete'====== Args={}
2025-10-01 14:04:39,271 : INFO : EventManager : Event: ======'player_skill_shot_skill_shot_timeout_tick'====== Args={'value': 0, 'prev_value': 0, 'change': 0, 'player_num': 1}
2025-10-01 14:04:39,274 : INFO : EventManager : Event: ======'mode_skill_shot_starting'====== Args={'player': 1, 'ball': 1, 'balls_remaining': 2, 'is_extra_ball': False}
2025-10-01 14:04:39,276 : INFO : EventManager : Event: ======'mode_carousel_will_start'====== Args={'queue': <QueuedEvent>, 'player': 1, 'ball': 1, 'balls_remaining': 2, 'is_extra_ball': False}
2025-10-01 14:04:39,277 : INFO : EventManager : Event: ======'mode_carousel_starting'====== Args={'queue': <QueuedEvent>, 'player': 1, 'ball': 1, 'balls_remaining': 2, 'is_extra_ball': False}
2025-10-01 14:04:39,279 : INFO : EventManager : Event: ======'ball_save_default_enabled'====== Args={}
2025-10-01 14:04:39,279 : INFO : Mode.carousel : Started. Priority: 200
2025-10-01 14:04:39,279 : INFO : EventManager : Event: ======'modes_active_modes_changed'====== Args={}
2025-10-01 14:04:39,279 : INFO : EventManager : Event: ======'mode_carousel_started'====== Args={'queue': <QueuedEvent>, 'player': 1, 'ball': 1, 'balls_remaining': 2, 'is_extra_ball': False}
2025-10-01 14:04:39,280 : INFO : EventManager : Event: ======'item_highlighted'====== Args={'carousel': 'carousel', 'direction': None, 'item': 'intergalactic'}
2025-10-01 14:04:39,281 : INFO : Mode.skill_shot : Started. Priority: 500
2025-10-01 14:04:39,281 : INFO : EventManager : Event: ======'modes_active_modes_changed'====== Args={}
2025-10-01 14:04:39,281 : INFO : EventManager : Event: ======'mode_skill_shot_started'====== Args={'player': 1, 'ball': 1, 'balls_remaining': 2, 'is_extra_ball': False}
2025-10-01 14:04:39,282 : INFO : EventManager : Event: ======'player_shot_skill_side_targets'====== Args={'value': 1, 'prev_value': 0, 'change': 1, 'player_num': 1}
2025-10-01 14:04:39,283 : INFO : EventManager : Event: ======'player_shot_skill_drop_targets'====== Args={'value': 1, 'prev_value': 0, 'change': 1, 'player_num': 1}
2025-10-01 14:04:39,284 : INFO : EventManager : Event: ======'skill_shot_complete'====== Args={'state': 'flashing'}
2025-10-01 14:04:39,284 : INFO : EventManager : Event: ======'skill_shot_flashing_complete'====== Args={}
2025-10-01 14:04:39,286 : INFO : EventManager : Event: ======'single_player_ball_started'====== Args={}
2025-10-01 14:04:39,304 : INFO : EventManager : Event: ======'ball_start_target'====== Args={'target': 'playfield'}
2025-10-01 14:04:39,305 : INFO : EventManager : Event: ======'slide_base_created'====== Args={'_from_bcp': True}
2025-10-01 14:04:39,306 : INFO : ball_device.bd_plunger : Setting up player-controlled eject. Balls: 1, Target: <playfield.playfield>, player_controlled_eject_event: None
2025-10-01 14:04:39,307 : INFO : EventManager : Event: ======'balldevice_balls_available'====== Args={}
2025-10-01 14:04:39,308 : INFO : EventManager : Event: ======'slide_score_overlay_created'====== Args={'_from_bcp': True}
2025-10-01 14:04:39,309 : INFO : EventManager : Event: ======'slide_attract_inactive'====== Args={'is_removing': True, '_from_bcp': True}
2025-10-01 14:04:39,309 : INFO : EventManager : Event: ======'slide_score_overlay_active'====== Args={'original_context': 'base', 'original_calling_context': 'mode_base_started', 'priority': 100.0, 'queue': '<QueuedEvent>', 'player': 1.0, 'ball': 1.0, 'balls_remaining': 2.0, 'is_extra_ball': False, 'cmd': 'slides_play', '_from_bcp': True}
2025-10-01 14:04:39,310 : INFO : EventManager : Event: ======'slide_attract_removed'====== Args={'_from_bcp': True}
2025-10-01 14:04:39,311 : INFO : ball_device.bd_trough : State: waiting_for_target_ready
2025-10-01 14:04:39,313 : INFO : EventManager : Event: ======'balldevice_bd_trough_ball_eject_attempt'====== Args={'balls': 1, 'target': <ball_device.bd_plunger>, 'source': <ball_device.bd_trough>, 'mechanical_eject': True, 'num_attempts': 0}
2025-10-01 14:04:39,313 : INFO : ball_device.bd_plunger : State: waiting_for_ball
2025-10-01 14:04:39,315 : INFO : ball_device.bd_trough : State: ejecting
2025-10-01 14:04:39,316 : INFO : ball_device.bd_trough : Ejecting ball to <ball_device.bd_plunger>
2025-10-01 14:04:39,316 : INFO : EventManager : Event: ======'balldevice_bd_trough_ejecting_ball'====== Args={'balls': 1, 'target': <ball_device.bd_plunger>, 'source': <ball_device.bd_trough>, 'mechanical_eject': True, 'num_attempts': 0}
2025-10-01 14:04:39,317 : INFO : ball_device.bd_trough : Wait for ball to leave device
2025-10-01 14:04:39,319 : INFO : coil.c_trough_eject : Pulsing Driver for 20ms (1.0 pulse_power)
2025-10-01 14:04:39,320 : INFO : SwitchController : <<<<<<< 's_trough1' inactive >>>>>>>
2025-10-01 14:04:39,325 : INFO : EventManager : Event: ======'slide_current_mode_highlighted_created'====== Args={'_from_bcp': True}
2025-10-01 14:04:39,327 : INFO : ball_device.bd_trough : State: ball_left
2025-10-01 14:04:39,327 : INFO : ball_device.bd_trough : Ball left
2025-10-01 14:04:39,327 : INFO : ball_device.bd_trough : Wait for confirm with timeout 3.0
2025-10-01 14:04:39,428 : INFO : SwitchController : <<<<<<< 's_plunger' active >>>>>>>
2025-10-01 14:04:39,429 : INFO : EventManager : Event: ======'machine_var_audits_switches_s_plunger'====== Args={'value': 574, 'prev_value': 573, 'change': 1}
2025-10-01 14:04:39,669 : INFO : EventManager : Event: ======'slide_skillshot_overlay_created'====== Args={'_from_bcp': True}
2025-10-01 14:04:39,670 : INFO : EventManager : Event: ======'slide_score_overlay_inactive'====== Args={'is_removing': False, '_from_bcp': True}
2025-10-01 14:04:39,670 : INFO : EventManager : Event: ======'slide_skillshot_overlay_active'====== Args={'original_context': 'skill_shot', 'original_calling_context': 'mode_skill_shot_started', 'priority': 500.0, 'player': 1.0, 'ball': 1.0, 'balls_remaining': 2.0, 'is_extra_ball': False, 'cmd': 'slides_play', '_from_bcp': True}
2025-10-01 14:04:39,942 : INFO : ball_device.bd_plunger : Received ball from <ball_device.bd_trough>
2025-10-01 14:04:39,942 : INFO : EventManager : Event: ======'balldevice_bd_plunger_ball_enter'====== Args={'new_balls': 1, 'unclaimed_balls': 0, 'new_available_balls': 0, 'device': <ball_device.bd_plunger>}
2025-10-01 14:04:39,943 : INFO : EventManager : Event: ======'balldevice_bd_plunger_ball_entered'====== Args={'new_balls': 0, 'device': <ball_device.bd_plunger>}
2025-10-01 14:04:39,944 : INFO : EventManager : Event: ======'balldevice_bd_plunger_ball_count_changed'====== Args={'balls': 1}
2025-10-01 14:04:39,944 : INFO : ball_device.bd_trough : Got eject confirm
2025-10-01 14:04:39,944 : INFO : ball_device.bd_trough : Eject successful
2025-10-01 14:04:39,944 : INFO : EventManager : Event: ======'balldevice_bd_trough_ball_eject_success'====== Args={'balls': 1, 'target': <ball_device.bd_plunger>}
2025-10-01 14:04:39,945 : INFO : EventManager : Event: ======'balldevice_bd_trough_ball_count_changed'====== Args={'balls': 5}
2025-10-01 14:04:39,945 : INFO : ball_device.bd_trough : State: idle
2025-10-01 14:04:39,946 : INFO : ball_device.bd_plunger : State: waiting_for_target_ready
2025-10-01 14:04:39,946 : INFO : EventManager : Event: ======'balldevice_bd_plunger_ball_eject_attempt'====== Args={'balls': 1, 'target': <playfield.playfield>, 'source': <ball_device.bd_plunger>, 'mechanical_eject': True, 'num_attempts': 0}
2025-10-01 14:04:39,946 : INFO : ball_device.bd_plunger : State: ejecting
2025-10-01 14:04:39,947 : INFO : ball_device.bd_plunger : Ejecting ball to <playfield.playfield>
2025-10-01 14:04:39,947 : INFO : EventManager : Event: ======'balldevice_bd_plunger_ejecting_ball'====== Args={'balls': 1, 'target': <playfield.playfield>, 'source': <ball_device.bd_plunger>, 'mechanical_eject': True, 'num_attempts': 0}
2025-10-01 14:04:39,950 : INFO : ball_device.bd_plunger : Wait for ball to leave device
2025-10-01 14:04:45,778 : INFO : SwitchController : <<<<<<< 's_plunger' inactive >>>>>>>
2025-10-01 14:04:45,778 : INFO : EventManager : Event: ======'ball_out'====== Args={}
2025-10-01 14:04:45,779 : INFO : EventManager : Event: ======'ball_save_default_timer_start'====== Args={}
2025-10-01 14:04:45,782 : INFO : ball_device.bd_plunger : State: ball_left
2025-10-01 14:04:45,783 : INFO : ball_device.bd_plunger : Ball left
2025-10-01 14:04:45,783 : INFO : ball_device.bd_plunger : Wait for confirm with timeout 3.0
2025-10-01 14:04:47,129 : INFO : SwitchController : <<<<<<< 's_tshirt_top_standup' active >>>>>>>
2025-10-01 14:04:47,129 : INFO : EventManager : Event: ======'playfield_active'====== Args={'source': 'skill_side_targets'}
2025-10-01 14:04:47,130 : INFO : EventManager : Event: ======'s_tshirt_top_standup_active'====== Args={}
2025-10-01 14:04:47,130 : INFO : EventManager : Event: ======'machine_var_audits_switches_s_tshirt_top_standup'====== Args={'value': 36, 'prev_value': 35, 'change': 1}
2025-10-01 14:04:47,131 : INFO : EventManager : Event: ======'player_shot_skill_side_targets'====== Args={'value': 2, 'prev_value': 1, 'change': 1, 'player_num': 1}
2025-10-01 14:04:47,132 : INFO : EventManager : Event: ======'machine_var_audits_shots_skill_side_targets'====== Args={'value': 2, 'prev_value': 1, 'change': 1}
2025-10-01 14:04:47,132 : INFO : EventManager : Event: ======'skill_side_targets_hit'====== Args={'profile': 'skill_shot_profile', 'state': 'flashing', 'advancing': True}
2025-10-01 14:04:47,133 : INFO : EventManager : Event: ======'skill_side_targets_skill_shot_profile_hit'====== Args={'profile': 'skill_shot_profile', 'state': 'flashing', 'advancing': True}
2025-10-01 14:04:47,133 : INFO : EventManager : Event: ======'skill_side_targets_skill_shot_profile_flashing_hit'====== Args={'profile': 'skill_shot_profile', 'state': 'flashing', 'advancing': True}
2025-10-01 14:04:47,133 : INFO : EventManager : Event: ======'skill_side_targets_flashing_hit'====== Args={'profile': 'skill_shot_profile', 'state': 'flashing', 'advancing': True}
2025-10-01 14:04:47,133 : INFO : EventManager : Event: ======'player_score'====== Args={'value': 5010, 'prev_value': 0, 'change': 5010, 'player_num': 1, 'source': 'base'}
2025-10-01 14:04:47,133 : INFO : EventManager : Event: ======'skill_shot_hit'====== Args={'shot': 'skill_side_targets'}
2025-10-01 14:04:47,134 : INFO : EventManager : Event: ======'skill_shot_flashing_hit'====== Args={'shot': 'skill_side_targets'}
2025-10-01 14:04:47,134 : INFO : state_machine.skill_shot_success : Transitioning from start to success
2025-10-01 14:04:47,134 : INFO : EventManager : Event: ======'skill_success'====== Args={}
2025-10-01 14:04:47,134 : INFO : EventManager : Event: ======'mode_skill_shot_will_stop'====== Args={}
2025-10-01 14:04:47,135 : INFO : EventManager : Event: ======'mode_skill_shot_stopping'====== Args={}
2025-10-01 14:04:47,135 : INFO : EventManager : Event: ======'player_score'====== Args={'value': 2005010, 'prev_value': 5010, 'change': 2000000, 'player_num': 1, 'source': 'skill_shot'}
2025-10-01 14:04:47,136 : INFO : Mode.skill_shot : Stopped.
2025-10-01 14:04:47,136 : INFO : EventManager : Event: ======'modes_active_modes_changed'====== Args={}
2025-10-01 14:04:47,136 : INFO : EventManager : Event: ======'mode_skill_shot_stopped'====== Args={}
2025-10-01 14:04:47,136 : INFO : EventManager : Event: ======'clear'====== Args={'key': 'skill_shot'}
2025-10-01 14:04:47,137 : INFO : Timer.skill_shot_timeout : Stopping Timer
2025-10-01 14:04:47,137 : INFO : EventManager : Event: ======'timer_skill_shot_timeout_stopped'====== Args={'ticks': 0, 'ticks_remaining': 0}
2025-10-01 14:04:47,165 : INFO : ball_device.bd_plunger : Got eject confirm
2025-10-01 14:04:47,165 : INFO : ball_device.bd_plunger : Eject successful
2025-10-01 14:04:47,165 : INFO : EventManager : Event: ======'balldevice_bd_plunger_ball_eject_success'====== Args={'balls': 1, 'target': <playfield.playfield>}
2025-10-01 14:04:47,166 : INFO : EventManager : Event: ======'balldevice_playfield_ball_enter'====== Args={'new_balls': 1, 'unclaimed_balls': 1, 'device': <playfield.playfield>}
2025-10-01 14:04:47,166 : INFO : EventManager : Event: ======'playfield_ball_count_change'====== Args={'balls': 1, 'change': 1}
2025-10-01 14:04:47,167 : INFO : EventManager : Event: ======'balldevice_bd_plunger_ball_count_changed'====== Args={'balls': 0}
2025-10-01 14:04:47,168 : INFO : ball_device.bd_plunger : State: idle
2025-10-01 14:04:47,174 : INFO : SwitchController : <<<<<<< 's_tshirt_top_standup' inactive >>>>>>>
2025-10-01 14:04:47,179 : INFO : EventManager : Event: ======'slide_skillshot_overlay_inactive'====== Args={'is_removing': True, '_from_bcp': True}
2025-10-01 14:04:47,179 : INFO : EventManager : Event: ======'slide_score_overlay_active'====== Args={'_from_bcp': True}
2025-10-01 14:04:47,180 : INFO : EventManager : Event: ======'slide_skillshot_overlay_removed'====== Args={'_from_bcp': True}
2025-10-01 14:04:47,182 : INFO : EventManager : Event: ======'slide_skillshot_success_overlay_created'====== Args={'_from_bcp': True}
2025-10-01 14:04:47,182 : INFO : EventManager : Event: ======'slide_score_overlay_inactive'====== Args={'is_removing': False, '_from_bcp': True}
2025-10-01 14:04:47,182 : INFO : EventManager : Event: ======'slide_skillshot_success_overlay_active'====== Args={'original_context': 'skill_shot', 'original_calling_context': 'skill_success', 'priority': 500.0, 'cmd': 'slides_play', '_from_bcp': True}
2025-10-01 14:04:47,183 : INFO : EventManager : Event: ======'slide_skillshot_success_overlay_inactive'====== Args={'is_removing': True, '_from_bcp': True}
2025-10-01 14:04:47,183 : INFO : EventManager : Event: ======'slide_score_overlay_active'====== Args={'_from_bcp': True}
2025-10-01 14:04:47,184 : INFO : EventManager : Event: ======'slide_skillshot_success_overlay_removed'====== Args={'_from_bcp': True}
2025-10-01 14:04:48,775 : INFO : EventManager : Event: ======'ball_save_default_hurry_up'====== Args={}
2025-10-01 14:04:50,793 : INFO : EventManager : Event: ======'ball_save_default_grace_period'====== Args={}
2025-10-01 14:04:52,487 : INFO : SwitchController : <<<<<<< 's_scoop' active >>>>>>>
2025-10-01 14:04:52,488 : INFO : EventManager : Event: ======'s_scoop_active'====== Args={}
2025-10-01 14:04:52,488 : INFO : EventManager : Event: ======'machine_var_audits_switches_s_scoop'====== Args={'value': 145, 'prev_value': 144, 'change': 1}
2025-10-01 14:04:52,488 : INFO : EventManager : Event: ======'scoop_hit'====== Args={'elapsed': 0}
2025-10-01 14:04:52,489 : INFO : EventManager : Event: ======'carousel_intergalactic_selected'====== Args={}
2025-10-01 14:04:52,489 : INFO : EventManager : Event: ======'carousel_item_selected'====== Args={}
2025-10-01 14:04:52,489 : INFO : EventManager : Event: ======'player_score'====== Args={'value': 2007320, 'prev_value': 2005010, 'change': 2310, 'player_num': 1, 'source': 'base'}
2025-10-01 14:04:52,489 : INFO : EventManager : Event: ======'mode_intergalactic_will_start'====== Args={}
2025-10-01 14:04:52,491 : INFO : EventManager : Event: ======'player_intergalactic_intro_show_tick'====== Args={'value': 0, 'prev_value': 0, 'change': 0, 'player_num': 1}
2025-10-01 14:04:52,493 : INFO : EventManager : Event: ======'mode_intergalactic_starting'====== Args={}
2025-10-01 14:04:52,493 : INFO : EventManager : Event: ======'player_selected_mode'====== Args={'value': 'Intergalactic', 'prev_value': 0, 'change': True, 'player_num': 1, 'source': 'carousel'}
2025-10-01 14:04:52,493 : INFO : EventManager : Event: ======'mode_carousel_will_stop'====== Args={}
2025-10-01 14:04:52,493 : INFO : EventManager : Event: ======'mode_carousel_stopping'====== Args={}
2025-10-01 14:04:52,495 : INFO : Mode.carousel : Stopped.
2025-10-01 14:04:52,495 : INFO : EventManager : Event: ======'modes_active_modes_changed'====== Args={}
2025-10-01 14:04:52,495 : INFO : EventManager : Event: ======'mode_carousel_stopped'====== Args={}
2025-10-01 14:04:52,495 : INFO : EventManager : Event: ======'clear'====== Args={'key': 'carousel'}
2025-10-01 14:04:52,518 : INFO : EventManager : Event: ======'logicblock_intergalactic_shot_1_updated'====== Args={'value': 0, 'enabled': True}
2025-10-01 14:04:52,519 : INFO : EventManager : Event: ======'logicblock_intergalactic_shot_1_updated'====== Args={'value': 0, 'enabled': True}
2025-10-01 14:04:52,519 : INFO : EventManager : Event: ======'logicblock_intergalactic_shot_2_updated'====== Args={'value': 0, 'enabled': False}
2025-10-01 14:04:52,519 : INFO : EventManager : Event: ======'logicblock_intergalactic_shot_3_updated'====== Args={'value': 0, 'enabled': False}
2025-10-01 14:04:52,519 : INFO : EventManager : Event: ======'logicblock_intergalactic_shot_4_updated'====== Args={'value': 0, 'enabled': False}
2025-10-01 14:04:52,519 : INFO : EventManager : Event: ======'logicblock_intergalactic_shot_5_updated'====== Args={'value': 0, 'enabled': False}
2025-10-01 14:04:52,519 : INFO : Mode.intergalactic : Started. Priority: 1000
2025-10-01 14:04:52,519 : INFO : EventManager : Event: ======'modes_active_modes_changed'====== Args={}
2025-10-01 14:04:52,520 : INFO : EventManager : Event: ======'mode_intergalactic_started'====== Args={}
2025-10-01 14:04:52,520 : INFO : Timer.intro_show : Starting Timer.
2025-10-01 14:04:52,520 : INFO : EventManager : Event: ======'timer_intro_show_started'====== Args={'ticks': 0, 'ticks_remaining': 9}
2025-10-01 14:04:52,520 : INFO : EventManager : Event: ======'timer_intro_show_tick'====== Args={'ticks': 0, 'ticks_remaining': 9}
2025-10-01 14:04:52,521 : INFO : EventManager : Event: ======'player_intro_show_variable_times_100'====== Args={'value': 0, 'prev_value': 0, 'change': 0, 'player_num': 1, 'source': 'intergalactic'}
2025-10-01 14:04:52,536 : INFO : EventManager : Event: ======'slide_current_mode_highlighted_removed'====== Args={'_from_bcp': True}
2025-10-01 14:04:52,537 : INFO : EventManager : Event: ======'slide_base_removed'====== Args={'_from_bcp': True}
2025-10-01 14:04:52,559 : INFO : EventManager : Event: ======'slide_intergalactic_created'====== Args={'_from_bcp': True}
2025-10-01 14:04:52,778 : INFO : EventManager : Event: ======'ball_save_default_disabled'====== Args={}
2025-10-01 14:04:52,996 : INFO : EventManager : Event: ======'balldevice_bd_scoop_ball_count_changed'====== Args={'balls': 1}
2025-10-01 14:04:52,997 : INFO : ball_device.bd_scoop : Received unexpected ball
2025-10-01 14:04:52,997 : INFO : EventManager : Event: ======'balldevice_captured_from_playfield'====== Args={'balls': 1}
2025-10-01 14:04:52,997 : INFO : EventManager : Event: ======'sw_playfield_active'====== Args={'balls': 1}
2025-10-01 14:04:52,998 : INFO : EventManager : Event: ======'playfield_ball_count_change'====== Args={'balls': 0, 'change': -1}
2025-10-01 14:04:52,998 : INFO : EventManager : Event: ======'balldevice_bd_scoop_ball_enter'====== Args={'new_balls': 1, 'unclaimed_balls': 1, 'new_available_balls': 1, 'device': <ball_device.bd_scoop>}
2025-10-01 14:04:53,000 : INFO : EventManager : Event: ======'ball_hold_scoop_hold_held_ball'====== Args={'balls_held': 1, 'total_balls_held': 1}
2025-10-01 14:04:53,000 : INFO : EventManager : Event: ======'ball_hold_scoop_hold_full'====== Args={'balls': 1}
2025-10-01 14:04:53,001 : INFO : EventManager : Event: ======'balldevice_balls_available'====== Args={}
2025-10-01 14:04:53,001 : INFO : EventManager : Event: ======'balldevice_bd_scoop_ball_entered'====== Args={'new_balls': 1, 'device': <ball_device.bd_scoop>}
2025-10-01 14:04:53,394 : INFO : Machine : Shutting down...
2025-10-01 14:04:53,394 : INFO : EventManager : Event: ======'shutdown'====== Args={}
2025-10-01 14:04:53,395 : INFO : EventManager : Event: ======'mode_game_will_stop'====== Args={}
2025-10-01 14:04:53,396 : INFO : EventManager : Event: ======'mode_game_stopping'====== Args={}
2025-10-01 14:04:53,396 : INFO : EventManager : Event: ======'mode_base_will_stop'====== Args={}
2025-10-01 14:04:53,396 : INFO : EventManager : Event: ======'mode_base_stopping'====== Args={}
2025-10-01 14:04:53,396 : INFO : EventManager : Event: ======'mode_intergalactic_will_stop'====== Args={}
2025-10-01 14:04:53,396 : INFO : EventManager : Event: ======'mode_intergalactic_stopping'====== Args={}
2025-10-01 14:04:53,397 : INFO : Mode.intergalactic : Stopped.
2025-10-01 14:04:53,397 : INFO : EventManager : Event: ======'modes_active_modes_changed'====== Args={}
2025-10-01 14:04:53,397 : INFO : EventManager : Event: ======'mode_intergalactic_stopped'====== Args={}
2025-10-01 14:04:53,397 : INFO : EventManager : Event: ======'clear'====== Args={'key': 'intergalactic'}
2025-10-01 14:04:53,397 : INFO : Timer.intro_show : Stopping Timer
2025-10-01 14:04:53,397 : INFO : EventManager : Event: ======'timer_intro_show_stopped'====== Args={'ticks': 0, 'ticks_remaining': 9}
2025-10-01 14:04:53,398 : INFO : Mode.base : Stopped.
2025-10-01 14:04:53,398 : INFO : EventManager : Event: ======'modes_active_modes_changed'====== Args={}
2025-10-01 14:04:53,398 : INFO : EventManager : Event: ======'mode_base_stopped'====== Args={}
2025-10-01 14:04:53,398 : INFO : EventManager : Event: ======'clear'====== Args={'key': 'base'}
2025-10-01 14:04:53,398 : INFO : Mode.game : Stopped.
2025-10-01 14:04:53,398 : INFO : EventManager : Event: ======'modes_active_modes_changed'====== Args={}
2025-10-01 14:04:53,398 : INFO : EventManager : Event: ======'mode_game_stopped'====== Args={}
2025-10-01 14:04:53,398 : INFO : EventManager : Event: ======'clear'====== Args={'key': 'game'}
2025-10-01 14:04:53,431 : INFO : root : MPF run loop ended.
