2025-09-30 19:18:29,588 : INFO : root : Loading MPF Monitor Version 0.57.1
2025-09-30 19:18:29,648 : INFO : Core : Looking for MPF at localhost:5051
2025-09-30 19:18:30,649 : INFO : BCP Client : Connected to MPF
2025-09-30 19:19:53,228 : INFO : BCP Client : Connected to MPF
2025-09-30 19:20:19,261 : INFO : BCP Client : Connected to MPF
2025-09-30 19:24:36,391 : INFO : BCP Client : Connected to MPF
2025-09-30 19:27:30,424 : INFO : BCP Client : Connected to MPF
2025-09-30 19:28:22,993 : INFO : BCP Client : Connected to MPF
2025-09-30 19:29:34,570 : INFO : BCP Client : Connected to MPF
2025-09-30 19:34:30,150 : INFO : BCP Client : Connected to MPF
2025-09-30 19:35:37,364 : INFO : BCP Client : Connected to MPF
2025-09-30 19:37:49,283 : INFO : BCP Client : Connected to MPF
2025-09-30 19:43:40,280 : INFO : BCP Client : Connected to MPF
2025-09-30 19:46:12,956 : INFO : BCP Client : Connected to MPF
2025-09-30 19:48:42,721 : INFO : BCP Client : Connected to MPF
2025-09-30 19:50:36,818 : INFO : BCP Client : Connected to MPF
2025-09-30 19:56:05,993 : INFO : BCP Client : Connected to MPF
2025-09-30 20:18:30,956 : INFO : BCP Client : Connected to MPF
2025-09-30 20:26:48,330 : INFO : root : MPF Monitor run loop ended.
2025-09-30 20:26:48,331 : INFO : root : Stopping child threads... (0 remaining)
2025-09-30 20:26:48,332 : INFO : root : All child threads stopped.
