2025-09-28 16:33:53,183 : INFO : root : Loading config.
2025-09-28 16:33:53,188 : INFO : YamlMultifileConfigLoader : Machine config file #1: config.yaml
2025-09-28 16:33:53,189 : WARNING : ConfigProcessor : Config file in cache changed: C:\venv\mpf\mmmdrop\config\config.yaml
2025-09-28 16:33:53,190 : INFO : ConfigProcessor : Loading config from file c:\venv\mpf\lib\site-packages\mpf\mpfconfig.yaml.
2025-09-28 16:33:53,204 : INFO : ConfigProcessor : Loading config: c:\venv\mpf\lib\site-packages\mpf\mpfconfig.yaml
2025-09-28 16:33:53,204 : INFO : ConfigProcessor : Loading config from file C:\venv\mpf\mmmdrop\config\config.yaml.
2025-09-28 16:33:53,210 : INFO : ConfigProcessor : Loading config: C:\venv\mpf\mmmdrop\config\config.yaml
2025-09-28 16:33:53,213 : INFO : ConfigProcessor : Loading config: C:\venv\mpf\mmmdrop\config\coils.yaml
2025-09-28 16:33:53,217 : INFO : ConfigProcessor : Loading config: C:\venv\mpf\mmmdrop\config\switches.yaml
2025-09-28 16:33:53,221 : INFO : ConfigProcessor : Config file cache created: C:\Users\sdona\AppData\Local\Temp\19f6d0d7953982fda9d956182316b8e5.mpf_cache
2025-09-28 16:33:53,382 : INFO : ConfigProcessor : Loading config from cache: C:\Users\sdona\AppData\Local\Temp\835b5bfea4be8b279a05e96caaaffbbb.mpf_cache
2025-09-28 16:33:53,383 : INFO : ConfigProcessor : Loading config from cache: C:\Users\sdona\AppData\Local\Temp\9b0a7575388f9d9bd2f6ab87bf9fd2f7.mpf_cache
2025-09-28 16:33:53,384 : INFO : ConfigProcessor : Loading config from cache: C:\Users\sdona\AppData\Local\Temp\c340ec0033d1055cd797ffd5447ef414.mpf_cache
2025-09-28 16:33:53,385 : INFO : ConfigProcessor : Loading config from cache: C:\Users\sdona\AppData\Local\Temp\835b5bfea4be8b279a05e96caaaffbbb.mpf_cache
2025-09-28 16:33:53,386 : INFO : ConfigProcessor : Loading config from file C:\venv\mpf\mmmdrop\modes\carousel\config\carousel.yaml.
2025-09-28 16:33:53,388 : INFO : ConfigProcessor : Loading config: C:\venv\mpf\mmmdrop\modes\carousel\config\carousel.yaml
2025-09-28 16:33:53,389 : INFO : ConfigProcessor : Config file cache created: C:\Users\sdona\AppData\Local\Temp\f0c219a993d891ee86dcb7eae47dde67.mpf_cache
2025-09-28 16:33:53,390 : INFO : ConfigProcessor : Loading config from file C:\venv\mpf\mmmdrop\modes\intergalactic\config\intergalactic.yaml.
2025-09-28 16:33:53,393 : INFO : ConfigProcessor : Loading config: C:\venv\mpf\mmmdrop\modes\intergalactic\config\intergalactic.yaml
2025-09-28 16:33:53,394 : INFO : ConfigProcessor : Config file cache created: C:\Users\sdona\AppData\Local\Temp\96aa58108928490b129531848cd9b506.mpf_cache
2025-09-28 16:33:53,395 : INFO : Machine : Mission Pinball Framework Core Engine v0.80.0.dev9
2025-09-28 16:33:53,395 : INFO : Machine : Command line arguments: {'no_load_cache': False, 'create_config_cache': True, 'bcp': True, 'configfile': ['config.yaml'], 'force_assets_load': False, 'platform_integration_test': False, 'jsonlogging': False, 'logfile': 'logs\\2025-09-28-16-33-53-mpf-PinballLaptop.log', 'pause': False, 'production': False, 'text_ui': True, 'loglevel': 15, 'consoleloglevel': 20, 'force_platform': 'smart_virtual', 'syslog_address': None, 'full_logfile_path': 'C:\\venv\\mpf\\mmmdrop\\logs\\2025-09-28-16-33-53-mpf-PinballLaptop.log'}
2025-09-28 16:33:53,395 : INFO : Machine : MPF path: c:\venv\mpf\lib\site-packages\mpf
2025-09-28 16:33:53,396 : INFO : Machine : Machine path: C:\venv\mpf\mmmdrop
2025-09-28 16:33:53,396 : INFO : Machine : Platform: win32
2025-09-28 16:33:53,396 : INFO : Machine : Python executable location: c:\venv\mpf\Scripts\python.exe
2025-09-28 16:33:53,396 : INFO : Machine : Python version: 3.9.13 (64-bit)
2025-09-28 16:33:53,399 : INFO : Machine : Initializing MPF...
2025-09-28 16:33:53,740 : INFO : EventManager : Event: ======'machine_var_credits_string'====== Args={'value': 'FREE PLAY', 'prev_value': None, 'change': True}
2025-09-28 16:33:53,781 : INFO : EventManager : Event: ======'machine_var_fast_audio_headphones_volume'====== Args={'value': 10, 'prev_value': None, 'change': True}
2025-09-28 16:33:53,781 : INFO : EventManager : Event: ======'machine_var_fast_audio_main_volume'====== Args={'value': 44, 'prev_value': None, 'change': True}
2025-09-28 16:33:53,781 : INFO : EventManager : Event: ======'machine_var_master_volume'====== Args={'value': 0.15, 'prev_value': None, 'change': True}
2025-09-28 16:33:53,781 : INFO : EventManager : Event: ======'machine_var_player1_score'====== Args={'value': 140190, 'prev_value': None, 'change': True}
2025-09-28 16:33:53,781 : INFO : EventManager : Event: ======'machine_var_mpf_version'====== Args={'value': 'Mission Pinball Framework v0.80.0.dev9', 'prev_value': None, 'change': True}
2025-09-28 16:33:53,782 : INFO : EventManager : Event: ======'machine_var_mpf_extended_version'====== Args={'value': 'Mission Pinball Framework v0.80.0.dev9, Config version:6, Show version: 6, BCP version:1.1', 'prev_value': None, 'change': True}
2025-09-28 16:33:53,782 : INFO : EventManager : Event: ======'machine_var_python_version'====== Args={'value': '3.9.13', 'prev_value': None, 'change': True}
2025-09-28 16:33:53,821 : INFO : EventManager : Event: ======'machine_var_platform'====== Args={'value': 'Windows-10-10.0.26100-SP0', 'prev_value': None, 'change': True}
2025-09-28 16:33:53,821 : INFO : EventManager : Event: ======'machine_var_platform_system'====== Args={'value': 'Windows', 'prev_value': None, 'change': True}
2025-09-28 16:33:53,821 : INFO : EventManager : Event: ======'machine_var_platform_release'====== Args={'value': '10', 'prev_value': None, 'change': True}
2025-09-28 16:33:53,821 : INFO : EventManager : Event: ======'machine_var_platform_version'====== Args={'value': '10.0.26100', 'prev_value': None, 'change': True}
2025-09-28 16:33:53,822 : INFO : EventManager : Event: ======'machine_var_platform_machine'====== Args={'value': 'AMD64', 'prev_value': None, 'change': True}
2025-09-28 16:33:53,822 : INFO : EventManager : Event: ======'machine_var_log_file_path'====== Args={'value': 'C:\\venv\\mpf\\mmmdrop\\logs\\2025-09-28-16-33-53-mpf-PinballLaptop.log', 'prev_value': None, 'change': True}
2025-09-28 16:33:53,822 : INFO : EventManager : Event: ======'init_phase_1'====== Args={}
2025-09-28 16:33:53,834 : ERROR : asyncio : Exception in callback EventManager._async_handler_done(<QueuedEvent>)(<Task finishe... scoop_hit"')>) at c:\venv\mpf\lib\site-packages\mpf\core\events.py:124
handle: <Handle EventManager._async_handler_done(<QueuedEvent>)(<Task finishe... scoop_hit"')>) at c:\venv\mpf\lib\site-packages\mpf\core\events.py:124>
Traceback (most recent call last):
  File "C:\Program Files\Python39\lib\asyncio\events.py", line 80, in _run
    self._context.run(self._callback, *self._args)
  File "c:\venv\mpf\lib\site-packages\mpf\core\events.py", line 127, in _async_handler_done
    future.result()
  File "c:\venv\mpf\lib\site-packages\mpf\core\mode_controller.py", line 119, in load_modes
    self.machine.modes[mode] = self._load_mode(mode)
  File "c:\venv\mpf\lib\site-packages\mpf\core\mode_controller.py", line 168, in _load_mode
    return mode_class(self.machine, config, mode_string, config['mode']['path'], config['mode']['asset_paths'])
  File "c:\venv\mpf\lib\site-packages\mpf\core\mode.py", line 77, in __init__
    self.configure_mode_settings(config.get('mode', dict()))
  File "c:\venv\mpf\lib\site-packages\mpf\core\mode.py", line 126, in configure_mode_settings
    self.machine.events.add_handler(event=event, handler=self.start,
  File "c:\venv\mpf\lib\site-packages\mpf\core\events.py", line 235, in add_handler
    event, condition, additional_priority = self.get_event_and_condition_from_string(event)
  File "c:\venv\mpf\lib\site-packages\mpf\core\events.py", line 94, in get_event_and_condition_from_string
    raise ValueError('Cannot handle events with spaces in the event name, '
ValueError: Cannot handle events with spaces in the event name, please remedy "carousel_intergalactic_selected AND scoop_hit"
2025-09-28 16:33:53,918 : INFO : Machine : Starting the main run loop with active modes: []
2025-09-28 16:33:53,918 : WARNING : Machine : Attract mode is not active, game will not be playable. Please check your attract mode configuration.
2025-09-28 16:33:53,918 : INFO : Machine : Shutting down...
2025-09-28 16:33:53,918 : INFO : EventManager : Event: ======'shutdown'====== Args={}
2025-09-28 16:33:54,932 : ERROR : Machine : Runtime Exception
Traceback (most recent call last):
  File "c:\venv\mpf\lib\site-packages\mpf\core\machine.py", line 808, in _run_loop
    raise self._exception['exception']
  File "C:\Program Files\Python39\lib\asyncio\events.py", line 80, in _run
    self._context.run(self._callback, *self._args)
  File "c:\venv\mpf\lib\site-packages\mpf\core\events.py", line 127, in _async_handler_done
    future.result()
  File "c:\venv\mpf\lib\site-packages\mpf\core\mode_controller.py", line 119, in load_modes
    self.machine.modes[mode] = self._load_mode(mode)
  File "c:\venv\mpf\lib\site-packages\mpf\core\mode_controller.py", line 168, in _load_mode
    return mode_class(self.machine, config, mode_string, config['mode']['path'], config['mode']['asset_paths'])
  File "c:\venv\mpf\lib\site-packages\mpf\core\mode.py", line 77, in __init__
    self.configure_mode_settings(config.get('mode', dict()))
  File "c:\venv\mpf\lib\site-packages\mpf\core\mode.py", line 126, in configure_mode_settings
    self.machine.events.add_handler(event=event, handler=self.start,
  File "c:\venv\mpf\lib\site-packages\mpf\core\events.py", line 235, in add_handler
    event, condition, additional_priority = self.get_event_and_condition_from_string(event)
  File "c:\venv\mpf\lib\site-packages\mpf\core\events.py", line 94, in get_event_and_condition_from_string
    raise ValueError('Cannot handle events with spaces in the event name, '
ValueError: Cannot handle events with spaces in the event name, please remedy "carousel_intergalactic_selected AND scoop_hit"
2025-09-28 16:33:57,824 : INFO : root : MPF run loop ended.
