2025-10-02 17:34:58,893 : INFO : root : Loading config.
2025-10-02 17:34:58,897 : INFO : YamlMultifileConfigLoader : Machine config file #1: config.yaml
2025-10-02 17:34:58,898 : WARNING : ConfigProcessor : Config file in cache changed: C:\venv\mpf\mmmdrop\config\config.yaml
2025-10-02 17:34:58,898 : INFO : ConfigProcessor : Loading config from file c:\venv\mpf\lib\site-packages\mpf\mpfconfig.yaml.
2025-10-02 17:34:58,907 : INFO : ConfigProcessor : Loading config: c:\venv\mpf\lib\site-packages\mpf\mpfconfig.yaml
2025-10-02 17:34:58,907 : INFO : ConfigProcessor : Loading config from file C:\venv\mpf\mmmdrop\config\config.yaml.
2025-10-02 17:34:58,911 : INFO : ConfigProcessor : Loading config: C:\venv\mpf\mmmdrop\config\config.yaml
2025-10-02 17:34:58,912 : INFO : ConfigProcessor : Loading config: C:\venv\mpf\mmmdrop\config\coils.yaml
2025-10-02 17:34:58,915 : INFO : ConfigProcessor : Loading config: C:\venv\mpf\mmmdrop\config\switches.yaml
2025-10-02 17:34:58,919 : INFO : ConfigProcessor : Loading config: C:\venv\mpf\mmmdrop\config\lights.yaml
2025-10-02 17:34:58,921 : INFO : ConfigProcessor : Config file cache created: C:\Users\sdona\AppData\Local\Temp\19f6d0d7953982fda9d956182316b8e5.mpf_cache
2025-10-02 17:34:59,024 : INFO : ConfigProcessor : Loading config from cache: C:\Users\sdona\AppData\Local\Temp\835b5bfea4be8b279a05e96caaaffbbb.mpf_cache
2025-10-02 17:34:59,026 : INFO : ConfigProcessor : Loading config from cache: C:\Users\sdona\AppData\Local\Temp\9b0a7575388f9d9bd2f6ab87bf9fd2f7.mpf_cache
2025-10-02 17:34:59,027 : INFO : ConfigProcessor : Loading config from cache: C:\Users\sdona\AppData\Local\Temp\c340ec0033d1055cd797ffd5447ef414.mpf_cache
2025-10-02 17:34:59,042 : INFO : ConfigProcessor : Loading config from cache: C:\Users\sdona\AppData\Local\Temp\835b5bfea4be8b279a05e96caaaffbbb.mpf_cache
2025-10-02 17:34:59,043 : INFO : ConfigProcessor : Loading config from cache: C:\Users\sdona\AppData\Local\Temp\8c11a28e3c38d4ad47947b6a126f2ee9.mpf_cache
2025-10-02 17:34:59,044 : INFO : ConfigProcessor : Loading config from cache: C:\Users\sdona\AppData\Local\Temp\f0c219a993d891ee86dcb7eae47dde67.mpf_cache
2025-10-02 17:34:59,045 : INFO : ConfigProcessor : Loading config from cache: C:\Users\sdona\AppData\Local\Temp\96aa58108928490b129531848cd9b506.mpf_cache
2025-10-02 17:34:59,045 : INFO : ConfigProcessor : Loading config from cache: C:\Users\sdona\AppData\Local\Temp\567636b9d9766e3361204e954a8382da.mpf_cache
2025-10-02 17:34:59,046 : INFO : ConfigProcessor : Loading config from cache: C:\Users\sdona\AppData\Local\Temp\e391083cdc9e667060411fe5838e93f2.mpf_cache
2025-10-02 17:34:59,059 : INFO : Machine : Mission Pinball Framework Core Engine v0.80.0.dev9
2025-10-02 17:34:59,059 : INFO : Machine : Command line arguments: {'no_load_cache': False, 'create_config_cache': True, 'bcp': True, 'configfile': ['config.yaml'], 'force_assets_load': False, 'platform_integration_test': False, 'jsonlogging': False, 'logfile': 'logs\\2025-10-02-17-34-58-mpf-PinballLaptop.log', 'pause': False, 'production': False, 'text_ui': True, 'loglevel': 15, 'consoleloglevel': 20, 'force_platform': 'smart_virtual', 'syslog_address': None, 'full_logfile_path': 'C:\\venv\\mpf\\mmmdrop\\logs\\2025-10-02-17-34-58-mpf-PinballLaptop.log'}
2025-10-02 17:34:59,059 : INFO : Machine : MPF path: c:\venv\mpf\lib\site-packages\mpf
2025-10-02 17:34:59,059 : INFO : Machine : Machine path: C:\venv\mpf\mmmdrop
2025-10-02 17:34:59,060 : INFO : Machine : Platform: win32
2025-10-02 17:34:59,060 : INFO : Machine : Python executable location: c:\venv\mpf\Scripts\python.exe
2025-10-02 17:34:59,060 : INFO : Machine : Python version: 3.9.13 (64-bit)
2025-10-02 17:34:59,062 : INFO : Machine : Initializing MPF...
2025-10-02 17:34:59,266 : INFO : EventManager : Event: ======'machine_var_credits_string'====== Args={'value': 'FREE PLAY', 'prev_value': None, 'change': True}
2025-10-02 17:34:59,290 : INFO : EventManager : Event: ======'machine_var_fast_audio_headphones_volume'====== Args={'value': 10, 'prev_value': None, 'change': True}
2025-10-02 17:34:59,290 : INFO : EventManager : Event: ======'machine_var_fast_audio_main_volume'====== Args={'value': 44, 'prev_value': None, 'change': True}
2025-10-02 17:34:59,290 : INFO : EventManager : Event: ======'machine_var_master_volume'====== Args={'value': 0.15, 'prev_value': None, 'change': True}
2025-10-02 17:34:59,290 : INFO : EventManager : Event: ======'machine_var_player1_score'====== Args={'value': 140190, 'prev_value': None, 'change': True}
2025-10-02 17:34:59,290 : INFO : EventManager : Event: ======'machine_var_mpf_version'====== Args={'value': 'Mission Pinball Framework v0.80.0.dev9', 'prev_value': None, 'change': True}
2025-10-02 17:34:59,290 : INFO : EventManager : Event: ======'machine_var_mpf_extended_version'====== Args={'value': 'Mission Pinball Framework v0.80.0.dev9, Config version:6, Show version: 6, BCP version:1.1', 'prev_value': None, 'change': True}
2025-10-02 17:34:59,291 : INFO : EventManager : Event: ======'machine_var_python_version'====== Args={'value': '3.9.13', 'prev_value': None, 'change': True}
2025-10-02 17:34:59,320 : INFO : EventManager : Event: ======'machine_var_platform'====== Args={'value': 'Windows-10-10.0.26100-SP0', 'prev_value': None, 'change': True}
2025-10-02 17:34:59,320 : INFO : EventManager : Event: ======'machine_var_platform_system'====== Args={'value': 'Windows', 'prev_value': None, 'change': True}
2025-10-02 17:34:59,320 : INFO : EventManager : Event: ======'machine_var_platform_release'====== Args={'value': '10', 'prev_value': None, 'change': True}
2025-10-02 17:34:59,320 : INFO : EventManager : Event: ======'machine_var_platform_version'====== Args={'value': '10.0.26100', 'prev_value': None, 'change': True}
2025-10-02 17:34:59,320 : INFO : EventManager : Event: ======'machine_var_platform_machine'====== Args={'value': 'AMD64', 'prev_value': None, 'change': True}
2025-10-02 17:34:59,320 : INFO : EventManager : Event: ======'machine_var_log_file_path'====== Args={'value': 'C:\\venv\\mpf\\mmmdrop\\logs\\2025-10-02-17-34-58-mpf-PinballLaptop.log', 'prev_value': None, 'change': True}
2025-10-02 17:34:59,320 : INFO : EventManager : Event: ======'init_phase_1'====== Args={}
2025-10-02 17:34:59,352 : INFO : EventManager : Event: ======'drop_target_bank_three_bank_up'====== Args={}
2025-10-02 17:34:59,353 : INFO : EventManager : Event: ======'logicblock_drop_target_bank_counter_updated'====== Args={'value': 0, 'enabled': True}
2025-10-02 17:34:59,353 : ERROR : asyncio : Task exception was never retrieved
future: <Task finished name='Task-124' coro=<LogicBlock.device_added_system_wide() done, defined at c:\venv\mpf\lib\site-packages\mpf\devices\logic_blocks.py:92> exception=ConfigFileError('Cannot set persist_state for system-wide logic_blocks')>
Traceback (most recent call last):
  File "c:\venv\mpf\lib\site-packages\mpf\devices\logic_blocks.py", line 101, in device_added_system_wide
    self.raise_config_error("Cannot set persist_state for system-wide logic_blocks", 1)
  File "c:\venv\mpf\lib\site-packages\mpf\core\logging.py", line 175, in raise_config_error
    raise ConfigFileError(msg, error_no, self.log.name if self.log else "", context, self._url_base) \
mpf.exceptions.config_file_error.ConfigFileError: Config File Error in counter.drop_target_bank_counter: Cannot set persist_state for system-wide logic_blocks Error Code: CFE-counter-1 (https://missionpinball.org/logs)
2025-10-02 17:34:59,373 : INFO : EventManager : Event: ======'init_phase_2'====== Args={}
2025-10-02 17:34:59,373 : INFO : Machine : Starting the main run loop with active modes: []
2025-10-02 17:34:59,373 : WARNING : Machine : Attract mode is not active, game will not be playable. Please check your attract mode configuration.
2025-10-02 17:34:59,373 : INFO : Machine : Shutting down...
2025-10-02 17:34:59,373 : INFO : EventManager : Event: ======'shutdown'====== Args={}
2025-10-02 17:34:59,374 : INFO : SwitchController : Found active switch: ('3208-0', <Platform.SmartVirtual>) <switch.s_trough1>
2025-10-02 17:34:59,374 : INFO : SwitchController : Found active switch: ('3208-1', <Platform.SmartVirtual>) <switch.s_trough2>
2025-10-02 17:34:59,374 : INFO : SwitchController : Found active switch: ('3208-2', <Platform.SmartVirtual>) <switch.s_trough3>
2025-10-02 17:34:59,374 : INFO : SwitchController : Found active switch: ('3208-3', <Platform.SmartVirtual>) <switch.s_trough4>
2025-10-02 17:34:59,374 : INFO : SwitchController : Found active switch: ('3208-4', <Platform.SmartVirtual>) <switch.s_trough5>
2025-10-02 17:34:59,376 : INFO : SwitchController : Found active switch: ('3208-5', <Platform.SmartVirtual>) <switch.s_trough6>
2025-10-02 17:34:59,381 : INFO : EventManager : Event: ======'bcp_connection_attempt'====== Args={'name': 'local_display', 'host': 'localhost', 'port': 5050}
2025-10-02 17:34:59,383 : ERROR : asyncio : Exception in callback EventManager.process_event_queue()
handle: <Handle EventManager.process_event_queue()>
Traceback (most recent call last):
  File "c:\venv\mpf\lib\site-packages\mpf\core\events.py", line 755, in _run_handlers
    result = handler.callback(**merged_kwargs)
  File "c:\venv\mpf\lib\site-packages\mpf\core\text_ui.py", line 459, in _bcp_connection_attempt
    self._pending_bcp_connection = PopUpDialog(self.screen,
  File "c:\venv\mpf\lib\site-packages\asciimatics\widgets\popupdialog.py", line 39, in __init__
    string_len = wcswidth if screen.unicode_aware else len
AttributeError: 'NoneType' object has no attribute 'unicode_aware'

The above exception was the direct cause of the following exception:

Traceback (most recent call last):
  File "C:\Program Files\Python39\lib\asyncio\events.py", line 80, in _run
    self._context.run(self._callback, *self._args)
  File "c:\venv\mpf\lib\site-packages\mpf\core\events.py", line 846, in process_event_queue
    self._process_event(event=event[0],
  File "c:\venv\mpf\lib\site-packages\mpf\core\events.py", line 808, in _process_event
    result = self._run_handlers(event, ev_type, kwargs)
  File "c:\venv\mpf\lib\site-packages\mpf\core\events.py", line 757, in _run_handlers
    raise EventHandlerException(
mpf.core.events.EventHandlerException: Exception while processing RegisteredHandler(callback=<bound method TextUi._bcp_connection_attempt of <mpf.core.text_ui.TextUi object at 0x000001D9F2DE33D0>>, priority=1, kwargs={}, key=UUID('02d1848b-3f4e-4315-850d-c2b7211a6c52'), condition=None, blocking_facility=None) for event bcp_connection_attempt. 'NoneType' object has no attribute 'unicode_aware'
2025-10-02 17:34:59,419 : INFO : BCPClientSocket : Connecting BCP to 'local_display' at localhost:5050...
2025-10-02 17:35:00,396 : ERROR : Machine : Runtime Exception
Traceback (most recent call last):
  File "c:\venv\mpf\lib\site-packages\mpf\core\machine.py", line 808, in _run_loop
    raise self._exception['exception']
  File "c:\venv\mpf\lib\site-packages\mpf\devices\logic_blocks.py", line 101, in device_added_system_wide
    self.raise_config_error("Cannot set persist_state for system-wide logic_blocks", 1)
  File "c:\venv\mpf\lib\site-packages\mpf\core\logging.py", line 175, in raise_config_error
    raise ConfigFileError(msg, error_no, self.log.name if self.log else "", context, self._url_base) \
mpf.exceptions.config_file_error.ConfigFileError: Config File Error in counter.drop_target_bank_counter: Cannot set persist_state for system-wide logic_blocks Error Code: CFE-counter-1 (https://missionpinball.org/logs)
2025-10-02 17:35:01,819 : INFO : root : MPF run loop ended.
