2025-10-22 17:12:39,926 : INFO : root : Loading config.
2025-10-22 17:12:39,929 : INFO : YamlMultifileConfigLoader : Machine config file #1: config.yaml
2025-10-22 17:12:39,930 : INFO : ConfigProcessor : Loading config from cache: C:\Users\sdona\AppData\Local\Temp\19f6d0d7953982fda9d956182316b8e5.mpf_cache
2025-10-22 17:12:40,030 : INFO : ConfigProcessor : Loading config from cache: C:\Users\sdona\AppData\Local\Temp\835b5bfea4be8b279a05e96caaaffbbb.mpf_cache
2025-10-22 17:12:40,030 : INFO : ConfigProcessor : Loading config from cache: C:\Users\sdona\AppData\Local\Temp\9b0a7575388f9d9bd2f6ab87bf9fd2f7.mpf_cache
2025-10-22 17:12:40,032 : INFO : ConfigProcessor : Loading config from cache: C:\Users\sdona\AppData\Local\Temp\c340ec0033d1055cd797ffd5447ef414.mpf_cache
2025-10-22 17:12:40,033 : INFO : ConfigProcessor : Loading config from cache: C:\Users\sdona\AppData\Local\Temp\835b5bfea4be8b279a05e96caaaffbbb.mpf_cache
2025-10-22 17:12:40,034 : INFO : ConfigProcessor : Loading config from cache: C:\Users\sdona\AppData\Local\Temp\8c11a28e3c38d4ad47947b6a126f2ee9.mpf_cache
2025-10-22 17:12:40,034 : INFO : ConfigProcessor : Loading config from cache: C:\Users\sdona\AppData\Local\Temp\e391083cdc9e667060411fe5838e93f2.mpf_cache
2025-10-22 17:12:40,035 : WARNING : ConfigProcessor : Config file in cache changed: C:\venv\mpf\mmmdrop\modes\carousel\config\carousel.yaml
2025-10-22 17:12:40,035 : INFO : ConfigProcessor : Loading config from file C:\venv\mpf\mmmdrop\modes\carousel\config\carousel.yaml.
2025-10-22 17:12:40,037 : INFO : ConfigProcessor : Loading config: C:\venv\mpf\mmmdrop\modes\carousel\config\carousel.yaml
2025-10-22 17:12:40,038 : INFO : ConfigProcessor : Config file cache created: C:\Users\sdona\AppData\Local\Temp\f0c219a993d891ee86dcb7eae47dde67.mpf_cache
2025-10-22 17:12:40,039 : INFO : ConfigProcessor : Loading config from cache: C:\Users\sdona\AppData\Local\Temp\96aa58108928490b129531848cd9b506.mpf_cache
2025-10-22 17:12:40,040 : INFO : ConfigProcessor : Loading config from cache: C:\Users\sdona\AppData\Local\Temp\567636b9d9766e3361204e954a8382da.mpf_cache
2025-10-22 17:12:40,041 : INFO : ConfigProcessor : Loading config from cache: C:\Users\sdona\AppData\Local\Temp\d5ead8dff868c6c4b1faf37537a19bc2.mpf_cache
2025-10-22 17:12:40,043 : INFO : ConfigProcessor : Loading config from cache: C:\Users\sdona\AppData\Local\Temp\112f935d1c2002cb40d3e6e497be9e7c.mpf_cache
2025-10-22 17:12:40,044 : INFO : ConfigProcessor : Loading config from cache: C:\Users\sdona\AppData\Local\Temp\aba0711976820dea629bb4c00b006efc.mpf_cache
2025-10-22 17:12:40,044 : INFO : ConfigProcessor : Loading config from cache: C:\Users\sdona\AppData\Local\Temp\de8ed6c6d4c48d1b5b054ff74222cb35.mpf_cache
2025-10-22 17:12:40,045 : INFO : ConfigProcessor : Loading config from cache: C:\Users\sdona\AppData\Local\Temp\e6b55d6a1c06b0dd6369c964181bf8d3.mpf_cache
2025-10-22 17:12:40,046 : INFO : ConfigProcessor : Loading config from cache: C:\Users\sdona\AppData\Local\Temp\2eef6648f7190b215d7c16d8157b8208.mpf_cache
2025-10-22 17:12:40,047 : INFO : ConfigProcessor : Loading config from cache: C:\Users\sdona\AppData\Local\Temp\5a7ad07f75832c2fa569d8508186f943.mpf_cache
2025-10-22 17:12:40,048 : INFO : ConfigProcessor : Loading config from cache: C:\Users\sdona\AppData\Local\Temp\711653a87803a851864824c720cfa295.mpf_cache
2025-10-22 17:12:40,048 : INFO : ConfigProcessor : Loading config from cache: C:\Users\sdona\AppData\Local\Temp\b049f3bb793752455511c0ce4851dcec.mpf_cache
2025-10-22 17:12:40,049 : INFO : ConfigProcessor : Loading config from cache: C:\Users\sdona\AppData\Local\Temp\4e6dd3b0a361d042ad5ab93a8cc8b437.mpf_cache
2025-10-22 17:12:40,049 : INFO : ConfigProcessor : Loading config from cache: C:\Users\sdona\AppData\Local\Temp\e97c871403fe82070ff249d62d7cfe22.mpf_cache
2025-10-22 17:12:40,050 : INFO : ConfigProcessor : Loading config from cache: C:\Users\sdona\AppData\Local\Temp\64b6da5876f56fc970400d85dfe882ec.mpf_cache
2025-10-22 17:12:40,050 : INFO : ConfigProcessor : Loading config from cache: C:\Users\sdona\AppData\Local\Temp\2816335dd466496617c9461f091e66f7.mpf_cache
2025-10-22 17:12:40,050 : INFO : ConfigProcessor : Loading config from cache: C:\Users\sdona\AppData\Local\Temp\6359f7257429add2d261e94bcafd60d5.mpf_cache
2025-10-22 17:12:40,052 : INFO : ConfigProcessor : Loading config from cache: C:\Users\sdona\AppData\Local\Temp\bed2bac5ea254e8ca98f6dd45e865fd8.mpf_cache
2025-10-22 17:12:40,052 : INFO : ConfigProcessor : Loading config from cache: C:\Users\sdona\AppData\Local\Temp\48e8797b77339ec89f8005d20046fbbb.mpf_cache
2025-10-22 17:12:40,053 : INFO : ConfigProcessor : Loading config from cache: C:\Users\sdona\AppData\Local\Temp\b0b8ed4dbd306ac2f063788d81ec6bc4.mpf_cache
2025-10-22 17:12:40,053 : INFO : ConfigProcessor : Loading config from cache: C:\Users\sdona\AppData\Local\Temp\98b42cbd2eba7845afea8d7862634639.mpf_cache
2025-10-22 17:12:40,053 : INFO : ConfigProcessor : Loading config from cache: C:\Users\sdona\AppData\Local\Temp\44893055a228bb5e0381bfc6f9c0abd7.mpf_cache
2025-10-22 17:12:40,054 : INFO : ConfigProcessor : Loading config from cache: C:\Users\sdona\AppData\Local\Temp\e134e8f85ba8fa9c3d7f1500ca292437.mpf_cache
2025-10-22 17:12:40,054 : INFO : ConfigProcessor : Loading config from cache: C:\Users\sdona\AppData\Local\Temp\b24b6909ee6e0520126bbce60d1ed210.mpf_cache
2025-10-22 17:12:40,055 : INFO : ConfigProcessor : Loading config from cache: C:\Users\sdona\AppData\Local\Temp\cba807ea4a81180f6dd01afffacec8ed.mpf_cache
2025-10-22 17:12:40,055 : INFO : ConfigProcessor : Loading config from cache: C:\Users\sdona\AppData\Local\Temp\f4dd4d2b5212b72c6e9e67ac9e704e63.mpf_cache
2025-10-22 17:12:40,057 : INFO : ConfigProcessor : Loading config from cache: C:\Users\sdona\AppData\Local\Temp\b47d9bb1214e11383bf30352af24a7d5.mpf_cache
2025-10-22 17:12:40,057 : INFO : ConfigProcessor : Loading config from cache: C:\Users\sdona\AppData\Local\Temp\23d7d59c131357e53b11dbd4a18e6a94.mpf_cache
2025-10-22 17:12:40,058 : INFO : ConfigProcessor : Loading config from cache: C:\Users\sdona\AppData\Local\Temp\989ee664052248e9552213e43037a565.mpf_cache
2025-10-22 17:12:40,058 : INFO : ConfigProcessor : Loading config from cache: C:\Users\sdona\AppData\Local\Temp\428bc1fa3c6dcaec1d63d9276cdb6405.mpf_cache
2025-10-22 17:12:40,059 : INFO : ConfigProcessor : Loading config from cache: C:\Users\sdona\AppData\Local\Temp\f071e720e1ef2a753ced60502153911a.mpf_cache
2025-10-22 17:12:40,060 : INFO : ConfigProcessor : Loading config from cache: C:\Users\sdona\AppData\Local\Temp\b4bf5fa77bdb26872f42159f572a3499.mpf_cache
2025-10-22 17:12:40,060 : INFO : ConfigProcessor : Loading config from cache: C:\Users\sdona\AppData\Local\Temp\cd6f6abb19272a94675a232f8f899ac9.mpf_cache
2025-10-22 17:12:40,060 : INFO : ConfigProcessor : Loading config from cache: C:\Users\sdona\AppData\Local\Temp\cbc61a9ec21d345237ebbced62572970.mpf_cache
2025-10-22 17:12:40,062 : INFO : ConfigProcessor : Loading config from cache: C:\Users\sdona\AppData\Local\Temp\c25e7c71bc90546538d4e68911be6658.mpf_cache
2025-10-22 17:12:40,062 : INFO : ConfigProcessor : Loading config from cache: C:\Users\sdona\AppData\Local\Temp\b7a51086f1e3c926b3977a0d025a1faa.mpf_cache
2025-10-22 17:12:40,063 : INFO : ConfigProcessor : Loading config from cache: C:\Users\sdona\AppData\Local\Temp\479eb3ca656e084fa2e092204a5b8039.mpf_cache
2025-10-22 17:12:40,064 : INFO : ConfigProcessor : Loading config from cache: C:\Users\sdona\AppData\Local\Temp\bdb81eccbf19551abd8bea5fafeca7c0.mpf_cache
2025-10-22 17:12:40,064 : INFO : ConfigProcessor : Loading config from cache: C:\Users\sdona\AppData\Local\Temp\8f065719b93e886777277178babee650.mpf_cache
2025-10-22 17:12:40,065 : INFO : ConfigProcessor : Loading config from cache: C:\Users\sdona\AppData\Local\Temp\7fef0463a0df344c3146c845257ec616.mpf_cache
2025-10-22 17:12:40,065 : INFO : ConfigProcessor : Loading config from cache: C:\Users\sdona\AppData\Local\Temp\a4f333ad36a077996c49298642b6bdcf.mpf_cache
2025-10-22 17:12:40,065 : INFO : ConfigProcessor : Loading config from cache: C:\Users\sdona\AppData\Local\Temp\e8d69d74f27089cda2650299e9916804.mpf_cache
2025-10-22 17:12:40,066 : INFO : ConfigProcessor : Loading config from cache: C:\Users\sdona\AppData\Local\Temp\05530f35bd950f18d27d3fd571d96823.mpf_cache
2025-10-22 17:12:40,067 : INFO : ConfigProcessor : Loading config from cache: C:\Users\sdona\AppData\Local\Temp\fc1e3f85304c911eb844eb65d36e61be.mpf_cache
2025-10-22 17:12:40,067 : INFO : ConfigProcessor : Loading config from cache: C:\Users\sdona\AppData\Local\Temp\53223d3922288729ee504c1b2a98bb55.mpf_cache
2025-10-22 17:12:40,067 : INFO : ConfigProcessor : Loading config from cache: C:\Users\sdona\AppData\Local\Temp\8d20136ddb274338050d1d1ccc1a5e4f.mpf_cache
2025-10-22 17:12:40,068 : INFO : ConfigProcessor : Loading config from cache: C:\Users\sdona\AppData\Local\Temp\1254d50720d6d5d0da0e84e29cdbaa7a.mpf_cache
2025-10-22 17:12:40,069 : INFO : ConfigProcessor : Loading config from cache: C:\Users\sdona\AppData\Local\Temp\1a7ae31e9f779b1261e3d1eee1831b27.mpf_cache
2025-10-22 17:12:40,071 : INFO : ConfigProcessor : Loading config from cache: C:\Users\sdona\AppData\Local\Temp\8e3ea42c38f2105e0d9462648474c540.mpf_cache
2025-10-22 17:12:40,071 : INFO : ConfigProcessor : Loading config from cache: C:\Users\sdona\AppData\Local\Temp\a61b86d39bcc5a5ea0a5885549542355.mpf_cache
2025-10-22 17:12:40,072 : INFO : Machine : Mission Pinball Framework Core Engine v0.80.0.dev9
2025-10-22 17:12:40,072 : INFO : Machine : Command line arguments: {'no_load_cache': False, 'create_config_cache': True, 'bcp': True, 'configfile': ['config.yaml'], 'force_assets_load': False, 'platform_integration_test': False, 'jsonlogging': False, 'logfile': 'logs\\2025-10-22-17-12-39-mpf-PinballLaptop.log', 'pause': False, 'production': False, 'text_ui': True, 'loglevel': 15, 'consoleloglevel': 20, 'force_platform': 'smart_virtual', 'syslog_address': None, 'full_logfile_path': 'C:\\venv\\mpf\\mmmdrop\\logs\\2025-10-22-17-12-39-mpf-PinballLaptop.log'}
2025-10-22 17:12:40,072 : INFO : Machine : MPF path: c:\venv\mpf\lib\site-packages\mpf
2025-10-22 17:12:40,072 : INFO : Machine : Machine path: C:\venv\mpf\mmmdrop
2025-10-22 17:12:40,072 : INFO : Machine : Platform: win32
2025-10-22 17:12:40,072 : INFO : Machine : Python executable location: c:\venv\mpf\Scripts\python.exe
2025-10-22 17:12:40,072 : INFO : Machine : Python version: 3.9.13 (64-bit)
2025-10-22 17:12:40,074 : INFO : Machine : Initializing MPF...
2025-10-22 17:12:40,294 : INFO : EventManager : Event: ======'machine_var_credits_string'====== Args={'value': 'FREE PLAY', 'prev_value': None, 'change': True}
2025-10-22 17:12:40,324 : INFO : EventManager : Event: ======'machine_var_fast_audio_headphones_volume'====== Args={'value': 10, 'prev_value': None, 'change': True}
2025-10-22 17:12:40,324 : INFO : EventManager : Event: ======'machine_var_fast_audio_main_volume'====== Args={'value': 44, 'prev_value': None, 'change': True}
2025-10-22 17:12:40,324 : INFO : EventManager : Event: ======'machine_var_master_volume'====== Args={'value': 0.55, 'prev_value': None, 'change': True}
2025-10-22 17:12:40,324 : INFO : EventManager : Event: ======'machine_var_player1_score'====== Args={'value': 25030460, 'prev_value': None, 'change': True}
2025-10-22 17:12:40,324 : INFO : EventManager : Event: ======'machine_var_game_just_played'====== Args={'value': 0, 'prev_value': None, 'change': True}
2025-10-22 17:12:40,324 : INFO : EventManager : Event: ======'machine_var_mpf_version'====== Args={'value': 'Mission Pinball Framework v0.80.0.dev9', 'prev_value': None, 'change': True}
2025-10-22 17:12:40,324 : INFO : EventManager : Event: ======'machine_var_mpf_extended_version'====== Args={'value': 'Mission Pinball Framework v0.80.0.dev9, Config version:6, Show version: 6, BCP version:1.1', 'prev_value': None, 'change': True}
2025-10-22 17:12:40,324 : INFO : EventManager : Event: ======'machine_var_python_version'====== Args={'value': '3.9.13', 'prev_value': None, 'change': True}
2025-10-22 17:12:40,355 : INFO : EventManager : Event: ======'machine_var_platform'====== Args={'value': 'Windows-10-10.0.26100-SP0', 'prev_value': None, 'change': True}
2025-10-22 17:12:40,355 : INFO : EventManager : Event: ======'machine_var_platform_system'====== Args={'value': 'Windows', 'prev_value': None, 'change': True}
2025-10-22 17:12:40,355 : INFO : EventManager : Event: ======'machine_var_platform_release'====== Args={'value': '10', 'prev_value': None, 'change': True}
2025-10-22 17:12:40,355 : INFO : EventManager : Event: ======'machine_var_platform_version'====== Args={'value': '10.0.26100', 'prev_value': None, 'change': True}
2025-10-22 17:12:40,355 : INFO : EventManager : Event: ======'machine_var_platform_machine'====== Args={'value': 'AMD64', 'prev_value': None, 'change': True}
2025-10-22 17:12:40,355 : INFO : EventManager : Event: ======'machine_var_log_file_path'====== Args={'value': 'C:\\venv\\mpf\\mmmdrop\\logs\\2025-10-22-17-12-39-mpf-PinballLaptop.log', 'prev_value': None, 'change': True}
2025-10-22 17:12:40,355 : INFO : EventManager : Event: ======'init_phase_1'====== Args={}
2025-10-22 17:12:40,408 : INFO : EventManager : Event: ======'drop_target_bank_three_bank_up'====== Args={}
2025-10-22 17:12:40,409 : INFO : EventManager : Event: ======'init_phase_2'====== Args={}
2025-10-22 17:12:40,409 : INFO : SwitchController : Found active switch: ('3208-0', <Platform.SmartVirtual>) <switch.s_trough1>
2025-10-22 17:12:40,409 : INFO : SwitchController : Found active switch: ('3208-1', <Platform.SmartVirtual>) <switch.s_trough2>
2025-10-22 17:12:40,409 : INFO : SwitchController : Found active switch: ('3208-2', <Platform.SmartVirtual>) <switch.s_trough3>
2025-10-22 17:12:40,409 : INFO : SwitchController : Found active switch: ('3208-3', <Platform.SmartVirtual>) <switch.s_trough4>
2025-10-22 17:12:40,410 : INFO : SwitchController : Found active switch: ('3208-4', <Platform.SmartVirtual>) <switch.s_trough5>
2025-10-22 17:12:40,410 : INFO : SwitchController : Found active switch: ('3208-5', <Platform.SmartVirtual>) <switch.s_trough6>
2025-10-22 17:12:40,426 : INFO : EventManager : Event: ======'bcp_connection_attempt'====== Args={'name': 'local_display', 'host': 'localhost', 'port': 5050}
2025-10-22 17:12:40,429 : INFO : BCPClientSocket : Connecting BCP to 'local_display' at localhost:5050...
2025-10-22 17:12:43,472 : INFO : BCPClientSocket : Connected BCP to 'local_display' localhost:5050
2025-10-22 17:12:43,473 : INFO : EventManager : Event: ======'bcp_clients_connected'====== Args={}
2025-10-22 17:12:43,622 : INFO : ball_device.bd_trough : BCH: Initial count: 6
2025-10-22 17:12:43,623 : INFO : ball_device.bd_trough : State: idle
2025-10-22 17:12:43,624 : INFO : ball_device.bd_plunger : BCH: Initial count: 0
2025-10-22 17:12:43,624 : INFO : ball_device.bd_plunger : State: idle
2025-10-22 17:12:43,625 : INFO : ball_device.bd_scoop : BCH: Initial count: 0
2025-10-22 17:12:43,626 : INFO : ball_device.bd_scoop : State: idle
2025-10-22 17:12:43,651 : INFO : EventManager : Event: ======'init_phase_3'====== Args={}
2025-10-22 17:12:43,669 : INFO : EventManager : Event: ======'init_phase_4'====== Args={}
2025-10-22 17:12:43,669 : INFO : BallController : Initial balls found: 6
2025-10-22 17:12:43,671 : INFO : EventManager : Event: ======'machine_var_audits_events_game_ended'====== Args={'value': 58, 'prev_value': None, 'change': True}
2025-10-22 17:12:43,671 : INFO : EventManager : Event: ======'machine_var_audits_events_game_started'====== Args={'value': 462, 'prev_value': None, 'change': True}
2025-10-22 17:12:43,671 : INFO : EventManager : Event: ======'machine_var_audits_missing_switches_s_captive_ball'====== Args={'value': 9, 'prev_value': None, 'change': True}
2025-10-22 17:12:43,672 : INFO : EventManager : Event: ======'machine_var_audits_missing_switches_s_center_upper_pop'====== Args={'value': 46, 'prev_value': None, 'change': True}
2025-10-22 17:12:43,672 : INFO : EventManager : Event: ======'machine_var_audits_missing_switches_s_inner_orbit'====== Args={'value': 3, 'prev_value': None, 'change': True}
2025-10-22 17:12:43,672 : INFO : EventManager : Event: ======'machine_var_audits_missing_switches_s_left_flipper'====== Args={'value': 12, 'prev_value': None, 'change': True}
2025-10-22 17:12:43,673 : INFO : EventManager : Event: ======'machine_var_audits_missing_switches_s_left_inlane'====== Args={'value': 118, 'prev_value': None, 'change': True}
2025-10-22 17:12:43,673 : INFO : EventManager : Event: ======'machine_var_audits_missing_switches_s_left_orbit'====== Args={'value': 8, 'prev_value': None, 'change': True}
2025-10-22 17:12:43,673 : INFO : EventManager : Event: ======'machine_var_audits_missing_switches_s_left_outlane'====== Args={'value': 206, 'prev_value': None, 'change': True}
2025-10-22 17:12:43,673 : INFO : EventManager : Event: ======'machine_var_audits_missing_switches_s_left_ramp'====== Args={'value': 8, 'prev_value': None, 'change': True}
2025-10-22 17:12:43,673 : INFO : EventManager : Event: ======'machine_var_audits_missing_switches_s_left_slingshot'====== Args={'value': 388, 'prev_value': None, 'change': True}
2025-10-22 17:12:43,673 : INFO : EventManager : Event: ======'machine_var_audits_missing_switches_s_left_upper_pop'====== Args={'value': 46, 'prev_value': None, 'change': True}
2025-10-22 17:12:43,673 : INFO : EventManager : Event: ======'machine_var_audits_missing_switches_s_plunger'====== Args={'value': 1, 'prev_value': None, 'change': True}
2025-10-22 17:12:43,673 : INFO : EventManager : Event: ======'machine_var_audits_missing_switches_s_pop_standup'====== Args={'value': 8, 'prev_value': None, 'change': True}
2025-10-22 17:12:43,674 : INFO : EventManager : Event: ======'machine_var_audits_missing_switches_s_right_flipper'====== Args={'value': 3, 'prev_value': None, 'change': True}
2025-10-22 17:12:43,674 : INFO : EventManager : Event: ======'machine_var_audits_missing_switches_s_right_inlane'====== Args={'value': 118, 'prev_value': None, 'change': True}
2025-10-22 17:12:43,674 : INFO : EventManager : Event: ======'machine_var_audits_missing_switches_s_right_lower_pop'====== Args={'value': 1, 'prev_value': None, 'change': True}
2025-10-22 17:12:43,674 : INFO : EventManager : Event: ======'machine_var_audits_missing_switches_s_right_orbit'====== Args={'value': 3, 'prev_value': None, 'change': True}
2025-10-22 17:12:43,674 : INFO : EventManager : Event: ======'machine_var_audits_missing_switches_s_right_outlane'====== Args={'value': 273, 'prev_value': None, 'change': True}
2025-10-22 17:12:43,674 : INFO : EventManager : Event: ======'machine_var_audits_missing_switches_s_right_ramp'====== Args={'value': 8, 'prev_value': None, 'change': True}
2025-10-22 17:12:43,674 : INFO : EventManager : Event: ======'machine_var_audits_missing_switches_s_right_slingshot'====== Args={'value': 238, 'prev_value': None, 'change': True}
2025-10-22 17:12:43,674 : INFO : EventManager : Event: ======'machine_var_audits_missing_switches_s_scoop'====== Args={'value': 7, 'prev_value': None, 'change': True}
2025-10-22 17:12:43,674 : INFO : EventManager : Event: ======'machine_var_audits_missing_switches_s_service_down'====== Args={'value': 107, 'prev_value': None, 'change': True}
2025-10-22 17:12:43,675 : INFO : EventManager : Event: ======'machine_var_audits_missing_switches_s_service_enter'====== Args={'value': 107, 'prev_value': None, 'change': True}
2025-10-22 17:12:43,675 : INFO : EventManager : Event: ======'machine_var_audits_missing_switches_s_service_esc'====== Args={'value': 107, 'prev_value': None, 'change': True}
2025-10-22 17:12:43,675 : INFO : EventManager : Event: ======'machine_var_audits_missing_switches_s_service_up'====== Args={'value': 80, 'prev_value': None, 'change': True}
2025-10-22 17:12:43,675 : INFO : EventManager : Event: ======'machine_var_audits_missing_switches_s_spinner'====== Args={'value': 22, 'prev_value': None, 'change': True}
2025-10-22 17:12:43,675 : INFO : EventManager : Event: ======'machine_var_audits_missing_switches_s_start'====== Args={'value': 46, 'prev_value': None, 'change': True}
2025-10-22 17:12:43,675 : INFO : EventManager : Event: ======'machine_var_audits_missing_switches_s_three_bank_bottom'====== Args={'value': 8, 'prev_value': None, 'change': True}
2025-10-22 17:12:43,675 : INFO : EventManager : Event: ======'machine_var_audits_missing_switches_s_three_bank_middle'====== Args={'value': 8, 'prev_value': None, 'change': True}
2025-10-22 17:12:43,675 : INFO : EventManager : Event: ======'machine_var_audits_missing_switches_s_three_bank_standup'====== Args={'value': 9, 'prev_value': None, 'change': True}
2025-10-22 17:12:43,676 : INFO : EventManager : Event: ======'machine_var_audits_missing_switches_s_three_bank_top'====== Args={'value': 1, 'prev_value': None, 'change': True}
2025-10-22 17:12:43,676 : INFO : EventManager : Event: ======'machine_var_audits_missing_switches_s_tilt_bob'====== Args={'value': 25, 'prev_value': None, 'change': True}
2025-10-22 17:12:43,676 : INFO : EventManager : Event: ======'machine_var_audits_missing_switches_s_top_right_flipper'====== Args={'value': 388, 'prev_value': None, 'change': True}
2025-10-22 17:12:43,676 : INFO : EventManager : Event: ======'machine_var_audits_missing_switches_s_trough1'====== Args={'value': 7, 'prev_value': None, 'change': True}
2025-10-22 17:12:43,676 : INFO : EventManager : Event: ======'machine_var_audits_missing_switches_s_trough2'====== Args={'value': 11, 'prev_value': None, 'change': True}
2025-10-22 17:12:43,676 : INFO : EventManager : Event: ======'machine_var_audits_missing_switches_s_trough3'====== Args={'value': 11, 'prev_value': None, 'change': True}
2025-10-22 17:12:43,676 : INFO : EventManager : Event: ======'machine_var_audits_missing_switches_s_trough4'====== Args={'value': 387, 'prev_value': None, 'change': True}
2025-10-22 17:12:43,676 : INFO : EventManager : Event: ======'machine_var_audits_missing_switches_s_trough5'====== Args={'value': 387, 'prev_value': None, 'change': True}
2025-10-22 17:12:43,677 : INFO : EventManager : Event: ======'machine_var_audits_missing_switches_s_trough6'====== Args={'value': 237, 'prev_value': None, 'change': True}
2025-10-22 17:12:43,677 : INFO : EventManager : Event: ======'machine_var_audits_missing_switches_s_trough_jam'====== Args={'value': 388, 'prev_value': None, 'change': True}
2025-10-22 17:12:43,677 : INFO : EventManager : Event: ======'machine_var_audits_missing_switches_s_tshirt_bottom_standup'====== Args={'value': 9, 'prev_value': None, 'change': True}
2025-10-22 17:12:43,677 : INFO : EventManager : Event: ======'machine_var_audits_missing_switches_s_tshirt_top_standup'====== Args={'value': 9, 'prev_value': None, 'change': True}
2025-10-22 17:12:43,677 : INFO : EventManager : Event: ======'machine_var_audits_missing_switches_s_upper_pop_standup'====== Args={'value': 9, 'prev_value': None, 'change': True}
2025-10-22 17:12:43,677 : INFO : EventManager : Event: ======'machine_var_audits_missing_switches_service_esc'====== Args={'value': 1, 'prev_value': None, 'change': True}
2025-10-22 17:12:43,677 : INFO : EventManager : Event: ======'machine_var_audits_player_score'====== Args={'value': {'average': 9078492, 'top': [147275560, 142237180, 85092890, 38155360, 32035610, 25030460, 6038970, 6022290, 6019980, 6019980], 'total': 62}, 'prev_value': None, 'change': True}
2025-10-22 17:12:43,677 : INFO : EventManager : Event: ======'machine_var_audits_shots_bottom_drop'====== Args={'value': 29, 'prev_value': None, 'change': True}
2025-10-22 17:12:43,677 : INFO : EventManager : Event: ======'machine_var_audits_shots_captive_ball'====== Args={'value': 7, 'prev_value': None, 'change': True}
2025-10-22 17:12:43,678 : INFO : EventManager : Event: ======'machine_var_audits_shots_inner_loop'====== Args={'value': 9, 'prev_value': None, 'change': True}
2025-10-22 17:12:43,678 : INFO : EventManager : Event: ======'machine_var_audits_shots_inner_loop_backdoor'====== Args={'value': 1, 'prev_value': None, 'change': True}
2025-10-22 17:12:43,678 : INFO : EventManager : Event: ======'machine_var_audits_shots_left_orbit'====== Args={'value': 10, 'prev_value': None, 'change': True}
2025-10-22 17:12:43,678 : INFO : EventManager : Event: ======'machine_var_audits_shots_left_ramp'====== Args={'value': 23, 'prev_value': None, 'change': True}
2025-10-22 17:12:43,678 : INFO : EventManager : Event: ======'machine_var_audits_shots_middle_drop'====== Args={'value': 22, 'prev_value': None, 'change': True}
2025-10-22 17:12:43,678 : INFO : EventManager : Event: ======'machine_var_audits_shots_pop3'====== Args={'value': 42, 'prev_value': None, 'change': True}
2025-10-22 17:12:43,679 : INFO : EventManager : Event: ======'machine_var_audits_shots_pop_standup'====== Args={'value': 26, 'prev_value': None, 'change': True}
2025-10-22 17:12:43,679 : INFO : EventManager : Event: ======'machine_var_audits_shots_right_orbit'====== Args={'value': 11, 'prev_value': None, 'change': True}
2025-10-22 17:12:43,679 : INFO : EventManager : Event: ======'machine_var_audits_shots_right_ramp'====== Args={'value': 22, 'prev_value': None, 'change': True}
2025-10-22 17:12:43,679 : INFO : EventManager : Event: ======'machine_var_audits_shots_scoop'====== Args={'value': 26, 'prev_value': None, 'change': True}
2025-10-22 17:12:43,679 : INFO : EventManager : Event: ======'machine_var_audits_shots_skill_captive'====== Args={'value': 16, 'prev_value': None, 'change': True}
2025-10-22 17:12:43,679 : INFO : EventManager : Event: ======'machine_var_audits_shots_skill_drop_targets'====== Args={'value': 240, 'prev_value': None, 'change': True}
2025-10-22 17:12:43,679 : INFO : EventManager : Event: ======'machine_var_audits_shots_skill_side_targets'====== Args={'value': 27, 'prev_value': None, 'change': True}
2025-10-22 17:12:43,679 : INFO : EventManager : Event: ======'machine_var_audits_shots_skillshot_drop_targets'====== Args={'value': 38, 'prev_value': None, 'change': True}
2025-10-22 17:12:43,679 : INFO : EventManager : Event: ======'machine_var_audits_shots_skillshot_hideout_plunge'====== Args={'value': 1, 'prev_value': None, 'change': True}
2025-10-22 17:12:43,679 : INFO : EventManager : Event: ======'machine_var_audits_shots_skillshot_side_targets'====== Args={'value': 5, 'prev_value': None, 'change': True}
2025-10-22 17:12:43,679 : INFO : EventManager : Event: ======'machine_var_audits_shots_skillshot_super'====== Args={'value': 1, 'prev_value': None, 'change': True}
2025-10-22 17:12:43,679 : INFO : EventManager : Event: ======'machine_var_audits_shots_spinner'====== Args={'value': 40, 'prev_value': None, 'change': True}
2025-10-22 17:12:43,680 : INFO : EventManager : Event: ======'machine_var_audits_shots_three_bank_standup'====== Args={'value': 15, 'prev_value': None, 'change': True}
2025-10-22 17:12:43,680 : INFO : EventManager : Event: ======'machine_var_audits_shots_top_drop'====== Args={'value': 31, 'prev_value': None, 'change': True}
2025-10-22 17:12:43,680 : INFO : EventManager : Event: ======'machine_var_audits_shots_tshirt_bottom_standup'====== Args={'value': 1, 'prev_value': None, 'change': True}
2025-10-22 17:12:43,680 : INFO : EventManager : Event: ======'machine_var_audits_shots_tshirt_top_standup'====== Args={'value': 3, 'prev_value': None, 'change': True}
2025-10-22 17:12:43,680 : INFO : EventManager : Event: ======'machine_var_audits_shots_upper_pop_standup'====== Args={'value': 7, 'prev_value': None, 'change': True}
2025-10-22 17:12:43,680 : INFO : EventManager : Event: ======'machine_var_audits_switches_s_captive_ball'====== Args={'value': 199, 'prev_value': None, 'change': True}
2025-10-22 17:12:43,680 : INFO : EventManager : Event: ======'machine_var_audits_switches_s_center_upper_pop'====== Args={'value': 220, 'prev_value': None, 'change': True}
2025-10-22 17:12:43,680 : INFO : EventManager : Event: ======'machine_var_audits_switches_s_inner_orbit'====== Args={'value': 16, 'prev_value': None, 'change': True}
2025-10-22 17:12:43,681 : INFO : EventManager : Event: ======'machine_var_audits_switches_s_left_flipper'====== Args={'value': 1290, 'prev_value': None, 'change': True}
2025-10-22 17:12:43,681 : INFO : EventManager : Event: ======'machine_var_audits_switches_s_left_inlane'====== Args={'value': 111, 'prev_value': None, 'change': True}
2025-10-22 17:12:43,681 : INFO : EventManager : Event: ======'machine_var_audits_switches_s_left_orbit'====== Args={'value': 92, 'prev_value': None, 'change': True}
2025-10-22 17:12:43,681 : INFO : EventManager : Event: ======'machine_var_audits_switches_s_left_outlane'====== Args={'value': 56, 'prev_value': None, 'change': True}
2025-10-22 17:12:43,681 : INFO : EventManager : Event: ======'machine_var_audits_switches_s_left_ramp'====== Args={'value': 157, 'prev_value': None, 'change': True}
2025-10-22 17:12:43,681 : INFO : EventManager : Event: ======'machine_var_audits_switches_s_left_slingshot'====== Args={'value': 259, 'prev_value': None, 'change': True}
2025-10-22 17:12:43,681 : INFO : EventManager : Event: ======'machine_var_audits_switches_s_left_upper_pop'====== Args={'value': 161, 'prev_value': None, 'change': True}
2025-10-22 17:12:43,681 : INFO : EventManager : Event: ======'machine_var_audits_switches_s_plunger'====== Args={'value': 1232, 'prev_value': None, 'change': True}
2025-10-22 17:12:43,682 : INFO : EventManager : Event: ======'machine_var_audits_switches_s_pop_standup'====== Args={'value': 147, 'prev_value': None, 'change': True}
2025-10-22 17:12:43,682 : INFO : EventManager : Event: ======'machine_var_audits_switches_s_right_flipper'====== Args={'value': 1708, 'prev_value': None, 'change': True}
2025-10-22 17:12:43,682 : INFO : EventManager : Event: ======'machine_var_audits_switches_s_right_inlane'====== Args={'value': 107, 'prev_value': None, 'change': True}
2025-10-22 17:12:43,682 : INFO : EventManager : Event: ======'machine_var_audits_switches_s_right_lower_pop'====== Args={'value': 790, 'prev_value': None, 'change': True}
2025-10-22 17:12:43,682 : INFO : EventManager : Event: ======'machine_var_audits_switches_s_right_orbit'====== Args={'value': 104, 'prev_value': None, 'change': True}
2025-10-22 17:12:43,682 : INFO : EventManager : Event: ======'machine_var_audits_switches_s_right_outlane'====== Args={'value': 53, 'prev_value': None, 'change': True}
2025-10-22 17:12:43,682 : INFO : EventManager : Event: ======'machine_var_audits_switches_s_right_ramp'====== Args={'value': 170, 'prev_value': None, 'change': True}
2025-10-22 17:12:43,684 : INFO : EventManager : Event: ======'machine_var_audits_switches_s_right_slingshot'====== Args={'value': 366, 'prev_value': None, 'change': True}
2025-10-22 17:12:43,684 : INFO : EventManager : Event: ======'machine_var_audits_switches_s_scoop'====== Args={'value': 369, 'prev_value': None, 'change': True}
2025-10-22 17:12:43,684 : INFO : EventManager : Event: ======'machine_var_audits_switches_s_service_down'====== Args={'value': 0, 'prev_value': None, 'change': True}
2025-10-22 17:12:43,684 : INFO : EventManager : Event: ======'machine_var_audits_switches_s_service_enter'====== Args={'value': 0, 'prev_value': None, 'change': True}
2025-10-22 17:12:43,684 : INFO : EventManager : Event: ======'machine_var_audits_switches_s_service_esc'====== Args={'value': 0, 'prev_value': None, 'change': True}
2025-10-22 17:12:43,684 : INFO : EventManager : Event: ======'machine_var_audits_switches_s_service_up'====== Args={'value': 1, 'prev_value': None, 'change': True}
2025-10-22 17:12:43,684 : INFO : EventManager : Event: ======'machine_var_audits_switches_s_spinner'====== Args={'value': 2098, 'prev_value': None, 'change': True}
2025-10-22 17:12:43,684 : INFO : EventManager : Event: ======'machine_var_audits_switches_s_start'====== Args={'value': 67, 'prev_value': None, 'change': True}
2025-10-22 17:12:43,684 : INFO : EventManager : Event: ======'machine_var_audits_switches_s_three_bank_bottom'====== Args={'value': 522, 'prev_value': None, 'change': True}
2025-10-22 17:12:43,685 : INFO : EventManager : Event: ======'machine_var_audits_switches_s_three_bank_middle'====== Args={'value': 554, 'prev_value': None, 'change': True}
2025-10-22 17:12:43,685 : INFO : EventManager : Event: ======'machine_var_audits_switches_s_three_bank_standup'====== Args={'value': 256, 'prev_value': None, 'change': True}
2025-10-22 17:12:43,685 : INFO : EventManager : Event: ======'machine_var_audits_switches_s_three_bank_top'====== Args={'value': 569, 'prev_value': None, 'change': True}
2025-10-22 17:12:43,685 : INFO : EventManager : Event: ======'machine_var_audits_switches_s_tilt_bob'====== Args={'value': 51, 'prev_value': None, 'change': True}
2025-10-22 17:12:43,685 : INFO : EventManager : Event: ======'machine_var_audits_switches_s_top_right_flipper'====== Args={'value': 1294, 'prev_value': None, 'change': True}
2025-10-22 17:12:43,685 : INFO : EventManager : Event: ======'machine_var_audits_switches_s_trough1'====== Args={'value': 393, 'prev_value': None, 'change': True}
2025-10-22 17:12:43,685 : INFO : EventManager : Event: ======'machine_var_audits_switches_s_trough2'====== Args={'value': 315, 'prev_value': None, 'change': True}
2025-10-22 17:12:43,685 : INFO : EventManager : Event: ======'machine_var_audits_switches_s_trough3'====== Args={'value': 243, 'prev_value': None, 'change': True}
2025-10-22 17:12:43,686 : INFO : EventManager : Event: ======'machine_var_audits_switches_s_trough4'====== Args={'value': 160, 'prev_value': None, 'change': True}
2025-10-22 17:12:43,686 : INFO : EventManager : Event: ======'machine_var_audits_switches_s_trough5'====== Args={'value': 160, 'prev_value': None, 'change': True}
2025-10-22 17:12:43,686 : INFO : EventManager : Event: ======'machine_var_audits_switches_s_trough6'====== Args={'value': 161, 'prev_value': None, 'change': True}
2025-10-22 17:12:43,686 : INFO : EventManager : Event: ======'machine_var_audits_switches_s_trough_jam'====== Args={'value': 206, 'prev_value': None, 'change': True}
2025-10-22 17:12:43,686 : INFO : EventManager : Event: ======'machine_var_audits_switches_s_tshirt_bottom_standup'====== Args={'value': 41, 'prev_value': None, 'change': True}
2025-10-22 17:12:43,686 : INFO : EventManager : Event: ======'machine_var_audits_switches_s_tshirt_top_standup'====== Args={'value': 70, 'prev_value': None, 'change': True}
2025-10-22 17:12:43,686 : INFO : EventManager : Event: ======'machine_var_audits_switches_s_upper_pop_standup'====== Args={'value': 181, 'prev_value': None, 'change': True}
2025-10-22 17:12:43,686 : INFO : EventManager : Event: ======'machine_var_audits_switches_service_down'====== Args={'value': 1, 'prev_value': None, 'change': True}
2025-10-22 17:12:43,686 : INFO : EventManager : Event: ======'machine_var_audits_switches_service_enter'====== Args={'value': 2, 'prev_value': None, 'change': True}
2025-10-22 17:12:43,686 : INFO : EventManager : Event: ======'machine_var_audits_switches_service_esc'====== Args={'value': 0, 'prev_value': None, 'change': True}
2025-10-22 17:12:43,686 : INFO : EventManager : Event: ======'machine_var_audits_switches_service_up'====== Args={'value': 2, 'prev_value': None, 'change': True}
2025-10-22 17:12:43,687 : INFO : EventManager : Event: ======'init_phase_5'====== Args={}
2025-10-22 17:12:43,754 : INFO : EventManager : Event: ======'init_done'====== Args={}
2025-10-22 17:12:43,755 : INFO : EventManager : Event: ======'machine_reset_phase_1'====== Args={}
2025-10-22 17:12:43,769 : INFO : EventManager : Event: ======'machine_reset_phase_2'====== Args={}
2025-10-22 17:12:43,769 : INFO : EventManager : Event: ======'game_just_played'====== Args={'priority': 0, 'action': 'set_machine', 'int': 0}
2025-10-22 17:12:43,769 : INFO : EventManager : Event: ======'machine_reset_phase_3'====== Args={}
2025-10-22 17:12:43,769 : INFO : EventManager : Event: ======'mode_tilt_will_start'====== Args={'queue': <QueuedEvent>}
2025-10-22 17:12:43,771 : INFO : EventManager : Event: ======'mode_tilt_starting'====== Args={'queue': <QueuedEvent>}
2025-10-22 17:12:43,771 : INFO : drop_target_bank.three_bank : All targets are already up. Will not reset bank.
2025-10-22 17:12:43,771 : INFO : Mode.tilt : Started. Priority: 1000000
2025-10-22 17:12:43,771 : INFO : EventManager : Event: ======'modes_active_modes_changed'====== Args={}
2025-10-22 17:12:43,771 : INFO : EventManager : Event: ======'mode_tilt_started'====== Args={'queue': <QueuedEvent>}
2025-10-22 17:12:43,773 : INFO : EventManager : Event: ======'reset_complete'====== Args={}
2025-10-22 17:12:43,773 : INFO : EventManager : Event: ======'mode_service_will_start'====== Args={}
2025-10-22 17:12:43,774 : INFO : EventManager : Event: ======'mode_service_starting'====== Args={}
2025-10-22 17:12:43,775 : INFO : EventManager : Event: ======'mode_attract_will_start'====== Args={}
2025-10-22 17:12:43,776 : INFO : Timer.attract_intro_timer : Starting Timer.
2025-10-22 17:12:43,777 : INFO : EventManager : Event: ======'timer_attract_intro_timer_started'====== Args={'ticks': 0, 'ticks_remaining': 16}
2025-10-22 17:12:43,777 : INFO : EventManager : Event: ======'timer_attract_intro_timer_tick'====== Args={'ticks': 0, 'ticks_remaining': 16}
2025-10-22 17:12:43,783 : INFO : EventManager : Event: ======'mode_attract_starting'====== Args={}
2025-10-22 17:12:43,783 : INFO : Mode.service : Started. Priority: 100000
2025-10-22 17:12:43,783 : INFO : EventManager : Event: ======'modes_active_modes_changed'====== Args={}
2025-10-22 17:12:43,783 : INFO : EventManager : Event: ======'mode_service_started'====== Args={}
2025-10-22 17:12:43,805 : INFO : EventManager : Event: ======'logicblock_mca_sequence_updated'====== Args={'value': 0, 'enabled': True}
2025-10-22 17:12:43,805 : INFO : EventManager : Event: ======'logicblock_adr_sequence_updated'====== Args={'value': 0, 'enabled': True}
2025-10-22 17:12:43,805 : INFO : EventManager : Event: ======'logicblock_mca_sequence_updated'====== Args={'value': 0, 'enabled': True}
2025-10-22 17:12:43,805 : INFO : EventManager : Event: ======'logicblock_adr_sequence_updated'====== Args={'value': 0, 'enabled': True}
2025-10-22 17:12:43,806 : INFO : Mode.attract : Started. Priority: 10
2025-10-22 17:12:43,806 : INFO : EventManager : Event: ======'modes_active_modes_changed'====== Args={}
2025-10-22 17:12:43,806 : INFO : EventManager : Event: ======'mode_attract_started'====== Args={}
2025-10-22 17:12:43,806 : INFO : EventManager : Event: ======'logicblock_mca_sequence_updated'====== Args={'value': 0, 'enabled': True}
2025-10-22 17:12:43,806 : INFO : EventManager : Event: ======'logicblock_mca_sequence_updated'====== Args={'value': 0, 'enabled': True}
2025-10-22 17:12:43,806 : INFO : EventManager : Event: ======'logicblock_adr_sequence_updated'====== Args={'value': 0, 'enabled': True}
2025-10-22 17:12:43,806 : INFO : EventManager : Event: ======'logicblock_adr_sequence_updated'====== Args={'value': 0, 'enabled': True}
2025-10-22 17:12:43,807 : INFO : EventManager : Event: ======'timer_attract_intro_timer_tick'====== Args={'ticks': 0, 'ticks_remaining': 16}
2025-10-22 17:12:43,808 : INFO : EventManager : Event: ======'collecting_balls_complete'====== Args={}
2025-10-22 17:12:43,808 : INFO : EventManager : Event: ======'item_highlighted'====== Args={'carousel': 'attract', 'direction': None, 'item': 'mpf_logo'}
2025-10-22 17:12:43,809 : INFO : Timer.attract_carousel_timer : Starting Timer.
2025-10-22 17:12:43,809 : INFO : EventManager : Event: ======'timer_attract_carousel_timer_started'====== Args={'ticks': 0, 'ticks_remaining': 5}
2025-10-22 17:12:43,809 : INFO : EventManager : Event: ======'timer_attract_carousel_timer_tick'====== Args={'ticks': 0, 'ticks_remaining': 5}
2025-10-22 17:12:43,811 : INFO : EventManager : Event: ======'slide_loading_created'====== Args={'_from_bcp': True}
2025-10-22 17:12:43,812 : INFO : EventManager : Event: ======'slide__removed'====== Args={'_from_bcp': True}
2025-10-22 17:12:43,812 : INFO : EventManager : Event: ======'slide_loading_active'====== Args={'original_context': '_global', 'original_calling_context': 'init_done', 'priority': 0.0, 'cmd': 'slides_play', '_from_bcp': True}
2025-10-22 17:12:43,825 : INFO : Machine : Starting the main run loop with active modes: [<Mode.tilt>, <Mode.service>, <Mode.attract>]
2025-10-22 17:12:43,887 : INFO : EventManager : Event: ======'slide_attract_load_created'====== Args={'_from_bcp': True}
2025-10-22 17:12:43,887 : INFO : EventManager : Event: ======'slide_loading_inactive'====== Args={'is_removing': True, '_from_bcp': True}
2025-10-22 17:12:43,887 : INFO : EventManager : Event: ======'slide_attract_load_active'====== Args={'original_context': 'attract', 'original_calling_context': 'mode_attract_started{machine.game_just_played==0}', 'priority': 10.0, 'cmd': 'slides_play', '_from_bcp': True}
2025-10-22 17:12:43,887 : INFO : EventManager : Event: ======'slide_loading_removed'====== Args={'_from_bcp': True}
2025-10-22 17:12:44,202 : INFO : BcpServer : New client connected.
2025-10-22 17:12:44,505 : INFO : SwitchController : <<<<<<< 's_start' active >>>>>>>
2025-10-22 17:12:44,643 : INFO : SwitchController : <<<<<<< 's_start' inactive >>>>>>>
2025-10-22 17:12:44,643 : INFO : EventManager : Event: ======'sw_start_inactive'====== Args={}
2025-10-22 17:12:44,643 : INFO : EventManager : Event: ======'request_to_start_game'====== Args={}
2025-10-22 17:12:44,645 : INFO : EventManager : Event: ======'game_start'====== Args={'buttons': [], 'hold_time': 0.1409999999741558}
2025-10-22 17:12:44,645 : INFO : EventManager : Event: ======'mode_game_will_start'====== Args={'buttons': [], 'hold_time': 0.1409999999741558}
2025-10-22 17:12:44,646 : INFO : EventManager : Event: ======'mode_game_starting'====== Args={'buttons': [], 'hold_time': 0.1409999999741558}
2025-10-22 17:12:44,647 : INFO : EventManager : Event: ======'mode_attract_will_stop'====== Args={}
2025-10-22 17:12:44,647 : INFO : EventManager : Event: ======'mode_attract_stopping'====== Args={}
2025-10-22 17:12:44,647 : INFO : Mode.game : Started. Priority: 20
2025-10-22 17:12:44,647 : INFO : EventManager : Event: ======'modes_active_modes_changed'====== Args={}
2025-10-22 17:12:44,647 : INFO : EventManager : Event: ======'mode_game_started'====== Args={'buttons': [], 'hold_time': 0.1409999999741558}
2025-10-22 17:12:44,666 : INFO : Mode.attract : Stopped.
2025-10-22 17:12:44,666 : INFO : EventManager : Event: ======'modes_active_modes_changed'====== Args={}
2025-10-22 17:12:44,667 : INFO : EventManager : Event: ======'mode_attract_stopped'====== Args={}
2025-10-22 17:12:44,667 : INFO : EventManager : Event: ======'clear'====== Args={'key': 'attract'}
2025-10-22 17:12:44,668 : INFO : Timer.attract_carousel_timer : Stopping Timer
2025-10-22 17:12:44,668 : INFO : EventManager : Event: ======'timer_attract_carousel_timer_stopped'====== Args={'ticks': 0, 'ticks_remaining': 5}
2025-10-22 17:12:44,668 : INFO : Timer.attract_intro_timer : Stopping Timer
2025-10-22 17:12:44,668 : INFO : EventManager : Event: ======'timer_attract_intro_timer_stopped'====== Args={'ticks': 0, 'ticks_remaining': 16}
2025-10-22 17:12:44,668 : INFO : Timer.mca_attract_video_timer : Stopping Timer
2025-10-22 17:12:44,668 : INFO : EventManager : Event: ======'timer_mca_attract_video_timer_stopped'====== Args={'ticks': 0, 'ticks_remaining': 0}
2025-10-22 17:12:44,668 : INFO : Timer.adr_attract_video_timer : Stopping Timer
2025-10-22 17:12:44,668 : INFO : EventManager : Event: ======'timer_adr_attract_video_timer_stopped'====== Args={'ticks': 0, 'ticks_remaining': 0}
2025-10-22 17:12:44,669 : INFO : EventManager : Event: ======'game_will_start'====== Args={}
2025-10-22 17:12:44,686 : INFO : EventManager : Event: ======'game_starting'====== Args={'game': <Mode.game>}
2025-10-22 17:12:44,687 : INFO : EventManager : Unordered handler for class <Auditor> on event game_ended with priority 1. Handlers: [RegisteredHandler(callback=<bound method Auditor.disable of <Auditor>>, priority=1, kwargs={}, key=UUID('0fe64a52-1453-4bff-b8c6-b06b03a2718a'), condition=None, blocking_facility=None), RegisteredHandler(callback=<bound method Auditor._save_audits of <Auditor>>, priority=1, kwargs={}, key=UUID('5ae2c479-6e3f-4386-a43d-75df0ec30069'), condition=None, blocking_facility=None)]. The order of those handlers is not defined and they will be executed in random order. This might lead to race conditions and potential bugs.
2025-10-22 17:12:44,689 : INFO : EventManager : Event: ======'player_add_request'====== Args={}
2025-10-22 17:12:44,689 : INFO : EventManager : Event: ======'player_will_add'====== Args={'number': 1}
2025-10-22 17:12:44,689 : INFO : EventManager : Event: ======'player_adding'====== Args={'player': <Player 1>, 'number': 1}
2025-10-22 17:12:44,690 : INFO : EventManager : Event: ======'player_added'====== Args={'player': <Player 1>, 'num': 1}
2025-10-22 17:12:44,690 : INFO : Mode.game : Player added successfully. Total players: 1
2025-10-22 17:12:44,690 : INFO : EventManager : Event: ======'player_index'====== Args={'value': 0, 'prev_value': 0, 'change': 0, 'player_num': 1}
2025-10-22 17:12:44,690 : INFO : EventManager : Event: ======'player_number'====== Args={'value': 1, 'prev_value': 1, 'change': 0, 'player_num': 1}
2025-10-22 17:12:44,691 : INFO : EventManager : Event: ======'player_score'====== Args={'value': 0, 'prev_value': 0, 'change': 0, 'player_num': 1}
2025-10-22 17:12:44,692 : INFO : EventManager : Event: ======'game_started'====== Args={}
2025-10-22 17:12:44,692 : INFO : EventManager : Event: ======'machine_var_game_just_played'====== Args={'value': 1, 'prev_value': 0, 'change': 1}
2025-10-22 17:12:44,703 : INFO : EventManager : Event: ======'player_turn_will_start'====== Args={'player': <Player 1>, 'number': 1}
2025-10-22 17:12:44,711 : INFO : EventManager : Event: ======'player_turn_starting'====== Args={'player': <Player 1>, 'number': 1}
2025-10-22 17:12:44,712 : INFO : EventManager : Event: ======'player_ball'====== Args={'value': 1, 'prev_value': 0, 'change': 1, 'player_num': 1}
2025-10-22 17:12:44,713 : INFO : EventManager : Event: ======'player_turn_started'====== Args={'player': <Player 1>, 'number': 1}
2025-10-22 17:12:44,715 : INFO : EventManager : Event: ======'ball_will_start'====== Args={'player': 1, 'ball': 1, 'balls_remaining': 2, 'is_extra_ball': False}
2025-10-22 17:12:44,718 : INFO : EventManager : Event: ======'ball_starting'====== Args={'player': 1, 'ball': 1, 'balls_remaining': 2, 'is_extra_ball': False}
2025-10-22 17:12:44,719 : INFO : EventManager : Event: ======'mode_base_will_start'====== Args={'queue': <QueuedEvent>, 'player': 1, 'ball': 1, 'balls_remaining': 2, 'is_extra_ball': False}
2025-10-22 17:12:44,722 : INFO : EventManager : Event: ======'player_shot_left_orbit_enabled'====== Args={'value': True, 'prev_value': 0, 'change': 1, 'player_num': 1}
2025-10-22 17:12:44,722 : INFO : EventManager : Event: ======'player_shot_right_orbit_enabled'====== Args={'value': True, 'prev_value': 0, 'change': 1, 'player_num': 1}
2025-10-22 17:12:44,723 : INFO : EventManager : Event: ======'player_shot_inner_loop_enabled'====== Args={'value': True, 'prev_value': 0, 'change': 1, 'player_num': 1}
2025-10-22 17:12:44,723 : INFO : EventManager : Event: ======'player_shot_left_orbit_backdoor_enabled'====== Args={'value': True, 'prev_value': 0, 'change': 1, 'player_num': 1}
2025-10-22 17:12:44,723 : INFO : EventManager : Event: ======'player_shot_right_orbit_backdoor_enabled'====== Args={'value': True, 'prev_value': 0, 'change': 1, 'player_num': 1}
2025-10-22 17:12:44,724 : INFO : EventManager : Event: ======'player_shot_inner_loop_backdoor_enabled'====== Args={'value': True, 'prev_value': 0, 'change': 1, 'player_num': 1}
2025-10-22 17:12:44,724 : INFO : EventManager : Event: ======'player_shot_right_ramp_enabled'====== Args={'value': True, 'prev_value': 0, 'change': 1, 'player_num': 1}
2025-10-22 17:12:44,724 : INFO : EventManager : Event: ======'player_shot_left_ramp_enabled'====== Args={'value': True, 'prev_value': 0, 'change': 1, 'player_num': 1}
2025-10-22 17:12:44,725 : INFO : EventManager : Event: ======'player_shot_pop_standup_enabled'====== Args={'value': True, 'prev_value': 0, 'change': 1, 'player_num': 1}
2025-10-22 17:12:44,725 : INFO : EventManager : Event: ======'player_shot_upper_pop_standup_enabled'====== Args={'value': True, 'prev_value': 0, 'change': 1, 'player_num': 1}
2025-10-22 17:12:44,726 : INFO : EventManager : Event: ======'player_shot_scoop_enabled'====== Args={'value': True, 'prev_value': 0, 'change': 1, 'player_num': 1}
2025-10-22 17:12:44,726 : INFO : EventManager : Event: ======'player_shot_captive_ball_enabled'====== Args={'value': True, 'prev_value': 0, 'change': 1, 'player_num': 1}
2025-10-22 17:12:44,726 : INFO : EventManager : Event: ======'player_shot_three_bank_standup_enabled'====== Args={'value': True, 'prev_value': 0, 'change': 1, 'player_num': 1}
2025-10-22 17:12:44,727 : INFO : EventManager : Event: ======'player_shot_spinner_enabled'====== Args={'value': True, 'prev_value': 0, 'change': 1, 'player_num': 1}
2025-10-22 17:12:44,727 : INFO : EventManager : Event: ======'player_shot_pop1_enabled'====== Args={'value': True, 'prev_value': 0, 'change': 1, 'player_num': 1}
2025-10-22 17:12:44,727 : INFO : EventManager : Event: ======'player_shot_pop2_enabled'====== Args={'value': True, 'prev_value': 0, 'change': 1, 'player_num': 1}
2025-10-22 17:12:44,727 : INFO : EventManager : Event: ======'player_shot_pop3_enabled'====== Args={'value': True, 'prev_value': 0, 'change': 1, 'player_num': 1}
2025-10-22 17:12:44,729 : INFO : EventManager : Event: ======'player_shot_bottom_drop_enabled'====== Args={'value': True, 'prev_value': 0, 'change': 1, 'player_num': 1}
2025-10-22 17:12:44,729 : INFO : EventManager : Event: ======'player_shot_middle_drop_enabled'====== Args={'value': True, 'prev_value': 0, 'change': 1, 'player_num': 1}
2025-10-22 17:12:44,729 : INFO : EventManager : Event: ======'player_shot_top_drop_enabled'====== Args={'value': True, 'prev_value': 0, 'change': 1, 'player_num': 1}
2025-10-22 17:12:44,730 : INFO : EventManager : Event: ======'player_shot_tshirt_top_standup_enabled'====== Args={'value': True, 'prev_value': 0, 'change': 1, 'player_num': 1}
2025-10-22 17:12:44,731 : INFO : EventManager : Event: ======'player_shot_tshirt_bottom_standup_enabled'====== Args={'value': True, 'prev_value': 0, 'change': 1, 'player_num': 1}
2025-10-22 17:12:44,732 : INFO : EventManager : Event: ======'player_base_chcheckitoutfinish_widget_timer_tick'====== Args={'value': 0, 'prev_value': 0, 'change': 0, 'player_num': 1}
2025-10-22 17:12:44,735 : INFO : EventManager : Unordered handler for class <Auditor> on event game_ended with priority 1. Handlers: [RegisteredHandler(callback=<bound method Auditor.disable of <Auditor>>, priority=1, kwargs={}, key=UUID('0fe64a52-1453-4bff-b8c6-b06b03a2718a'), condition=None, blocking_facility=None), RegisteredHandler(callback=<bound method Auditor._save_audits of <Auditor>>, priority=1, kwargs={}, key=UUID('5ae2c479-6e3f-4386-a43d-75df0ec30069'), condition=None, blocking_facility=None)]. The order of those handlers is not defined and they will be executed in random order. This might lead to race conditions and potential bugs.
2025-10-22 17:12:44,741 : INFO : EventManager : Event: ======'mode_base_starting'====== Args={'queue': <QueuedEvent>, 'player': 1, 'ball': 1, 'balls_remaining': 2, 'is_extra_ball': False}
2025-10-22 17:12:44,741 : INFO : drop_target_bank.three_bank : All targets are already up. Will not reset bank.
2025-10-22 17:12:44,743 : INFO : EventManager : Event: ======'balls_in_play'====== Args={'balls': 1}
2025-10-22 17:12:44,743 : INFO : EventManager : Event: ======'ball_started'====== Args={'player': 1, 'ball': 1, 'balls_remaining': 2, 'is_extra_ball': False}
2025-10-22 17:12:44,744 : INFO : EventManager : Event: ======'logicblock_qualify_chcheckitout_multiball_updated'====== Args={'value': 0, 'enabled': True}
2025-10-22 17:12:44,744 : INFO : EventManager : Event: ======'logicblock_qualify_chcheckitout_multiball_updated'====== Args={'value': 0, 'enabled': True}
2025-10-22 17:12:44,745 : INFO : EventManager : Event: ======'logicblock_chcheckitout_multiball_ready_updated'====== Args={'value': 0, 'enabled': False}
2025-10-22 17:12:44,745 : INFO : EventManager : Event: ======'logicblock_drop_target_bank_counter_updated'====== Args={'value': 0, 'enabled': False}
2025-10-22 17:12:44,745 : INFO : Mode.base : Started. Priority: 100
2025-10-22 17:12:44,745 : INFO : EventManager : Event: ======'modes_active_modes_changed'====== Args={}
2025-10-22 17:12:44,745 : INFO : EventManager : Event: ======'mode_base_started'====== Args={'queue': <QueuedEvent>, 'player': 1, 'ball': 1, 'balls_remaining': 2, 'is_extra_ball': False}
2025-10-22 17:12:44,746 : INFO : EventManager : Event: ======'mode_skill_shot_will_start'====== Args={'player': 1, 'ball': 1, 'balls_remaining': 2, 'is_extra_ball': False}
2025-10-22 17:12:44,747 : INFO : EventManager : Event: ======'player_shot_skillshot_side_targets_enabled'====== Args={'value': True, 'prev_value': 0, 'change': 1, 'player_num': 1}
2025-10-22 17:12:44,748 : INFO : EventManager : Event: ======'player_shot_skillshot_drop_targets_enabled'====== Args={'value': True, 'prev_value': 0, 'change': 1, 'player_num': 1}
2025-10-22 17:12:44,749 : INFO : EventManager : Event: ======'player_shot_skillshot_hideout_plunge_enabled'====== Args={'value': True, 'prev_value': 0, 'change': 1, 'player_num': 1}
2025-10-22 17:12:44,750 : INFO : EventManager : Event: ======'player_shot_skillshot_left_outlane_enabled'====== Args={'value': True, 'prev_value': 0, 'change': 1, 'player_num': 1}
2025-10-22 17:12:44,750 : INFO : EventManager : Event: ======'player_shot_skillshot_super_enabled'====== Args={'value': True, 'prev_value': 0, 'change': 1, 'player_num': 1}
2025-10-22 17:12:44,751 : INFO : EventManager : Event: ======'skillshot_complete'====== Args={'state': 'off'}
2025-10-22 17:12:44,751 : INFO : EventManager : Event: ======'skillshot_off_complete'====== Args={}
2025-10-22 17:12:44,752 : INFO : EventManager : Event: ======'player_skill_shot_skill_shot_timeout_tick'====== Args={'value': 0, 'prev_value': 0, 'change': 0, 'player_num': 1}
2025-10-22 17:12:44,752 : INFO : EventManager : Unordered handler for class <timer.skill_shot_timeout> on event ball_starting with priority 1. Handlers: [RegisteredHandler(callback=<bound method Timer.reset of <timer.skill_shot_timeout>>, priority=1, kwargs={}, key=UUID('7c1355d4-5ec2-4b25-8e4c-dd330d4bff38'), condition=None, blocking_facility=None), RegisteredHandler(callback=<bound method Timer.pause of <timer.skill_shot_timeout>>, priority=1, kwargs={'timer_value': None}, key=UUID('91434ef2-9f39-49ef-84ef-1da4c0a2f733'), condition=None, blocking_facility=None)]. The order of those handlers is not defined and they will be executed in random order. This might lead to race conditions and potential bugs.
2025-10-22 17:12:44,754 : INFO : EventManager : Event: ======'mode_skill_shot_starting'====== Args={'player': 1, 'ball': 1, 'balls_remaining': 2, 'is_extra_ball': False}
2025-10-22 17:12:44,754 : INFO : EventManager : Event: ======'logicblock_drop_target_bank_counter_updated'====== Args={'value': 0, 'enabled': True}
2025-10-22 17:12:44,754 : INFO : EventManager : Event: ======'logicblock_qualify_chcheckitout_multiball_updated'====== Args={'value': 0, 'enabled': True}
2025-10-22 17:12:44,754 : INFO : EventManager : Event: ======'logicblock_chcheckitout_multiball_ready_updated'====== Args={'value': 0, 'enabled': False}
2025-10-22 17:12:44,754 : INFO : EventManager : Event: ======'player_multiball_blocking_flag'====== Args={'value': 0, 'prev_value': 0, 'change': 0, 'player_num': 1, 'source': 'base'}
2025-10-22 17:12:44,756 : INFO : EventManager : Event: ======'player_mode_blocking_flag'====== Args={'value': 0, 'prev_value': 0, 'change': 0, 'player_num': 1, 'source': 'base'}
2025-10-22 17:12:44,756 : INFO : EventManager : Event: ======'player_player_drop_target_bank_counter_count'====== Args={'value': 0, 'prev_value': 0, 'change': 0, 'player_num': 1, 'source': 'base'}
2025-10-22 17:12:44,757 : INFO : EventManager : Event: ======'player_drop_target_bank_counter_count'====== Args={'value': 0, 'prev_value': 0, 'change': 0, 'player_num': 1, 'source': 'base'}
2025-10-22 17:12:44,757 : INFO : EventManager : Event: ======'mode_multiball_will_start'====== Args={'queue': <QueuedEvent>, 'player': 1, 'ball': 1, 'balls_remaining': 2, 'is_extra_ball': False}
2025-10-22 17:12:44,761 : INFO : EventManager : Event: ======'mode_multiball_starting'====== Args={'queue': <QueuedEvent>, 'player': 1, 'ball': 1, 'balls_remaining': 2, 'is_extra_ball': False}
2025-10-22 17:12:44,762 : INFO : EventManager : Event: ======'mode_carousel_will_start'====== Args={'queue': <QueuedEvent>, 'player': 1, 'ball': 1, 'balls_remaining': 2, 'is_extra_ball': False}
2025-10-22 17:12:44,764 : INFO : EventManager : Event: ======'mode_carousel_starting'====== Args={'queue': <QueuedEvent>, 'player': 1, 'ball': 1, 'balls_remaining': 2, 'is_extra_ball': False}
2025-10-22 17:12:44,764 : INFO : EventManager : Event: ======'ball_save_default_enabled'====== Args={}
2025-10-22 17:12:44,764 : INFO : Mode.carousel : Started. Priority: 200
2025-10-22 17:12:44,765 : INFO : EventManager : Event: ======'modes_active_modes_changed'====== Args={}
2025-10-22 17:12:44,765 : INFO : EventManager : Event: ======'mode_carousel_started'====== Args={'queue': <QueuedEvent>, 'player': 1, 'ball': 1, 'balls_remaining': 2, 'is_extra_ball': False}
2025-10-22 17:12:44,766 : INFO : EventManager : Event: ======'item_highlighted'====== Args={'carousel': 'carousel', 'direction': None, 'item': 'intergalactic'}
2025-10-22 17:12:44,767 : INFO : EventManager : Event: ======'intergalactic_lit'====== Args={'priority': 0}
2025-10-22 17:12:44,767 : INFO : Mode.skill_shot : Started. Priority: 500
2025-10-22 17:12:44,767 : INFO : EventManager : Event: ======'modes_active_modes_changed'====== Args={}
2025-10-22 17:12:44,767 : INFO : EventManager : Event: ======'mode_skill_shot_started'====== Args={'player': 1, 'ball': 1, 'balls_remaining': 2, 'is_extra_ball': False}
2025-10-22 17:12:44,769 : INFO : EventManager : Event: ======'advance_skill_side_targets'====== Args={'player': 1, 'ball': 1, 'balls_remaining': 2, 'is_extra_ball': False}
2025-10-22 17:12:44,769 : INFO : EventManager : Event: ======'player_shot_skillshot_side_targets'====== Args={'value': 1, 'prev_value': 0, 'change': 1, 'player_num': 1}
2025-10-22 17:12:44,771 : INFO : EventManager : Event: ======'logicblock_completing_chcheckitout_jackpots_updated'====== Args={'value': [False, False, False, False], 'enabled': True}
2025-10-22 17:12:44,771 : INFO : EventManager : Event: ======'logicblock_completing_chcheckitout_jackpots_updated'====== Args={'value': [False, False, False, False], 'enabled': True}
2025-10-22 17:12:44,771 : INFO : EventManager : Event: ======'logicblock_chcheckitout_superjackpot_updated'====== Args={'value': 0, 'enabled': False}
2025-10-22 17:12:44,772 : INFO : EventManager : Event: ======'logicblock_chcheckitout_leftorbit_jackpot_updated'====== Args={'value': 0, 'enabled': False}
2025-10-22 17:12:44,772 : INFO : EventManager : Event: ======'logicblock_chcheckitout_leftramp_jackpot_updated'====== Args={'value': 0, 'enabled': False}
2025-10-22 17:12:44,772 : INFO : EventManager : Event: ======'logicblock_chcheckitout_rightramp_jackpot_updated'====== Args={'value': 0, 'enabled': False}
2025-10-22 17:12:44,772 : INFO : EventManager : Event: ======'logicblock_chcheckitout_rightorbit_jackpot_updated'====== Args={'value': 0, 'enabled': False}
2025-10-22 17:12:44,772 : INFO : Mode.multiball : Started. Priority: 1000
2025-10-22 17:12:44,772 : INFO : EventManager : Event: ======'modes_active_modes_changed'====== Args={}
2025-10-22 17:12:44,772 : INFO : EventManager : Event: ======'mode_multiball_started'====== Args={'queue': <QueuedEvent>, 'player': 1, 'ball': 1, 'balls_remaining': 2, 'is_extra_ball': False}
2025-10-22 17:12:44,773 : INFO : EventManager : Event: ======'single_player_ball_started'====== Args={}
2025-10-22 17:12:44,794 : INFO : EventManager : Event: ======'ball_start_target'====== Args={'target': 'playfield'}
2025-10-22 17:12:44,795 : INFO : EventManager : Event: ======'slide_base_created'====== Args={'_from_bcp': True}
2025-10-22 17:12:44,796 : INFO : ball_device.bd_plunger : Setting up player-controlled eject. Balls: 1, Target: <playfield.playfield>, player_controlled_eject_event: None
2025-10-22 17:12:44,796 : INFO : EventManager : Event: ======'balldevice_balls_available'====== Args={}
2025-10-22 17:12:44,797 : INFO : EventManager : Event: ======'play_base_video1'====== Args={'_from_bcp': True}
2025-10-22 17:12:44,799 : INFO : EventManager : Event: ======'slide_score_overlay_created'====== Args={'_from_bcp': True}
2025-10-22 17:12:44,800 : INFO : EventManager : Event: ======'slide_attract_load_inactive'====== Args={'is_removing': True, '_from_bcp': True}
2025-10-22 17:12:44,801 : INFO : EventManager : Event: ======'slide_score_overlay_active'====== Args={'original_context': 'base', 'original_calling_context': 'mode_base_started', 'priority': 100.0, 'queue': '<QueuedEvent>', 'player': 1.0, 'ball': 1.0, 'balls_remaining': 2.0, 'is_extra_ball': False, 'cmd': 'slides_play', '_from_bcp': True}
2025-10-22 17:12:44,802 : INFO : ball_device.bd_trough : State: waiting_for_target_ready
2025-10-22 17:12:44,804 : INFO : EventManager : Event: ======'balldevice_bd_trough_ball_eject_attempt'====== Args={'balls': 1, 'target': <ball_device.bd_plunger>, 'source': <ball_device.bd_trough>, 'mechanical_eject': True, 'num_attempts': 0}
2025-10-22 17:12:44,804 : INFO : ball_device.bd_plunger : State: waiting_for_ball
2025-10-22 17:12:44,805 : INFO : ball_device.bd_trough : State: ejecting
2025-10-22 17:12:44,807 : INFO : ball_device.bd_trough : Ejecting ball to <ball_device.bd_plunger>
2025-10-22 17:12:44,807 : INFO : EventManager : Event: ======'balldevice_bd_trough_ejecting_ball'====== Args={'balls': 1, 'target': <ball_device.bd_plunger>, 'source': <ball_device.bd_trough>, 'mechanical_eject': True, 'num_attempts': 0}
2025-10-22 17:12:44,809 : INFO : ball_device.bd_trough : Wait for ball to leave device
2025-10-22 17:12:44,810 : INFO : coil.c_trough_eject : Pulsing Driver for 20ms (1.0 pulse_power)
2025-10-22 17:12:44,811 : INFO : SwitchController : <<<<<<< 's_trough1' inactive >>>>>>>
2025-10-22 17:12:44,816 : INFO : EventManager : Event: ======'slide_attract_load_removed'====== Args={'_from_bcp': True}
2025-10-22 17:12:44,818 : INFO : ball_device.bd_trough : State: ball_left
2025-10-22 17:12:44,818 : INFO : ball_device.bd_trough : Ball left
2025-10-22 17:12:44,819 : INFO : ball_device.bd_trough : Wait for confirm with timeout 3.0
2025-10-22 17:12:44,821 : INFO : EventManager : Event: ======'slide_current_mode_highlighted_created'====== Args={'_from_bcp': True}
2025-10-22 17:12:44,915 : INFO : SwitchController : <<<<<<< 's_plunger' active >>>>>>>
2025-10-22 17:12:44,916 : INFO : EventManager : Event: ======'machine_var_audits_switches_s_plunger'====== Args={'value': 1233, 'prev_value': 1232, 'change': 1}
2025-10-22 17:12:45,178 : INFO : EventManager : Event: ======'slide_skillshot_overlay_created'====== Args={'_from_bcp': True}
2025-10-22 17:12:45,179 : INFO : EventManager : Event: ======'slide_basevideo1_created'====== Args={'_from_bcp': True}
2025-10-22 17:12:45,427 : INFO : ball_device.bd_plunger : Received ball from <ball_device.bd_trough>
2025-10-22 17:12:45,427 : INFO : EventManager : Event: ======'balldevice_bd_plunger_ball_enter'====== Args={'new_balls': 1, 'unclaimed_balls': 0, 'new_available_balls': 0, 'device': <ball_device.bd_plunger>}
2025-10-22 17:12:45,429 : INFO : EventManager : Event: ======'balldevice_bd_plunger_ball_entered'====== Args={'new_balls': 0, 'device': <ball_device.bd_plunger>}
2025-10-22 17:12:45,429 : INFO : EventManager : Event: ======'balldevice_bd_plunger_ball_count_changed'====== Args={'balls': 1}
2025-10-22 17:12:45,430 : INFO : ball_device.bd_trough : Got eject confirm
2025-10-22 17:12:45,430 : INFO : ball_device.bd_trough : Eject successful
2025-10-22 17:12:45,430 : INFO : EventManager : Event: ======'balldevice_bd_trough_ball_eject_success'====== Args={'balls': 1, 'target': <ball_device.bd_plunger>}
2025-10-22 17:12:45,431 : INFO : EventManager : Event: ======'balldevice_bd_trough_ball_count_changed'====== Args={'balls': 5}
2025-10-22 17:12:45,431 : INFO : ball_device.bd_trough : State: idle
2025-10-22 17:12:45,431 : INFO : ball_device.bd_plunger : State: waiting_for_target_ready
2025-10-22 17:12:45,432 : INFO : EventManager : Event: ======'balldevice_bd_plunger_ball_eject_attempt'====== Args={'balls': 1, 'target': <playfield.playfield>, 'source': <ball_device.bd_plunger>, 'mechanical_eject': True, 'num_attempts': 0}
2025-10-22 17:12:45,433 : INFO : ball_device.bd_plunger : State: ejecting
2025-10-22 17:12:45,433 : INFO : ball_device.bd_plunger : Ejecting ball to <playfield.playfield>
2025-10-22 17:12:45,433 : INFO : EventManager : Event: ======'balldevice_bd_plunger_ejecting_ball'====== Args={'balls': 1, 'target': <playfield.playfield>, 'source': <ball_device.bd_plunger>, 'mechanical_eject': True, 'num_attempts': 0}
2025-10-22 17:12:45,435 : INFO : ball_device.bd_plunger : Wait for ball to leave device
2025-10-22 17:12:47,418 : INFO : SwitchController : <<<<<<< 's_plunger' inactive >>>>>>>
2025-10-22 17:12:47,418 : INFO : EventManager : Event: ======'ball_out'====== Args={}
2025-10-22 17:12:47,419 : INFO : EventManager : Event: ======'ball_save_default_timer_start'====== Args={}
2025-10-22 17:12:47,424 : INFO : ball_device.bd_plunger : State: ball_left
2025-10-22 17:12:47,425 : INFO : ball_device.bd_plunger : Ball left
2025-10-22 17:12:47,425 : INFO : ball_device.bd_plunger : Wait for confirm with timeout 3.0
2025-10-22 17:12:47,637 : INFO : SwitchController : <<<<<<< 's_three_bank_top' active >>>>>>>
2025-10-22 17:12:47,637 : INFO : EventManager : Event: ======'playfield_active'====== Args={'source': 'top_drop'}
2025-10-22 17:12:47,638 : INFO : EventManager : Event: ======'playfield_active'====== Args={'source': 'skillshot_drop_targets'}
2025-10-22 17:12:47,638 : INFO : EventManager : Event: ======'s_three_bank_top_active'====== Args={}
2025-10-22 17:12:47,638 : INFO : EventManager : Event: ======'playfield_active'====== Args={'source': 'top'}
2025-10-22 17:12:47,638 : INFO : EventManager : Event: ======'drop_target_top_down'====== Args={'device': <drop_target.top>}
2025-10-22 17:12:47,638 : INFO : EventManager : Event: ======'drop_target_bank_three_bank_mixed'====== Args={'prev_value': <DropTargetBankState.UP: 'up'>, 'down': 1}
2025-10-22 17:12:47,638 : INFO : EventManager : Event: ======'machine_var_audits_switches_s_three_bank_top'====== Args={'value': 570, 'prev_value': 569, 'change': 1}
2025-10-22 17:12:47,640 : INFO : EventManager : Event: ======'machine_var_audits_shots_skillshot_drop_targets'====== Args={'value': 39, 'prev_value': 38, 'change': 1}
2025-10-22 17:12:47,640 : INFO : EventManager : Event: ======'skillshot_drop_targets_hit'====== Args={'profile': 'skill_shot_profile', 'state': 'off', 'advancing': False}
2025-10-22 17:12:47,641 : INFO : EventManager : Event: ======'skillshot_drop_targets_skill_shot_profile_hit'====== Args={'profile': 'skill_shot_profile', 'state': 'off', 'advancing': False}
2025-10-22 17:12:47,641 : INFO : EventManager : Event: ======'skillshot_drop_targets_skill_shot_profile_off_hit'====== Args={'profile': 'skill_shot_profile', 'state': 'off', 'advancing': False}
2025-10-22 17:12:47,641 : INFO : EventManager : Event: ======'skillshot_drop_targets_off_hit'====== Args={'profile': 'skill_shot_profile', 'state': 'off', 'advancing': False}
2025-10-22 17:12:47,641 : INFO : EventManager : Event: ======'machine_var_audits_shots_top_drop'====== Args={'value': 32, 'prev_value': 31, 'change': 1}
2025-10-22 17:12:47,641 : INFO : EventManager : Event: ======'top_drop_hit'====== Args={'profile': 'base_shot_profile', 'state': 'off', 'advancing': False}
2025-10-22 17:12:47,642 : INFO : EventManager : Event: ======'top_drop_base_shot_profile_hit'====== Args={'profile': 'base_shot_profile', 'state': 'off', 'advancing': False}
2025-10-22 17:12:47,642 : INFO : EventManager : Event: ======'top_drop_base_shot_profile_off_hit'====== Args={'profile': 'base_shot_profile', 'state': 'off', 'advancing': False}
2025-10-22 17:12:47,642 : INFO : EventManager : Event: ======'top_drop_off_hit'====== Args={'profile': 'base_shot_profile', 'state': 'off', 'advancing': False}
2025-10-22 17:12:47,642 : INFO : EventManager : Event: ======'player_score'====== Args={'value': 2220, 'prev_value': 0, 'change': 2220, 'player_num': 1, 'source': 'base'}
2025-10-22 17:12:47,642 : INFO : EventManager : Event: ======'skillshot_hit'====== Args={'shot': 'skillshot_drop_targets'}
2025-10-22 17:12:47,642 : INFO : EventManager : Event: ======'skillshot_off_hit'====== Args={'shot': 'skillshot_drop_targets'}
2025-10-22 17:12:47,643 : INFO : EventManager : Event: ======'mode_skill_shot_will_stop'====== Args={}
2025-10-22 17:12:47,643 : INFO : EventManager : Event: ======'mode_skill_shot_stopping'====== Args={}
2025-10-22 17:12:47,645 : INFO : Mode.skill_shot : Stopped.
2025-10-22 17:12:47,645 : INFO : EventManager : Event: ======'modes_active_modes_changed'====== Args={}
2025-10-22 17:12:47,646 : INFO : EventManager : Event: ======'mode_skill_shot_stopped'====== Args={}
2025-10-22 17:12:47,646 : INFO : EventManager : Event: ======'clear'====== Args={'key': 'skill_shot'}
2025-10-22 17:12:47,646 : INFO : Timer.skill_shot_timeout : Stopping Timer
2025-10-22 17:12:47,646 : INFO : EventManager : Event: ======'timer_skill_shot_timeout_stopped'====== Args={'ticks': 0, 'ticks_remaining': 0}
2025-10-22 17:12:47,702 : INFO : ball_device.bd_plunger : Got eject confirm
2025-10-22 17:12:47,702 : INFO : ball_device.bd_plunger : Eject successful
2025-10-22 17:12:47,702 : INFO : EventManager : Event: ======'balldevice_bd_plunger_ball_eject_success'====== Args={'balls': 1, 'target': <playfield.playfield>}
2025-10-22 17:12:47,703 : INFO : EventManager : Event: ======'slide_skillshot_overlay_removed'====== Args={'_from_bcp': True}
2025-10-22 17:12:47,704 : INFO : EventManager : Event: ======'balldevice_playfield_ball_enter'====== Args={'new_balls': 1, 'unclaimed_balls': 1, 'device': <playfield.playfield>}
2025-10-22 17:12:47,704 : INFO : EventManager : Event: ======'playfield_ball_count_change'====== Args={'balls': 1, 'change': 1}
2025-10-22 17:12:47,705 : INFO : EventManager : Event: ======'balldevice_bd_plunger_ball_count_changed'====== Args={'balls': 0}
2025-10-22 17:12:47,705 : INFO : ball_device.bd_plunger : State: idle
2025-10-22 17:12:50,394 : INFO : EventManager : Event: ======'ball_save_default_hurry_up'====== Args={}
2025-10-22 17:12:51,732 : INFO : SwitchController : <<<<<<< 's_right_lower_pop' active >>>>>>>
2025-10-22 17:12:51,732 : INFO : EventManager : Event: ======'s_right_lower_pop_active'====== Args={}
2025-10-22 17:12:51,732 : INFO : EventManager : Event: ======'machine_var_audits_switches_s_right_lower_pop'====== Args={'value': 791, 'prev_value': 790, 'change': 1}
2025-10-22 17:12:51,734 : INFO : EventManager : Event: ======'item_highlighted'====== Args={'carousel': 'carousel', 'direction': 'backwards', 'item': 'tripletrouble'}
2025-10-22 17:12:51,735 : INFO : EventManager : Event: ======'machine_var_audits_shots_pop3'====== Args={'value': 43, 'prev_value': 42, 'change': 1}
2025-10-22 17:12:51,735 : INFO : EventManager : Event: ======'pop3_hit'====== Args={'profile': 'base_shot_profile', 'state': 'off', 'advancing': False}
2025-10-22 17:12:51,735 : INFO : EventManager : Event: ======'pop3_base_shot_profile_hit'====== Args={'profile': 'base_shot_profile', 'state': 'off', 'advancing': False}
2025-10-22 17:12:51,735 : INFO : EventManager : Event: ======'pop3_base_shot_profile_off_hit'====== Args={'profile': 'base_shot_profile', 'state': 'off', 'advancing': False}
2025-10-22 17:12:51,735 : INFO : EventManager : Event: ======'pop3_off_hit'====== Args={'profile': 'base_shot_profile', 'state': 'off', 'advancing': False}
2025-10-22 17:12:51,736 : INFO : EventManager : Event: ======'player_score'====== Args={'value': 3330, 'prev_value': 2220, 'change': 1110, 'player_num': 1, 'source': 'base'}
2025-10-22 17:12:51,736 : INFO : EventManager : Event: ======'intergalactic_lit'====== Args={'priority': 0}
2025-10-22 17:12:51,849 : INFO : SwitchController : <<<<<<< 's_right_lower_pop' inactive >>>>>>>
2025-10-22 17:12:52,393 : INFO : EventManager : Event: ======'ball_save_default_grace_period'====== Args={}
2025-10-22 17:12:52,864 : INFO : SwitchController : <<<<<<< 's_right_lower_pop' active >>>>>>>
2025-10-22 17:12:52,864 : INFO : EventManager : Event: ======'s_right_lower_pop_active'====== Args={}
2025-10-22 17:12:52,864 : INFO : EventManager : Event: ======'machine_var_audits_switches_s_right_lower_pop'====== Args={'value': 792, 'prev_value': 791, 'change': 1}
2025-10-22 17:12:52,865 : INFO : EventManager : Event: ======'item_highlighted'====== Args={'carousel': 'carousel', 'direction': 'backwards', 'item': 'makesomenoise'}
2025-10-22 17:12:52,866 : INFO : EventManager : Event: ======'machine_var_audits_shots_pop3'====== Args={'value': 44, 'prev_value': 43, 'change': 1}
2025-10-22 17:12:52,867 : INFO : EventManager : Event: ======'pop3_hit'====== Args={'profile': 'base_shot_profile', 'state': 'off', 'advancing': False}
2025-10-22 17:12:52,867 : INFO : EventManager : Event: ======'pop3_base_shot_profile_hit'====== Args={'profile': 'base_shot_profile', 'state': 'off', 'advancing': False}
2025-10-22 17:12:52,867 : INFO : EventManager : Event: ======'pop3_base_shot_profile_off_hit'====== Args={'profile': 'base_shot_profile', 'state': 'off', 'advancing': False}
2025-10-22 17:12:52,867 : INFO : EventManager : Event: ======'pop3_off_hit'====== Args={'profile': 'base_shot_profile', 'state': 'off', 'advancing': False}
2025-10-22 17:12:52,867 : INFO : EventManager : Event: ======'player_score'====== Args={'value': 4440, 'prev_value': 3330, 'change': 1110, 'player_num': 1, 'source': 'base'}
2025-10-22 17:12:52,868 : INFO : EventManager : Event: ======'intergalactic_lit'====== Args={'priority': 0}
2025-10-22 17:12:52,980 : INFO : SwitchController : <<<<<<< 's_right_lower_pop' inactive >>>>>>>
2025-10-22 17:12:53,532 : INFO : SwitchController : <<<<<<< 's_right_lower_pop' active >>>>>>>
2025-10-22 17:12:53,532 : INFO : EventManager : Event: ======'s_right_lower_pop_active'====== Args={}
2025-10-22 17:12:53,533 : INFO : EventManager : Event: ======'machine_var_audits_switches_s_right_lower_pop'====== Args={'value': 793, 'prev_value': 792, 'change': 1}
2025-10-22 17:12:53,534 : INFO : EventManager : Event: ======'item_highlighted'====== Args={'carousel': 'carousel', 'direction': 'backwards', 'item': 'paulrevere'}
2025-10-22 17:12:53,534 : INFO : EventManager : Event: ======'machine_var_audits_shots_pop3'====== Args={'value': 45, 'prev_value': 44, 'change': 1}
2025-10-22 17:12:53,534 : INFO : EventManager : Event: ======'pop3_hit'====== Args={'profile': 'base_shot_profile', 'state': 'off', 'advancing': False}
2025-10-22 17:12:53,535 : INFO : EventManager : Event: ======'pop3_base_shot_profile_hit'====== Args={'profile': 'base_shot_profile', 'state': 'off', 'advancing': False}
2025-10-22 17:12:53,535 : INFO : EventManager : Event: ======'pop3_base_shot_profile_off_hit'====== Args={'profile': 'base_shot_profile', 'state': 'off', 'advancing': False}
2025-10-22 17:12:53,535 : INFO : EventManager : Event: ======'pop3_off_hit'====== Args={'profile': 'base_shot_profile', 'state': 'off', 'advancing': False}
2025-10-22 17:12:53,535 : INFO : EventManager : Event: ======'player_score'====== Args={'value': 5550, 'prev_value': 4440, 'change': 1110, 'player_num': 1, 'source': 'base'}
2025-10-22 17:12:53,535 : INFO : EventManager : Event: ======'intergalactic_lit'====== Args={'priority': 0}
2025-10-22 17:12:53,647 : INFO : SwitchController : <<<<<<< 's_right_lower_pop' inactive >>>>>>>
2025-10-22 17:12:54,198 : INFO : SwitchController : <<<<<<< 's_right_lower_pop' active >>>>>>>
2025-10-22 17:12:54,198 : INFO : EventManager : Event: ======'s_right_lower_pop_active'====== Args={}
2025-10-22 17:12:54,199 : INFO : EventManager : Event: ======'machine_var_audits_switches_s_right_lower_pop'====== Args={'value': 794, 'prev_value': 793, 'change': 1}
2025-10-22 17:12:54,199 : INFO : EventManager : Event: ======'item_highlighted'====== Args={'carousel': 'carousel', 'direction': 'backwards', 'item': 'intergalactic'}
2025-10-22 17:12:54,200 : INFO : EventManager : Event: ======'machine_var_audits_shots_pop3'====== Args={'value': 46, 'prev_value': 45, 'change': 1}
2025-10-22 17:12:54,201 : INFO : EventManager : Event: ======'pop3_hit'====== Args={'profile': 'base_shot_profile', 'state': 'off', 'advancing': False}
2025-10-22 17:12:54,201 : INFO : EventManager : Event: ======'pop3_base_shot_profile_hit'====== Args={'profile': 'base_shot_profile', 'state': 'off', 'advancing': False}
2025-10-22 17:12:54,201 : INFO : EventManager : Event: ======'pop3_base_shot_profile_off_hit'====== Args={'profile': 'base_shot_profile', 'state': 'off', 'advancing': False}
2025-10-22 17:12:54,201 : INFO : EventManager : Event: ======'pop3_off_hit'====== Args={'profile': 'base_shot_profile', 'state': 'off', 'advancing': False}
2025-10-22 17:12:54,201 : INFO : EventManager : Event: ======'player_score'====== Args={'value': 6660, 'prev_value': 5550, 'change': 1110, 'player_num': 1, 'source': 'base'}
2025-10-22 17:12:54,201 : INFO : EventManager : Event: ======'intergalactic_lit'====== Args={'priority': 0}
2025-10-22 17:12:54,331 : INFO : SwitchController : <<<<<<< 's_right_lower_pop' inactive >>>>>>>
2025-10-22 17:12:54,419 : INFO : EventManager : Event: ======'ball_save_default_disabled'====== Args={}
2025-10-22 17:12:54,878 : INFO : SwitchController : <<<<<<< 's_right_lower_pop' active >>>>>>>
2025-10-22 17:12:54,880 : INFO : EventManager : Event: ======'s_right_lower_pop_active'====== Args={}
2025-10-22 17:12:54,880 : INFO : EventManager : Event: ======'machine_var_audits_switches_s_right_lower_pop'====== Args={'value': 795, 'prev_value': 794, 'change': 1}
2025-10-22 17:12:54,881 : INFO : EventManager : Event: ======'item_highlighted'====== Args={'carousel': 'carousel', 'direction': 'backwards', 'item': 'tripletrouble'}
2025-10-22 17:12:54,881 : INFO : EventManager : Event: ======'machine_var_audits_shots_pop3'====== Args={'value': 47, 'prev_value': 46, 'change': 1}
2025-10-22 17:12:54,882 : INFO : EventManager : Event: ======'pop3_hit'====== Args={'profile': 'base_shot_profile', 'state': 'off', 'advancing': False}
2025-10-22 17:12:54,882 : INFO : EventManager : Event: ======'pop3_base_shot_profile_hit'====== Args={'profile': 'base_shot_profile', 'state': 'off', 'advancing': False}
2025-10-22 17:12:54,882 : INFO : EventManager : Event: ======'pop3_base_shot_profile_off_hit'====== Args={'profile': 'base_shot_profile', 'state': 'off', 'advancing': False}
2025-10-22 17:12:54,882 : INFO : EventManager : Event: ======'pop3_off_hit'====== Args={'profile': 'base_shot_profile', 'state': 'off', 'advancing': False}
2025-10-22 17:12:54,882 : INFO : EventManager : Event: ======'player_score'====== Args={'value': 7770, 'prev_value': 6660, 'change': 1110, 'player_num': 1, 'source': 'base'}
2025-10-22 17:12:54,882 : INFO : EventManager : Event: ======'intergalactic_lit'====== Args={'priority': 0}
2025-10-22 17:12:55,012 : INFO : SwitchController : <<<<<<< 's_right_lower_pop' inactive >>>>>>>
2025-10-22 17:12:55,513 : INFO : SwitchController : <<<<<<< 's_right_lower_pop' active >>>>>>>
2025-10-22 17:12:55,513 : INFO : EventManager : Event: ======'s_right_lower_pop_active'====== Args={}
2025-10-22 17:12:55,514 : INFO : EventManager : Event: ======'machine_var_audits_switches_s_right_lower_pop'====== Args={'value': 796, 'prev_value': 795, 'change': 1}
2025-10-22 17:12:55,515 : INFO : EventManager : Event: ======'item_highlighted'====== Args={'carousel': 'carousel', 'direction': 'backwards', 'item': 'makesomenoise'}
2025-10-22 17:12:55,516 : INFO : EventManager : Event: ======'machine_var_audits_shots_pop3'====== Args={'value': 48, 'prev_value': 47, 'change': 1}
2025-10-22 17:12:55,516 : INFO : EventManager : Event: ======'pop3_hit'====== Args={'profile': 'base_shot_profile', 'state': 'off', 'advancing': False}
2025-10-22 17:12:55,516 : INFO : EventManager : Event: ======'pop3_base_shot_profile_hit'====== Args={'profile': 'base_shot_profile', 'state': 'off', 'advancing': False}
2025-10-22 17:12:55,516 : INFO : EventManager : Event: ======'pop3_base_shot_profile_off_hit'====== Args={'profile': 'base_shot_profile', 'state': 'off', 'advancing': False}
2025-10-22 17:12:55,516 : INFO : EventManager : Event: ======'pop3_off_hit'====== Args={'profile': 'base_shot_profile', 'state': 'off', 'advancing': False}
2025-10-22 17:12:55,516 : INFO : EventManager : Event: ======'player_score'====== Args={'value': 8880, 'prev_value': 7770, 'change': 1110, 'player_num': 1, 'source': 'base'}
2025-10-22 17:12:55,516 : INFO : EventManager : Event: ======'intergalactic_lit'====== Args={'priority': 0}
2025-10-22 17:12:55,613 : INFO : SwitchController : <<<<<<< 's_right_lower_pop' inactive >>>>>>>
2025-10-22 17:13:01,944 : INFO : Machine : Shutting down...
2025-10-22 17:13:01,944 : INFO : EventManager : Event: ======'shutdown'====== Args={}
2025-10-22 17:13:01,944 : INFO : EventManager : Event: ======'mode_service_will_stop'====== Args={}
2025-10-22 17:13:01,945 : INFO : EventManager : Event: ======'mode_service_stopping'====== Args={}
2025-10-22 17:13:01,945 : INFO : Mode.service : Stopped.
2025-10-22 17:13:01,946 : INFO : EventManager : Event: ======'modes_active_modes_changed'====== Args={}
2025-10-22 17:13:01,946 : INFO : EventManager : Event: ======'mode_service_stopped'====== Args={}
2025-10-22 17:13:01,946 : INFO : EventManager : Event: ======'clear'====== Args={'key': 'service'}
2025-10-22 17:13:01,947 : INFO : EventManager : Event: ======'mode_game_will_stop'====== Args={}
2025-10-22 17:13:01,947 : INFO : EventManager : Event: ======'mode_game_stopping'====== Args={}
2025-10-22 17:13:01,948 : INFO : EventManager : Event: ======'mode_multiball_will_stop'====== Args={}
2025-10-22 17:13:01,950 : INFO : EventManager : Event: ======'mode_multiball_stopping'====== Args={}
2025-10-22 17:13:01,950 : INFO : EventManager : Event: ======'mode_carousel_will_stop'====== Args={}
2025-10-22 17:13:01,950 : INFO : EventManager : Event: ======'mode_carousel_stopping'====== Args={}
2025-10-22 17:13:01,950 : INFO : EventManager : Event: ======'mode_base_will_stop'====== Args={}
2025-10-22 17:13:01,950 : INFO : EventManager : Event: ======'mode_base_stopping'====== Args={}
2025-10-22 17:13:01,950 : INFO : Mode.base : Stopped.
2025-10-22 17:13:01,950 : INFO : EventManager : Event: ======'modes_active_modes_changed'====== Args={}
2025-10-22 17:13:01,950 : INFO : EventManager : Event: ======'mode_base_stopped'====== Args={}
2025-10-22 17:13:01,952 : INFO : EventManager : Event: ======'clear'====== Args={'key': 'base'}
2025-10-22 17:13:01,953 : INFO : Timer.chcheckitoutfinish_widget_timer : Stopping Timer
2025-10-22 17:13:01,954 : INFO : EventManager : Event: ======'timer_chcheckitoutfinish_widget_timer_stopped'====== Args={'ticks': 0, 'ticks_remaining': 0}
2025-10-22 17:13:01,956 : INFO : Mode.carousel : Stopped.
2025-10-22 17:13:01,956 : INFO : EventManager : Event: ======'modes_active_modes_changed'====== Args={}
2025-10-22 17:13:01,956 : INFO : EventManager : Event: ======'mode_carousel_stopped'====== Args={}
2025-10-22 17:13:01,957 : INFO : EventManager : Event: ======'clear'====== Args={'key': 'carousel'}
2025-10-22 17:13:01,957 : INFO : Mode.multiball : Stopped.
2025-10-22 17:13:01,957 : INFO : EventManager : Event: ======'modes_active_modes_changed'====== Args={}
2025-10-22 17:13:01,957 : INFO : EventManager : Event: ======'mode_multiball_stopped'====== Args={}
2025-10-22 17:13:01,957 : INFO : EventManager : Event: ======'clear'====== Args={'key': 'multiball'}
2025-10-22 17:13:01,959 : INFO : Mode.game : Stopped.
2025-10-22 17:13:01,959 : INFO : EventManager : Event: ======'modes_active_modes_changed'====== Args={}
2025-10-22 17:13:01,959 : INFO : EventManager : Event: ======'mode_game_stopped'====== Args={}
2025-10-22 17:13:01,959 : INFO : EventManager : Event: ======'clear'====== Args={'key': 'game'}
2025-10-22 17:13:01,962 : INFO : root : MPF run loop ended.
