2025-10-11 16:37:53,748 : INFO : root : Loading config.
2025-10-11 16:37:53,752 : INFO : YamlMultifileConfigLoader : Machine config file #1: config.yaml
2025-10-11 16:37:53,753 : WARNING : ConfigProcessor : Config file in cache changed: C:\venv\mpf\mmmdrop\config\config.yaml
2025-10-11 16:37:53,753 : INFO : ConfigProcessor : Loading config from file c:\venv\mpf\lib\site-packages\mpf\mpfconfig.yaml.
2025-10-11 16:37:53,761 : INFO : ConfigProcessor : Loading config: c:\venv\mpf\lib\site-packages\mpf\mpfconfig.yaml
2025-10-11 16:37:53,761 : INFO : ConfigProcessor : Loading config from file C:\venv\mpf\mmmdrop\config\config.yaml.
2025-10-11 16:37:53,765 : INFO : ConfigProcessor : Loading config: C:\venv\mpf\mmmdrop\config\config.yaml
2025-10-11 16:37:53,767 : INFO : ConfigProcessor : Loading config: C:\venv\mpf\mmmdrop\config\coils.yaml
2025-10-11 16:37:53,769 : INFO : ConfigProcessor : Loading config: C:\venv\mpf\mmmdrop\config\switches.yaml
2025-10-11 16:37:53,774 : INFO : ConfigProcessor : Loading config: C:\venv\mpf\mmmdrop\config\lights.yaml
2025-10-11 16:37:53,777 : INFO : ConfigProcessor : Config file cache created: C:\Users\sdona\AppData\Local\Temp\19f6d0d7953982fda9d956182316b8e5.mpf_cache
2025-10-11 16:37:53,884 : WARNING : ConfigProcessor : Config file in cache changed: C:\venv\mpf\mmmdrop\modes\attract\config\attract.yaml
2025-10-11 16:37:53,885 : INFO : ConfigProcessor : Loading config from file c:\venv\mpf\lib\site-packages\mpf\modes\attract\config\attract.yaml.
2025-10-11 16:37:53,885 : INFO : ConfigProcessor : Loading config: c:\venv\mpf\lib\site-packages\mpf\modes\attract\config\attract.yaml
2025-10-11 16:37:53,886 : INFO : ConfigProcessor : Loading config from file C:\venv\mpf\mmmdrop\modes\attract\config\attract.yaml.
2025-10-11 16:37:53,887 : INFO : ConfigProcessor : Loading config: C:\venv\mpf\mmmdrop\modes\attract\config\attract.yaml
2025-10-11 16:37:53,888 : INFO : ConfigProcessor : Config file cache created: C:\Users\sdona\AppData\Local\Temp\835b5bfea4be8b279a05e96caaaffbbb.mpf_cache
2025-10-11 16:37:53,889 : INFO : ConfigProcessor : Loading config from cache: C:\Users\sdona\AppData\Local\Temp\9b0a7575388f9d9bd2f6ab87bf9fd2f7.mpf_cache
2025-10-11 16:37:53,889 : INFO : ConfigProcessor : Loading config from cache: C:\Users\sdona\AppData\Local\Temp\c340ec0033d1055cd797ffd5447ef414.mpf_cache
2025-10-11 16:37:53,890 : INFO : ConfigProcessor : Loading config from cache: C:\Users\sdona\AppData\Local\Temp\835b5bfea4be8b279a05e96caaaffbbb.mpf_cache
2025-10-11 16:37:53,892 : INFO : ConfigProcessor : Loading config from cache: C:\Users\sdona\AppData\Local\Temp\8c11a28e3c38d4ad47947b6a126f2ee9.mpf_cache
2025-10-11 16:37:53,893 : INFO : ConfigProcessor : Loading config from cache: C:\Users\sdona\AppData\Local\Temp\e391083cdc9e667060411fe5838e93f2.mpf_cache
2025-10-11 16:37:53,894 : INFO : ConfigProcessor : Loading config from cache: C:\Users\sdona\AppData\Local\Temp\f0c219a993d891ee86dcb7eae47dde67.mpf_cache
2025-10-11 16:37:53,895 : INFO : ConfigProcessor : Loading config from cache: C:\Users\sdona\AppData\Local\Temp\96aa58108928490b129531848cd9b506.mpf_cache
2025-10-11 16:37:53,896 : INFO : ConfigProcessor : Loading config from cache: C:\Users\sdona\AppData\Local\Temp\567636b9d9766e3361204e954a8382da.mpf_cache
2025-10-11 16:37:53,897 : INFO : ConfigProcessor : Loading config from cache: C:\Users\sdona\AppData\Local\Temp\d5ead8dff868c6c4b1faf37537a19bc2.mpf_cache
2025-10-11 16:37:53,898 : INFO : ConfigProcessor : Loading config from cache: C:\Users\sdona\AppData\Local\Temp\112f935d1c2002cb40d3e6e497be9e7c.mpf_cache
2025-10-11 16:37:53,899 : INFO : ConfigProcessor : Loading config from file c:\venv\mpf\lib\site-packages\mpf\modes\tilt\config\tilt.yaml.
2025-10-11 16:37:53,913 : INFO : ConfigProcessor : Loading config: c:\venv\mpf\lib\site-packages\mpf\modes\tilt\config\tilt.yaml
2025-10-11 16:37:53,914 : INFO : ConfigProcessor : Config file cache created: C:\Users\sdona\AppData\Local\Temp\9890b958e79ed788ad325aa95ae8685a.mpf_cache
2025-10-11 16:37:53,915 : INFO : Machine : Mission Pinball Framework Core Engine v0.80.0.dev9
2025-10-11 16:37:53,915 : INFO : Machine : Command line arguments: {'no_load_cache': False, 'create_config_cache': True, 'bcp': True, 'configfile': ['config.yaml'], 'force_assets_load': False, 'platform_integration_test': False, 'jsonlogging': False, 'logfile': 'logs\\2025-10-11-16-37-53-mpf-PinballLaptop.log', 'pause': False, 'production': False, 'text_ui': True, 'loglevel': 15, 'consoleloglevel': 20, 'force_platform': 'smart_virtual', 'syslog_address': None, 'full_logfile_path': 'C:\\venv\\mpf\\mmmdrop\\logs\\2025-10-11-16-37-53-mpf-PinballLaptop.log'}
2025-10-11 16:37:53,915 : INFO : Machine : MPF path: c:\venv\mpf\lib\site-packages\mpf
2025-10-11 16:37:53,915 : INFO : Machine : Machine path: C:\venv\mpf\mmmdrop
2025-10-11 16:37:53,915 : INFO : Machine : Platform: win32
2025-10-11 16:37:53,915 : INFO : Machine : Python executable location: c:\venv\mpf\Scripts\python.exe
2025-10-11 16:37:53,915 : INFO : Machine : Python version: 3.9.13 (64-bit)
2025-10-11 16:37:53,917 : INFO : Machine : Initializing MPF...
2025-10-11 16:37:54,230 : INFO : EventManager : Event: ======'machine_var_credits_string'====== Args={'value': 'FREE PLAY', 'prev_value': None, 'change': True}
2025-10-11 16:37:54,256 : INFO : EventManager : Event: ======'machine_var_fast_audio_headphones_volume'====== Args={'value': 10, 'prev_value': None, 'change': True}
2025-10-11 16:37:54,256 : INFO : EventManager : Event: ======'machine_var_fast_audio_main_volume'====== Args={'value': 44, 'prev_value': None, 'change': True}
2025-10-11 16:37:54,256 : INFO : EventManager : Event: ======'machine_var_master_volume'====== Args={'value': 0.5, 'prev_value': None, 'change': True}
2025-10-11 16:37:54,256 : INFO : EventManager : Event: ======'machine_var_player1_score'====== Args={'value': 6019980, 'prev_value': None, 'change': True}
2025-10-11 16:37:54,256 : INFO : EventManager : Event: ======'machine_var_game_just_played'====== Args={'value': 0, 'prev_value': None, 'change': True}
2025-10-11 16:37:54,256 : INFO : EventManager : Event: ======'machine_var_mpf_version'====== Args={'value': 'Mission Pinball Framework v0.80.0.dev9', 'prev_value': None, 'change': True}
2025-10-11 16:37:54,256 : INFO : EventManager : Event: ======'machine_var_mpf_extended_version'====== Args={'value': 'Mission Pinball Framework v0.80.0.dev9, Config version:6, Show version: 6, BCP version:1.1', 'prev_value': None, 'change': True}
2025-10-11 16:37:54,256 : INFO : EventManager : Event: ======'machine_var_python_version'====== Args={'value': '3.9.13', 'prev_value': None, 'change': True}
2025-10-11 16:37:54,286 : INFO : EventManager : Event: ======'machine_var_platform'====== Args={'value': 'Windows-10-10.0.26100-SP0', 'prev_value': None, 'change': True}
2025-10-11 16:37:54,287 : INFO : EventManager : Event: ======'machine_var_platform_system'====== Args={'value': 'Windows', 'prev_value': None, 'change': True}
2025-10-11 16:37:54,287 : INFO : EventManager : Event: ======'machine_var_platform_release'====== Args={'value': '10', 'prev_value': None, 'change': True}
2025-10-11 16:37:54,287 : INFO : EventManager : Event: ======'machine_var_platform_version'====== Args={'value': '10.0.26100', 'prev_value': None, 'change': True}
2025-10-11 16:37:54,287 : INFO : EventManager : Event: ======'machine_var_platform_machine'====== Args={'value': 'AMD64', 'prev_value': None, 'change': True}
2025-10-11 16:37:54,287 : INFO : EventManager : Event: ======'machine_var_log_file_path'====== Args={'value': 'C:\\venv\\mpf\\mmmdrop\\logs\\2025-10-11-16-37-53-mpf-PinballLaptop.log', 'prev_value': None, 'change': True}
2025-10-11 16:37:54,287 : INFO : EventManager : Event: ======'init_phase_1'====== Args={}
2025-10-11 16:37:54,329 : INFO : EventManager : Event: ======'drop_target_bank_three_bank_up'====== Args={}
2025-10-11 16:37:54,330 : INFO : EventManager : Event: ======'init_phase_2'====== Args={}
2025-10-11 16:37:54,330 : INFO : SwitchController : Found active switch: ('3208-0', <Platform.SmartVirtual>) <switch.s_trough1>
2025-10-11 16:37:54,330 : INFO : SwitchController : Found active switch: ('3208-1', <Platform.SmartVirtual>) <switch.s_trough2>
2025-10-11 16:37:54,330 : INFO : SwitchController : Found active switch: ('3208-2', <Platform.SmartVirtual>) <switch.s_trough3>
2025-10-11 16:37:54,330 : INFO : SwitchController : Found active switch: ('3208-3', <Platform.SmartVirtual>) <switch.s_trough4>
2025-10-11 16:37:54,330 : INFO : SwitchController : Found active switch: ('3208-4', <Platform.SmartVirtual>) <switch.s_trough5>
2025-10-11 16:37:54,330 : INFO : SwitchController : Found active switch: ('3208-5', <Platform.SmartVirtual>) <switch.s_trough6>
2025-10-11 16:37:54,340 : INFO : EventManager : Event: ======'bcp_connection_attempt'====== Args={'name': 'local_display', 'host': 'localhost', 'port': 5050}
2025-10-11 16:37:54,344 : INFO : BCPClientSocket : Connecting BCP to 'local_display' at localhost:5050...
2025-10-11 16:37:58,471 : INFO : BCPClientSocket : Connected BCP to 'local_display' localhost:5050
2025-10-11 16:37:58,472 : INFO : EventManager : Event: ======'bcp_clients_connected'====== Args={}
2025-10-11 16:37:58,624 : INFO : ball_device.bd_trough : BCH: Initial count: 6
2025-10-11 16:37:58,624 : INFO : ball_device.bd_trough : State: idle
2025-10-11 16:37:58,625 : INFO : ball_device.bd_plunger : BCH: Initial count: 0
2025-10-11 16:37:58,625 : INFO : ball_device.bd_plunger : State: idle
2025-10-11 16:37:58,625 : INFO : ball_device.bd_scoop : BCH: Initial count: 0
2025-10-11 16:37:58,626 : INFO : ball_device.bd_scoop : State: idle
2025-10-11 16:37:58,643 : INFO : EventManager : Event: ======'init_phase_3'====== Args={}
2025-10-11 16:37:58,646 : INFO : EventManager : Event: ======'init_phase_4'====== Args={}
2025-10-11 16:37:58,646 : INFO : BallController : Initial balls found: 6
2025-10-11 16:37:58,648 : INFO : EventManager : Event: ======'machine_var_audits_events_game_ended'====== Args={'value': 41, 'prev_value': None, 'change': True}
2025-10-11 16:37:58,649 : INFO : EventManager : Event: ======'machine_var_audits_events_game_started'====== Args={'value': 373, 'prev_value': None, 'change': True}
2025-10-11 16:37:58,649 : INFO : EventManager : Event: ======'machine_var_audits_missing_switches_s_captive_ball'====== Args={'value': 6, 'prev_value': None, 'change': True}
2025-10-11 16:37:58,649 : INFO : EventManager : Event: ======'machine_var_audits_missing_switches_s_center_upper_pop'====== Args={'value': 9, 'prev_value': None, 'change': True}
2025-10-11 16:37:58,649 : INFO : EventManager : Event: ======'machine_var_audits_missing_switches_s_inner_orbit'====== Args={'value': 29, 'prev_value': None, 'change': True}
2025-10-11 16:37:58,649 : INFO : EventManager : Event: ======'machine_var_audits_missing_switches_s_left_flipper'====== Args={'value': 83, 'prev_value': None, 'change': True}
2025-10-11 16:37:58,649 : INFO : EventManager : Event: ======'machine_var_audits_missing_switches_s_left_inlane'====== Args={'value': 29, 'prev_value': None, 'change': True}
2025-10-11 16:37:58,649 : INFO : EventManager : Event: ======'machine_var_audits_missing_switches_s_left_orbit'====== Args={'value': 6, 'prev_value': None, 'change': True}
2025-10-11 16:37:58,650 : INFO : EventManager : Event: ======'machine_var_audits_missing_switches_s_left_outlane'====== Args={'value': 117, 'prev_value': None, 'change': True}
2025-10-11 16:37:58,650 : INFO : EventManager : Event: ======'machine_var_audits_missing_switches_s_left_ramp'====== Args={'value': 6, 'prev_value': None, 'change': True}
2025-10-11 16:37:58,650 : INFO : EventManager : Event: ======'machine_var_audits_missing_switches_s_left_slingshot'====== Args={'value': 299, 'prev_value': None, 'change': True}
2025-10-11 16:37:58,650 : INFO : EventManager : Event: ======'machine_var_audits_missing_switches_s_left_upper_pop'====== Args={'value': 9, 'prev_value': None, 'change': True}
2025-10-11 16:37:58,650 : INFO : EventManager : Event: ======'machine_var_audits_missing_switches_s_pop_standup'====== Args={'value': 26, 'prev_value': None, 'change': True}
2025-10-11 16:37:58,650 : INFO : EventManager : Event: ======'machine_var_audits_missing_switches_s_right_flipper'====== Args={'value': 83, 'prev_value': None, 'change': True}
2025-10-11 16:37:58,650 : INFO : EventManager : Event: ======'machine_var_audits_missing_switches_s_right_inlane'====== Args={'value': 29, 'prev_value': None, 'change': True}
2025-10-11 16:37:58,650 : INFO : EventManager : Event: ======'machine_var_audits_missing_switches_s_right_lower_pop'====== Args={'value': 6, 'prev_value': None, 'change': True}
2025-10-11 16:37:58,650 : INFO : EventManager : Event: ======'machine_var_audits_missing_switches_s_right_orbit'====== Args={'value': 6, 'prev_value': None, 'change': True}
2025-10-11 16:37:58,651 : INFO : EventManager : Event: ======'machine_var_audits_missing_switches_s_right_outlane'====== Args={'value': 184, 'prev_value': None, 'change': True}
2025-10-11 16:37:58,651 : INFO : EventManager : Event: ======'machine_var_audits_missing_switches_s_right_ramp'====== Args={'value': 6, 'prev_value': None, 'change': True}
2025-10-11 16:37:58,651 : INFO : EventManager : Event: ======'machine_var_audits_missing_switches_s_right_slingshot'====== Args={'value': 149, 'prev_value': None, 'change': True}
2025-10-11 16:37:58,651 : INFO : EventManager : Event: ======'machine_var_audits_missing_switches_s_scoop'====== Args={'value': 4, 'prev_value': None, 'change': True}
2025-10-11 16:37:58,651 : INFO : EventManager : Event: ======'machine_var_audits_missing_switches_s_service_down'====== Args={'value': 18, 'prev_value': None, 'change': True}
2025-10-11 16:37:58,651 : INFO : EventManager : Event: ======'machine_var_audits_missing_switches_s_service_enter'====== Args={'value': 18, 'prev_value': None, 'change': True}
2025-10-11 16:37:58,651 : INFO : EventManager : Event: ======'machine_var_audits_missing_switches_s_service_esc'====== Args={'value': 18, 'prev_value': None, 'change': True}
2025-10-11 16:37:58,651 : INFO : EventManager : Event: ======'machine_var_audits_missing_switches_s_service_up'====== Args={'value': 18, 'prev_value': None, 'change': True}
2025-10-11 16:37:58,652 : INFO : EventManager : Event: ======'machine_var_audits_missing_switches_s_spinner'====== Args={'value': 6, 'prev_value': None, 'change': True}
2025-10-11 16:37:58,652 : INFO : EventManager : Event: ======'machine_var_audits_missing_switches_s_start'====== Args={'value': 3, 'prev_value': None, 'change': True}
2025-10-11 16:37:58,652 : INFO : EventManager : Event: ======'machine_var_audits_missing_switches_s_three_bank_standup'====== Args={'value': 6, 'prev_value': None, 'change': True}
2025-10-11 16:37:58,652 : INFO : EventManager : Event: ======'machine_var_audits_missing_switches_s_tilt_bob'====== Args={'value': 307, 'prev_value': None, 'change': True}
2025-10-11 16:37:58,652 : INFO : EventManager : Event: ======'machine_var_audits_missing_switches_s_top_right_flipper'====== Args={'value': 299, 'prev_value': None, 'change': True}
2025-10-11 16:37:58,652 : INFO : EventManager : Event: ======'machine_var_audits_missing_switches_s_trough2'====== Args={'value': 6, 'prev_value': None, 'change': True}
2025-10-11 16:37:58,652 : INFO : EventManager : Event: ======'machine_var_audits_missing_switches_s_trough3'====== Args={'value': 6, 'prev_value': None, 'change': True}
2025-10-11 16:37:58,652 : INFO : EventManager : Event: ======'machine_var_audits_missing_switches_s_trough4'====== Args={'value': 298, 'prev_value': None, 'change': True}
2025-10-11 16:37:58,652 : INFO : EventManager : Event: ======'machine_var_audits_missing_switches_s_trough5'====== Args={'value': 298, 'prev_value': None, 'change': True}
2025-10-11 16:37:58,652 : INFO : EventManager : Event: ======'machine_var_audits_missing_switches_s_trough6'====== Args={'value': 148, 'prev_value': None, 'change': True}
2025-10-11 16:37:58,652 : INFO : EventManager : Event: ======'machine_var_audits_missing_switches_s_trough_jam'====== Args={'value': 299, 'prev_value': None, 'change': True}
2025-10-11 16:37:58,652 : INFO : EventManager : Event: ======'machine_var_audits_missing_switches_s_tshirt_bottom_standup'====== Args={'value': 145, 'prev_value': None, 'change': True}
2025-10-11 16:37:58,652 : INFO : EventManager : Event: ======'machine_var_audits_missing_switches_s_tshirt_top_standup'====== Args={'value': 124, 'prev_value': None, 'change': True}
2025-10-11 16:37:58,653 : INFO : EventManager : Event: ======'machine_var_audits_missing_switches_s_upper_pop_standup'====== Args={'value': 299, 'prev_value': None, 'change': True}
2025-10-11 16:37:58,653 : INFO : EventManager : Event: ======'machine_var_audits_missing_switches_service_esc'====== Args={'value': 1, 'prev_value': None, 'change': True}
2025-10-11 16:37:58,653 : INFO : EventManager : Event: ======'machine_var_audits_player_score'====== Args={'value': {'average': 3786297, 'top': [142237180, 6022290, 6019980, 2075720, 2049050, 140190, 55679, 54526, 46225, 25350], 'total': 42}, 'prev_value': None, 'change': True}
2025-10-11 16:37:58,653 : INFO : EventManager : Event: ======'machine_var_audits_shots_skill_captive'====== Args={'value': 16, 'prev_value': None, 'change': True}
2025-10-11 16:37:58,653 : INFO : EventManager : Event: ======'machine_var_audits_shots_skill_drop_targets'====== Args={'value': 160, 'prev_value': None, 'change': True}
2025-10-11 16:37:58,653 : INFO : EventManager : Event: ======'machine_var_audits_shots_skill_side_targets'====== Args={'value': 27, 'prev_value': None, 'change': True}
2025-10-11 16:37:58,653 : INFO : EventManager : Event: ======'machine_var_audits_switches_s_captive_ball'====== Args={'value': 185, 'prev_value': None, 'change': True}
2025-10-11 16:37:58,653 : INFO : EventManager : Event: ======'machine_var_audits_switches_s_center_upper_pop'====== Args={'value': 214, 'prev_value': None, 'change': True}
2025-10-11 16:37:58,654 : INFO : EventManager : Event: ======'machine_var_audits_switches_s_inner_orbit'====== Args={'value': 1, 'prev_value': None, 'change': True}
2025-10-11 16:37:58,654 : INFO : EventManager : Event: ======'machine_var_audits_switches_s_left_flipper'====== Args={'value': 1247, 'prev_value': None, 'change': True}
2025-10-11 16:37:58,654 : INFO : EventManager : Event: ======'machine_var_audits_switches_s_left_inlane'====== Args={'value': 111, 'prev_value': None, 'change': True}
2025-10-11 16:37:58,654 : INFO : EventManager : Event: ======'machine_var_audits_switches_s_left_orbit'====== Args={'value': 57, 'prev_value': None, 'change': True}
2025-10-11 16:37:58,654 : INFO : EventManager : Event: ======'machine_var_audits_switches_s_left_outlane'====== Args={'value': 56, 'prev_value': None, 'change': True}
2025-10-11 16:37:58,654 : INFO : EventManager : Event: ======'machine_var_audits_switches_s_left_ramp'====== Args={'value': 121, 'prev_value': None, 'change': True}
2025-10-11 16:37:58,654 : INFO : EventManager : Event: ======'machine_var_audits_switches_s_left_slingshot'====== Args={'value': 259, 'prev_value': None, 'change': True}
2025-10-11 16:37:58,654 : INFO : EventManager : Event: ======'machine_var_audits_switches_s_left_upper_pop'====== Args={'value': 158, 'prev_value': None, 'change': True}
2025-10-11 16:37:58,655 : INFO : EventManager : Event: ======'machine_var_audits_switches_s_plunger'====== Args={'value': 994, 'prev_value': None, 'change': True}
2025-10-11 16:37:58,655 : INFO : EventManager : Event: ======'machine_var_audits_switches_s_pop_standup'====== Args={'value': 94, 'prev_value': None, 'change': True}
2025-10-11 16:37:58,655 : INFO : EventManager : Event: ======'machine_var_audits_switches_s_right_flipper'====== Args={'value': 1521, 'prev_value': None, 'change': True}
2025-10-11 16:37:58,655 : INFO : EventManager : Event: ======'machine_var_audits_switches_s_right_inlane'====== Args={'value': 107, 'prev_value': None, 'change': True}
2025-10-11 16:37:58,655 : INFO : EventManager : Event: ======'machine_var_audits_switches_s_right_lower_pop'====== Args={'value': 596, 'prev_value': None, 'change': True}
2025-10-11 16:37:58,655 : INFO : EventManager : Event: ======'machine_var_audits_switches_s_right_orbit'====== Args={'value': 59, 'prev_value': None, 'change': True}
2025-10-11 16:37:58,655 : INFO : EventManager : Event: ======'machine_var_audits_switches_s_right_outlane'====== Args={'value': 53, 'prev_value': None, 'change': True}
2025-10-11 16:37:58,655 : INFO : EventManager : Event: ======'machine_var_audits_switches_s_right_ramp'====== Args={'value': 120, 'prev_value': None, 'change': True}
2025-10-11 16:37:58,655 : INFO : EventManager : Event: ======'machine_var_audits_switches_s_right_slingshot'====== Args={'value': 366, 'prev_value': None, 'change': True}
2025-10-11 16:37:58,656 : INFO : EventManager : Event: ======'machine_var_audits_switches_s_scoop'====== Args={'value': 292, 'prev_value': None, 'change': True}
2025-10-11 16:37:58,656 : INFO : EventManager : Event: ======'machine_var_audits_switches_s_service_down'====== Args={'value': 0, 'prev_value': None, 'change': True}
2025-10-11 16:37:58,656 : INFO : EventManager : Event: ======'machine_var_audits_switches_s_service_enter'====== Args={'value': 0, 'prev_value': None, 'change': True}
2025-10-11 16:37:58,656 : INFO : EventManager : Event: ======'machine_var_audits_switches_s_service_esc'====== Args={'value': 0, 'prev_value': None, 'change': True}
2025-10-11 16:37:58,656 : INFO : EventManager : Event: ======'machine_var_audits_switches_s_service_up'====== Args={'value': 0, 'prev_value': None, 'change': True}
2025-10-11 16:37:58,656 : INFO : EventManager : Event: ======'machine_var_audits_switches_s_spinner'====== Args={'value': 1921, 'prev_value': None, 'change': True}
2025-10-11 16:37:58,656 : INFO : EventManager : Event: ======'machine_var_audits_switches_s_start'====== Args={'value': 57, 'prev_value': None, 'change': True}
2025-10-11 16:37:58,656 : INFO : EventManager : Event: ======'machine_var_audits_switches_s_three_bank_bottom'====== Args={'value': 403, 'prev_value': None, 'change': True}
2025-10-11 16:37:58,657 : INFO : EventManager : Event: ======'machine_var_audits_switches_s_three_bank_middle'====== Args={'value': 447, 'prev_value': None, 'change': True}
2025-10-11 16:37:58,657 : INFO : EventManager : Event: ======'machine_var_audits_switches_s_three_bank_standup'====== Args={'value': 223, 'prev_value': None, 'change': True}
2025-10-11 16:37:58,657 : INFO : EventManager : Event: ======'machine_var_audits_switches_s_three_bank_top'====== Args={'value': 441, 'prev_value': None, 'change': True}
2025-10-11 16:37:58,657 : INFO : EventManager : Event: ======'machine_var_audits_switches_s_tilt_bob'====== Args={'value': 21, 'prev_value': None, 'change': True}
2025-10-11 16:37:58,657 : INFO : EventManager : Event: ======'machine_var_audits_switches_s_top_right_flipper'====== Args={'value': 1294, 'prev_value': None, 'change': True}
2025-10-11 16:37:58,657 : INFO : EventManager : Event: ======'machine_var_audits_switches_s_trough1'====== Args={'value': 282, 'prev_value': None, 'change': True}
2025-10-11 16:37:58,657 : INFO : EventManager : Event: ======'machine_var_audits_switches_s_trough2'====== Args={'value': 291, 'prev_value': None, 'change': True}
2025-10-11 16:37:58,657 : INFO : EventManager : Event: ======'machine_var_audits_switches_s_trough3'====== Args={'value': 220, 'prev_value': None, 'change': True}
2025-10-11 16:37:58,658 : INFO : EventManager : Event: ======'machine_var_audits_switches_s_trough4'====== Args={'value': 160, 'prev_value': None, 'change': True}
2025-10-11 16:37:58,658 : INFO : EventManager : Event: ======'machine_var_audits_switches_s_trough5'====== Args={'value': 160, 'prev_value': None, 'change': True}
2025-10-11 16:37:58,659 : INFO : EventManager : Event: ======'machine_var_audits_switches_s_trough6'====== Args={'value': 161, 'prev_value': None, 'change': True}
2025-10-11 16:37:58,659 : INFO : EventManager : Event: ======'machine_var_audits_switches_s_trough_jam'====== Args={'value': 206, 'prev_value': None, 'change': True}
2025-10-11 16:37:58,659 : INFO : EventManager : Event: ======'machine_var_audits_switches_s_tshirt_bottom_standup'====== Args={'value': 31, 'prev_value': None, 'change': True}
2025-10-11 16:37:58,659 : INFO : EventManager : Event: ======'machine_var_audits_switches_s_tshirt_top_standup'====== Args={'value': 58, 'prev_value': None, 'change': True}
2025-10-11 16:37:58,659 : INFO : EventManager : Event: ======'machine_var_audits_switches_s_upper_pop_standup'====== Args={'value': 158, 'prev_value': None, 'change': True}
2025-10-11 16:37:58,659 : INFO : EventManager : Event: ======'machine_var_audits_switches_service_down'====== Args={'value': 1, 'prev_value': None, 'change': True}
2025-10-11 16:37:58,659 : INFO : EventManager : Event: ======'machine_var_audits_switches_service_enter'====== Args={'value': 2, 'prev_value': None, 'change': True}
2025-10-11 16:37:58,659 : INFO : EventManager : Event: ======'machine_var_audits_switches_service_esc'====== Args={'value': 0, 'prev_value': None, 'change': True}
2025-10-11 16:37:58,660 : INFO : EventManager : Event: ======'machine_var_audits_switches_service_up'====== Args={'value': 2, 'prev_value': None, 'change': True}
2025-10-11 16:37:58,660 : INFO : EventManager : Event: ======'init_phase_5'====== Args={}
2025-10-11 16:37:58,726 : INFO : EventManager : Event: ======'init_done'====== Args={}
2025-10-11 16:37:58,726 : INFO : EventManager : Event: ======'machine_reset_phase_1'====== Args={}
2025-10-11 16:37:58,737 : INFO : EventManager : Event: ======'machine_reset_phase_2'====== Args={}
2025-10-11 16:37:58,738 : INFO : EventManager : Event: ======'machine_reset_phase_3'====== Args={}
2025-10-11 16:37:58,738 : INFO : EventManager : Event: ======'mode_tilt_will_start'====== Args={'queue': <QueuedEvent>}
2025-10-11 16:37:58,738 : INFO : EventManager : Event: ======'mode_tilt_starting'====== Args={'queue': <QueuedEvent>}
2025-10-11 16:37:58,738 : INFO : drop_target_bank.three_bank : All targets are already up. Will not reset bank.
2025-10-11 16:37:58,738 : INFO : Mode.tilt : Started. Priority: 1000000
2025-10-11 16:37:58,739 : INFO : EventManager : Event: ======'modes_active_modes_changed'====== Args={}
2025-10-11 16:37:58,739 : INFO : EventManager : Event: ======'mode_tilt_started'====== Args={'queue': <QueuedEvent>}
2025-10-11 16:37:58,739 : INFO : EventManager : Event: ======'reset_complete'====== Args={}
2025-10-11 16:37:58,740 : INFO : EventManager : Event: ======'mode_service_will_start'====== Args={}
2025-10-11 16:37:58,740 : INFO : EventManager : Event: ======'mode_service_starting'====== Args={}
2025-10-11 16:37:58,740 : INFO : EventManager : Event: ======'mode_attract_will_start'====== Args={}
2025-10-11 16:37:58,741 : INFO : Timer.attract_carousel_timer : Starting Timer.
2025-10-11 16:37:58,741 : INFO : EventManager : Event: ======'timer_attract_carousel_timer_started'====== Args={'ticks': 0, 'ticks_remaining': 1}
2025-10-11 16:37:58,741 : INFO : EventManager : Event: ======'timer_attract_carousel_timer_tick'====== Args={'ticks': 0, 'ticks_remaining': 1}
2025-10-11 16:37:58,741 : INFO : Timer.attract_intro_timer : Starting Timer.
2025-10-11 16:37:58,741 : INFO : EventManager : Event: ======'timer_attract_intro_timer_started'====== Args={'ticks': 0, 'ticks_remaining': 16}
2025-10-11 16:37:58,741 : INFO : EventManager : Event: ======'timer_attract_intro_timer_tick'====== Args={'ticks': 0, 'ticks_remaining': 16}
2025-10-11 16:37:58,742 : INFO : EventManager : Event: ======'mode_attract_starting'====== Args={}
2025-10-11 16:37:58,742 : INFO : Mode.attract : Started. Priority: 10
2025-10-11 16:37:58,742 : INFO : EventManager : Event: ======'modes_active_modes_changed'====== Args={}
2025-10-11 16:37:58,742 : INFO : EventManager : Event: ======'mode_attract_started'====== Args={}
2025-10-11 16:37:58,742 : INFO : EventManager : Event: ======'timer_attract_intro_timer_tick'====== Args={'ticks': 0, 'ticks_remaining': 16}
2025-10-11 16:37:58,742 : INFO : EventManager : Event: ======'collecting_balls_complete'====== Args={}
2025-10-11 16:37:58,744 : INFO : EventManager : Event: ======'item_highlighted'====== Args={'carousel': 'attract', 'direction': None, 'item': 'gameover'}
2025-10-11 16:37:58,744 : INFO : EventManager : Event: ======'timer_attract_carousel_timer_tick'====== Args={'ticks': 0, 'ticks_remaining': 1}
2025-10-11 16:37:58,745 : INFO : Mode.service : Started. Priority: 100000
2025-10-11 16:37:58,745 : INFO : EventManager : Event: ======'modes_active_modes_changed'====== Args={}
2025-10-11 16:37:58,745 : INFO : EventManager : Event: ======'mode_service_started'====== Args={}
2025-10-11 16:37:58,765 : INFO : EventManager : Event: ======'slide_loading_created'====== Args={'_from_bcp': True}
2025-10-11 16:37:58,765 : INFO : EventManager : Event: ======'slide__removed'====== Args={'_from_bcp': True}
2025-10-11 16:37:58,765 : INFO : EventManager : Event: ======'slide_loading_active'====== Args={'original_context': '_global', 'original_calling_context': 'init_done', 'priority': 0.0, 'cmd': 'slides_play', '_from_bcp': True}
2025-10-11 16:37:58,766 : INFO : Machine : Starting the main run loop with active modes: [<Mode.tilt>, <Mode.service>, <Mode.attract>]
2025-10-11 16:37:58,803 : INFO : EventManager : Event: ======'slide_attract_load_created'====== Args={'_from_bcp': True}
2025-10-11 16:37:58,803 : INFO : EventManager : Event: ======'slide_loading_inactive'====== Args={'is_removing': True, '_from_bcp': True}
2025-10-11 16:37:58,803 : INFO : EventManager : Event: ======'slide_attract_load_active'====== Args={'original_context': 'attract', 'original_calling_context': 'mode_attract_started', 'priority': 10.0, 'cmd': 'slides_play', '_from_bcp': True}
2025-10-11 16:37:58,803 : INFO : EventManager : Event: ======'slide_loading_removed'====== Args={'_from_bcp': True}
2025-10-11 16:37:59,592 : INFO : BcpServer : New client connected.
2025-10-11 16:37:59,745 : INFO : EventManager : Event: ======'timer_attract_intro_timer_tick'====== Args={'ticks': 1, 'ticks_remaining': 15}
2025-10-11 16:38:00,742 : INFO : EventManager : Event: ======'timer_attract_intro_timer_tick'====== Args={'ticks': 2, 'ticks_remaining': 14}
2025-10-11 16:38:01,754 : INFO : EventManager : Event: ======'timer_attract_intro_timer_tick'====== Args={'ticks': 3, 'ticks_remaining': 13}
2025-10-11 16:38:02,760 : INFO : EventManager : Event: ======'timer_attract_intro_timer_tick'====== Args={'ticks': 4, 'ticks_remaining': 12}
2025-10-11 16:38:03,754 : INFO : EventManager : Event: ======'timer_attract_intro_timer_tick'====== Args={'ticks': 5, 'ticks_remaining': 11}
2025-10-11 16:38:03,754 : INFO : Timer.attract_carousel_timer : Timer Complete
2025-10-11 16:38:03,754 : INFO : Timer.attract_carousel_timer : Stopping Timer
2025-10-11 16:38:03,754 : INFO : EventManager : Event: ======'timer_attract_carousel_timer_stopped'====== Args={'ticks': 1, 'ticks_remaining': 1}
2025-10-11 16:38:03,756 : INFO : EventManager : Event: ======'timer_attract_carousel_timer_complete'====== Args={'ticks': 1, 'ticks_remaining': 1}
2025-10-11 16:38:03,756 : INFO : EventManager : Event: ======'item_highlighted'====== Args={'carousel': 'attract', 'direction': 'forwards', 'item': 'last_scores_1p'}
2025-10-11 16:38:03,756 : INFO : Timer.attract_carousel_timer : Starting Timer.
2025-10-11 16:38:03,756 : INFO : EventManager : Event: ======'timer_attract_carousel_timer_started'====== Args={'ticks': 0, 'ticks_remaining': 1}
2025-10-11 16:38:03,757 : INFO : EventManager : Event: ======'timer_attract_carousel_timer_tick'====== Args={'ticks': 0, 'ticks_remaining': 1}
2025-10-11 16:38:04,736 : INFO : EventManager : Event: ======'timer_attract_intro_timer_tick'====== Args={'ticks': 6, 'ticks_remaining': 10}
2025-10-11 16:38:05,743 : INFO : EventManager : Event: ======'timer_attract_intro_timer_tick'====== Args={'ticks': 7, 'ticks_remaining': 9}
2025-10-11 16:38:06,739 : INFO : EventManager : Event: ======'timer_attract_intro_timer_tick'====== Args={'ticks': 8, 'ticks_remaining': 8}
2025-10-11 16:38:07,736 : INFO : EventManager : Event: ======'timer_attract_intro_timer_tick'====== Args={'ticks': 9, 'ticks_remaining': 7}
2025-10-11 16:38:07,738 : INFO : SwitchController : <<<<<<< 's_tilt_bob' active >>>>>>>
2025-10-11 16:38:07,804 : INFO : SwitchController : <<<<<<< 's_tilt_bob' inactive >>>>>>>
2025-10-11 16:38:08,740 : INFO : EventManager : Event: ======'timer_attract_intro_timer_tick'====== Args={'ticks': 10, 'ticks_remaining': 6}
2025-10-11 16:38:08,741 : INFO : Timer.attract_carousel_timer : Timer Complete
2025-10-11 16:38:08,741 : INFO : Timer.attract_carousel_timer : Stopping Timer
2025-10-11 16:38:08,741 : INFO : EventManager : Event: ======'timer_attract_carousel_timer_stopped'====== Args={'ticks': 1, 'ticks_remaining': 1}
2025-10-11 16:38:08,741 : INFO : EventManager : Event: ======'timer_attract_carousel_timer_complete'====== Args={'ticks': 1, 'ticks_remaining': 1}
2025-10-11 16:38:08,742 : INFO : EventManager : Event: ======'item_highlighted'====== Args={'carousel': 'attract', 'direction': 'forwards', 'item': 'mpf_logo'}
2025-10-11 16:38:08,742 : INFO : Timer.attract_carousel_timer : Starting Timer.
2025-10-11 16:38:08,742 : INFO : EventManager : Event: ======'timer_attract_carousel_timer_started'====== Args={'ticks': 0, 'ticks_remaining': 1}
2025-10-11 16:38:08,744 : INFO : EventManager : Event: ======'timer_attract_carousel_timer_tick'====== Args={'ticks': 0, 'ticks_remaining': 1}
2025-10-11 16:38:09,732 : INFO : EventManager : Event: ======'timer_attract_intro_timer_tick'====== Args={'ticks': 11, 'ticks_remaining': 5}
2025-10-11 16:38:10,740 : INFO : EventManager : Event: ======'timer_attract_intro_timer_tick'====== Args={'ticks': 12, 'ticks_remaining': 4}
2025-10-11 16:38:11,673 : INFO : SwitchController : <<<<<<< 's_tilt_bob' active >>>>>>>
2025-10-11 16:38:11,734 : INFO : EventManager : Event: ======'timer_attract_intro_timer_tick'====== Args={'ticks': 13, 'ticks_remaining': 3}
2025-10-11 16:38:11,748 : INFO : SwitchController : <<<<<<< 's_tilt_bob' inactive >>>>>>>
2025-10-11 16:38:12,210 : INFO : SwitchController : <<<<<<< 's_tilt_bob' active >>>>>>>
2025-10-11 16:38:12,315 : INFO : SwitchController : <<<<<<< 's_tilt_bob' inactive >>>>>>>
2025-10-11 16:38:12,746 : INFO : EventManager : Event: ======'timer_attract_intro_timer_tick'====== Args={'ticks': 14, 'ticks_remaining': 2}
2025-10-11 16:38:13,115 : INFO : SwitchController : <<<<<<< 's_tilt_bob' active >>>>>>>
2025-10-11 16:38:13,194 : INFO : SwitchController : <<<<<<< 's_tilt_bob' inactive >>>>>>>
2025-10-11 16:38:13,751 : INFO : EventManager : Event: ======'timer_attract_intro_timer_tick'====== Args={'ticks': 15, 'ticks_remaining': 1}
2025-10-11 16:38:13,751 : INFO : Timer.attract_carousel_timer : Timer Complete
2025-10-11 16:38:13,751 : INFO : Timer.attract_carousel_timer : Stopping Timer
2025-10-11 16:38:13,751 : INFO : EventManager : Event: ======'timer_attract_carousel_timer_stopped'====== Args={'ticks': 1, 'ticks_remaining': 1}
2025-10-11 16:38:13,751 : INFO : EventManager : Event: ======'timer_attract_carousel_timer_complete'====== Args={'ticks': 1, 'ticks_remaining': 1}
2025-10-11 16:38:13,753 : INFO : EventManager : Event: ======'item_highlighted'====== Args={'carousel': 'attract', 'direction': 'forwards', 'item': 'fast_logo'}
2025-10-11 16:38:13,754 : INFO : Timer.attract_carousel_timer : Starting Timer.
2025-10-11 16:38:13,754 : INFO : EventManager : Event: ======'timer_attract_carousel_timer_started'====== Args={'ticks': 0, 'ticks_remaining': 1}
2025-10-11 16:38:13,754 : INFO : EventManager : Event: ======'timer_attract_carousel_timer_tick'====== Args={'ticks': 0, 'ticks_remaining': 1}
2025-10-11 16:38:13,975 : INFO : SwitchController : <<<<<<< 's_tilt_bob' active >>>>>>>
2025-10-11 16:38:14,065 : INFO : SwitchController : <<<<<<< 's_tilt_bob' inactive >>>>>>>
2025-10-11 16:38:14,740 : INFO : Timer.attract_intro_timer : Timer Complete
2025-10-11 16:38:14,740 : INFO : Timer.attract_intro_timer : Stopping Timer
2025-10-11 16:38:14,740 : INFO : EventManager : Event: ======'timer_attract_intro_timer_stopped'====== Args={'ticks': 16, 'ticks_remaining': 1}
2025-10-11 16:38:14,740 : INFO : EventManager : Event: ======'timer_attract_intro_timer_complete'====== Args={'ticks': 16, 'ticks_remaining': 1}
2025-10-11 16:38:14,788 : INFO : EventManager : Event: ======'slide_attract_created'====== Args={'_from_bcp': True}
2025-10-11 16:38:14,788 : INFO : EventManager : Event: ======'slide_attract_load_inactive'====== Args={'is_removing': True, '_from_bcp': True}
2025-10-11 16:38:14,788 : INFO : EventManager : Event: ======'slide_attract_active'====== Args={'original_context': 'attract', 'original_calling_context': 'timer_attract_intro_timer_complete', 'priority': 10.0, 'ticks': 16.0, 'ticks_remaining': 1.0, 'cmd': 'slides_play', '_from_bcp': True}
2025-10-11 16:38:14,797 : INFO : EventManager : Event: ======'slide_attract_load_removed'====== Args={'_from_bcp': True}
2025-10-11 16:38:18,756 : INFO : Timer.attract_carousel_timer : Timer Complete
2025-10-11 16:38:18,756 : INFO : Timer.attract_carousel_timer : Stopping Timer
2025-10-11 16:38:18,757 : INFO : EventManager : Event: ======'timer_attract_carousel_timer_stopped'====== Args={'ticks': 1, 'ticks_remaining': 1}
2025-10-11 16:38:18,757 : INFO : EventManager : Event: ======'timer_attract_carousel_timer_complete'====== Args={'ticks': 1, 'ticks_remaining': 1}
2025-10-11 16:38:18,757 : INFO : EventManager : Event: ======'item_highlighted'====== Args={'carousel': 'attract', 'direction': 'forwards', 'item': 'credits'}
2025-10-11 16:38:18,758 : INFO : Timer.attract_carousel_timer : Starting Timer.
2025-10-11 16:38:18,758 : INFO : EventManager : Event: ======'timer_attract_carousel_timer_started'====== Args={'ticks': 0, 'ticks_remaining': 1}
2025-10-11 16:38:18,758 : INFO : EventManager : Event: ======'timer_attract_carousel_timer_tick'====== Args={'ticks': 0, 'ticks_remaining': 1}
2025-10-11 16:38:23,757 : INFO : Timer.attract_carousel_timer : Timer Complete
2025-10-11 16:38:23,757 : INFO : Timer.attract_carousel_timer : Stopping Timer
2025-10-11 16:38:23,757 : INFO : EventManager : Event: ======'timer_attract_carousel_timer_stopped'====== Args={'ticks': 1, 'ticks_remaining': 1}
2025-10-11 16:38:23,758 : INFO : EventManager : Event: ======'timer_attract_carousel_timer_complete'====== Args={'ticks': 1, 'ticks_remaining': 1}
2025-10-11 16:38:23,758 : INFO : EventManager : Event: ======'item_highlighted'====== Args={'carousel': 'attract', 'direction': 'forwards', 'item': 'pressstart'}
2025-10-11 16:38:23,759 : INFO : Timer.attract_carousel_timer : Starting Timer.
2025-10-11 16:38:23,759 : INFO : EventManager : Event: ======'timer_attract_carousel_timer_started'====== Args={'ticks': 0, 'ticks_remaining': 1}
2025-10-11 16:38:23,759 : INFO : EventManager : Event: ======'timer_attract_carousel_timer_tick'====== Args={'ticks': 0, 'ticks_remaining': 1}
2025-10-11 16:38:24,231 : INFO : SwitchController : <<<<<<< 's_start' active >>>>>>>
2025-10-11 16:38:24,348 : INFO : SwitchController : <<<<<<< 's_start' inactive >>>>>>>
2025-10-11 16:38:24,349 : INFO : EventManager : Event: ======'sw_start_inactive'====== Args={}
2025-10-11 16:38:24,349 : INFO : EventManager : Event: ======'request_to_start_game'====== Args={}
2025-10-11 16:38:24,350 : INFO : EventManager : Event: ======'game_start'====== Args={'buttons': [], 'hold_time': 0.1090000000258442}
2025-10-11 16:38:24,350 : INFO : EventManager : Event: ======'mode_game_will_start'====== Args={'buttons': [], 'hold_time': 0.1090000000258442}
2025-10-11 16:38:24,351 : INFO : EventManager : Event: ======'mode_game_starting'====== Args={'buttons': [], 'hold_time': 0.1090000000258442}
2025-10-11 16:38:24,351 : INFO : EventManager : Event: ======'mode_attract_will_stop'====== Args={}
2025-10-11 16:38:24,351 : INFO : EventManager : Event: ======'mode_attract_stopping'====== Args={}
2025-10-11 16:38:24,352 : INFO : Mode.attract : Stopped.
2025-10-11 16:38:24,352 : INFO : EventManager : Event: ======'modes_active_modes_changed'====== Args={}
2025-10-11 16:38:24,353 : INFO : EventManager : Event: ======'mode_attract_stopped'====== Args={}
2025-10-11 16:38:24,353 : INFO : EventManager : Event: ======'clear'====== Args={'key': 'attract'}
2025-10-11 16:38:24,353 : INFO : Timer.attract_carousel_timer : Stopping Timer
2025-10-11 16:38:24,353 : INFO : EventManager : Event: ======'timer_attract_carousel_timer_stopped'====== Args={'ticks': 0, 'ticks_remaining': 1}
2025-10-11 16:38:24,353 : INFO : Timer.attract_intro_timer : Stopping Timer
2025-10-11 16:38:24,353 : INFO : EventManager : Event: ======'timer_attract_intro_timer_stopped'====== Args={'ticks': 16, 'ticks_remaining': 1}
2025-10-11 16:38:24,353 : INFO : Mode.game : Started. Priority: 20
2025-10-11 16:38:24,353 : INFO : EventManager : Event: ======'modes_active_modes_changed'====== Args={}
2025-10-11 16:38:24,353 : INFO : EventManager : Event: ======'mode_game_started'====== Args={'buttons': [], 'hold_time': 0.1090000000258442}
2025-10-11 16:38:24,357 : INFO : EventManager : Event: ======'game_will_start'====== Args={}
2025-10-11 16:38:24,358 : INFO : EventManager : Event: ======'game_starting'====== Args={'game': <Mode.game>}
2025-10-11 16:38:24,359 : INFO : EventManager : Unordered handler for class <Auditor> on event game_ended with priority 1. Handlers: [RegisteredHandler(callback=<bound method Auditor.disable of <Auditor>>, priority=1, kwargs={}, key=UUID('0c333b92-32f0-41d2-8ba8-1f5bec56afa9'), condition=None, blocking_facility=None), RegisteredHandler(callback=<bound method Auditor._save_audits of <Auditor>>, priority=1, kwargs={}, key=UUID('7befb463-77f0-4994-8c68-e405de34cbaf'), condition=None, blocking_facility=None)]. The order of those handlers is not defined and they will be executed in random order. This might lead to race conditions and potential bugs.
2025-10-11 16:38:24,359 : INFO : EventManager : Event: ======'player_add_request'====== Args={}
2025-10-11 16:38:24,361 : INFO : EventManager : Event: ======'player_will_add'====== Args={'number': 1}
2025-10-11 16:38:24,361 : INFO : EventManager : Event: ======'player_adding'====== Args={'player': <Player 1>, 'number': 1}
2025-10-11 16:38:24,361 : INFO : EventManager : Event: ======'player_added'====== Args={'player': <Player 1>, 'num': 1}
2025-10-11 16:38:24,361 : INFO : Mode.game : Player added successfully. Total players: 1
2025-10-11 16:38:24,362 : INFO : EventManager : Event: ======'player_index'====== Args={'value': 0, 'prev_value': 0, 'change': 0, 'player_num': 1}
2025-10-11 16:38:24,362 : INFO : EventManager : Event: ======'player_number'====== Args={'value': 1, 'prev_value': 1, 'change': 0, 'player_num': 1}
2025-10-11 16:38:24,362 : INFO : EventManager : Event: ======'player_score'====== Args={'value': 0, 'prev_value': 0, 'change': 0, 'player_num': 1}
2025-10-11 16:38:24,363 : INFO : EventManager : Event: ======'game_started'====== Args={}
2025-10-11 16:38:24,364 : INFO : EventManager : Event: ======'game_just_played'====== Args={'priority': 0, 'action': 'set', 'int': 1}
2025-10-11 16:38:24,371 : INFO : EventManager : Event: ======'player_turn_will_start'====== Args={'player': <Player 1>, 'number': 1}
2025-10-11 16:38:24,371 : INFO : EventManager : Event: ======'player_turn_starting'====== Args={'player': <Player 1>, 'number': 1}
2025-10-11 16:38:24,378 : INFO : EventManager : Event: ======'player_ball'====== Args={'value': 1, 'prev_value': 0, 'change': 1, 'player_num': 1}
2025-10-11 16:38:24,379 : INFO : EventManager : Event: ======'player_turn_started'====== Args={'player': <Player 1>, 'number': 1}
2025-10-11 16:38:24,382 : INFO : EventManager : Event: ======'ball_will_start'====== Args={'player': 1, 'ball': 1, 'balls_remaining': 2, 'is_extra_ball': False}
2025-10-11 16:38:24,384 : INFO : EventManager : Event: ======'ball_starting'====== Args={'player': 1, 'ball': 1, 'balls_remaining': 2, 'is_extra_ball': False}
2025-10-11 16:38:24,386 : INFO : EventManager : Event: ======'mode_base_will_start'====== Args={'queue': <QueuedEvent>, 'player': 1, 'ball': 1, 'balls_remaining': 2, 'is_extra_ball': False}
2025-10-11 16:38:24,389 : INFO : EventManager : Unordered handler for class <Auditor> on event game_ended with priority 1. Handlers: [RegisteredHandler(callback=<bound method Auditor.disable of <Auditor>>, priority=1, kwargs={}, key=UUID('0c333b92-32f0-41d2-8ba8-1f5bec56afa9'), condition=None, blocking_facility=None), RegisteredHandler(callback=<bound method Auditor._save_audits of <Auditor>>, priority=1, kwargs={}, key=UUID('7befb463-77f0-4994-8c68-e405de34cbaf'), condition=None, blocking_facility=None)]. The order of those handlers is not defined and they will be executed in random order. This might lead to race conditions and potential bugs.
2025-10-11 16:38:24,392 : INFO : EventManager : Event: ======'mode_base_starting'====== Args={'queue': <QueuedEvent>, 'player': 1, 'ball': 1, 'balls_remaining': 2, 'is_extra_ball': False}
2025-10-11 16:38:24,392 : INFO : drop_target_bank.three_bank : All targets are already up. Will not reset bank.
2025-10-11 16:38:24,393 : INFO : EventManager : Event: ======'balls_in_play'====== Args={'balls': 1}
2025-10-11 16:38:24,393 : INFO : EventManager : Event: ======'ball_started'====== Args={'player': 1, 'ball': 1, 'balls_remaining': 2, 'is_extra_ball': False}
2025-10-11 16:38:24,394 : INFO : EventManager : Event: ======'logicblock_qualify_chcheckitout_multiball_updated'====== Args={'value': 0, 'enabled': True}
2025-10-11 16:38:24,394 : INFO : EventManager : Event: ======'logicblock_qualify_chcheckitout_multiball_updated'====== Args={'value': 0, 'enabled': True}
2025-10-11 16:38:24,394 : INFO : EventManager : Event: ======'logicblock_chcheckitout_multiball_ready_updated'====== Args={'value': 0, 'enabled': False}
2025-10-11 16:38:24,394 : INFO : EventManager : Event: ======'logicblock_drop_target_bank_counter_updated'====== Args={'value': 0, 'enabled': False}
2025-10-11 16:38:24,394 : INFO : Mode.base : Started. Priority: 100
2025-10-11 16:38:24,394 : INFO : EventManager : Event: ======'modes_active_modes_changed'====== Args={}
2025-10-11 16:38:24,394 : INFO : EventManager : Event: ======'mode_base_started'====== Args={'queue': <QueuedEvent>, 'player': 1, 'ball': 1, 'balls_remaining': 2, 'is_extra_ball': False}
2025-10-11 16:38:24,395 : INFO : EventManager : Event: ======'mode_skill_shot_will_start'====== Args={'player': 1, 'ball': 1, 'balls_remaining': 2, 'is_extra_ball': False}
2025-10-11 16:38:24,396 : INFO : EventManager : Event: ======'player_shot_skill_side_targets_enabled'====== Args={'value': True, 'prev_value': 0, 'change': 1, 'player_num': 1}
2025-10-11 16:38:24,397 : INFO : EventManager : Event: ======'player_shot_skill_drop_targets_enabled'====== Args={'value': True, 'prev_value': 0, 'change': 1, 'player_num': 1}
2025-10-11 16:38:24,398 : INFO : EventManager : Event: ======'skill_shot_complete'====== Args={'state': 'unlit'}
2025-10-11 16:38:24,398 : INFO : EventManager : Event: ======'skill_shot_unlit_complete'====== Args={}
2025-10-11 16:38:24,400 : INFO : EventManager : Event: ======'player_skill_shot_skill_shot_timeout_tick'====== Args={'value': 0, 'prev_value': 0, 'change': 0, 'player_num': 1}
2025-10-11 16:38:24,401 : INFO : EventManager : Event: ======'mode_skill_shot_starting'====== Args={'player': 1, 'ball': 1, 'balls_remaining': 2, 'is_extra_ball': False}
2025-10-11 16:38:24,401 : INFO : EventManager : Event: ======'logicblock_qualify_chcheckitout_multiball_updated'====== Args={'value': 0, 'enabled': True}
2025-10-11 16:38:24,401 : INFO : EventManager : Event: ======'logicblock_chcheckitout_multiball_ready_updated'====== Args={'value': 0, 'enabled': False}
2025-10-11 16:38:24,401 : INFO : EventManager : Event: ======'player_multiball_blocking_flag'====== Args={'value': 0, 'prev_value': 0, 'change': 0, 'player_num': 1, 'source': 'base'}
2025-10-11 16:38:24,401 : INFO : EventManager : Event: ======'player_mode_blocking_flag'====== Args={'value': 0, 'prev_value': 0, 'change': 0, 'player_num': 1, 'source': 'base'}
2025-10-11 16:38:24,401 : INFO : EventManager : Event: ======'player_player_drop_target_bank_counter_count'====== Args={'value': 0, 'prev_value': 0, 'change': 0, 'player_num': 1, 'source': 'base'}
2025-10-11 16:38:24,402 : INFO : EventManager : Event: ======'player_drop_target_bank_counter_count'====== Args={'value': 0, 'prev_value': 0, 'change': 0, 'player_num': 1, 'source': 'base'}
2025-10-11 16:38:24,403 : INFO : EventManager : Event: ======'mode_multiball_will_start'====== Args={'queue': <QueuedEvent>, 'player': 1, 'ball': 1, 'balls_remaining': 2, 'is_extra_ball': False}
2025-10-11 16:38:24,404 : INFO : EventManager : Event: ======'mode_multiball_starting'====== Args={'queue': <QueuedEvent>, 'player': 1, 'ball': 1, 'balls_remaining': 2, 'is_extra_ball': False}
2025-10-11 16:38:24,404 : INFO : EventManager : Event: ======'mode_carousel_will_start'====== Args={'queue': <QueuedEvent>, 'player': 1, 'ball': 1, 'balls_remaining': 2, 'is_extra_ball': False}
2025-10-11 16:38:24,404 : INFO : EventManager : Event: ======'mode_carousel_starting'====== Args={'queue': <QueuedEvent>, 'player': 1, 'ball': 1, 'balls_remaining': 2, 'is_extra_ball': False}
2025-10-11 16:38:24,405 : INFO : EventManager : Event: ======'ball_save_default_enabled'====== Args={}
2025-10-11 16:38:24,405 : INFO : Mode.carousel : Started. Priority: 200
2025-10-11 16:38:24,405 : INFO : EventManager : Event: ======'modes_active_modes_changed'====== Args={}
2025-10-11 16:38:24,405 : INFO : EventManager : Event: ======'mode_carousel_started'====== Args={'queue': <QueuedEvent>, 'player': 1, 'ball': 1, 'balls_remaining': 2, 'is_extra_ball': False}
2025-10-11 16:38:24,406 : INFO : EventManager : Event: ======'item_highlighted'====== Args={'carousel': 'carousel', 'direction': None, 'item': 'intergalactic'}
2025-10-11 16:38:24,406 : INFO : Mode.multiball : Started. Priority: 1000
2025-10-11 16:38:24,406 : INFO : EventManager : Event: ======'modes_active_modes_changed'====== Args={}
2025-10-11 16:38:24,407 : INFO : EventManager : Event: ======'mode_multiball_started'====== Args={'queue': <QueuedEvent>, 'player': 1, 'ball': 1, 'balls_remaining': 2, 'is_extra_ball': False}
2025-10-11 16:38:24,407 : INFO : Mode.skill_shot : Started. Priority: 500
2025-10-11 16:38:24,407 : INFO : EventManager : Event: ======'modes_active_modes_changed'====== Args={}
2025-10-11 16:38:24,407 : INFO : EventManager : Event: ======'mode_skill_shot_started'====== Args={'player': 1, 'ball': 1, 'balls_remaining': 2, 'is_extra_ball': False}
2025-10-11 16:38:24,407 : INFO : EventManager : Event: ======'player_shot_skill_side_targets'====== Args={'value': 1, 'prev_value': 0, 'change': 1, 'player_num': 1}
2025-10-11 16:38:24,408 : INFO : EventManager : Event: ======'player_shot_skill_drop_targets'====== Args={'value': 1, 'prev_value': 0, 'change': 1, 'player_num': 1}
2025-10-11 16:38:24,410 : INFO : EventManager : Event: ======'skill_shot_complete'====== Args={'state': 'flashing'}
2025-10-11 16:38:24,410 : INFO : EventManager : Event: ======'skill_shot_flashing_complete'====== Args={}
2025-10-11 16:38:24,412 : INFO : EventManager : Event: ======'single_player_ball_started'====== Args={}
2025-10-11 16:38:24,432 : INFO : EventManager : Event: ======'ball_start_target'====== Args={'target': 'playfield'}
2025-10-11 16:38:24,433 : INFO : EventManager : Event: ======'slide_base_created'====== Args={'_from_bcp': True}
2025-10-11 16:38:24,434 : INFO : ball_device.bd_plunger : Setting up player-controlled eject. Balls: 1, Target: <playfield.playfield>, player_controlled_eject_event: None
2025-10-11 16:38:24,434 : INFO : EventManager : Event: ======'balldevice_balls_available'====== Args={}
2025-10-11 16:38:24,434 : INFO : EventManager : Event: ======'play_base_video2'====== Args={'_from_bcp': True}
2025-10-11 16:38:24,436 : INFO : ball_device.bd_trough : State: waiting_for_target_ready
2025-10-11 16:38:24,437 : INFO : EventManager : Event: ======'balldevice_bd_trough_ball_eject_attempt'====== Args={'balls': 1, 'target': <ball_device.bd_plunger>, 'source': <ball_device.bd_trough>, 'mechanical_eject': True, 'num_attempts': 0}
2025-10-11 16:38:24,437 : INFO : ball_device.bd_plunger : State: waiting_for_ball
2025-10-11 16:38:24,438 : INFO : EventManager : Event: ======'slide_score_overlay_created'====== Args={'_from_bcp': True}
2025-10-11 16:38:24,438 : INFO : EventManager : Event: ======'slide_attract_inactive'====== Args={'is_removing': True, '_from_bcp': True}
2025-10-11 16:38:24,439 : INFO : EventManager : Event: ======'slide_score_overlay_active'====== Args={'original_context': 'base', 'original_calling_context': 'mode_base_started', 'priority': 100.0, 'queue': '<QueuedEvent>', 'player': 1.0, 'ball': 1.0, 'balls_remaining': 2.0, 'is_extra_ball': False, 'cmd': 'slides_play', '_from_bcp': True}
2025-10-11 16:38:24,439 : INFO : ball_device.bd_trough : State: ejecting
2025-10-11 16:38:24,440 : INFO : ball_device.bd_trough : Ejecting ball to <ball_device.bd_plunger>
2025-10-11 16:38:24,440 : INFO : EventManager : Event: ======'balldevice_bd_trough_ejecting_ball'====== Args={'balls': 1, 'target': <ball_device.bd_plunger>, 'source': <ball_device.bd_trough>, 'mechanical_eject': True, 'num_attempts': 0}
2025-10-11 16:38:24,441 : INFO : ball_device.bd_trough : Wait for ball to leave device
2025-10-11 16:38:24,443 : INFO : coil.c_trough_eject : Pulsing Driver for 20ms (1.0 pulse_power)
2025-10-11 16:38:24,444 : INFO : SwitchController : <<<<<<< 's_trough1' inactive >>>>>>>
2025-10-11 16:38:24,444 : INFO : EventManager : Event: ======'slide_attract_removed'====== Args={'_from_bcp': True}
2025-10-11 16:38:24,450 : INFO : EventManager : Event: ======'slide_current_mode_highlighted_created'====== Args={'_from_bcp': True}
2025-10-11 16:38:24,451 : INFO : ball_device.bd_trough : State: ball_left
2025-10-11 16:38:24,451 : INFO : ball_device.bd_trough : Ball left
2025-10-11 16:38:24,451 : INFO : ball_device.bd_trough : Wait for confirm with timeout 3.0
2025-10-11 16:38:24,537 : INFO : SwitchController : <<<<<<< 's_plunger' active >>>>>>>
2025-10-11 16:38:24,537 : INFO : EventManager : Event: ======'machine_var_audits_switches_s_plunger'====== Args={'value': 995, 'prev_value': 994, 'change': 1}
2025-10-11 16:38:24,704 : INFO : EventManager : Event: ======'slide_skillshot_overlay_created'====== Args={'_from_bcp': True}
2025-10-11 16:38:24,724 : INFO : EventManager : Event: ======'slide_basevideo2_created'====== Args={'_from_bcp': True}
2025-10-11 16:38:25,032 : INFO : ball_device.bd_plunger : Received ball from <ball_device.bd_trough>
2025-10-11 16:38:25,032 : INFO : EventManager : Event: ======'balldevice_bd_plunger_ball_enter'====== Args={'new_balls': 1, 'unclaimed_balls': 0, 'new_available_balls': 0, 'device': <ball_device.bd_plunger>}
2025-10-11 16:38:25,034 : INFO : EventManager : Event: ======'balldevice_bd_plunger_ball_entered'====== Args={'new_balls': 0, 'device': <ball_device.bd_plunger>}
2025-10-11 16:38:25,034 : INFO : EventManager : Event: ======'balldevice_bd_plunger_ball_count_changed'====== Args={'balls': 1}
2025-10-11 16:38:25,035 : INFO : ball_device.bd_trough : Got eject confirm
2025-10-11 16:38:25,035 : INFO : ball_device.bd_trough : Eject successful
2025-10-11 16:38:25,035 : INFO : EventManager : Event: ======'balldevice_bd_trough_ball_eject_success'====== Args={'balls': 1, 'target': <ball_device.bd_plunger>}
2025-10-11 16:38:25,036 : INFO : EventManager : Event: ======'balldevice_bd_trough_ball_count_changed'====== Args={'balls': 5}
2025-10-11 16:38:25,036 : INFO : ball_device.bd_trough : State: idle
2025-10-11 16:38:25,037 : INFO : ball_device.bd_plunger : State: waiting_for_target_ready
2025-10-11 16:38:25,037 : INFO : EventManager : Event: ======'balldevice_bd_plunger_ball_eject_attempt'====== Args={'balls': 1, 'target': <playfield.playfield>, 'source': <ball_device.bd_plunger>, 'mechanical_eject': True, 'num_attempts': 0}
2025-10-11 16:38:25,038 : INFO : ball_device.bd_plunger : State: ejecting
2025-10-11 16:38:25,038 : INFO : ball_device.bd_plunger : Ejecting ball to <playfield.playfield>
2025-10-11 16:38:25,038 : INFO : EventManager : Event: ======'balldevice_bd_plunger_ejecting_ball'====== Args={'balls': 1, 'target': <playfield.playfield>, 'source': <ball_device.bd_plunger>, 'mechanical_eject': True, 'num_attempts': 0}
2025-10-11 16:38:25,039 : INFO : ball_device.bd_plunger : Wait for ball to leave device
2025-10-11 16:38:28,821 : INFO : SwitchController : <<<<<<< 's_tilt_bob' active >>>>>>>
2025-10-11 16:38:28,821 : INFO : Mode.tilt : Tilt Warning
2025-10-11 16:38:28,822 : INFO : EventManager : Event: ======'player_tilt_warnings'====== Args={'value': 1, 'prev_value': 0, 'change': 1, 'player_num': 1}
2025-10-11 16:38:28,822 : INFO : EventManager : Event: ======'tilt_warning'====== Args={'warnings': 1, 'warnings_remaining': 2}
2025-10-11 16:38:28,822 : INFO : EventManager : Event: ======'tilt_warning_1'====== Args={}
2025-10-11 16:38:28,823 : INFO : EventManager : Event: ======'machine_var_audits_switches_s_tilt_bob'====== Args={'value': 22, 'prev_value': 21, 'change': 1}
2025-10-11 16:38:28,899 : INFO : SwitchController : <<<<<<< 's_tilt_bob' inactive >>>>>>>
2025-10-11 16:38:33,350 : INFO : SwitchController : <<<<<<< 's_tilt_bob' active >>>>>>>
2025-10-11 16:38:33,350 : INFO : Mode.tilt : Tilt Warning
2025-10-11 16:38:33,350 : INFO : EventManager : Event: ======'player_tilt_warnings'====== Args={'value': 2, 'prev_value': 1, 'change': 1, 'player_num': 1}
2025-10-11 16:38:33,351 : INFO : EventManager : Event: ======'tilt_warning'====== Args={'warnings': 2, 'warnings_remaining': 1}
2025-10-11 16:38:33,351 : INFO : EventManager : Event: ======'tilt_warning_2'====== Args={}
2025-10-11 16:38:33,351 : INFO : EventManager : Event: ======'machine_var_audits_switches_s_tilt_bob'====== Args={'value': 23, 'prev_value': 22, 'change': 1}
2025-10-11 16:38:33,411 : INFO : SwitchController : <<<<<<< 's_tilt_bob' inactive >>>>>>>
2025-10-11 16:38:34,669 : INFO : SwitchController : <<<<<<< 's_tilt_bob' active >>>>>>>
2025-10-11 16:38:34,669 : INFO : Mode.tilt : Tilt Warning
2025-10-11 16:38:34,671 : INFO : EventManager : Event: ======'player_tilt_warnings'====== Args={'value': 3, 'prev_value': 2, 'change': 1, 'player_num': 1}
2025-10-11 16:38:34,671 : INFO : Mode.tilt : Processing Tilt. Balls to collect: 1
2025-10-11 16:38:34,671 : INFO : EventManager : Event: ======'tilt'====== Args={}
2025-10-11 16:38:34,671 : INFO : EventManager : Event: ======'machine_var_audits_switches_s_tilt_bob'====== Args={'value': 24, 'prev_value': 23, 'change': 1}
2025-10-11 16:38:34,673 : INFO : EventManager : Event: ======'ball_will_end'====== Args={}
2025-10-11 16:38:34,676 : INFO : EventManager : Event: ======'player_tilt_warnings'====== Args={'value': 0, 'prev_value': 3, 'change': -3, 'player_num': 1}
2025-10-11 16:38:34,677 : INFO : EventManager : Event: ======'ball_save_default_disabled'====== Args={}
2025-10-11 16:38:34,685 : INFO : EventManager : Event: ======'ball_ending'====== Args={}
2025-10-11 16:38:34,686 : INFO : coil.c_plunger : Pulsing Driver for 20ms (1.0 pulse_power)
2025-10-11 16:38:34,687 : INFO : SwitchController : <<<<<<< 's_plunger' inactive >>>>>>>
2025-10-11 16:38:34,687 : INFO : EventManager : Event: ======'ball_out'====== Args={}
2025-10-11 16:38:34,688 : INFO : EventManager : Event: ======'mode_carousel_will_stop'====== Args={}
2025-10-11 16:38:34,688 : INFO : EventManager : Event: ======'mode_carousel_stopping'====== Args={}
2025-10-11 16:38:34,688 : INFO : EventManager : Event: ======'mode_multiball_will_stop'====== Args={}
2025-10-11 16:38:34,689 : INFO : EventManager : Event: ======'mode_multiball_stopping'====== Args={}
2025-10-11 16:38:34,689 : INFO : EventManager : Event: ======'mode_skill_shot_will_stop'====== Args={}
2025-10-11 16:38:34,689 : INFO : EventManager : Event: ======'mode_skill_shot_stopping'====== Args={}
2025-10-11 16:38:34,689 : INFO : EventManager : Event: ======'mode_base_will_stop'====== Args={}
2025-10-11 16:38:34,689 : INFO : EventManager : Event: ======'mode_base_stopping'====== Args={}
2025-10-11 16:38:34,692 : INFO : Mode.base : Stopped.
2025-10-11 16:38:34,692 : INFO : EventManager : Event: ======'modes_active_modes_changed'====== Args={}
2025-10-11 16:38:34,693 : INFO : EventManager : Event: ======'mode_base_stopped'====== Args={}
2025-10-11 16:38:34,693 : INFO : EventManager : Event: ======'clear'====== Args={'key': 'base'}
2025-10-11 16:38:34,696 : INFO : Mode.skill_shot : Stopped.
2025-10-11 16:38:34,696 : INFO : EventManager : Event: ======'modes_active_modes_changed'====== Args={}
2025-10-11 16:38:34,697 : INFO : EventManager : Event: ======'mode_skill_shot_stopped'====== Args={}
2025-10-11 16:38:34,697 : INFO : EventManager : Event: ======'clear'====== Args={'key': 'skill_shot'}
2025-10-11 16:38:34,698 : INFO : Timer.skill_shot_timeout : Stopping Timer
2025-10-11 16:38:34,698 : INFO : EventManager : Event: ======'timer_skill_shot_timeout_stopped'====== Args={'ticks': 0, 'ticks_remaining': 0}
2025-10-11 16:38:34,698 : INFO : Mode.multiball : Stopped.
2025-10-11 16:38:34,698 : INFO : EventManager : Event: ======'modes_active_modes_changed'====== Args={}
2025-10-11 16:38:34,699 : INFO : EventManager : Event: ======'mode_multiball_stopped'====== Args={}
2025-10-11 16:38:34,699 : INFO : EventManager : Event: ======'clear'====== Args={'key': 'multiball'}
2025-10-11 16:38:34,699 : INFO : Mode.carousel : Stopped.
2025-10-11 16:38:34,699 : INFO : EventManager : Event: ======'modes_active_modes_changed'====== Args={}
2025-10-11 16:38:34,699 : INFO : EventManager : Event: ======'mode_carousel_stopped'====== Args={}
2025-10-11 16:38:34,700 : INFO : EventManager : Event: ======'clear'====== Args={'key': 'carousel'}
2025-10-11 16:38:34,720 : INFO : ball_device.bd_plunger : State: ball_left
2025-10-11 16:38:34,722 : INFO : ball_device.bd_plunger : Ball left
2025-10-11 16:38:34,722 : INFO : ball_device.bd_plunger : Wait for confirm with timeout 3.0
2025-10-11 16:38:34,785 : INFO : SwitchController : <<<<<<< 's_tilt_bob' inactive >>>>>>>
2025-10-11 16:38:37,729 : INFO : ball_device.bd_plunger : State: failed_confirm
2025-10-11 16:38:37,729 : INFO : ball_device.bd_plunger : Got timeout (3.0s) before confirm from <playfield.playfield>
2025-10-11 16:38:37,823 : INFO : ball_device.bd_plunger : Confirming eject because target is playfield and ball did not return.
2025-10-11 16:38:37,823 : INFO : ball_device.bd_plunger : Eject successful
2025-10-11 16:38:37,823 : INFO : EventManager : Event: ======'balldevice_bd_plunger_ball_eject_success'====== Args={'balls': 1, 'target': <playfield.playfield>}
2025-10-11 16:38:37,823 : INFO : EventManager : Event: ======'balldevice_playfield_ball_enter'====== Args={'new_balls': 1, 'unclaimed_balls': 1, 'device': <playfield.playfield>}
2025-10-11 16:38:37,824 : INFO : EventManager : Event: ======'playfield_ball_count_change'====== Args={'balls': 1, 'change': 1}
2025-10-11 16:38:37,824 : INFO : EventManager : Event: ======'balldevice_bd_plunger_ball_count_changed'====== Args={'balls': 0}
2025-10-11 16:38:37,826 : INFO : ball_device.bd_plunger : State: idle
2025-10-11 16:39:12,795 : INFO : Machine : Shutting down...
2025-10-11 16:39:12,796 : INFO : EventManager : Event: ======'shutdown'====== Args={}
2025-10-11 16:39:12,797 : INFO : EventManager : Event: ======'mode_service_will_stop'====== Args={}
2025-10-11 16:39:12,798 : INFO : EventManager : Event: ======'mode_service_stopping'====== Args={}
2025-10-11 16:39:12,803 : INFO : Mode.service : Stopped.
2025-10-11 16:39:12,803 : INFO : EventManager : Event: ======'modes_active_modes_changed'====== Args={}
2025-10-11 16:39:12,804 : INFO : EventManager : Event: ======'mode_service_stopped'====== Args={}
2025-10-11 16:39:12,804 : INFO : EventManager : Event: ======'clear'====== Args={'key': 'service'}
2025-10-11 16:39:12,806 : INFO : EventManager : Event: ======'mode_game_will_stop'====== Args={}
2025-10-11 16:39:12,806 : INFO : EventManager : Event: ======'mode_game_stopping'====== Args={}
2025-10-11 16:39:12,807 : INFO : Mode.game : Stopped.
2025-10-11 16:39:12,807 : INFO : EventManager : Event: ======'modes_active_modes_changed'====== Args={}
2025-10-11 16:39:12,807 : INFO : EventManager : Event: ======'mode_game_stopped'====== Args={}
2025-10-11 16:39:12,808 : INFO : EventManager : Event: ======'clear'====== Args={'key': 'game'}
2025-10-11 16:39:13,830 : INFO : root : MPF run loop ended.
