2025-09-18 21:31:43,556 : kivy : deps: Successfully imported "kivy_deps.gstreamer" 0.3.3
2025-09-18 21:31:43,556 : kivy : deps: Successfully imported "kivy_deps.angle" 0.3.3
2025-09-18 21:31:43,556 : kivy : deps: Successfully imported "kivy_deps.glew" 0.3.1
2025-09-18 21:31:43,557 : kivy : deps: Successfully imported "kivy_deps.sdl2" 0.6.0
2025-09-18 21:31:43,557 : kivy : Kivy: v2.2.1
2025-09-18 21:31:43,557 : kivy : Kivy: Installed at "c:\venv\mpf\lib\site-packages\kivy\__init__.py"
2025-09-18 21:31:43,557 : kivy : Python: v3.9.13 (tags/v3.9.13:6de2ca5, May 17 2022, 16:36:42) [MSC v.1929 64 bit (AMD64)]
2025-09-18 21:31:43,558 : kivy : Python: Interpreter at "c:\venv\mpf\Scripts\python.exe"
2025-09-18 21:31:43,602 : kivy : Factory: 190 symbols loaded
2025-09-18 21:31:43,812 : kivy : ImageLoaderFFPy: Using ffpyplayer 4.5.1
2025-09-18 21:31:43,813 : kivy : Image: Providers: img_tex, img_dds, img_sdl2, img_pil, img_ffpyplayer 
2025-09-18 21:31:44,018 : kivy : VideoGstplayer: Using Gstreamer 1.18.5.0
2025-09-18 21:31:44,018 : kivy : Video: Provider: gstplayer
2025-09-18 21:31:44,073 : root : Loading MPF-MC controller
2025-09-18 21:31:44,076 : YamlMultifileConfigLoader : Machine config file #1: config
2025-09-18 21:31:44,076 : ConfigProcessor : Config file in cache changed: C:\venv\mpf\soultrain\config\config
2025-09-18 21:31:44,077 : ConfigProcessor : Loading config from file c:\venv\mpf\lib\site-packages\mpfmc\mcconfig.yaml.
2025-09-18 21:31:44,083 : ConfigProcessor : Loading config: c:\venv\mpf\lib\site-packages\mpfmc\mcconfig.yaml
2025-09-18 21:31:44,084 : ConfigProcessor : Loading config from file C:\venv\mpf\soultrain\config\config.
2025-09-18 21:31:44,087 : ConfigProcessor : Loading config: C:\venv\mpf\soultrain\config\config
2025-09-18 21:31:44,089 : ConfigProcessor : Loading config: C:\venv\mpf\soultrain\config\coils.yaml
2025-09-18 21:31:44,091 : ConfigProcessor : Loading config: C:\venv\mpf\soultrain\config\switches.yaml
2025-09-18 21:31:44,092 : ConfigProcessor : Loading config: C:\venv\mpf\soultrain\config\multiball.yaml
2025-09-18 21:31:44,094 : ConfigProcessor : Config file cache created: C:\Users\sdona\AppData\Local\Temp\d1c76a6711522dcfe5a45e149ba5eb45.mpf_cache
2025-09-18 21:31:44,094 : ConfigProcessor : Loading config from cache: C:\Users\sdona\AppData\Local\Temp\9850977bb9bffa92584f0b363c7a65d4.mpf_cache
2025-09-18 21:31:44,095 : ConfigProcessor : Loading config from cache: C:\Users\sdona\AppData\Local\Temp\9b0a7575388f9d9bd2f6ab87bf9fd2f7.mpf_cache
2025-09-18 21:31:44,096 : mpfmc : Mission Pinball Framework Media Controller (MPF-MC) v0.57.1. Requires MPF v0.57.0 or newer.
2025-09-18 21:31:44,097 : mpfmc : Found MPF v0.57.3
2025-09-18 21:31:44,097 : mpfmc : Machine path: C:\venv\mpf\soultrain
2025-09-18 21:31:44,097 : mpfmc : Starting clock at 60.0Hz
2025-09-18 21:31:44,123 : kivy : Text: Provider: sdl2
2025-09-18 21:31:44,164 : kivy : Window: Provider: sdl2
2025-09-18 21:31:44,449 : kivy : GL: Using the "OpenGL" graphics system
2025-09-18 21:31:44,460 : kivy : GL: GLEW initialization succeeded
2025-09-18 21:31:44,460 : kivy : GL: Backend used <glew>
2025-09-18 21:31:44,461 : kivy : GL: OpenGL version <b'4.6.0 Compatibility Profile Context 25.9.1.250822'>
2025-09-18 21:31:44,461 : kivy : GL: OpenGL vendor <b'ATI Technologies Inc.'>
2025-09-18 21:31:44,461 : kivy : GL: OpenGL renderer <b'AMD Radeon(TM) Graphics'>
2025-09-18 21:31:44,461 : kivy : GL: OpenGL parsed version: 4, 6
2025-09-18 21:31:44,461 : kivy : GL: Shading version <b'4.60'>
2025-09-18 21:31:44,461 : kivy : GL: Texture max size <16384>
2025-09-18 21:31:44,461 : kivy : GL: Texture max units <32>
2025-09-18 21:31:44,507 : kivy : Window: auto add sdl2 input provider
2025-09-18 21:31:44,508 : kivy : Window: virtual keyboard not allowed, single mode, not docked
2025-09-18 21:31:44,516 : SoundSystem : SoundSystem: Using default 'sound_system' settings
2025-09-18 21:31:47,401 : AudioInterface : Initialized
2025-09-18 21:31:47,401 : AudioInterface : Loaded SDL 2.26.4
2025-09-18 21:31:47,402 : AudioInterface : Loaded SDL_Mixer 2.6.3
2025-09-18 21:31:47,402 : AudioInterface : Loaded GStreamer 1.18.5.0
2025-09-18 21:31:47,402 : AudioInterface : Loaded GLib 2.62.6
2025-09-18 21:31:47,402 : AudioInterface : Settings requested - rate: 44100, channels: 1, buffer: 2048 samples
2025-09-18 21:31:47,402 : AudioInterface : Settings in use - rate: 44100, channels: 1, buffer: 2048 samples (4096 bytes @ 2 bytes per sample)
2025-09-18 21:31:47,402 : SoundSystem : No audio tracks are specified in your machine config file. a track named 'default' has been created.
2025-09-18 21:31:47,403 : SoundSystem : Setting master volume to 0.0
2025-09-18 21:31:47,403 : AudioInterface : Enabling audio playback
2025-09-18 21:31:47,406 : kivy : Base: Start application main loop
2025-09-18 21:31:47,406 : EventManager : Event: ======'display_window_initialized'====== Args={}
2025-09-18 21:31:47,416 : mpfmc : Display: Setting 'window' as default display
2025-09-18 21:31:47,424 : EventManager : Event: ======'displays_initialized'====== Args={}
2025-09-18 21:31:47,425 : EventManager : Event: ======'slide_window_blank_created'====== Args={}
2025-09-18 21:31:47,426 : EventManager : Event: ======'display_window_ready'====== Args={}
2025-09-18 21:31:47,434 : EventManager : Event: ======'init_phase_1'====== Args={}
2025-09-18 21:31:47,436 : EventManager : Event: ======'mc_ready'====== Args={}
2025-09-18 21:31:47,437 : EventManager : Event: ======'init_phase_2'====== Args={}
2025-09-18 21:31:47,438 : EventManager : Event: ======'init_phase_3'====== Args={}
2025-09-18 21:31:47,440 : EventManager : Event: ======'init_phase_4'====== Args={}
2025-09-18 21:31:47,796 : EventManager : Event: ======'init_phase_5'====== Args={}
2025-09-18 21:31:49,543 : EventManager : Event: ======'loading_assets'====== Args={'total': 10, 'loaded': 1, 'remaining': 9, 'percent': 10}
2025-09-18 21:31:50,118 : AssetManager : Loading assets: 1/10 (10%)
2025-09-18 21:31:51,432 : EventManager : Event: ======'loading_assets'====== Args={'total': 10, 'loaded': 9, 'remaining': 1, 'percent': 90}
2025-09-18 21:31:51,433 : AssetManager : Loading assets: 9/10 (90%)
2025-09-18 21:31:51,433 : EventManager : Event: ======'loading_assets'====== Args={'total': 10, 'loaded': 10, 'remaining': 0, 'percent': 100}
2025-09-18 21:31:51,433 : AssetManager : Asset loading took: 4.029446363449097
2025-09-18 21:31:51,434 : EventManager : Event: ======'asset_loading_complete'====== Args={}
2025-09-18 21:31:51,434 : AssetManager : Loading assets: 10/10 (100%)
2025-09-18 21:31:51,434 : EventManager : Event: ======'init_done'====== Args={}
2025-09-18 21:31:51,434 : MPF-MC BCP Server : Starting up on localhost port 5050
2025-09-18 21:31:51,440 : MPF-MC BCP Server : Waiting for a connection...
2025-09-18 21:31:51,444 : kivy : GL: NPOT texture support is available
2025-09-18 21:31:51,446 : EventManager : Event: ======'slide_welcome_slide_created'====== Args={}
2025-09-18 21:31:51,447 : EventManager : Event: ======'slide_welcome_slide_active'====== Args={}
2025-09-18 21:31:51,449 : EventManager : Event: ======'client_disconnected'====== Args={'host': '127.0.0.1', 'port': 5050}
2025-09-18 21:31:57,028 : kivy : Base: Leaving application in progress...
