2025-10-22 15:43:56,337 : INFO : root : Loading config.
2025-10-22 15:43:56,341 : INFO : YamlMultifileConfigLoader : Machine config file #1: config.yaml
2025-10-22 15:43:56,341 : INFO : ConfigProcessor : Loading config from cache: C:\Users\sdona\AppData\Local\Temp\19f6d0d7953982fda9d956182316b8e5.mpf_cache
2025-10-22 15:43:56,443 : WARNING : ConfigProcessor : Config file in cache changed: C:\venv\mpf\mmmdrop\modes\attract\config\attract.yaml
2025-10-22 15:43:56,443 : INFO : ConfigProcessor : Loading config from file c:\venv\mpf\lib\site-packages\mpf\modes\attract\config\attract.yaml.
2025-10-22 15:43:56,446 : INFO : ConfigProcessor : Loading config: c:\venv\mpf\lib\site-packages\mpf\modes\attract\config\attract.yaml
2025-10-22 15:43:56,446 : INFO : ConfigProcessor : Loading config from file C:\venv\mpf\mmmdrop\modes\attract\config\attract.yaml.
2025-10-22 15:43:56,452 : INFO : ConfigProcessor : Loading config: C:\venv\mpf\mmmdrop\modes\attract\config\attract.yaml
2025-10-22 15:43:56,453 : INFO : ConfigProcessor : Config file cache created: C:\Users\sdona\AppData\Local\Temp\835b5bfea4be8b279a05e96caaaffbbb.mpf_cache
2025-10-22 15:43:56,455 : INFO : ConfigProcessor : Loading config from cache: C:\Users\sdona\AppData\Local\Temp\9b0a7575388f9d9bd2f6ab87bf9fd2f7.mpf_cache
2025-10-22 15:43:56,455 : WARNING : ConfigProcessor : Config file in cache changed: C:\venv\mpf\mmmdrop\modes\base\config\base.yaml
2025-10-22 15:43:56,455 : INFO : ConfigProcessor : Loading config from file C:\venv\mpf\mmmdrop\modes\base\config\base.yaml.
2025-10-22 15:43:56,466 : INFO : ConfigProcessor : Loading config: C:\venv\mpf\mmmdrop\modes\base\config\base.yaml
2025-10-22 15:43:56,468 : INFO : ConfigProcessor : Config file cache created: C:\Users\sdona\AppData\Local\Temp\c340ec0033d1055cd797ffd5447ef414.mpf_cache
2025-10-22 15:43:56,468 : INFO : ConfigProcessor : Loading config from cache: C:\Users\sdona\AppData\Local\Temp\835b5bfea4be8b279a05e96caaaffbbb.mpf_cache
2025-10-22 15:43:56,486 : INFO : ConfigProcessor : Loading config from cache: C:\Users\sdona\AppData\Local\Temp\8c11a28e3c38d4ad47947b6a126f2ee9.mpf_cache
2025-10-22 15:43:56,487 : INFO : ConfigProcessor : Loading config from cache: C:\Users\sdona\AppData\Local\Temp\e391083cdc9e667060411fe5838e93f2.mpf_cache
2025-10-22 15:43:56,487 : INFO : ConfigProcessor : Loading config from cache: C:\Users\sdona\AppData\Local\Temp\f0c219a993d891ee86dcb7eae47dde67.mpf_cache
2025-10-22 15:43:56,489 : INFO : ConfigProcessor : Loading config from cache: C:\Users\sdona\AppData\Local\Temp\96aa58108928490b129531848cd9b506.mpf_cache
2025-10-22 15:43:56,490 : INFO : ConfigProcessor : Loading config from cache: C:\Users\sdona\AppData\Local\Temp\567636b9d9766e3361204e954a8382da.mpf_cache
2025-10-22 15:43:56,491 : INFO : ConfigProcessor : Loading config from cache: C:\Users\sdona\AppData\Local\Temp\d5ead8dff868c6c4b1faf37537a19bc2.mpf_cache
2025-10-22 15:43:56,491 : INFO : ConfigProcessor : Loading config from cache: C:\Users\sdona\AppData\Local\Temp\112f935d1c2002cb40d3e6e497be9e7c.mpf_cache
2025-10-22 15:43:56,492 : INFO : ConfigProcessor : Loading config from cache: C:\Users\sdona\AppData\Local\Temp\aba0711976820dea629bb4c00b006efc.mpf_cache
2025-10-22 15:43:56,493 : INFO : ConfigProcessor : Loading config from cache: C:\Users\sdona\AppData\Local\Temp\de8ed6c6d4c48d1b5b054ff74222cb35.mpf_cache
2025-10-22 15:43:56,495 : INFO : ConfigProcessor : Loading config from cache: C:\Users\sdona\AppData\Local\Temp\e6b55d6a1c06b0dd6369c964181bf8d3.mpf_cache
2025-10-22 15:43:56,495 : INFO : ConfigProcessor : Loading config from cache: C:\Users\sdona\AppData\Local\Temp\64b6da5876f56fc970400d85dfe882ec.mpf_cache
2025-10-22 15:43:56,496 : INFO : ConfigProcessor : Loading config from cache: C:\Users\sdona\AppData\Local\Temp\b0b8ed4dbd306ac2f063788d81ec6bc4.mpf_cache
2025-10-22 15:43:56,496 : INFO : ConfigProcessor : Loading config from cache: C:\Users\sdona\AppData\Local\Temp\cba807ea4a81180f6dd01afffacec8ed.mpf_cache
2025-10-22 15:43:56,497 : INFO : ConfigProcessor : Loading config from cache: C:\Users\sdona\AppData\Local\Temp\f4dd4d2b5212b72c6e9e67ac9e704e63.mpf_cache
2025-10-22 15:43:56,498 : INFO : ConfigProcessor : Loading config from cache: C:\Users\sdona\AppData\Local\Temp\b47d9bb1214e11383bf30352af24a7d5.mpf_cache
2025-10-22 15:43:56,498 : INFO : ConfigProcessor : Loading config from cache: C:\Users\sdona\AppData\Local\Temp\23d7d59c131357e53b11dbd4a18e6a94.mpf_cache
2025-10-22 15:43:56,499 : INFO : ConfigProcessor : Loading config from cache: C:\Users\sdona\AppData\Local\Temp\989ee664052248e9552213e43037a565.mpf_cache
2025-10-22 15:43:56,499 : INFO : ConfigProcessor : Loading config from cache: C:\Users\sdona\AppData\Local\Temp\428bc1fa3c6dcaec1d63d9276cdb6405.mpf_cache
2025-10-22 15:43:56,500 : INFO : ConfigProcessor : Loading config from cache: C:\Users\sdona\AppData\Local\Temp\c25e7c71bc90546538d4e68911be6658.mpf_cache
2025-10-22 15:43:56,501 : INFO : ConfigProcessor : Loading config from cache: C:\Users\sdona\AppData\Local\Temp\b7a51086f1e3c926b3977a0d025a1faa.mpf_cache
2025-10-22 15:43:56,502 : INFO : ConfigProcessor : Loading config from cache: C:\Users\sdona\AppData\Local\Temp\479eb3ca656e084fa2e092204a5b8039.mpf_cache
2025-10-22 15:43:56,502 : INFO : ConfigProcessor : Loading config from cache: C:\Users\sdona\AppData\Local\Temp\bdb81eccbf19551abd8bea5fafeca7c0.mpf_cache
2025-10-22 15:43:56,503 : INFO : ConfigProcessor : Loading config from cache: C:\Users\sdona\AppData\Local\Temp\8f065719b93e886777277178babee650.mpf_cache
2025-10-22 15:43:56,503 : INFO : ConfigProcessor : Loading config from cache: C:\Users\sdona\AppData\Local\Temp\7fef0463a0df344c3146c845257ec616.mpf_cache
2025-10-22 15:43:56,504 : INFO : ConfigProcessor : Loading config from cache: C:\Users\sdona\AppData\Local\Temp\a4f333ad36a077996c49298642b6bdcf.mpf_cache
2025-10-22 15:43:56,504 : INFO : ConfigProcessor : Loading config from cache: C:\Users\sdona\AppData\Local\Temp\e8d69d74f27089cda2650299e9916804.mpf_cache
2025-10-22 15:43:56,504 : INFO : ConfigProcessor : Loading config from cache: C:\Users\sdona\AppData\Local\Temp\05530f35bd950f18d27d3fd571d96823.mpf_cache
2025-10-22 15:43:56,505 : INFO : ConfigProcessor : Loading config from cache: C:\Users\sdona\AppData\Local\Temp\fc1e3f85304c911eb844eb65d36e61be.mpf_cache
2025-10-22 15:43:56,506 : INFO : ConfigProcessor : Loading config from cache: C:\Users\sdona\AppData\Local\Temp\53223d3922288729ee504c1b2a98bb55.mpf_cache
2025-10-22 15:43:56,506 : INFO : ConfigProcessor : Loading config from cache: C:\Users\sdona\AppData\Local\Temp\8d20136ddb274338050d1d1ccc1a5e4f.mpf_cache
2025-10-22 15:43:56,506 : INFO : ConfigProcessor : Loading config from cache: C:\Users\sdona\AppData\Local\Temp\1254d50720d6d5d0da0e84e29cdbaa7a.mpf_cache
2025-10-22 15:43:56,508 : INFO : ConfigProcessor : Loading config from cache: C:\Users\sdona\AppData\Local\Temp\1a7ae31e9f779b1261e3d1eee1831b27.mpf_cache
2025-10-22 15:43:56,509 : INFO : ConfigProcessor : Loading config from cache: C:\Users\sdona\AppData\Local\Temp\8e3ea42c38f2105e0d9462648474c540.mpf_cache
2025-10-22 15:43:56,509 : INFO : ConfigProcessor : Loading config from cache: C:\Users\sdona\AppData\Local\Temp\a61b86d39bcc5a5ea0a5885549542355.mpf_cache
2025-10-22 15:43:56,510 : INFO : Machine : Mission Pinball Framework Core Engine v0.80.0.dev9
2025-10-22 15:43:56,510 : INFO : Machine : Command line arguments: {'no_load_cache': False, 'create_config_cache': True, 'bcp': True, 'configfile': ['config.yaml'], 'force_assets_load': False, 'platform_integration_test': False, 'jsonlogging': False, 'logfile': 'logs\\2025-10-22-15-43-56-mpf-PinballLaptop.log', 'pause': False, 'production': False, 'text_ui': True, 'loglevel': 15, 'consoleloglevel': 20, 'force_platform': 'smart_virtual', 'syslog_address': None, 'full_logfile_path': 'C:\\venv\\mpf\\mmmdrop\\logs\\2025-10-22-15-43-56-mpf-PinballLaptop.log'}
2025-10-22 15:43:56,510 : INFO : Machine : MPF path: c:\venv\mpf\lib\site-packages\mpf
2025-10-22 15:43:56,510 : INFO : Machine : Machine path: C:\venv\mpf\mmmdrop
2025-10-22 15:43:56,510 : INFO : Machine : Platform: win32
2025-10-22 15:43:56,510 : INFO : Machine : Python executable location: c:\venv\mpf\Scripts\python.exe
2025-10-22 15:43:56,510 : INFO : Machine : Python version: 3.9.13 (64-bit)
2025-10-22 15:43:56,512 : INFO : Machine : Initializing MPF...
2025-10-22 15:43:56,714 : INFO : EventManager : Event: ======'machine_var_credits_string'====== Args={'value': 'FREE PLAY', 'prev_value': None, 'change': True}
2025-10-22 15:43:56,743 : INFO : EventManager : Event: ======'machine_var_fast_audio_headphones_volume'====== Args={'value': 10, 'prev_value': None, 'change': True}
2025-10-22 15:43:56,743 : INFO : EventManager : Event: ======'machine_var_fast_audio_main_volume'====== Args={'value': 44, 'prev_value': None, 'change': True}
2025-10-22 15:43:56,743 : INFO : EventManager : Event: ======'machine_var_master_volume'====== Args={'value': 0.55, 'prev_value': None, 'change': True}
2025-10-22 15:43:56,743 : INFO : EventManager : Event: ======'machine_var_player1_score'====== Args={'value': 85092890, 'prev_value': None, 'change': True}
2025-10-22 15:43:56,743 : INFO : EventManager : Event: ======'machine_var_game_just_played'====== Args={'value': 0, 'prev_value': None, 'change': True}
2025-10-22 15:43:56,743 : INFO : EventManager : Event: ======'machine_var_mpf_version'====== Args={'value': 'Mission Pinball Framework v0.80.0.dev9', 'prev_value': None, 'change': True}
2025-10-22 15:43:56,743 : INFO : EventManager : Event: ======'machine_var_mpf_extended_version'====== Args={'value': 'Mission Pinball Framework v0.80.0.dev9, Config version:6, Show version: 6, BCP version:1.1', 'prev_value': None, 'change': True}
2025-10-22 15:43:56,743 : INFO : EventManager : Event: ======'machine_var_python_version'====== Args={'value': '3.9.13', 'prev_value': None, 'change': True}
2025-10-22 15:43:56,789 : INFO : EventManager : Event: ======'machine_var_platform'====== Args={'value': 'Windows-10-10.0.26100-SP0', 'prev_value': None, 'change': True}
2025-10-22 15:43:56,789 : INFO : EventManager : Event: ======'machine_var_platform_system'====== Args={'value': 'Windows', 'prev_value': None, 'change': True}
2025-10-22 15:43:56,789 : INFO : EventManager : Event: ======'machine_var_platform_release'====== Args={'value': '10', 'prev_value': None, 'change': True}
2025-10-22 15:43:56,789 : INFO : EventManager : Event: ======'machine_var_platform_version'====== Args={'value': '10.0.26100', 'prev_value': None, 'change': True}
2025-10-22 15:43:56,789 : INFO : EventManager : Event: ======'machine_var_platform_machine'====== Args={'value': 'AMD64', 'prev_value': None, 'change': True}
2025-10-22 15:43:56,789 : INFO : EventManager : Event: ======'machine_var_log_file_path'====== Args={'value': 'C:\\venv\\mpf\\mmmdrop\\logs\\2025-10-22-15-43-56-mpf-PinballLaptop.log', 'prev_value': None, 'change': True}
2025-10-22 15:43:56,789 : INFO : EventManager : Event: ======'init_phase_1'====== Args={}
2025-10-22 15:43:56,840 : INFO : EventManager : Event: ======'drop_target_bank_three_bank_up'====== Args={}
2025-10-22 15:43:56,841 : INFO : EventManager : Event: ======'init_phase_2'====== Args={}
2025-10-22 15:43:56,841 : INFO : SwitchController : Found active switch: ('3208-0', <Platform.SmartVirtual>) <switch.s_trough1>
2025-10-22 15:43:56,841 : INFO : SwitchController : Found active switch: ('3208-1', <Platform.SmartVirtual>) <switch.s_trough2>
2025-10-22 15:43:56,841 : INFO : SwitchController : Found active switch: ('3208-2', <Platform.SmartVirtual>) <switch.s_trough3>
2025-10-22 15:43:56,841 : INFO : SwitchController : Found active switch: ('3208-3', <Platform.SmartVirtual>) <switch.s_trough4>
2025-10-22 15:43:56,841 : INFO : SwitchController : Found active switch: ('3208-4', <Platform.SmartVirtual>) <switch.s_trough5>
2025-10-22 15:43:56,841 : INFO : SwitchController : Found active switch: ('3208-5', <Platform.SmartVirtual>) <switch.s_trough6>
2025-10-22 15:43:56,857 : INFO : EventManager : Event: ======'bcp_connection_attempt'====== Args={'name': 'local_display', 'host': 'localhost', 'port': 5050}
2025-10-22 15:43:56,859 : INFO : BCPClientSocket : Connecting BCP to 'local_display' at localhost:5050...
2025-10-22 15:44:02,110 : INFO : BCPClientSocket : Connected BCP to 'local_display' localhost:5050
2025-10-22 15:44:02,111 : INFO : EventManager : Event: ======'bcp_clients_connected'====== Args={}
2025-10-22 15:44:02,258 : INFO : ball_device.bd_trough : BCH: Initial count: 6
2025-10-22 15:44:02,259 : INFO : ball_device.bd_trough : State: idle
2025-10-22 15:44:02,259 : INFO : ball_device.bd_plunger : BCH: Initial count: 0
2025-10-22 15:44:02,260 : INFO : ball_device.bd_plunger : State: idle
2025-10-22 15:44:02,260 : INFO : ball_device.bd_scoop : BCH: Initial count: 0
2025-10-22 15:44:02,260 : INFO : ball_device.bd_scoop : State: idle
2025-10-22 15:44:02,281 : INFO : EventManager : Event: ======'init_phase_3'====== Args={}
2025-10-22 15:44:02,299 : INFO : EventManager : Event: ======'init_phase_4'====== Args={}
2025-10-22 15:44:02,299 : INFO : BallController : Initial balls found: 6
2025-10-22 15:44:02,301 : INFO : EventManager : Event: ======'machine_var_audits_events_game_ended'====== Args={'value': 57, 'prev_value': None, 'change': True}
2025-10-22 15:44:02,302 : INFO : EventManager : Event: ======'machine_var_audits_events_game_started'====== Args={'value': 451, 'prev_value': None, 'change': True}
2025-10-22 15:44:02,302 : INFO : EventManager : Event: ======'machine_var_audits_missing_switches_s_captive_ball'====== Args={'value': 15, 'prev_value': None, 'change': True}
2025-10-22 15:44:02,302 : INFO : EventManager : Event: ======'machine_var_audits_missing_switches_s_center_upper_pop'====== Args={'value': 35, 'prev_value': None, 'change': True}
2025-10-22 15:44:02,303 : INFO : EventManager : Event: ======'machine_var_audits_missing_switches_s_inner_orbit'====== Args={'value': 3, 'prev_value': None, 'change': True}
2025-10-22 15:44:02,303 : INFO : EventManager : Event: ======'machine_var_audits_missing_switches_s_left_flipper'====== Args={'value': 1, 'prev_value': None, 'change': True}
2025-10-22 15:44:02,304 : INFO : EventManager : Event: ======'machine_var_audits_missing_switches_s_left_inlane'====== Args={'value': 107, 'prev_value': None, 'change': True}
2025-10-22 15:44:02,304 : INFO : EventManager : Event: ======'machine_var_audits_missing_switches_s_left_orbit'====== Args={'value': 3, 'prev_value': None, 'change': True}
2025-10-22 15:44:02,304 : INFO : EventManager : Event: ======'machine_var_audits_missing_switches_s_left_outlane'====== Args={'value': 195, 'prev_value': None, 'change': True}
2025-10-22 15:44:02,304 : INFO : EventManager : Event: ======'machine_var_audits_missing_switches_s_left_ramp'====== Args={'value': 3, 'prev_value': None, 'change': True}
2025-10-22 15:44:02,304 : INFO : EventManager : Event: ======'machine_var_audits_missing_switches_s_left_slingshot'====== Args={'value': 377, 'prev_value': None, 'change': True}
2025-10-22 15:44:02,304 : INFO : EventManager : Event: ======'machine_var_audits_missing_switches_s_left_upper_pop'====== Args={'value': 35, 'prev_value': None, 'change': True}
2025-10-22 15:44:02,305 : INFO : EventManager : Event: ======'machine_var_audits_missing_switches_s_pop_standup'====== Args={'value': 15, 'prev_value': None, 'change': True}
2025-10-22 15:44:02,305 : INFO : EventManager : Event: ======'machine_var_audits_missing_switches_s_right_flipper'====== Args={'value': 1, 'prev_value': None, 'change': True}
2025-10-22 15:44:02,305 : INFO : EventManager : Event: ======'machine_var_audits_missing_switches_s_right_inlane'====== Args={'value': 107, 'prev_value': None, 'change': True}
2025-10-22 15:44:02,305 : INFO : EventManager : Event: ======'machine_var_audits_missing_switches_s_right_lower_pop'====== Args={'value': 1, 'prev_value': None, 'change': True}
2025-10-22 15:44:02,305 : INFO : EventManager : Event: ======'machine_var_audits_missing_switches_s_right_orbit'====== Args={'value': 3, 'prev_value': None, 'change': True}
2025-10-22 15:44:02,305 : INFO : EventManager : Event: ======'machine_var_audits_missing_switches_s_right_outlane'====== Args={'value': 262, 'prev_value': None, 'change': True}
2025-10-22 15:44:02,305 : INFO : EventManager : Event: ======'machine_var_audits_missing_switches_s_right_ramp'====== Args={'value': 3, 'prev_value': None, 'change': True}
2025-10-22 15:44:02,305 : INFO : EventManager : Event: ======'machine_var_audits_missing_switches_s_right_slingshot'====== Args={'value': 227, 'prev_value': None, 'change': True}
2025-10-22 15:44:02,305 : INFO : EventManager : Event: ======'machine_var_audits_missing_switches_s_scoop'====== Args={'value': 11, 'prev_value': None, 'change': True}
2025-10-22 15:44:02,306 : INFO : EventManager : Event: ======'machine_var_audits_missing_switches_s_service_down'====== Args={'value': 96, 'prev_value': None, 'change': True}
2025-10-22 15:44:02,306 : INFO : EventManager : Event: ======'machine_var_audits_missing_switches_s_service_enter'====== Args={'value': 96, 'prev_value': None, 'change': True}
2025-10-22 15:44:02,306 : INFO : EventManager : Event: ======'machine_var_audits_missing_switches_s_service_esc'====== Args={'value': 96, 'prev_value': None, 'change': True}
2025-10-22 15:44:02,306 : INFO : EventManager : Event: ======'machine_var_audits_missing_switches_s_service_up'====== Args={'value': 69, 'prev_value': None, 'change': True}
2025-10-22 15:44:02,306 : INFO : EventManager : Event: ======'machine_var_audits_missing_switches_s_spinner'====== Args={'value': 11, 'prev_value': None, 'change': True}
2025-10-22 15:44:02,306 : INFO : EventManager : Event: ======'machine_var_audits_missing_switches_s_start'====== Args={'value': 35, 'prev_value': None, 'change': True}
2025-10-22 15:44:02,307 : INFO : EventManager : Event: ======'machine_var_audits_missing_switches_s_tilt_bob'====== Args={'value': 14, 'prev_value': None, 'change': True}
2025-10-22 15:44:02,307 : INFO : EventManager : Event: ======'machine_var_audits_missing_switches_s_top_right_flipper'====== Args={'value': 377, 'prev_value': None, 'change': True}
2025-10-22 15:44:02,307 : INFO : EventManager : Event: ======'machine_var_audits_missing_switches_s_trough1'====== Args={'value': 14, 'prev_value': None, 'change': True}
2025-10-22 15:44:02,307 : INFO : EventManager : Event: ======'machine_var_audits_missing_switches_s_trough4'====== Args={'value': 376, 'prev_value': None, 'change': True}
2025-10-22 15:44:02,307 : INFO : EventManager : Event: ======'machine_var_audits_missing_switches_s_trough5'====== Args={'value': 376, 'prev_value': None, 'change': True}
2025-10-22 15:44:02,307 : INFO : EventManager : Event: ======'machine_var_audits_missing_switches_s_trough6'====== Args={'value': 226, 'prev_value': None, 'change': True}
2025-10-22 15:44:02,308 : INFO : EventManager : Event: ======'machine_var_audits_missing_switches_s_trough_jam'====== Args={'value': 377, 'prev_value': None, 'change': True}
2025-10-22 15:44:02,308 : INFO : EventManager : Event: ======'machine_var_audits_missing_switches_s_tshirt_bottom_standup'====== Args={'value': 26, 'prev_value': None, 'change': True}
2025-10-22 15:44:02,308 : INFO : EventManager : Event: ======'machine_var_audits_missing_switches_s_tshirt_top_standup'====== Args={'value': 18, 'prev_value': None, 'change': True}
2025-10-22 15:44:02,308 : INFO : EventManager : Event: ======'machine_var_audits_missing_switches_s_upper_pop_standup'====== Args={'value': 15, 'prev_value': None, 'change': True}
2025-10-22 15:44:02,308 : INFO : EventManager : Event: ======'machine_var_audits_missing_switches_service_esc'====== Args={'value': 1, 'prev_value': None, 'change': True}
2025-10-22 15:44:02,308 : INFO : EventManager : Event: ======'machine_var_audits_player_score'====== Args={'value': {'average': 8816985, 'top': [147275560, 142237180, 85092890, 38155360, 32035610, 6038970, 6022290, 6019980, 6019980, 6019980], 'total': 61}, 'prev_value': None, 'change': True}
2025-10-22 15:44:02,309 : INFO : EventManager : Event: ======'machine_var_audits_shots_bottom_drop'====== Args={'value': 28, 'prev_value': None, 'change': True}
2025-10-22 15:44:02,309 : INFO : EventManager : Event: ======'machine_var_audits_shots_captive_ball'====== Args={'value': 3, 'prev_value': None, 'change': True}
2025-10-22 15:44:02,311 : INFO : EventManager : Event: ======'machine_var_audits_shots_inner_loop'====== Args={'value': 4, 'prev_value': None, 'change': True}
2025-10-22 15:44:02,311 : INFO : EventManager : Event: ======'machine_var_audits_shots_left_orbit'====== Args={'value': 10, 'prev_value': None, 'change': True}
2025-10-22 15:44:02,311 : INFO : EventManager : Event: ======'machine_var_audits_shots_left_ramp'====== Args={'value': 19, 'prev_value': None, 'change': True}
2025-10-22 15:44:02,311 : INFO : EventManager : Event: ======'machine_var_audits_shots_middle_drop'====== Args={'value': 21, 'prev_value': None, 'change': True}
2025-10-22 15:44:02,311 : INFO : EventManager : Event: ======'machine_var_audits_shots_pop3'====== Args={'value': 33, 'prev_value': None, 'change': True}
2025-10-22 15:44:02,311 : INFO : EventManager : Event: ======'machine_var_audits_shots_pop_standup'====== Args={'value': 9, 'prev_value': None, 'change': True}
2025-10-22 15:44:02,312 : INFO : EventManager : Event: ======'machine_var_audits_shots_right_orbit'====== Args={'value': 10, 'prev_value': None, 'change': True}
2025-10-22 15:44:02,312 : INFO : EventManager : Event: ======'machine_var_audits_shots_right_ramp'====== Args={'value': 19, 'prev_value': None, 'change': True}
2025-10-22 15:44:02,312 : INFO : EventManager : Event: ======'machine_var_audits_shots_scoop'====== Args={'value': 20, 'prev_value': None, 'change': True}
2025-10-22 15:44:02,312 : INFO : EventManager : Event: ======'machine_var_audits_shots_skill_captive'====== Args={'value': 16, 'prev_value': None, 'change': True}
2025-10-22 15:44:02,312 : INFO : EventManager : Event: ======'machine_var_audits_shots_skill_drop_targets'====== Args={'value': 240, 'prev_value': None, 'change': True}
2025-10-22 15:44:02,313 : INFO : EventManager : Event: ======'machine_var_audits_shots_skill_side_targets'====== Args={'value': 27, 'prev_value': None, 'change': True}
2025-10-22 15:44:02,313 : INFO : EventManager : Event: ======'machine_var_audits_shots_skillshot_drop_targets'====== Args={'value': 32, 'prev_value': None, 'change': True}
2025-10-22 15:44:02,313 : INFO : EventManager : Event: ======'machine_var_audits_shots_skillshot_side_targets'====== Args={'value': 5, 'prev_value': None, 'change': True}
2025-10-22 15:44:02,313 : INFO : EventManager : Event: ======'machine_var_audits_shots_spinner'====== Args={'value': 40, 'prev_value': None, 'change': True}
2025-10-22 15:44:02,313 : INFO : EventManager : Event: ======'machine_var_audits_shots_three_bank_standup'====== Args={'value': 14, 'prev_value': None, 'change': True}
2025-10-22 15:44:02,313 : INFO : EventManager : Event: ======'machine_var_audits_shots_top_drop'====== Args={'value': 26, 'prev_value': None, 'change': True}
2025-10-22 15:44:02,314 : INFO : EventManager : Event: ======'machine_var_audits_shots_tshirt_top_standup'====== Args={'value': 1, 'prev_value': None, 'change': True}
2025-10-22 15:44:02,314 : INFO : EventManager : Event: ======'machine_var_audits_shots_upper_pop_standup'====== Args={'value': 3, 'prev_value': None, 'change': True}
2025-10-22 15:44:02,314 : INFO : EventManager : Event: ======'machine_var_audits_switches_s_captive_ball'====== Args={'value': 195, 'prev_value': None, 'change': True}
2025-10-22 15:44:02,314 : INFO : EventManager : Event: ======'machine_var_audits_switches_s_center_upper_pop'====== Args={'value': 220, 'prev_value': None, 'change': True}
2025-10-22 15:44:02,314 : INFO : EventManager : Event: ======'machine_var_audits_switches_s_inner_orbit'====== Args={'value': 7, 'prev_value': None, 'change': True}
2025-10-22 15:44:02,315 : INFO : EventManager : Event: ======'machine_var_audits_switches_s_left_flipper'====== Args={'value': 1290, 'prev_value': None, 'change': True}
2025-10-22 15:44:02,315 : INFO : EventManager : Event: ======'machine_var_audits_switches_s_left_inlane'====== Args={'value': 111, 'prev_value': None, 'change': True}
2025-10-22 15:44:02,315 : INFO : EventManager : Event: ======'machine_var_audits_switches_s_left_orbit'====== Args={'value': 91, 'prev_value': None, 'change': True}
2025-10-22 15:44:02,315 : INFO : EventManager : Event: ======'machine_var_audits_switches_s_left_outlane'====== Args={'value': 56, 'prev_value': None, 'change': True}
2025-10-22 15:44:02,315 : INFO : EventManager : Event: ======'machine_var_audits_switches_s_left_ramp'====== Args={'value': 153, 'prev_value': None, 'change': True}
2025-10-22 15:44:02,315 : INFO : EventManager : Event: ======'machine_var_audits_switches_s_left_slingshot'====== Args={'value': 259, 'prev_value': None, 'change': True}
2025-10-22 15:44:02,315 : INFO : EventManager : Event: ======'machine_var_audits_switches_s_left_upper_pop'====== Args={'value': 161, 'prev_value': None, 'change': True}
2025-10-22 15:44:02,315 : INFO : EventManager : Event: ======'machine_var_audits_switches_s_plunger'====== Args={'value': 1216, 'prev_value': None, 'change': True}
2025-10-22 15:44:02,315 : INFO : EventManager : Event: ======'machine_var_audits_switches_s_pop_standup'====== Args={'value': 130, 'prev_value': None, 'change': True}
2025-10-22 15:44:02,315 : INFO : EventManager : Event: ======'machine_var_audits_switches_s_right_flipper'====== Args={'value': 1659, 'prev_value': None, 'change': True}
2025-10-22 15:44:02,315 : INFO : EventManager : Event: ======'machine_var_audits_switches_s_right_inlane'====== Args={'value': 107, 'prev_value': None, 'change': True}
2025-10-22 15:44:02,316 : INFO : EventManager : Event: ======'machine_var_audits_switches_s_right_lower_pop'====== Args={'value': 781, 'prev_value': None, 'change': True}
2025-10-22 15:44:02,316 : INFO : EventManager : Event: ======'machine_var_audits_switches_s_right_orbit'====== Args={'value': 98, 'prev_value': None, 'change': True}
2025-10-22 15:44:02,316 : INFO : EventManager : Event: ======'machine_var_audits_switches_s_right_outlane'====== Args={'value': 53, 'prev_value': None, 'change': True}
2025-10-22 15:44:02,316 : INFO : EventManager : Event: ======'machine_var_audits_switches_s_right_ramp'====== Args={'value': 167, 'prev_value': None, 'change': True}
2025-10-22 15:44:02,316 : INFO : EventManager : Event: ======'machine_var_audits_switches_s_right_slingshot'====== Args={'value': 366, 'prev_value': None, 'change': True}
2025-10-22 15:44:02,316 : INFO : EventManager : Event: ======'machine_var_audits_switches_s_scoop'====== Args={'value': 363, 'prev_value': None, 'change': True}
2025-10-22 15:44:02,316 : INFO : EventManager : Event: ======'machine_var_audits_switches_s_service_down'====== Args={'value': 0, 'prev_value': None, 'change': True}
2025-10-22 15:44:02,317 : INFO : EventManager : Event: ======'machine_var_audits_switches_s_service_enter'====== Args={'value': 0, 'prev_value': None, 'change': True}
2025-10-22 15:44:02,317 : INFO : EventManager : Event: ======'machine_var_audits_switches_s_service_esc'====== Args={'value': 0, 'prev_value': None, 'change': True}
2025-10-22 15:44:02,317 : INFO : EventManager : Event: ======'machine_var_audits_switches_s_service_up'====== Args={'value': 1, 'prev_value': None, 'change': True}
2025-10-22 15:44:02,317 : INFO : EventManager : Event: ======'machine_var_audits_switches_s_spinner'====== Args={'value': 2098, 'prev_value': None, 'change': True}
2025-10-22 15:44:02,317 : INFO : EventManager : Event: ======'machine_var_audits_switches_s_start'====== Args={'value': 67, 'prev_value': None, 'change': True}
2025-10-22 15:44:02,317 : INFO : EventManager : Event: ======'machine_var_audits_switches_s_three_bank_bottom'====== Args={'value': 521, 'prev_value': None, 'change': True}
2025-10-22 15:44:02,318 : INFO : EventManager : Event: ======'machine_var_audits_switches_s_three_bank_middle'====== Args={'value': 553, 'prev_value': None, 'change': True}
2025-10-22 15:44:02,318 : INFO : EventManager : Event: ======'machine_var_audits_switches_s_three_bank_standup'====== Args={'value': 255, 'prev_value': None, 'change': True}
2025-10-22 15:44:02,318 : INFO : EventManager : Event: ======'machine_var_audits_switches_s_three_bank_top'====== Args={'value': 564, 'prev_value': None, 'change': True}
2025-10-22 15:44:02,318 : INFO : EventManager : Event: ======'machine_var_audits_switches_s_tilt_bob'====== Args={'value': 51, 'prev_value': None, 'change': True}
2025-10-22 15:44:02,318 : INFO : EventManager : Event: ======'machine_var_audits_switches_s_top_right_flipper'====== Args={'value': 1294, 'prev_value': None, 'change': True}
2025-10-22 15:44:02,318 : INFO : EventManager : Event: ======'machine_var_audits_switches_s_trough1'====== Args={'value': 386, 'prev_value': None, 'change': True}
2025-10-22 15:44:02,318 : INFO : EventManager : Event: ======'machine_var_audits_switches_s_trough2'====== Args={'value': 315, 'prev_value': None, 'change': True}
2025-10-22 15:44:02,319 : INFO : EventManager : Event: ======'machine_var_audits_switches_s_trough3'====== Args={'value': 243, 'prev_value': None, 'change': True}
2025-10-22 15:44:02,319 : INFO : EventManager : Event: ======'machine_var_audits_switches_s_trough4'====== Args={'value': 160, 'prev_value': None, 'change': True}
2025-10-22 15:44:02,319 : INFO : EventManager : Event: ======'machine_var_audits_switches_s_trough5'====== Args={'value': 160, 'prev_value': None, 'change': True}
2025-10-22 15:44:02,319 : INFO : EventManager : Event: ======'machine_var_audits_switches_s_trough6'====== Args={'value': 161, 'prev_value': None, 'change': True}
2025-10-22 15:44:02,319 : INFO : EventManager : Event: ======'machine_var_audits_switches_s_trough_jam'====== Args={'value': 206, 'prev_value': None, 'change': True}
2025-10-22 15:44:02,319 : INFO : EventManager : Event: ======'machine_var_audits_switches_s_tshirt_bottom_standup'====== Args={'value': 40, 'prev_value': None, 'change': True}
2025-10-22 15:44:02,319 : INFO : EventManager : Event: ======'machine_var_audits_switches_s_tshirt_top_standup'====== Args={'value': 68, 'prev_value': None, 'change': True}
2025-10-22 15:44:02,319 : INFO : EventManager : Event: ======'machine_var_audits_switches_s_upper_pop_standup'====== Args={'value': 177, 'prev_value': None, 'change': True}
2025-10-22 15:44:02,320 : INFO : EventManager : Event: ======'machine_var_audits_switches_service_down'====== Args={'value': 1, 'prev_value': None, 'change': True}
2025-10-22 15:44:02,320 : INFO : EventManager : Event: ======'machine_var_audits_switches_service_enter'====== Args={'value': 2, 'prev_value': None, 'change': True}
2025-10-22 15:44:02,320 : INFO : EventManager : Event: ======'machine_var_audits_switches_service_esc'====== Args={'value': 0, 'prev_value': None, 'change': True}
2025-10-22 15:44:02,320 : INFO : EventManager : Event: ======'machine_var_audits_switches_service_up'====== Args={'value': 2, 'prev_value': None, 'change': True}
2025-10-22 15:44:02,320 : INFO : EventManager : Event: ======'init_phase_5'====== Args={}
2025-10-22 15:44:02,385 : INFO : EventManager : Event: ======'init_done'====== Args={}
2025-10-22 15:44:02,386 : INFO : EventManager : Event: ======'machine_reset_phase_1'====== Args={}
2025-10-22 15:44:02,397 : INFO : EventManager : Event: ======'machine_reset_phase_2'====== Args={}
2025-10-22 15:44:02,397 : INFO : EventManager : Event: ======'game_just_played'====== Args={'priority': 0, 'action': 'set_machine', 'int': 0}
2025-10-22 15:44:02,397 : INFO : EventManager : Event: ======'machine_reset_phase_3'====== Args={}
2025-10-22 15:44:02,397 : INFO : EventManager : Event: ======'mode_tilt_will_start'====== Args={'queue': <QueuedEvent>}
2025-10-22 15:44:02,398 : INFO : EventManager : Event: ======'mode_tilt_starting'====== Args={'queue': <QueuedEvent>}
2025-10-22 15:44:02,399 : INFO : drop_target_bank.three_bank : All targets are already up. Will not reset bank.
2025-10-22 15:44:02,399 : INFO : Mode.tilt : Started. Priority: 1000000
2025-10-22 15:44:02,399 : INFO : EventManager : Event: ======'modes_active_modes_changed'====== Args={}
2025-10-22 15:44:02,399 : INFO : EventManager : Event: ======'mode_tilt_started'====== Args={'queue': <QueuedEvent>}
2025-10-22 15:44:02,401 : INFO : EventManager : Event: ======'reset_complete'====== Args={}
2025-10-22 15:44:02,402 : INFO : EventManager : Event: ======'mode_service_will_start'====== Args={}
2025-10-22 15:44:02,403 : INFO : EventManager : Event: ======'mode_service_starting'====== Args={}
2025-10-22 15:44:02,403 : INFO : EventManager : Event: ======'mode_attract_will_start'====== Args={}
2025-10-22 15:44:02,404 : INFO : Timer.attract_intro_timer : Starting Timer.
2025-10-22 15:44:02,404 : INFO : EventManager : Event: ======'timer_attract_intro_timer_started'====== Args={'ticks': 0, 'ticks_remaining': 16}
2025-10-22 15:44:02,404 : INFO : EventManager : Event: ======'timer_attract_intro_timer_tick'====== Args={'ticks': 0, 'ticks_remaining': 16}
2025-10-22 15:44:02,407 : INFO : EventManager : Event: ======'mode_attract_starting'====== Args={}
2025-10-22 15:44:02,407 : INFO : Mode.service : Started. Priority: 100000
2025-10-22 15:44:02,408 : INFO : EventManager : Event: ======'modes_active_modes_changed'====== Args={}
2025-10-22 15:44:02,408 : INFO : EventManager : Event: ======'mode_service_started'====== Args={}
2025-10-22 15:44:02,428 : INFO : EventManager : Event: ======'logicblock_mca_sequence_updated'====== Args={'value': 0, 'enabled': True}
2025-10-22 15:44:02,428 : INFO : EventManager : Event: ======'logicblock_adr_sequence_updated'====== Args={'value': 0, 'enabled': True}
2025-10-22 15:44:02,428 : INFO : EventManager : Event: ======'logicblock_mca_sequence_updated'====== Args={'value': 0, 'enabled': True}
2025-10-22 15:44:02,428 : INFO : EventManager : Event: ======'logicblock_adr_sequence_updated'====== Args={'value': 0, 'enabled': True}
2025-10-22 15:44:02,428 : INFO : Mode.attract : Started. Priority: 10
2025-10-22 15:44:02,428 : INFO : EventManager : Event: ======'modes_active_modes_changed'====== Args={}
2025-10-22 15:44:02,429 : INFO : EventManager : Event: ======'mode_attract_started'====== Args={}
2025-10-22 15:44:02,429 : INFO : EventManager : Event: ======'logicblock_mca_sequence_updated'====== Args={'value': 0, 'enabled': True}
2025-10-22 15:44:02,429 : INFO : EventManager : Event: ======'logicblock_mca_sequence_updated'====== Args={'value': 0, 'enabled': True}
2025-10-22 15:44:02,429 : INFO : EventManager : Event: ======'logicblock_adr_sequence_updated'====== Args={'value': 0, 'enabled': True}
2025-10-22 15:44:02,429 : INFO : EventManager : Event: ======'logicblock_adr_sequence_updated'====== Args={'value': 0, 'enabled': True}
2025-10-22 15:44:02,430 : INFO : EventManager : Event: ======'timer_attract_intro_timer_tick'====== Args={'ticks': 0, 'ticks_remaining': 16}
2025-10-22 15:44:02,431 : INFO : EventManager : Event: ======'collecting_balls_complete'====== Args={}
2025-10-22 15:44:02,432 : INFO : EventManager : Event: ======'item_highlighted'====== Args={'carousel': 'attract', 'direction': None, 'item': 'mpf_logo'}
2025-10-22 15:44:02,432 : INFO : Timer.attract_carousel_timer : Starting Timer.
2025-10-22 15:44:02,433 : INFO : EventManager : Event: ======'timer_attract_carousel_timer_started'====== Args={'ticks': 0, 'ticks_remaining': 5}
2025-10-22 15:44:02,433 : INFO : EventManager : Event: ======'timer_attract_carousel_timer_tick'====== Args={'ticks': 0, 'ticks_remaining': 5}
2025-10-22 15:44:02,435 : INFO : EventManager : Event: ======'slide_loading_created'====== Args={'_from_bcp': True}
2025-10-22 15:44:02,435 : INFO : EventManager : Event: ======'slide__removed'====== Args={'_from_bcp': True}
2025-10-22 15:44:02,435 : INFO : EventManager : Event: ======'slide_loading_active'====== Args={'original_context': '_global', 'original_calling_context': 'init_done', 'priority': 0.0, 'cmd': 'slides_play', '_from_bcp': True}
2025-10-22 15:44:02,448 : INFO : Machine : Starting the main run loop with active modes: [<Mode.tilt>, <Mode.service>, <Mode.attract>]
2025-10-22 15:44:02,496 : INFO : EventManager : Event: ======'slide_attract_load_created'====== Args={'_from_bcp': True}
2025-10-22 15:44:02,496 : INFO : EventManager : Event: ======'slide_loading_inactive'====== Args={'is_removing': True, '_from_bcp': True}
2025-10-22 15:44:02,497 : INFO : EventManager : Event: ======'slide_attract_load_active'====== Args={'original_context': 'attract', 'original_calling_context': 'mode_attract_started{machine.game_just_played==0}', 'priority': 10.0, 'cmd': 'slides_play', '_from_bcp': True}
2025-10-22 15:44:02,497 : INFO : EventManager : Event: ======'slide_loading_removed'====== Args={'_from_bcp': True}
2025-10-22 15:44:02,575 : INFO : BcpServer : New client connected.
2025-10-22 15:44:03,432 : INFO : EventManager : Event: ======'timer_attract_intro_timer_tick'====== Args={'ticks': 1, 'ticks_remaining': 15}
2025-10-22 15:44:03,432 : INFO : EventManager : Event: ======'timer_attract_carousel_timer_tick'====== Args={'ticks': 1, 'ticks_remaining': 4}
2025-10-22 15:44:04,445 : INFO : EventManager : Event: ======'timer_attract_carousel_timer_tick'====== Args={'ticks': 2, 'ticks_remaining': 3}
2025-10-22 15:44:04,445 : INFO : EventManager : Event: ======'timer_attract_intro_timer_tick'====== Args={'ticks': 2, 'ticks_remaining': 14}
2025-10-22 15:44:05,422 : INFO : EventManager : Event: ======'timer_attract_intro_timer_tick'====== Args={'ticks': 3, 'ticks_remaining': 13}
2025-10-22 15:44:05,423 : INFO : EventManager : Event: ======'timer_attract_carousel_timer_tick'====== Args={'ticks': 3, 'ticks_remaining': 2}
2025-10-22 15:44:06,433 : INFO : EventManager : Event: ======'timer_attract_carousel_timer_tick'====== Args={'ticks': 4, 'ticks_remaining': 1}
2025-10-22 15:44:06,433 : INFO : EventManager : Event: ======'timer_attract_intro_timer_tick'====== Args={'ticks': 4, 'ticks_remaining': 12}
2025-10-22 15:44:07,443 : INFO : EventManager : Event: ======'timer_attract_intro_timer_tick'====== Args={'ticks': 5, 'ticks_remaining': 11}
2025-10-22 15:44:07,444 : INFO : Timer.attract_carousel_timer : Timer Complete
2025-10-22 15:44:07,444 : INFO : Timer.attract_carousel_timer : Stopping Timer
2025-10-22 15:44:07,444 : INFO : EventManager : Event: ======'timer_attract_carousel_timer_stopped'====== Args={'ticks': 5, 'ticks_remaining': 1}
2025-10-22 15:44:07,444 : INFO : EventManager : Event: ======'timer_attract_carousel_timer_complete'====== Args={'ticks': 5, 'ticks_remaining': 1}
2025-10-22 15:44:07,445 : INFO : EventManager : Event: ======'item_highlighted'====== Args={'carousel': 'attract', 'direction': 'forwards', 'item': 'fast_logo'}
2025-10-22 15:44:07,447 : INFO : Timer.attract_carousel_timer : Starting Timer.
2025-10-22 15:44:07,447 : INFO : EventManager : Event: ======'timer_attract_carousel_timer_started'====== Args={'ticks': 0, 'ticks_remaining': 5}
2025-10-22 15:44:07,447 : INFO : EventManager : Event: ======'timer_attract_carousel_timer_tick'====== Args={'ticks': 0, 'ticks_remaining': 5}
2025-10-22 15:44:08,434 : INFO : EventManager : Event: ======'timer_attract_intro_timer_tick'====== Args={'ticks': 6, 'ticks_remaining': 10}
2025-10-22 15:44:08,465 : INFO : EventManager : Event: ======'timer_attract_carousel_timer_tick'====== Args={'ticks': 1, 'ticks_remaining': 4}
2025-10-22 15:44:09,430 : INFO : EventManager : Event: ======'timer_attract_intro_timer_tick'====== Args={'ticks': 7, 'ticks_remaining': 9}
2025-10-22 15:44:09,456 : INFO : EventManager : Event: ======'timer_attract_carousel_timer_tick'====== Args={'ticks': 2, 'ticks_remaining': 3}
2025-10-22 15:44:10,451 : INFO : EventManager : Event: ======'timer_attract_intro_timer_tick'====== Args={'ticks': 8, 'ticks_remaining': 8}
2025-10-22 15:44:10,452 : INFO : EventManager : Event: ======'timer_attract_carousel_timer_tick'====== Args={'ticks': 3, 'ticks_remaining': 2}
2025-10-22 15:44:11,428 : INFO : EventManager : Event: ======'timer_attract_intro_timer_tick'====== Args={'ticks': 9, 'ticks_remaining': 7}
2025-10-22 15:44:11,459 : INFO : EventManager : Event: ======'timer_attract_carousel_timer_tick'====== Args={'ticks': 4, 'ticks_remaining': 1}
2025-10-22 15:44:12,425 : INFO : EventManager : Event: ======'timer_attract_intro_timer_tick'====== Args={'ticks': 10, 'ticks_remaining': 6}
2025-10-22 15:44:12,456 : INFO : Timer.attract_carousel_timer : Timer Complete
2025-10-22 15:44:12,456 : INFO : Timer.attract_carousel_timer : Stopping Timer
2025-10-22 15:44:12,456 : INFO : EventManager : Event: ======'timer_attract_carousel_timer_stopped'====== Args={'ticks': 5, 'ticks_remaining': 1}
2025-10-22 15:44:12,456 : INFO : EventManager : Event: ======'timer_attract_carousel_timer_complete'====== Args={'ticks': 5, 'ticks_remaining': 1}
2025-10-22 15:44:12,458 : INFO : EventManager : Event: ======'item_highlighted'====== Args={'carousel': 'attract', 'direction': 'forwards', 'item': 'specialthanks'}
2025-10-22 15:44:12,462 : INFO : Timer.attract_carousel_timer : Starting Timer.
2025-10-22 15:44:12,462 : INFO : EventManager : Event: ======'timer_attract_carousel_timer_started'====== Args={'ticks': 0, 'ticks_remaining': 5}
2025-10-22 15:44:12,463 : INFO : EventManager : Event: ======'timer_attract_carousel_timer_tick'====== Args={'ticks': 0, 'ticks_remaining': 5}
2025-10-22 15:44:13,434 : INFO : EventManager : Event: ======'timer_attract_intro_timer_tick'====== Args={'ticks': 11, 'ticks_remaining': 5}
2025-10-22 15:44:13,464 : INFO : EventManager : Event: ======'timer_attract_carousel_timer_tick'====== Args={'ticks': 1, 'ticks_remaining': 4}
2025-10-22 15:44:14,443 : INFO : EventManager : Event: ======'timer_attract_intro_timer_tick'====== Args={'ticks': 12, 'ticks_remaining': 4}
2025-10-22 15:44:14,444 : INFO : EventManager : Event: ======'timer_attract_carousel_timer_tick'====== Args={'ticks': 2, 'ticks_remaining': 3}
2025-10-22 15:44:15,441 : INFO : EventManager : Event: ======'timer_attract_intro_timer_tick'====== Args={'ticks': 13, 'ticks_remaining': 3}
2025-10-22 15:44:15,442 : INFO : EventManager : Event: ======'timer_attract_carousel_timer_tick'====== Args={'ticks': 3, 'ticks_remaining': 2}
2025-10-22 15:44:16,447 : INFO : EventManager : Event: ======'timer_attract_intro_timer_tick'====== Args={'ticks': 14, 'ticks_remaining': 2}
2025-10-22 15:44:16,448 : INFO : EventManager : Event: ======'timer_attract_carousel_timer_tick'====== Args={'ticks': 4, 'ticks_remaining': 1}
2025-10-22 15:44:17,425 : INFO : EventManager : Event: ======'timer_attract_intro_timer_tick'====== Args={'ticks': 15, 'ticks_remaining': 1}
2025-10-22 15:44:17,456 : INFO : Timer.attract_carousel_timer : Timer Complete
2025-10-22 15:44:17,456 : INFO : Timer.attract_carousel_timer : Stopping Timer
2025-10-22 15:44:17,456 : INFO : EventManager : Event: ======'timer_attract_carousel_timer_stopped'====== Args={'ticks': 5, 'ticks_remaining': 1}
2025-10-22 15:44:17,456 : INFO : EventManager : Event: ======'timer_attract_carousel_timer_complete'====== Args={'ticks': 5, 'ticks_remaining': 1}
2025-10-22 15:44:17,457 : INFO : EventManager : Event: ======'item_highlighted'====== Args={'carousel': 'attract', 'direction': 'forwards', 'item': 'credits'}
2025-10-22 15:44:17,462 : INFO : Timer.attract_carousel_timer : Starting Timer.
2025-10-22 15:44:17,462 : INFO : EventManager : Event: ======'timer_attract_carousel_timer_started'====== Args={'ticks': 0, 'ticks_remaining': 5}
2025-10-22 15:44:17,462 : INFO : EventManager : Event: ======'timer_attract_carousel_timer_tick'====== Args={'ticks': 0, 'ticks_remaining': 5}
2025-10-22 15:44:18,437 : INFO : Timer.attract_intro_timer : Timer Complete
2025-10-22 15:44:18,437 : INFO : Timer.attract_intro_timer : Stopping Timer
2025-10-22 15:44:18,437 : INFO : EventManager : Event: ======'timer_attract_intro_timer_stopped'====== Args={'ticks': 16, 'ticks_remaining': 1}
2025-10-22 15:44:18,437 : INFO : EventManager : Event: ======'timer_attract_intro_timer_complete'====== Args={'ticks': 16, 'ticks_remaining': 1}
2025-10-22 15:44:18,438 : INFO : EventManager : Event: ======'timer_attract_carousel_timer_tick'====== Args={'ticks': 1, 'ticks_remaining': 4}
2025-10-22 15:44:18,464 : INFO : EventManager : Event: ======'slide_attract_created'====== Args={'_from_bcp': True}
2025-10-22 15:44:18,465 : INFO : EventManager : Event: ======'slide_attract_load_inactive'====== Args={'is_removing': True, '_from_bcp': True}
2025-10-22 15:44:18,465 : INFO : EventManager : Event: ======'slide_attract_active'====== Args={'original_context': 'attract', 'original_calling_context': 'timer_attract_intro_timer_complete{machine.game_just_played==0}', 'priority': 10.0, 'ticks': 16.0, 'ticks_remaining': 1.0, 'cmd': 'slides_play', '_from_bcp': True}
2025-10-22 15:44:18,473 : INFO : EventManager : Event: ======'slide_attract_load_removed'====== Args={'_from_bcp': True}
2025-10-22 15:44:19,444 : INFO : EventManager : Event: ======'timer_attract_carousel_timer_tick'====== Args={'ticks': 2, 'ticks_remaining': 3}
2025-10-22 15:44:20,454 : INFO : EventManager : Event: ======'timer_attract_carousel_timer_tick'====== Args={'ticks': 3, 'ticks_remaining': 2}
2025-10-22 15:44:21,463 : INFO : EventManager : Event: ======'timer_attract_carousel_timer_tick'====== Args={'ticks': 4, 'ticks_remaining': 1}
2025-10-22 15:44:22,445 : INFO : Timer.attract_carousel_timer : Timer Complete
2025-10-22 15:44:22,446 : INFO : Timer.attract_carousel_timer : Stopping Timer
2025-10-22 15:44:22,446 : INFO : EventManager : Event: ======'timer_attract_carousel_timer_stopped'====== Args={'ticks': 5, 'ticks_remaining': 1}
2025-10-22 15:44:22,446 : INFO : EventManager : Event: ======'timer_attract_carousel_timer_complete'====== Args={'ticks': 5, 'ticks_remaining': 1}
2025-10-22 15:44:22,447 : INFO : EventManager : Event: ======'item_highlighted'====== Args={'carousel': 'attract', 'direction': 'forwards', 'item': 'pressstart'}
2025-10-22 15:44:22,449 : INFO : Timer.attract_carousel_timer : Starting Timer.
2025-10-22 15:44:22,449 : INFO : EventManager : Event: ======'timer_attract_carousel_timer_started'====== Args={'ticks': 0, 'ticks_remaining': 5}
2025-10-22 15:44:22,449 : INFO : EventManager : Event: ======'timer_attract_carousel_timer_tick'====== Args={'ticks': 0, 'ticks_remaining': 5}
2025-10-22 15:44:22,467 : INFO : EventManager : Event: ======'widget_attract_pressstart_active'====== Args={'original_context': 'attract', 'original_calling_context': 'item_highlighted{item=="pressstart"}', 'priority': 10.0, 'carousel': 'attract', 'direction': 'forwards', 'item': 'pressstart', 'cmd': 'widgets_play', '_from_bcp': True}
2025-10-22 15:44:23,444 : INFO : EventManager : Event: ======'timer_attract_carousel_timer_tick'====== Args={'ticks': 1, 'ticks_remaining': 4}
2025-10-22 15:44:24,452 : INFO : EventManager : Event: ======'timer_attract_carousel_timer_tick'====== Args={'ticks': 2, 'ticks_remaining': 3}
2025-10-22 15:44:25,461 : INFO : EventManager : Event: ======'timer_attract_carousel_timer_tick'====== Args={'ticks': 3, 'ticks_remaining': 2}
2025-10-22 15:44:26,442 : INFO : EventManager : Event: ======'timer_attract_carousel_timer_tick'====== Args={'ticks': 4, 'ticks_remaining': 1}
2025-10-22 15:44:27,467 : INFO : Timer.attract_carousel_timer : Timer Complete
2025-10-22 15:44:27,467 : INFO : Timer.attract_carousel_timer : Stopping Timer
2025-10-22 15:44:27,467 : INFO : EventManager : Event: ======'timer_attract_carousel_timer_stopped'====== Args={'ticks': 5, 'ticks_remaining': 1}
2025-10-22 15:44:27,467 : INFO : EventManager : Event: ======'timer_attract_carousel_timer_complete'====== Args={'ticks': 5, 'ticks_remaining': 1}
2025-10-22 15:44:27,468 : INFO : EventManager : Event: ======'item_highlighted'====== Args={'carousel': 'attract', 'direction': 'forwards', 'item': 'version'}
2025-10-22 15:44:27,470 : INFO : Timer.attract_carousel_timer : Starting Timer.
2025-10-22 15:44:27,470 : INFO : EventManager : Event: ======'timer_attract_carousel_timer_started'====== Args={'ticks': 0, 'ticks_remaining': 5}
2025-10-22 15:44:27,470 : INFO : EventManager : Event: ======'timer_attract_carousel_timer_tick'====== Args={'ticks': 0, 'ticks_remaining': 5}
2025-10-22 15:44:27,489 : INFO : EventManager : Event: ======'widget_attract_pressstart_removed'====== Args={'_from_bcp': True}
2025-10-22 15:44:27,492 : INFO : EventManager : Event: ======'widget_attract_version_active'====== Args={'original_context': 'attract', 'original_calling_context': 'item_highlighted{item=="version"}', 'priority': 10.0, 'carousel': 'attract', 'direction': 'forwards', 'item': 'version', 'cmd': 'widgets_play', '_from_bcp': True}
2025-10-22 15:44:28,476 : INFO : EventManager : Event: ======'timer_attract_carousel_timer_tick'====== Args={'ticks': 1, 'ticks_remaining': 4}
2025-10-22 15:44:29,491 : INFO : EventManager : Event: ======'timer_attract_carousel_timer_tick'====== Args={'ticks': 2, 'ticks_remaining': 3}
2025-10-22 15:44:30,472 : INFO : EventManager : Event: ======'timer_attract_carousel_timer_tick'====== Args={'ticks': 3, 'ticks_remaining': 2}
2025-10-22 15:44:31,468 : INFO : EventManager : Event: ======'timer_attract_carousel_timer_tick'====== Args={'ticks': 4, 'ticks_remaining': 1}
2025-10-22 15:44:32,477 : INFO : Timer.attract_carousel_timer : Timer Complete
2025-10-22 15:44:32,478 : INFO : Timer.attract_carousel_timer : Stopping Timer
2025-10-22 15:44:32,478 : INFO : EventManager : Event: ======'timer_attract_carousel_timer_stopped'====== Args={'ticks': 5, 'ticks_remaining': 1}
2025-10-22 15:44:32,478 : INFO : EventManager : Event: ======'timer_attract_carousel_timer_complete'====== Args={'ticks': 5, 'ticks_remaining': 1}
2025-10-22 15:44:32,480 : INFO : EventManager : Event: ======'item_highlighted'====== Args={'carousel': 'attract', 'direction': 'forwards', 'item': 'makercredits'}
2025-10-22 15:44:32,482 : INFO : Timer.attract_carousel_timer : Starting Timer.
2025-10-22 15:44:32,482 : INFO : EventManager : Event: ======'timer_attract_carousel_timer_started'====== Args={'ticks': 0, 'ticks_remaining': 5}
2025-10-22 15:44:32,483 : INFO : EventManager : Event: ======'timer_attract_carousel_timer_tick'====== Args={'ticks': 0, 'ticks_remaining': 5}
2025-10-22 15:44:32,503 : INFO : EventManager : Event: ======'widget_version_removed'====== Args={'_from_bcp': True}
2025-10-22 15:44:32,508 : INFO : EventManager : Event: ======'widget_attract_makercredits_active'====== Args={'original_context': 'attract', 'original_calling_context': 'item_highlighted{item=="makercredits"}', 'priority': 10.0, 'carousel': 'attract', 'direction': 'forwards', 'item': 'makercredits', 'cmd': 'widgets_play', '_from_bcp': True}
2025-10-22 15:44:33,489 : INFO : EventManager : Event: ======'timer_attract_carousel_timer_tick'====== Args={'ticks': 1, 'ticks_remaining': 4}
2025-10-22 15:44:34,487 : INFO : EventManager : Event: ======'timer_attract_carousel_timer_tick'====== Args={'ticks': 2, 'ticks_remaining': 3}
2025-10-22 15:44:35,498 : INFO : EventManager : Event: ======'timer_attract_carousel_timer_tick'====== Args={'ticks': 3, 'ticks_remaining': 2}
2025-10-22 15:44:36,482 : INFO : EventManager : Event: ======'timer_attract_carousel_timer_tick'====== Args={'ticks': 4, 'ticks_remaining': 1}
2025-10-22 15:44:37,497 : INFO : Timer.attract_carousel_timer : Timer Complete
2025-10-22 15:44:37,498 : INFO : Timer.attract_carousel_timer : Stopping Timer
2025-10-22 15:44:37,498 : INFO : EventManager : Event: ======'timer_attract_carousel_timer_stopped'====== Args={'ticks': 5, 'ticks_remaining': 1}
2025-10-22 15:44:37,498 : INFO : EventManager : Event: ======'timer_attract_carousel_timer_complete'====== Args={'ticks': 5, 'ticks_remaining': 1}
2025-10-22 15:44:37,498 : INFO : EventManager : Event: ======'item_highlighted'====== Args={'carousel': 'attract', 'direction': 'forwards', 'item': 'dedicated'}
2025-10-22 15:44:37,500 : INFO : Timer.attract_carousel_timer : Starting Timer.
2025-10-22 15:44:37,501 : INFO : EventManager : Event: ======'timer_attract_carousel_timer_started'====== Args={'ticks': 0, 'ticks_remaining': 5}
2025-10-22 15:44:37,501 : INFO : EventManager : Event: ======'timer_attract_carousel_timer_tick'====== Args={'ticks': 0, 'ticks_remaining': 5}
2025-10-22 15:44:37,514 : INFO : EventManager : Event: ======'widget_makercredits_removed'====== Args={'_from_bcp': True}
2025-10-22 15:44:37,527 : INFO : EventManager : Event: ======'widget_attract_dedicated_active'====== Args={'original_context': 'attract', 'original_calling_context': 'item_highlighted{item=="dedicated"}', 'priority': 10.0, 'carousel': 'attract', 'direction': 'forwards', 'item': 'dedicated', 'cmd': 'widgets_play', '_from_bcp': True}
2025-10-22 15:44:38,509 : INFO : EventManager : Event: ======'timer_attract_carousel_timer_tick'====== Args={'ticks': 1, 'ticks_remaining': 4}
2025-10-22 15:44:39,494 : INFO : EventManager : Event: ======'timer_attract_carousel_timer_tick'====== Args={'ticks': 2, 'ticks_remaining': 3}
2025-10-22 15:44:40,494 : INFO : EventManager : Event: ======'timer_attract_carousel_timer_tick'====== Args={'ticks': 3, 'ticks_remaining': 2}
2025-10-22 15:44:41,501 : INFO : EventManager : Event: ======'timer_attract_carousel_timer_tick'====== Args={'ticks': 4, 'ticks_remaining': 1}
2025-10-22 15:44:42,506 : INFO : Timer.attract_carousel_timer : Timer Complete
2025-10-22 15:44:42,506 : INFO : Timer.attract_carousel_timer : Stopping Timer
2025-10-22 15:44:42,507 : INFO : EventManager : Event: ======'timer_attract_carousel_timer_stopped'====== Args={'ticks': 5, 'ticks_remaining': 1}
2025-10-22 15:44:42,507 : INFO : EventManager : Event: ======'timer_attract_carousel_timer_complete'====== Args={'ticks': 5, 'ticks_remaining': 1}
2025-10-22 15:44:42,507 : INFO : EventManager : Event: ======'item_highlighted'====== Args={'carousel': 'attract', 'direction': 'forwards', 'item': 'mpf_logo'}
2025-10-22 15:44:42,509 : INFO : Timer.attract_carousel_timer : Starting Timer.
2025-10-22 15:44:42,510 : INFO : EventManager : Event: ======'timer_attract_carousel_timer_started'====== Args={'ticks': 0, 'ticks_remaining': 5}
2025-10-22 15:44:42,510 : INFO : EventManager : Event: ======'timer_attract_carousel_timer_tick'====== Args={'ticks': 0, 'ticks_remaining': 5}
2025-10-22 15:44:42,528 : INFO : EventManager : Event: ======'widget_dedicated_removed'====== Args={'_from_bcp': True}
2025-10-22 15:44:42,534 : INFO : EventManager : Event: ======'widget_attract_mpf_logo_active'====== Args={'original_context': 'attract', 'original_calling_context': 'item_highlighted{item=="mpf_logo"}', 'priority': 10.0, 'carousel': 'attract', 'direction': 'forwards', 'item': 'mpf_logo', 'cmd': 'widgets_play', '_from_bcp': True}
2025-10-22 15:44:43,429 : INFO : SwitchController : <<<<<<< 's_left_flipper' active >>>>>>>
2025-10-22 15:44:43,429 : INFO : EventManager : Event: ======'s_left_flipper_active'====== Args={}
2025-10-22 15:44:43,429 : INFO : EventManager : Event: ======'item_highlighted'====== Args={'carousel': 'attract', 'direction': 'backwards', 'item': 'dedicated'}
2025-10-22 15:44:43,432 : INFO : EventManager : Event: ======'timer_attract_carousel_timer_tick'====== Args={'ticks': 0, 'ticks_remaining': 5}
2025-10-22 15:44:43,458 : INFO : EventManager : Event: ======'widget_attract_mpf_logo_removed'====== Args={'_from_bcp': True}
2025-10-22 15:44:43,459 : INFO : EventManager : Event: ======'widget_attract_dedicated_active'====== Args={'original_context': 'attract', 'original_calling_context': 'item_highlighted{item=="dedicated"}', 'priority': 10.0, 'carousel': 'attract', 'direction': 'backwards', 'item': 'dedicated', 'cmd': 'widgets_play', '_from_bcp': True}
2025-10-22 15:44:43,895 : INFO : SwitchController : <<<<<<< 's_left_flipper' inactive >>>>>>>
2025-10-22 15:44:43,895 : INFO : EventManager : Event: ======'sw_left_flipper_inactive'====== Args={}
2025-10-22 15:44:44,010 : INFO : SwitchController : <<<<<<< 's_left_flipper' active >>>>>>>
2025-10-22 15:44:44,010 : INFO : EventManager : Event: ======'s_left_flipper_active'====== Args={}
2025-10-22 15:44:44,011 : INFO : EventManager : Event: ======'item_highlighted'====== Args={'carousel': 'attract', 'direction': 'backwards', 'item': 'makercredits'}
2025-10-22 15:44:44,014 : INFO : EventManager : Event: ======'timer_attract_carousel_timer_tick'====== Args={'ticks': 0, 'ticks_remaining': 5}
2025-10-22 15:44:44,028 : INFO : EventManager : Event: ======'widget_dedicated_removed'====== Args={'_from_bcp': True}
2025-10-22 15:44:44,029 : INFO : EventManager : Event: ======'widget_attract_makercredits_active'====== Args={'original_context': 'attract', 'original_calling_context': 'item_highlighted{item=="makercredits"}', 'priority': 10.0, 'carousel': 'attract', 'direction': 'backwards', 'item': 'makercredits', 'cmd': 'widgets_play', '_from_bcp': True}
2025-10-22 15:44:44,159 : INFO : SwitchController : <<<<<<< 's_left_flipper' inactive >>>>>>>
2025-10-22 15:44:44,161 : INFO : EventManager : Event: ======'sw_left_flipper_inactive'====== Args={}
2025-10-22 15:44:45,003 : INFO : EventManager : Event: ======'timer_attract_carousel_timer_tick'====== Args={'ticks': 1, 'ticks_remaining': 4}
2025-10-22 15:44:45,126 : INFO : SwitchController : <<<<<<< 's_right_flipper' active >>>>>>>
2025-10-22 15:44:45,126 : INFO : EventManager : Event: ======'s_right_flipper_active'====== Args={}
2025-10-22 15:44:45,127 : INFO : EventManager : Event: ======'item_highlighted'====== Args={'carousel': 'attract', 'direction': 'forwards', 'item': 'dedicated'}
2025-10-22 15:44:45,128 : INFO : EventManager : Event: ======'logicblock_mca_sequence_updated'====== Args={'value': 1, 'enabled': True}
2025-10-22 15:44:45,128 : INFO : EventManager : Event: ======'logicblock_mca_sequence_hit'====== Args={'step': 1}
2025-10-22 15:44:45,128 : INFO : EventManager : Event: ======'logicblock_adr_sequence_updated'====== Args={'value': 1, 'enabled': True}
2025-10-22 15:44:45,128 : INFO : EventManager : Event: ======'logicblock_adr_sequence_hit'====== Args={'step': 1}
2025-10-22 15:44:45,129 : INFO : EventManager : Event: ======'timer_attract_carousel_timer_tick'====== Args={'ticks': 0, 'ticks_remaining': 5}
2025-10-22 15:44:45,144 : INFO : EventManager : Event: ======'widget_makercredits_removed'====== Args={'_from_bcp': True}
2025-10-22 15:44:45,145 : INFO : EventManager : Event: ======'widget_attract_dedicated_active'====== Args={'original_context': 'attract', 'original_calling_context': 'item_highlighted{item=="dedicated"}', 'priority': 10.0, 'carousel': 'attract', 'direction': 'forwards', 'item': 'dedicated', 'cmd': 'widgets_play', '_from_bcp': True}
2025-10-22 15:44:45,244 : INFO : SwitchController : <<<<<<< 's_right_flipper' inactive >>>>>>>
2025-10-22 15:44:45,244 : INFO : EventManager : Event: ======'sw_right_flipper_inactive'====== Args={}
2025-10-22 15:44:46,025 : INFO : SwitchController : <<<<<<< 's_left_flipper' active >>>>>>>
2025-10-22 15:44:46,026 : INFO : EventManager : Event: ======'s_left_flipper_active'====== Args={}
2025-10-22 15:44:46,026 : INFO : EventManager : Event: ======'item_highlighted'====== Args={'carousel': 'attract', 'direction': 'backwards', 'item': 'makercredits'}
2025-10-22 15:44:46,027 : INFO : EventManager : Event: ======'logicblock_adr_sequence_updated'====== Args={'value': 2, 'enabled': True}
2025-10-22 15:44:46,027 : INFO : EventManager : Event: ======'logicblock_adr_sequence_hit'====== Args={'step': 2}
2025-10-22 15:44:46,029 : INFO : EventManager : Event: ======'timer_attract_carousel_timer_tick'====== Args={'ticks': 0, 'ticks_remaining': 5}
2025-10-22 15:44:46,044 : INFO : EventManager : Event: ======'widget_dedicated_removed'====== Args={'_from_bcp': True}
2025-10-22 15:44:46,045 : INFO : EventManager : Event: ======'widget_attract_makercredits_active'====== Args={'original_context': 'attract', 'original_calling_context': 'item_highlighted{item=="makercredits"}', 'priority': 10.0, 'carousel': 'attract', 'direction': 'backwards', 'item': 'makercredits', 'cmd': 'widgets_play', '_from_bcp': True}
2025-10-22 15:44:46,159 : INFO : SwitchController : <<<<<<< 's_left_flipper' inactive >>>>>>>
2025-10-22 15:44:46,159 : INFO : EventManager : Event: ======'sw_left_flipper_inactive'====== Args={}
2025-10-22 15:44:47,034 : INFO : EventManager : Event: ======'timer_attract_carousel_timer_tick'====== Args={'ticks': 1, 'ticks_remaining': 4}
2025-10-22 15:44:48,030 : INFO : EventManager : Event: ======'timer_attract_carousel_timer_tick'====== Args={'ticks': 2, 'ticks_remaining': 3}
2025-10-22 15:44:48,590 : INFO : SwitchController : <<<<<<< 's_right_flipper' active >>>>>>>
2025-10-22 15:44:48,590 : INFO : EventManager : Event: ======'s_right_flipper_active'====== Args={}
2025-10-22 15:44:48,591 : INFO : EventManager : Event: ======'item_highlighted'====== Args={'carousel': 'attract', 'direction': 'forwards', 'item': 'dedicated'}
2025-10-22 15:44:48,592 : INFO : EventManager : Event: ======'logicblock_adr_sequence_updated'====== Args={'value': 3, 'enabled': True}
2025-10-22 15:44:48,592 : INFO : EventManager : Event: ======'logicblock_adr_sequence_hit'====== Args={'step': 3}
2025-10-22 15:44:48,592 : INFO : EventManager : Event: ======'logicblock_mca_sequence_updated'====== Args={'value': 2, 'enabled': True}
2025-10-22 15:44:48,592 : INFO : EventManager : Event: ======'logicblock_mca_sequence_hit'====== Args={'step': 2}
2025-10-22 15:44:48,594 : INFO : EventManager : Event: ======'timer_attract_carousel_timer_tick'====== Args={'ticks': 0, 'ticks_remaining': 5}
2025-10-22 15:44:48,613 : INFO : EventManager : Event: ======'widget_makercredits_removed'====== Args={'_from_bcp': True}
2025-10-22 15:44:48,614 : INFO : EventManager : Event: ======'widget_attract_dedicated_active'====== Args={'original_context': 'attract', 'original_calling_context': 'item_highlighted{item=="dedicated"}', 'priority': 10.0, 'carousel': 'attract', 'direction': 'forwards', 'item': 'dedicated', 'cmd': 'widgets_play', '_from_bcp': True}
2025-10-22 15:44:48,724 : INFO : SwitchController : <<<<<<< 's_right_flipper' inactive >>>>>>>
2025-10-22 15:44:48,725 : INFO : EventManager : Event: ======'sw_right_flipper_inactive'====== Args={}
2025-10-22 15:44:49,174 : INFO : SwitchController : <<<<<<< 's_right_flipper' active >>>>>>>
2025-10-22 15:44:49,174 : INFO : EventManager : Event: ======'s_right_flipper_active'====== Args={}
2025-10-22 15:44:49,176 : INFO : EventManager : Event: ======'item_highlighted'====== Args={'carousel': 'attract', 'direction': 'forwards', 'item': 'mpf_logo'}
2025-10-22 15:44:49,177 : INFO : EventManager : Event: ======'logicblock_adr_sequence_updated'====== Args={'value': 4, 'enabled': True}
2025-10-22 15:44:49,178 : INFO : EventManager : Event: ======'logicblock_adr_sequence_hit'====== Args={'step': 4}
2025-10-22 15:44:49,178 : INFO : EventManager : Event: ======'logicblock_mca_sequence_updated'====== Args={'value': 3, 'enabled': True}
2025-10-22 15:44:49,178 : INFO : EventManager : Event: ======'logicblock_mca_sequence_hit'====== Args={'step': 3}
2025-10-22 15:44:49,179 : INFO : EventManager : Event: ======'timer_attract_carousel_timer_tick'====== Args={'ticks': 0, 'ticks_remaining': 5}
2025-10-22 15:44:49,189 : INFO : EventManager : Event: ======'widget_dedicated_removed'====== Args={'_from_bcp': True}
2025-10-22 15:44:49,190 : INFO : EventManager : Event: ======'widget_attract_mpf_logo_active'====== Args={'original_context': 'attract', 'original_calling_context': 'item_highlighted{item=="mpf_logo"}', 'priority': 10.0, 'carousel': 'attract', 'direction': 'forwards', 'item': 'mpf_logo', 'cmd': 'widgets_play', '_from_bcp': True}
2025-10-22 15:44:49,289 : INFO : SwitchController : <<<<<<< 's_right_flipper' inactive >>>>>>>
2025-10-22 15:44:49,290 : INFO : EventManager : Event: ======'sw_right_flipper_inactive'====== Args={}
2025-10-22 15:44:50,024 : INFO : SwitchController : <<<<<<< 's_right_flipper' active >>>>>>>
2025-10-22 15:44:50,024 : INFO : EventManager : Event: ======'s_right_flipper_active'====== Args={}
2025-10-22 15:44:50,026 : INFO : EventManager : Event: ======'item_highlighted'====== Args={'carousel': 'attract', 'direction': 'forwards', 'item': 'fast_logo'}
2025-10-22 15:44:50,028 : INFO : EventManager : Event: ======'logicblock_adr_sequence_updated'====== Args={'value': 5, 'enabled': True}
2025-10-22 15:44:50,028 : INFO : EventManager : Event: ======'logicblock_adr_sequence_hit'====== Args={'step': 5}
2025-10-22 15:44:50,029 : INFO : EventManager : Event: ======'logicblock_mca_sequence_updated'====== Args={'value': 4, 'enabled': True}
2025-10-22 15:44:50,029 : INFO : EventManager : Event: ======'logicblock_mca_sequence_hit'====== Args={'step': 4}
2025-10-22 15:44:50,030 : INFO : EventManager : Event: ======'timer_attract_carousel_timer_tick'====== Args={'ticks': 0, 'ticks_remaining': 5}
2025-10-22 15:44:50,039 : INFO : EventManager : Event: ======'widget_attract_mpf_logo_removed'====== Args={'_from_bcp': True}
2025-10-22 15:44:50,045 : INFO : EventManager : Event: ======'widget_attract_fast_logo_active'====== Args={'original_context': 'attract', 'original_calling_context': 'item_highlighted{item=="fast_logo"}', 'priority': 10.0, 'carousel': 'attract', 'direction': 'forwards', 'item': 'fast_logo', 'cmd': 'widgets_play', '_from_bcp': True}
2025-10-22 15:44:50,122 : INFO : SwitchController : <<<<<<< 's_right_flipper' inactive >>>>>>>
2025-10-22 15:44:50,123 : INFO : EventManager : Event: ======'sw_right_flipper_inactive'====== Args={}
2025-10-22 15:44:50,805 : INFO : SwitchController : <<<<<<< 's_right_flipper' active >>>>>>>
2025-10-22 15:44:50,805 : INFO : EventManager : Event: ======'s_right_flipper_active'====== Args={}
2025-10-22 15:44:50,806 : INFO : EventManager : Event: ======'item_highlighted'====== Args={'carousel': 'attract', 'direction': 'forwards', 'item': 'specialthanks'}
2025-10-22 15:44:50,807 : INFO : EventManager : Event: ======'logicblock_adr_sequence_updated'====== Args={'value': 6, 'enabled': True}
2025-10-22 15:44:50,808 : INFO : EventManager : Event: ======'logicblock_adr_sequence_hit'====== Args={'step': 6}
2025-10-22 15:44:50,808 : INFO : EventManager : Event: ======'logicblock_mca_sequence_updated'====== Args={'value': 5, 'enabled': True}
2025-10-22 15:44:50,808 : INFO : EventManager : Event: ======'logicblock_mca_sequence_hit'====== Args={'step': 5}
2025-10-22 15:44:50,809 : INFO : EventManager : Event: ======'timer_attract_carousel_timer_tick'====== Args={'ticks': 0, 'ticks_remaining': 5}
2025-10-22 15:44:50,821 : INFO : EventManager : Event: ======'widget_fast_logo_removed'====== Args={'_from_bcp': True}
2025-10-22 15:44:50,825 : INFO : EventManager : Event: ======'widget_attract_specialthanks_active'====== Args={'original_context': 'attract', 'original_calling_context': 'item_highlighted{item=="specialthanks"}', 'priority': 10.0, 'carousel': 'attract', 'direction': 'forwards', 'item': 'specialthanks', 'cmd': 'widgets_play', '_from_bcp': True}
2025-10-22 15:44:50,906 : INFO : SwitchController : <<<<<<< 's_right_flipper' inactive >>>>>>>
2025-10-22 15:44:50,906 : INFO : EventManager : Event: ======'sw_right_flipper_inactive'====== Args={}
2025-10-22 15:44:51,820 : INFO : EventManager : Event: ======'timer_attract_carousel_timer_tick'====== Args={'ticks': 1, 'ticks_remaining': 4}
2025-10-22 15:44:52,800 : INFO : EventManager : Event: ======'timer_attract_carousel_timer_tick'====== Args={'ticks': 2, 'ticks_remaining': 3}
2025-10-22 15:44:53,813 : INFO : EventManager : Event: ======'timer_attract_carousel_timer_tick'====== Args={'ticks': 3, 'ticks_remaining': 2}
2025-10-22 15:44:54,370 : INFO : SwitchController : <<<<<<< 's_right_flipper' active >>>>>>>
2025-10-22 15:44:54,370 : INFO : EventManager : Event: ======'s_right_flipper_active'====== Args={}
2025-10-22 15:44:54,371 : INFO : EventManager : Event: ======'item_highlighted'====== Args={'carousel': 'attract', 'direction': 'forwards', 'item': 'credits'}
2025-10-22 15:44:54,371 : INFO : EventManager : Event: ======'logicblock_mca_sequence_updated'====== Args={'value': 6, 'enabled': True}
2025-10-22 15:44:54,372 : INFO : EventManager : Event: ======'logicblock_mca_sequence_hit'====== Args={'step': 6}
2025-10-22 15:44:54,372 : INFO : EventManager : Event: ======'timer_attract_carousel_timer_tick'====== Args={'ticks': 0, 'ticks_remaining': 5}
2025-10-22 15:44:54,385 : INFO : EventManager : Event: ======'widget_specialthanks_removed'====== Args={'_from_bcp': True}
2025-10-22 15:44:54,389 : INFO : EventManager : Event: ======'widget_attract_credits_active'====== Args={'original_context': 'attract', 'original_calling_context': 'item_highlighted{item=="credits"}', 'priority': 10.0, 'carousel': 'attract', 'direction': 'forwards', 'item': 'credits', 'cmd': 'widgets_play', '_from_bcp': True}
2025-10-22 15:44:54,506 : INFO : SwitchController : <<<<<<< 's_right_flipper' inactive >>>>>>>
2025-10-22 15:44:54,506 : INFO : EventManager : Event: ======'sw_right_flipper_inactive'====== Args={}
2025-10-22 15:44:55,320 : INFO : SwitchController : <<<<<<< 's_right_flipper' active >>>>>>>
2025-10-22 15:44:55,320 : INFO : EventManager : Event: ======'s_right_flipper_active'====== Args={}
2025-10-22 15:44:55,322 : INFO : EventManager : Event: ======'item_highlighted'====== Args={'carousel': 'attract', 'direction': 'forwards', 'item': 'pressstart'}
2025-10-22 15:44:55,324 : INFO : EventManager : Event: ======'logicblock_mca_sequence_updated'====== Args={'value': 7, 'enabled': True}
2025-10-22 15:44:55,324 : INFO : EventManager : Event: ======'logicblock_mca_sequence_hit'====== Args={'step': 7}
2025-10-22 15:44:55,325 : INFO : EventManager : Event: ======'timer_attract_carousel_timer_tick'====== Args={'ticks': 0, 'ticks_remaining': 5}
2025-10-22 15:44:55,333 : INFO : EventManager : Event: ======'widget_MPFWidget_removed'====== Args={'_from_bcp': True}
2025-10-22 15:44:55,333 : INFO : EventManager : Event: ======'widget_attract_pressstart_active'====== Args={'original_context': 'attract', 'original_calling_context': 'item_highlighted{item=="pressstart"}', 'priority': 10.0, 'carousel': 'attract', 'direction': 'forwards', 'item': 'pressstart', 'cmd': 'widgets_play', '_from_bcp': True}
2025-10-22 15:44:55,453 : INFO : SwitchController : <<<<<<< 's_right_flipper' inactive >>>>>>>
2025-10-22 15:44:55,454 : INFO : EventManager : Event: ======'sw_right_flipper_inactive'====== Args={}
2025-10-22 15:44:55,836 : INFO : SwitchController : <<<<<<< 's_right_flipper' active >>>>>>>
2025-10-22 15:44:55,836 : INFO : EventManager : Event: ======'s_right_flipper_active'====== Args={}
2025-10-22 15:44:55,837 : INFO : EventManager : Event: ======'item_highlighted'====== Args={'carousel': 'attract', 'direction': 'forwards', 'item': 'version'}
2025-10-22 15:44:55,839 : INFO : EventManager : Event: ======'logicblock_mca_sequence_updated'====== Args={'value': 8, 'enabled': True}
2025-10-22 15:44:55,839 : INFO : EventManager : Event: ======'logicblock_mca_sequence_hit'====== Args={'step': 8}
2025-10-22 15:44:55,840 : INFO : EventManager : Event: ======'timer_attract_carousel_timer_tick'====== Args={'ticks': 0, 'ticks_remaining': 5}
2025-10-22 15:44:55,850 : INFO : EventManager : Event: ======'widget_attract_pressstart_removed'====== Args={'_from_bcp': True}
2025-10-22 15:44:55,851 : INFO : EventManager : Event: ======'widget_attract_version_active'====== Args={'original_context': 'attract', 'original_calling_context': 'item_highlighted{item=="version"}', 'priority': 10.0, 'carousel': 'attract', 'direction': 'forwards', 'item': 'version', 'cmd': 'widgets_play', '_from_bcp': True}
2025-10-22 15:44:55,951 : INFO : SwitchController : <<<<<<< 's_right_flipper' inactive >>>>>>>
2025-10-22 15:44:55,951 : INFO : EventManager : Event: ======'sw_right_flipper_inactive'====== Args={}
2025-10-22 15:44:56,817 : INFO : EventManager : Event: ======'timer_attract_carousel_timer_tick'====== Args={'ticks': 1, 'ticks_remaining': 4}
2025-10-22 15:44:57,371 : INFO : Machine : Shutting down...
2025-10-22 15:44:57,371 : INFO : EventManager : Event: ======'shutdown'====== Args={}
2025-10-22 15:44:57,372 : INFO : EventManager : Event: ======'mode_service_will_stop'====== Args={}
2025-10-22 15:44:57,372 : INFO : EventManager : Event: ======'mode_service_stopping'====== Args={}
2025-10-22 15:44:57,373 : INFO : Mode.service : Stopped.
2025-10-22 15:44:57,374 : INFO : EventManager : Event: ======'modes_active_modes_changed'====== Args={}
2025-10-22 15:44:57,374 : INFO : EventManager : Event: ======'mode_service_stopped'====== Args={}
2025-10-22 15:44:57,374 : INFO : EventManager : Event: ======'clear'====== Args={'key': 'service'}
2025-10-22 15:44:57,377 : INFO : root : MPF run loop ended.
