2025-10-02 20:39:33,844 : INFO : root : Loading config.
2025-10-02 20:39:33,849 : INFO : YamlMultifileConfigLoader : Machine config file #1: config.yaml
2025-10-02 20:39:33,849 : INFO : ConfigProcessor : Loading config from cache: C:\Users\sdona\AppData\Local\Temp\19f6d0d7953982fda9d956182316b8e5.mpf_cache
2025-10-02 20:39:33,947 : INFO : ConfigProcessor : Loading config from cache: C:\Users\sdona\AppData\Local\Temp\835b5bfea4be8b279a05e96caaaffbbb.mpf_cache
2025-10-02 20:39:33,948 : INFO : ConfigProcessor : Loading config from cache: C:\Users\sdona\AppData\Local\Temp\9b0a7575388f9d9bd2f6ab87bf9fd2f7.mpf_cache
2025-10-02 20:39:33,949 : INFO : ConfigProcessor : Loading config from cache: C:\Users\sdona\AppData\Local\Temp\c340ec0033d1055cd797ffd5447ef414.mpf_cache
2025-10-02 20:39:33,949 : INFO : ConfigProcessor : Loading config from cache: C:\Users\sdona\AppData\Local\Temp\835b5bfea4be8b279a05e96caaaffbbb.mpf_cache
2025-10-02 20:39:33,950 : INFO : ConfigProcessor : Loading config from cache: C:\Users\sdona\AppData\Local\Temp\8c11a28e3c38d4ad47947b6a126f2ee9.mpf_cache
2025-10-02 20:39:33,951 : INFO : ConfigProcessor : Loading config from cache: C:\Users\sdona\AppData\Local\Temp\e391083cdc9e667060411fe5838e93f2.mpf_cache
2025-10-02 20:39:33,951 : INFO : ConfigProcessor : Loading config from cache: C:\Users\sdona\AppData\Local\Temp\f0c219a993d891ee86dcb7eae47dde67.mpf_cache
2025-10-02 20:39:33,952 : INFO : ConfigProcessor : Loading config from cache: C:\Users\sdona\AppData\Local\Temp\96aa58108928490b129531848cd9b506.mpf_cache
2025-10-02 20:39:33,953 : INFO : ConfigProcessor : Loading config from cache: C:\Users\sdona\AppData\Local\Temp\567636b9d9766e3361204e954a8382da.mpf_cache
2025-10-02 20:39:33,954 : INFO : Machine : Mission Pinball Framework Core Engine v0.80.0.dev9
2025-10-02 20:39:33,954 : INFO : Machine : Command line arguments: {'no_load_cache': False, 'create_config_cache': True, 'bcp': True, 'configfile': ['config.yaml'], 'force_assets_load': False, 'platform_integration_test': False, 'jsonlogging': False, 'logfile': 'logs\\2025-10-02-20-39-33-mpf-PinballLaptop.log', 'pause': False, 'production': False, 'text_ui': True, 'loglevel': 15, 'consoleloglevel': 20, 'force_platform': 'smart_virtual', 'syslog_address': None, 'full_logfile_path': 'C:\\venv\\mpf\\mmmdrop\\logs\\2025-10-02-20-39-33-mpf-PinballLaptop.log'}
2025-10-02 20:39:33,954 : INFO : Machine : MPF path: c:\venv\mpf\lib\site-packages\mpf
2025-10-02 20:39:33,954 : INFO : Machine : Machine path: C:\venv\mpf\mmmdrop
2025-10-02 20:39:33,954 : INFO : Machine : Platform: win32
2025-10-02 20:39:33,954 : INFO : Machine : Python executable location: c:\venv\mpf\Scripts\python.exe
2025-10-02 20:39:33,954 : INFO : Machine : Python version: 3.9.13 (64-bit)
2025-10-02 20:39:33,956 : INFO : Machine : Initializing MPF...
2025-10-02 20:39:34,153 : INFO : EventManager : Event: ======'machine_var_credits_string'====== Args={'value': 'FREE PLAY', 'prev_value': None, 'change': True}
2025-10-02 20:39:34,179 : INFO : EventManager : Event: ======'machine_var_fast_audio_headphones_volume'====== Args={'value': 10, 'prev_value': None, 'change': True}
2025-10-02 20:39:34,179 : INFO : EventManager : Event: ======'machine_var_fast_audio_main_volume'====== Args={'value': 44, 'prev_value': None, 'change': True}
2025-10-02 20:39:34,180 : INFO : EventManager : Event: ======'machine_var_master_volume'====== Args={'value': 0.15, 'prev_value': None, 'change': True}
2025-10-02 20:39:34,180 : INFO : EventManager : Event: ======'machine_var_player1_score'====== Args={'value': 140190, 'prev_value': None, 'change': True}
2025-10-02 20:39:34,180 : INFO : EventManager : Event: ======'machine_var_mpf_version'====== Args={'value': 'Mission Pinball Framework v0.80.0.dev9', 'prev_value': None, 'change': True}
2025-10-02 20:39:34,180 : INFO : EventManager : Event: ======'machine_var_mpf_extended_version'====== Args={'value': 'Mission Pinball Framework v0.80.0.dev9, Config version:6, Show version: 6, BCP version:1.1', 'prev_value': None, 'change': True}
2025-10-02 20:39:34,180 : INFO : EventManager : Event: ======'machine_var_python_version'====== Args={'value': '3.9.13', 'prev_value': None, 'change': True}
2025-10-02 20:39:34,211 : INFO : EventManager : Event: ======'machine_var_platform'====== Args={'value': 'Windows-10-10.0.26100-SP0', 'prev_value': None, 'change': True}
2025-10-02 20:39:34,211 : INFO : EventManager : Event: ======'machine_var_platform_system'====== Args={'value': 'Windows', 'prev_value': None, 'change': True}
2025-10-02 20:39:34,211 : INFO : EventManager : Event: ======'machine_var_platform_release'====== Args={'value': '10', 'prev_value': None, 'change': True}
2025-10-02 20:39:34,211 : INFO : EventManager : Event: ======'machine_var_platform_version'====== Args={'value': '10.0.26100', 'prev_value': None, 'change': True}
2025-10-02 20:39:34,211 : INFO : EventManager : Event: ======'machine_var_platform_machine'====== Args={'value': 'AMD64', 'prev_value': None, 'change': True}
2025-10-02 20:39:34,211 : INFO : EventManager : Event: ======'machine_var_log_file_path'====== Args={'value': 'C:\\venv\\mpf\\mmmdrop\\logs\\2025-10-02-20-39-33-mpf-PinballLaptop.log', 'prev_value': None, 'change': True}
2025-10-02 20:39:34,211 : INFO : EventManager : Event: ======'init_phase_1'====== Args={}
2025-10-02 20:39:34,242 : INFO : EventManager : Event: ======'drop_target_bank_three_bank_up'====== Args={}
2025-10-02 20:39:34,242 : INFO : EventManager : Event: ======'init_phase_2'====== Args={}
2025-10-02 20:39:34,242 : INFO : SwitchController : Found active switch: ('3208-0', <Platform.SmartVirtual>) <switch.s_trough1>
2025-10-02 20:39:34,242 : INFO : SwitchController : Found active switch: ('3208-1', <Platform.SmartVirtual>) <switch.s_trough2>
2025-10-02 20:39:34,242 : INFO : SwitchController : Found active switch: ('3208-2', <Platform.SmartVirtual>) <switch.s_trough3>
2025-10-02 20:39:34,242 : INFO : SwitchController : Found active switch: ('3208-3', <Platform.SmartVirtual>) <switch.s_trough4>
2025-10-02 20:39:34,243 : INFO : SwitchController : Found active switch: ('3208-4', <Platform.SmartVirtual>) <switch.s_trough5>
2025-10-02 20:39:34,243 : INFO : SwitchController : Found active switch: ('3208-5', <Platform.SmartVirtual>) <switch.s_trough6>
2025-10-02 20:39:34,248 : INFO : EventManager : Event: ======'bcp_connection_attempt'====== Args={'name': 'local_display', 'host': 'localhost', 'port': 5050}
2025-10-02 20:39:34,250 : INFO : BCPClientSocket : Connecting BCP to 'local_display' at localhost:5050...
2025-10-02 20:39:38,953 : INFO : BCPClientSocket : Connected BCP to 'local_display' localhost:5050
2025-10-02 20:39:38,954 : INFO : EventManager : Event: ======'bcp_clients_connected'====== Args={}
2025-10-02 20:39:39,115 : INFO : ball_device.bd_trough : BCH: Initial count: 6
2025-10-02 20:39:39,171 : INFO : ball_device.bd_trough : State: idle
2025-10-02 20:39:39,172 : INFO : ball_device.bd_plunger : BCH: Initial count: 0
2025-10-02 20:39:39,172 : INFO : ball_device.bd_plunger : State: idle
2025-10-02 20:39:39,173 : INFO : ball_device.bd_scoop : BCH: Initial count: 0
2025-10-02 20:39:39,173 : INFO : ball_device.bd_scoop : State: idle
2025-10-02 20:39:39,191 : INFO : EventManager : Event: ======'init_phase_3'====== Args={}
2025-10-02 20:39:39,194 : INFO : EventManager : Event: ======'init_phase_4'====== Args={}
2025-10-02 20:39:39,195 : INFO : BallController : Initial balls found: 6
2025-10-02 20:39:39,196 : INFO : EventManager : Event: ======'machine_var_audits_events_game_ended'====== Args={'value': 36, 'prev_value': None, 'change': True}
2025-10-02 20:39:39,196 : INFO : EventManager : Event: ======'machine_var_audits_events_game_started'====== Args={'value': 240, 'prev_value': None, 'change': True}
2025-10-02 20:39:39,196 : INFO : EventManager : Event: ======'machine_var_audits_missing_switches_s_captive_ball'====== Args={'value': 6, 'prev_value': None, 'change': True}
2025-10-02 20:39:39,197 : INFO : EventManager : Event: ======'machine_var_audits_missing_switches_s_center_upper_pop'====== Args={'value': 16, 'prev_value': None, 'change': True}
2025-10-02 20:39:39,197 : INFO : EventManager : Event: ======'machine_var_audits_missing_switches_s_inner_orbit'====== Args={'value': 166, 'prev_value': None, 'change': True}
2025-10-02 20:39:39,197 : INFO : EventManager : Event: ======'machine_var_audits_missing_switches_s_left_flipper'====== Args={'value': 38, 'prev_value': None, 'change': True}
2025-10-02 20:39:39,197 : INFO : EventManager : Event: ======'machine_var_audits_missing_switches_s_left_inlane'====== Args={'value': 51, 'prev_value': None, 'change': True}
2025-10-02 20:39:39,197 : INFO : EventManager : Event: ======'machine_var_audits_missing_switches_s_left_orbit'====== Args={'value': 6, 'prev_value': None, 'change': True}
2025-10-02 20:39:39,197 : INFO : EventManager : Event: ======'machine_var_audits_missing_switches_s_left_outlane'====== Args={'value': 51, 'prev_value': None, 'change': True}
2025-10-02 20:39:39,197 : INFO : EventManager : Event: ======'machine_var_audits_missing_switches_s_left_ramp'====== Args={'value': 6, 'prev_value': None, 'change': True}
2025-10-02 20:39:39,197 : INFO : EventManager : Event: ======'machine_var_audits_missing_switches_s_left_slingshot'====== Args={'value': 166, 'prev_value': None, 'change': True}
2025-10-02 20:39:39,197 : INFO : EventManager : Event: ======'machine_var_audits_missing_switches_s_left_upper_pop'====== Args={'value': 16, 'prev_value': None, 'change': True}
2025-10-02 20:39:39,198 : INFO : EventManager : Event: ======'machine_var_audits_missing_switches_s_pop_standup'====== Args={'value': 10, 'prev_value': None, 'change': True}
2025-10-02 20:39:39,198 : INFO : EventManager : Event: ======'machine_var_audits_missing_switches_s_right_flipper'====== Args={'value': 38, 'prev_value': None, 'change': True}
2025-10-02 20:39:39,198 : INFO : EventManager : Event: ======'machine_var_audits_missing_switches_s_right_inlane'====== Args={'value': 51, 'prev_value': None, 'change': True}
2025-10-02 20:39:39,198 : INFO : EventManager : Event: ======'machine_var_audits_missing_switches_s_right_orbit'====== Args={'value': 6, 'prev_value': None, 'change': True}
2025-10-02 20:39:39,198 : INFO : EventManager : Event: ======'machine_var_audits_missing_switches_s_right_outlane'====== Args={'value': 51, 'prev_value': None, 'change': True}
2025-10-02 20:39:39,198 : INFO : EventManager : Event: ======'machine_var_audits_missing_switches_s_right_ramp'====== Args={'value': 6, 'prev_value': None, 'change': True}
2025-10-02 20:39:39,198 : INFO : EventManager : Event: ======'machine_var_audits_missing_switches_s_right_slingshot'====== Args={'value': 16, 'prev_value': None, 'change': True}
2025-10-02 20:39:39,198 : INFO : EventManager : Event: ======'machine_var_audits_missing_switches_s_spinner'====== Args={'value': 72, 'prev_value': None, 'change': True}
2025-10-02 20:39:39,198 : INFO : EventManager : Event: ======'machine_var_audits_missing_switches_s_start'====== Args={'value': 35, 'prev_value': None, 'change': True}
2025-10-02 20:39:39,199 : INFO : EventManager : Event: ======'machine_var_audits_missing_switches_s_three_bank_bottom'====== Args={'value': 1, 'prev_value': None, 'change': True}
2025-10-02 20:39:39,199 : INFO : EventManager : Event: ======'machine_var_audits_missing_switches_s_three_bank_middle'====== Args={'value': 1, 'prev_value': None, 'change': True}
2025-10-02 20:39:39,199 : INFO : EventManager : Event: ======'machine_var_audits_missing_switches_s_three_bank_standup'====== Args={'value': 5, 'prev_value': None, 'change': True}
2025-10-02 20:39:39,199 : INFO : EventManager : Event: ======'machine_var_audits_missing_switches_s_three_bank_top'====== Args={'value': 1, 'prev_value': None, 'change': True}
2025-10-02 20:39:39,199 : INFO : EventManager : Event: ======'machine_var_audits_missing_switches_s_tilt_bob'====== Args={'value': 174, 'prev_value': None, 'change': True}
2025-10-02 20:39:39,199 : INFO : EventManager : Event: ======'machine_var_audits_missing_switches_s_top_right_flipper'====== Args={'value': 166, 'prev_value': None, 'change': True}
2025-10-02 20:39:39,199 : INFO : EventManager : Event: ======'machine_var_audits_missing_switches_s_trough1'====== Args={'value': 6, 'prev_value': None, 'change': True}
2025-10-02 20:39:39,199 : INFO : EventManager : Event: ======'machine_var_audits_missing_switches_s_trough2'====== Args={'value': 6, 'prev_value': None, 'change': True}
2025-10-02 20:39:39,199 : INFO : EventManager : Event: ======'machine_var_audits_missing_switches_s_trough3'====== Args={'value': 6, 'prev_value': None, 'change': True}
2025-10-02 20:39:39,199 : INFO : EventManager : Event: ======'machine_var_audits_missing_switches_s_trough4'====== Args={'value': 165, 'prev_value': None, 'change': True}
2025-10-02 20:39:39,200 : INFO : EventManager : Event: ======'machine_var_audits_missing_switches_s_trough5'====== Args={'value': 165, 'prev_value': None, 'change': True}
2025-10-02 20:39:39,200 : INFO : EventManager : Event: ======'machine_var_audits_missing_switches_s_trough6'====== Args={'value': 15, 'prev_value': None, 'change': True}
2025-10-02 20:39:39,200 : INFO : EventManager : Event: ======'machine_var_audits_missing_switches_s_trough_jam'====== Args={'value': 166, 'prev_value': None, 'change': True}
2025-10-02 20:39:39,200 : INFO : EventManager : Event: ======'machine_var_audits_missing_switches_s_tshirt_bottom_standup'====== Args={'value': 12, 'prev_value': None, 'change': True}
2025-10-02 20:39:39,200 : INFO : EventManager : Event: ======'machine_var_audits_missing_switches_s_tshirt_top_standup'====== Args={'value': 3, 'prev_value': None, 'change': True}
2025-10-02 20:39:39,200 : INFO : EventManager : Event: ======'machine_var_audits_missing_switches_s_upper_pop_standup'====== Args={'value': 166, 'prev_value': None, 'change': True}
2025-10-02 20:39:39,200 : INFO : EventManager : Event: ======'machine_var_audits_player_score'====== Args={'value': {'average': 16766, 'top': [140190, 55679, 54526, 46225, 25350, 24166, 23278, 22740, 20422, 20201], 'total': 37}, 'prev_value': None, 'change': True}
2025-10-02 20:39:39,200 : INFO : EventManager : Event: ======'machine_var_audits_shots_skill_captive'====== Args={'value': 16, 'prev_value': None, 'change': True}
2025-10-02 20:39:39,201 : INFO : EventManager : Event: ======'machine_var_audits_shots_skill_drop_targets'====== Args={'value': 19, 'prev_value': None, 'change': True}
2025-10-02 20:39:39,201 : INFO : EventManager : Event: ======'machine_var_audits_shots_skill_side_targets'====== Args={'value': 25, 'prev_value': None, 'change': True}
2025-10-02 20:39:39,201 : INFO : EventManager : Event: ======'machine_var_audits_switches_s_captive_ball'====== Args={'value': 161, 'prev_value': None, 'change': True}
2025-10-02 20:39:39,201 : INFO : EventManager : Event: ======'machine_var_audits_switches_s_center_upper_pop'====== Args={'value': 194, 'prev_value': None, 'change': True}
2025-10-02 20:39:39,201 : INFO : EventManager : Event: ======'machine_var_audits_switches_s_inner_orbit'====== Args={'value': 0, 'prev_value': None, 'change': True}
2025-10-02 20:39:39,201 : INFO : EventManager : Event: ======'machine_var_audits_switches_s_left_flipper'====== Args={'value': 1243, 'prev_value': None, 'change': True}
2025-10-02 20:39:39,201 : INFO : EventManager : Event: ======'machine_var_audits_switches_s_left_inlane'====== Args={'value': 109, 'prev_value': None, 'change': True}
2025-10-02 20:39:39,201 : INFO : EventManager : Event: ======'machine_var_audits_switches_s_left_orbit'====== Args={'value': 21, 'prev_value': None, 'change': True}
2025-10-02 20:39:39,201 : INFO : EventManager : Event: ======'machine_var_audits_switches_s_left_outlane'====== Args={'value': 55, 'prev_value': None, 'change': True}
2025-10-02 20:39:39,201 : INFO : EventManager : Event: ======'machine_var_audits_switches_s_left_ramp'====== Args={'value': 32, 'prev_value': None, 'change': True}
2025-10-02 20:39:39,202 : INFO : EventManager : Event: ======'machine_var_audits_switches_s_left_slingshot'====== Args={'value': 259, 'prev_value': None, 'change': True}
2025-10-02 20:39:39,202 : INFO : EventManager : Event: ======'machine_var_audits_switches_s_left_upper_pop'====== Args={'value': 147, 'prev_value': None, 'change': True}
2025-10-02 20:39:39,202 : INFO : EventManager : Event: ======'machine_var_audits_switches_s_plunger'====== Args={'value': 658, 'prev_value': None, 'change': True}
2025-10-02 20:39:39,202 : INFO : EventManager : Event: ======'machine_var_audits_switches_s_pop_standup'====== Args={'value': 65, 'prev_value': None, 'change': True}
2025-10-02 20:39:39,202 : INFO : EventManager : Event: ======'machine_var_audits_switches_s_right_flipper'====== Args={'value': 1515, 'prev_value': None, 'change': True}
2025-10-02 20:39:39,202 : INFO : EventManager : Event: ======'machine_var_audits_switches_s_right_inlane'====== Args={'value': 106, 'prev_value': None, 'change': True}
2025-10-02 20:39:39,202 : INFO : EventManager : Event: ======'machine_var_audits_switches_s_right_lower_pop'====== Args={'value': 446, 'prev_value': None, 'change': True}
2025-10-02 20:39:39,202 : INFO : EventManager : Event: ======'machine_var_audits_switches_s_right_orbit'====== Args={'value': 21, 'prev_value': None, 'change': True}
2025-10-02 20:39:39,202 : INFO : EventManager : Event: ======'machine_var_audits_switches_s_right_outlane'====== Args={'value': 53, 'prev_value': None, 'change': True}
2025-10-02 20:39:39,203 : INFO : EventManager : Event: ======'machine_var_audits_switches_s_right_ramp'====== Args={'value': 35, 'prev_value': None, 'change': True}
2025-10-02 20:39:39,203 : INFO : EventManager : Event: ======'machine_var_audits_switches_s_right_slingshot'====== Args={'value': 366, 'prev_value': None, 'change': True}
2025-10-02 20:39:39,205 : INFO : EventManager : Event: ======'machine_var_audits_switches_s_scoop'====== Args={'value': 165, 'prev_value': None, 'change': True}
2025-10-02 20:39:39,205 : INFO : EventManager : Event: ======'machine_var_audits_switches_s_spinner'====== Args={'value': 1371, 'prev_value': None, 'change': True}
2025-10-02 20:39:39,205 : INFO : EventManager : Event: ======'machine_var_audits_switches_s_start'====== Args={'value': 55, 'prev_value': None, 'change': True}
2025-10-02 20:39:39,205 : INFO : EventManager : Event: ======'machine_var_audits_switches_s_three_bank_bottom'====== Args={'value': 153, 'prev_value': None, 'change': True}
2025-10-02 20:39:39,205 : INFO : EventManager : Event: ======'machine_var_audits_switches_s_three_bank_middle'====== Args={'value': 157, 'prev_value': None, 'change': True}
2025-10-02 20:39:39,205 : INFO : EventManager : Event: ======'machine_var_audits_switches_s_three_bank_standup'====== Args={'value': 112, 'prev_value': None, 'change': True}
2025-10-02 20:39:39,205 : INFO : EventManager : Event: ======'machine_var_audits_switches_s_three_bank_top'====== Args={'value': 150, 'prev_value': None, 'change': True}
2025-10-02 20:39:39,205 : INFO : EventManager : Event: ======'machine_var_audits_switches_s_tilt_bob'====== Args={'value': 21, 'prev_value': None, 'change': True}
2025-10-02 20:39:39,205 : INFO : EventManager : Event: ======'machine_var_audits_switches_s_top_right_flipper'====== Args={'value': 1294, 'prev_value': None, 'change': True}
2025-10-02 20:39:39,206 : INFO : EventManager : Event: ======'machine_var_audits_switches_s_trough1'====== Args={'value': 244, 'prev_value': None, 'change': True}
2025-10-02 20:39:39,206 : INFO : EventManager : Event: ======'machine_var_audits_switches_s_trough2'====== Args={'value': 250, 'prev_value': None, 'change': True}
2025-10-02 20:39:39,206 : INFO : EventManager : Event: ======'machine_var_audits_switches_s_trough3'====== Args={'value': 179, 'prev_value': None, 'change': True}
2025-10-02 20:39:39,206 : INFO : EventManager : Event: ======'machine_var_audits_switches_s_trough4'====== Args={'value': 160, 'prev_value': None, 'change': True}
2025-10-02 20:39:39,206 : INFO : EventManager : Event: ======'machine_var_audits_switches_s_trough5'====== Args={'value': 160, 'prev_value': None, 'change': True}
2025-10-02 20:39:39,206 : INFO : EventManager : Event: ======'machine_var_audits_switches_s_trough6'====== Args={'value': 161, 'prev_value': None, 'change': True}
2025-10-02 20:39:39,206 : INFO : EventManager : Event: ======'machine_var_audits_switches_s_trough_jam'====== Args={'value': 206, 'prev_value': None, 'change': True}
2025-10-02 20:39:39,206 : INFO : EventManager : Event: ======'machine_var_audits_switches_s_tshirt_bottom_standup'====== Args={'value': 31, 'prev_value': None, 'change': True}
2025-10-02 20:39:39,206 : INFO : EventManager : Event: ======'machine_var_audits_switches_s_tshirt_top_standup'====== Args={'value': 56, 'prev_value': None, 'change': True}
2025-10-02 20:39:39,206 : INFO : EventManager : Event: ======'machine_var_audits_switches_s_upper_pop_standup'====== Args={'value': 158, 'prev_value': None, 'change': True}
2025-10-02 20:39:39,207 : INFO : EventManager : Event: ======'init_phase_5'====== Args={}
2025-10-02 20:39:39,221 : INFO : EventManager : Event: ======'init_done'====== Args={}
2025-10-02 20:39:39,222 : INFO : EventManager : Event: ======'machine_reset_phase_1'====== Args={}
2025-10-02 20:39:39,233 : INFO : EventManager : Event: ======'machine_reset_phase_2'====== Args={}
2025-10-02 20:39:39,233 : INFO : EventManager : Event: ======'machine_reset_phase_3'====== Args={}
2025-10-02 20:39:39,233 : INFO : drop_target_bank.three_bank : All targets are already up. Will not reset bank.
2025-10-02 20:39:39,233 : INFO : EventManager : Event: ======'reset_complete'====== Args={}
2025-10-02 20:39:39,233 : INFO : EventManager : Event: ======'mode_attract_will_start'====== Args={}
2025-10-02 20:39:39,234 : INFO : EventManager : Event: ======'mode_attract_starting'====== Args={}
2025-10-02 20:39:39,234 : INFO : Mode.attract : Started. Priority: 10
2025-10-02 20:39:39,234 : INFO : EventManager : Event: ======'modes_active_modes_changed'====== Args={}
2025-10-02 20:39:39,234 : INFO : EventManager : Event: ======'mode_attract_started'====== Args={}
2025-10-02 20:39:39,235 : INFO : EventManager : Event: ======'collecting_balls_complete'====== Args={}
2025-10-02 20:39:39,247 : INFO : Machine : Starting the main run loop with active modes: [<Mode.attract>]
2025-10-02 20:39:39,255 : INFO : EventManager : Event: ======'slide_loading_created'====== Args={'_from_bcp': True}
2025-10-02 20:39:39,255 : INFO : EventManager : Event: ======'slide__removed'====== Args={'_from_bcp': True}
2025-10-02 20:39:39,256 : INFO : EventManager : Event: ======'slide_loading_active'====== Args={'original_context': '_global', 'original_calling_context': 'init_done', 'priority': 0.0, 'cmd': 'slides_play', '_from_bcp': True}
2025-10-02 20:39:39,317 : INFO : EventManager : Event: ======'slide_attract_created'====== Args={'_from_bcp': True}
2025-10-02 20:39:39,317 : INFO : EventManager : Event: ======'slide_loading_inactive'====== Args={'is_removing': True, '_from_bcp': True}
2025-10-02 20:39:39,317 : INFO : EventManager : Event: ======'slide_attract_active'====== Args={'original_context': 'attract', 'original_calling_context': 'mode_attract_started', 'priority': 10.0, 'cmd': 'slides_play', '_from_bcp': True}
2025-10-02 20:39:39,318 : INFO : EventManager : Event: ======'slide_loading_removed'====== Args={'_from_bcp': True}
2025-10-02 20:39:39,642 : INFO : BcpServer : New client connected.
2025-10-02 20:39:42,976 : INFO : SwitchController : <<<<<<< 's_start' active >>>>>>>
2025-10-02 20:39:43,091 : INFO : SwitchController : <<<<<<< 's_start' inactive >>>>>>>
2025-10-02 20:39:43,092 : INFO : EventManager : Event: ======'request_to_start_game'====== Args={}
2025-10-02 20:39:43,092 : INFO : EventManager : Event: ======'game_start'====== Args={'buttons': [], 'hold_time': 0.10900000000003729}
2025-10-02 20:39:43,093 : INFO : EventManager : Event: ======'mode_game_will_start'====== Args={'buttons': [], 'hold_time': 0.10900000000003729}
2025-10-02 20:39:43,093 : INFO : EventManager : Event: ======'mode_game_starting'====== Args={'buttons': [], 'hold_time': 0.10900000000003729}
2025-10-02 20:39:43,093 : INFO : EventManager : Event: ======'mode_attract_will_stop'====== Args={}
2025-10-02 20:39:43,094 : INFO : EventManager : Event: ======'mode_attract_stopping'====== Args={}
2025-10-02 20:39:43,094 : INFO : Mode.attract : Stopped.
2025-10-02 20:39:43,094 : INFO : EventManager : Event: ======'modes_active_modes_changed'====== Args={}
2025-10-02 20:39:43,094 : INFO : EventManager : Event: ======'mode_attract_stopped'====== Args={}
2025-10-02 20:39:43,094 : INFO : EventManager : Event: ======'clear'====== Args={'key': 'attract'}
2025-10-02 20:39:43,094 : INFO : Mode.game : Started. Priority: 20
2025-10-02 20:39:43,095 : INFO : EventManager : Event: ======'modes_active_modes_changed'====== Args={}
2025-10-02 20:39:43,095 : INFO : EventManager : Event: ======'mode_game_started'====== Args={'buttons': [], 'hold_time': 0.10900000000003729}
2025-10-02 20:39:43,101 : INFO : EventManager : Event: ======'game_will_start'====== Args={}
2025-10-02 20:39:43,102 : INFO : EventManager : Event: ======'game_starting'====== Args={'game': <Mode.game>}
2025-10-02 20:39:43,103 : INFO : EventManager : Unordered handler for class <Auditor> on event game_ended with priority 1. Handlers: [RegisteredHandler(callback=<bound method Auditor.disable of <Auditor>>, priority=1, kwargs={}, key=UUID('e0008808-e287-4343-94e3-87b5243f52be'), condition=None, blocking_facility=None), RegisteredHandler(callback=<bound method Auditor._save_audits of <Auditor>>, priority=1, kwargs={}, key=UUID('65f5b49b-d6b5-40cf-9a98-897fe816d8c0'), condition=None, blocking_facility=None)]. The order of those handlers is not defined and they will be executed in random order. This might lead to race conditions and potential bugs.
2025-10-02 20:39:43,104 : INFO : EventManager : Event: ======'player_add_request'====== Args={}
2025-10-02 20:39:43,104 : INFO : EventManager : Event: ======'player_will_add'====== Args={'number': 1}
2025-10-02 20:39:43,105 : INFO : EventManager : Event: ======'player_adding'====== Args={'player': <Player 1>, 'number': 1}
2025-10-02 20:39:43,105 : INFO : EventManager : Event: ======'player_added'====== Args={'player': <Player 1>, 'num': 1}
2025-10-02 20:39:43,105 : INFO : Mode.game : Player added successfully. Total players: 1
2025-10-02 20:39:43,105 : INFO : EventManager : Event: ======'player_index'====== Args={'value': 0, 'prev_value': 0, 'change': 0, 'player_num': 1}
2025-10-02 20:39:43,106 : INFO : EventManager : Event: ======'player_number'====== Args={'value': 1, 'prev_value': 1, 'change': 0, 'player_num': 1}
2025-10-02 20:39:43,106 : INFO : EventManager : Event: ======'player_score'====== Args={'value': 0, 'prev_value': 0, 'change': 0, 'player_num': 1}
2025-10-02 20:39:43,108 : INFO : EventManager : Event: ======'game_started'====== Args={}
2025-10-02 20:39:43,117 : INFO : EventManager : Event: ======'player_turn_will_start'====== Args={'player': <Player 1>, 'number': 1}
2025-10-02 20:39:43,125 : INFO : EventManager : Event: ======'player_turn_starting'====== Args={'player': <Player 1>, 'number': 1}
2025-10-02 20:39:43,126 : INFO : EventManager : Event: ======'player_ball'====== Args={'value': 1, 'prev_value': 0, 'change': 1, 'player_num': 1}
2025-10-02 20:39:43,127 : INFO : EventManager : Event: ======'player_turn_started'====== Args={'player': <Player 1>, 'number': 1}
2025-10-02 20:39:43,128 : INFO : EventManager : Event: ======'ball_will_start'====== Args={'player': 1, 'ball': 1, 'balls_remaining': 2, 'is_extra_ball': False}
2025-10-02 20:39:43,132 : INFO : EventManager : Event: ======'ball_starting'====== Args={'player': 1, 'ball': 1, 'balls_remaining': 2, 'is_extra_ball': False}
2025-10-02 20:39:43,133 : INFO : EventManager : Event: ======'mode_base_will_start'====== Args={'queue': <QueuedEvent>, 'player': 1, 'ball': 1, 'balls_remaining': 2, 'is_extra_ball': False}
2025-10-02 20:39:43,139 : INFO : EventManager : Event: ======'mode_base_starting'====== Args={'queue': <QueuedEvent>, 'player': 1, 'ball': 1, 'balls_remaining': 2, 'is_extra_ball': False}
2025-10-02 20:39:43,139 : INFO : drop_target_bank.three_bank : All targets are already up. Will not reset bank.
2025-10-02 20:39:43,140 : INFO : EventManager : Event: ======'balls_in_play'====== Args={'balls': 1}
2025-10-02 20:39:43,140 : INFO : EventManager : Event: ======'ball_started'====== Args={'player': 1, 'ball': 1, 'balls_remaining': 2, 'is_extra_ball': False}
2025-10-02 20:39:43,141 : INFO : EventManager : Event: ======'logicblock_qualify_chcheckitout_multiball_updated'====== Args={'value': 0, 'enabled': True}
2025-10-02 20:39:43,142 : INFO : EventManager : Event: ======'logicblock_drop_target_bank_counter_updated'====== Args={'value': 0, 'enabled': True}
2025-10-02 20:39:43,142 : INFO : EventManager : Event: ======'logicblock_qualify_chcheckitout_multiball_updated'====== Args={'value': 0, 'enabled': True}
2025-10-02 20:39:43,142 : INFO : EventManager : Event: ======'logicblock_chcheckitout_multiball_ready_updated'====== Args={'value': 0, 'enabled': False}
2025-10-02 20:39:43,142 : INFO : EventManager : Event: ======'logicblock_drop_target_bank_counter_updated'====== Args={'value': 0, 'enabled': True}
2025-10-02 20:39:43,142 : INFO : Mode.base : Started. Priority: 100
2025-10-02 20:39:43,142 : INFO : EventManager : Event: ======'modes_active_modes_changed'====== Args={}
2025-10-02 20:39:43,142 : INFO : EventManager : Event: ======'mode_base_started'====== Args={'queue': <QueuedEvent>, 'player': 1, 'ball': 1, 'balls_remaining': 2, 'is_extra_ball': False}
2025-10-02 20:39:43,143 : INFO : EventManager : Event: ======'mode_skill_shot_will_start'====== Args={'player': 1, 'ball': 1, 'balls_remaining': 2, 'is_extra_ball': False}
2025-10-02 20:39:43,144 : INFO : EventManager : Event: ======'player_shot_skill_side_targets_enabled'====== Args={'value': True, 'prev_value': 0, 'change': 1, 'player_num': 1}
2025-10-02 20:39:43,146 : INFO : EventManager : Event: ======'player_shot_skill_drop_targets_enabled'====== Args={'value': True, 'prev_value': 0, 'change': 1, 'player_num': 1}
2025-10-02 20:39:43,146 : INFO : EventManager : Event: ======'skill_shot_complete'====== Args={'state': 'unlit'}
2025-10-02 20:39:43,146 : INFO : EventManager : Event: ======'skill_shot_unlit_complete'====== Args={}
2025-10-02 20:39:43,148 : INFO : EventManager : Event: ======'player_skill_shot_skill_shot_timeout_tick'====== Args={'value': 0, 'prev_value': 0, 'change': 0, 'player_num': 1}
2025-10-02 20:39:43,150 : INFO : EventManager : Event: ======'mode_skill_shot_starting'====== Args={'player': 1, 'ball': 1, 'balls_remaining': 2, 'is_extra_ball': False}
2025-10-02 20:39:43,150 : INFO : EventManager : Event: ======'logicblock_drop_target_bank_counter_updated'====== Args={'value': 1, 'enabled': True}
2025-10-02 20:39:43,151 : INFO : EventManager : Event: ======'counter_drop_target_bank_counter_hit'====== Args={'count': 1, 'hits': 1, 'remaining': 1}
2025-10-02 20:39:43,151 : INFO : EventManager : Event: ======'logicblock_drop_target_bank_counter_hit'====== Args={'count': 1, 'hits': 1, 'remaining': 1}
2025-10-02 20:39:43,152 : INFO : EventManager : Event: ======'player_drop_target_bank_counter_count'====== Args={'value': 1, 'prev_value': 0, 'change': 1, 'player_num': 1, 'source': 'base'}
2025-10-02 20:39:43,153 : INFO : EventManager : Event: ======'player_drop_target_bank_counter_count'====== Args={'value': 0, 'prev_value': 1, 'change': -1, 'player_num': 1, 'source': 'base'}
2025-10-02 20:39:43,154 : INFO : EventManager : Event: ======'mode_multiball_will_start'====== Args={'queue': <QueuedEvent>, 'player': 1, 'ball': 1, 'balls_remaining': 2, 'is_extra_ball': False}
2025-10-02 20:39:43,155 : INFO : EventManager : Event: ======'mode_multiball_starting'====== Args={'queue': <QueuedEvent>, 'player': 1, 'ball': 1, 'balls_remaining': 2, 'is_extra_ball': False}
2025-10-02 20:39:43,156 : INFO : EventManager : Event: ======'mode_carousel_will_start'====== Args={'queue': <QueuedEvent>, 'player': 1, 'ball': 1, 'balls_remaining': 2, 'is_extra_ball': False}
2025-10-02 20:39:43,156 : INFO : EventManager : Event: ======'mode_carousel_starting'====== Args={'queue': <QueuedEvent>, 'player': 1, 'ball': 1, 'balls_remaining': 2, 'is_extra_ball': False}
2025-10-02 20:39:43,157 : INFO : EventManager : Event: ======'ball_save_default_enabled'====== Args={}
2025-10-02 20:39:43,158 : INFO : Mode.carousel : Started. Priority: 200
2025-10-02 20:39:43,158 : INFO : EventManager : Event: ======'modes_active_modes_changed'====== Args={}
2025-10-02 20:39:43,158 : INFO : EventManager : Event: ======'mode_carousel_started'====== Args={'queue': <QueuedEvent>, 'player': 1, 'ball': 1, 'balls_remaining': 2, 'is_extra_ball': False}
2025-10-02 20:39:43,160 : INFO : EventManager : Event: ======'item_highlighted'====== Args={'carousel': 'carousel', 'direction': None, 'item': 'intergalactic'}
2025-10-02 20:39:43,160 : INFO : Mode.multiball : Started. Priority: 1000
2025-10-02 20:39:43,160 : INFO : EventManager : Event: ======'modes_active_modes_changed'====== Args={}
2025-10-02 20:39:43,160 : INFO : EventManager : Event: ======'mode_multiball_started'====== Args={'queue': <QueuedEvent>, 'player': 1, 'ball': 1, 'balls_remaining': 2, 'is_extra_ball': False}
2025-10-02 20:39:43,161 : INFO : Mode.skill_shot : Started. Priority: 500
2025-10-02 20:39:43,161 : INFO : EventManager : Event: ======'modes_active_modes_changed'====== Args={}
2025-10-02 20:39:43,161 : INFO : EventManager : Event: ======'mode_skill_shot_started'====== Args={'player': 1, 'ball': 1, 'balls_remaining': 2, 'is_extra_ball': False}
2025-10-02 20:39:43,162 : INFO : EventManager : Event: ======'player_shot_skill_side_targets'====== Args={'value': 1, 'prev_value': 0, 'change': 1, 'player_num': 1}
2025-10-02 20:39:43,163 : INFO : EventManager : Event: ======'player_shot_skill_drop_targets'====== Args={'value': 1, 'prev_value': 0, 'change': 1, 'player_num': 1}
2025-10-02 20:39:43,165 : INFO : EventManager : Event: ======'skill_shot_complete'====== Args={'state': 'flashing'}
2025-10-02 20:39:43,165 : INFO : EventManager : Event: ======'skill_shot_flashing_complete'====== Args={}
2025-10-02 20:39:43,166 : INFO : EventManager : Event: ======'single_player_ball_started'====== Args={}
2025-10-02 20:39:43,182 : INFO : EventManager : Event: ======'ball_start_target'====== Args={'target': 'playfield'}
2025-10-02 20:39:43,183 : INFO : ball_device.bd_plunger : Setting up player-controlled eject. Balls: 1, Target: <playfield.playfield>, player_controlled_eject_event: None
2025-10-02 20:39:43,184 : INFO : EventManager : Event: ======'balldevice_balls_available'====== Args={}
2025-10-02 20:39:43,185 : INFO : ball_device.bd_trough : State: waiting_for_target_ready
2025-10-02 20:39:43,185 : INFO : EventManager : Event: ======'balldevice_bd_trough_ball_eject_attempt'====== Args={'balls': 1, 'target': <ball_device.bd_plunger>, 'source': <ball_device.bd_trough>, 'mechanical_eject': True, 'num_attempts': 0}
2025-10-02 20:39:43,186 : INFO : ball_device.bd_plunger : State: waiting_for_ball
2025-10-02 20:39:43,187 : INFO : ball_device.bd_trough : State: ejecting
2025-10-02 20:39:43,187 : INFO : ball_device.bd_trough : Ejecting ball to <ball_device.bd_plunger>
2025-10-02 20:39:43,189 : INFO : EventManager : Event: ======'balldevice_bd_trough_ejecting_ball'====== Args={'balls': 1, 'target': <ball_device.bd_plunger>, 'source': <ball_device.bd_trough>, 'mechanical_eject': True, 'num_attempts': 0}
2025-10-02 20:39:43,190 : INFO : ball_device.bd_trough : Wait for ball to leave device
2025-10-02 20:39:43,191 : INFO : coil.c_trough_eject : Pulsing Driver for 20ms (1.0 pulse_power)
2025-10-02 20:39:43,191 : INFO : SwitchController : <<<<<<< 's_trough1' inactive >>>>>>>
2025-10-02 20:39:43,197 : INFO : EventManager : Event: ======'slide_base_created'====== Args={'_from_bcp': True}
2025-10-02 20:39:43,198 : INFO : EventManager : Event: ======'slide_score_overlay_created'====== Args={'_from_bcp': True}
2025-10-02 20:39:43,198 : INFO : EventManager : Event: ======'slide_attract_inactive'====== Args={'is_removing': True, '_from_bcp': True}
2025-10-02 20:39:43,198 : INFO : EventManager : Event: ======'slide_score_overlay_active'====== Args={'original_context': 'base', 'original_calling_context': 'mode_base_started', 'priority': 100.0, 'queue': '<QueuedEvent>', 'player': 1.0, 'ball': 1.0, 'balls_remaining': 2.0, 'is_extra_ball': False, 'cmd': 'slides_play', '_from_bcp': True}
2025-10-02 20:39:43,199 : INFO : ball_device.bd_trough : State: ball_left
2025-10-02 20:39:43,199 : INFO : ball_device.bd_trough : Ball left
2025-10-02 20:39:43,200 : INFO : ball_device.bd_trough : Wait for confirm with timeout 3.0
2025-10-02 20:39:43,203 : INFO : EventManager : Event: ======'slide_attract_removed'====== Args={'_from_bcp': True}
2025-10-02 20:39:43,212 : INFO : EventManager : Event: ======'slide_current_mode_highlighted_created'====== Args={'_from_bcp': True}
2025-10-02 20:39:43,310 : INFO : SwitchController : <<<<<<< 's_plunger' active >>>>>>>
2025-10-02 20:39:43,311 : INFO : EventManager : Event: ======'machine_var_audits_switches_s_plunger'====== Args={'value': 659, 'prev_value': 658, 'change': 1}
2025-10-02 20:39:43,466 : INFO : EventManager : Event: ======'slide_skillshot_overlay_created'====== Args={'_from_bcp': True}
2025-10-02 20:39:43,829 : INFO : ball_device.bd_plunger : Received ball from <ball_device.bd_trough>
2025-10-02 20:39:43,829 : INFO : EventManager : Event: ======'balldevice_bd_plunger_ball_enter'====== Args={'new_balls': 1, 'unclaimed_balls': 0, 'new_available_balls': 0, 'device': <ball_device.bd_plunger>}
2025-10-02 20:39:43,830 : INFO : EventManager : Event: ======'balldevice_bd_plunger_ball_entered'====== Args={'new_balls': 0, 'device': <ball_device.bd_plunger>}
2025-10-02 20:39:43,830 : INFO : EventManager : Event: ======'balldevice_bd_plunger_ball_count_changed'====== Args={'balls': 1}
2025-10-02 20:39:43,831 : INFO : ball_device.bd_trough : Got eject confirm
2025-10-02 20:39:43,831 : INFO : ball_device.bd_trough : Eject successful
2025-10-02 20:39:43,831 : INFO : EventManager : Event: ======'balldevice_bd_trough_ball_eject_success'====== Args={'balls': 1, 'target': <ball_device.bd_plunger>}
2025-10-02 20:39:43,832 : INFO : EventManager : Event: ======'balldevice_bd_trough_ball_count_changed'====== Args={'balls': 5}
2025-10-02 20:39:43,832 : INFO : ball_device.bd_trough : State: idle
2025-10-02 20:39:43,833 : INFO : ball_device.bd_plunger : State: waiting_for_target_ready
2025-10-02 20:39:43,833 : INFO : EventManager : Event: ======'balldevice_bd_plunger_ball_eject_attempt'====== Args={'balls': 1, 'target': <playfield.playfield>, 'source': <ball_device.bd_plunger>, 'mechanical_eject': True, 'num_attempts': 0}
2025-10-02 20:39:43,834 : INFO : ball_device.bd_plunger : State: ejecting
2025-10-02 20:39:43,834 : INFO : ball_device.bd_plunger : Ejecting ball to <playfield.playfield>
2025-10-02 20:39:43,834 : INFO : EventManager : Event: ======'balldevice_bd_plunger_ejecting_ball'====== Args={'balls': 1, 'target': <playfield.playfield>, 'source': <ball_device.bd_plunger>, 'mechanical_eject': True, 'num_attempts': 0}
2025-10-02 20:39:43,836 : INFO : ball_device.bd_plunger : Wait for ball to leave device
2025-10-02 20:39:43,906 : INFO : SwitchController : <<<<<<< 's_plunger' inactive >>>>>>>
2025-10-02 20:39:43,907 : INFO : EventManager : Event: ======'ball_out'====== Args={}
2025-10-02 20:39:43,907 : INFO : EventManager : Event: ======'ball_save_default_timer_start'====== Args={}
2025-10-02 20:39:43,912 : INFO : ball_device.bd_plunger : State: ball_left
2025-10-02 20:39:43,913 : INFO : ball_device.bd_plunger : Ball left
2025-10-02 20:39:43,913 : INFO : ball_device.bd_plunger : Wait for confirm with timeout 3.0
2025-10-02 20:39:44,591 : INFO : SwitchController : <<<<<<< 's_right_lower_pop' active >>>>>>>
2025-10-02 20:39:44,591 : INFO : EventManager : Event: ======'s_right_lower_pop_active'====== Args={}
2025-10-02 20:39:44,591 : INFO : EventManager : Event: ======'playfield_active'====== Args={'source': 'right_lower_pop'}
2025-10-02 20:39:44,591 : INFO : EventManager : Event: ======'machine_var_audits_switches_s_right_lower_pop'====== Args={'value': 447, 'prev_value': 446, 'change': 1}
2025-10-02 20:39:44,592 : INFO : EventManager : Event: ======'item_highlighted'====== Args={'carousel': 'carousel', 'direction': 'backwards', 'item': 'paulrevere'}
2025-10-02 20:39:44,592 : INFO : EventManager : Event: ======'player_score'====== Args={'value': 1110, 'prev_value': 0, 'change': 1110, 'player_num': 1, 'source': 'base'}
2025-10-02 20:39:44,603 : INFO : ball_device.bd_plunger : Got eject confirm
2025-10-02 20:39:44,603 : INFO : ball_device.bd_plunger : Eject successful
2025-10-02 20:39:44,603 : INFO : EventManager : Event: ======'balldevice_bd_plunger_ball_eject_success'====== Args={'balls': 1, 'target': <playfield.playfield>}
2025-10-02 20:39:44,604 : INFO : EventManager : Event: ======'balldevice_playfield_ball_enter'====== Args={'new_balls': 1, 'unclaimed_balls': 1, 'device': <playfield.playfield>}
2025-10-02 20:39:44,604 : INFO : EventManager : Event: ======'playfield_ball_count_change'====== Args={'balls': 1, 'change': 1}
2025-10-02 20:39:44,605 : INFO : Timer.skill_shot_timeout : Starting Timer.
2025-10-02 20:39:44,605 : INFO : EventManager : Event: ======'timer_skill_shot_timeout_started'====== Args={'ticks': 0, 'ticks_remaining': 3}
2025-10-02 20:39:44,605 : INFO : EventManager : Event: ======'timer_skill_shot_timeout_tick'====== Args={'ticks': 0, 'ticks_remaining': 3}
2025-10-02 20:39:44,605 : INFO : EventManager : Event: ======'balldevice_bd_plunger_ball_count_changed'====== Args={'balls': 0}
2025-10-02 20:39:44,605 : INFO : ball_device.bd_plunger : State: idle
2025-10-02 20:39:44,706 : INFO : SwitchController : <<<<<<< 's_right_lower_pop' inactive >>>>>>>
2025-10-02 20:39:45,625 : INFO : EventManager : Event: ======'player_skill_shot_skill_shot_timeout_tick'====== Args={'value': 1, 'prev_value': 0, 'change': 1, 'player_num': 1}
2025-10-02 20:39:45,626 : INFO : EventManager : Event: ======'timer_skill_shot_timeout_tick'====== Args={'ticks': 1, 'ticks_remaining': 2}
2025-10-02 20:39:46,608 : INFO : EventManager : Event: ======'player_skill_shot_skill_shot_timeout_tick'====== Args={'value': 2, 'prev_value': 1, 'change': 1, 'player_num': 1}
2025-10-02 20:39:46,609 : INFO : EventManager : Event: ======'timer_skill_shot_timeout_tick'====== Args={'ticks': 2, 'ticks_remaining': 1}
2025-10-02 20:39:46,905 : INFO : EventManager : Event: ======'ball_save_default_hurry_up'====== Args={}
2025-10-02 20:39:47,610 : INFO : EventManager : Event: ======'player_skill_shot_skill_shot_timeout_tick'====== Args={'value': 3, 'prev_value': 2, 'change': 1, 'player_num': 1}
2025-10-02 20:39:47,611 : INFO : Timer.skill_shot_timeout : Timer Complete
2025-10-02 20:39:47,611 : INFO : Timer.skill_shot_timeout : Stopping Timer
2025-10-02 20:39:47,611 : INFO : EventManager : Event: ======'timer_skill_shot_timeout_stopped'====== Args={'ticks': 3, 'ticks_remaining': 1}
2025-10-02 20:39:47,611 : INFO : EventManager : Event: ======'timer_skill_shot_timeout_complete'====== Args={'ticks': 3, 'ticks_remaining': 1}
2025-10-02 20:39:47,612 : INFO : state_machine.skill_shot_success : Transitioning from start to failed
2025-10-02 20:39:47,613 : INFO : EventManager : Event: ======'skill_failed'====== Args={}
2025-10-02 20:39:47,613 : INFO : EventManager : Event: ======'mode_skill_shot_will_stop'====== Args={}
2025-10-02 20:39:47,613 : INFO : EventManager : Event: ======'mode_skill_shot_stopping'====== Args={}
2025-10-02 20:39:47,613 : INFO : Mode.skill_shot : Stopped.
2025-10-02 20:39:47,613 : INFO : EventManager : Event: ======'modes_active_modes_changed'====== Args={}
2025-10-02 20:39:47,614 : INFO : EventManager : Event: ======'mode_skill_shot_stopped'====== Args={}
2025-10-02 20:39:47,614 : INFO : EventManager : Event: ======'clear'====== Args={'key': 'skill_shot'}
2025-10-02 20:39:47,614 : INFO : Timer.skill_shot_timeout : Stopping Timer
2025-10-02 20:39:47,614 : INFO : EventManager : Event: ======'timer_skill_shot_timeout_stopped'====== Args={'ticks': 3, 'ticks_remaining': 1}
2025-10-02 20:39:47,630 : INFO : EventManager : Event: ======'slide_skillshot_overlay_removed'====== Args={'_from_bcp': True}
2025-10-02 20:39:48,905 : INFO : EventManager : Event: ======'ball_save_default_grace_period'====== Args={}
2025-10-02 20:39:49,734 : INFO : SwitchController : <<<<<<< 's_three_bank_bottom' active >>>>>>>
2025-10-02 20:39:49,735 : INFO : EventManager : Event: ======'s_three_bank_bottom_active'====== Args={}
2025-10-02 20:39:49,735 : INFO : EventManager : Event: ======'drop_target_bottom_down'====== Args={'device': <drop_target.bottom>}
2025-10-02 20:39:49,735 : INFO : EventManager : Event: ======'drop_target_bank_three_bank_mixed'====== Args={'prev_value': <DropTargetBankState.UP: 'up'>, 'down': 1}
2025-10-02 20:39:49,735 : INFO : EventManager : Event: ======'machine_var_audits_switches_s_three_bank_bottom'====== Args={'value': 154, 'prev_value': 153, 'change': 1}
2025-10-02 20:39:49,736 : INFO : EventManager : Event: ======'player_score'====== Args={'value': 3330, 'prev_value': 1110, 'change': 2220, 'player_num': 1, 'source': 'base'}
2025-10-02 20:39:50,024 : INFO : SwitchController : <<<<<<< 's_three_bank_middle' active >>>>>>>
2025-10-02 20:39:50,024 : INFO : EventManager : Event: ======'s_three_bank_middle_active'====== Args={}
2025-10-02 20:39:50,024 : INFO : EventManager : Event: ======'drop_target_middle_down'====== Args={'device': <drop_target.middle>}
2025-10-02 20:39:50,025 : INFO : EventManager : Event: ======'drop_target_bank_three_bank_mixed'====== Args={'prev_value': <DropTargetBankState.MIXED: 'mixed'>, 'down': 2}
2025-10-02 20:39:50,025 : INFO : EventManager : Event: ======'machine_var_audits_switches_s_three_bank_middle'====== Args={'value': 158, 'prev_value': 157, 'change': 1}
2025-10-02 20:39:50,029 : INFO : EventManager : Event: ======'player_score'====== Args={'value': 5550, 'prev_value': 3330, 'change': 2220, 'player_num': 1, 'source': 'base'}
2025-10-02 20:39:50,235 : INFO : SwitchController : <<<<<<< 's_three_bank_top' active >>>>>>>
2025-10-02 20:39:50,235 : INFO : EventManager : Event: ======'s_three_bank_top_active'====== Args={}
2025-10-02 20:39:50,235 : INFO : EventManager : Event: ======'drop_target_top_down'====== Args={'device': <drop_target.top>}
2025-10-02 20:39:50,236 : INFO : EventManager : Event: ======'drop_target_bank_three_bank_down'====== Args={}
2025-10-02 20:39:50,236 : INFO : EventManager : Event: ======'machine_var_audits_switches_s_three_bank_top'====== Args={'value': 151, 'prev_value': 150, 'change': 1}
2025-10-02 20:39:50,237 : INFO : EventManager : Event: ======'player_score'====== Args={'value': 7770, 'prev_value': 5550, 'change': 2220, 'player_num': 1, 'source': 'base'}
2025-10-02 20:39:50,238 : INFO : EventManager : Event: ======'logicblock_drop_target_bank_counter_updated'====== Args={'value': 2, 'enabled': True}
2025-10-02 20:39:50,238 : INFO : EventManager : Event: ======'counter_drop_target_bank_counter_hit'====== Args={'count': 2, 'hits': 2, 'remaining': 0}
2025-10-02 20:39:50,238 : INFO : EventManager : Event: ======'logicblock_drop_target_bank_counter_hit'====== Args={'count': 2, 'hits': 2, 'remaining': 0}
2025-10-02 20:39:50,238 : INFO : EventManager : Event: ======'chcheckitout_multiball_qualified'====== Args={}
2025-10-02 20:39:50,238 : INFO : EventManager : Event: ======'player_drop_target_bank_counter_count'====== Args={'value': 2, 'prev_value': 0, 'change': 2, 'player_num': 1, 'source': 'base'}
2025-10-02 20:39:50,239 : INFO : EventManager : Event: ======'logicblock_qualify_chcheckitout_multiball_updated'====== Args={'value': 1, 'enabled': True}
2025-10-02 20:39:50,239 : INFO : EventManager : Event: ======'logicblock_qualify_chcheckitout_multiball_hit'====== Args={'step': 1}
2025-10-02 20:39:50,239 : INFO : EventManager : Event: ======'drops_standup_start_multiball'====== Args={}
2025-10-02 20:39:50,239 : INFO : EventManager : Event: ======'logicblock_qualify_chcheckitout_multiball_updated'====== Args={'value': 0, 'enabled': True}
2025-10-02 20:39:50,241 : INFO : EventManager : Event: ======'logicblock_chcheckitout_multiball_ready_updated'====== Args={'value': 0, 'enabled': True}
2025-10-02 20:39:50,901 : INFO : EventManager : Event: ======'ball_save_default_disabled'====== Args={}
2025-10-02 20:39:51,227 : INFO : drop_target_bank.three_bank : 3 targets are down. Will reset those.
2025-10-02 20:39:51,227 : INFO : coil.c_three_bank : Pulsing Driver for 23ms (1.0 pulse_power)
2025-10-02 20:39:51,291 : INFO : SwitchController : <<<<<<< 's_three_bank_bottom' inactive (muted) >>>>>>>
2025-10-02 20:39:51,291 : INFO : SwitchController : <<<<<<< 's_three_bank_middle' inactive (muted) >>>>>>>
2025-10-02 20:39:51,292 : INFO : SwitchController : <<<<<<< 's_three_bank_top' inactive (muted) >>>>>>>
2025-10-02 20:39:51,727 : INFO : EventManager : Event: ======'drop_target_bottom_up'====== Args={'device': <drop_target.bottom>}
2025-10-02 20:39:51,728 : INFO : EventManager : Event: ======'drop_target_middle_up'====== Args={'device': <drop_target.middle>}
2025-10-02 20:39:51,729 : INFO : EventManager : Event: ======'drop_target_top_up'====== Args={'device': <drop_target.top>}
2025-10-02 20:39:51,729 : INFO : EventManager : Event: ======'drop_target_bank_three_bank_up'====== Args={}
2025-10-02 20:39:51,951 : INFO : SwitchController : <<<<<<< 's_three_bank_standup' active >>>>>>>
2025-10-02 20:39:51,951 : INFO : EventManager : Event: ======'s_three_bank_standup_active'====== Args={}
2025-10-02 20:39:51,952 : INFO : EventManager : Event: ======'machine_var_audits_switches_s_three_bank_standup'====== Args={'value': 113, 'prev_value': 112, 'change': 1}
2025-10-02 20:39:51,953 : INFO : EventManager : Event: ======'three_bank_standup_hit'====== Args={'elapsed': 0}
2025-10-02 20:39:51,953 : INFO : EventManager : Event: ======'player_score'====== Args={'value': 27780, 'prev_value': 7770, 'change': 20010, 'player_num': 1, 'source': 'base'}
2025-10-02 20:39:51,954 : INFO : EventManager : Event: ======'logicblock_chcheckitout_multiball_ready_updated'====== Args={'value': 1, 'enabled': True}
2025-10-02 20:39:51,954 : INFO : EventManager : Event: ======'logicblock_chcheckitout_multiball_ready_hit'====== Args={'step': 1}
2025-10-02 20:39:51,954 : INFO : EventManager : Event: ======'chcheckitout_start_multiball'====== Args={}
2025-10-02 20:39:51,954 : INFO : EventManager : Event: ======'logicblock_chcheckitout_multiball_ready_updated'====== Args={'value': 0, 'enabled': True}
2025-10-02 20:39:51,955 : INFO : EventManager : Event: ======'balls_in_play'====== Args={'balls': 3}
2025-10-02 20:39:51,955 : INFO : ball_device.bd_plunger : Adding 2 ball(s) to the eject_queue with target <playfield.playfield>.
2025-10-02 20:39:51,956 : INFO : EventManager : Event: ======'balldevice_balls_available'====== Args={}
2025-10-02 20:39:51,956 : INFO : EventManager : Event: ======'balldevice_balls_available'====== Args={}
2025-10-02 20:39:51,956 : INFO : EventManager : Event: ======'ball_save_chcheckitout_timer_start'====== Args={}
2025-10-02 20:39:51,957 : INFO : EventManager : Event: ======'multiball_chcheckitout_started'====== Args={'balls': 3}
2025-10-02 20:39:51,957 : INFO : EventManager : Event: ======'mode_carousel_will_stop'====== Args={}
2025-10-02 20:39:51,957 : INFO : EventManager : Event: ======'mode_carousel_stopping'====== Args={}
2025-10-02 20:39:51,957 : INFO : EventManager : Event: ======'logicblock_drop_target_bank_counter_updated'====== Args={'value': 2, 'enabled': False}
2025-10-02 20:39:51,958 : INFO : Mode.carousel : Stopped.
2025-10-02 20:39:51,958 : INFO : EventManager : Event: ======'modes_active_modes_changed'====== Args={}
2025-10-02 20:39:51,958 : INFO : EventManager : Event: ======'mode_carousel_stopped'====== Args={}
2025-10-02 20:39:51,958 : INFO : EventManager : Event: ======'clear'====== Args={'key': 'carousel'}
2025-10-02 20:39:51,979 : INFO : EventManager : Event: ======'slide_current_mode_highlighted_removed'====== Args={'_from_bcp': True}
2025-10-02 20:39:51,980 : INFO : EventManager : Event: ======'slide_base_removed'====== Args={'_from_bcp': True}
2025-10-02 20:39:51,982 : INFO : ball_device.bd_trough : State: waiting_for_target_ready
2025-10-02 20:39:51,982 : INFO : EventManager : Event: ======'balldevice_bd_trough_ball_eject_attempt'====== Args={'balls': 1, 'target': <ball_device.bd_plunger>, 'source': <ball_device.bd_trough>, 'mechanical_eject': False, 'num_attempts': 0}
2025-10-02 20:39:51,983 : INFO : ball_device.bd_plunger : State: waiting_for_ball
2025-10-02 20:39:51,984 : INFO : ball_device.bd_trough : State: ejecting
2025-10-02 20:39:51,984 : INFO : ball_device.bd_trough : Ejecting ball to <ball_device.bd_plunger>
2025-10-02 20:39:51,985 : INFO : EventManager : Event: ======'balldevice_bd_trough_ejecting_ball'====== Args={'balls': 1, 'target': <ball_device.bd_plunger>, 'source': <ball_device.bd_trough>, 'mechanical_eject': False, 'num_attempts': 0}
2025-10-02 20:39:51,985 : INFO : ball_device.bd_trough : Wait for ball to leave device
2025-10-02 20:39:51,986 : INFO : coil.c_trough_eject : Pulsing Driver for 20ms (1.0 pulse_power)
2025-10-02 20:39:51,986 : INFO : SwitchController : <<<<<<< 's_trough2' inactive >>>>>>>
2025-10-02 20:39:51,991 : INFO : ball_device.bd_trough : State: ball_left
2025-10-02 20:39:51,991 : INFO : ball_device.bd_trough : Ball left
2025-10-02 20:39:51,991 : INFO : ball_device.bd_trough : Wait for confirm with timeout 3.0
2025-10-02 20:39:52,014 : INFO : EventManager : Event: ======'slide_multiball_created'====== Args={'_from_bcp': True}
2025-10-02 20:39:52,038 : INFO : SwitchController : <<<<<<< 's_three_bank_standup' inactive >>>>>>>
2025-10-02 20:39:52,071 : INFO : SwitchController : <<<<<<< 's_plunger' active >>>>>>>
2025-10-02 20:39:52,071 : INFO : EventManager : Event: ======'machine_var_audits_switches_s_plunger'====== Args={'value': 660, 'prev_value': 659, 'change': 1}
2025-10-02 20:39:52,573 : INFO : ball_device.bd_plunger : Received ball from <ball_device.bd_trough>
2025-10-02 20:39:52,573 : INFO : EventManager : Event: ======'balldevice_bd_plunger_ball_enter'====== Args={'new_balls': 1, 'unclaimed_balls': 0, 'new_available_balls': 0, 'device': <ball_device.bd_plunger>}
2025-10-02 20:39:52,574 : INFO : EventManager : Event: ======'balldevice_bd_plunger_ball_entered'====== Args={'new_balls': 0, 'device': <ball_device.bd_plunger>}
2025-10-02 20:39:52,575 : INFO : EventManager : Event: ======'balldevice_bd_plunger_ball_count_changed'====== Args={'balls': 1}
2025-10-02 20:39:52,575 : INFO : ball_device.bd_trough : Got eject confirm
2025-10-02 20:39:52,575 : INFO : ball_device.bd_trough : Eject successful
2025-10-02 20:39:52,575 : INFO : EventManager : Event: ======'balldevice_bd_trough_ball_eject_success'====== Args={'balls': 1, 'target': <ball_device.bd_plunger>}
2025-10-02 20:39:52,576 : INFO : EventManager : Event: ======'balldevice_bd_trough_ball_count_changed'====== Args={'balls': 4}
2025-10-02 20:39:52,576 : INFO : ball_device.bd_trough : State: idle
2025-10-02 20:39:52,577 : INFO : ball_device.bd_plunger : State: waiting_for_target_ready
2025-10-02 20:39:52,577 : INFO : EventManager : Event: ======'balldevice_bd_plunger_ball_eject_attempt'====== Args={'balls': 1, 'target': <playfield.playfield>, 'source': <ball_device.bd_plunger>, 'mechanical_eject': False, 'num_attempts': 0}
2025-10-02 20:39:52,578 : INFO : ball_device.bd_plunger : State: ejecting
2025-10-02 20:39:52,578 : INFO : ball_device.bd_plunger : Ejecting ball to <playfield.playfield>
2025-10-02 20:39:52,578 : INFO : EventManager : Event: ======'balldevice_bd_plunger_ejecting_ball'====== Args={'balls': 1, 'target': <playfield.playfield>, 'source': <ball_device.bd_plunger>, 'mechanical_eject': False, 'num_attempts': 0}
2025-10-02 20:39:52,579 : INFO : ball_device.bd_trough : State: waiting_for_target_ready
2025-10-02 20:39:52,580 : INFO : EventManager : Event: ======'balldevice_bd_trough_ball_eject_attempt'====== Args={'balls': 1, 'target': <ball_device.bd_plunger>, 'source': <ball_device.bd_trough>, 'mechanical_eject': False, 'num_attempts': 0}
2025-10-02 20:39:52,581 : INFO : ball_device.bd_plunger : Wait for ball to leave device
2025-10-02 20:39:52,581 : INFO : coil.c_plunger : Pulsing Driver for 20ms (1.0 pulse_power)
2025-10-02 20:39:52,581 : INFO : SwitchController : <<<<<<< 's_plunger' inactive >>>>>>>
2025-10-02 20:39:52,581 : INFO : EventManager : Event: ======'ball_out'====== Args={}
2025-10-02 20:39:52,586 : INFO : ball_device.bd_plunger : State: ball_left
2025-10-02 20:39:52,587 : INFO : ball_device.bd_plunger : Ball left
2025-10-02 20:39:52,587 : INFO : ball_device.bd_plunger : Wait for confirm with timeout 3.0
2025-10-02 20:39:55,604 : INFO : ball_device.bd_plunger : State: failed_confirm
2025-10-02 20:39:55,604 : INFO : ball_device.bd_plunger : Got timeout (3.0s) before confirm from <playfield.playfield>
2025-10-02 20:39:55,699 : INFO : ball_device.bd_plunger : Confirming eject because target is playfield and ball did not return.
2025-10-02 20:39:55,699 : INFO : ball_device.bd_plunger : Eject successful
2025-10-02 20:39:55,699 : INFO : EventManager : Event: ======'balldevice_bd_plunger_ball_eject_success'====== Args={'balls': 1, 'target': <playfield.playfield>}
2025-10-02 20:39:55,702 : INFO : EventManager : Event: ======'balldevice_playfield_ball_enter'====== Args={'new_balls': 1, 'unclaimed_balls': 1, 'device': <playfield.playfield>}
2025-10-02 20:39:55,702 : INFO : EventManager : Event: ======'playfield_ball_count_change'====== Args={'balls': 2, 'change': 1}
2025-10-02 20:39:55,704 : INFO : EventManager : Event: ======'balldevice_bd_plunger_ball_count_changed'====== Args={'balls': 0}
2025-10-02 20:39:55,705 : INFO : ball_device.bd_plunger : State: idle
2025-10-02 20:39:55,707 : INFO : ball_device.bd_trough : State: ejecting
2025-10-02 20:39:55,707 : INFO : ball_device.bd_trough : Ejecting ball to <ball_device.bd_plunger>
2025-10-02 20:39:55,707 : INFO : EventManager : Event: ======'balldevice_bd_trough_ejecting_ball'====== Args={'balls': 1, 'target': <ball_device.bd_plunger>, 'source': <ball_device.bd_trough>, 'mechanical_eject': False, 'num_attempts': 0}
2025-10-02 20:39:55,709 : INFO : ball_device.bd_trough : Wait for ball to leave device
2025-10-02 20:39:55,709 : INFO : coil.c_trough_eject : Pulsing Driver for 20ms (1.0 pulse_power)
2025-10-02 20:39:55,710 : INFO : SwitchController : <<<<<<< 's_trough3' inactive >>>>>>>
2025-10-02 20:39:55,711 : INFO : ball_device.bd_plunger : State: waiting_for_ball
2025-10-02 20:39:55,718 : INFO : ball_device.bd_trough : State: ball_left
2025-10-02 20:39:55,720 : INFO : ball_device.bd_trough : Ball left
2025-10-02 20:39:55,720 : INFO : ball_device.bd_trough : Wait for confirm with timeout 3.0
2025-10-02 20:39:55,806 : INFO : SwitchController : <<<<<<< 's_plunger' active >>>>>>>
2025-10-02 20:39:55,806 : INFO : EventManager : Event: ======'machine_var_audits_switches_s_plunger'====== Args={'value': 661, 'prev_value': 660, 'change': 1}
2025-10-02 20:39:56,305 : INFO : ball_device.bd_plunger : Received ball from <ball_device.bd_trough>
2025-10-02 20:39:56,305 : INFO : EventManager : Event: ======'balldevice_bd_plunger_ball_enter'====== Args={'new_balls': 1, 'unclaimed_balls': 0, 'new_available_balls': 0, 'device': <ball_device.bd_plunger>}
2025-10-02 20:39:56,306 : INFO : EventManager : Event: ======'balldevice_bd_plunger_ball_entered'====== Args={'new_balls': 0, 'device': <ball_device.bd_plunger>}
2025-10-02 20:39:56,307 : INFO : EventManager : Event: ======'balldevice_bd_plunger_ball_count_changed'====== Args={'balls': 1}
2025-10-02 20:39:56,307 : INFO : ball_device.bd_trough : Got eject confirm
2025-10-02 20:39:56,307 : INFO : ball_device.bd_trough : Eject successful
2025-10-02 20:39:56,307 : INFO : EventManager : Event: ======'balldevice_bd_trough_ball_eject_success'====== Args={'balls': 1, 'target': <ball_device.bd_plunger>}
2025-10-02 20:39:56,309 : INFO : EventManager : Event: ======'balldevice_bd_trough_ball_count_changed'====== Args={'balls': 3}
2025-10-02 20:39:56,309 : INFO : ball_device.bd_trough : State: idle
2025-10-02 20:39:56,310 : INFO : ball_device.bd_plunger : State: waiting_for_target_ready
2025-10-02 20:39:56,310 : INFO : EventManager : Event: ======'balldevice_bd_plunger_ball_eject_attempt'====== Args={'balls': 1, 'target': <playfield.playfield>, 'source': <ball_device.bd_plunger>, 'mechanical_eject': False, 'num_attempts': 0}
2025-10-02 20:39:56,311 : INFO : ball_device.bd_plunger : State: ejecting
2025-10-02 20:39:56,311 : INFO : ball_device.bd_plunger : Ejecting ball to <playfield.playfield>
2025-10-02 20:39:56,312 : INFO : EventManager : Event: ======'balldevice_bd_plunger_ejecting_ball'====== Args={'balls': 1, 'target': <playfield.playfield>, 'source': <ball_device.bd_plunger>, 'mechanical_eject': False, 'num_attempts': 0}
2025-10-02 20:39:56,313 : INFO : ball_device.bd_plunger : Wait for ball to leave device
2025-10-02 20:39:56,313 : INFO : coil.c_plunger : Pulsing Driver for 20ms (1.0 pulse_power)
2025-10-02 20:39:56,314 : INFO : SwitchController : <<<<<<< 's_plunger' inactive >>>>>>>
2025-10-02 20:39:56,314 : INFO : EventManager : Event: ======'ball_out'====== Args={}
2025-10-02 20:39:56,319 : INFO : ball_device.bd_plunger : State: ball_left
2025-10-02 20:39:56,320 : INFO : ball_device.bd_plunger : Ball left
2025-10-02 20:39:56,320 : INFO : ball_device.bd_plunger : Wait for confirm with timeout 3.0
2025-10-02 20:39:59,324 : INFO : ball_device.bd_plunger : State: failed_confirm
2025-10-02 20:39:59,325 : INFO : ball_device.bd_plunger : Got timeout (3.0s) before confirm from <playfield.playfield>
2025-10-02 20:39:59,417 : INFO : ball_device.bd_plunger : Confirming eject because target is playfield and ball did not return.
2025-10-02 20:39:59,417 : INFO : ball_device.bd_plunger : Eject successful
2025-10-02 20:39:59,417 : INFO : EventManager : Event: ======'balldevice_bd_plunger_ball_eject_success'====== Args={'balls': 1, 'target': <playfield.playfield>}
2025-10-02 20:39:59,418 : INFO : EventManager : Event: ======'balldevice_playfield_ball_enter'====== Args={'new_balls': 1, 'unclaimed_balls': 1, 'device': <playfield.playfield>}
2025-10-02 20:39:59,419 : INFO : EventManager : Event: ======'playfield_ball_count_change'====== Args={'balls': 3, 'change': 1}
2025-10-02 20:39:59,419 : INFO : EventManager : Event: ======'balldevice_bd_plunger_ball_count_changed'====== Args={'balls': 0}
2025-10-02 20:39:59,419 : INFO : ball_device.bd_plunger : State: idle
2025-10-02 20:40:01,979 : INFO : EventManager : Event: ======'multiball_chcheckitout_shoot_again_ended'====== Args={}
2025-10-02 20:40:22,210 : INFO : SwitchController : <<<<<<< 's_trough3' active >>>>>>>
2025-10-02 20:40:22,210 : INFO : EventManager : Event: ======'machine_var_audits_switches_s_trough3'====== Args={'value': 180, 'prev_value': 179, 'change': 1}
2025-10-02 20:40:22,717 : INFO : EventManager : Event: ======'balldevice_bd_trough_ball_count_changed'====== Args={'balls': 4}
2025-10-02 20:40:22,717 : INFO : ball_device.bd_trough : Received unexpected ball
2025-10-02 20:40:22,717 : INFO : EventManager : Event: ======'balldevice_captured_from_playfield'====== Args={'balls': 1}
2025-10-02 20:40:22,719 : INFO : EventManager : Event: ======'sw_playfield_active'====== Args={'balls': 1}
2025-10-02 20:40:22,719 : INFO : EventManager : Event: ======'playfield_ball_count_change'====== Args={'balls': 2, 'change': -1}
2025-10-02 20:40:22,719 : INFO : EventManager : Event: ======'balldevice_bd_trough_ball_enter'====== Args={'new_balls': 1, 'unclaimed_balls': 1, 'new_available_balls': 1, 'device': <ball_device.bd_trough>}
2025-10-02 20:40:22,720 : INFO : EventManager : Event: ======'ball_drain'====== Args={'device': <ball_device.bd_trough>, 'balls': 1}
2025-10-02 20:40:22,720 : INFO : EventManager : Event: ======'balls_in_play'====== Args={'balls': 2}
2025-10-02 20:40:22,720 : INFO : EventManager : Event: ======'multiball_chcheckitout_ball_lost'====== Args={}
2025-10-02 20:40:22,721 : INFO : EventManager : Event: ======'balldevice_balls_available'====== Args={}
2025-10-02 20:40:22,721 : INFO : EventManager : Event: ======'balldevice_bd_trough_ball_entered'====== Args={'new_balls': 1, 'device': <ball_device.bd_trough>}
2025-10-02 20:40:23,941 : INFO : SwitchController : <<<<<<< 's_trough2' active >>>>>>>
2025-10-02 20:40:23,941 : INFO : EventManager : Event: ======'machine_var_audits_switches_s_trough2'====== Args={'value': 251, 'prev_value': 250, 'change': 1}
2025-10-02 20:40:24,452 : INFO : EventManager : Event: ======'balldevice_bd_trough_ball_count_changed'====== Args={'balls': 5}
2025-10-02 20:40:24,452 : INFO : ball_device.bd_trough : Received unexpected ball
2025-10-02 20:40:24,452 : INFO : EventManager : Event: ======'balldevice_captured_from_playfield'====== Args={'balls': 1}
2025-10-02 20:40:24,453 : INFO : EventManager : Event: ======'sw_playfield_active'====== Args={'balls': 1}
2025-10-02 20:40:24,453 : INFO : EventManager : Event: ======'playfield_ball_count_change'====== Args={'balls': 1, 'change': -1}
2025-10-02 20:40:24,454 : INFO : EventManager : Event: ======'balldevice_bd_trough_ball_enter'====== Args={'new_balls': 1, 'unclaimed_balls': 1, 'new_available_balls': 1, 'device': <ball_device.bd_trough>}
2025-10-02 20:40:24,455 : INFO : EventManager : Event: ======'ball_drain'====== Args={'device': <ball_device.bd_trough>, 'balls': 1}
2025-10-02 20:40:24,456 : INFO : EventManager : Event: ======'balls_in_play'====== Args={'balls': 1}
2025-10-02 20:40:24,456 : INFO : EventManager : Event: ======'multiball_chcheckitout_ball_lost'====== Args={}
2025-10-02 20:40:24,456 : INFO : EventManager : Event: ======'multiball_chcheckitout_ended'====== Args={}
2025-10-02 20:40:24,457 : INFO : EventManager : Event: ======'mode_carousel_will_start'====== Args={}
2025-10-02 20:40:24,458 : INFO : EventManager : Event: ======'mode_carousel_starting'====== Args={}
2025-10-02 20:40:24,459 : INFO : EventManager : Event: ======'logicblock_drop_target_bank_counter_updated'====== Args={'value': 0, 'enabled': False}
2025-10-02 20:40:24,459 : INFO : EventManager : Event: ======'logicblock_drop_target_bank_counter_updated'====== Args={'value': 0, 'enabled': True}
2025-10-02 20:40:24,459 : INFO : EventManager : Event: ======'reset_drop_target_bank_counter'====== Args={'priority': 0}
2025-10-02 20:40:24,459 : INFO : EventManager : Event: ======'player_drop_target_bank_counter_count'====== Args={'value': 0, 'prev_value': 2, 'change': -2, 'player_num': 1, 'source': 'base'}
2025-10-02 20:40:24,461 : INFO : EventManager : Event: ======'logicblock_drop_target_bank_counter_updated'====== Args={'value': 0, 'enabled': True}
2025-10-02 20:40:24,461 : INFO : Mode.carousel : Started. Priority: 200
2025-10-02 20:40:24,461 : INFO : EventManager : Event: ======'modes_active_modes_changed'====== Args={}
2025-10-02 20:40:24,461 : INFO : EventManager : Event: ======'mode_carousel_started'====== Args={}
2025-10-02 20:40:24,461 : INFO : EventManager : Event: ======'item_highlighted'====== Args={'carousel': 'carousel', 'direction': None, 'item': 'intergalactic'}
2025-10-02 20:40:24,463 : INFO : EventManager : Event: ======'balldevice_balls_available'====== Args={}
2025-10-02 20:40:24,464 : INFO : EventManager : Event: ======'balldevice_bd_trough_ball_entered'====== Args={'new_balls': 1, 'device': <ball_device.bd_trough>}
2025-10-02 20:40:24,478 : INFO : EventManager : Event: ======'slide_multiball_removed'====== Args={'_from_bcp': True}
2025-10-02 20:40:24,481 : INFO : EventManager : Event: ======'slide_base_created'====== Args={'_from_bcp': True}
2025-10-02 20:40:24,482 : INFO : EventManager : Event: ======'slide_current_mode_highlighted_created'====== Args={'_from_bcp': True}
2025-10-02 20:40:28,703 : INFO : SwitchController : <<<<<<< 's_right_lower_pop' active >>>>>>>
2025-10-02 20:40:28,703 : INFO : EventManager : Event: ======'s_right_lower_pop_active'====== Args={}
2025-10-02 20:40:28,704 : INFO : EventManager : Event: ======'machine_var_audits_switches_s_right_lower_pop'====== Args={'value': 448, 'prev_value': 447, 'change': 1}
2025-10-02 20:40:28,705 : INFO : EventManager : Event: ======'item_highlighted'====== Args={'carousel': 'carousel', 'direction': 'backwards', 'item': 'paulrevere'}
2025-10-02 20:40:28,705 : INFO : EventManager : Event: ======'player_score'====== Args={'value': 28890, 'prev_value': 27780, 'change': 1110, 'player_num': 1, 'source': 'base'}
2025-10-02 20:40:28,787 : INFO : SwitchController : <<<<<<< 's_right_lower_pop' inactive >>>>>>>
2025-10-02 20:40:30,935 : INFO : SwitchController : <<<<<<< 's_scoop' active >>>>>>>
2025-10-02 20:40:30,935 : INFO : EventManager : Event: ======'s_scoop_active'====== Args={}
2025-10-02 20:40:30,935 : INFO : EventManager : Event: ======'machine_var_audits_switches_s_scoop'====== Args={'value': 166, 'prev_value': 165, 'change': 1}
2025-10-02 20:40:30,936 : INFO : EventManager : Event: ======'scoop_hit'====== Args={'elapsed': 0}
2025-10-02 20:40:30,937 : INFO : EventManager : Event: ======'carousel_paulrevere_selected'====== Args={}
2025-10-02 20:40:30,937 : INFO : EventManager : Event: ======'carousel_item_selected'====== Args={}
2025-10-02 20:40:30,937 : INFO : EventManager : Event: ======'player_score'====== Args={'value': 31200, 'prev_value': 28890, 'change': 2310, 'player_num': 1, 'source': 'base'}
2025-10-02 20:40:30,937 : INFO : EventManager : Event: ======'mode_paulrevere_will_start'====== Args={}
2025-10-02 20:40:30,938 : INFO : EventManager : Event: ======'player_paulrevere_paulrevere_intro_show_tick'====== Args={'value': 0, 'prev_value': 0, 'change': 0, 'player_num': 1}
2025-10-02 20:40:30,941 : INFO : EventManager : Event: ======'mode_paulrevere_starting'====== Args={}
2025-10-02 20:40:30,941 : INFO : EventManager : Event: ======'player_selected_mode'====== Args={'value': 'Paul Revere', 'prev_value': 0, 'change': True, 'player_num': 1, 'source': 'carousel'}
2025-10-02 20:40:30,941 : INFO : EventManager : Event: ======'mode_carousel_will_stop'====== Args={}
2025-10-02 20:40:30,941 : INFO : EventManager : Event: ======'mode_carousel_stopping'====== Args={}
2025-10-02 20:40:30,942 : INFO : Mode.carousel : Stopped.
2025-10-02 20:40:30,942 : INFO : EventManager : Event: ======'modes_active_modes_changed'====== Args={}
2025-10-02 20:40:30,943 : INFO : EventManager : Event: ======'mode_carousel_stopped'====== Args={}
2025-10-02 20:40:30,943 : INFO : EventManager : Event: ======'clear'====== Args={'key': 'carousel'}
2025-10-02 20:40:30,969 : INFO : EventManager : Event: ======'logicblock_paulrevere_shot_1_updated'====== Args={'value': 0, 'enabled': True}
2025-10-02 20:40:30,969 : INFO : EventManager : Event: ======'logicblock_paulrevere_shot_1_updated'====== Args={'value': 0, 'enabled': True}
2025-10-02 20:40:30,969 : INFO : EventManager : Event: ======'logicblock_paulrevere_shot_2_updated'====== Args={'value': 0, 'enabled': False}
2025-10-02 20:40:30,969 : INFO : EventManager : Event: ======'logicblock_paulrevere_shot_3_updated'====== Args={'value': 0, 'enabled': False}
2025-10-02 20:40:30,970 : INFO : EventManager : Event: ======'logicblock_paulrevere_shot_4_updated'====== Args={'value': 0, 'enabled': False}
2025-10-02 20:40:30,970 : INFO : EventManager : Event: ======'logicblock_paulrevere_shot_5_updated'====== Args={'value': 0, 'enabled': False}
2025-10-02 20:40:30,970 : INFO : EventManager : Event: ======'logicblock_paulrevere_shot_6_updated'====== Args={'value': 0, 'enabled': False}
2025-10-02 20:40:30,970 : INFO : Mode.paulrevere : Started. Priority: 1000
2025-10-02 20:40:30,970 : INFO : EventManager : Event: ======'modes_active_modes_changed'====== Args={}
2025-10-02 20:40:30,970 : INFO : EventManager : Event: ======'mode_paulrevere_started'====== Args={}
2025-10-02 20:40:30,971 : INFO : Timer.paulrevere_intro_show : Starting Timer.
2025-10-02 20:40:30,971 : INFO : EventManager : Event: ======'timer_paulrevere_intro_show_started'====== Args={'ticks': 0, 'ticks_remaining': 7}
2025-10-02 20:40:30,971 : INFO : EventManager : Event: ======'timer_paulrevere_intro_show_tick'====== Args={'ticks': 0, 'ticks_remaining': 7}
2025-10-02 20:40:30,971 : INFO : EventManager : Event: ======'player_paulrevere_intro_show_variable_times_100'====== Args={'value': 0, 'prev_value': 0, 'change': 0, 'player_num': 1, 'source': 'paulrevere'}
2025-10-02 20:40:30,972 : INFO : EventManager : Event: ======'slide_current_mode_highlighted_removed'====== Args={'_from_bcp': True}
2025-10-02 20:40:30,988 : INFO : EventManager : Event: ======'slide_base_removed'====== Args={'_from_bcp': True}
2025-10-02 20:40:30,991 : INFO : EventManager : Event: ======'slide_paulrevere_created'====== Args={'_from_bcp': True}
2025-10-02 20:40:31,432 : INFO : EventManager : Event: ======'balldevice_bd_scoop_ball_count_changed'====== Args={'balls': 1}
2025-10-02 20:40:31,432 : INFO : ball_device.bd_scoop : Received unexpected ball
2025-10-02 20:40:31,432 : INFO : EventManager : Event: ======'balldevice_captured_from_playfield'====== Args={'balls': 1}
2025-10-02 20:40:31,433 : INFO : EventManager : Event: ======'sw_playfield_active'====== Args={'balls': 1}
2025-10-02 20:40:31,433 : INFO : EventManager : Event: ======'playfield_ball_count_change'====== Args={'balls': 0, 'change': -1}
2025-10-02 20:40:31,434 : INFO : EventManager : Event: ======'balldevice_bd_scoop_ball_enter'====== Args={'new_balls': 1, 'unclaimed_balls': 1, 'new_available_balls': 1, 'device': <ball_device.bd_scoop>}
2025-10-02 20:40:31,435 : INFO : EventManager : Event: ======'ball_hold_paulrevere_scoop_hold_held_ball'====== Args={'balls_held': 1, 'total_balls_held': 1}
2025-10-02 20:40:31,435 : INFO : EventManager : Event: ======'ball_hold_paulrevere_scoop_hold_full'====== Args={'balls': 1}
2025-10-02 20:40:31,436 : INFO : EventManager : Event: ======'balldevice_balls_available'====== Args={}
2025-10-02 20:40:31,436 : INFO : EventManager : Event: ======'balldevice_bd_scoop_ball_entered'====== Args={'new_balls': 1, 'device': <ball_device.bd_scoop>}
2025-10-02 20:40:31,993 : INFO : EventManager : Event: ======'player_paulrevere_paulrevere_intro_show_tick'====== Args={'value': 1, 'prev_value': 0, 'change': 1, 'player_num': 1}
2025-10-02 20:40:31,994 : INFO : EventManager : Event: ======'timer_paulrevere_intro_show_tick'====== Args={'ticks': 1, 'ticks_remaining': 6}
2025-10-02 20:40:31,995 : INFO : EventManager : Event: ======'player_paulrevere_intro_show_variable_times_100'====== Args={'value': 100, 'prev_value': 0, 'change': 100, 'player_num': 1, 'source': 'paulrevere'}
2025-10-02 20:40:32,997 : INFO : EventManager : Event: ======'player_paulrevere_paulrevere_intro_show_tick'====== Args={'value': 2, 'prev_value': 1, 'change': 1, 'player_num': 1}
2025-10-02 20:40:32,998 : INFO : EventManager : Event: ======'timer_paulrevere_intro_show_tick'====== Args={'ticks': 2, 'ticks_remaining': 5}
2025-10-02 20:40:32,999 : INFO : EventManager : Event: ======'player_paulrevere_intro_show_variable_times_100'====== Args={'value': 200, 'prev_value': 100, 'change': 100, 'player_num': 1, 'source': 'paulrevere'}
2025-10-02 20:40:33,984 : INFO : EventManager : Event: ======'player_paulrevere_paulrevere_intro_show_tick'====== Args={'value': 3, 'prev_value': 2, 'change': 1, 'player_num': 1}
2025-10-02 20:40:33,985 : INFO : EventManager : Event: ======'timer_paulrevere_intro_show_tick'====== Args={'ticks': 3, 'ticks_remaining': 4}
2025-10-02 20:40:33,986 : INFO : EventManager : Event: ======'player_paulrevere_intro_show_variable_times_100'====== Args={'value': 300, 'prev_value': 200, 'change': 100, 'player_num': 1, 'source': 'paulrevere'}
2025-10-02 20:40:34,983 : INFO : EventManager : Event: ======'player_paulrevere_paulrevere_intro_show_tick'====== Args={'value': 4, 'prev_value': 3, 'change': 1, 'player_num': 1}
2025-10-02 20:40:34,984 : INFO : EventManager : Event: ======'timer_paulrevere_intro_show_tick'====== Args={'ticks': 4, 'ticks_remaining': 3}
2025-10-02 20:40:34,984 : INFO : EventManager : Event: ======'player_paulrevere_intro_show_variable_times_100'====== Args={'value': 400, 'prev_value': 300, 'change': 100, 'player_num': 1, 'source': 'paulrevere'}
2025-10-02 20:40:35,985 : INFO : EventManager : Event: ======'player_paulrevere_paulrevere_intro_show_tick'====== Args={'value': 5, 'prev_value': 4, 'change': 1, 'player_num': 1}
2025-10-02 20:40:35,986 : INFO : EventManager : Event: ======'timer_paulrevere_intro_show_tick'====== Args={'ticks': 5, 'ticks_remaining': 2}
2025-10-02 20:40:35,987 : INFO : EventManager : Event: ======'player_paulrevere_intro_show_variable_times_100'====== Args={'value': 500, 'prev_value': 400, 'change': 100, 'player_num': 1, 'source': 'paulrevere'}
2025-10-02 20:40:36,986 : INFO : EventManager : Event: ======'player_paulrevere_paulrevere_intro_show_tick'====== Args={'value': 6, 'prev_value': 5, 'change': 1, 'player_num': 1}
2025-10-02 20:40:36,987 : INFO : EventManager : Event: ======'timer_paulrevere_intro_show_tick'====== Args={'ticks': 6, 'ticks_remaining': 1}
2025-10-02 20:40:36,988 : INFO : EventManager : Event: ======'player_paulrevere_intro_show_variable_times_100'====== Args={'value': 600, 'prev_value': 500, 'change': 100, 'player_num': 1, 'source': 'paulrevere'}
2025-10-02 20:40:37,132 : INFO : Machine : Shutting down...
2025-10-02 20:40:37,132 : INFO : EventManager : Event: ======'shutdown'====== Args={}
2025-10-02 20:40:37,134 : INFO : EventManager : Event: ======'mode_game_will_stop'====== Args={}
2025-10-02 20:40:37,134 : INFO : EventManager : Event: ======'mode_game_stopping'====== Args={}
2025-10-02 20:40:37,135 : INFO : EventManager : Event: ======'mode_paulrevere_will_stop'====== Args={}
2025-10-02 20:40:37,135 : INFO : EventManager : Event: ======'mode_paulrevere_stopping'====== Args={}
2025-10-02 20:40:37,135 : INFO : EventManager : Event: ======'mode_multiball_will_stop'====== Args={}
2025-10-02 20:40:37,136 : INFO : EventManager : Event: ======'mode_multiball_stopping'====== Args={}
2025-10-02 20:40:37,136 : INFO : EventManager : Event: ======'mode_base_will_stop'====== Args={}
2025-10-02 20:40:37,136 : INFO : EventManager : Event: ======'mode_base_stopping'====== Args={}
2025-10-02 20:40:37,136 : INFO : Mode.base : Stopped.
2025-10-02 20:40:37,136 : INFO : EventManager : Event: ======'modes_active_modes_changed'====== Args={}
2025-10-02 20:40:37,136 : INFO : EventManager : Event: ======'mode_base_stopped'====== Args={}
2025-10-02 20:40:37,136 : INFO : EventManager : Event: ======'clear'====== Args={'key': 'base'}
2025-10-02 20:40:37,137 : INFO : Mode.multiball : Stopped.
2025-10-02 20:40:37,137 : INFO : EventManager : Event: ======'modes_active_modes_changed'====== Args={}
2025-10-02 20:40:37,138 : INFO : EventManager : Event: ======'mode_multiball_stopped'====== Args={}
2025-10-02 20:40:37,138 : INFO : EventManager : Event: ======'clear'====== Args={'key': 'multiball'}
2025-10-02 20:40:37,138 : INFO : Mode.paulrevere : Stopped.
2025-10-02 20:40:37,138 : INFO : EventManager : Event: ======'modes_active_modes_changed'====== Args={}
2025-10-02 20:40:37,138 : INFO : EventManager : Event: ======'mode_paulrevere_stopped'====== Args={}
2025-10-02 20:40:37,138 : INFO : EventManager : Event: ======'clear'====== Args={'key': 'paulrevere'}
2025-10-02 20:40:37,138 : INFO : Timer.paulrevere_intro_show : Stopping Timer
2025-10-02 20:40:37,138 : INFO : EventManager : Event: ======'timer_paulrevere_intro_show_stopped'====== Args={'ticks': 6, 'ticks_remaining': 1}
2025-10-02 20:40:37,139 : INFO : Mode.game : Stopped.
2025-10-02 20:40:37,139 : INFO : EventManager : Event: ======'modes_active_modes_changed'====== Args={}
2025-10-02 20:40:37,139 : INFO : EventManager : Event: ======'mode_game_stopped'====== Args={}
2025-10-02 20:40:37,139 : INFO : EventManager : Event: ======'clear'====== Args={'key': 'game'}
2025-10-02 20:40:37,172 : INFO : root : MPF run loop ended.
