2025-10-05 22:30:50,603 : INFO : root : Loading config.
2025-10-05 22:30:50,608 : INFO : YamlMultifileConfigLoader : Machine config file #1: config.yaml
2025-10-05 22:30:50,608 : INFO : ConfigProcessor : Loading config from cache: C:\Users\sdona\AppData\Local\Temp\19f6d0d7953982fda9d956182316b8e5.mpf_cache
2025-10-05 22:30:50,711 : INFO : ConfigProcessor : Loading config from cache: C:\Users\sdona\AppData\Local\Temp\835b5bfea4be8b279a05e96caaaffbbb.mpf_cache
2025-10-05 22:30:50,713 : INFO : ConfigProcessor : Loading config from cache: C:\Users\sdona\AppData\Local\Temp\9b0a7575388f9d9bd2f6ab87bf9fd2f7.mpf_cache
2025-10-05 22:30:50,714 : WARNING : ConfigProcessor : Config file in cache changed: C:\venv\mpf\mmmdrop\modes\base\config\base.yaml
2025-10-05 22:30:50,714 : INFO : ConfigProcessor : Loading config from file C:\venv\mpf\mmmdrop\modes\base\config\base.yaml.
2025-10-05 22:30:50,719 : INFO : ConfigProcessor : Loading config: C:\venv\mpf\mmmdrop\modes\base\config\base.yaml
2025-10-05 22:30:50,720 : INFO : ConfigProcessor : Config file cache created: C:\Users\sdona\AppData\Local\Temp\c340ec0033d1055cd797ffd5447ef414.mpf_cache
2025-10-05 22:30:50,721 : INFO : ConfigProcessor : Loading config from cache: C:\Users\sdona\AppData\Local\Temp\835b5bfea4be8b279a05e96caaaffbbb.mpf_cache
2025-10-05 22:30:50,722 : INFO : ConfigProcessor : Loading config from cache: C:\Users\sdona\AppData\Local\Temp\8c11a28e3c38d4ad47947b6a126f2ee9.mpf_cache
2025-10-05 22:30:50,722 : WARNING : ConfigProcessor : Config file in cache changed: C:\venv\mpf\mmmdrop\modes\multiball\config\multiball.yaml
2025-10-05 22:30:50,722 : INFO : ConfigProcessor : Loading config from file C:\venv\mpf\mmmdrop\modes\multiball\config\multiball.yaml.
2025-10-05 22:30:50,724 : INFO : ConfigProcessor : Loading config: C:\venv\mpf\mmmdrop\modes\multiball\config\multiball.yaml
2025-10-05 22:30:50,724 : INFO : ConfigProcessor : Config file cache created: C:\Users\sdona\AppData\Local\Temp\e391083cdc9e667060411fe5838e93f2.mpf_cache
2025-10-05 22:30:50,726 : WARNING : ConfigProcessor : Config file in cache changed: C:\venv\mpf\mmmdrop\modes\carousel\config\carousel.yaml
2025-10-05 22:30:50,726 : INFO : ConfigProcessor : Loading config from file C:\venv\mpf\mmmdrop\modes\carousel\config\carousel.yaml.
2025-10-05 22:30:50,727 : INFO : ConfigProcessor : Loading config: C:\venv\mpf\mmmdrop\modes\carousel\config\carousel.yaml
2025-10-05 22:30:50,727 : INFO : ConfigProcessor : Config file cache created: C:\Users\sdona\AppData\Local\Temp\f0c219a993d891ee86dcb7eae47dde67.mpf_cache
2025-10-05 22:30:50,728 : WARNING : ConfigProcessor : Config file in cache changed: C:\venv\mpf\mmmdrop\modes\intergalactic\config\intergalactic.yaml
2025-10-05 22:30:50,728 : INFO : ConfigProcessor : Loading config from file C:\venv\mpf\mmmdrop\modes\intergalactic\config\intergalactic.yaml.
2025-10-05 22:30:50,731 : INFO : ConfigProcessor : Loading config: C:\venv\mpf\mmmdrop\modes\intergalactic\config\intergalactic.yaml
2025-10-05 22:30:50,733 : INFO : ConfigProcessor : Config file cache created: C:\Users\sdona\AppData\Local\Temp\96aa58108928490b129531848cd9b506.mpf_cache
2025-10-05 22:30:50,733 : WARNING : ConfigProcessor : Config file in cache changed: C:\venv\mpf\mmmdrop\modes\paulrevere\config\paulrevere.yaml
2025-10-05 22:30:50,733 : INFO : ConfigProcessor : Loading config from file C:\venv\mpf\mmmdrop\modes\paulrevere\config\paulrevere.yaml.
2025-10-05 22:30:50,736 : INFO : ConfigProcessor : Loading config: C:\venv\mpf\mmmdrop\modes\paulrevere\config\paulrevere.yaml
2025-10-05 22:30:50,737 : INFO : ConfigProcessor : Config file cache created: C:\Users\sdona\AppData\Local\Temp\567636b9d9766e3361204e954a8382da.mpf_cache
2025-10-05 22:30:50,738 : INFO : Machine : Mission Pinball Framework Core Engine v0.80.0.dev9
2025-10-05 22:30:50,738 : INFO : Machine : Command line arguments: {'no_load_cache': False, 'create_config_cache': True, 'bcp': True, 'configfile': ['config.yaml'], 'force_assets_load': False, 'platform_integration_test': False, 'jsonlogging': False, 'logfile': 'logs\\2025-10-05-22-30-50-mpf-PinballLaptop.log', 'pause': False, 'production': False, 'text_ui': True, 'loglevel': 15, 'consoleloglevel': 20, 'force_platform': 'smart_virtual', 'syslog_address': None, 'full_logfile_path': 'C:\\venv\\mpf\\mmmdrop\\logs\\2025-10-05-22-30-50-mpf-PinballLaptop.log'}
2025-10-05 22:30:50,738 : INFO : Machine : MPF path: c:\venv\mpf\lib\site-packages\mpf
2025-10-05 22:30:50,738 : INFO : Machine : Machine path: C:\venv\mpf\mmmdrop
2025-10-05 22:30:50,738 : INFO : Machine : Platform: win32
2025-10-05 22:30:50,738 : INFO : Machine : Python executable location: c:\venv\mpf\Scripts\python.exe
2025-10-05 22:30:50,738 : INFO : Machine : Python version: 3.9.13 (64-bit)
2025-10-05 22:30:50,740 : INFO : Machine : Initializing MPF...
2025-10-05 22:30:50,988 : INFO : EventManager : Event: ======'machine_var_credits_string'====== Args={'value': 'FREE PLAY', 'prev_value': None, 'change': True}
2025-10-05 22:30:51,015 : INFO : EventManager : Event: ======'machine_var_fast_audio_headphones_volume'====== Args={'value': 10, 'prev_value': None, 'change': True}
2025-10-05 22:30:51,015 : INFO : EventManager : Event: ======'machine_var_fast_audio_main_volume'====== Args={'value': 44, 'prev_value': None, 'change': True}
2025-10-05 22:30:51,015 : INFO : EventManager : Event: ======'machine_var_master_volume'====== Args={'value': 0.15, 'prev_value': None, 'change': True}
2025-10-05 22:30:51,015 : INFO : EventManager : Event: ======'machine_var_player1_score'====== Args={'value': 140190, 'prev_value': None, 'change': True}
2025-10-05 22:30:51,015 : INFO : EventManager : Event: ======'machine_var_mpf_version'====== Args={'value': 'Mission Pinball Framework v0.80.0.dev9', 'prev_value': None, 'change': True}
2025-10-05 22:30:51,015 : INFO : EventManager : Event: ======'machine_var_mpf_extended_version'====== Args={'value': 'Mission Pinball Framework v0.80.0.dev9, Config version:6, Show version: 6, BCP version:1.1', 'prev_value': None, 'change': True}
2025-10-05 22:30:51,015 : INFO : EventManager : Event: ======'machine_var_python_version'====== Args={'value': '3.9.13', 'prev_value': None, 'change': True}
2025-10-05 22:30:51,045 : INFO : EventManager : Event: ======'machine_var_platform'====== Args={'value': 'Windows-10-10.0.26100-SP0', 'prev_value': None, 'change': True}
2025-10-05 22:30:51,045 : INFO : EventManager : Event: ======'machine_var_platform_system'====== Args={'value': 'Windows', 'prev_value': None, 'change': True}
2025-10-05 22:30:51,045 : INFO : EventManager : Event: ======'machine_var_platform_release'====== Args={'value': '10', 'prev_value': None, 'change': True}
2025-10-05 22:30:51,045 : INFO : EventManager : Event: ======'machine_var_platform_version'====== Args={'value': '10.0.26100', 'prev_value': None, 'change': True}
2025-10-05 22:30:51,045 : INFO : EventManager : Event: ======'machine_var_platform_machine'====== Args={'value': 'AMD64', 'prev_value': None, 'change': True}
2025-10-05 22:30:51,045 : INFO : EventManager : Event: ======'machine_var_log_file_path'====== Args={'value': 'C:\\venv\\mpf\\mmmdrop\\logs\\2025-10-05-22-30-50-mpf-PinballLaptop.log', 'prev_value': None, 'change': True}
2025-10-05 22:30:51,045 : INFO : EventManager : Event: ======'init_phase_1'====== Args={}
2025-10-05 22:30:51,078 : INFO : EventManager : Event: ======'drop_target_bank_three_bank_up'====== Args={}
2025-10-05 22:30:51,079 : INFO : EventManager : Event: ======'init_phase_2'====== Args={}
2025-10-05 22:30:51,079 : INFO : SwitchController : Found active switch: ('3208-0', <Platform.SmartVirtual>) <switch.s_trough1>
2025-10-05 22:30:51,079 : INFO : SwitchController : Found active switch: ('3208-1', <Platform.SmartVirtual>) <switch.s_trough2>
2025-10-05 22:30:51,079 : INFO : SwitchController : Found active switch: ('3208-2', <Platform.SmartVirtual>) <switch.s_trough3>
2025-10-05 22:30:51,079 : INFO : SwitchController : Found active switch: ('3208-3', <Platform.SmartVirtual>) <switch.s_trough4>
2025-10-05 22:30:51,079 : INFO : SwitchController : Found active switch: ('3208-4', <Platform.SmartVirtual>) <switch.s_trough5>
2025-10-05 22:30:51,079 : INFO : SwitchController : Found active switch: ('3208-5', <Platform.SmartVirtual>) <switch.s_trough6>
2025-10-05 22:30:51,085 : INFO : EventManager : Event: ======'bcp_connection_attempt'====== Args={'name': 'local_display', 'host': 'localhost', 'port': 5050}
2025-10-05 22:30:51,086 : INFO : BCPClientSocket : Connecting BCP to 'local_display' at localhost:5050...
2025-10-05 22:30:58,827 : INFO : BCPClientSocket : Connected BCP to 'local_display' localhost:5050
2025-10-05 22:30:58,827 : INFO : EventManager : Event: ======'bcp_clients_connected'====== Args={}
2025-10-05 22:30:58,974 : INFO : ball_device.bd_trough : BCH: Initial count: 6
2025-10-05 22:30:58,975 : INFO : ball_device.bd_trough : State: idle
2025-10-05 22:30:58,976 : INFO : ball_device.bd_plunger : BCH: Initial count: 0
2025-10-05 22:30:58,976 : INFO : ball_device.bd_plunger : State: idle
2025-10-05 22:30:58,976 : INFO : ball_device.bd_scoop : BCH: Initial count: 0
2025-10-05 22:30:58,977 : INFO : ball_device.bd_scoop : State: idle
2025-10-05 22:30:59,000 : INFO : EventManager : Event: ======'init_phase_3'====== Args={}
2025-10-05 22:30:59,004 : INFO : EventManager : Event: ======'init_phase_4'====== Args={}
2025-10-05 22:30:59,004 : INFO : BallController : Initial balls found: 6
2025-10-05 22:30:59,007 : INFO : EventManager : Event: ======'machine_var_audits_events_game_ended'====== Args={'value': 36, 'prev_value': None, 'change': True}
2025-10-05 22:30:59,007 : INFO : EventManager : Event: ======'machine_var_audits_events_game_started'====== Args={'value': 305, 'prev_value': None, 'change': True}
2025-10-05 22:30:59,007 : INFO : EventManager : Event: ======'machine_var_audits_missing_switches_s_captive_ball'====== Args={'value': 33, 'prev_value': None, 'change': True}
2025-10-05 22:30:59,008 : INFO : EventManager : Event: ======'machine_var_audits_missing_switches_s_center_upper_pop'====== Args={'value': 49, 'prev_value': None, 'change': True}
2025-10-05 22:30:59,008 : INFO : EventManager : Event: ======'machine_var_audits_missing_switches_s_inner_orbit'====== Args={'value': 231, 'prev_value': None, 'change': True}
2025-10-05 22:30:59,008 : INFO : EventManager : Event: ======'machine_var_audits_missing_switches_s_left_flipper'====== Args={'value': 15, 'prev_value': None, 'change': True}
2025-10-05 22:30:59,008 : INFO : EventManager : Event: ======'machine_var_audits_missing_switches_s_left_inlane'====== Args={'value': 49, 'prev_value': None, 'change': True}
2025-10-05 22:30:59,008 : INFO : EventManager : Event: ======'machine_var_audits_missing_switches_s_left_orbit'====== Args={'value': 33, 'prev_value': None, 'change': True}
2025-10-05 22:30:59,009 : INFO : EventManager : Event: ======'machine_var_audits_missing_switches_s_left_outlane'====== Args={'value': 49, 'prev_value': None, 'change': True}
2025-10-05 22:30:59,009 : INFO : EventManager : Event: ======'machine_var_audits_missing_switches_s_left_ramp'====== Args={'value': 8, 'prev_value': None, 'change': True}
2025-10-05 22:30:59,009 : INFO : EventManager : Event: ======'machine_var_audits_missing_switches_s_left_slingshot'====== Args={'value': 231, 'prev_value': None, 'change': True}
2025-10-05 22:30:59,009 : INFO : EventManager : Event: ======'machine_var_audits_missing_switches_s_left_upper_pop'====== Args={'value': 49, 'prev_value': None, 'change': True}
2025-10-05 22:30:59,009 : INFO : EventManager : Event: ======'machine_var_audits_missing_switches_s_pop_standup'====== Args={'value': 15, 'prev_value': None, 'change': True}
2025-10-05 22:30:59,010 : INFO : EventManager : Event: ======'machine_var_audits_missing_switches_s_right_flipper'====== Args={'value': 15, 'prev_value': None, 'change': True}
2025-10-05 22:30:59,010 : INFO : EventManager : Event: ======'machine_var_audits_missing_switches_s_right_inlane'====== Args={'value': 116, 'prev_value': None, 'change': True}
2025-10-05 22:30:59,010 : INFO : EventManager : Event: ======'machine_var_audits_missing_switches_s_right_lower_pop'====== Args={'value': 20, 'prev_value': None, 'change': True}
2025-10-05 22:30:59,010 : INFO : EventManager : Event: ======'machine_var_audits_missing_switches_s_right_orbit'====== Args={'value': 18, 'prev_value': None, 'change': True}
2025-10-05 22:30:59,010 : INFO : EventManager : Event: ======'machine_var_audits_missing_switches_s_right_outlane'====== Args={'value': 116, 'prev_value': None, 'change': True}
2025-10-05 22:30:59,010 : INFO : EventManager : Event: ======'machine_var_audits_missing_switches_s_right_ramp'====== Args={'value': 8, 'prev_value': None, 'change': True}
2025-10-05 22:30:59,011 : INFO : EventManager : Event: ======'machine_var_audits_missing_switches_s_right_slingshot'====== Args={'value': 81, 'prev_value': None, 'change': True}
2025-10-05 22:30:59,011 : INFO : EventManager : Event: ======'machine_var_audits_missing_switches_s_scoop'====== Args={'value': 8, 'prev_value': None, 'change': True}
2025-10-05 22:30:59,011 : INFO : EventManager : Event: ======'machine_var_audits_missing_switches_s_spinner'====== Args={'value': 137, 'prev_value': None, 'change': True}
2025-10-05 22:30:59,011 : INFO : EventManager : Event: ======'machine_var_audits_missing_switches_s_start'====== Args={'value': 14, 'prev_value': None, 'change': True}
2025-10-05 22:30:59,012 : INFO : EventManager : Event: ======'machine_var_audits_missing_switches_s_tilt_bob'====== Args={'value': 239, 'prev_value': None, 'change': True}
2025-10-05 22:30:59,012 : INFO : EventManager : Event: ======'machine_var_audits_missing_switches_s_top_right_flipper'====== Args={'value': 231, 'prev_value': None, 'change': True}
2025-10-05 22:30:59,012 : INFO : EventManager : Event: ======'machine_var_audits_missing_switches_s_trough1'====== Args={'value': 49, 'prev_value': None, 'change': True}
2025-10-05 22:30:59,012 : INFO : EventManager : Event: ======'machine_var_audits_missing_switches_s_trough2'====== Args={'value': 46, 'prev_value': None, 'change': True}
2025-10-05 22:30:59,012 : INFO : EventManager : Event: ======'machine_var_audits_missing_switches_s_trough3'====== Args={'value': 46, 'prev_value': None, 'change': True}
2025-10-05 22:30:59,013 : INFO : EventManager : Event: ======'machine_var_audits_missing_switches_s_trough4'====== Args={'value': 230, 'prev_value': None, 'change': True}
2025-10-05 22:30:59,013 : INFO : EventManager : Event: ======'machine_var_audits_missing_switches_s_trough5'====== Args={'value': 230, 'prev_value': None, 'change': True}
2025-10-05 22:30:59,013 : INFO : EventManager : Event: ======'machine_var_audits_missing_switches_s_trough6'====== Args={'value': 80, 'prev_value': None, 'change': True}
2025-10-05 22:30:59,013 : INFO : EventManager : Event: ======'machine_var_audits_missing_switches_s_trough_jam'====== Args={'value': 231, 'prev_value': None, 'change': True}
2025-10-05 22:30:59,014 : INFO : EventManager : Event: ======'machine_var_audits_missing_switches_s_tshirt_bottom_standup'====== Args={'value': 77, 'prev_value': None, 'change': True}
2025-10-05 22:30:59,014 : INFO : EventManager : Event: ======'machine_var_audits_missing_switches_s_tshirt_top_standup'====== Args={'value': 56, 'prev_value': None, 'change': True}
2025-10-05 22:30:59,014 : INFO : EventManager : Event: ======'machine_var_audits_missing_switches_s_upper_pop_standup'====== Args={'value': 231, 'prev_value': None, 'change': True}
2025-10-05 22:30:59,014 : INFO : EventManager : Event: ======'machine_var_audits_player_score'====== Args={'value': {'average': 16766, 'top': [140190, 55679, 54526, 46225, 25350, 24166, 23278, 22740, 20422, 20201], 'total': 37}, 'prev_value': None, 'change': True}
2025-10-05 22:30:59,015 : INFO : EventManager : Event: ======'machine_var_audits_shots_skill_captive'====== Args={'value': 16, 'prev_value': None, 'change': True}
2025-10-05 22:30:59,015 : INFO : EventManager : Event: ======'machine_var_audits_shots_skill_drop_targets'====== Args={'value': 80, 'prev_value': None, 'change': True}
2025-10-05 22:30:59,015 : INFO : EventManager : Event: ======'machine_var_audits_shots_skill_side_targets'====== Args={'value': 27, 'prev_value': None, 'change': True}
2025-10-05 22:30:59,015 : INFO : EventManager : Event: ======'machine_var_audits_switches_s_captive_ball'====== Args={'value': 164, 'prev_value': None, 'change': True}
2025-10-05 22:30:59,015 : INFO : EventManager : Event: ======'machine_var_audits_switches_s_center_upper_pop'====== Args={'value': 196, 'prev_value': None, 'change': True}
2025-10-05 22:30:59,015 : INFO : EventManager : Event: ======'machine_var_audits_switches_s_inner_orbit'====== Args={'value': 0, 'prev_value': None, 'change': True}
2025-10-05 22:30:59,015 : INFO : EventManager : Event: ======'machine_var_audits_switches_s_left_flipper'====== Args={'value': 1247, 'prev_value': None, 'change': True}
2025-10-05 22:30:59,015 : INFO : EventManager : Event: ======'machine_var_audits_switches_s_left_inlane'====== Args={'value': 110, 'prev_value': None, 'change': True}
2025-10-05 22:30:59,015 : INFO : EventManager : Event: ======'machine_var_audits_switches_s_left_orbit'====== Args={'value': 31, 'prev_value': None, 'change': True}
2025-10-05 22:30:59,015 : INFO : EventManager : Event: ======'machine_var_audits_switches_s_left_outlane'====== Args={'value': 56, 'prev_value': None, 'change': True}
2025-10-05 22:30:59,015 : INFO : EventManager : Event: ======'machine_var_audits_switches_s_left_ramp'====== Args={'value': 68, 'prev_value': None, 'change': True}
2025-10-05 22:30:59,017 : INFO : EventManager : Event: ======'machine_var_audits_switches_s_left_slingshot'====== Args={'value': 259, 'prev_value': None, 'change': True}
2025-10-05 22:30:59,017 : INFO : EventManager : Event: ======'machine_var_audits_switches_s_left_upper_pop'====== Args={'value': 148, 'prev_value': None, 'change': True}
2025-10-05 22:30:59,017 : INFO : EventManager : Event: ======'machine_var_audits_switches_s_plunger'====== Args={'value': 777, 'prev_value': None, 'change': True}
2025-10-05 22:30:59,017 : INFO : EventManager : Event: ======'machine_var_audits_switches_s_pop_standup'====== Args={'value': 80, 'prev_value': None, 'change': True}
2025-10-05 22:30:59,017 : INFO : EventManager : Event: ======'machine_var_audits_switches_s_right_flipper'====== Args={'value': 1521, 'prev_value': None, 'change': True}
2025-10-05 22:30:59,017 : INFO : EventManager : Event: ======'machine_var_audits_switches_s_right_inlane'====== Args={'value': 106, 'prev_value': None, 'change': True}
2025-10-05 22:30:59,017 : INFO : EventManager : Event: ======'machine_var_audits_switches_s_right_lower_pop'====== Args={'value': 457, 'prev_value': None, 'change': True}
2025-10-05 22:30:59,017 : INFO : EventManager : Event: ======'machine_var_audits_switches_s_right_orbit'====== Args={'value': 32, 'prev_value': None, 'change': True}
2025-10-05 22:30:59,018 : INFO : EventManager : Event: ======'machine_var_audits_switches_s_right_outlane'====== Args={'value': 53, 'prev_value': None, 'change': True}
2025-10-05 22:30:59,018 : INFO : EventManager : Event: ======'machine_var_audits_switches_s_right_ramp'====== Args={'value': 68, 'prev_value': None, 'change': True}
2025-10-05 22:30:59,018 : INFO : EventManager : Event: ======'machine_var_audits_switches_s_right_slingshot'====== Args={'value': 366, 'prev_value': None, 'change': True}
2025-10-05 22:30:59,018 : INFO : EventManager : Event: ======'machine_var_audits_switches_s_scoop'====== Args={'value': 228, 'prev_value': None, 'change': True}
2025-10-05 22:30:59,018 : INFO : EventManager : Event: ======'machine_var_audits_switches_s_spinner'====== Args={'value': 1371, 'prev_value': None, 'change': True}
2025-10-05 22:30:59,018 : INFO : EventManager : Event: ======'machine_var_audits_switches_s_start'====== Args={'value': 56, 'prev_value': None, 'change': True}
2025-10-05 22:30:59,019 : INFO : EventManager : Event: ======'machine_var_audits_switches_s_three_bank_bottom'====== Args={'value': 234, 'prev_value': None, 'change': True}
2025-10-05 22:30:59,019 : INFO : EventManager : Event: ======'machine_var_audits_switches_s_three_bank_middle'====== Args={'value': 267, 'prev_value': None, 'change': True}
2025-10-05 22:30:59,019 : INFO : EventManager : Event: ======'machine_var_audits_switches_s_three_bank_standup'====== Args={'value': 148, 'prev_value': None, 'change': True}
2025-10-05 22:30:59,019 : INFO : EventManager : Event: ======'machine_var_audits_switches_s_three_bank_top'====== Args={'value': 258, 'prev_value': None, 'change': True}
2025-10-05 22:30:59,019 : INFO : EventManager : Event: ======'machine_var_audits_switches_s_tilt_bob'====== Args={'value': 21, 'prev_value': None, 'change': True}
2025-10-05 22:30:59,020 : INFO : EventManager : Event: ======'machine_var_audits_switches_s_top_right_flipper'====== Args={'value': 1294, 'prev_value': None, 'change': True}
2025-10-05 22:30:59,020 : INFO : EventManager : Event: ======'machine_var_audits_switches_s_trough1'====== Args={'value': 246, 'prev_value': None, 'change': True}
2025-10-05 22:30:59,020 : INFO : EventManager : Event: ======'machine_var_audits_switches_s_trough2'====== Args={'value': 256, 'prev_value': None, 'change': True}
2025-10-05 22:30:59,020 : INFO : EventManager : Event: ======'machine_var_audits_switches_s_trough3'====== Args={'value': 184, 'prev_value': None, 'change': True}
2025-10-05 22:30:59,020 : INFO : EventManager : Event: ======'machine_var_audits_switches_s_trough4'====== Args={'value': 160, 'prev_value': None, 'change': True}
2025-10-05 22:30:59,020 : INFO : EventManager : Event: ======'machine_var_audits_switches_s_trough5'====== Args={'value': 160, 'prev_value': None, 'change': True}
2025-10-05 22:30:59,020 : INFO : EventManager : Event: ======'machine_var_audits_switches_s_trough6'====== Args={'value': 161, 'prev_value': None, 'change': True}
2025-10-05 22:30:59,020 : INFO : EventManager : Event: ======'machine_var_audits_switches_s_trough_jam'====== Args={'value': 206, 'prev_value': None, 'change': True}
2025-10-05 22:30:59,021 : INFO : EventManager : Event: ======'machine_var_audits_switches_s_tshirt_bottom_standup'====== Args={'value': 31, 'prev_value': None, 'change': True}
2025-10-05 22:30:59,021 : INFO : EventManager : Event: ======'machine_var_audits_switches_s_tshirt_top_standup'====== Args={'value': 58, 'prev_value': None, 'change': True}
2025-10-05 22:30:59,021 : INFO : EventManager : Event: ======'machine_var_audits_switches_s_upper_pop_standup'====== Args={'value': 158, 'prev_value': None, 'change': True}
2025-10-05 22:30:59,021 : INFO : EventManager : Event: ======'init_phase_5'====== Args={}
2025-10-05 22:30:59,037 : INFO : EventManager : Event: ======'init_done'====== Args={}
2025-10-05 22:30:59,039 : INFO : EventManager : Event: ======'machine_reset_phase_1'====== Args={}
2025-10-05 22:30:59,046 : INFO : EventManager : Event: ======'machine_reset_phase_2'====== Args={}
2025-10-05 22:30:59,046 : INFO : EventManager : Event: ======'machine_reset_phase_3'====== Args={}
2025-10-05 22:30:59,046 : INFO : drop_target_bank.three_bank : All targets are already up. Will not reset bank.
2025-10-05 22:30:59,046 : INFO : EventManager : Event: ======'reset_complete'====== Args={}
2025-10-05 22:30:59,046 : INFO : EventManager : Event: ======'mode_attract_will_start'====== Args={}
2025-10-05 22:30:59,047 : INFO : EventManager : Event: ======'mode_attract_starting'====== Args={}
2025-10-05 22:30:59,047 : INFO : Mode.attract : Started. Priority: 10
2025-10-05 22:30:59,047 : INFO : EventManager : Event: ======'modes_active_modes_changed'====== Args={}
2025-10-05 22:30:59,047 : INFO : EventManager : Event: ======'mode_attract_started'====== Args={}
2025-10-05 22:30:59,048 : INFO : EventManager : Event: ======'collecting_balls_complete'====== Args={}
2025-10-05 22:30:59,065 : INFO : Machine : Starting the main run loop with active modes: [<Mode.attract>]
2025-10-05 22:30:59,068 : INFO : EventManager : Event: ======'slide_loading_created'====== Args={'_from_bcp': True}
2025-10-05 22:30:59,068 : INFO : EventManager : Event: ======'slide__removed'====== Args={'_from_bcp': True}
2025-10-05 22:30:59,069 : INFO : EventManager : Event: ======'slide_loading_active'====== Args={'original_context': '_global', 'original_calling_context': 'init_done', 'priority': 0.0, 'cmd': 'slides_play', '_from_bcp': True}
2025-10-05 22:30:59,130 : INFO : EventManager : Event: ======'slide_attract_created'====== Args={'_from_bcp': True}
2025-10-05 22:30:59,130 : INFO : EventManager : Event: ======'slide_loading_inactive'====== Args={'is_removing': True, '_from_bcp': True}
2025-10-05 22:30:59,130 : INFO : EventManager : Event: ======'slide_attract_active'====== Args={'original_context': 'attract', 'original_calling_context': 'mode_attract_started', 'priority': 10.0, 'cmd': 'slides_play', '_from_bcp': True}
2025-10-05 22:30:59,130 : INFO : EventManager : Event: ======'slide_loading_removed'====== Args={'_from_bcp': True}
2025-10-05 22:30:59,391 : INFO : BcpServer : New client connected.
2025-10-05 22:30:59,692 : INFO : SwitchController : <<<<<<< 's_start' active >>>>>>>
2025-10-05 22:30:59,825 : INFO : SwitchController : <<<<<<< 's_start' inactive >>>>>>>
2025-10-05 22:30:59,825 : INFO : EventManager : Event: ======'request_to_start_game'====== Args={}
2025-10-05 22:30:59,826 : INFO : EventManager : Event: ======'game_start'====== Args={'buttons': [], 'hold_time': 0.125}
2025-10-05 22:30:59,827 : INFO : EventManager : Event: ======'mode_game_will_start'====== Args={'buttons': [], 'hold_time': 0.125}
2025-10-05 22:30:59,827 : INFO : EventManager : Event: ======'mode_game_starting'====== Args={'buttons': [], 'hold_time': 0.125}
2025-10-05 22:30:59,828 : INFO : EventManager : Event: ======'mode_attract_will_stop'====== Args={}
2025-10-05 22:30:59,828 : INFO : EventManager : Event: ======'mode_attract_stopping'====== Args={}
2025-10-05 22:30:59,828 : INFO : Mode.attract : Stopped.
2025-10-05 22:30:59,828 : INFO : EventManager : Event: ======'modes_active_modes_changed'====== Args={}
2025-10-05 22:30:59,829 : INFO : EventManager : Event: ======'mode_attract_stopped'====== Args={}
2025-10-05 22:30:59,829 : INFO : EventManager : Event: ======'clear'====== Args={'key': 'attract'}
2025-10-05 22:30:59,829 : INFO : Mode.game : Started. Priority: 20
2025-10-05 22:30:59,829 : INFO : EventManager : Event: ======'modes_active_modes_changed'====== Args={}
2025-10-05 22:30:59,829 : INFO : EventManager : Event: ======'mode_game_started'====== Args={'buttons': [], 'hold_time': 0.125}
2025-10-05 22:30:59,834 : INFO : EventManager : Event: ======'game_will_start'====== Args={}
2025-10-05 22:30:59,847 : INFO : EventManager : Event: ======'game_starting'====== Args={'game': <Mode.game>}
2025-10-05 22:30:59,849 : INFO : EventManager : Unordered handler for class <Auditor> on event game_ended with priority 1. Handlers: [RegisteredHandler(callback=<bound method Auditor.disable of <Auditor>>, priority=1, kwargs={}, key=UUID('2f962e74-be4b-4fe2-8e71-3d6208a3711c'), condition=None, blocking_facility=None), RegisteredHandler(callback=<bound method Auditor._save_audits of <Auditor>>, priority=1, kwargs={}, key=UUID('6755354a-277a-4d38-9100-3955112fad5d'), condition=None, blocking_facility=None)]. The order of those handlers is not defined and they will be executed in random order. This might lead to race conditions and potential bugs.
2025-10-05 22:30:59,849 : INFO : EventManager : Event: ======'player_add_request'====== Args={}
2025-10-05 22:30:59,849 : INFO : EventManager : Event: ======'player_will_add'====== Args={'number': 1}
2025-10-05 22:30:59,849 : INFO : EventManager : Event: ======'player_adding'====== Args={'player': <Player 1>, 'number': 1}
2025-10-05 22:30:59,850 : INFO : EventManager : Event: ======'player_added'====== Args={'player': <Player 1>, 'num': 1}
2025-10-05 22:30:59,850 : INFO : Mode.game : Player added successfully. Total players: 1
2025-10-05 22:30:59,850 : INFO : EventManager : Event: ======'player_index'====== Args={'value': 0, 'prev_value': 0, 'change': 0, 'player_num': 1}
2025-10-05 22:30:59,851 : INFO : EventManager : Event: ======'player_number'====== Args={'value': 1, 'prev_value': 1, 'change': 0, 'player_num': 1}
2025-10-05 22:30:59,851 : INFO : EventManager : Event: ======'player_score'====== Args={'value': 0, 'prev_value': 0, 'change': 0, 'player_num': 1}
2025-10-05 22:30:59,852 : INFO : EventManager : Event: ======'game_started'====== Args={}
2025-10-05 22:30:59,862 : INFO : EventManager : Event: ======'player_turn_will_start'====== Args={'player': <Player 1>, 'number': 1}
2025-10-05 22:30:59,863 : INFO : EventManager : Event: ======'player_turn_starting'====== Args={'player': <Player 1>, 'number': 1}
2025-10-05 22:30:59,864 : INFO : EventManager : Event: ======'player_ball'====== Args={'value': 1, 'prev_value': 0, 'change': 1, 'player_num': 1}
2025-10-05 22:30:59,865 : INFO : EventManager : Event: ======'player_turn_started'====== Args={'player': <Player 1>, 'number': 1}
2025-10-05 22:30:59,867 : INFO : EventManager : Event: ======'ball_will_start'====== Args={'player': 1, 'ball': 1, 'balls_remaining': 2, 'is_extra_ball': False}
2025-10-05 22:30:59,870 : INFO : EventManager : Event: ======'ball_starting'====== Args={'player': 1, 'ball': 1, 'balls_remaining': 2, 'is_extra_ball': False}
2025-10-05 22:30:59,871 : INFO : EventManager : Event: ======'mode_base_will_start'====== Args={'queue': <QueuedEvent>, 'player': 1, 'ball': 1, 'balls_remaining': 2, 'is_extra_ball': False}
2025-10-05 22:30:59,878 : INFO : EventManager : Event: ======'mode_base_starting'====== Args={'queue': <QueuedEvent>, 'player': 1, 'ball': 1, 'balls_remaining': 2, 'is_extra_ball': False}
2025-10-05 22:30:59,878 : INFO : drop_target_bank.three_bank : All targets are already up. Will not reset bank.
2025-10-05 22:30:59,879 : INFO : EventManager : Event: ======'balls_in_play'====== Args={'balls': 1}
2025-10-05 22:30:59,880 : INFO : EventManager : Event: ======'ball_started'====== Args={'player': 1, 'ball': 1, 'balls_remaining': 2, 'is_extra_ball': False}
2025-10-05 22:30:59,880 : INFO : EventManager : Event: ======'logicblock_qualify_chcheckitout_multiball_updated'====== Args={'value': 0, 'enabled': True}
2025-10-05 22:30:59,882 : INFO : EventManager : Event: ======'logicblock_drop_target_bank_counter_updated'====== Args={'value': 0, 'enabled': True}
2025-10-05 22:30:59,882 : INFO : EventManager : Event: ======'logicblock_qualify_chcheckitout_multiball_updated'====== Args={'value': 0, 'enabled': True}
2025-10-05 22:30:59,882 : INFO : EventManager : Event: ======'logicblock_chcheckitout_multiball_ready_updated'====== Args={'value': 0, 'enabled': False}
2025-10-05 22:30:59,883 : INFO : EventManager : Event: ======'logicblock_drop_target_bank_counter_updated'====== Args={'value': 0, 'enabled': True}
2025-10-05 22:30:59,883 : INFO : Mode.base : Started. Priority: 100
2025-10-05 22:30:59,883 : INFO : EventManager : Event: ======'modes_active_modes_changed'====== Args={}
2025-10-05 22:30:59,883 : INFO : EventManager : Event: ======'mode_base_started'====== Args={'queue': <QueuedEvent>, 'player': 1, 'ball': 1, 'balls_remaining': 2, 'is_extra_ball': False}
2025-10-05 22:30:59,884 : INFO : EventManager : Event: ======'mode_skill_shot_will_start'====== Args={'player': 1, 'ball': 1, 'balls_remaining': 2, 'is_extra_ball': False}
2025-10-05 22:30:59,885 : INFO : EventManager : Event: ======'player_shot_skill_side_targets_enabled'====== Args={'value': True, 'prev_value': 0, 'change': 1, 'player_num': 1}
2025-10-05 22:30:59,887 : INFO : EventManager : Event: ======'player_shot_skill_drop_targets_enabled'====== Args={'value': True, 'prev_value': 0, 'change': 1, 'player_num': 1}
2025-10-05 22:30:59,887 : INFO : EventManager : Event: ======'skill_shot_complete'====== Args={'state': 'unlit'}
2025-10-05 22:30:59,887 : INFO : EventManager : Event: ======'skill_shot_unlit_complete'====== Args={}
2025-10-05 22:30:59,888 : INFO : EventManager : Event: ======'player_skill_shot_skill_shot_timeout_tick'====== Args={'value': 0, 'prev_value': 0, 'change': 0, 'player_num': 1}
2025-10-05 22:30:59,890 : INFO : EventManager : Event: ======'mode_skill_shot_starting'====== Args={'player': 1, 'ball': 1, 'balls_remaining': 2, 'is_extra_ball': False}
2025-10-05 22:30:59,890 : INFO : EventManager : Event: ======'logicblock_drop_target_bank_counter_updated'====== Args={'value': 1, 'enabled': True}
2025-10-05 22:30:59,891 : INFO : EventManager : Event: ======'counter_drop_target_bank_counter_hit'====== Args={'count': 1, 'hits': 1, 'remaining': 1}
2025-10-05 22:30:59,891 : INFO : EventManager : Event: ======'logicblock_drop_target_bank_counter_hit'====== Args={'count': 1, 'hits': 1, 'remaining': 1}
2025-10-05 22:30:59,892 : INFO : EventManager : Event: ======'player_drop_target_bank_counter_count'====== Args={'value': 1, 'prev_value': 0, 'change': 1, 'player_num': 1, 'source': 'base'}
2025-10-05 22:30:59,892 : INFO : EventManager : Event: ======'player_drop_target_bank_counter_count'====== Args={'value': 0, 'prev_value': 1, 'change': -1, 'player_num': 1, 'source': 'base'}
2025-10-05 22:30:59,892 : INFO : EventManager : Event: ======'mode_multiball_will_start'====== Args={'queue': <QueuedEvent>, 'player': 1, 'ball': 1, 'balls_remaining': 2, 'is_extra_ball': False}
2025-10-05 22:30:59,894 : INFO : EventManager : Event: ======'mode_multiball_starting'====== Args={'queue': <QueuedEvent>, 'player': 1, 'ball': 1, 'balls_remaining': 2, 'is_extra_ball': False}
2025-10-05 22:30:59,895 : INFO : EventManager : Event: ======'mode_carousel_will_start'====== Args={'queue': <QueuedEvent>, 'player': 1, 'ball': 1, 'balls_remaining': 2, 'is_extra_ball': False}
2025-10-05 22:30:59,897 : INFO : EventManager : Event: ======'mode_carousel_starting'====== Args={'queue': <QueuedEvent>, 'player': 1, 'ball': 1, 'balls_remaining': 2, 'is_extra_ball': False}
2025-10-05 22:30:59,898 : INFO : EventManager : Event: ======'ball_save_default_enabled'====== Args={}
2025-10-05 22:30:59,899 : INFO : Mode.carousel : Started. Priority: 200
2025-10-05 22:30:59,899 : INFO : EventManager : Event: ======'modes_active_modes_changed'====== Args={}
2025-10-05 22:30:59,899 : INFO : EventManager : Event: ======'mode_carousel_started'====== Args={'queue': <QueuedEvent>, 'player': 1, 'ball': 1, 'balls_remaining': 2, 'is_extra_ball': False}
2025-10-05 22:30:59,901 : INFO : EventManager : Event: ======'item_highlighted'====== Args={'carousel': 'carousel', 'direction': None, 'item': 'intergalactic'}
2025-10-05 22:30:59,901 : INFO : Mode.multiball : Started. Priority: 1000
2025-10-05 22:30:59,901 : INFO : EventManager : Event: ======'modes_active_modes_changed'====== Args={}
2025-10-05 22:30:59,902 : INFO : EventManager : Event: ======'mode_multiball_started'====== Args={'queue': <QueuedEvent>, 'player': 1, 'ball': 1, 'balls_remaining': 2, 'is_extra_ball': False}
2025-10-05 22:30:59,903 : INFO : Mode.skill_shot : Started. Priority: 500
2025-10-05 22:30:59,903 : INFO : EventManager : Event: ======'modes_active_modes_changed'====== Args={}
2025-10-05 22:30:59,903 : INFO : EventManager : Event: ======'mode_skill_shot_started'====== Args={'player': 1, 'ball': 1, 'balls_remaining': 2, 'is_extra_ball': False}
2025-10-05 22:30:59,904 : INFO : EventManager : Event: ======'player_shot_skill_side_targets'====== Args={'value': 1, 'prev_value': 0, 'change': 1, 'player_num': 1}
2025-10-05 22:30:59,905 : INFO : EventManager : Event: ======'player_shot_skill_drop_targets'====== Args={'value': 1, 'prev_value': 0, 'change': 1, 'player_num': 1}
2025-10-05 22:30:59,907 : INFO : EventManager : Event: ======'skill_shot_complete'====== Args={'state': 'flashing'}
2025-10-05 22:30:59,907 : INFO : EventManager : Event: ======'skill_shot_flashing_complete'====== Args={}
2025-10-05 22:30:59,909 : INFO : EventManager : Event: ======'single_player_ball_started'====== Args={}
2025-10-05 22:30:59,925 : INFO : EventManager : Event: ======'ball_start_target'====== Args={'target': 'playfield'}
2025-10-05 22:30:59,927 : INFO : EventManager : Event: ======'slide_base_created'====== Args={'_from_bcp': True}
2025-10-05 22:30:59,928 : INFO : ball_device.bd_plunger : Setting up player-controlled eject. Balls: 1, Target: <playfield.playfield>, player_controlled_eject_event: None
2025-10-05 22:30:59,928 : INFO : EventManager : Event: ======'balldevice_balls_available'====== Args={}
2025-10-05 22:30:59,930 : INFO : ball_device.bd_trough : State: waiting_for_target_ready
2025-10-05 22:30:59,931 : INFO : EventManager : Event: ======'balldevice_bd_trough_ball_eject_attempt'====== Args={'balls': 1, 'target': <ball_device.bd_plunger>, 'source': <ball_device.bd_trough>, 'mechanical_eject': True, 'num_attempts': 0}
2025-10-05 22:30:59,931 : INFO : ball_device.bd_plunger : State: waiting_for_ball
2025-10-05 22:30:59,933 : INFO : ball_device.bd_trough : State: ejecting
2025-10-05 22:30:59,933 : INFO : ball_device.bd_trough : Ejecting ball to <ball_device.bd_plunger>
2025-10-05 22:30:59,934 : INFO : EventManager : Event: ======'balldevice_bd_trough_ejecting_ball'====== Args={'balls': 1, 'target': <ball_device.bd_plunger>, 'source': <ball_device.bd_trough>, 'mechanical_eject': True, 'num_attempts': 0}
2025-10-05 22:30:59,935 : INFO : EventManager : Event: ======'slide_score_overlay_created'====== Args={'_from_bcp': True}
2025-10-05 22:30:59,935 : INFO : EventManager : Event: ======'slide_attract_inactive'====== Args={'is_removing': True, '_from_bcp': True}
2025-10-05 22:30:59,937 : INFO : EventManager : Event: ======'slide_score_overlay_active'====== Args={'original_context': 'base', 'original_calling_context': 'mode_base_started', 'priority': 100.0, 'queue': '<QueuedEvent>', 'player': 1.0, 'ball': 1.0, 'balls_remaining': 2.0, 'is_extra_ball': False, 'cmd': 'slides_play', '_from_bcp': True}
2025-10-05 22:30:59,939 : INFO : ball_device.bd_trough : Wait for ball to leave device
2025-10-05 22:30:59,941 : INFO : coil.c_trough_eject : Pulsing Driver for 20ms (1.0 pulse_power)
2025-10-05 22:30:59,941 : INFO : SwitchController : <<<<<<< 's_trough1' inactive >>>>>>>
2025-10-05 22:30:59,947 : INFO : EventManager : Event: ======'slide_attract_removed'====== Args={'_from_bcp': True}
2025-10-05 22:30:59,948 : INFO : ball_device.bd_trough : State: ball_left
2025-10-05 22:30:59,949 : INFO : ball_device.bd_trough : Ball left
2025-10-05 22:30:59,949 : INFO : ball_device.bd_trough : Wait for confirm with timeout 3.0
2025-10-05 22:30:59,951 : INFO : EventManager : Event: ======'slide_current_mode_highlighted_created'====== Args={'_from_bcp': True}
2025-10-05 22:31:00,051 : INFO : SwitchController : <<<<<<< 's_plunger' active >>>>>>>
2025-10-05 22:31:00,051 : INFO : EventManager : Event: ======'machine_var_audits_switches_s_plunger'====== Args={'value': 778, 'prev_value': 777, 'change': 1}
2025-10-05 22:31:00,198 : INFO : EventManager : Event: ======'slide_skillshot_overlay_created'====== Args={'_from_bcp': True}
2025-10-05 22:31:00,566 : INFO : ball_device.bd_plunger : Received ball from <ball_device.bd_trough>
2025-10-05 22:31:00,566 : INFO : EventManager : Event: ======'balldevice_bd_plunger_ball_enter'====== Args={'new_balls': 1, 'unclaimed_balls': 0, 'new_available_balls': 0, 'device': <ball_device.bd_plunger>}
2025-10-05 22:31:00,566 : INFO : EventManager : Event: ======'balldevice_bd_plunger_ball_entered'====== Args={'new_balls': 0, 'device': <ball_device.bd_plunger>}
2025-10-05 22:31:00,567 : INFO : EventManager : Event: ======'balldevice_bd_plunger_ball_count_changed'====== Args={'balls': 1}
2025-10-05 22:31:00,568 : INFO : ball_device.bd_trough : Got eject confirm
2025-10-05 22:31:00,568 : INFO : ball_device.bd_trough : Eject successful
2025-10-05 22:31:00,568 : INFO : EventManager : Event: ======'balldevice_bd_trough_ball_eject_success'====== Args={'balls': 1, 'target': <ball_device.bd_plunger>}
2025-10-05 22:31:00,569 : INFO : EventManager : Event: ======'balldevice_bd_trough_ball_count_changed'====== Args={'balls': 5}
2025-10-05 22:31:00,569 : INFO : ball_device.bd_trough : State: idle
2025-10-05 22:31:00,570 : INFO : ball_device.bd_plunger : State: waiting_for_target_ready
2025-10-05 22:31:00,570 : INFO : EventManager : Event: ======'balldevice_bd_plunger_ball_eject_attempt'====== Args={'balls': 1, 'target': <playfield.playfield>, 'source': <ball_device.bd_plunger>, 'mechanical_eject': True, 'num_attempts': 0}
2025-10-05 22:31:00,572 : INFO : ball_device.bd_plunger : State: ejecting
2025-10-05 22:31:00,572 : INFO : ball_device.bd_plunger : Ejecting ball to <playfield.playfield>
2025-10-05 22:31:00,572 : INFO : EventManager : Event: ======'balldevice_bd_plunger_ejecting_ball'====== Args={'balls': 1, 'target': <playfield.playfield>, 'source': <ball_device.bd_plunger>, 'mechanical_eject': True, 'num_attempts': 0}
2025-10-05 22:31:00,574 : INFO : ball_device.bd_plunger : Wait for ball to leave device
2025-10-05 22:31:00,723 : INFO : SwitchController : <<<<<<< 's_plunger' inactive >>>>>>>
2025-10-05 22:31:00,723 : INFO : EventManager : Event: ======'ball_out'====== Args={}
2025-10-05 22:31:00,723 : INFO : EventManager : Event: ======'ball_save_default_timer_start'====== Args={}
2025-10-05 22:31:00,728 : INFO : ball_device.bd_plunger : State: ball_left
2025-10-05 22:31:00,729 : INFO : ball_device.bd_plunger : Ball left
2025-10-05 22:31:00,729 : INFO : ball_device.bd_plunger : Wait for confirm with timeout 3.0
2025-10-05 22:31:01,173 : INFO : SwitchController : <<<<<<< 's_three_bank_bottom' active >>>>>>>
2025-10-05 22:31:01,173 : INFO : EventManager : Event: ======'playfield_active'====== Args={'source': 'skill_drop_targets'}
2025-10-05 22:31:01,174 : INFO : EventManager : Event: ======'s_three_bank_bottom_active'====== Args={}
2025-10-05 22:31:01,174 : INFO : EventManager : Event: ======'playfield_active'====== Args={'source': 'bottom'}
2025-10-05 22:31:01,174 : INFO : EventManager : Event: ======'drop_target_bottom_down'====== Args={'device': <drop_target.bottom>}
2025-10-05 22:31:01,174 : INFO : EventManager : Event: ======'drop_target_bank_three_bank_mixed'====== Args={'prev_value': <DropTargetBankState.UP: 'up'>, 'down': 1}
2025-10-05 22:31:01,174 : INFO : EventManager : Event: ======'machine_var_audits_switches_s_three_bank_bottom'====== Args={'value': 235, 'prev_value': 234, 'change': 1}
2025-10-05 22:31:01,176 : INFO : EventManager : Event: ======'player_shot_skill_drop_targets'====== Args={'value': 2, 'prev_value': 1, 'change': 1, 'player_num': 1}
2025-10-05 22:31:01,177 : INFO : EventManager : Event: ======'machine_var_audits_shots_skill_drop_targets'====== Args={'value': 81, 'prev_value': 80, 'change': 1}
2025-10-05 22:31:01,177 : INFO : EventManager : Event: ======'skill_drop_targets_hit'====== Args={'profile': 'skill_shot_profile', 'state': 'flashing', 'advancing': True}
2025-10-05 22:31:01,177 : INFO : EventManager : Event: ======'skill_drop_targets_skill_shot_profile_hit'====== Args={'profile': 'skill_shot_profile', 'state': 'flashing', 'advancing': True}
2025-10-05 22:31:01,177 : INFO : EventManager : Event: ======'skill_drop_targets_skill_shot_profile_flashing_hit'====== Args={'profile': 'skill_shot_profile', 'state': 'flashing', 'advancing': True}
2025-10-05 22:31:01,177 : INFO : EventManager : Event: ======'skill_drop_targets_flashing_hit'====== Args={'profile': 'skill_shot_profile', 'state': 'flashing', 'advancing': True}
2025-10-05 22:31:01,177 : INFO : EventManager : Event: ======'player_score'====== Args={'value': 2220, 'prev_value': 0, 'change': 2220, 'player_num': 1, 'source': 'base'}
2025-10-05 22:31:01,177 : INFO : EventManager : Event: ======'skill_shot_hit'====== Args={'shot': 'skill_drop_targets'}
2025-10-05 22:31:01,178 : INFO : EventManager : Event: ======'skill_shot_flashing_hit'====== Args={'shot': 'skill_drop_targets'}
2025-10-05 22:31:01,178 : INFO : state_machine.skill_shot_success : Transitioning from start to success
2025-10-05 22:31:01,178 : INFO : EventManager : Event: ======'skill_success'====== Args={}
2025-10-05 22:31:01,178 : INFO : EventManager : Event: ======'mode_skill_shot_will_stop'====== Args={}
2025-10-05 22:31:01,179 : INFO : EventManager : Event: ======'mode_skill_shot_stopping'====== Args={}
2025-10-05 22:31:01,179 : INFO : EventManager : Event: ======'player_score'====== Args={'value': 2002220, 'prev_value': 2220, 'change': 2000000, 'player_num': 1, 'source': 'skill_shot'}
2025-10-05 22:31:01,180 : INFO : Mode.skill_shot : Stopped.
2025-10-05 22:31:01,180 : INFO : EventManager : Event: ======'modes_active_modes_changed'====== Args={}
2025-10-05 22:31:01,181 : INFO : EventManager : Event: ======'mode_skill_shot_stopped'====== Args={}
2025-10-05 22:31:01,181 : INFO : EventManager : Event: ======'clear'====== Args={'key': 'skill_shot'}
2025-10-05 22:31:01,182 : INFO : Timer.skill_shot_timeout : Stopping Timer
2025-10-05 22:31:01,182 : INFO : EventManager : Event: ======'timer_skill_shot_timeout_stopped'====== Args={'ticks': 0, 'ticks_remaining': 0}
2025-10-05 22:31:01,208 : INFO : ball_device.bd_plunger : Got eject confirm
2025-10-05 22:31:01,208 : INFO : ball_device.bd_plunger : Eject successful
2025-10-05 22:31:01,209 : INFO : EventManager : Event: ======'balldevice_bd_plunger_ball_eject_success'====== Args={'balls': 1, 'target': <playfield.playfield>}
2025-10-05 22:31:01,210 : INFO : EventManager : Event: ======'slide_skillshot_overlay_removed'====== Args={'_from_bcp': True}
2025-10-05 22:31:01,210 : INFO : EventManager : Event: ======'slide_skillshot_success_overlay_created'====== Args={'_from_bcp': True}
2025-10-05 22:31:01,210 : INFO : EventManager : Event: ======'balldevice_playfield_ball_enter'====== Args={'new_balls': 1, 'unclaimed_balls': 1, 'device': <playfield.playfield>}
2025-10-05 22:31:01,211 : INFO : EventManager : Event: ======'playfield_ball_count_change'====== Args={'balls': 1, 'change': 1}
2025-10-05 22:31:01,212 : INFO : EventManager : Event: ======'balldevice_bd_plunger_ball_count_changed'====== Args={'balls': 0}
2025-10-05 22:31:01,212 : INFO : ball_device.bd_plunger : State: idle
2025-10-05 22:31:01,456 : INFO : SwitchController : <<<<<<< 's_three_bank_middle' active >>>>>>>
2025-10-05 22:31:01,456 : INFO : EventManager : Event: ======'s_three_bank_middle_active'====== Args={}
2025-10-05 22:31:01,457 : INFO : EventManager : Event: ======'drop_target_middle_down'====== Args={'device': <drop_target.middle>}
2025-10-05 22:31:01,457 : INFO : EventManager : Event: ======'drop_target_bank_three_bank_mixed'====== Args={'prev_value': <DropTargetBankState.MIXED: 'mixed'>, 'down': 2}
2025-10-05 22:31:01,457 : INFO : EventManager : Event: ======'machine_var_audits_switches_s_three_bank_middle'====== Args={'value': 268, 'prev_value': 267, 'change': 1}
2025-10-05 22:31:01,458 : INFO : EventManager : Event: ======'player_score'====== Args={'value': 2004440, 'prev_value': 2002220, 'change': 2220, 'player_num': 1, 'source': 'base'}
2025-10-05 22:31:01,673 : INFO : SwitchController : <<<<<<< 's_three_bank_top' active >>>>>>>
2025-10-05 22:31:01,673 : INFO : EventManager : Event: ======'s_three_bank_top_active'====== Args={}
2025-10-05 22:31:01,673 : INFO : EventManager : Event: ======'drop_target_top_down'====== Args={'device': <drop_target.top>}
2025-10-05 22:31:01,673 : INFO : EventManager : Event: ======'drop_target_bank_three_bank_down'====== Args={}
2025-10-05 22:31:01,673 : INFO : EventManager : Event: ======'machine_var_audits_switches_s_three_bank_top'====== Args={'value': 259, 'prev_value': 258, 'change': 1}
2025-10-05 22:31:01,675 : INFO : EventManager : Event: ======'player_score'====== Args={'value': 2006660, 'prev_value': 2004440, 'change': 2220, 'player_num': 1, 'source': 'base'}
2025-10-05 22:31:01,676 : INFO : EventManager : Event: ======'logicblock_drop_target_bank_counter_updated'====== Args={'value': 2, 'enabled': True}
2025-10-05 22:31:01,676 : INFO : EventManager : Event: ======'counter_drop_target_bank_counter_hit'====== Args={'count': 2, 'hits': 2, 'remaining': 0}
2025-10-05 22:31:01,676 : INFO : EventManager : Event: ======'logicblock_drop_target_bank_counter_hit'====== Args={'count': 2, 'hits': 2, 'remaining': 0}
2025-10-05 22:31:01,677 : INFO : EventManager : Event: ======'chcheckitout_multiball_qualified'====== Args={}
2025-10-05 22:31:01,677 : INFO : EventManager : Event: ======'player_drop_target_bank_counter_count'====== Args={'value': 2, 'prev_value': 0, 'change': 2, 'player_num': 1, 'source': 'base'}
2025-10-05 22:31:01,678 : INFO : EventManager : Event: ======'logicblock_qualify_chcheckitout_multiball_updated'====== Args={'value': 1, 'enabled': True}
2025-10-05 22:31:01,678 : INFO : EventManager : Event: ======'logicblock_qualify_chcheckitout_multiball_hit'====== Args={'step': 1}
2025-10-05 22:31:01,678 : INFO : EventManager : Event: ======'drops_standup_start_multiball'====== Args={}
2025-10-05 22:31:01,678 : INFO : EventManager : Event: ======'logicblock_qualify_chcheckitout_multiball_updated'====== Args={'value': 0, 'enabled': True}
2025-10-05 22:31:01,678 : INFO : EventManager : Event: ======'logicblock_chcheckitout_multiball_ready_updated'====== Args={'value': 0, 'enabled': True}
2025-10-05 22:31:02,682 : INFO : drop_target_bank.three_bank : 3 targets are down. Will reset those.
2025-10-05 22:31:02,682 : INFO : coil.c_three_bank : Pulsing Driver for 23ms (1.0 pulse_power)
2025-10-05 22:31:02,745 : INFO : SwitchController : <<<<<<< 's_three_bank_bottom' inactive (muted) >>>>>>>
2025-10-05 22:31:02,745 : INFO : SwitchController : <<<<<<< 's_three_bank_middle' inactive (muted) >>>>>>>
2025-10-05 22:31:02,745 : INFO : SwitchController : <<<<<<< 's_three_bank_top' inactive (muted) >>>>>>>
2025-10-05 22:31:03,182 : INFO : EventManager : Event: ======'drop_target_bottom_up'====== Args={'device': <drop_target.bottom>}
2025-10-05 22:31:03,183 : INFO : EventManager : Event: ======'drop_target_middle_up'====== Args={'device': <drop_target.middle>}
2025-10-05 22:31:03,183 : INFO : EventManager : Event: ======'drop_target_top_up'====== Args={'device': <drop_target.top>}
2025-10-05 22:31:03,184 : INFO : EventManager : Event: ======'drop_target_bank_three_bank_up'====== Args={}
2025-10-05 22:31:03,188 : INFO : EventManager : Event: ======'slide_skillshot_success_overlay_removed'====== Args={'_from_bcp': True}
2025-10-05 22:31:03,745 : INFO : EventManager : Event: ======'ball_save_default_hurry_up'====== Args={}
2025-10-05 22:31:05,747 : INFO : EventManager : Event: ======'ball_save_default_grace_period'====== Args={}
2025-10-05 22:31:07,748 : INFO : EventManager : Event: ======'ball_save_default_disabled'====== Args={}
2025-10-05 22:31:08,765 : INFO : SwitchController : <<<<<<< 's_three_bank_standup' active >>>>>>>
2025-10-05 22:31:08,765 : INFO : EventManager : Event: ======'s_three_bank_standup_active'====== Args={}
2025-10-05 22:31:08,765 : INFO : EventManager : Event: ======'machine_var_audits_switches_s_three_bank_standup'====== Args={'value': 149, 'prev_value': 148, 'change': 1}
2025-10-05 22:31:08,767 : INFO : EventManager : Event: ======'three_bank_standup_hit'====== Args={'elapsed': 0}
2025-10-05 22:31:08,768 : INFO : EventManager : Event: ======'player_score'====== Args={'value': 2026670, 'prev_value': 2006660, 'change': 20010, 'player_num': 1, 'source': 'base'}
2025-10-05 22:31:08,768 : INFO : EventManager : Event: ======'logicblock_chcheckitout_multiball_ready_updated'====== Args={'value': 1, 'enabled': True}
2025-10-05 22:31:08,768 : INFO : EventManager : Event: ======'logicblock_chcheckitout_multiball_ready_hit'====== Args={'step': 1}
2025-10-05 22:31:08,768 : INFO : EventManager : Event: ======'chcheckitout_start_multiball'====== Args={}
2025-10-05 22:31:08,768 : INFO : EventManager : Event: ======'logicblock_chcheckitout_multiball_ready_updated'====== Args={'value': 0, 'enabled': True}
2025-10-05 22:31:08,768 : INFO : EventManager : Event: ======'balls_in_play'====== Args={'balls': 3}
2025-10-05 22:31:08,768 : INFO : ball_device.bd_plunger : Adding 2 ball(s) to the eject_queue with target <playfield.playfield>.
2025-10-05 22:31:08,768 : INFO : EventManager : Event: ======'balldevice_balls_available'====== Args={}
2025-10-05 22:31:08,768 : INFO : EventManager : Event: ======'balldevice_balls_available'====== Args={}
2025-10-05 22:31:08,769 : INFO : EventManager : Event: ======'ball_save_chcheckitout_timer_start'====== Args={}
2025-10-05 22:31:08,769 : INFO : EventManager : Event: ======'multiball_chcheckitout_started'====== Args={'balls': 3}
2025-10-05 22:31:08,769 : INFO : EventManager : Event: ======'player_multiball_blocking_flag'====== Args={'value': 1, 'prev_value': 0, 'change': 1, 'player_num': 1, 'source': 'multiball'}
2025-10-05 22:31:08,769 : INFO : EventManager : Event: ======'logicblock_drop_target_bank_counter_updated'====== Args={'value': 2, 'enabled': False}
2025-10-05 22:31:08,779 : INFO : ball_device.bd_trough : State: waiting_for_target_ready
2025-10-05 22:31:08,780 : INFO : EventManager : Event: ======'balldevice_bd_trough_ball_eject_attempt'====== Args={'balls': 1, 'target': <ball_device.bd_plunger>, 'source': <ball_device.bd_trough>, 'mechanical_eject': False, 'num_attempts': 0}
2025-10-05 22:31:08,780 : INFO : ball_device.bd_plunger : State: waiting_for_ball
2025-10-05 22:31:08,782 : INFO : ball_device.bd_trough : State: ejecting
2025-10-05 22:31:08,782 : INFO : ball_device.bd_trough : Ejecting ball to <ball_device.bd_plunger>
2025-10-05 22:31:08,782 : INFO : EventManager : Event: ======'balldevice_bd_trough_ejecting_ball'====== Args={'balls': 1, 'target': <ball_device.bd_plunger>, 'source': <ball_device.bd_trough>, 'mechanical_eject': False, 'num_attempts': 0}
2025-10-05 22:31:08,783 : INFO : ball_device.bd_trough : Wait for ball to leave device
2025-10-05 22:31:08,783 : INFO : coil.c_trough_eject : Pulsing Driver for 20ms (1.0 pulse_power)
2025-10-05 22:31:08,784 : INFO : SwitchController : <<<<<<< 's_trough2' inactive >>>>>>>
2025-10-05 22:31:08,788 : INFO : EventManager : Event: ======'slide_current_mode_highlighted_removed'====== Args={'_from_bcp': True}
2025-10-05 22:31:08,789 : INFO : EventManager : Event: ======'slide_base_removed'====== Args={'_from_bcp': True}
2025-10-05 22:31:08,790 : INFO : ball_device.bd_trough : State: ball_left
2025-10-05 22:31:08,790 : INFO : ball_device.bd_trough : Ball left
2025-10-05 22:31:08,790 : INFO : ball_device.bd_trough : Wait for confirm with timeout 3.0
2025-10-05 22:31:08,809 : INFO : EventManager : Event: ======'slide_multiball_created'====== Args={'_from_bcp': True}
2025-10-05 22:31:08,848 : INFO : SwitchController : <<<<<<< 's_three_bank_standup' inactive >>>>>>>
2025-10-05 22:31:08,884 : INFO : SwitchController : <<<<<<< 's_plunger' active >>>>>>>
2025-10-05 22:31:08,884 : INFO : EventManager : Event: ======'machine_var_audits_switches_s_plunger'====== Args={'value': 779, 'prev_value': 778, 'change': 1}
2025-10-05 22:31:09,384 : INFO : ball_device.bd_plunger : Received ball from <ball_device.bd_trough>
2025-10-05 22:31:09,384 : INFO : EventManager : Event: ======'balldevice_bd_plunger_ball_enter'====== Args={'new_balls': 1, 'unclaimed_balls': 0, 'new_available_balls': 0, 'device': <ball_device.bd_plunger>}
2025-10-05 22:31:09,385 : INFO : EventManager : Event: ======'balldevice_bd_plunger_ball_entered'====== Args={'new_balls': 0, 'device': <ball_device.bd_plunger>}
2025-10-05 22:31:09,385 : INFO : EventManager : Event: ======'balldevice_bd_plunger_ball_count_changed'====== Args={'balls': 1}
2025-10-05 22:31:09,386 : INFO : ball_device.bd_trough : Got eject confirm
2025-10-05 22:31:09,386 : INFO : ball_device.bd_trough : Eject successful
2025-10-05 22:31:09,386 : INFO : EventManager : Event: ======'balldevice_bd_trough_ball_eject_success'====== Args={'balls': 1, 'target': <ball_device.bd_plunger>}
2025-10-05 22:31:09,386 : INFO : EventManager : Event: ======'balldevice_bd_trough_ball_count_changed'====== Args={'balls': 4}
2025-10-05 22:31:09,387 : INFO : ball_device.bd_trough : State: idle
2025-10-05 22:31:09,387 : INFO : ball_device.bd_plunger : State: waiting_for_target_ready
2025-10-05 22:31:09,387 : INFO : EventManager : Event: ======'balldevice_bd_plunger_ball_eject_attempt'====== Args={'balls': 1, 'target': <playfield.playfield>, 'source': <ball_device.bd_plunger>, 'mechanical_eject': False, 'num_attempts': 0}
2025-10-05 22:31:09,388 : INFO : ball_device.bd_plunger : State: ejecting
2025-10-05 22:31:09,388 : INFO : ball_device.bd_plunger : Ejecting ball to <playfield.playfield>
2025-10-05 22:31:09,388 : INFO : EventManager : Event: ======'balldevice_bd_plunger_ejecting_ball'====== Args={'balls': 1, 'target': <playfield.playfield>, 'source': <ball_device.bd_plunger>, 'mechanical_eject': False, 'num_attempts': 0}
2025-10-05 22:31:09,390 : INFO : ball_device.bd_trough : State: waiting_for_target_ready
2025-10-05 22:31:09,390 : INFO : EventManager : Event: ======'balldevice_bd_trough_ball_eject_attempt'====== Args={'balls': 1, 'target': <ball_device.bd_plunger>, 'source': <ball_device.bd_trough>, 'mechanical_eject': False, 'num_attempts': 0}
2025-10-05 22:31:09,391 : INFO : ball_device.bd_plunger : Wait for ball to leave device
2025-10-05 22:31:09,391 : INFO : coil.c_plunger : Pulsing Driver for 20ms (1.0 pulse_power)
2025-10-05 22:31:09,391 : INFO : SwitchController : <<<<<<< 's_plunger' inactive >>>>>>>
2025-10-05 22:31:09,391 : INFO : EventManager : Event: ======'ball_out'====== Args={}
2025-10-05 22:31:09,396 : INFO : ball_device.bd_plunger : State: ball_left
2025-10-05 22:31:09,397 : INFO : ball_device.bd_plunger : Ball left
2025-10-05 22:31:09,397 : INFO : ball_device.bd_plunger : Wait for confirm with timeout 3.0
2025-10-05 22:31:10,636 : INFO : Machine : Shutting down...
2025-10-05 22:31:10,636 : INFO : EventManager : Event: ======'shutdown'====== Args={}
2025-10-05 22:31:10,637 : INFO : EventManager : Event: ======'mode_game_will_stop'====== Args={}
2025-10-05 22:31:10,639 : INFO : EventManager : Event: ======'mode_game_stopping'====== Args={}
2025-10-05 22:31:10,640 : INFO : EventManager : Event: ======'mode_multiball_will_stop'====== Args={}
2025-10-05 22:31:10,640 : INFO : EventManager : Event: ======'mode_multiball_stopping'====== Args={}
2025-10-05 22:31:10,640 : INFO : EventManager : Event: ======'mode_carousel_will_stop'====== Args={}
2025-10-05 22:31:10,640 : INFO : EventManager : Event: ======'mode_carousel_stopping'====== Args={}
2025-10-05 22:31:10,640 : INFO : EventManager : Event: ======'mode_base_will_stop'====== Args={}
2025-10-05 22:31:10,640 : INFO : EventManager : Event: ======'mode_base_stopping'====== Args={}
2025-10-05 22:31:10,640 : INFO : Mode.base : Stopped.
2025-10-05 22:31:10,641 : INFO : EventManager : Event: ======'modes_active_modes_changed'====== Args={}
2025-10-05 22:31:10,641 : INFO : EventManager : Event: ======'mode_base_stopped'====== Args={}
2025-10-05 22:31:10,641 : INFO : EventManager : Event: ======'clear'====== Args={'key': 'base'}
2025-10-05 22:31:10,642 : INFO : Mode.carousel : Stopped.
2025-10-05 22:31:10,642 : INFO : EventManager : Event: ======'modes_active_modes_changed'====== Args={}
2025-10-05 22:31:10,642 : INFO : EventManager : Event: ======'mode_carousel_stopped'====== Args={}
2025-10-05 22:31:10,642 : INFO : EventManager : Event: ======'clear'====== Args={'key': 'carousel'}
2025-10-05 22:31:10,643 : INFO : Mode.multiball : Stopped.
2025-10-05 22:31:10,643 : INFO : EventManager : Event: ======'modes_active_modes_changed'====== Args={}
2025-10-05 22:31:10,643 : INFO : EventManager : Event: ======'mode_multiball_stopped'====== Args={}
2025-10-05 22:31:10,643 : INFO : EventManager : Event: ======'clear'====== Args={'key': 'multiball'}
2025-10-05 22:31:10,644 : INFO : EventManager : Event: ======'multiball_chcheckitout_shoot_again_ended'====== Args={}
2025-10-05 22:31:10,645 : INFO : Mode.game : Stopped.
2025-10-05 22:31:10,645 : INFO : EventManager : Event: ======'modes_active_modes_changed'====== Args={}
2025-10-05 22:31:10,645 : INFO : EventManager : Event: ======'mode_game_stopped'====== Args={}
2025-10-05 22:31:10,645 : INFO : EventManager : Event: ======'clear'====== Args={'key': 'game'}
2025-10-05 22:31:10,648 : INFO : root : MPF run loop ended.
