2025-10-19 13:22:01,129 : INFO : root : Loading config.
2025-10-19 13:22:01,133 : INFO : YamlMultifileConfigLoader : Machine config file #1: config.yaml
2025-10-19 13:22:01,134 : INFO : ConfigProcessor : Loading config from cache: C:\Users\sdona\AppData\Local\Temp\19f6d0d7953982fda9d956182316b8e5.mpf_cache
2025-10-19 13:22:01,400 : INFO : ConfigProcessor : Loading config from cache: C:\Users\sdona\AppData\Local\Temp\835b5bfea4be8b279a05e96caaaffbbb.mpf_cache
2025-10-19 13:22:01,401 : INFO : ConfigProcessor : Loading config from cache: C:\Users\sdona\AppData\Local\Temp\9b0a7575388f9d9bd2f6ab87bf9fd2f7.mpf_cache
2025-10-19 13:22:01,402 : INFO : ConfigProcessor : Loading config from cache: C:\Users\sdona\AppData\Local\Temp\c340ec0033d1055cd797ffd5447ef414.mpf_cache
2025-10-19 13:22:01,403 : INFO : ConfigProcessor : Loading config from cache: C:\Users\sdona\AppData\Local\Temp\835b5bfea4be8b279a05e96caaaffbbb.mpf_cache
2025-10-19 13:22:01,404 : INFO : ConfigProcessor : Loading config from cache: C:\Users\sdona\AppData\Local\Temp\8c11a28e3c38d4ad47947b6a126f2ee9.mpf_cache
2025-10-19 13:22:01,406 : INFO : ConfigProcessor : Loading config from cache: C:\Users\sdona\AppData\Local\Temp\e391083cdc9e667060411fe5838e93f2.mpf_cache
2025-10-19 13:22:01,407 : INFO : ConfigProcessor : Loading config from cache: C:\Users\sdona\AppData\Local\Temp\f0c219a993d891ee86dcb7eae47dde67.mpf_cache
2025-10-19 13:22:01,408 : INFO : ConfigProcessor : Loading config from cache: C:\Users\sdona\AppData\Local\Temp\96aa58108928490b129531848cd9b506.mpf_cache
2025-10-19 13:22:01,409 : INFO : ConfigProcessor : Loading config from cache: C:\Users\sdona\AppData\Local\Temp\567636b9d9766e3361204e954a8382da.mpf_cache
2025-10-19 13:22:01,410 : INFO : ConfigProcessor : Loading config from cache: C:\Users\sdona\AppData\Local\Temp\d5ead8dff868c6c4b1faf37537a19bc2.mpf_cache
2025-10-19 13:22:01,411 : INFO : ConfigProcessor : Loading config from cache: C:\Users\sdona\AppData\Local\Temp\112f935d1c2002cb40d3e6e497be9e7c.mpf_cache
2025-10-19 13:22:01,412 : INFO : ConfigProcessor : Loading config from cache: C:\Users\sdona\AppData\Local\Temp\aba0711976820dea629bb4c00b006efc.mpf_cache
2025-10-19 13:22:01,413 : INFO : ConfigProcessor : Loading config from cache: C:\Users\sdona\AppData\Local\Temp\de8ed6c6d4c48d1b5b054ff74222cb35.mpf_cache
2025-10-19 13:22:01,415 : INFO : Machine : Mission Pinball Framework Core Engine v0.80.0.dev9
2025-10-19 13:22:01,415 : INFO : Machine : Command line arguments: {'no_load_cache': False, 'create_config_cache': True, 'bcp': True, 'configfile': ['config.yaml'], 'force_assets_load': False, 'platform_integration_test': False, 'jsonlogging': False, 'logfile': 'logs\\2025-10-19-13-22-01-mpf-PinballLaptop.log', 'pause': False, 'production': False, 'text_ui': True, 'loglevel': 15, 'consoleloglevel': 20, 'force_platform': 'smart_virtual', 'syslog_address': None, 'full_logfile_path': 'C:\\venv\\mpf\\mmmdrop\\logs\\2025-10-19-13-22-01-mpf-PinballLaptop.log'}
2025-10-19 13:22:01,415 : INFO : Machine : MPF path: c:\venv\mpf\lib\site-packages\mpf
2025-10-19 13:22:01,415 : INFO : Machine : Machine path: C:\venv\mpf\mmmdrop
2025-10-19 13:22:01,415 : INFO : Machine : Platform: win32
2025-10-19 13:22:01,415 : INFO : Machine : Python executable location: c:\venv\mpf\Scripts\python.exe
2025-10-19 13:22:01,415 : INFO : Machine : Python version: 3.9.13 (64-bit)
2025-10-19 13:22:01,417 : INFO : Machine : Initializing MPF...
2025-10-19 13:22:01,634 : INFO : EventManager : Event: ======'machine_var_credits_string'====== Args={'value': 'FREE PLAY', 'prev_value': None, 'change': True}
2025-10-19 13:22:01,662 : INFO : EventManager : Event: ======'machine_var_fast_audio_headphones_volume'====== Args={'value': 10, 'prev_value': None, 'change': True}
2025-10-19 13:22:01,662 : INFO : EventManager : Event: ======'machine_var_fast_audio_main_volume'====== Args={'value': 44, 'prev_value': None, 'change': True}
2025-10-19 13:22:01,662 : INFO : EventManager : Event: ======'machine_var_master_volume'====== Args={'value': 0.55, 'prev_value': None, 'change': True}
2025-10-19 13:22:01,662 : INFO : EventManager : Event: ======'machine_var_player1_score'====== Args={'value': 6014430, 'prev_value': None, 'change': True}
2025-10-19 13:22:01,662 : INFO : EventManager : Event: ======'machine_var_game_just_played'====== Args={'value': 0, 'prev_value': None, 'change': True}
2025-10-19 13:22:01,662 : INFO : EventManager : Event: ======'machine_var_mpf_version'====== Args={'value': 'Mission Pinball Framework v0.80.0.dev9', 'prev_value': None, 'change': True}
2025-10-19 13:22:01,662 : INFO : EventManager : Event: ======'machine_var_mpf_extended_version'====== Args={'value': 'Mission Pinball Framework v0.80.0.dev9, Config version:6, Show version: 6, BCP version:1.1', 'prev_value': None, 'change': True}
2025-10-19 13:22:01,662 : INFO : EventManager : Event: ======'machine_var_python_version'====== Args={'value': '3.9.13', 'prev_value': None, 'change': True}
2025-10-19 13:22:01,692 : INFO : EventManager : Event: ======'machine_var_platform'====== Args={'value': 'Windows-10-10.0.26100-SP0', 'prev_value': None, 'change': True}
2025-10-19 13:22:01,692 : INFO : EventManager : Event: ======'machine_var_platform_system'====== Args={'value': 'Windows', 'prev_value': None, 'change': True}
2025-10-19 13:22:01,692 : INFO : EventManager : Event: ======'machine_var_platform_release'====== Args={'value': '10', 'prev_value': None, 'change': True}
2025-10-19 13:22:01,692 : INFO : EventManager : Event: ======'machine_var_platform_version'====== Args={'value': '10.0.26100', 'prev_value': None, 'change': True}
2025-10-19 13:22:01,693 : INFO : EventManager : Event: ======'machine_var_platform_machine'====== Args={'value': 'AMD64', 'prev_value': None, 'change': True}
2025-10-19 13:22:01,693 : INFO : EventManager : Event: ======'machine_var_log_file_path'====== Args={'value': 'C:\\venv\\mpf\\mmmdrop\\logs\\2025-10-19-13-22-01-mpf-PinballLaptop.log', 'prev_value': None, 'change': True}
2025-10-19 13:22:01,693 : INFO : EventManager : Event: ======'init_phase_1'====== Args={}
2025-10-19 13:22:01,736 : INFO : EventManager : Event: ======'drop_target_bank_three_bank_up'====== Args={}
2025-10-19 13:22:01,737 : INFO : EventManager : Event: ======'init_phase_2'====== Args={}
2025-10-19 13:22:01,737 : INFO : SwitchController : Found active switch: ('3208-0', <Platform.SmartVirtual>) <switch.s_trough1>
2025-10-19 13:22:01,737 : INFO : SwitchController : Found active switch: ('3208-1', <Platform.SmartVirtual>) <switch.s_trough2>
2025-10-19 13:22:01,737 : INFO : SwitchController : Found active switch: ('3208-2', <Platform.SmartVirtual>) <switch.s_trough3>
2025-10-19 13:22:01,737 : INFO : SwitchController : Found active switch: ('3208-3', <Platform.SmartVirtual>) <switch.s_trough4>
2025-10-19 13:22:01,737 : INFO : SwitchController : Found active switch: ('3208-4', <Platform.SmartVirtual>) <switch.s_trough5>
2025-10-19 13:22:01,737 : INFO : SwitchController : Found active switch: ('3208-5', <Platform.SmartVirtual>) <switch.s_trough6>
2025-10-19 13:22:01,749 : INFO : EventManager : Event: ======'bcp_connection_attempt'====== Args={'name': 'local_display', 'host': 'localhost', 'port': 5050}
2025-10-19 13:22:01,751 : INFO : BCPClientSocket : Connecting BCP to 'local_display' at localhost:5050...
2025-10-19 13:31:58,949 : INFO : Machine : Starting the main run loop with active modes: []
2025-10-19 13:31:58,950 : WARNING : Machine : Attract mode is not active, game will not be playable. Please check your attract mode configuration.
2025-10-19 13:31:58,950 : INFO : Machine : Shutting down...
2025-10-19 13:31:58,950 : INFO : EventManager : Event: ======'shutdown'====== Args={}
2025-10-19 13:31:59,965 : INFO : root : MPF run loop ended.
