2025-10-02 20:30:05,058 : INFO : root : Loading config.
2025-10-02 20:30:05,075 : INFO : YamlMultifileConfigLoader : Machine config file #1: config.yaml
2025-10-02 20:30:05,076 : INFO : ConfigProcessor : Loading config from cache: C:\Users\sdona\AppData\Local\Temp\19f6d0d7953982fda9d956182316b8e5.mpf_cache
2025-10-02 20:30:05,190 : INFO : ConfigProcessor : Loading config from cache: C:\Users\sdona\AppData\Local\Temp\835b5bfea4be8b279a05e96caaaffbbb.mpf_cache
2025-10-02 20:30:05,191 : INFO : ConfigProcessor : Loading config from cache: C:\Users\sdona\AppData\Local\Temp\9b0a7575388f9d9bd2f6ab87bf9fd2f7.mpf_cache
2025-10-02 20:30:05,193 : INFO : ConfigProcessor : Loading config from cache: C:\Users\sdona\AppData\Local\Temp\c340ec0033d1055cd797ffd5447ef414.mpf_cache
2025-10-02 20:30:05,195 : INFO : ConfigProcessor : Loading config from cache: C:\Users\sdona\AppData\Local\Temp\835b5bfea4be8b279a05e96caaaffbbb.mpf_cache
2025-10-02 20:30:05,196 : INFO : ConfigProcessor : Loading config from cache: C:\Users\sdona\AppData\Local\Temp\8c11a28e3c38d4ad47947b6a126f2ee9.mpf_cache
2025-10-02 20:30:05,198 : INFO : ConfigProcessor : Loading config from cache: C:\Users\sdona\AppData\Local\Temp\e391083cdc9e667060411fe5838e93f2.mpf_cache
2025-10-02 20:30:05,200 : INFO : ConfigProcessor : Loading config from cache: C:\Users\sdona\AppData\Local\Temp\f0c219a993d891ee86dcb7eae47dde67.mpf_cache
2025-10-02 20:30:05,201 : INFO : ConfigProcessor : Loading config from cache: C:\Users\sdona\AppData\Local\Temp\96aa58108928490b129531848cd9b506.mpf_cache
2025-10-02 20:30:05,203 : INFO : ConfigProcessor : Loading config from cache: C:\Users\sdona\AppData\Local\Temp\567636b9d9766e3361204e954a8382da.mpf_cache
2025-10-02 20:30:05,205 : INFO : Machine : Mission Pinball Framework Core Engine v0.80.0.dev9
2025-10-02 20:30:05,206 : INFO : Machine : Command line arguments: {'no_load_cache': False, 'create_config_cache': True, 'bcp': True, 'configfile': ['config.yaml'], 'force_assets_load': False, 'platform_integration_test': False, 'jsonlogging': False, 'logfile': 'logs\\2025-10-02-20-30-05-mpf-PinballLaptop.log', 'pause': False, 'production': False, 'text_ui': True, 'loglevel': 15, 'consoleloglevel': 20, 'force_platform': 'smart_virtual', 'syslog_address': None, 'full_logfile_path': 'C:\\venv\\mpf\\mmmdrop\\logs\\2025-10-02-20-30-05-mpf-PinballLaptop.log'}
2025-10-02 20:30:05,206 : INFO : Machine : MPF path: c:\venv\mpf\lib\site-packages\mpf
2025-10-02 20:30:05,206 : INFO : Machine : Machine path: C:\venv\mpf\mmmdrop
2025-10-02 20:30:05,206 : INFO : Machine : Platform: win32
2025-10-02 20:30:05,206 : INFO : Machine : Python executable location: c:\venv\mpf\Scripts\python.exe
2025-10-02 20:30:05,206 : INFO : Machine : Python version: 3.9.13 (64-bit)
2025-10-02 20:30:05,208 : INFO : Machine : Initializing MPF...
2025-10-02 20:30:05,527 : INFO : EventManager : Event: ======'machine_var_credits_string'====== Args={'value': 'FREE PLAY', 'prev_value': None, 'change': True}
2025-10-02 20:30:05,556 : INFO : EventManager : Event: ======'machine_var_fast_audio_headphones_volume'====== Args={'value': 10, 'prev_value': None, 'change': True}
2025-10-02 20:30:05,556 : INFO : EventManager : Event: ======'machine_var_fast_audio_main_volume'====== Args={'value': 44, 'prev_value': None, 'change': True}
2025-10-02 20:30:05,556 : INFO : EventManager : Event: ======'machine_var_master_volume'====== Args={'value': 0.15, 'prev_value': None, 'change': True}
2025-10-02 20:30:05,556 : INFO : EventManager : Event: ======'machine_var_player1_score'====== Args={'value': 140190, 'prev_value': None, 'change': True}
2025-10-02 20:30:05,556 : INFO : EventManager : Event: ======'machine_var_mpf_version'====== Args={'value': 'Mission Pinball Framework v0.80.0.dev9', 'prev_value': None, 'change': True}
2025-10-02 20:30:05,556 : INFO : EventManager : Event: ======'machine_var_mpf_extended_version'====== Args={'value': 'Mission Pinball Framework v0.80.0.dev9, Config version:6, Show version: 6, BCP version:1.1', 'prev_value': None, 'change': True}
2025-10-02 20:30:05,557 : INFO : EventManager : Event: ======'machine_var_python_version'====== Args={'value': '3.9.13', 'prev_value': None, 'change': True}
2025-10-02 20:30:05,584 : INFO : EventManager : Event: ======'machine_var_platform'====== Args={'value': 'Windows-10-10.0.26100-SP0', 'prev_value': None, 'change': True}
2025-10-02 20:30:05,585 : INFO : EventManager : Event: ======'machine_var_platform_system'====== Args={'value': 'Windows', 'prev_value': None, 'change': True}
2025-10-02 20:30:05,585 : INFO : EventManager : Event: ======'machine_var_platform_release'====== Args={'value': '10', 'prev_value': None, 'change': True}
2025-10-02 20:30:05,585 : INFO : EventManager : Event: ======'machine_var_platform_version'====== Args={'value': '10.0.26100', 'prev_value': None, 'change': True}
2025-10-02 20:30:05,585 : INFO : EventManager : Event: ======'machine_var_platform_machine'====== Args={'value': 'AMD64', 'prev_value': None, 'change': True}
2025-10-02 20:30:05,585 : INFO : EventManager : Event: ======'machine_var_log_file_path'====== Args={'value': 'C:\\venv\\mpf\\mmmdrop\\logs\\2025-10-02-20-30-05-mpf-PinballLaptop.log', 'prev_value': None, 'change': True}
2025-10-02 20:30:05,585 : INFO : EventManager : Event: ======'init_phase_1'====== Args={}
2025-10-02 20:30:05,616 : INFO : EventManager : Event: ======'drop_target_bank_three_bank_up'====== Args={}
2025-10-02 20:30:05,616 : INFO : EventManager : Event: ======'init_phase_2'====== Args={}
2025-10-02 20:30:05,617 : INFO : SwitchController : Found active switch: ('3208-0', <Platform.SmartVirtual>) <switch.s_trough1>
2025-10-02 20:30:05,617 : INFO : SwitchController : Found active switch: ('3208-1', <Platform.SmartVirtual>) <switch.s_trough2>
2025-10-02 20:30:05,617 : INFO : SwitchController : Found active switch: ('3208-2', <Platform.SmartVirtual>) <switch.s_trough3>
2025-10-02 20:30:05,617 : INFO : SwitchController : Found active switch: ('3208-3', <Platform.SmartVirtual>) <switch.s_trough4>
2025-10-02 20:30:05,617 : INFO : SwitchController : Found active switch: ('3208-4', <Platform.SmartVirtual>) <switch.s_trough5>
2025-10-02 20:30:05,617 : INFO : SwitchController : Found active switch: ('3208-5', <Platform.SmartVirtual>) <switch.s_trough6>
2025-10-02 20:30:05,621 : INFO : EventManager : Event: ======'bcp_connection_attempt'====== Args={'name': 'local_display', 'host': 'localhost', 'port': 5050}
2025-10-02 20:30:05,623 : INFO : BCPClientSocket : Connecting BCP to 'local_display' at localhost:5050...
2025-10-02 20:30:09,807 : INFO : BCPClientSocket : Connected BCP to 'local_display' localhost:5050
2025-10-02 20:30:09,808 : INFO : EventManager : Event: ======'bcp_clients_connected'====== Args={}
2025-10-02 20:30:09,985 : INFO : ball_device.bd_trough : BCH: Initial count: 6
2025-10-02 20:30:09,986 : INFO : ball_device.bd_trough : State: idle
2025-10-02 20:30:09,986 : INFO : ball_device.bd_plunger : BCH: Initial count: 0
2025-10-02 20:30:09,986 : INFO : ball_device.bd_plunger : State: idle
2025-10-02 20:30:09,987 : INFO : ball_device.bd_scoop : BCH: Initial count: 0
2025-10-02 20:30:09,987 : INFO : ball_device.bd_scoop : State: idle
2025-10-02 20:30:10,003 : INFO : EventManager : Event: ======'init_phase_3'====== Args={}
2025-10-02 20:30:10,007 : INFO : EventManager : Event: ======'init_phase_4'====== Args={}
2025-10-02 20:30:10,007 : INFO : BallController : Initial balls found: 6
2025-10-02 20:30:10,009 : INFO : EventManager : Event: ======'machine_var_audits_events_game_ended'====== Args={'value': 36, 'prev_value': None, 'change': True}
2025-10-02 20:30:10,009 : INFO : EventManager : Event: ======'machine_var_audits_events_game_started'====== Args={'value': 234, 'prev_value': None, 'change': True}
2025-10-02 20:30:10,009 : INFO : EventManager : Event: ======'machine_var_audits_missing_switches_s_center_upper_pop'====== Args={'value': 10, 'prev_value': None, 'change': True}
2025-10-02 20:30:10,009 : INFO : EventManager : Event: ======'machine_var_audits_missing_switches_s_inner_orbit'====== Args={'value': 160, 'prev_value': None, 'change': True}
2025-10-02 20:30:10,009 : INFO : EventManager : Event: ======'machine_var_audits_missing_switches_s_left_flipper'====== Args={'value': 32, 'prev_value': None, 'change': True}
2025-10-02 20:30:10,009 : INFO : EventManager : Event: ======'machine_var_audits_missing_switches_s_left_inlane'====== Args={'value': 45, 'prev_value': None, 'change': True}
2025-10-02 20:30:10,009 : INFO : EventManager : Event: ======'machine_var_audits_missing_switches_s_left_outlane'====== Args={'value': 45, 'prev_value': None, 'change': True}
2025-10-02 20:30:10,009 : INFO : EventManager : Event: ======'machine_var_audits_missing_switches_s_left_slingshot'====== Args={'value': 160, 'prev_value': None, 'change': True}
2025-10-02 20:30:10,009 : INFO : EventManager : Event: ======'machine_var_audits_missing_switches_s_left_upper_pop'====== Args={'value': 10, 'prev_value': None, 'change': True}
2025-10-02 20:30:10,010 : INFO : EventManager : Event: ======'machine_var_audits_missing_switches_s_pop_standup'====== Args={'value': 4, 'prev_value': None, 'change': True}
2025-10-02 20:30:10,010 : INFO : EventManager : Event: ======'machine_var_audits_missing_switches_s_right_flipper'====== Args={'value': 32, 'prev_value': None, 'change': True}
2025-10-02 20:30:10,010 : INFO : EventManager : Event: ======'machine_var_audits_missing_switches_s_right_inlane'====== Args={'value': 45, 'prev_value': None, 'change': True}
2025-10-02 20:30:10,010 : INFO : EventManager : Event: ======'machine_var_audits_missing_switches_s_right_outlane'====== Args={'value': 45, 'prev_value': None, 'change': True}
2025-10-02 20:30:10,010 : INFO : EventManager : Event: ======'machine_var_audits_missing_switches_s_right_slingshot'====== Args={'value': 10, 'prev_value': None, 'change': True}
2025-10-02 20:30:10,010 : INFO : EventManager : Event: ======'machine_var_audits_missing_switches_s_spinner'====== Args={'value': 66, 'prev_value': None, 'change': True}
2025-10-02 20:30:10,010 : INFO : EventManager : Event: ======'machine_var_audits_missing_switches_s_start'====== Args={'value': 29, 'prev_value': None, 'change': True}
2025-10-02 20:30:10,010 : INFO : EventManager : Event: ======'machine_var_audits_missing_switches_s_tilt_bob'====== Args={'value': 168, 'prev_value': None, 'change': True}
2025-10-02 20:30:10,010 : INFO : EventManager : Event: ======'machine_var_audits_missing_switches_s_top_right_flipper'====== Args={'value': 160, 'prev_value': None, 'change': True}
2025-10-02 20:30:10,011 : INFO : EventManager : Event: ======'machine_var_audits_missing_switches_s_trough4'====== Args={'value': 159, 'prev_value': None, 'change': True}
2025-10-02 20:30:10,011 : INFO : EventManager : Event: ======'machine_var_audits_missing_switches_s_trough5'====== Args={'value': 159, 'prev_value': None, 'change': True}
2025-10-02 20:30:10,011 : INFO : EventManager : Event: ======'machine_var_audits_missing_switches_s_trough6'====== Args={'value': 9, 'prev_value': None, 'change': True}
2025-10-02 20:30:10,011 : INFO : EventManager : Event: ======'machine_var_audits_missing_switches_s_trough_jam'====== Args={'value': 160, 'prev_value': None, 'change': True}
2025-10-02 20:30:10,011 : INFO : EventManager : Event: ======'machine_var_audits_missing_switches_s_tshirt_bottom_standup'====== Args={'value': 6, 'prev_value': None, 'change': True}
2025-10-02 20:30:10,011 : INFO : EventManager : Event: ======'machine_var_audits_missing_switches_s_tshirt_top_standup'====== Args={'value': 7, 'prev_value': None, 'change': True}
2025-10-02 20:30:10,011 : INFO : EventManager : Event: ======'machine_var_audits_missing_switches_s_upper_pop_standup'====== Args={'value': 160, 'prev_value': None, 'change': True}
2025-10-02 20:30:10,011 : INFO : EventManager : Event: ======'machine_var_audits_player_score'====== Args={'value': {'average': 16766, 'top': [140190, 55679, 54526, 46225, 25350, 24166, 23278, 22740, 20422, 20201], 'total': 37}, 'prev_value': None, 'change': True}
2025-10-02 20:30:10,011 : INFO : EventManager : Event: ======'machine_var_audits_shots_skill_captive'====== Args={'value': 16, 'prev_value': None, 'change': True}
2025-10-02 20:30:10,012 : INFO : EventManager : Event: ======'machine_var_audits_shots_skill_drop_targets'====== Args={'value': 17, 'prev_value': None, 'change': True}
2025-10-02 20:30:10,012 : INFO : EventManager : Event: ======'machine_var_audits_shots_skill_side_targets'====== Args={'value': 24, 'prev_value': None, 'change': True}
2025-10-02 20:30:10,012 : INFO : EventManager : Event: ======'machine_var_audits_switches_s_captive_ball'====== Args={'value': 161, 'prev_value': None, 'change': True}
2025-10-02 20:30:10,012 : INFO : EventManager : Event: ======'machine_var_audits_switches_s_center_upper_pop'====== Args={'value': 194, 'prev_value': None, 'change': True}
2025-10-02 20:30:10,012 : INFO : EventManager : Event: ======'machine_var_audits_switches_s_inner_orbit'====== Args={'value': 0, 'prev_value': None, 'change': True}
2025-10-02 20:30:10,012 : INFO : EventManager : Event: ======'machine_var_audits_switches_s_left_flipper'====== Args={'value': 1243, 'prev_value': None, 'change': True}
2025-10-02 20:30:10,012 : INFO : EventManager : Event: ======'machine_var_audits_switches_s_left_inlane'====== Args={'value': 109, 'prev_value': None, 'change': True}
2025-10-02 20:30:10,012 : INFO : EventManager : Event: ======'machine_var_audits_switches_s_left_orbit'====== Args={'value': 21, 'prev_value': None, 'change': True}
2025-10-02 20:30:10,012 : INFO : EventManager : Event: ======'machine_var_audits_switches_s_left_outlane'====== Args={'value': 55, 'prev_value': None, 'change': True}
2025-10-02 20:30:10,013 : INFO : EventManager : Event: ======'machine_var_audits_switches_s_left_ramp'====== Args={'value': 32, 'prev_value': None, 'change': True}
2025-10-02 20:30:10,013 : INFO : EventManager : Event: ======'machine_var_audits_switches_s_left_slingshot'====== Args={'value': 259, 'prev_value': None, 'change': True}
2025-10-02 20:30:10,013 : INFO : EventManager : Event: ======'machine_var_audits_switches_s_left_upper_pop'====== Args={'value': 147, 'prev_value': None, 'change': True}
2025-10-02 20:30:10,013 : INFO : EventManager : Event: ======'machine_var_audits_switches_s_plunger'====== Args={'value': 650, 'prev_value': None, 'change': True}
2025-10-02 20:30:10,013 : INFO : EventManager : Event: ======'machine_var_audits_switches_s_pop_standup'====== Args={'value': 65, 'prev_value': None, 'change': True}
2025-10-02 20:30:10,013 : INFO : EventManager : Event: ======'machine_var_audits_switches_s_right_flipper'====== Args={'value': 1515, 'prev_value': None, 'change': True}
2025-10-02 20:30:10,013 : INFO : EventManager : Event: ======'machine_var_audits_switches_s_right_inlane'====== Args={'value': 106, 'prev_value': None, 'change': True}
2025-10-02 20:30:10,013 : INFO : EventManager : Event: ======'machine_var_audits_switches_s_right_lower_pop'====== Args={'value': 444, 'prev_value': None, 'change': True}
2025-10-02 20:30:10,013 : INFO : EventManager : Event: ======'machine_var_audits_switches_s_right_orbit'====== Args={'value': 21, 'prev_value': None, 'change': True}
2025-10-02 20:30:10,014 : INFO : EventManager : Event: ======'machine_var_audits_switches_s_right_outlane'====== Args={'value': 53, 'prev_value': None, 'change': True}
2025-10-02 20:30:10,014 : INFO : EventManager : Event: ======'machine_var_audits_switches_s_right_ramp'====== Args={'value': 35, 'prev_value': None, 'change': True}
2025-10-02 20:30:10,014 : INFO : EventManager : Event: ======'machine_var_audits_switches_s_right_slingshot'====== Args={'value': 366, 'prev_value': None, 'change': True}
2025-10-02 20:30:10,014 : INFO : EventManager : Event: ======'machine_var_audits_switches_s_scoop'====== Args={'value': 161, 'prev_value': None, 'change': True}
2025-10-02 20:30:10,014 : INFO : EventManager : Event: ======'machine_var_audits_switches_s_spinner'====== Args={'value': 1371, 'prev_value': None, 'change': True}
2025-10-02 20:30:10,014 : INFO : EventManager : Event: ======'machine_var_audits_switches_s_start'====== Args={'value': 55, 'prev_value': None, 'change': True}
2025-10-02 20:30:10,014 : INFO : EventManager : Event: ======'machine_var_audits_switches_s_three_bank_bottom'====== Args={'value': 150, 'prev_value': None, 'change': True}
2025-10-02 20:30:10,014 : INFO : EventManager : Event: ======'machine_var_audits_switches_s_three_bank_middle'====== Args={'value': 153, 'prev_value': None, 'change': True}
2025-10-02 20:30:10,014 : INFO : EventManager : Event: ======'machine_var_audits_switches_s_three_bank_standup'====== Args={'value': 111, 'prev_value': None, 'change': True}
2025-10-02 20:30:10,014 : INFO : EventManager : Event: ======'machine_var_audits_switches_s_three_bank_top'====== Args={'value': 146, 'prev_value': None, 'change': True}
2025-10-02 20:30:10,014 : INFO : EventManager : Event: ======'machine_var_audits_switches_s_tilt_bob'====== Args={'value': 21, 'prev_value': None, 'change': True}
2025-10-02 20:30:10,014 : INFO : EventManager : Event: ======'machine_var_audits_switches_s_top_right_flipper'====== Args={'value': 1294, 'prev_value': None, 'change': True}
2025-10-02 20:30:10,016 : INFO : EventManager : Event: ======'machine_var_audits_switches_s_trough1'====== Args={'value': 244, 'prev_value': None, 'change': True}
2025-10-02 20:30:10,016 : INFO : EventManager : Event: ======'machine_var_audits_switches_s_trough2'====== Args={'value': 250, 'prev_value': None, 'change': True}
2025-10-02 20:30:10,016 : INFO : EventManager : Event: ======'machine_var_audits_switches_s_trough3'====== Args={'value': 179, 'prev_value': None, 'change': True}
2025-10-02 20:30:10,016 : INFO : EventManager : Event: ======'machine_var_audits_switches_s_trough4'====== Args={'value': 160, 'prev_value': None, 'change': True}
2025-10-02 20:30:10,016 : INFO : EventManager : Event: ======'machine_var_audits_switches_s_trough5'====== Args={'value': 160, 'prev_value': None, 'change': True}
2025-10-02 20:30:10,016 : INFO : EventManager : Event: ======'machine_var_audits_switches_s_trough6'====== Args={'value': 161, 'prev_value': None, 'change': True}
2025-10-02 20:30:10,016 : INFO : EventManager : Event: ======'machine_var_audits_switches_s_trough_jam'====== Args={'value': 206, 'prev_value': None, 'change': True}
2025-10-02 20:30:10,016 : INFO : EventManager : Event: ======'machine_var_audits_switches_s_tshirt_bottom_standup'====== Args={'value': 31, 'prev_value': None, 'change': True}
2025-10-02 20:30:10,017 : INFO : EventManager : Event: ======'machine_var_audits_switches_s_tshirt_top_standup'====== Args={'value': 55, 'prev_value': None, 'change': True}
2025-10-02 20:30:10,017 : INFO : EventManager : Event: ======'machine_var_audits_switches_s_upper_pop_standup'====== Args={'value': 158, 'prev_value': None, 'change': True}
2025-10-02 20:30:10,017 : INFO : EventManager : Event: ======'init_phase_5'====== Args={}
2025-10-02 20:30:10,074 : INFO : EventManager : Event: ======'init_done'====== Args={}
2025-10-02 20:30:10,074 : INFO : EventManager : Event: ======'machine_reset_phase_1'====== Args={}
2025-10-02 20:30:10,082 : INFO : EventManager : Event: ======'machine_reset_phase_2'====== Args={}
2025-10-02 20:30:10,083 : INFO : EventManager : Event: ======'machine_reset_phase_3'====== Args={}
2025-10-02 20:30:10,083 : INFO : drop_target_bank.three_bank : All targets are already up. Will not reset bank.
2025-10-02 20:30:10,083 : INFO : EventManager : Event: ======'reset_complete'====== Args={}
2025-10-02 20:30:10,083 : INFO : EventManager : Event: ======'mode_attract_will_start'====== Args={}
2025-10-02 20:30:10,083 : INFO : EventManager : Event: ======'mode_attract_starting'====== Args={}
2025-10-02 20:30:10,084 : INFO : Mode.attract : Started. Priority: 10
2025-10-02 20:30:10,084 : INFO : EventManager : Event: ======'modes_active_modes_changed'====== Args={}
2025-10-02 20:30:10,084 : INFO : EventManager : Event: ======'mode_attract_started'====== Args={}
2025-10-02 20:30:10,084 : INFO : EventManager : Event: ======'collecting_balls_complete'====== Args={}
2025-10-02 20:30:10,102 : INFO : EventManager : Event: ======'slide_loading_created'====== Args={'_from_bcp': True}
2025-10-02 20:30:10,102 : INFO : EventManager : Event: ======'slide__removed'====== Args={'_from_bcp': True}
2025-10-02 20:30:10,102 : INFO : EventManager : Event: ======'slide_loading_active'====== Args={'original_context': '_global', 'original_calling_context': 'init_done', 'priority': 0.0, 'cmd': 'slides_play', '_from_bcp': True}
2025-10-02 20:30:10,103 : INFO : Machine : Starting the main run loop with active modes: [<Mode.attract>]
2025-10-02 20:30:10,154 : INFO : EventManager : Event: ======'slide_attract_created'====== Args={'_from_bcp': True}
2025-10-02 20:30:10,154 : INFO : EventManager : Event: ======'slide_loading_inactive'====== Args={'is_removing': True, '_from_bcp': True}
2025-10-02 20:30:10,154 : INFO : EventManager : Event: ======'slide_attract_active'====== Args={'original_context': 'attract', 'original_calling_context': 'mode_attract_started', 'priority': 10.0, 'cmd': 'slides_play', '_from_bcp': True}
2025-10-02 20:30:10,155 : INFO : EventManager : Event: ======'slide_loading_removed'====== Args={'_from_bcp': True}
2025-10-02 20:30:10,946 : INFO : BcpServer : New client connected.
2025-10-02 20:30:14,302 : INFO : SwitchController : <<<<<<< 's_start' active >>>>>>>
2025-10-02 20:30:14,434 : INFO : SwitchController : <<<<<<< 's_start' inactive >>>>>>>
2025-10-02 20:30:14,434 : INFO : EventManager : Event: ======'request_to_start_game'====== Args={}
2025-10-02 20:30:14,435 : INFO : EventManager : Event: ======'game_start'====== Args={'buttons': [], 'hold_time': 0.125}
2025-10-02 20:30:14,435 : INFO : EventManager : Event: ======'mode_game_will_start'====== Args={'buttons': [], 'hold_time': 0.125}
2025-10-02 20:30:14,435 : INFO : EventManager : Event: ======'mode_game_starting'====== Args={'buttons': [], 'hold_time': 0.125}
2025-10-02 20:30:14,435 : INFO : EventManager : Event: ======'mode_attract_will_stop'====== Args={}
2025-10-02 20:30:14,436 : INFO : EventManager : Event: ======'mode_attract_stopping'====== Args={}
2025-10-02 20:30:14,436 : INFO : Mode.attract : Stopped.
2025-10-02 20:30:14,436 : INFO : EventManager : Event: ======'modes_active_modes_changed'====== Args={}
2025-10-02 20:30:14,436 : INFO : EventManager : Event: ======'mode_attract_stopped'====== Args={}
2025-10-02 20:30:14,436 : INFO : EventManager : Event: ======'clear'====== Args={'key': 'attract'}
2025-10-02 20:30:14,437 : INFO : Mode.game : Started. Priority: 20
2025-10-02 20:30:14,437 : INFO : EventManager : Event: ======'modes_active_modes_changed'====== Args={}
2025-10-02 20:30:14,437 : INFO : EventManager : Event: ======'mode_game_started'====== Args={'buttons': [], 'hold_time': 0.125}
2025-10-02 20:30:14,444 : INFO : EventManager : Event: ======'game_will_start'====== Args={}
2025-10-02 20:30:14,445 : INFO : EventManager : Event: ======'game_starting'====== Args={'game': <Mode.game>}
2025-10-02 20:30:14,446 : INFO : EventManager : Unordered handler for class <Auditor> on event game_ended with priority 1. Handlers: [RegisteredHandler(callback=<bound method Auditor.disable of <Auditor>>, priority=1, kwargs={}, key=UUID('f12c75f5-a24c-43ff-a0b6-183bedfd9168'), condition=None, blocking_facility=None), RegisteredHandler(callback=<bound method Auditor._save_audits of <Auditor>>, priority=1, kwargs={}, key=UUID('8ff5d5de-ed9b-4bf4-8ef2-63d8d65e396c'), condition=None, blocking_facility=None)]. The order of those handlers is not defined and they will be executed in random order. This might lead to race conditions and potential bugs.
2025-10-02 20:30:14,447 : INFO : EventManager : Event: ======'player_add_request'====== Args={}
2025-10-02 20:30:14,447 : INFO : EventManager : Event: ======'player_will_add'====== Args={'number': 1}
2025-10-02 20:30:14,447 : INFO : EventManager : Event: ======'player_adding'====== Args={'player': <Player 1>, 'number': 1}
2025-10-02 20:30:14,449 : INFO : EventManager : Event: ======'player_added'====== Args={'player': <Player 1>, 'num': 1}
2025-10-02 20:30:14,449 : INFO : Mode.game : Player added successfully. Total players: 1
2025-10-02 20:30:14,449 : INFO : EventManager : Event: ======'player_index'====== Args={'value': 0, 'prev_value': 0, 'change': 0, 'player_num': 1}
2025-10-02 20:30:14,450 : INFO : EventManager : Event: ======'player_number'====== Args={'value': 1, 'prev_value': 1, 'change': 0, 'player_num': 1}
2025-10-02 20:30:14,450 : INFO : EventManager : Event: ======'player_score'====== Args={'value': 0, 'prev_value': 0, 'change': 0, 'player_num': 1}
2025-10-02 20:30:14,451 : INFO : EventManager : Event: ======'game_started'====== Args={}
2025-10-02 20:30:14,460 : INFO : EventManager : Event: ======'player_turn_will_start'====== Args={'player': <Player 1>, 'number': 1}
2025-10-02 20:30:14,469 : INFO : EventManager : Event: ======'player_turn_starting'====== Args={'player': <Player 1>, 'number': 1}
2025-10-02 20:30:14,470 : INFO : EventManager : Event: ======'player_ball'====== Args={'value': 1, 'prev_value': 0, 'change': 1, 'player_num': 1}
2025-10-02 20:30:14,471 : INFO : EventManager : Event: ======'player_turn_started'====== Args={'player': <Player 1>, 'number': 1}
2025-10-02 20:30:14,472 : INFO : EventManager : Event: ======'ball_will_start'====== Args={'player': 1, 'ball': 1, 'balls_remaining': 2, 'is_extra_ball': False}
2025-10-02 20:30:14,475 : INFO : EventManager : Event: ======'ball_starting'====== Args={'player': 1, 'ball': 1, 'balls_remaining': 2, 'is_extra_ball': False}
2025-10-02 20:30:14,477 : INFO : EventManager : Event: ======'mode_base_will_start'====== Args={'queue': <QueuedEvent>, 'player': 1, 'ball': 1, 'balls_remaining': 2, 'is_extra_ball': False}
2025-10-02 20:30:14,482 : INFO : EventManager : Event: ======'mode_base_starting'====== Args={'queue': <QueuedEvent>, 'player': 1, 'ball': 1, 'balls_remaining': 2, 'is_extra_ball': False}
2025-10-02 20:30:14,483 : INFO : drop_target_bank.three_bank : All targets are already up. Will not reset bank.
2025-10-02 20:30:14,484 : INFO : EventManager : Event: ======'balls_in_play'====== Args={'balls': 1}
2025-10-02 20:30:14,485 : INFO : EventManager : Event: ======'ball_started'====== Args={'player': 1, 'ball': 1, 'balls_remaining': 2, 'is_extra_ball': False}
2025-10-02 20:30:14,486 : INFO : EventManager : Event: ======'logicblock_qualify_chcheckitout_multiball_updated'====== Args={'value': 0, 'enabled': True}
2025-10-02 20:30:14,486 : INFO : EventManager : Event: ======'logicblock_drop_target_bank_counter_updated'====== Args={'value': 0, 'enabled': True}
2025-10-02 20:30:14,486 : INFO : EventManager : Event: ======'logicblock_qualify_chcheckitout_multiball_updated'====== Args={'value': 0, 'enabled': True}
2025-10-02 20:30:14,486 : INFO : EventManager : Event: ======'logicblock_chcheckitout_multiball_ready_updated'====== Args={'value': 0, 'enabled': False}
2025-10-02 20:30:14,486 : INFO : EventManager : Event: ======'logicblock_drop_target_bank_counter_updated'====== Args={'value': 0, 'enabled': True}
2025-10-02 20:30:14,487 : INFO : Mode.base : Started. Priority: 100
2025-10-02 20:30:14,487 : INFO : EventManager : Event: ======'modes_active_modes_changed'====== Args={}
2025-10-02 20:30:14,487 : INFO : EventManager : Event: ======'mode_base_started'====== Args={'queue': <QueuedEvent>, 'player': 1, 'ball': 1, 'balls_remaining': 2, 'is_extra_ball': False}
2025-10-02 20:30:14,488 : INFO : EventManager : Event: ======'mode_skill_shot_will_start'====== Args={'player': 1, 'ball': 1, 'balls_remaining': 2, 'is_extra_ball': False}
2025-10-02 20:30:14,488 : INFO : EventManager : Event: ======'player_shot_skill_side_targets_enabled'====== Args={'value': True, 'prev_value': 0, 'change': 1, 'player_num': 1}
2025-10-02 20:30:14,490 : INFO : EventManager : Event: ======'player_shot_skill_drop_targets_enabled'====== Args={'value': True, 'prev_value': 0, 'change': 1, 'player_num': 1}
2025-10-02 20:30:14,490 : INFO : EventManager : Event: ======'skill_shot_complete'====== Args={'state': 'unlit'}
2025-10-02 20:30:14,490 : INFO : EventManager : Event: ======'skill_shot_unlit_complete'====== Args={}
2025-10-02 20:30:14,492 : INFO : EventManager : Event: ======'player_skill_shot_skill_shot_timeout_tick'====== Args={'value': 0, 'prev_value': 0, 'change': 0, 'player_num': 1}
2025-10-02 20:30:14,495 : INFO : EventManager : Event: ======'mode_skill_shot_starting'====== Args={'player': 1, 'ball': 1, 'balls_remaining': 2, 'is_extra_ball': False}
2025-10-02 20:30:14,496 : INFO : EventManager : Event: ======'logicblock_drop_target_bank_counter_updated'====== Args={'value': 1, 'enabled': True}
2025-10-02 20:30:14,496 : INFO : EventManager : Event: ======'counter_drop_target_bank_counter_hit'====== Args={'count': 1, 'hits': 1, 'remaining': 1}
2025-10-02 20:30:14,496 : INFO : EventManager : Event: ======'logicblock_drop_target_bank_counter_hit'====== Args={'count': 1, 'hits': 1, 'remaining': 1}
2025-10-02 20:30:14,497 : INFO : EventManager : Event: ======'player_drop_target_bank_counter_count'====== Args={'value': 1, 'prev_value': 0, 'change': 1, 'player_num': 1, 'source': 'base'}
2025-10-02 20:30:14,498 : INFO : EventManager : Event: ======'player_drop_target_bank_counter_count'====== Args={'value': 0, 'prev_value': 1, 'change': -1, 'player_num': 1, 'source': 'base'}
2025-10-02 20:30:14,498 : INFO : EventManager : Event: ======'mode_multiball_will_start'====== Args={'queue': <QueuedEvent>, 'player': 1, 'ball': 1, 'balls_remaining': 2, 'is_extra_ball': False}
2025-10-02 20:30:14,500 : INFO : EventManager : Event: ======'mode_multiball_starting'====== Args={'queue': <QueuedEvent>, 'player': 1, 'ball': 1, 'balls_remaining': 2, 'is_extra_ball': False}
2025-10-02 20:30:14,500 : INFO : EventManager : Event: ======'mode_carousel_will_start'====== Args={'queue': <QueuedEvent>, 'player': 1, 'ball': 1, 'balls_remaining': 2, 'is_extra_ball': False}
2025-10-02 20:30:14,501 : INFO : EventManager : Event: ======'mode_carousel_starting'====== Args={'queue': <QueuedEvent>, 'player': 1, 'ball': 1, 'balls_remaining': 2, 'is_extra_ball': False}
2025-10-02 20:30:14,502 : INFO : EventManager : Event: ======'ball_save_default_enabled'====== Args={}
2025-10-02 20:30:14,503 : INFO : Mode.carousel : Started. Priority: 200
2025-10-02 20:30:14,503 : INFO : EventManager : Event: ======'modes_active_modes_changed'====== Args={}
2025-10-02 20:30:14,503 : INFO : EventManager : Event: ======'mode_carousel_started'====== Args={'queue': <QueuedEvent>, 'player': 1, 'ball': 1, 'balls_remaining': 2, 'is_extra_ball': False}
2025-10-02 20:30:14,504 : INFO : EventManager : Event: ======'item_highlighted'====== Args={'carousel': 'carousel', 'direction': None, 'item': 'intergalactic'}
2025-10-02 20:30:14,505 : INFO : Mode.multiball : Started. Priority: 1000
2025-10-02 20:30:14,505 : INFO : EventManager : Event: ======'modes_active_modes_changed'====== Args={}
2025-10-02 20:30:14,505 : INFO : EventManager : Event: ======'mode_multiball_started'====== Args={'queue': <QueuedEvent>, 'player': 1, 'ball': 1, 'balls_remaining': 2, 'is_extra_ball': False}
2025-10-02 20:30:14,505 : INFO : Mode.skill_shot : Started. Priority: 500
2025-10-02 20:30:14,506 : INFO : EventManager : Event: ======'modes_active_modes_changed'====== Args={}
2025-10-02 20:30:14,506 : INFO : EventManager : Event: ======'mode_skill_shot_started'====== Args={'player': 1, 'ball': 1, 'balls_remaining': 2, 'is_extra_ball': False}
2025-10-02 20:30:14,507 : INFO : EventManager : Event: ======'player_shot_skill_side_targets'====== Args={'value': 1, 'prev_value': 0, 'change': 1, 'player_num': 1}
2025-10-02 20:30:14,508 : INFO : EventManager : Event: ======'player_shot_skill_drop_targets'====== Args={'value': 1, 'prev_value': 0, 'change': 1, 'player_num': 1}
2025-10-02 20:30:14,509 : INFO : EventManager : Event: ======'skill_shot_complete'====== Args={'state': 'flashing'}
2025-10-02 20:30:14,509 : INFO : EventManager : Event: ======'skill_shot_flashing_complete'====== Args={}
2025-10-02 20:30:14,510 : INFO : EventManager : Event: ======'single_player_ball_started'====== Args={}
2025-10-02 20:30:14,528 : INFO : EventManager : Event: ======'ball_start_target'====== Args={'target': 'playfield'}
2025-10-02 20:30:14,529 : INFO : EventManager : Event: ======'slide_base_created'====== Args={'_from_bcp': True}
2025-10-02 20:30:14,530 : INFO : EventManager : Event: ======'slide_score_overlay_created'====== Args={'_from_bcp': True}
2025-10-02 20:30:14,530 : INFO : EventManager : Event: ======'slide_attract_inactive'====== Args={'is_removing': True, '_from_bcp': True}
2025-10-02 20:30:14,531 : INFO : EventManager : Event: ======'slide_score_overlay_active'====== Args={'original_context': 'base', 'original_calling_context': 'mode_base_started', 'priority': 100.0, 'queue': '<QueuedEvent>', 'player': 1.0, 'ball': 1.0, 'balls_remaining': 2.0, 'is_extra_ball': False, 'cmd': 'slides_play', '_from_bcp': True}
2025-10-02 20:30:14,532 : INFO : ball_device.bd_plunger : Setting up player-controlled eject. Balls: 1, Target: <playfield.playfield>, player_controlled_eject_event: None
2025-10-02 20:30:14,533 : INFO : EventManager : Event: ======'balldevice_balls_available'====== Args={}
2025-10-02 20:30:14,534 : INFO : EventManager : Event: ======'slide_attract_removed'====== Args={'_from_bcp': True}
2025-10-02 20:30:14,536 : INFO : ball_device.bd_trough : State: waiting_for_target_ready
2025-10-02 20:30:14,537 : INFO : EventManager : Event: ======'balldevice_bd_trough_ball_eject_attempt'====== Args={'balls': 1, 'target': <ball_device.bd_plunger>, 'source': <ball_device.bd_trough>, 'mechanical_eject': True, 'num_attempts': 0}
2025-10-02 20:30:14,537 : INFO : ball_device.bd_plunger : State: waiting_for_ball
2025-10-02 20:30:14,538 : INFO : ball_device.bd_trough : State: ejecting
2025-10-02 20:30:14,538 : INFO : ball_device.bd_trough : Ejecting ball to <ball_device.bd_plunger>
2025-10-02 20:30:14,539 : INFO : EventManager : Event: ======'balldevice_bd_trough_ejecting_ball'====== Args={'balls': 1, 'target': <ball_device.bd_plunger>, 'source': <ball_device.bd_trough>, 'mechanical_eject': True, 'num_attempts': 0}
2025-10-02 20:30:14,540 : INFO : ball_device.bd_trough : Wait for ball to leave device
2025-10-02 20:30:14,541 : INFO : coil.c_trough_eject : Pulsing Driver for 20ms (1.0 pulse_power)
2025-10-02 20:30:14,541 : INFO : SwitchController : <<<<<<< 's_trough1' inactive >>>>>>>
2025-10-02 20:30:14,546 : INFO : EventManager : Event: ======'slide_current_mode_highlighted_created'====== Args={'_from_bcp': True}
2025-10-02 20:30:14,547 : INFO : ball_device.bd_trough : State: ball_left
2025-10-02 20:30:14,547 : INFO : ball_device.bd_trough : Ball left
2025-10-02 20:30:14,548 : INFO : ball_device.bd_trough : Wait for confirm with timeout 3.0
2025-10-02 20:30:14,633 : INFO : SwitchController : <<<<<<< 's_plunger' active >>>>>>>
2025-10-02 20:30:14,634 : INFO : EventManager : Event: ======'machine_var_audits_switches_s_plunger'====== Args={'value': 651, 'prev_value': 650, 'change': 1}
2025-10-02 20:30:14,797 : INFO : EventManager : Event: ======'slide_skillshot_overlay_created'====== Args={'_from_bcp': True}
2025-10-02 20:30:14,797 : INFO : EventManager : Event: ======'slide_score_overlay_inactive'====== Args={'is_removing': False, '_from_bcp': True}
2025-10-02 20:30:14,797 : INFO : EventManager : Event: ======'slide_skillshot_overlay_active'====== Args={'original_context': 'skill_shot', 'original_calling_context': 'mode_skill_shot_started', 'priority': 500.0, 'player': 1.0, 'ball': 1.0, 'balls_remaining': 2.0, 'is_extra_ball': False, 'cmd': 'slides_play', '_from_bcp': True}
2025-10-02 20:30:15,134 : INFO : ball_device.bd_plunger : Received ball from <ball_device.bd_trough>
2025-10-02 20:30:15,134 : INFO : EventManager : Event: ======'balldevice_bd_plunger_ball_enter'====== Args={'new_balls': 1, 'unclaimed_balls': 0, 'new_available_balls': 0, 'device': <ball_device.bd_plunger>}
2025-10-02 20:30:15,135 : INFO : EventManager : Event: ======'balldevice_bd_plunger_ball_entered'====== Args={'new_balls': 0, 'device': <ball_device.bd_plunger>}
2025-10-02 20:30:15,135 : INFO : EventManager : Event: ======'balldevice_bd_plunger_ball_count_changed'====== Args={'balls': 1}
2025-10-02 20:30:15,136 : INFO : ball_device.bd_trough : Got eject confirm
2025-10-02 20:30:15,136 : INFO : ball_device.bd_trough : Eject successful
2025-10-02 20:30:15,136 : INFO : EventManager : Event: ======'balldevice_bd_trough_ball_eject_success'====== Args={'balls': 1, 'target': <ball_device.bd_plunger>}
2025-10-02 20:30:15,137 : INFO : EventManager : Event: ======'balldevice_bd_trough_ball_count_changed'====== Args={'balls': 5}
2025-10-02 20:30:15,137 : INFO : ball_device.bd_trough : State: idle
2025-10-02 20:30:15,137 : INFO : ball_device.bd_plunger : State: waiting_for_target_ready
2025-10-02 20:30:15,138 : INFO : EventManager : Event: ======'balldevice_bd_plunger_ball_eject_attempt'====== Args={'balls': 1, 'target': <playfield.playfield>, 'source': <ball_device.bd_plunger>, 'mechanical_eject': True, 'num_attempts': 0}
2025-10-02 20:30:15,138 : INFO : ball_device.bd_plunger : State: ejecting
2025-10-02 20:30:15,139 : INFO : ball_device.bd_plunger : Ejecting ball to <playfield.playfield>
2025-10-02 20:30:15,139 : INFO : EventManager : Event: ======'balldevice_bd_plunger_ejecting_ball'====== Args={'balls': 1, 'target': <playfield.playfield>, 'source': <ball_device.bd_plunger>, 'mechanical_eject': True, 'num_attempts': 0}
2025-10-02 20:30:15,140 : INFO : ball_device.bd_plunger : Wait for ball to leave device
2025-10-02 20:30:16,413 : INFO : SwitchController : <<<<<<< 's_plunger' inactive >>>>>>>
2025-10-02 20:30:16,413 : INFO : EventManager : Event: ======'ball_out'====== Args={}
2025-10-02 20:30:16,414 : INFO : EventManager : Event: ======'ball_save_default_timer_start'====== Args={}
2025-10-02 20:30:16,418 : INFO : ball_device.bd_plunger : State: ball_left
2025-10-02 20:30:16,418 : INFO : ball_device.bd_plunger : Ball left
2025-10-02 20:30:16,418 : INFO : ball_device.bd_plunger : Wait for confirm with timeout 3.0
2025-10-02 20:30:19,423 : INFO : EventManager : Event: ======'ball_save_default_hurry_up'====== Args={}
2025-10-02 20:30:19,423 : INFO : ball_device.bd_plunger : State: failed_confirm
2025-10-02 20:30:19,424 : INFO : ball_device.bd_plunger : Got timeout (3.0s) before confirm from <playfield.playfield>
2025-10-02 20:30:19,531 : INFO : ball_device.bd_plunger : Confirming eject because target is playfield and ball did not return.
2025-10-02 20:30:19,531 : INFO : ball_device.bd_plunger : Eject successful
2025-10-02 20:30:19,531 : INFO : EventManager : Event: ======'balldevice_bd_plunger_ball_eject_success'====== Args={'balls': 1, 'target': <playfield.playfield>}
2025-10-02 20:30:19,532 : INFO : EventManager : Event: ======'balldevice_playfield_ball_enter'====== Args={'new_balls': 1, 'unclaimed_balls': 1, 'device': <playfield.playfield>}
2025-10-02 20:30:19,532 : INFO : EventManager : Event: ======'playfield_ball_count_change'====== Args={'balls': 1, 'change': 1}
2025-10-02 20:30:19,532 : INFO : Timer.skill_shot_timeout : Starting Timer.
2025-10-02 20:30:19,533 : INFO : EventManager : Event: ======'timer_skill_shot_timeout_started'====== Args={'ticks': 0, 'ticks_remaining': 3}
2025-10-02 20:30:19,533 : INFO : EventManager : Event: ======'timer_skill_shot_timeout_tick'====== Args={'ticks': 0, 'ticks_remaining': 3}
2025-10-02 20:30:19,533 : INFO : EventManager : Event: ======'balldevice_bd_plunger_ball_count_changed'====== Args={'balls': 0}
2025-10-02 20:30:19,534 : INFO : ball_device.bd_plunger : State: idle
2025-10-02 20:30:20,512 : INFO : EventManager : Event: ======'player_skill_shot_skill_shot_timeout_tick'====== Args={'value': 1, 'prev_value': 0, 'change': 1, 'player_num': 1}
2025-10-02 20:30:20,513 : INFO : EventManager : Event: ======'timer_skill_shot_timeout_tick'====== Args={'ticks': 1, 'ticks_remaining': 2}
2025-10-02 20:30:21,424 : INFO : EventManager : Event: ======'ball_save_default_grace_period'====== Args={}
2025-10-02 20:30:21,518 : INFO : EventManager : Event: ======'player_skill_shot_skill_shot_timeout_tick'====== Args={'value': 2, 'prev_value': 1, 'change': 1, 'player_num': 1}
2025-10-02 20:30:21,519 : INFO : EventManager : Event: ======'timer_skill_shot_timeout_tick'====== Args={'ticks': 2, 'ticks_remaining': 1}
2025-10-02 20:30:22,519 : INFO : EventManager : Event: ======'player_skill_shot_skill_shot_timeout_tick'====== Args={'value': 3, 'prev_value': 2, 'change': 1, 'player_num': 1}
2025-10-02 20:30:22,520 : INFO : Timer.skill_shot_timeout : Timer Complete
2025-10-02 20:30:22,520 : INFO : Timer.skill_shot_timeout : Stopping Timer
2025-10-02 20:30:22,520 : INFO : EventManager : Event: ======'timer_skill_shot_timeout_stopped'====== Args={'ticks': 3, 'ticks_remaining': 1}
2025-10-02 20:30:22,520 : INFO : EventManager : Event: ======'timer_skill_shot_timeout_complete'====== Args={'ticks': 3, 'ticks_remaining': 1}
2025-10-02 20:30:22,520 : INFO : state_machine.skill_shot_success : Transitioning from start to failed
2025-10-02 20:30:22,521 : INFO : EventManager : Event: ======'skill_failed'====== Args={}
2025-10-02 20:30:22,521 : INFO : EventManager : Event: ======'mode_skill_shot_will_stop'====== Args={}
2025-10-02 20:30:22,521 : INFO : EventManager : Event: ======'mode_skill_shot_stopping'====== Args={}
2025-10-02 20:30:22,521 : INFO : Mode.skill_shot : Stopped.
2025-10-02 20:30:22,521 : INFO : EventManager : Event: ======'modes_active_modes_changed'====== Args={}
2025-10-02 20:30:22,522 : INFO : EventManager : Event: ======'mode_skill_shot_stopped'====== Args={}
2025-10-02 20:30:22,522 : INFO : EventManager : Event: ======'clear'====== Args={'key': 'skill_shot'}
2025-10-02 20:30:22,523 : INFO : Timer.skill_shot_timeout : Stopping Timer
2025-10-02 20:30:22,523 : INFO : EventManager : Event: ======'timer_skill_shot_timeout_stopped'====== Args={'ticks': 3, 'ticks_remaining': 1}
2025-10-02 20:30:22,541 : INFO : EventManager : Event: ======'slide_skillshot_overlay_inactive'====== Args={'is_removing': True, '_from_bcp': True}
2025-10-02 20:30:22,542 : INFO : EventManager : Event: ======'slide_score_overlay_active'====== Args={'_from_bcp': True}
2025-10-02 20:30:22,542 : INFO : EventManager : Event: ======'slide_skillshot_overlay_removed'====== Args={'_from_bcp': True}
2025-10-02 20:30:23,412 : INFO : EventManager : Event: ======'ball_save_default_disabled'====== Args={}
2025-10-02 20:30:24,472 : INFO : SwitchController : <<<<<<< 's_three_bank_top' active >>>>>>>
2025-10-02 20:30:24,473 : INFO : EventManager : Event: ======'s_three_bank_top_active'====== Args={}
2025-10-02 20:30:24,473 : INFO : EventManager : Event: ======'drop_target_top_down'====== Args={'device': <drop_target.top>}
2025-10-02 20:30:24,473 : INFO : EventManager : Event: ======'drop_target_bank_three_bank_mixed'====== Args={'prev_value': <DropTargetBankState.UP: 'up'>, 'down': 1}
2025-10-02 20:30:24,474 : INFO : EventManager : Event: ======'machine_var_audits_switches_s_three_bank_top'====== Args={'value': 147, 'prev_value': 146, 'change': 1}
2025-10-02 20:30:24,475 : INFO : EventManager : Event: ======'player_score'====== Args={'value': 2220, 'prev_value': 0, 'change': 2220, 'player_num': 1, 'source': 'base'}
2025-10-02 20:30:24,973 : INFO : SwitchController : <<<<<<< 's_three_bank_middle' active >>>>>>>
2025-10-02 20:30:24,974 : INFO : EventManager : Event: ======'s_three_bank_middle_active'====== Args={}
2025-10-02 20:30:24,974 : INFO : EventManager : Event: ======'drop_target_middle_down'====== Args={'device': <drop_target.middle>}
2025-10-02 20:30:24,974 : INFO : EventManager : Event: ======'drop_target_bank_three_bank_mixed'====== Args={'prev_value': <DropTargetBankState.MIXED: 'mixed'>, 'down': 2}
2025-10-02 20:30:24,974 : INFO : EventManager : Event: ======'machine_var_audits_switches_s_three_bank_middle'====== Args={'value': 154, 'prev_value': 153, 'change': 1}
2025-10-02 20:30:24,975 : INFO : EventManager : Event: ======'player_score'====== Args={'value': 4440, 'prev_value': 2220, 'change': 2220, 'player_num': 1, 'source': 'base'}
2025-10-02 20:30:26,371 : INFO : SwitchController : <<<<<<< 's_three_bank_bottom' active >>>>>>>
2025-10-02 20:30:26,371 : INFO : EventManager : Event: ======'s_three_bank_bottom_active'====== Args={}
2025-10-02 20:30:26,371 : INFO : EventManager : Event: ======'drop_target_bottom_down'====== Args={'device': <drop_target.bottom>}
2025-10-02 20:30:26,372 : INFO : EventManager : Event: ======'drop_target_bank_three_bank_down'====== Args={}
2025-10-02 20:30:26,372 : INFO : EventManager : Event: ======'machine_var_audits_switches_s_three_bank_bottom'====== Args={'value': 151, 'prev_value': 150, 'change': 1}
2025-10-02 20:30:26,373 : INFO : EventManager : Event: ======'player_score'====== Args={'value': 6660, 'prev_value': 4440, 'change': 2220, 'player_num': 1, 'source': 'base'}
2025-10-02 20:30:26,374 : INFO : EventManager : Event: ======'logicblock_drop_target_bank_counter_updated'====== Args={'value': 2, 'enabled': True}
2025-10-02 20:30:26,374 : INFO : EventManager : Event: ======'counter_drop_target_bank_counter_hit'====== Args={'count': 2, 'hits': 2, 'remaining': 0}
2025-10-02 20:30:26,374 : INFO : EventManager : Event: ======'logicblock_drop_target_bank_counter_hit'====== Args={'count': 2, 'hits': 2, 'remaining': 0}
2025-10-02 20:30:26,374 : INFO : EventManager : Event: ======'chcheckitout_multiball_qualified'====== Args={}
2025-10-02 20:30:26,374 : INFO : EventManager : Event: ======'player_drop_target_bank_counter_count'====== Args={'value': 2, 'prev_value': 0, 'change': 2, 'player_num': 1, 'source': 'base'}
2025-10-02 20:30:26,375 : INFO : EventManager : Event: ======'logicblock_qualify_chcheckitout_multiball_updated'====== Args={'value': 1, 'enabled': True}
2025-10-02 20:30:26,375 : INFO : EventManager : Event: ======'logicblock_qualify_chcheckitout_multiball_hit'====== Args={'step': 1}
2025-10-02 20:30:26,375 : INFO : EventManager : Event: ======'drops_standup_start_multiball'====== Args={}
2025-10-02 20:30:26,375 : INFO : EventManager : Event: ======'logicblock_qualify_chcheckitout_multiball_updated'====== Args={'value': 0, 'enabled': True}
2025-10-02 20:30:26,375 : INFO : EventManager : Event: ======'logicblock_chcheckitout_multiball_ready_updated'====== Args={'value': 0, 'enabled': True}
2025-10-02 20:30:27,359 : INFO : drop_target_bank.three_bank : 3 targets are down. Will reset those.
2025-10-02 20:30:27,359 : INFO : coil.c_three_bank : Pulsing Driver for 23ms (1.0 pulse_power)
2025-10-02 20:30:27,399 : INFO : SwitchController : <<<<<<< 's_three_bank_bottom' inactive (muted) >>>>>>>
2025-10-02 20:30:27,399 : INFO : SwitchController : <<<<<<< 's_three_bank_middle' inactive (muted) >>>>>>>
2025-10-02 20:30:27,400 : INFO : SwitchController : <<<<<<< 's_three_bank_top' inactive (muted) >>>>>>>
2025-10-02 20:30:27,877 : INFO : EventManager : Event: ======'drop_target_bottom_up'====== Args={'device': <drop_target.bottom>}
2025-10-02 20:30:27,878 : INFO : EventManager : Event: ======'drop_target_middle_up'====== Args={'device': <drop_target.middle>}
2025-10-02 20:30:27,878 : INFO : EventManager : Event: ======'drop_target_top_up'====== Args={'device': <drop_target.top>}
2025-10-02 20:30:27,879 : INFO : EventManager : Event: ======'drop_target_bank_three_bank_up'====== Args={}
2025-10-02 20:30:30,419 : INFO : SwitchController : <<<<<<< 's_three_bank_top' active >>>>>>>
2025-10-02 20:30:30,419 : INFO : EventManager : Event: ======'s_three_bank_top_active'====== Args={}
2025-10-02 20:30:30,420 : INFO : EventManager : Event: ======'drop_target_top_down'====== Args={'device': <drop_target.top>}
2025-10-02 20:30:30,420 : INFO : EventManager : Event: ======'drop_target_bank_three_bank_mixed'====== Args={'prev_value': <DropTargetBankState.UP: 'up'>, 'down': 1}
2025-10-02 20:30:30,420 : INFO : EventManager : Event: ======'machine_var_audits_switches_s_three_bank_top'====== Args={'value': 148, 'prev_value': 147, 'change': 1}
2025-10-02 20:30:30,421 : INFO : EventManager : Event: ======'player_score'====== Args={'value': 8880, 'prev_value': 6660, 'change': 2220, 'player_num': 1, 'source': 'base'}
2025-10-02 20:30:30,518 : INFO : SwitchController : <<<<<<< 's_three_bank_middle' active >>>>>>>
2025-10-02 20:30:30,518 : INFO : EventManager : Event: ======'s_three_bank_middle_active'====== Args={}
2025-10-02 20:30:30,518 : INFO : EventManager : Event: ======'drop_target_middle_down'====== Args={'device': <drop_target.middle>}
2025-10-02 20:30:30,518 : INFO : EventManager : Event: ======'drop_target_bank_three_bank_mixed'====== Args={'prev_value': <DropTargetBankState.MIXED: 'mixed'>, 'down': 2}
2025-10-02 20:30:30,518 : INFO : EventManager : Event: ======'machine_var_audits_switches_s_three_bank_middle'====== Args={'value': 155, 'prev_value': 154, 'change': 1}
2025-10-02 20:30:30,519 : INFO : EventManager : Event: ======'player_score'====== Args={'value': 11100, 'prev_value': 8880, 'change': 2220, 'player_num': 1, 'source': 'base'}
2025-10-02 20:30:31,913 : INFO : SwitchController : <<<<<<< 's_three_bank_standup' active >>>>>>>
2025-10-02 20:30:31,913 : INFO : EventManager : Event: ======'s_three_bank_standup_active'====== Args={}
2025-10-02 20:30:31,914 : INFO : EventManager : Event: ======'machine_var_audits_switches_s_three_bank_standup'====== Args={'value': 112, 'prev_value': 111, 'change': 1}
2025-10-02 20:30:31,915 : INFO : EventManager : Event: ======'three_bank_standup_hit'====== Args={'elapsed': 0}
2025-10-02 20:30:31,916 : INFO : EventManager : Event: ======'player_score'====== Args={'value': 31110, 'prev_value': 11100, 'change': 20010, 'player_num': 1, 'source': 'base'}
2025-10-02 20:30:31,916 : INFO : EventManager : Event: ======'logicblock_chcheckitout_multiball_ready_updated'====== Args={'value': 1, 'enabled': True}
2025-10-02 20:30:31,916 : INFO : EventManager : Event: ======'logicblock_chcheckitout_multiball_ready_hit'====== Args={'step': 1}
2025-10-02 20:30:31,917 : INFO : EventManager : Event: ======'chcheckitout_start_multiball'====== Args={}
2025-10-02 20:30:31,917 : INFO : EventManager : Event: ======'logicblock_chcheckitout_multiball_ready_updated'====== Args={'value': 0, 'enabled': True}
2025-10-02 20:30:31,917 : INFO : EventManager : Event: ======'balls_in_play'====== Args={'balls': 3}
2025-10-02 20:30:31,918 : INFO : ball_device.bd_plunger : Adding 2 ball(s) to the eject_queue with target <playfield.playfield>.
2025-10-02 20:30:31,918 : INFO : EventManager : Event: ======'balldevice_balls_available'====== Args={}
2025-10-02 20:30:31,918 : INFO : EventManager : Event: ======'balldevice_balls_available'====== Args={}
2025-10-02 20:30:31,918 : INFO : EventManager : Event: ======'ball_save_chcheckitout_timer_start'====== Args={}
2025-10-02 20:30:31,918 : INFO : EventManager : Event: ======'multiball_chcheckitout_started'====== Args={'balls': 3}
2025-10-02 20:30:31,919 : INFO : EventManager : Event: ======'mode_carousel_will_stop'====== Args={}
2025-10-02 20:30:31,919 : INFO : EventManager : Event: ======'mode_carousel_stopping'====== Args={}
2025-10-02 20:30:31,919 : INFO : EventManager : Event: ======'logicblock_drop_target_bank_counter_updated'====== Args={'value': 2, 'enabled': False}
2025-10-02 20:30:31,919 : INFO : Mode.carousel : Stopped.
2025-10-02 20:30:31,919 : INFO : EventManager : Event: ======'modes_active_modes_changed'====== Args={}
2025-10-02 20:30:31,919 : INFO : EventManager : Event: ======'mode_carousel_stopped'====== Args={}
2025-10-02 20:30:31,919 : INFO : EventManager : Event: ======'clear'====== Args={'key': 'carousel'}
2025-10-02 20:30:31,933 : INFO : ball_device.bd_trough : State: waiting_for_target_ready
2025-10-02 20:30:31,934 : INFO : EventManager : Event: ======'balldevice_bd_trough_ball_eject_attempt'====== Args={'balls': 1, 'target': <ball_device.bd_plunger>, 'source': <ball_device.bd_trough>, 'mechanical_eject': False, 'num_attempts': 0}
2025-10-02 20:30:31,934 : INFO : ball_device.bd_plunger : State: waiting_for_ball
2025-10-02 20:30:31,934 : INFO : ball_device.bd_trough : State: ejecting
2025-10-02 20:30:31,935 : INFO : ball_device.bd_trough : Ejecting ball to <ball_device.bd_plunger>
2025-10-02 20:30:31,935 : INFO : EventManager : Event: ======'balldevice_bd_trough_ejecting_ball'====== Args={'balls': 1, 'target': <ball_device.bd_plunger>, 'source': <ball_device.bd_trough>, 'mechanical_eject': False, 'num_attempts': 0}
2025-10-02 20:30:31,935 : INFO : ball_device.bd_trough : Wait for ball to leave device
2025-10-02 20:30:31,936 : INFO : coil.c_trough_eject : Pulsing Driver for 20ms (1.0 pulse_power)
2025-10-02 20:30:31,936 : INFO : SwitchController : <<<<<<< 's_trough2' inactive >>>>>>>
2025-10-02 20:30:31,940 : INFO : EventManager : Event: ======'slide_current_mode_highlighted_removed'====== Args={'_from_bcp': True}
2025-10-02 20:30:31,941 : INFO : EventManager : Event: ======'slide_base_removed'====== Args={'_from_bcp': True}
2025-10-02 20:30:31,942 : INFO : ball_device.bd_trough : State: ball_left
2025-10-02 20:30:31,943 : INFO : ball_device.bd_trough : Ball left
2025-10-02 20:30:31,943 : INFO : ball_device.bd_trough : Wait for confirm with timeout 3.0
2025-10-02 20:30:31,972 : INFO : EventManager : Event: ======'slide_multiball_created'====== Args={'_from_bcp': True}
2025-10-02 20:30:32,010 : INFO : SwitchController : <<<<<<< 's_three_bank_standup' inactive >>>>>>>
2025-10-02 20:30:32,035 : INFO : SwitchController : <<<<<<< 's_plunger' active >>>>>>>
2025-10-02 20:30:32,036 : INFO : EventManager : Event: ======'machine_var_audits_switches_s_plunger'====== Args={'value': 652, 'prev_value': 651, 'change': 1}
2025-10-02 20:30:32,551 : INFO : ball_device.bd_plunger : Received ball from <ball_device.bd_trough>
2025-10-02 20:30:32,551 : INFO : EventManager : Event: ======'balldevice_bd_plunger_ball_enter'====== Args={'new_balls': 1, 'unclaimed_balls': 0, 'new_available_balls': 0, 'device': <ball_device.bd_plunger>}
2025-10-02 20:30:32,553 : INFO : EventManager : Event: ======'balldevice_bd_plunger_ball_entered'====== Args={'new_balls': 0, 'device': <ball_device.bd_plunger>}
2025-10-02 20:30:32,554 : INFO : EventManager : Event: ======'balldevice_bd_plunger_ball_count_changed'====== Args={'balls': 1}
2025-10-02 20:30:32,554 : INFO : ball_device.bd_trough : Got eject confirm
2025-10-02 20:30:32,554 : INFO : ball_device.bd_trough : Eject successful
2025-10-02 20:30:32,554 : INFO : EventManager : Event: ======'balldevice_bd_trough_ball_eject_success'====== Args={'balls': 1, 'target': <ball_device.bd_plunger>}
2025-10-02 20:30:32,555 : INFO : EventManager : Event: ======'balldevice_bd_trough_ball_count_changed'====== Args={'balls': 4}
2025-10-02 20:30:32,555 : INFO : ball_device.bd_trough : State: idle
2025-10-02 20:30:32,556 : INFO : ball_device.bd_plunger : State: waiting_for_target_ready
2025-10-02 20:30:32,556 : INFO : EventManager : Event: ======'balldevice_bd_plunger_ball_eject_attempt'====== Args={'balls': 1, 'target': <playfield.playfield>, 'source': <ball_device.bd_plunger>, 'mechanical_eject': False, 'num_attempts': 0}
2025-10-02 20:30:32,556 : INFO : ball_device.bd_plunger : State: ejecting
2025-10-02 20:30:32,557 : INFO : ball_device.bd_plunger : Ejecting ball to <playfield.playfield>
2025-10-02 20:30:32,557 : INFO : EventManager : Event: ======'balldevice_bd_plunger_ejecting_ball'====== Args={'balls': 1, 'target': <playfield.playfield>, 'source': <ball_device.bd_plunger>, 'mechanical_eject': False, 'num_attempts': 0}
2025-10-02 20:30:32,558 : INFO : ball_device.bd_trough : State: waiting_for_target_ready
2025-10-02 20:30:32,558 : INFO : EventManager : Event: ======'balldevice_bd_trough_ball_eject_attempt'====== Args={'balls': 1, 'target': <ball_device.bd_plunger>, 'source': <ball_device.bd_trough>, 'mechanical_eject': False, 'num_attempts': 0}
2025-10-02 20:30:32,559 : INFO : ball_device.bd_plunger : Wait for ball to leave device
2025-10-02 20:30:32,559 : INFO : coil.c_plunger : Pulsing Driver for 20ms (1.0 pulse_power)
2025-10-02 20:30:32,559 : INFO : SwitchController : <<<<<<< 's_plunger' inactive >>>>>>>
2025-10-02 20:30:32,559 : INFO : EventManager : Event: ======'ball_out'====== Args={}
2025-10-02 20:30:32,563 : INFO : ball_device.bd_plunger : State: ball_left
2025-10-02 20:30:32,565 : INFO : ball_device.bd_plunger : Ball left
2025-10-02 20:30:32,565 : INFO : ball_device.bd_plunger : Wait for confirm with timeout 3.0
2025-10-02 20:30:35,576 : INFO : ball_device.bd_plunger : State: failed_confirm
2025-10-02 20:30:35,576 : INFO : ball_device.bd_plunger : Got timeout (3.0s) before confirm from <playfield.playfield>
2025-10-02 20:30:35,671 : INFO : ball_device.bd_plunger : Confirming eject because target is playfield and ball did not return.
2025-10-02 20:30:35,671 : INFO : ball_device.bd_plunger : Eject successful
2025-10-02 20:30:35,671 : INFO : EventManager : Event: ======'balldevice_bd_plunger_ball_eject_success'====== Args={'balls': 1, 'target': <playfield.playfield>}
2025-10-02 20:30:35,672 : INFO : EventManager : Event: ======'balldevice_playfield_ball_enter'====== Args={'new_balls': 1, 'unclaimed_balls': 1, 'device': <playfield.playfield>}
2025-10-02 20:30:35,672 : INFO : EventManager : Event: ======'playfield_ball_count_change'====== Args={'balls': 2, 'change': 1}
2025-10-02 20:30:35,673 : INFO : EventManager : Event: ======'balldevice_bd_plunger_ball_count_changed'====== Args={'balls': 0}
2025-10-02 20:30:35,673 : INFO : ball_device.bd_plunger : State: idle
2025-10-02 20:30:35,674 : INFO : ball_device.bd_trough : State: ejecting
2025-10-02 20:30:35,674 : INFO : ball_device.bd_trough : Ejecting ball to <ball_device.bd_plunger>
2025-10-02 20:30:35,674 : INFO : EventManager : Event: ======'balldevice_bd_trough_ejecting_ball'====== Args={'balls': 1, 'target': <ball_device.bd_plunger>, 'source': <ball_device.bd_trough>, 'mechanical_eject': False, 'num_attempts': 0}
2025-10-02 20:30:35,675 : INFO : ball_device.bd_trough : Wait for ball to leave device
2025-10-02 20:30:35,675 : INFO : coil.c_trough_eject : Pulsing Driver for 20ms (1.0 pulse_power)
2025-10-02 20:30:35,676 : INFO : SwitchController : <<<<<<< 's_trough3' inactive >>>>>>>
2025-10-02 20:30:35,676 : INFO : ball_device.bd_plunger : State: waiting_for_ball
2025-10-02 20:30:35,680 : INFO : ball_device.bd_trough : State: ball_left
2025-10-02 20:30:35,681 : INFO : ball_device.bd_trough : Ball left
2025-10-02 20:30:35,681 : INFO : ball_device.bd_trough : Wait for confirm with timeout 3.0
2025-10-02 20:30:35,779 : INFO : SwitchController : <<<<<<< 's_plunger' active >>>>>>>
2025-10-02 20:30:35,779 : INFO : EventManager : Event: ======'machine_var_audits_switches_s_plunger'====== Args={'value': 653, 'prev_value': 652, 'change': 1}
2025-10-02 20:30:36,279 : INFO : ball_device.bd_plunger : Received ball from <ball_device.bd_trough>
2025-10-02 20:30:36,279 : INFO : EventManager : Event: ======'balldevice_bd_plunger_ball_enter'====== Args={'new_balls': 1, 'unclaimed_balls': 0, 'new_available_balls': 0, 'device': <ball_device.bd_plunger>}
2025-10-02 20:30:36,280 : INFO : EventManager : Event: ======'balldevice_bd_plunger_ball_entered'====== Args={'new_balls': 0, 'device': <ball_device.bd_plunger>}
2025-10-02 20:30:36,280 : INFO : EventManager : Event: ======'balldevice_bd_plunger_ball_count_changed'====== Args={'balls': 1}
2025-10-02 20:30:36,281 : INFO : ball_device.bd_trough : Got eject confirm
2025-10-02 20:30:36,281 : INFO : ball_device.bd_trough : Eject successful
2025-10-02 20:30:36,281 : INFO : EventManager : Event: ======'balldevice_bd_trough_ball_eject_success'====== Args={'balls': 1, 'target': <ball_device.bd_plunger>}
2025-10-02 20:30:36,282 : INFO : EventManager : Event: ======'balldevice_bd_trough_ball_count_changed'====== Args={'balls': 3}
2025-10-02 20:30:36,282 : INFO : ball_device.bd_trough : State: idle
2025-10-02 20:30:36,282 : INFO : ball_device.bd_plunger : State: waiting_for_target_ready
2025-10-02 20:30:36,283 : INFO : EventManager : Event: ======'balldevice_bd_plunger_ball_eject_attempt'====== Args={'balls': 1, 'target': <playfield.playfield>, 'source': <ball_device.bd_plunger>, 'mechanical_eject': False, 'num_attempts': 0}
2025-10-02 20:30:36,283 : INFO : ball_device.bd_plunger : State: ejecting
2025-10-02 20:30:36,283 : INFO : ball_device.bd_plunger : Ejecting ball to <playfield.playfield>
2025-10-02 20:30:36,284 : INFO : EventManager : Event: ======'balldevice_bd_plunger_ejecting_ball'====== Args={'balls': 1, 'target': <playfield.playfield>, 'source': <ball_device.bd_plunger>, 'mechanical_eject': False, 'num_attempts': 0}
2025-10-02 20:30:36,285 : INFO : ball_device.bd_plunger : Wait for ball to leave device
2025-10-02 20:30:36,285 : INFO : coil.c_plunger : Pulsing Driver for 20ms (1.0 pulse_power)
2025-10-02 20:30:36,286 : INFO : SwitchController : <<<<<<< 's_plunger' inactive >>>>>>>
2025-10-02 20:30:36,286 : INFO : EventManager : Event: ======'ball_out'====== Args={}
2025-10-02 20:30:36,291 : INFO : ball_device.bd_plunger : State: ball_left
2025-10-02 20:30:36,291 : INFO : ball_device.bd_plunger : Ball left
2025-10-02 20:30:36,292 : INFO : ball_device.bd_plunger : Wait for confirm with timeout 3.0
2025-10-02 20:30:39,293 : INFO : ball_device.bd_plunger : State: failed_confirm
2025-10-02 20:30:39,295 : INFO : ball_device.bd_plunger : Got timeout (3.0s) before confirm from <playfield.playfield>
2025-10-02 20:30:39,394 : INFO : ball_device.bd_plunger : Confirming eject because target is playfield and ball did not return.
2025-10-02 20:30:39,394 : INFO : ball_device.bd_plunger : Eject successful
2025-10-02 20:30:39,394 : INFO : EventManager : Event: ======'balldevice_bd_plunger_ball_eject_success'====== Args={'balls': 1, 'target': <playfield.playfield>}
2025-10-02 20:30:39,398 : INFO : EventManager : Event: ======'balldevice_playfield_ball_enter'====== Args={'new_balls': 1, 'unclaimed_balls': 1, 'device': <playfield.playfield>}
2025-10-02 20:30:39,398 : INFO : EventManager : Event: ======'playfield_ball_count_change'====== Args={'balls': 3, 'change': 1}
2025-10-02 20:30:39,399 : INFO : EventManager : Event: ======'balldevice_bd_plunger_ball_count_changed'====== Args={'balls': 0}
2025-10-02 20:30:39,400 : INFO : ball_device.bd_plunger : State: idle
2025-10-02 20:30:41,915 : INFO : EventManager : Event: ======'multiball_chcheckitout_shoot_again_ended'====== Args={}
2025-10-02 20:30:45,498 : INFO : Machine : Shutting down...
2025-10-02 20:30:45,498 : INFO : EventManager : Event: ======'shutdown'====== Args={}
2025-10-02 20:30:45,500 : INFO : EventManager : Event: ======'mode_game_will_stop'====== Args={}
2025-10-02 20:30:45,500 : INFO : EventManager : Event: ======'mode_game_stopping'====== Args={}
2025-10-02 20:30:45,502 : INFO : EventManager : Event: ======'mode_multiball_will_stop'====== Args={}
2025-10-02 20:30:45,503 : INFO : EventManager : Event: ======'mode_multiball_stopping'====== Args={}
2025-10-02 20:30:45,503 : INFO : EventManager : Event: ======'mode_base_will_stop'====== Args={}
2025-10-02 20:30:45,503 : INFO : EventManager : Event: ======'mode_base_stopping'====== Args={}
2025-10-02 20:30:45,503 : INFO : Mode.base : Stopped.
2025-10-02 20:30:45,504 : INFO : EventManager : Event: ======'modes_active_modes_changed'====== Args={}
2025-10-02 20:30:45,504 : INFO : EventManager : Event: ======'mode_base_stopped'====== Args={}
2025-10-02 20:30:45,504 : INFO : EventManager : Event: ======'clear'====== Args={'key': 'base'}
2025-10-02 20:30:45,505 : INFO : Mode.multiball : Stopped.
2025-10-02 20:30:45,505 : INFO : EventManager : Event: ======'modes_active_modes_changed'====== Args={}
2025-10-02 20:30:45,506 : INFO : EventManager : Event: ======'mode_multiball_stopped'====== Args={}
2025-10-02 20:30:45,506 : INFO : EventManager : Event: ======'clear'====== Args={'key': 'multiball'}
2025-10-02 20:30:45,506 : INFO : Mode.game : Stopped.
2025-10-02 20:30:45,507 : INFO : EventManager : Event: ======'modes_active_modes_changed'====== Args={}
2025-10-02 20:30:45,507 : INFO : EventManager : Event: ======'mode_game_stopped'====== Args={}
2025-10-02 20:30:45,507 : INFO : EventManager : Event: ======'clear'====== Args={'key': 'game'}
2025-10-02 20:30:45,511 : INFO : root : MPF run loop ended.
