2025-09-20 22:02:18,725 : INFO : root : Loading config.
2025-09-20 22:02:18,729 : INFO : YamlMultifileConfigLoader : Machine config file #1: config.yaml
2025-09-20 22:02:18,730 : INFO : ConfigProcessor : Loading config from cache: C:\Users\sdona\AppData\Local\Temp\19f6d0d7953982fda9d956182316b8e5.mpf_cache
2025-09-20 22:02:18,803 : WARNING : ConfigProcessor : Config file in cache changed: C:\venv\mpf\mmmdrop\modes\attract\config\attract.yaml
2025-09-20 22:02:18,804 : INFO : ConfigProcessor : Loading config from file c:\venv\mpf\lib\site-packages\mpf\modes\attract\config\attract.yaml.
2025-09-20 22:02:18,806 : INFO : ConfigProcessor : Loading config: c:\venv\mpf\lib\site-packages\mpf\modes\attract\config\attract.yaml
2025-09-20 22:02:18,806 : INFO : ConfigProcessor : Loading config from file C:\venv\mpf\mmmdrop\modes\attract\config\attract.yaml.
2025-09-20 22:02:18,806 : INFO : ConfigProcessor : Loading config: C:\venv\mpf\mmmdrop\modes\attract\config\attract.yaml
2025-09-20 22:02:18,807 : INFO : ConfigProcessor : Config file cache created: C:\Users\sdona\AppData\Local\Temp\835b5bfea4be8b279a05e96caaaffbbb.mpf_cache
2025-09-20 22:02:18,808 : INFO : ConfigProcessor : Loading config from cache: C:\Users\sdona\AppData\Local\Temp\9b0a7575388f9d9bd2f6ab87bf9fd2f7.mpf_cache
2025-09-20 22:02:18,808 : INFO : ConfigProcessor : Loading config from cache: C:\Users\sdona\AppData\Local\Temp\c340ec0033d1055cd797ffd5447ef414.mpf_cache
2025-09-20 22:02:18,809 : INFO : ConfigProcessor : Loading config from cache: C:\Users\sdona\AppData\Local\Temp\835b5bfea4be8b279a05e96caaaffbbb.mpf_cache
2025-09-20 22:02:18,811 : INFO : Machine : Mission Pinball Framework Core Engine v0.80.0.dev9
2025-09-20 22:02:18,811 : INFO : Machine : Command line arguments: {'no_load_cache': False, 'create_config_cache': True, 'bcp': True, 'configfile': ['config.yaml'], 'force_assets_load': False, 'platform_integration_test': False, 'jsonlogging': False, 'logfile': 'logs\\2025-09-20-22-02-18-mpf-PinballLaptop.log', 'pause': False, 'production': False, 'text_ui': True, 'loglevel': 15, 'consoleloglevel': 20, 'force_platform': 'smart_virtual', 'syslog_address': None, 'full_logfile_path': 'C:\\venv\\mpf\\mmmdrop\\logs\\2025-09-20-22-02-18-mpf-PinballLaptop.log'}
2025-09-20 22:02:18,811 : INFO : Machine : MPF path: c:\venv\mpf\lib\site-packages\mpf
2025-09-20 22:02:18,811 : INFO : Machine : Machine path: C:\venv\mpf\mmmdrop
2025-09-20 22:02:18,811 : INFO : Machine : Platform: win32
2025-09-20 22:02:18,811 : INFO : Machine : Python executable location: c:\venv\mpf\Scripts\python.exe
2025-09-20 22:02:18,811 : INFO : Machine : Python version: 3.9.13 (64-bit)
2025-09-20 22:02:18,813 : INFO : Machine : Initializing MPF...
2025-09-20 22:02:19,083 : INFO : EventManager : Event: ======'machine_var_credits_string'====== Args={'value': 'FREE PLAY', 'prev_value': None, 'change': True}
2025-09-20 22:02:19,101 : INFO : EventManager : Event: ======'machine_var_fast_audio_headphones_volume'====== Args={'value': 10, 'prev_value': None, 'change': True}
2025-09-20 22:02:19,101 : INFO : EventManager : Event: ======'machine_var_fast_audio_main_volume'====== Args={'value': 44, 'prev_value': None, 'change': True}
2025-09-20 22:02:19,101 : INFO : EventManager : Event: ======'machine_var_master_volume'====== Args={'value': 0.15, 'prev_value': None, 'change': True}
2025-09-20 22:02:19,101 : INFO : EventManager : Event: ======'machine_var_player1_score'====== Args={'value': 140190, 'prev_value': None, 'change': True}
2025-09-20 22:02:19,101 : INFO : EventManager : Event: ======'machine_var_mpf_version'====== Args={'value': 'Mission Pinball Framework v0.80.0.dev9', 'prev_value': None, 'change': True}
2025-09-20 22:02:19,101 : INFO : EventManager : Event: ======'machine_var_mpf_extended_version'====== Args={'value': 'Mission Pinball Framework v0.80.0.dev9, Config version:6, Show version: 6, BCP version:1.1', 'prev_value': None, 'change': True}
2025-09-20 22:02:19,101 : INFO : EventManager : Event: ======'machine_var_python_version'====== Args={'value': '3.9.13', 'prev_value': None, 'change': True}
2025-09-20 22:02:19,330 : INFO : EventManager : Event: ======'machine_var_platform'====== Args={'value': 'Windows-10-10.0.26100-SP0', 'prev_value': None, 'change': True}
2025-09-20 22:02:19,330 : INFO : EventManager : Event: ======'machine_var_platform_system'====== Args={'value': 'Windows', 'prev_value': None, 'change': True}
2025-09-20 22:02:19,330 : INFO : EventManager : Event: ======'machine_var_platform_release'====== Args={'value': '10', 'prev_value': None, 'change': True}
2025-09-20 22:02:19,330 : INFO : EventManager : Event: ======'machine_var_platform_version'====== Args={'value': '10.0.26100', 'prev_value': None, 'change': True}
2025-09-20 22:02:19,330 : INFO : EventManager : Event: ======'machine_var_platform_machine'====== Args={'value': 'AMD64', 'prev_value': None, 'change': True}
2025-09-20 22:02:19,330 : INFO : EventManager : Event: ======'machine_var_log_file_path'====== Args={'value': 'C:\\venv\\mpf\\mmmdrop\\logs\\2025-09-20-22-02-18-mpf-PinballLaptop.log', 'prev_value': None, 'change': True}
2025-09-20 22:02:19,331 : INFO : EventManager : Event: ======'init_phase_1'====== Args={}
2025-09-20 22:02:19,351 : INFO : EventManager : Event: ======'drop_target_bank_drop_bank_up'====== Args={}
2025-09-20 22:02:19,351 : INFO : EventManager : Event: ======'drop_target_bank_three_bank_up'====== Args={}
2025-09-20 22:02:19,351 : INFO : EventManager : Event: ======'init_phase_2'====== Args={}
2025-09-20 22:02:19,351 : INFO : SwitchController : Found active switch: ('3208-0', <Platform.SmartVirtual>) <switch.s_trough1>
2025-09-20 22:02:19,351 : INFO : SwitchController : Found active switch: ('3208-1', <Platform.SmartVirtual>) <switch.s_trough2>
2025-09-20 22:02:19,351 : INFO : SwitchController : Found active switch: ('3208-2', <Platform.SmartVirtual>) <switch.s_trough3>
2025-09-20 22:02:19,351 : INFO : SwitchController : Found active switch: ('3208-3', <Platform.SmartVirtual>) <switch.s_trough4>
2025-09-20 22:02:19,353 : INFO : SwitchController : Found active switch: ('3208-4', <Platform.SmartVirtual>) <switch.s_trough5>
2025-09-20 22:02:19,353 : INFO : SwitchController : Found active switch: ('3208-5', <Platform.SmartVirtual>) <switch.s_trough6>
2025-09-20 22:02:19,355 : ERROR : ConfigValidator : Your config contains a value for the setting "slide_player:s", but this is not a valid setting name.
2025-09-20 22:02:19,356 : ERROR : asyncio : Exception in callback EventManager._queue_task_done(<Task finishe...tting name.')>)
handle: <Handle EventManager._queue_task_done(<Task finishe...tting name.')>)>
Traceback (most recent call last):
  File "C:\Program Files\Python39\lib\asyncio\events.py", line 80, in _run
    self._context.run(self._callback, *self._args)
  File "c:\venv\mpf\lib\site-packages\mpf\core\events.py", line 795, in _queue_task_done
    future.result()
  File "c:\venv\mpf\lib\site-packages\mpf\core\events.py", line 708, in _run_handlers_sequential
    handler.callback(queue=queue, **merged_kwargs)
  File "c:\venv\mpf\lib\site-packages\mpf\core\mode_controller.py", line 97, in initialize_modes
    item.method(config=mode.config[item.config_section],
  File "c:\venv\mpf\lib\site-packages\mpf\core\config_player.py", line 150, in process_mode_config
    config = self.validate_config(config)
  File "c:\venv\mpf\lib\site-packages\mpf\core\config_player.py", line 113, in validate_config
    validated_config[event] = self.validate_config_entry(settings, event)
  File "c:\venv\mpf\lib\site-packages\mpf\config_players\device_config_player.py", line 56, in validate_config_entry
    raise e
  File "c:\venv\mpf\lib\site-packages\mpf\config_players\device_config_player.py", line 52, in validate_config_entry
    self._validate_config_item(device, device_settings))
  File "c:\venv\mpf\lib\site-packages\mpf\config_players\slide_player.py", line 21, in _validate_config_item
    device_settings = self.machine.config_validator.validate_config(
  File "c:\venv\mpf\lib\site-packages\mpf\core\config_validator.py", line 164, in validate_config
    return self._validate_config(config_spec, source, base_spec=base_spec, add_missing_keys=add_missing_keys,
  File "c:\venv\mpf\lib\site-packages\mpf\core\config_validator.py", line 177, in _validate_config
    self.check_for_invalid_sections(this_spec, source, validation_failure_info)
  File "c:\venv\mpf\lib\site-packages\mpf\core\config_validator.py", line 345, in check_for_invalid_sections
    raise ConfigFileError('Your config contains a value for the '
mpf.exceptions.config_file_error.ConfigFileError: Config File Error in ConfigValidator: Failed to load config player loading:slides with settings {'action': 'stop'} >> Your config contains a value for the setting "slide_player:s", but this is not a valid setting name. Error Code: CFE-ConfigValidator-2 (https://missionpinball.org/logs)
2025-09-20 22:02:19,359 : INFO : Machine : Starting the main run loop with active modes: []
2025-09-20 22:02:19,359 : WARNING : Machine : Attract mode is not active, game will not be playable. Please check your attract mode configuration.
2025-09-20 22:02:19,359 : INFO : Machine : Shutting down...
2025-09-20 22:02:19,359 : INFO : EventManager : Event: ======'shutdown'====== Args={}
2025-09-20 22:02:20,363 : ERROR : Machine : Runtime Exception
Traceback (most recent call last):
  File "c:\venv\mpf\lib\site-packages\mpf\core\machine.py", line 808, in _run_loop
    raise self._exception['exception']
  File "C:\Program Files\Python39\lib\asyncio\events.py", line 80, in _run
    self._context.run(self._callback, *self._args)
  File "c:\venv\mpf\lib\site-packages\mpf\core\events.py", line 795, in _queue_task_done
    future.result()
  File "c:\venv\mpf\lib\site-packages\mpf\core\events.py", line 708, in _run_handlers_sequential
    handler.callback(queue=queue, **merged_kwargs)
  File "c:\venv\mpf\lib\site-packages\mpf\core\mode_controller.py", line 97, in initialize_modes
    item.method(config=mode.config[item.config_section],
  File "c:\venv\mpf\lib\site-packages\mpf\core\config_player.py", line 150, in process_mode_config
    config = self.validate_config(config)
  File "c:\venv\mpf\lib\site-packages\mpf\core\config_player.py", line 113, in validate_config
    validated_config[event] = self.validate_config_entry(settings, event)
  File "c:\venv\mpf\lib\site-packages\mpf\config_players\device_config_player.py", line 56, in validate_config_entry
    raise e
  File "c:\venv\mpf\lib\site-packages\mpf\config_players\device_config_player.py", line 52, in validate_config_entry
    self._validate_config_item(device, device_settings))
  File "c:\venv\mpf\lib\site-packages\mpf\config_players\slide_player.py", line 21, in _validate_config_item
    device_settings = self.machine.config_validator.validate_config(
  File "c:\venv\mpf\lib\site-packages\mpf\core\config_validator.py", line 164, in validate_config
    return self._validate_config(config_spec, source, base_spec=base_spec, add_missing_keys=add_missing_keys,
  File "c:\venv\mpf\lib\site-packages\mpf\core\config_validator.py", line 177, in _validate_config
    self.check_for_invalid_sections(this_spec, source, validation_failure_info)
  File "c:\venv\mpf\lib\site-packages\mpf\core\config_validator.py", line 345, in check_for_invalid_sections
    raise ConfigFileError('Your config contains a value for the '
mpf.exceptions.config_file_error.ConfigFileError: Config File Error in ConfigValidator: Failed to load config player loading:slides with settings {'action': 'stop'} >> Your config contains a value for the setting "slide_player:s", but this is not a valid setting name. Error Code: CFE-ConfigValidator-2 (https://missionpinball.org/logs)
2025-09-20 22:02:21,997 : INFO : root : MPF run loop ended.
