2025-10-05 22:45:32,874 : INFO : root : Loading MPF Monitor Version 0.57.1
2025-10-05 22:45:33,087 : INFO : Core : Looking for MPF at localhost:5051
2025-10-05 22:45:48,146 : INFO : BCP Client : Connected to MPF
2025-10-05 22:49:28,264 : INFO : BCP Client : Connected to MPF
2025-10-05 22:54:10,041 : INFO : BCP Client : Connected to MPF
2025-10-05 22:56:49,866 : INFO : BCP Client : Connected to MPF
2025-10-05 23:01:47,188 : INFO : BCP Client : Connected to MPF
2025-10-05 23:05:06,576 : INFO : BCP Client : Connected to MPF
2025-10-05 23:06:56,338 : INFO : BCP Client : Connected to MPF
2025-10-05 23:15:41,506 : INFO : BCP Client : Connected to MPF
2025-10-05 23:23:23,388 : INFO : BCP Client : Connected to MPF
2025-10-05 23:28:37,442 : INFO : BCP Client : Connected to MPF
2025-10-05 23:31:54,413 : INFO : BCP Client : Connected to MPF
2025-10-05 23:38:29,693 : INFO : BCP Client : Connected to MPF
2025-10-05 23:40:35,493 : INFO : BCP Client : Connected to MPF
2025-10-05 23:43:01,147 : INFO : BCP Client : Connected to MPF
2025-10-05 23:44:27,814 : INFO : BCP Client : Connected to MPF
2025-10-05 23:50:39,975 : INFO : BCP Client : Connected to MPF
2025-10-05 23:54:03,808 : INFO : BCP Client : Connected to MPF
2025-10-06 00:06:52,438 : INFO : BCP Client : Connected to MPF
2025-10-06 00:13:48,089 : INFO : root : MPF Monitor run loop ended.
2025-10-06 00:13:48,090 : INFO : root : Stopping child threads... (0 remaining)
2025-10-06 00:13:48,090 : INFO : root : All child threads stopped.
