2025-09-19 07:58:59,255 : kivy : deps: Successfully imported "kivy_deps.gstreamer" 0.3.3
2025-09-19 07:58:59,255 : kivy : deps: Successfully imported "kivy_deps.angle" 0.3.3
2025-09-19 07:58:59,255 : kivy : deps: Successfully imported "kivy_deps.glew" 0.3.1
2025-09-19 07:58:59,255 : kivy : deps: Successfully imported "kivy_deps.sdl2" 0.6.0
2025-09-19 07:58:59,255 : kivy : Kivy: v2.2.1
2025-09-19 07:58:59,255 : kivy : Kivy: Installed at "c:\venv\mpf\lib\site-packages\kivy\__init__.py"
2025-09-19 07:58:59,255 : kivy : Python: v3.9.13 (tags/v3.9.13:6de2ca5, May 17 2022, 16:36:42) [MSC v.1929 64 bit (AMD64)]
2025-09-19 07:58:59,256 : kivy : Python: Interpreter at "c:\venv\mpf\Scripts\python.exe"
2025-09-19 07:58:59,311 : kivy : Factory: 190 symbols loaded
2025-09-19 07:58:59,662 : kivy : ImageLoaderFFPy: Using ffpyplayer 4.5.1
2025-09-19 07:58:59,662 : kivy : Image: Providers: img_tex, img_dds, img_sdl2, img_pil, img_ffpyplayer 
2025-09-19 07:58:59,880 : kivy : VideoGstplayer: Using Gstreamer 1.18.5.0
2025-09-19 07:58:59,880 : kivy : Video: Provider: gstplayer
2025-09-19 07:58:59,954 : root : Loading MPF-MC controller
2025-09-19 07:58:59,957 : YamlMultifileConfigLoader : Machine config file #1: config
2025-09-19 07:58:59,957 : ConfigProcessor : Config file in cache changed: C:\venv\mpf\soultrain\config\config
2025-09-19 07:58:59,957 : ConfigProcessor : Loading config from file c:\venv\mpf\lib\site-packages\mpfmc\mcconfig.yaml.
2025-09-19 07:58:59,963 : ConfigProcessor : Loading config: c:\venv\mpf\lib\site-packages\mpfmc\mcconfig.yaml
2025-09-19 07:58:59,963 : ConfigProcessor : Loading config from file C:\venv\mpf\soultrain\config\config.
2025-09-19 07:58:59,966 : ConfigProcessor : Loading config: C:\venv\mpf\soultrain\config\config
2025-09-19 07:58:59,967 : ConfigProcessor : Loading config: C:\venv\mpf\soultrain\config\coils.yaml
2025-09-19 07:58:59,969 : ConfigProcessor : Loading config: C:\venv\mpf\soultrain\config\switches.yaml
2025-09-19 07:58:59,970 : ConfigProcessor : Loading config: C:\venv\mpf\soultrain\config\multiball.yaml
2025-09-19 07:58:59,972 : ConfigProcessor : Config file cache created: C:\Users\sdona\AppData\Local\Temp\d1c76a6711522dcfe5a45e149ba5eb45.mpf_cache
2025-09-19 07:58:59,973 : ConfigProcessor : Loading config from cache: C:\Users\sdona\AppData\Local\Temp\9850977bb9bffa92584f0b363c7a65d4.mpf_cache
2025-09-19 07:58:59,973 : ConfigProcessor : Loading config from cache: C:\Users\sdona\AppData\Local\Temp\9b0a7575388f9d9bd2f6ab87bf9fd2f7.mpf_cache
2025-09-19 07:58:59,974 : ConfigProcessor : Loading config from cache: C:\Users\sdona\AppData\Local\Temp\fd71bac5babd3012ed21bb0ff55b9bb2.mpf_cache
2025-09-19 07:58:59,974 : mpfmc : Mission Pinball Framework Media Controller (MPF-MC) v0.57.1. Requires MPF v0.57.0 or newer.
2025-09-19 07:58:59,974 : mpfmc : Found MPF v0.57.3
2025-09-19 07:58:59,974 : mpfmc : Machine path: C:\venv\mpf\soultrain
2025-09-19 07:58:59,974 : mpfmc : Starting clock at 60.0Hz
2025-09-19 07:59:00,052 : kivy : Text: Provider: sdl2
2025-09-19 07:59:00,136 : kivy : Window: Provider: sdl2
2025-09-19 07:59:00,625 : kivy : GL: Using the "OpenGL" graphics system
2025-09-19 07:59:00,638 : kivy : GL: GLEW initialization succeeded
2025-09-19 07:59:00,638 : kivy : GL: Backend used <glew>
2025-09-19 07:59:00,638 : kivy : GL: OpenGL version <b'4.6.0 Compatibility Profile Context 25.9.1.250822'>
2025-09-19 07:59:00,638 : kivy : GL: OpenGL vendor <b'ATI Technologies Inc.'>
2025-09-19 07:59:00,638 : kivy : GL: OpenGL renderer <b'AMD Radeon(TM) Graphics'>
2025-09-19 07:59:00,638 : kivy : GL: OpenGL parsed version: 4, 6
2025-09-19 07:59:00,638 : kivy : GL: Shading version <b'4.60'>
2025-09-19 07:59:00,638 : kivy : GL: Texture max size <16384>
2025-09-19 07:59:00,638 : kivy : GL: Texture max units <32>
2025-09-19 07:59:00,693 : kivy : Window: auto add sdl2 input provider
2025-09-19 07:59:00,693 : kivy : Window: virtual keyboard not allowed, single mode, not docked
2025-09-19 07:59:00,706 : SoundSystem : SoundSystem: Using default 'sound_system' settings
2025-09-19 07:59:05,370 : AudioInterface : Initialized
2025-09-19 07:59:05,372 : AudioInterface : Loaded SDL 2.26.4
2025-09-19 07:59:05,372 : AudioInterface : Loaded SDL_Mixer 2.6.3
2025-09-19 07:59:05,372 : AudioInterface : Loaded GStreamer 1.18.5.0
2025-09-19 07:59:05,372 : AudioInterface : Loaded GLib 2.62.6
2025-09-19 07:59:05,372 : AudioInterface : Settings requested - rate: 44100, channels: 1, buffer: 2048 samples
2025-09-19 07:59:05,372 : AudioInterface : Settings in use - rate: 44100, channels: 1, buffer: 2048 samples (4096 bytes @ 2 bytes per sample)
2025-09-19 07:59:05,372 : SoundSystem : No audio tracks are specified in your machine config file. a track named 'default' has been created.
2025-09-19 07:59:05,372 : SoundSystem : Setting master volume to 0.0
2025-09-19 07:59:05,372 : AudioInterface : Enabling audio playback
2025-09-19 07:59:05,374 : kivy : Base: Start application main loop
2025-09-19 07:59:05,374 : EventManager : Event: ======'display_window_initialized'====== Args={}
2025-09-19 07:59:05,394 : mpfmc : Display: Setting 'window' as default display
2025-09-19 07:59:05,400 : mpfmc : ASPECT RATIO MISMATCH: The on-screen window is not the same aspect ratio as the display called 'window'. The logical display will be scaled from 1920x1080 to the window size 1000x750, and a black bar will make up the difference
2025-09-19 07:59:05,402 : EventManager : Event: ======'displays_initialized'====== Args={}
2025-09-19 07:59:05,403 : EventManager : Event: ======'slide_window_blank_created'====== Args={}
2025-09-19 07:59:05,403 : EventManager : Event: ======'display_window_ready'====== Args={}
2025-09-19 07:59:05,417 : EventManager : Event: ======'init_phase_1'====== Args={}
2025-09-19 07:59:05,420 : EventManager : Event: ======'mc_ready'====== Args={}
2025-09-19 07:59:05,420 : EventManager : Event: ======'init_phase_2'====== Args={}
2025-09-19 07:59:05,421 : EventManager : Event: ======'init_phase_3'====== Args={}
2025-09-19 07:59:05,423 : EventManager : Event: ======'init_phase_4'====== Args={}
2025-09-19 07:59:05,423 : EventManager : Event: ======'init_phase_5'====== Args={}
2025-09-19 07:59:07,988 : EventManager : Event: ======'loading_assets'====== Args={'total': 10, 'loaded': 1, 'remaining': 9, 'percent': 10}
2025-09-19 07:59:07,992 : AssetManager : Loading assets: 1/10 (10%)
2025-09-19 07:59:09,148 : EventManager : Event: ======'loading_assets'====== Args={'total': 10, 'loaded': 7, 'remaining': 3, 'percent': 70}
2025-09-19 07:59:09,680 : AssetManager : Loading assets: 7/10 (70%)
2025-09-19 07:59:10,180 : EventManager : Event: ======'loading_assets'====== Args={'total': 10, 'loaded': 10, 'remaining': 0, 'percent': 100}
2025-09-19 07:59:10,180 : AssetManager : Asset loading took: 4.808071613311768
2025-09-19 07:59:10,180 : EventManager : Event: ======'asset_loading_complete'====== Args={}
2025-09-19 07:59:10,180 : AssetManager : Loading assets: 10/10 (100%)
2025-09-19 07:59:10,180 : EventManager : Event: ======'init_done'====== Args={}
2025-09-19 07:59:10,180 : MPF-MC BCP Server : Starting up on localhost port 5050
2025-09-19 07:59:10,186 : MPF-MC BCP Server : Waiting for a connection...
2025-09-19 07:59:10,191 : kivy : GL: NPOT texture support is available
2025-09-19 07:59:10,192 : EventManager : Event: ======'slide_welcome_slide_created'====== Args={}
2025-09-19 07:59:10,193 : EventManager : Event: ======'slide_welcome_slide_active'====== Args={}
2025-09-19 07:59:10,195 : EventManager : Event: ======'client_disconnected'====== Args={'host': '127.0.0.1', 'port': 5050}
2025-09-19 07:59:10,422 : MPF-MC BCP Server : Received connection from: 127.0.0.1:51754
2025-09-19 07:59:10,433 : EventManager : Event: ======'client_connected'====== Args={'host': '127.0.0.1', 'port': 51754}
2025-09-19 07:59:10,558 : EventManager : Event: ======'machine_var_credits_string'====== Args={'value': 'FREE PLAY', 'prev_value': None, 'change': True}
2025-09-19 07:59:10,558 : EventManager : Event: ======'machine_var_fast_audio_headphones_volume'====== Args={'value': 10, 'prev_value': None, 'change': True}
2025-09-19 07:59:10,558 : EventManager : Event: ======'machine_var_fast_audio_main_volume'====== Args={'value': 44, 'prev_value': None, 'change': True}
2025-09-19 07:59:10,558 : EventManager : Event: ======'machine_var_master_volume'====== Args={'value': 0.15, 'prev_value': None, 'change': True}
2025-09-19 07:59:10,558 : EventManager : Event: ======'machine_var_player1_score'====== Args={'value': 0, 'prev_value': None, 'change': True}
2025-09-19 07:59:10,559 : EventManager : Event: ======'machine_var_mpf_version'====== Args={'value': 'Mission Pinball Framework v0.57.3', 'prev_value': None, 'change': True}
2025-09-19 07:59:10,559 : EventManager : Event: ======'machine_var_mpf_extended_version'====== Args={'value': 'Mission Pinball Framework v0.57.3, Config version:6, Show version: 6, BCP version:1.1', 'prev_value': None, 'change': True}
2025-09-19 07:59:10,559 : EventManager : Event: ======'machine_var_python_version'====== Args={'value': '3.9.13', 'prev_value': None, 'change': True}
2025-09-19 07:59:10,559 : EventManager : Event: ======'machine_var_platform'====== Args={'value': 'Windows-10-10.0.26100-SP0', 'prev_value': None, 'change': True}
2025-09-19 07:59:10,559 : EventManager : Event: ======'machine_var_platform_system'====== Args={'value': 'Windows', 'prev_value': None, 'change': True}
2025-09-19 07:59:10,559 : EventManager : Event: ======'machine_var_platform_release'====== Args={'value': '10', 'prev_value': None, 'change': True}
2025-09-19 07:59:10,559 : EventManager : Event: ======'machine_var_platform_version'====== Args={'value': '10.0.26100', 'prev_value': None, 'change': True}
2025-09-19 07:59:10,559 : EventManager : Event: ======'machine_var_platform_machine'====== Args={'value': 'AMD64', 'prev_value': None, 'change': True}
2025-09-19 07:59:10,559 : EventManager : Event: ======'machine_var_mc_version'====== Args={'value': 'MPF-MC v0.57.1', 'prev_value': None, 'change': True}
2025-09-19 07:59:10,559 : EventManager : Event: ======'machine_var_mc_extended_version'====== Args={'value': 'MPF-MC v0.57.1 (config_version=6, BCP v1.1,                      Requires MPF API compatibility v0.57.0 or newer)', 'prev_value': None, 'change': True}
2025-09-19 07:59:10,559 : EventManager : Event: ======'machine_var_credits_string'====== Args={'value': 'FREE PLAY', 'prev_value': None, 'change': True}
2025-09-19 07:59:10,559 : EventManager : Event: ======'machine_var_fast_audio_headphones_volume'====== Args={'value': 10, 'prev_value': None, 'change': True}
2025-09-19 07:59:10,559 : EventManager : Event: ======'machine_var_fast_audio_main_volume'====== Args={'value': 44, 'prev_value': None, 'change': True}
2025-09-19 07:59:10,559 : EventManager : Event: ======'machine_var_master_volume'====== Args={'value': 0.15, 'prev_value': None, 'change': True}
2025-09-19 07:59:10,559 : EventManager : Event: ======'machine_var_player1_score'====== Args={'value': 0, 'prev_value': None, 'change': True}
2025-09-19 07:59:10,559 : EventManager : Event: ======'machine_var_mpf_version'====== Args={'value': 'Mission Pinball Framework v0.57.3', 'prev_value': None, 'change': True}
2025-09-19 07:59:10,560 : EventManager : Event: ======'machine_var_mpf_extended_version'====== Args={'value': 'Mission Pinball Framework v0.57.3, Config version:6, Show version: 6, BCP version:1.1', 'prev_value': None, 'change': True}
2025-09-19 07:59:10,560 : EventManager : Event: ======'machine_var_python_version'====== Args={'value': '3.9.13', 'prev_value': None, 'change': True}
2025-09-19 07:59:10,560 : EventManager : Event: ======'machine_var_platform'====== Args={'value': 'Windows-10-10.0.26100-SP0', 'prev_value': None, 'change': True}
2025-09-19 07:59:10,560 : EventManager : Event: ======'machine_var_platform_system'====== Args={'value': 'Windows', 'prev_value': None, 'change': True}
2025-09-19 07:59:10,560 : EventManager : Event: ======'machine_var_platform_release'====== Args={'value': '10', 'prev_value': None, 'change': True}
2025-09-19 07:59:10,560 : EventManager : Event: ======'machine_var_platform_version'====== Args={'value': '10.0.26100', 'prev_value': None, 'change': True}
2025-09-19 07:59:10,560 : EventManager : Event: ======'machine_var_platform_machine'====== Args={'value': 'AMD64', 'prev_value': None, 'change': True}
2025-09-19 07:59:10,560 : EventManager : Event: ======'machine_var_mc_version'====== Args={'value': 'MPF-MC v0.57.1', 'prev_value': None, 'change': True}
2025-09-19 07:59:10,560 : EventManager : Event: ======'machine_var_mc_extended_version'====== Args={'value': 'MPF-MC v0.57.1 (config_version=6, BCP v1.1,                      Requires MPF API compatibility v0.57.0 or newer)', 'prev_value': None, 'change': True}
2025-09-19 07:59:10,561 : EventManager : Event: ======'machine_var_credits_string'====== Args={'value': 'FREE PLAY', 'prev_value': None, 'change': True}
2025-09-19 07:59:10,561 : EventManager : Event: ======'machine_var_fast_audio_headphones_volume'====== Args={'value': 10, 'prev_value': None, 'change': True}
2025-09-19 07:59:10,561 : EventManager : Event: ======'machine_var_fast_audio_main_volume'====== Args={'value': 44, 'prev_value': None, 'change': True}
2025-09-19 07:59:10,561 : EventManager : Event: ======'machine_var_master_volume'====== Args={'value': 0.15, 'prev_value': None, 'change': True}
2025-09-19 07:59:10,561 : EventManager : Event: ======'machine_var_player1_score'====== Args={'value': 0, 'prev_value': None, 'change': True}
2025-09-19 07:59:10,561 : EventManager : Event: ======'machine_var_mpf_version'====== Args={'value': 'Mission Pinball Framework v0.57.3', 'prev_value': None, 'change': True}
2025-09-19 07:59:10,561 : EventManager : Event: ======'machine_var_mpf_extended_version'====== Args={'value': 'Mission Pinball Framework v0.57.3, Config version:6, Show version: 6, BCP version:1.1', 'prev_value': None, 'change': True}
2025-09-19 07:59:10,561 : EventManager : Event: ======'machine_var_python_version'====== Args={'value': '3.9.13', 'prev_value': None, 'change': True}
2025-09-19 07:59:10,561 : EventManager : Event: ======'machine_var_platform'====== Args={'value': 'Windows-10-10.0.26100-SP0', 'prev_value': None, 'change': True}
2025-09-19 07:59:10,561 : EventManager : Event: ======'machine_var_platform_system'====== Args={'value': 'Windows', 'prev_value': None, 'change': True}
2025-09-19 07:59:10,561 : EventManager : Event: ======'machine_var_platform_release'====== Args={'value': '10', 'prev_value': None, 'change': True}
2025-09-19 07:59:10,561 : EventManager : Event: ======'machine_var_platform_version'====== Args={'value': '10.0.26100', 'prev_value': None, 'change': True}
2025-09-19 07:59:10,561 : EventManager : Event: ======'machine_var_platform_machine'====== Args={'value': 'AMD64', 'prev_value': None, 'change': True}
2025-09-19 07:59:10,561 : EventManager : Event: ======'machine_var_mc_version'====== Args={'value': 'MPF-MC v0.57.1', 'prev_value': None, 'change': True}
2025-09-19 07:59:10,561 : EventManager : Event: ======'machine_var_mc_extended_version'====== Args={'value': 'MPF-MC v0.57.1 (config_version=6, BCP v1.1,                      Requires MPF API compatibility v0.57.0 or newer)', 'prev_value': None, 'change': True}
2025-09-19 07:59:10,561 : EventManager : Event: ======'machine_var_credits_string'====== Args={'value': 'FREE PLAY', 'prev_value': None, 'change': True}
2025-09-19 07:59:10,562 : EventManager : Event: ======'machine_var_fast_audio_headphones_volume'====== Args={'value': 10, 'prev_value': None, 'change': True}
2025-09-19 07:59:10,562 : EventManager : Event: ======'machine_var_fast_audio_main_volume'====== Args={'value': 44, 'prev_value': None, 'change': True}
2025-09-19 07:59:10,562 : EventManager : Event: ======'machine_var_master_volume'====== Args={'value': 0.15, 'prev_value': None, 'change': True}
2025-09-19 07:59:10,562 : EventManager : Event: ======'machine_var_player1_score'====== Args={'value': 0, 'prev_value': None, 'change': True}
2025-09-19 07:59:10,562 : EventManager : Event: ======'machine_var_mpf_version'====== Args={'value': 'Mission Pinball Framework v0.57.3', 'prev_value': None, 'change': True}
2025-09-19 07:59:10,562 : EventManager : Event: ======'machine_var_mpf_extended_version'====== Args={'value': 'Mission Pinball Framework v0.57.3, Config version:6, Show version: 6, BCP version:1.1', 'prev_value': None, 'change': True}
2025-09-19 07:59:10,562 : EventManager : Event: ======'machine_var_python_version'====== Args={'value': '3.9.13', 'prev_value': None, 'change': True}
2025-09-19 07:59:10,562 : EventManager : Event: ======'machine_var_platform'====== Args={'value': 'Windows-10-10.0.26100-SP0', 'prev_value': None, 'change': True}
2025-09-19 07:59:10,562 : EventManager : Event: ======'machine_var_platform_system'====== Args={'value': 'Windows', 'prev_value': None, 'change': True}
2025-09-19 07:59:10,562 : EventManager : Event: ======'machine_var_platform_release'====== Args={'value': '10', 'prev_value': None, 'change': True}
2025-09-19 07:59:10,562 : EventManager : Event: ======'machine_var_platform_version'====== Args={'value': '10.0.26100', 'prev_value': None, 'change': True}
2025-09-19 07:59:10,562 : EventManager : Event: ======'machine_var_platform_machine'====== Args={'value': 'AMD64', 'prev_value': None, 'change': True}
2025-09-19 07:59:10,562 : EventManager : Event: ======'machine_var_mc_version'====== Args={'value': 'MPF-MC v0.57.1', 'prev_value': None, 'change': True}
2025-09-19 07:59:10,562 : EventManager : Event: ======'machine_var_mc_extended_version'====== Args={'value': 'MPF-MC v0.57.1 (config_version=6, BCP v1.1,                      Requires MPF API compatibility v0.57.0 or newer)', 'prev_value': None, 'change': True}
2025-09-19 07:59:10,562 : SoundSystem : Setting master volume to 0.15
2025-09-19 07:59:10,562 : SoundSystem : Setting master volume to 0.15
2025-09-19 07:59:10,563 : SoundSystem : Setting master volume to 0.15
2025-09-19 07:59:10,563 : SoundSystem : Setting master volume to 0.15
2025-09-19 07:59:10,645 : EventManager : Event: ======'machine_var_audits_events_game_ended'====== Args={'value': 34, 'prev_value': None, 'change': True}
2025-09-19 07:59:10,670 : EventManager : Event: ======'machine_var_audits_events_game_started'====== Args={'value': 77, 'prev_value': None, 'change': True}
2025-09-19 07:59:10,670 : EventManager : Event: ======'machine_var_audits_missing_switches_s_captive_ball'====== Args={'value': 3, 'prev_value': None, 'change': True}
2025-09-19 07:59:10,670 : EventManager : Event: ======'machine_var_audits_missing_switches_s_center_upper_pop'====== Args={'value': 3, 'prev_value': None, 'change': True}
2025-09-19 07:59:10,670 : EventManager : Event: ======'machine_var_audits_missing_switches_s_inner_orbit'====== Args={'value': 3, 'prev_value': None, 'change': True}
2025-09-19 07:59:10,670 : EventManager : Event: ======'machine_var_audits_missing_switches_s_left_flipper'====== Args={'value': 3, 'prev_value': None, 'change': True}
2025-09-19 07:59:10,670 : EventManager : Event: ======'machine_var_audits_missing_switches_s_left_inlane'====== Args={'value': 3, 'prev_value': None, 'change': True}
2025-09-19 07:59:10,670 : EventManager : Event: ======'machine_var_audits_missing_switches_s_left_orbit'====== Args={'value': 3, 'prev_value': None, 'change': True}
2025-09-19 07:59:10,670 : EventManager : Event: ======'machine_var_audits_missing_switches_s_left_outlane'====== Args={'value': 3, 'prev_value': None, 'change': True}
2025-09-19 07:59:10,670 : EventManager : Event: ======'machine_var_audits_missing_switches_s_left_ramp'====== Args={'value': 3, 'prev_value': None, 'change': True}
2025-09-19 07:59:10,670 : EventManager : Event: ======'machine_var_audits_missing_switches_s_left_slingshot'====== Args={'value': 3, 'prev_value': None, 'change': True}
2025-09-19 07:59:10,670 : EventManager : Event: ======'machine_var_audits_missing_switches_s_left_upper_pop'====== Args={'value': 3, 'prev_value': None, 'change': True}
2025-09-19 07:59:10,671 : EventManager : Event: ======'machine_var_audits_missing_switches_s_pop_standup'====== Args={'value': 3, 'prev_value': None, 'change': True}
2025-09-19 07:59:10,671 : EventManager : Event: ======'machine_var_audits_missing_switches_s_right_flipper'====== Args={'value': 3, 'prev_value': None, 'change': True}
2025-09-19 07:59:10,671 : EventManager : Event: ======'machine_var_audits_missing_switches_s_right_inlane'====== Args={'value': 3, 'prev_value': None, 'change': True}
2025-09-19 07:59:10,671 : EventManager : Event: ======'machine_var_audits_missing_switches_s_right_orbit'====== Args={'value': 3, 'prev_value': None, 'change': True}
2025-09-19 07:59:10,671 : EventManager : Event: ======'machine_var_audits_missing_switches_s_right_outlane'====== Args={'value': 3, 'prev_value': None, 'change': True}
2025-09-19 07:59:10,671 : EventManager : Event: ======'machine_var_audits_missing_switches_s_right_ramp'====== Args={'value': 3, 'prev_value': None, 'change': True}
2025-09-19 07:59:10,671 : EventManager : Event: ======'machine_var_audits_missing_switches_s_right_slingshot'====== Args={'value': 3, 'prev_value': None, 'change': True}
2025-09-19 07:59:10,671 : EventManager : Event: ======'machine_var_audits_missing_switches_s_spinner'====== Args={'value': 3, 'prev_value': None, 'change': True}
2025-09-19 07:59:10,671 : EventManager : Event: ======'machine_var_audits_missing_switches_s_start'====== Args={'value': 2, 'prev_value': None, 'change': True}
2025-09-19 07:59:10,671 : EventManager : Event: ======'machine_var_audits_missing_switches_s_three_bank_bottom'====== Args={'value': 3, 'prev_value': None, 'change': True}
2025-09-19 07:59:10,671 : EventManager : Event: ======'machine_var_audits_missing_switches_s_three_bank_middle'====== Args={'value': 3, 'prev_value': None, 'change': True}
2025-09-19 07:59:10,671 : EventManager : Event: ======'machine_var_audits_missing_switches_s_three_bank_standup'====== Args={'value': 3, 'prev_value': None, 'change': True}
2025-09-19 07:59:10,671 : EventManager : Event: ======'machine_var_audits_missing_switches_s_three_bank_top'====== Args={'value': 3, 'prev_value': None, 'change': True}
2025-09-19 07:59:10,671 : EventManager : Event: ======'machine_var_audits_missing_switches_s_tilt_bob'====== Args={'value': 11, 'prev_value': None, 'change': True}
2025-09-19 07:59:10,671 : EventManager : Event: ======'machine_var_audits_missing_switches_s_top_right_flipper'====== Args={'value': 3, 'prev_value': None, 'change': True}
2025-09-19 07:59:10,671 : EventManager : Event: ======'machine_var_audits_missing_switches_s_trough2'====== Args={'value': 2, 'prev_value': None, 'change': True}
2025-09-19 07:59:10,671 : EventManager : Event: ======'machine_var_audits_missing_switches_s_trough3'====== Args={'value': 2, 'prev_value': None, 'change': True}
2025-09-19 07:59:10,671 : EventManager : Event: ======'machine_var_audits_missing_switches_s_trough4'====== Args={'value': 2, 'prev_value': None, 'change': True}
2025-09-19 07:59:10,671 : EventManager : Event: ======'machine_var_audits_missing_switches_s_trough5'====== Args={'value': 2, 'prev_value': None, 'change': True}
2025-09-19 07:59:10,671 : EventManager : Event: ======'machine_var_audits_missing_switches_s_trough6'====== Args={'value': 3, 'prev_value': None, 'change': True}
2025-09-19 07:59:10,671 : EventManager : Event: ======'machine_var_audits_missing_switches_s_trough_jam'====== Args={'value': 3, 'prev_value': None, 'change': True}
2025-09-19 07:59:10,671 : EventManager : Event: ======'machine_var_audits_missing_switches_s_tshirt_bottom_standup'====== Args={'value': 3, 'prev_value': None, 'change': True}
2025-09-19 07:59:10,671 : EventManager : Event: ======'machine_var_audits_missing_switches_s_tshirt_top_standup'====== Args={'value': 3, 'prev_value': None, 'change': True}
2025-09-19 07:59:10,671 : EventManager : Event: ======'machine_var_audits_missing_switches_s_upper_pop_standup'====== Args={'value': 3, 'prev_value': None, 'change': True}
2025-09-19 07:59:10,671 : EventManager : Event: ======'machine_var_audits_player_score'====== Args={'value': {'average': 13070, 'top': [55679, 54526, 46225, 25350, 24166, 23278, 20422, 20201, 14887, 14573], 'total': 35}, 'prev_value': None, 'change': True}
2025-09-19 07:59:10,671 : EventManager : Event: ======'machine_var_audits_shots_skill_captive'====== Args={'value': 16, 'prev_value': None, 'change': True}
2025-09-19 07:59:10,671 : EventManager : Event: ======'machine_var_audits_switches_s_captive_ball'====== Args={'value': 158, 'prev_value': None, 'change': True}
2025-09-19 07:59:10,671 : EventManager : Event: ======'machine_var_audits_switches_s_center_upper_pop'====== Args={'value': 182, 'prev_value': None, 'change': True}
2025-09-19 07:59:10,671 : EventManager : Event: ======'machine_var_audits_switches_s_inner_orbit'====== Args={'value': 0, 'prev_value': None, 'change': True}
2025-09-19 07:59:10,672 : EventManager : Event: ======'machine_var_audits_switches_s_left_flipper'====== Args={'value': 1240, 'prev_value': None, 'change': True}
2025-09-19 07:59:10,672 : EventManager : Event: ======'machine_var_audits_switches_s_left_inlane'====== Args={'value': 107, 'prev_value': None, 'change': True}
2025-09-19 07:59:10,672 : EventManager : Event: ======'machine_var_audits_switches_s_left_orbit'====== Args={'value': 0, 'prev_value': None, 'change': True}
2025-09-19 07:59:10,672 : EventManager : Event: ======'machine_var_audits_switches_s_left_outlane'====== Args={'value': 53, 'prev_value': None, 'change': True}
2025-09-19 07:59:10,672 : EventManager : Event: ======'machine_var_audits_switches_s_left_ramp'====== Args={'value': 0, 'prev_value': None, 'change': True}
2025-09-19 07:59:10,672 : EventManager : Event: ======'machine_var_audits_switches_s_left_slingshot'====== Args={'value': 259, 'prev_value': None, 'change': True}
2025-09-19 07:59:10,672 : EventManager : Event: ======'machine_var_audits_switches_s_left_upper_pop'====== Args={'value': 139, 'prev_value': None, 'change': True}
2025-09-19 07:59:10,672 : EventManager : Event: ======'machine_var_audits_switches_s_plunger'====== Args={'value': 439, 'prev_value': None, 'change': True}
2025-09-19 07:59:10,672 : EventManager : Event: ======'machine_var_audits_switches_s_pop_standup'====== Args={'value': 48, 'prev_value': None, 'change': True}
2025-09-19 07:59:10,672 : EventManager : Event: ======'machine_var_audits_switches_s_right_flipper'====== Args={'value': 1509, 'prev_value': None, 'change': True}
2025-09-19 07:59:10,672 : EventManager : Event: ======'machine_var_audits_switches_s_right_inlane'====== Args={'value': 104, 'prev_value': None, 'change': True}
2025-09-19 07:59:10,672 : EventManager : Event: ======'machine_var_audits_switches_s_right_lower_pop'====== Args={'value': 267, 'prev_value': None, 'change': True}
2025-09-19 07:59:10,672 : EventManager : Event: ======'machine_var_audits_switches_s_right_orbit'====== Args={'value': 0, 'prev_value': None, 'change': True}
2025-09-19 07:59:10,672 : EventManager : Event: ======'machine_var_audits_switches_s_right_outlane'====== Args={'value': 51, 'prev_value': None, 'change': True}
2025-09-19 07:59:10,672 : EventManager : Event: ======'machine_var_audits_switches_s_right_ramp'====== Args={'value': 0, 'prev_value': None, 'change': True}
2025-09-19 07:59:10,672 : EventManager : Event: ======'machine_var_audits_switches_s_right_slingshot'====== Args={'value': 365, 'prev_value': None, 'change': True}
2025-09-19 07:59:10,672 : EventManager : Event: ======'machine_var_audits_switches_s_scoop'====== Args={'value': 76, 'prev_value': None, 'change': True}
2025-09-19 07:59:10,672 : EventManager : Event: ======'machine_var_audits_switches_s_spinner'====== Args={'value': 1364, 'prev_value': None, 'change': True}
2025-09-19 07:59:10,672 : EventManager : Event: ======'machine_var_audits_switches_s_start'====== Args={'value': 8, 'prev_value': None, 'change': True}
2025-09-19 07:59:10,672 : EventManager : Event: ======'machine_var_audits_switches_s_three_bank_bottom'====== Args={'value': 61, 'prev_value': None, 'change': True}
2025-09-19 07:59:10,673 : EventManager : Event: ======'machine_var_audits_switches_s_three_bank_middle'====== Args={'value': 61, 'prev_value': None, 'change': True}
2025-09-19 07:59:10,673 : EventManager : Event: ======'machine_var_audits_switches_s_three_bank_standup'====== Args={'value': 64, 'prev_value': None, 'change': True}
2025-09-19 07:59:10,673 : EventManager : Event: ======'machine_var_audits_switches_s_three_bank_top'====== Args={'value': 56, 'prev_value': None, 'change': True}
2025-09-19 07:59:10,673 : EventManager : Event: ======'machine_var_audits_switches_s_tilt_bob'====== Args={'value': 21, 'prev_value': None, 'change': True}
2025-09-19 07:59:10,673 : EventManager : Event: ======'machine_var_audits_switches_s_top_right_flipper'====== Args={'value': 1294, 'prev_value': None, 'change': True}
2025-09-19 07:59:10,673 : EventManager : Event: ======'machine_var_audits_switches_s_trough1'====== Args={'value': 207, 'prev_value': None, 'change': True}
2025-09-19 07:59:10,673 : EventManager : Event: ======'machine_var_audits_switches_s_trough2'====== Args={'value': 248, 'prev_value': None, 'change': True}
2025-09-19 07:59:10,673 : EventManager : Event: ======'machine_var_audits_switches_s_trough3'====== Args={'value': 178, 'prev_value': None, 'change': True}
2025-09-19 07:59:10,673 : EventManager : Event: ======'machine_var_audits_switches_s_trough4'====== Args={'value': 160, 'prev_value': None, 'change': True}
2025-09-19 07:59:10,673 : EventManager : Event: ======'machine_var_audits_switches_s_trough5'====== Args={'value': 160, 'prev_value': None, 'change': True}
2025-09-19 07:59:10,673 : EventManager : Event: ======'machine_var_audits_switches_s_trough6'====== Args={'value': 158, 'prev_value': None, 'change': True}
2025-09-19 07:59:10,673 : EventManager : Event: ======'machine_var_audits_switches_s_trough_jam'====== Args={'value': 206, 'prev_value': None, 'change': True}
2025-09-19 07:59:10,673 : EventManager : Event: ======'machine_var_audits_switches_s_tshirt_bottom_standup'====== Args={'value': 28, 'prev_value': None, 'change': True}
2025-09-19 07:59:10,673 : EventManager : Event: ======'machine_var_audits_switches_s_tshirt_top_standup'====== Args={'value': 33, 'prev_value': None, 'change': True}
2025-09-19 07:59:10,673 : EventManager : Event: ======'machine_var_audits_switches_s_upper_pop_standup'====== Args={'value': 158, 'prev_value': None, 'change': True}
2025-09-19 07:59:10,694 : EventManager : Event: ======'slides_play'====== Args={'settings': {'welcome_slide': {'target': None, 'background_color': [0.0, 0.0, 0.0, 1.0], 'priority': None, 'show': True, 'force': False, 'expire': None, 'slide': None, 'tokens': {}, 'action': 'play'}}, 'context': '_global', 'calling_context': 'init_done', 'priority': 0}
2025-09-19 07:59:10,694 : EventManager : Event: ======'mc_reset_phase_1'====== Args={}
2025-09-19 07:59:10,694 : EventManager : Event: ======'slide_welcome_slide_removed'====== Args={}
2025-09-19 07:59:10,696 : EventManager : Event: ======'slide_welcome_slide_created'====== Args={}
2025-09-19 07:59:10,697 : EventManager : Event: ======'mc_reset_phase_2'====== Args={}
2025-09-19 07:59:10,697 : EventManager : Event: ======'mc_reset_phase_3'====== Args={}
2025-09-19 07:59:10,697 : EventManager : Event: ======'mc_reset_complete'====== Args={}
2025-09-19 07:59:10,697 : EventManager : Event: ======'slide_welcome_slide_active'====== Args={}
2025-09-19 07:59:10,707 : EventManager : Event: ======'slides_play'====== Args={'settings': {'attract_started': {'target': None, 'background_color': [0.0, 0.0, 0.0, 1.0], 'priority': None, 'show': True, 'force': False, 'expire': None, 'slide': None, 'tokens': {}, 'action': 'play'}}, 'context': '_global', 'calling_context': 'mode_attract_started', 'priority': 0}
2025-09-19 07:59:10,741 : EventManager : Event: ======'slide_attract_started_created'====== Args={}
2025-09-19 07:59:10,743 : EventManager : Event: ======'slide_attract_started_active'====== Args={}
2025-09-19 07:59:14,726 : EventManager : Event: ======'game_started'====== Args={}
2025-09-19 07:59:14,726 : EventManager : Event: ======'player_added'====== Args={'player': <Player 1>, 'num': 1}
2025-09-19 07:59:14,726 : EventManager : Event: ======'player_index'====== Args={'value': 0, 'prev_value': 0, 'change': 0, 'player_num': 1}
2025-09-19 07:59:14,726 : EventManager : Event: ======'player_number'====== Args={'value': 1, 'prev_value': 1, 'change': 0, 'player_num': 1}
2025-09-19 07:59:14,726 : EventManager : Event: ======'player_score'====== Args={'value': 0, 'prev_value': 0, 'change': 0, 'player_num': 1}
2025-09-19 07:59:14,737 : EventManager : Event: ======'player_ball'====== Args={'value': 1, 'prev_value': 0, 'change': 1, 'player_num': 1}
2025-09-19 07:59:14,737 : EventManager : Event: ======'player_turn_start'====== Args={'number': 1, 'player': <Player 1>}
2025-09-19 07:59:14,737 : EventManager : Event: ======'slides_play'====== Args={'settings': {'gameplay_slide': {'target': None, 'background_color': [0.0, 0.0, 0.0, 1.0], 'priority': None, 'show': True, 'force': False, 'expire': None, 'slide': None, 'tokens': {}, 'action': 'play'}}, 'context': '_global', 'calling_context': 'ball_started', 'priority': 0, 'player': 1, 'ball': 1, 'balls_remaining': 2, 'is_extra_ball': False}
2025-09-19 07:59:14,740 : EventManager : Event: ======'slide_gameplay_slide_created'====== Args={}
2025-09-19 07:59:14,741 : EventManager : Event: ======'slide_gameplay_slide_active'====== Args={}
2025-09-19 07:59:14,875 : EventManager : Event: ======'machine_var_audits_switches_s_plunger'====== Args={'value': 440, 'prev_value': 439, 'change': 1}
2025-09-19 07:59:19,960 : EventManager : Event: ======'machine_var_audits_switches_s_right_lower_pop'====== Args={'value': 268, 'prev_value': 267, 'change': 1}
2025-09-19 07:59:21,437 : EventManager : Event: ======'machine_var_audits_switches_s_scoop'====== Args={'value': 77, 'prev_value': 76, 'change': 1}
2025-09-19 07:59:24,849 : EventManager : Event: ======'machine_var_audits_switches_s_trough1'====== Args={'value': 208, 'prev_value': 207, 'change': 1}
2025-09-19 07:59:25,461 : EventManager : Event: ======'machine_var_audits_switches_s_plunger'====== Args={'value': 441, 'prev_value': 440, 'change': 1}
2025-09-19 07:59:27,782 : kivy : Base: Leaving application in progress...
2025-09-19 07:59:27,996 : mpfmc : Stopping...
2025-09-19 07:59:27,996 : EventManager : Event: ======'shutdown'====== Args={}
2025-09-19 07:59:27,996 : AudioInterface : Disabling audio playback
2025-09-19 07:59:27,997 : mpfmc : Loop rate 59.94 Hz
2025-09-19 07:59:27,997 : root : MC run loop ended.
2025-09-19 07:59:27,997 : root : Stopping child threads... (3 remaining)
2025-09-19 07:59:28,194 : mpfmc : Stopping...
2025-09-19 07:59:28,195 : EventManager : Event: ======'shutdown'====== Args={}
2025-09-19 07:59:28,195 : mpfmc : Loop rate 59.42 Hz
2025-09-19 07:59:28,204 : MPF-MC BCP Server : Stopping BCP sending thread
2025-09-19 07:59:28,298 : root : All child threads stopped.
