2025-10-05 19:24:43,918 : INFO : root : Loading config.
2025-10-05 19:24:43,922 : INFO : YamlMultifileConfigLoader : Machine config file #1: config.yaml
2025-10-05 19:24:43,922 : INFO : ConfigProcessor : Loading config from cache: C:\Users\sdona\AppData\Local\Temp\19f6d0d7953982fda9d956182316b8e5.mpf_cache
2025-10-05 19:24:44,022 : INFO : ConfigProcessor : Loading config from cache: C:\Users\sdona\AppData\Local\Temp\835b5bfea4be8b279a05e96caaaffbbb.mpf_cache
2025-10-05 19:24:44,023 : INFO : ConfigProcessor : Loading config from cache: C:\Users\sdona\AppData\Local\Temp\9b0a7575388f9d9bd2f6ab87bf9fd2f7.mpf_cache
2025-10-05 19:24:44,024 : INFO : ConfigProcessor : Loading config from cache: C:\Users\sdona\AppData\Local\Temp\c340ec0033d1055cd797ffd5447ef414.mpf_cache
2025-10-05 19:24:44,025 : INFO : ConfigProcessor : Loading config from cache: C:\Users\sdona\AppData\Local\Temp\835b5bfea4be8b279a05e96caaaffbbb.mpf_cache
2025-10-05 19:24:44,025 : INFO : ConfigProcessor : Loading config from cache: C:\Users\sdona\AppData\Local\Temp\8c11a28e3c38d4ad47947b6a126f2ee9.mpf_cache
2025-10-05 19:24:44,025 : INFO : ConfigProcessor : Loading config from cache: C:\Users\sdona\AppData\Local\Temp\e391083cdc9e667060411fe5838e93f2.mpf_cache
2025-10-05 19:24:44,026 : INFO : ConfigProcessor : Loading config from cache: C:\Users\sdona\AppData\Local\Temp\f0c219a993d891ee86dcb7eae47dde67.mpf_cache
2025-10-05 19:24:44,026 : INFO : ConfigProcessor : Loading config from cache: C:\Users\sdona\AppData\Local\Temp\96aa58108928490b129531848cd9b506.mpf_cache
2025-10-05 19:24:44,027 : INFO : ConfigProcessor : Loading config from cache: C:\Users\sdona\AppData\Local\Temp\567636b9d9766e3361204e954a8382da.mpf_cache
2025-10-05 19:24:44,028 : INFO : Machine : Mission Pinball Framework Core Engine v0.80.0.dev9
2025-10-05 19:24:44,028 : INFO : Machine : Command line arguments: {'no_load_cache': False, 'create_config_cache': True, 'bcp': True, 'configfile': ['config.yaml'], 'force_assets_load': False, 'platform_integration_test': False, 'jsonlogging': False, 'logfile': 'logs\\2025-10-05-19-24-43-mpf-PinballLaptop.log', 'pause': False, 'production': False, 'text_ui': True, 'loglevel': 15, 'consoleloglevel': 20, 'force_platform': 'smart_virtual', 'syslog_address': None, 'full_logfile_path': 'C:\\venv\\mpf\\mmmdrop\\logs\\2025-10-05-19-24-43-mpf-PinballLaptop.log'}
2025-10-05 19:24:44,028 : INFO : Machine : MPF path: c:\venv\mpf\lib\site-packages\mpf
2025-10-05 19:24:44,028 : INFO : Machine : Machine path: C:\venv\mpf\mmmdrop
2025-10-05 19:24:44,028 : INFO : Machine : Platform: win32
2025-10-05 19:24:44,028 : INFO : Machine : Python executable location: c:\venv\mpf\Scripts\python.exe
2025-10-05 19:24:44,028 : INFO : Machine : Python version: 3.9.13 (64-bit)
2025-10-05 19:24:44,031 : INFO : Machine : Initializing MPF...
2025-10-05 19:24:44,235 : INFO : EventManager : Event: ======'machine_var_credits_string'====== Args={'value': 'FREE PLAY', 'prev_value': None, 'change': True}
2025-10-05 19:24:44,267 : INFO : EventManager : Event: ======'machine_var_fast_audio_headphones_volume'====== Args={'value': 10, 'prev_value': None, 'change': True}
2025-10-05 19:24:44,267 : INFO : EventManager : Event: ======'machine_var_fast_audio_main_volume'====== Args={'value': 44, 'prev_value': None, 'change': True}
2025-10-05 19:24:44,267 : INFO : EventManager : Event: ======'machine_var_master_volume'====== Args={'value': 0.15, 'prev_value': None, 'change': True}
2025-10-05 19:24:44,267 : INFO : EventManager : Event: ======'machine_var_player1_score'====== Args={'value': 140190, 'prev_value': None, 'change': True}
2025-10-05 19:24:44,267 : INFO : EventManager : Event: ======'machine_var_mpf_version'====== Args={'value': 'Mission Pinball Framework v0.80.0.dev9', 'prev_value': None, 'change': True}
2025-10-05 19:24:44,267 : INFO : EventManager : Event: ======'machine_var_mpf_extended_version'====== Args={'value': 'Mission Pinball Framework v0.80.0.dev9, Config version:6, Show version: 6, BCP version:1.1', 'prev_value': None, 'change': True}
2025-10-05 19:24:44,267 : INFO : EventManager : Event: ======'machine_var_python_version'====== Args={'value': '3.9.13', 'prev_value': None, 'change': True}
2025-10-05 19:24:44,297 : INFO : EventManager : Event: ======'machine_var_platform'====== Args={'value': 'Windows-10-10.0.26100-SP0', 'prev_value': None, 'change': True}
2025-10-05 19:24:44,297 : INFO : EventManager : Event: ======'machine_var_platform_system'====== Args={'value': 'Windows', 'prev_value': None, 'change': True}
2025-10-05 19:24:44,298 : INFO : EventManager : Event: ======'machine_var_platform_release'====== Args={'value': '10', 'prev_value': None, 'change': True}
2025-10-05 19:24:44,298 : INFO : EventManager : Event: ======'machine_var_platform_version'====== Args={'value': '10.0.26100', 'prev_value': None, 'change': True}
2025-10-05 19:24:44,298 : INFO : EventManager : Event: ======'machine_var_platform_machine'====== Args={'value': 'AMD64', 'prev_value': None, 'change': True}
2025-10-05 19:24:44,298 : INFO : EventManager : Event: ======'machine_var_log_file_path'====== Args={'value': 'C:\\venv\\mpf\\mmmdrop\\logs\\2025-10-05-19-24-43-mpf-PinballLaptop.log', 'prev_value': None, 'change': True}
2025-10-05 19:24:44,298 : INFO : EventManager : Event: ======'init_phase_1'====== Args={}
2025-10-05 19:24:44,330 : INFO : EventManager : Event: ======'drop_target_bank_three_bank_up'====== Args={}
2025-10-05 19:24:44,331 : INFO : EventManager : Event: ======'init_phase_2'====== Args={}
2025-10-05 19:24:44,331 : INFO : SwitchController : Found active switch: ('3208-0', <Platform.SmartVirtual>) <switch.s_trough1>
2025-10-05 19:24:44,331 : INFO : SwitchController : Found active switch: ('3208-1', <Platform.SmartVirtual>) <switch.s_trough2>
2025-10-05 19:24:44,331 : INFO : SwitchController : Found active switch: ('3208-2', <Platform.SmartVirtual>) <switch.s_trough3>
2025-10-05 19:24:44,331 : INFO : SwitchController : Found active switch: ('3208-3', <Platform.SmartVirtual>) <switch.s_trough4>
2025-10-05 19:24:44,331 : INFO : SwitchController : Found active switch: ('3208-4', <Platform.SmartVirtual>) <switch.s_trough5>
2025-10-05 19:24:44,331 : INFO : SwitchController : Found active switch: ('3208-5', <Platform.SmartVirtual>) <switch.s_trough6>
2025-10-05 19:24:44,336 : INFO : EventManager : Event: ======'bcp_connection_attempt'====== Args={'name': 'local_display', 'host': 'localhost', 'port': 5050}
2025-10-05 19:24:44,339 : INFO : BCPClientSocket : Connecting BCP to 'local_display' at localhost:5050...
2025-10-05 19:24:49,539 : INFO : BCPClientSocket : Connected BCP to 'local_display' localhost:5050
2025-10-05 19:24:49,540 : INFO : EventManager : Event: ======'bcp_clients_connected'====== Args={}
2025-10-05 19:24:49,654 : INFO : ball_device.bd_trough : BCH: Initial count: 6
2025-10-05 19:24:49,654 : INFO : ball_device.bd_trough : State: idle
2025-10-05 19:24:49,655 : INFO : ball_device.bd_plunger : BCH: Initial count: 0
2025-10-05 19:24:49,655 : INFO : ball_device.bd_plunger : State: idle
2025-10-05 19:24:49,655 : INFO : ball_device.bd_scoop : BCH: Initial count: 0
2025-10-05 19:24:49,656 : INFO : ball_device.bd_scoop : State: idle
2025-10-05 19:24:49,673 : INFO : EventManager : Event: ======'init_phase_3'====== Args={}
2025-10-05 19:24:49,675 : INFO : EventManager : Event: ======'init_phase_4'====== Args={}
2025-10-05 19:24:49,677 : INFO : BallController : Initial balls found: 6
2025-10-05 19:24:49,678 : INFO : EventManager : Event: ======'machine_var_audits_events_game_ended'====== Args={'value': 36, 'prev_value': None, 'change': True}
2025-10-05 19:24:49,679 : INFO : EventManager : Event: ======'machine_var_audits_events_game_started'====== Args={'value': 283, 'prev_value': None, 'change': True}
2025-10-05 19:24:49,679 : INFO : EventManager : Event: ======'machine_var_audits_missing_switches_s_captive_ball'====== Args={'value': 11, 'prev_value': None, 'change': True}
2025-10-05 19:24:49,679 : INFO : EventManager : Event: ======'machine_var_audits_missing_switches_s_center_upper_pop'====== Args={'value': 27, 'prev_value': None, 'change': True}
2025-10-05 19:24:49,679 : INFO : EventManager : Event: ======'machine_var_audits_missing_switches_s_inner_orbit'====== Args={'value': 209, 'prev_value': None, 'change': True}
2025-10-05 19:24:49,679 : INFO : EventManager : Event: ======'machine_var_audits_missing_switches_s_left_flipper'====== Args={'value': 81, 'prev_value': None, 'change': True}
2025-10-05 19:24:49,679 : INFO : EventManager : Event: ======'machine_var_audits_missing_switches_s_left_inlane'====== Args={'value': 27, 'prev_value': None, 'change': True}
2025-10-05 19:24:49,679 : INFO : EventManager : Event: ======'machine_var_audits_missing_switches_s_left_orbit'====== Args={'value': 11, 'prev_value': None, 'change': True}
2025-10-05 19:24:49,679 : INFO : EventManager : Event: ======'machine_var_audits_missing_switches_s_left_outlane'====== Args={'value': 27, 'prev_value': None, 'change': True}
2025-10-05 19:24:49,680 : INFO : EventManager : Event: ======'machine_var_audits_missing_switches_s_left_ramp'====== Args={'value': 11, 'prev_value': None, 'change': True}
2025-10-05 19:24:49,680 : INFO : EventManager : Event: ======'machine_var_audits_missing_switches_s_left_slingshot'====== Args={'value': 209, 'prev_value': None, 'change': True}
2025-10-05 19:24:49,680 : INFO : EventManager : Event: ======'machine_var_audits_missing_switches_s_left_upper_pop'====== Args={'value': 27, 'prev_value': None, 'change': True}
2025-10-05 19:24:49,680 : INFO : EventManager : Event: ======'machine_var_audits_missing_switches_s_pop_standup'====== Args={'value': 11, 'prev_value': None, 'change': True}
2025-10-05 19:24:49,680 : INFO : EventManager : Event: ======'machine_var_audits_missing_switches_s_right_flipper'====== Args={'value': 81, 'prev_value': None, 'change': True}
2025-10-05 19:24:49,680 : INFO : EventManager : Event: ======'machine_var_audits_missing_switches_s_right_inlane'====== Args={'value': 94, 'prev_value': None, 'change': True}
2025-10-05 19:24:49,680 : INFO : EventManager : Event: ======'machine_var_audits_missing_switches_s_right_lower_pop'====== Args={'value': 11, 'prev_value': None, 'change': True}
2025-10-05 19:24:49,680 : INFO : EventManager : Event: ======'machine_var_audits_missing_switches_s_right_orbit'====== Args={'value': 11, 'prev_value': None, 'change': True}
2025-10-05 19:24:49,680 : INFO : EventManager : Event: ======'machine_var_audits_missing_switches_s_right_outlane'====== Args={'value': 94, 'prev_value': None, 'change': True}
2025-10-05 19:24:49,681 : INFO : EventManager : Event: ======'machine_var_audits_missing_switches_s_right_ramp'====== Args={'value': 11, 'prev_value': None, 'change': True}
2025-10-05 19:24:49,681 : INFO : EventManager : Event: ======'machine_var_audits_missing_switches_s_right_slingshot'====== Args={'value': 59, 'prev_value': None, 'change': True}
2025-10-05 19:24:49,681 : INFO : EventManager : Event: ======'machine_var_audits_missing_switches_s_spinner'====== Args={'value': 115, 'prev_value': None, 'change': True}
2025-10-05 19:24:49,681 : INFO : EventManager : Event: ======'machine_var_audits_missing_switches_s_start'====== Args={'value': 78, 'prev_value': None, 'change': True}
2025-10-05 19:24:49,681 : INFO : EventManager : Event: ======'machine_var_audits_missing_switches_s_three_bank_standup'====== Args={'value': 11, 'prev_value': None, 'change': True}
2025-10-05 19:24:49,681 : INFO : EventManager : Event: ======'machine_var_audits_missing_switches_s_tilt_bob'====== Args={'value': 217, 'prev_value': None, 'change': True}
2025-10-05 19:24:49,681 : INFO : EventManager : Event: ======'machine_var_audits_missing_switches_s_top_right_flipper'====== Args={'value': 209, 'prev_value': None, 'change': True}
2025-10-05 19:24:49,682 : INFO : EventManager : Event: ======'machine_var_audits_missing_switches_s_trough1'====== Args={'value': 27, 'prev_value': None, 'change': True}
2025-10-05 19:24:49,682 : INFO : EventManager : Event: ======'machine_var_audits_missing_switches_s_trough2'====== Args={'value': 24, 'prev_value': None, 'change': True}
2025-10-05 19:24:49,682 : INFO : EventManager : Event: ======'machine_var_audits_missing_switches_s_trough3'====== Args={'value': 24, 'prev_value': None, 'change': True}
2025-10-05 19:24:49,682 : INFO : EventManager : Event: ======'machine_var_audits_missing_switches_s_trough4'====== Args={'value': 208, 'prev_value': None, 'change': True}
2025-10-05 19:24:49,682 : INFO : EventManager : Event: ======'machine_var_audits_missing_switches_s_trough5'====== Args={'value': 208, 'prev_value': None, 'change': True}
2025-10-05 19:24:49,682 : INFO : EventManager : Event: ======'machine_var_audits_missing_switches_s_trough6'====== Args={'value': 58, 'prev_value': None, 'change': True}
2025-10-05 19:24:49,682 : INFO : EventManager : Event: ======'machine_var_audits_missing_switches_s_trough_jam'====== Args={'value': 209, 'prev_value': None, 'change': True}
2025-10-05 19:24:49,682 : INFO : EventManager : Event: ======'machine_var_audits_missing_switches_s_tshirt_bottom_standup'====== Args={'value': 55, 'prev_value': None, 'change': True}
2025-10-05 19:24:49,682 : INFO : EventManager : Event: ======'machine_var_audits_missing_switches_s_tshirt_top_standup'====== Args={'value': 34, 'prev_value': None, 'change': True}
2025-10-05 19:24:49,682 : INFO : EventManager : Event: ======'machine_var_audits_missing_switches_s_upper_pop_standup'====== Args={'value': 209, 'prev_value': None, 'change': True}
2025-10-05 19:24:49,682 : INFO : EventManager : Event: ======'machine_var_audits_player_score'====== Args={'value': {'average': 16766, 'top': [140190, 55679, 54526, 46225, 25350, 24166, 23278, 22740, 20422, 20201], 'total': 37}, 'prev_value': None, 'change': True}
2025-10-05 19:24:49,682 : INFO : EventManager : Event: ======'machine_var_audits_shots_skill_captive'====== Args={'value': 16, 'prev_value': None, 'change': True}
2025-10-05 19:24:49,682 : INFO : EventManager : Event: ======'machine_var_audits_shots_skill_drop_targets'====== Args={'value': 58, 'prev_value': None, 'change': True}
2025-10-05 19:24:49,683 : INFO : EventManager : Event: ======'machine_var_audits_shots_skill_side_targets'====== Args={'value': 27, 'prev_value': None, 'change': True}
2025-10-05 19:24:49,683 : INFO : EventManager : Event: ======'machine_var_audits_switches_s_captive_ball'====== Args={'value': 164, 'prev_value': None, 'change': True}
2025-10-05 19:24:49,683 : INFO : EventManager : Event: ======'machine_var_audits_switches_s_center_upper_pop'====== Args={'value': 196, 'prev_value': None, 'change': True}
2025-10-05 19:24:49,683 : INFO : EventManager : Event: ======'machine_var_audits_switches_s_inner_orbit'====== Args={'value': 0, 'prev_value': None, 'change': True}
2025-10-05 19:24:49,683 : INFO : EventManager : Event: ======'machine_var_audits_switches_s_left_flipper'====== Args={'value': 1243, 'prev_value': None, 'change': True}
2025-10-05 19:24:49,683 : INFO : EventManager : Event: ======'machine_var_audits_switches_s_left_inlane'====== Args={'value': 110, 'prev_value': None, 'change': True}
2025-10-05 19:24:49,683 : INFO : EventManager : Event: ======'machine_var_audits_switches_s_left_orbit'====== Args={'value': 31, 'prev_value': None, 'change': True}
2025-10-05 19:24:49,683 : INFO : EventManager : Event: ======'machine_var_audits_switches_s_left_outlane'====== Args={'value': 56, 'prev_value': None, 'change': True}
2025-10-05 19:24:49,683 : INFO : EventManager : Event: ======'machine_var_audits_switches_s_left_ramp'====== Args={'value': 45, 'prev_value': None, 'change': True}
2025-10-05 19:24:49,683 : INFO : EventManager : Event: ======'machine_var_audits_switches_s_left_slingshot'====== Args={'value': 259, 'prev_value': None, 'change': True}
2025-10-05 19:24:49,684 : INFO : EventManager : Event: ======'machine_var_audits_switches_s_left_upper_pop'====== Args={'value': 148, 'prev_value': None, 'change': True}
2025-10-05 19:24:49,684 : INFO : EventManager : Event: ======'machine_var_audits_switches_s_plunger'====== Args={'value': 738, 'prev_value': None, 'change': True}
2025-10-05 19:24:49,684 : INFO : EventManager : Event: ======'machine_var_audits_switches_s_pop_standup'====== Args={'value': 70, 'prev_value': None, 'change': True}
2025-10-05 19:24:49,684 : INFO : EventManager : Event: ======'machine_var_audits_switches_s_right_flipper'====== Args={'value': 1515, 'prev_value': None, 'change': True}
2025-10-05 19:24:49,684 : INFO : EventManager : Event: ======'machine_var_audits_switches_s_right_inlane'====== Args={'value': 106, 'prev_value': None, 'change': True}
2025-10-05 19:24:49,684 : INFO : EventManager : Event: ======'machine_var_audits_switches_s_right_lower_pop'====== Args={'value': 455, 'prev_value': None, 'change': True}
2025-10-05 19:24:49,684 : INFO : EventManager : Event: ======'machine_var_audits_switches_s_right_orbit'====== Args={'value': 31, 'prev_value': None, 'change': True}
2025-10-05 19:24:49,684 : INFO : EventManager : Event: ======'machine_var_audits_switches_s_right_outlane'====== Args={'value': 53, 'prev_value': None, 'change': True}
2025-10-05 19:24:49,685 : INFO : EventManager : Event: ======'machine_var_audits_switches_s_right_ramp'====== Args={'value': 45, 'prev_value': None, 'change': True}
2025-10-05 19:24:49,685 : INFO : EventManager : Event: ======'machine_var_audits_switches_s_right_slingshot'====== Args={'value': 366, 'prev_value': None, 'change': True}
2025-10-05 19:24:49,685 : INFO : EventManager : Event: ======'machine_var_audits_switches_s_scoop'====== Args={'value': 210, 'prev_value': None, 'change': True}
2025-10-05 19:24:49,685 : INFO : EventManager : Event: ======'machine_var_audits_switches_s_spinner'====== Args={'value': 1371, 'prev_value': None, 'change': True}
2025-10-05 19:24:49,685 : INFO : EventManager : Event: ======'machine_var_audits_switches_s_start'====== Args={'value': 55, 'prev_value': None, 'change': True}
2025-10-05 19:24:49,685 : INFO : EventManager : Event: ======'machine_var_audits_switches_s_three_bank_bottom'====== Args={'value': 211, 'prev_value': None, 'change': True}
2025-10-05 19:24:49,685 : INFO : EventManager : Event: ======'machine_var_audits_switches_s_three_bank_middle'====== Args={'value': 237, 'prev_value': None, 'change': True}
2025-10-05 19:24:49,685 : INFO : EventManager : Event: ======'machine_var_audits_switches_s_three_bank_standup'====== Args={'value': 138, 'prev_value': None, 'change': True}
2025-10-05 19:24:49,685 : INFO : EventManager : Event: ======'machine_var_audits_switches_s_three_bank_top'====== Args={'value': 229, 'prev_value': None, 'change': True}
2025-10-05 19:24:49,686 : INFO : EventManager : Event: ======'machine_var_audits_switches_s_tilt_bob'====== Args={'value': 21, 'prev_value': None, 'change': True}
2025-10-05 19:24:49,686 : INFO : EventManager : Event: ======'machine_var_audits_switches_s_top_right_flipper'====== Args={'value': 1294, 'prev_value': None, 'change': True}
2025-10-05 19:24:49,686 : INFO : EventManager : Event: ======'machine_var_audits_switches_s_trough1'====== Args={'value': 246, 'prev_value': None, 'change': True}
2025-10-05 19:24:49,686 : INFO : EventManager : Event: ======'machine_var_audits_switches_s_trough2'====== Args={'value': 256, 'prev_value': None, 'change': True}
2025-10-05 19:24:49,686 : INFO : EventManager : Event: ======'machine_var_audits_switches_s_trough3'====== Args={'value': 184, 'prev_value': None, 'change': True}
2025-10-05 19:24:49,686 : INFO : EventManager : Event: ======'machine_var_audits_switches_s_trough4'====== Args={'value': 160, 'prev_value': None, 'change': True}
2025-10-05 19:24:49,686 : INFO : EventManager : Event: ======'machine_var_audits_switches_s_trough5'====== Args={'value': 160, 'prev_value': None, 'change': True}
2025-10-05 19:24:49,686 : INFO : EventManager : Event: ======'machine_var_audits_switches_s_trough6'====== Args={'value': 161, 'prev_value': None, 'change': True}
2025-10-05 19:24:49,687 : INFO : EventManager : Event: ======'machine_var_audits_switches_s_trough_jam'====== Args={'value': 206, 'prev_value': None, 'change': True}
2025-10-05 19:24:49,687 : INFO : EventManager : Event: ======'machine_var_audits_switches_s_tshirt_bottom_standup'====== Args={'value': 31, 'prev_value': None, 'change': True}
2025-10-05 19:24:49,687 : INFO : EventManager : Event: ======'machine_var_audits_switches_s_tshirt_top_standup'====== Args={'value': 58, 'prev_value': None, 'change': True}
2025-10-05 19:24:49,687 : INFO : EventManager : Event: ======'machine_var_audits_switches_s_upper_pop_standup'====== Args={'value': 158, 'prev_value': None, 'change': True}
2025-10-05 19:24:49,687 : INFO : EventManager : Event: ======'init_phase_5'====== Args={}
2025-10-05 19:24:49,752 : INFO : EventManager : Event: ======'init_done'====== Args={}
2025-10-05 19:24:49,752 : INFO : EventManager : Event: ======'machine_reset_phase_1'====== Args={}
2025-10-05 19:24:49,762 : INFO : EventManager : Event: ======'machine_reset_phase_2'====== Args={}
2025-10-05 19:24:49,762 : INFO : EventManager : Event: ======'machine_reset_phase_3'====== Args={}
2025-10-05 19:24:49,762 : INFO : drop_target_bank.three_bank : All targets are already up. Will not reset bank.
2025-10-05 19:24:49,762 : INFO : EventManager : Event: ======'reset_complete'====== Args={}
2025-10-05 19:24:49,763 : INFO : EventManager : Event: ======'mode_attract_will_start'====== Args={}
2025-10-05 19:24:49,764 : INFO : EventManager : Event: ======'mode_attract_starting'====== Args={}
2025-10-05 19:24:49,764 : INFO : Mode.attract : Started. Priority: 10
2025-10-05 19:24:49,764 : INFO : EventManager : Event: ======'modes_active_modes_changed'====== Args={}
2025-10-05 19:24:49,764 : INFO : EventManager : Event: ======'mode_attract_started'====== Args={}
2025-10-05 19:24:49,765 : INFO : EventManager : Event: ======'collecting_balls_complete'====== Args={}
2025-10-05 19:24:49,778 : INFO : Machine : Starting the main run loop with active modes: [<Mode.attract>]
2025-10-05 19:24:49,780 : INFO : EventManager : Event: ======'slide_loading_created'====== Args={'_from_bcp': True}
2025-10-05 19:24:49,780 : INFO : EventManager : Event: ======'slide__removed'====== Args={'_from_bcp': True}
2025-10-05 19:24:49,780 : INFO : EventManager : Event: ======'slide_loading_active'====== Args={'original_context': '_global', 'original_calling_context': 'init_done', 'priority': 0.0, 'cmd': 'slides_play', '_from_bcp': True}
2025-10-05 19:24:49,841 : INFO : EventManager : Event: ======'slide_attract_created'====== Args={'_from_bcp': True}
2025-10-05 19:24:49,841 : INFO : EventManager : Event: ======'slide_loading_inactive'====== Args={'is_removing': True, '_from_bcp': True}
2025-10-05 19:24:49,841 : INFO : EventManager : Event: ======'slide_attract_active'====== Args={'original_context': 'attract', 'original_calling_context': 'mode_attract_started', 'priority': 10.0, 'cmd': 'slides_play', '_from_bcp': True}
2025-10-05 19:24:49,841 : INFO : EventManager : Event: ======'slide_loading_removed'====== Args={'_from_bcp': True}
2025-10-05 19:24:50,006 : INFO : BcpServer : New client connected.
2025-10-05 19:24:50,469 : INFO : SwitchController : <<<<<<< 's_start' active >>>>>>>
2025-10-05 19:24:50,585 : INFO : SwitchController : <<<<<<< 's_start' inactive >>>>>>>
2025-10-05 19:24:50,587 : INFO : EventManager : Event: ======'request_to_start_game'====== Args={}
2025-10-05 19:24:50,587 : INFO : EventManager : Event: ======'game_start'====== Args={'buttons': [], 'hold_time': 0.1089999999999236}
2025-10-05 19:24:50,588 : INFO : EventManager : Event: ======'mode_game_will_start'====== Args={'buttons': [], 'hold_time': 0.1089999999999236}
2025-10-05 19:24:50,589 : INFO : EventManager : Event: ======'mode_game_starting'====== Args={'buttons': [], 'hold_time': 0.1089999999999236}
2025-10-05 19:24:50,589 : INFO : EventManager : Event: ======'mode_attract_will_stop'====== Args={}
2025-10-05 19:24:50,589 : INFO : EventManager : Event: ======'mode_attract_stopping'====== Args={}
2025-10-05 19:24:50,589 : INFO : Mode.attract : Stopped.
2025-10-05 19:24:50,589 : INFO : EventManager : Event: ======'modes_active_modes_changed'====== Args={}
2025-10-05 19:24:50,590 : INFO : EventManager : Event: ======'mode_attract_stopped'====== Args={}
2025-10-05 19:24:50,590 : INFO : EventManager : Event: ======'clear'====== Args={'key': 'attract'}
2025-10-05 19:24:50,590 : INFO : Mode.game : Started. Priority: 20
2025-10-05 19:24:50,590 : INFO : EventManager : Event: ======'modes_active_modes_changed'====== Args={}
2025-10-05 19:24:50,591 : INFO : EventManager : Event: ======'mode_game_started'====== Args={'buttons': [], 'hold_time': 0.1089999999999236}
2025-10-05 19:24:50,597 : INFO : EventManager : Event: ======'game_will_start'====== Args={}
2025-10-05 19:24:50,598 : INFO : EventManager : Event: ======'game_starting'====== Args={'game': <Mode.game>}
2025-10-05 19:24:50,599 : INFO : EventManager : Unordered handler for class <Auditor> on event game_ended with priority 1. Handlers: [RegisteredHandler(callback=<bound method Auditor.disable of <Auditor>>, priority=1, kwargs={}, key=UUID('3d9e1ec1-14cd-4536-8694-4e2b199d215f'), condition=None, blocking_facility=None), RegisteredHandler(callback=<bound method Auditor._save_audits of <Auditor>>, priority=1, kwargs={}, key=UUID('c5db7611-ab4a-489c-a27f-1cb3f881e0fa'), condition=None, blocking_facility=None)]. The order of those handlers is not defined and they will be executed in random order. This might lead to race conditions and potential bugs.
2025-10-05 19:24:50,600 : INFO : EventManager : Event: ======'player_add_request'====== Args={}
2025-10-05 19:24:50,600 : INFO : EventManager : Event: ======'player_will_add'====== Args={'number': 1}
2025-10-05 19:24:50,600 : INFO : EventManager : Event: ======'player_adding'====== Args={'player': <Player 1>, 'number': 1}
2025-10-05 19:24:50,600 : INFO : EventManager : Event: ======'player_added'====== Args={'player': <Player 1>, 'num': 1}
2025-10-05 19:24:50,601 : INFO : Mode.game : Player added successfully. Total players: 1
2025-10-05 19:24:50,601 : INFO : EventManager : Event: ======'player_index'====== Args={'value': 0, 'prev_value': 0, 'change': 0, 'player_num': 1}
2025-10-05 19:24:50,601 : INFO : EventManager : Event: ======'player_number'====== Args={'value': 1, 'prev_value': 1, 'change': 0, 'player_num': 1}
2025-10-05 19:24:50,602 : INFO : EventManager : Event: ======'player_score'====== Args={'value': 0, 'prev_value': 0, 'change': 0, 'player_num': 1}
2025-10-05 19:24:50,603 : INFO : EventManager : Event: ======'game_started'====== Args={}
2025-10-05 19:24:50,612 : INFO : EventManager : Event: ======'player_turn_will_start'====== Args={'player': <Player 1>, 'number': 1}
2025-10-05 19:24:50,613 : INFO : EventManager : Event: ======'player_turn_starting'====== Args={'player': <Player 1>, 'number': 1}
2025-10-05 19:24:50,613 : INFO : EventManager : Event: ======'player_ball'====== Args={'value': 1, 'prev_value': 0, 'change': 1, 'player_num': 1}
2025-10-05 19:24:50,614 : INFO : EventManager : Event: ======'player_turn_started'====== Args={'player': <Player 1>, 'number': 1}
2025-10-05 19:24:50,616 : INFO : EventManager : Event: ======'ball_will_start'====== Args={'player': 1, 'ball': 1, 'balls_remaining': 2, 'is_extra_ball': False}
2025-10-05 19:24:50,618 : INFO : EventManager : Event: ======'ball_starting'====== Args={'player': 1, 'ball': 1, 'balls_remaining': 2, 'is_extra_ball': False}
2025-10-05 19:24:50,620 : INFO : EventManager : Event: ======'mode_base_will_start'====== Args={'queue': <QueuedEvent>, 'player': 1, 'ball': 1, 'balls_remaining': 2, 'is_extra_ball': False}
2025-10-05 19:24:50,627 : INFO : EventManager : Event: ======'mode_base_starting'====== Args={'queue': <QueuedEvent>, 'player': 1, 'ball': 1, 'balls_remaining': 2, 'is_extra_ball': False}
2025-10-05 19:24:50,628 : INFO : drop_target_bank.three_bank : All targets are already up. Will not reset bank.
2025-10-05 19:24:50,629 : INFO : EventManager : Event: ======'balls_in_play'====== Args={'balls': 1}
2025-10-05 19:24:50,629 : INFO : EventManager : Event: ======'ball_started'====== Args={'player': 1, 'ball': 1, 'balls_remaining': 2, 'is_extra_ball': False}
2025-10-05 19:24:50,631 : INFO : EventManager : Event: ======'logicblock_qualify_chcheckitout_multiball_updated'====== Args={'value': 0, 'enabled': True}
2025-10-05 19:24:50,631 : INFO : EventManager : Event: ======'logicblock_drop_target_bank_counter_updated'====== Args={'value': 0, 'enabled': True}
2025-10-05 19:24:50,631 : INFO : EventManager : Event: ======'logicblock_qualify_chcheckitout_multiball_updated'====== Args={'value': 0, 'enabled': True}
2025-10-05 19:24:50,631 : INFO : EventManager : Event: ======'logicblock_chcheckitout_multiball_ready_updated'====== Args={'value': 0, 'enabled': False}
2025-10-05 19:24:50,631 : INFO : EventManager : Event: ======'logicblock_drop_target_bank_counter_updated'====== Args={'value': 0, 'enabled': True}
2025-10-05 19:24:50,631 : INFO : Mode.base : Started. Priority: 100
2025-10-05 19:24:50,631 : INFO : EventManager : Event: ======'modes_active_modes_changed'====== Args={}
2025-10-05 19:24:50,631 : INFO : EventManager : Event: ======'mode_base_started'====== Args={'queue': <QueuedEvent>, 'player': 1, 'ball': 1, 'balls_remaining': 2, 'is_extra_ball': False}
2025-10-05 19:24:50,632 : INFO : EventManager : Event: ======'mode_skill_shot_will_start'====== Args={'player': 1, 'ball': 1, 'balls_remaining': 2, 'is_extra_ball': False}
2025-10-05 19:24:50,633 : INFO : EventManager : Event: ======'player_shot_skill_side_targets_enabled'====== Args={'value': True, 'prev_value': 0, 'change': 1, 'player_num': 1}
2025-10-05 19:24:50,634 : INFO : EventManager : Event: ======'player_shot_skill_drop_targets_enabled'====== Args={'value': True, 'prev_value': 0, 'change': 1, 'player_num': 1}
2025-10-05 19:24:50,634 : INFO : EventManager : Event: ======'skill_shot_complete'====== Args={'state': 'unlit'}
2025-10-05 19:24:50,634 : INFO : EventManager : Event: ======'skill_shot_unlit_complete'====== Args={}
2025-10-05 19:24:50,635 : INFO : EventManager : Event: ======'player_skill_shot_skill_shot_timeout_tick'====== Args={'value': 0, 'prev_value': 0, 'change': 0, 'player_num': 1}
2025-10-05 19:24:50,637 : INFO : EventManager : Event: ======'mode_skill_shot_starting'====== Args={'player': 1, 'ball': 1, 'balls_remaining': 2, 'is_extra_ball': False}
2025-10-05 19:24:50,637 : INFO : EventManager : Event: ======'logicblock_drop_target_bank_counter_updated'====== Args={'value': 1, 'enabled': True}
2025-10-05 19:24:50,637 : INFO : EventManager : Event: ======'counter_drop_target_bank_counter_hit'====== Args={'count': 1, 'hits': 1, 'remaining': 1}
2025-10-05 19:24:50,637 : INFO : EventManager : Event: ======'logicblock_drop_target_bank_counter_hit'====== Args={'count': 1, 'hits': 1, 'remaining': 1}
2025-10-05 19:24:50,638 : INFO : EventManager : Event: ======'player_drop_target_bank_counter_count'====== Args={'value': 1, 'prev_value': 0, 'change': 1, 'player_num': 1, 'source': 'base'}
2025-10-05 19:24:50,638 : INFO : EventManager : Event: ======'player_drop_target_bank_counter_count'====== Args={'value': 0, 'prev_value': 1, 'change': -1, 'player_num': 1, 'source': 'base'}
2025-10-05 19:24:50,638 : INFO : EventManager : Event: ======'mode_multiball_will_start'====== Args={'queue': <QueuedEvent>, 'player': 1, 'ball': 1, 'balls_remaining': 2, 'is_extra_ball': False}
2025-10-05 19:24:50,639 : INFO : EventManager : Event: ======'mode_multiball_starting'====== Args={'queue': <QueuedEvent>, 'player': 1, 'ball': 1, 'balls_remaining': 2, 'is_extra_ball': False}
2025-10-05 19:24:50,640 : INFO : EventManager : Event: ======'mode_carousel_will_start'====== Args={'queue': <QueuedEvent>, 'player': 1, 'ball': 1, 'balls_remaining': 2, 'is_extra_ball': False}
2025-10-05 19:24:50,640 : INFO : EventManager : Event: ======'mode_carousel_starting'====== Args={'queue': <QueuedEvent>, 'player': 1, 'ball': 1, 'balls_remaining': 2, 'is_extra_ball': False}
2025-10-05 19:24:50,641 : INFO : EventManager : Event: ======'ball_save_default_enabled'====== Args={}
2025-10-05 19:24:50,641 : INFO : Mode.carousel : Started. Priority: 200
2025-10-05 19:24:50,641 : INFO : EventManager : Event: ======'modes_active_modes_changed'====== Args={}
2025-10-05 19:24:50,641 : INFO : EventManager : Event: ======'mode_carousel_started'====== Args={'queue': <QueuedEvent>, 'player': 1, 'ball': 1, 'balls_remaining': 2, 'is_extra_ball': False}
2025-10-05 19:24:50,642 : INFO : EventManager : Event: ======'item_highlighted'====== Args={'carousel': 'carousel', 'direction': None, 'item': 'intergalactic'}
2025-10-05 19:24:50,642 : INFO : Mode.multiball : Started. Priority: 1000
2025-10-05 19:24:50,642 : INFO : EventManager : Event: ======'modes_active_modes_changed'====== Args={}
2025-10-05 19:24:50,643 : INFO : EventManager : Event: ======'mode_multiball_started'====== Args={'queue': <QueuedEvent>, 'player': 1, 'ball': 1, 'balls_remaining': 2, 'is_extra_ball': False}
2025-10-05 19:24:50,643 : INFO : Mode.skill_shot : Started. Priority: 500
2025-10-05 19:24:50,643 : INFO : EventManager : Event: ======'modes_active_modes_changed'====== Args={}
2025-10-05 19:24:50,643 : INFO : EventManager : Event: ======'mode_skill_shot_started'====== Args={'player': 1, 'ball': 1, 'balls_remaining': 2, 'is_extra_ball': False}
2025-10-05 19:24:50,643 : INFO : EventManager : Event: ======'player_shot_skill_side_targets'====== Args={'value': 1, 'prev_value': 0, 'change': 1, 'player_num': 1}
2025-10-05 19:24:50,644 : INFO : EventManager : Event: ======'player_shot_skill_drop_targets'====== Args={'value': 1, 'prev_value': 0, 'change': 1, 'player_num': 1}
2025-10-05 19:24:50,645 : INFO : EventManager : Event: ======'skill_shot_complete'====== Args={'state': 'flashing'}
2025-10-05 19:24:50,645 : INFO : EventManager : Event: ======'skill_shot_flashing_complete'====== Args={}
2025-10-05 19:24:50,647 : INFO : EventManager : Event: ======'single_player_ball_started'====== Args={}
2025-10-05 19:24:50,665 : INFO : EventManager : Event: ======'ball_start_target'====== Args={'target': 'playfield'}
2025-10-05 19:24:50,667 : INFO : ball_device.bd_plunger : Setting up player-controlled eject. Balls: 1, Target: <playfield.playfield>, player_controlled_eject_event: None
2025-10-05 19:24:50,668 : INFO : EventManager : Event: ======'balldevice_balls_available'====== Args={}
2025-10-05 19:24:50,670 : INFO : ball_device.bd_trough : State: waiting_for_target_ready
2025-10-05 19:24:50,671 : INFO : EventManager : Event: ======'balldevice_bd_trough_ball_eject_attempt'====== Args={'balls': 1, 'target': <ball_device.bd_plunger>, 'source': <ball_device.bd_trough>, 'mechanical_eject': True, 'num_attempts': 0}
2025-10-05 19:24:50,671 : INFO : ball_device.bd_plunger : State: waiting_for_ball
2025-10-05 19:24:50,672 : INFO : EventManager : Event: ======'slide_base_created'====== Args={'_from_bcp': True}
2025-10-05 19:24:50,673 : INFO : ball_device.bd_trough : State: ejecting
2025-10-05 19:24:50,673 : INFO : ball_device.bd_trough : Ejecting ball to <ball_device.bd_plunger>
2025-10-05 19:24:50,673 : INFO : EventManager : Event: ======'balldevice_bd_trough_ejecting_ball'====== Args={'balls': 1, 'target': <ball_device.bd_plunger>, 'source': <ball_device.bd_trough>, 'mechanical_eject': True, 'num_attempts': 0}
2025-10-05 19:24:50,674 : INFO : ball_device.bd_trough : Wait for ball to leave device
2025-10-05 19:24:50,675 : INFO : coil.c_trough_eject : Pulsing Driver for 20ms (1.0 pulse_power)
2025-10-05 19:24:50,675 : INFO : SwitchController : <<<<<<< 's_trough1' inactive >>>>>>>
2025-10-05 19:24:50,681 : INFO : EventManager : Event: ======'slide_score_overlay_created'====== Args={'_from_bcp': True}
2025-10-05 19:24:50,682 : INFO : EventManager : Event: ======'slide_attract_inactive'====== Args={'is_removing': True, '_from_bcp': True}
2025-10-05 19:24:50,683 : INFO : EventManager : Event: ======'slide_score_overlay_active'====== Args={'original_context': 'base', 'original_calling_context': 'mode_base_started', 'priority': 100.0, 'queue': '<QueuedEvent>', 'player': 1.0, 'ball': 1.0, 'balls_remaining': 2.0, 'is_extra_ball': False, 'cmd': 'slides_play', '_from_bcp': True}
2025-10-05 19:24:50,693 : INFO : EventManager : Event: ======'slide_attract_removed'====== Args={'_from_bcp': True}
2025-10-05 19:24:50,695 : INFO : ball_device.bd_trough : State: ball_left
2025-10-05 19:24:50,695 : INFO : ball_device.bd_trough : Ball left
2025-10-05 19:24:50,695 : INFO : ball_device.bd_trough : Wait for confirm with timeout 3.0
2025-10-05 19:24:50,696 : INFO : EventManager : Event: ======'slide_current_mode_highlighted_created'====== Args={'_from_bcp': True}
2025-10-05 19:24:50,788 : INFO : SwitchController : <<<<<<< 's_plunger' active >>>>>>>
2025-10-05 19:24:50,789 : INFO : EventManager : Event: ======'machine_var_audits_switches_s_plunger'====== Args={'value': 739, 'prev_value': 738, 'change': 1}
2025-10-05 19:24:50,944 : INFO : EventManager : Event: ======'slide_skillshot_overlay_created'====== Args={'_from_bcp': True}
2025-10-05 19:24:51,285 : INFO : SwitchController : <<<<<<< 's_plunger' inactive >>>>>>>
2025-10-05 19:24:51,285 : INFO : EventManager : Event: ======'ball_out'====== Args={}
2025-10-05 19:24:51,287 : INFO : EventManager : Event: ======'ball_save_default_timer_start'====== Args={}
2025-10-05 19:24:51,818 : INFO : SwitchController : <<<<<<< 's_three_bank_bottom' active >>>>>>>
2025-10-05 19:24:51,818 : INFO : EventManager : Event: ======'playfield_active'====== Args={'source': 'skill_drop_targets'}
2025-10-05 19:24:51,818 : INFO : EventManager : Event: ======'unexpected_ball_on_playfield'====== Args={}
2025-10-05 19:24:51,818 : INFO : EventManager : Event: ======'s_three_bank_bottom_active'====== Args={}
2025-10-05 19:24:51,819 : INFO : EventManager : Event: ======'playfield_active'====== Args={'source': 'bottom'}
2025-10-05 19:24:51,819 : INFO : EventManager : Event: ======'unexpected_ball_on_playfield'====== Args={}
2025-10-05 19:24:51,819 : INFO : EventManager : Event: ======'drop_target_bottom_down'====== Args={'device': <drop_target.bottom>}
2025-10-05 19:24:51,819 : INFO : EventManager : Event: ======'drop_target_bank_three_bank_mixed'====== Args={'prev_value': <DropTargetBankState.UP: 'up'>, 'down': 1}
2025-10-05 19:24:51,819 : INFO : EventManager : Event: ======'machine_var_audits_switches_s_three_bank_bottom'====== Args={'value': 212, 'prev_value': 211, 'change': 1}
2025-10-05 19:24:51,820 : INFO : EventManager : Event: ======'player_shot_skill_drop_targets'====== Args={'value': 2, 'prev_value': 1, 'change': 1, 'player_num': 1}
2025-10-05 19:24:51,821 : INFO : EventManager : Event: ======'machine_var_audits_shots_skill_drop_targets'====== Args={'value': 59, 'prev_value': 58, 'change': 1}
2025-10-05 19:24:51,821 : INFO : EventManager : Event: ======'skill_drop_targets_hit'====== Args={'profile': 'skill_shot_profile', 'state': 'flashing', 'advancing': True}
2025-10-05 19:24:51,821 : INFO : EventManager : Event: ======'skill_drop_targets_skill_shot_profile_hit'====== Args={'profile': 'skill_shot_profile', 'state': 'flashing', 'advancing': True}
2025-10-05 19:24:51,821 : INFO : EventManager : Event: ======'skill_drop_targets_skill_shot_profile_flashing_hit'====== Args={'profile': 'skill_shot_profile', 'state': 'flashing', 'advancing': True}
2025-10-05 19:24:51,821 : INFO : EventManager : Event: ======'skill_drop_targets_flashing_hit'====== Args={'profile': 'skill_shot_profile', 'state': 'flashing', 'advancing': True}
2025-10-05 19:24:51,822 : INFO : EventManager : Event: ======'player_score'====== Args={'value': 2220, 'prev_value': 0, 'change': 2220, 'player_num': 1, 'source': 'base'}
2025-10-05 19:24:51,822 : INFO : EventManager : Event: ======'skill_shot_hit'====== Args={'shot': 'skill_drop_targets'}
2025-10-05 19:24:51,822 : INFO : EventManager : Event: ======'skill_shot_flashing_hit'====== Args={'shot': 'skill_drop_targets'}
2025-10-05 19:24:51,822 : INFO : state_machine.skill_shot_success : Transitioning from start to success
2025-10-05 19:24:51,822 : INFO : EventManager : Event: ======'skill_success'====== Args={}
2025-10-05 19:24:51,822 : INFO : EventManager : Event: ======'mode_skill_shot_will_stop'====== Args={}
2025-10-05 19:24:51,823 : INFO : EventManager : Event: ======'mode_skill_shot_stopping'====== Args={}
2025-10-05 19:24:51,823 : INFO : EventManager : Event: ======'player_score'====== Args={'value': 2002220, 'prev_value': 2220, 'change': 2000000, 'player_num': 1, 'source': 'skill_shot'}
2025-10-05 19:24:51,824 : INFO : Mode.skill_shot : Stopped.
2025-10-05 19:24:51,824 : INFO : EventManager : Event: ======'modes_active_modes_changed'====== Args={}
2025-10-05 19:24:51,824 : INFO : EventManager : Event: ======'mode_skill_shot_stopped'====== Args={}
2025-10-05 19:24:51,824 : INFO : EventManager : Event: ======'clear'====== Args={'key': 'skill_shot'}
2025-10-05 19:24:51,824 : INFO : Timer.skill_shot_timeout : Stopping Timer
2025-10-05 19:24:51,825 : INFO : EventManager : Event: ======'timer_skill_shot_timeout_stopped'====== Args={'ticks': 0, 'ticks_remaining': 0}
2025-10-05 19:24:51,845 : INFO : EventManager : Event: ======'slide_skillshot_overlay_removed'====== Args={'_from_bcp': True}
2025-10-05 19:24:51,845 : INFO : EventManager : Event: ======'slide_skillshot_success_overlay_created'====== Args={'_from_bcp': True}
2025-10-05 19:24:52,085 : INFO : SwitchController : <<<<<<< 's_three_bank_middle' active >>>>>>>
2025-10-05 19:24:52,085 : INFO : EventManager : Event: ======'playfield_active'====== Args={'source': 'skill_drop_targets'}
2025-10-05 19:24:52,085 : INFO : EventManager : Event: ======'unexpected_ball_on_playfield'====== Args={}
2025-10-05 19:24:52,085 : INFO : EventManager : Event: ======'s_three_bank_middle_active'====== Args={}
2025-10-05 19:24:52,085 : INFO : EventManager : Event: ======'playfield_active'====== Args={'source': 'middle'}
2025-10-05 19:24:52,086 : INFO : EventManager : Event: ======'unexpected_ball_on_playfield'====== Args={}
2025-10-05 19:24:52,086 : INFO : EventManager : Event: ======'drop_target_middle_down'====== Args={'device': <drop_target.middle>}
2025-10-05 19:24:52,086 : INFO : EventManager : Event: ======'drop_target_bank_three_bank_mixed'====== Args={'prev_value': <DropTargetBankState.MIXED: 'mixed'>, 'down': 2}
2025-10-05 19:24:52,086 : INFO : EventManager : Event: ======'machine_var_audits_switches_s_three_bank_middle'====== Args={'value': 238, 'prev_value': 237, 'change': 1}
2025-10-05 19:24:52,088 : INFO : EventManager : Event: ======'player_score'====== Args={'value': 2004440, 'prev_value': 2002220, 'change': 2220, 'player_num': 1, 'source': 'base'}
2025-10-05 19:24:52,335 : INFO : SwitchController : <<<<<<< 's_three_bank_top' active >>>>>>>
2025-10-05 19:24:52,335 : INFO : EventManager : Event: ======'playfield_active'====== Args={'source': 'skill_drop_targets'}
2025-10-05 19:24:52,335 : INFO : EventManager : Event: ======'unexpected_ball_on_playfield'====== Args={}
2025-10-05 19:24:52,335 : INFO : EventManager : Event: ======'s_three_bank_top_active'====== Args={}
2025-10-05 19:24:52,335 : INFO : EventManager : Event: ======'playfield_active'====== Args={'source': 'top'}
2025-10-05 19:24:52,335 : INFO : EventManager : Event: ======'unexpected_ball_on_playfield'====== Args={}
2025-10-05 19:24:52,335 : INFO : EventManager : Event: ======'drop_target_top_down'====== Args={'device': <drop_target.top>}
2025-10-05 19:24:52,335 : INFO : EventManager : Event: ======'drop_target_bank_three_bank_down'====== Args={}
2025-10-05 19:24:52,337 : INFO : EventManager : Event: ======'machine_var_audits_switches_s_three_bank_top'====== Args={'value': 230, 'prev_value': 229, 'change': 1}
2025-10-05 19:24:52,337 : INFO : EventManager : Event: ======'player_score'====== Args={'value': 2006660, 'prev_value': 2004440, 'change': 2220, 'player_num': 1, 'source': 'base'}
2025-10-05 19:24:52,339 : INFO : EventManager : Event: ======'logicblock_drop_target_bank_counter_updated'====== Args={'value': 2, 'enabled': True}
2025-10-05 19:24:52,339 : INFO : EventManager : Event: ======'counter_drop_target_bank_counter_hit'====== Args={'count': 2, 'hits': 2, 'remaining': 0}
2025-10-05 19:24:52,339 : INFO : EventManager : Event: ======'logicblock_drop_target_bank_counter_hit'====== Args={'count': 2, 'hits': 2, 'remaining': 0}
2025-10-05 19:24:52,339 : INFO : EventManager : Event: ======'chcheckitout_multiball_qualified'====== Args={}
2025-10-05 19:24:52,339 : INFO : EventManager : Event: ======'player_drop_target_bank_counter_count'====== Args={'value': 2, 'prev_value': 0, 'change': 2, 'player_num': 1, 'source': 'base'}
2025-10-05 19:24:52,340 : INFO : EventManager : Event: ======'logicblock_qualify_chcheckitout_multiball_updated'====== Args={'value': 1, 'enabled': True}
2025-10-05 19:24:52,340 : INFO : EventManager : Event: ======'logicblock_qualify_chcheckitout_multiball_hit'====== Args={'step': 1}
2025-10-05 19:24:52,340 : INFO : EventManager : Event: ======'drops_standup_start_multiball'====== Args={}
2025-10-05 19:24:52,340 : INFO : EventManager : Event: ======'logicblock_qualify_chcheckitout_multiball_updated'====== Args={'value': 0, 'enabled': True}
2025-10-05 19:24:52,340 : INFO : EventManager : Event: ======'logicblock_chcheckitout_multiball_ready_updated'====== Args={'value': 0, 'enabled': True}
2025-10-05 19:24:53,350 : INFO : drop_target_bank.three_bank : 3 targets are down. Will reset those.
2025-10-05 19:24:53,350 : INFO : coil.c_three_bank : Pulsing Driver for 23ms (1.0 pulse_power)
2025-10-05 19:24:53,413 : INFO : SwitchController : <<<<<<< 's_three_bank_bottom' inactive (muted) >>>>>>>
2025-10-05 19:24:53,413 : INFO : SwitchController : <<<<<<< 's_three_bank_middle' inactive (muted) >>>>>>>
2025-10-05 19:24:53,413 : INFO : SwitchController : <<<<<<< 's_three_bank_top' inactive (muted) >>>>>>>
2025-10-05 19:24:53,693 : INFO : ball_device.bd_trough : State: failed_confirm
2025-10-05 19:24:53,694 : INFO : ball_device.bd_trough : Got timeout (3.0s) before confirm from <ball_device.bd_plunger>
2025-10-05 19:24:53,695 : INFO : ball_device.bd_plunger : Expecting incoming ball which may skip the device.
2025-10-05 19:24:53,695 : INFO : EventManager : Event: ======'balldevice_bd_plunger_ejecting_ball'====== Args={'balls': 1, 'target': <playfield.playfield>, 'source': <ball_device.bd_plunger>, 'mechanical_eject': False, 'num_attempts': 1}
2025-10-05 19:24:53,833 : INFO : EventManager : Event: ======'slide_skillshot_success_overlay_removed'====== Args={'_from_bcp': True}
2025-10-05 19:24:53,851 : INFO : EventManager : Event: ======'drop_target_bottom_up'====== Args={'device': <drop_target.bottom>}
2025-10-05 19:24:53,852 : INFO : EventManager : Event: ======'drop_target_middle_up'====== Args={'device': <drop_target.middle>}
2025-10-05 19:24:53,852 : INFO : EventManager : Event: ======'drop_target_top_up'====== Args={'device': <drop_target.top>}
2025-10-05 19:24:53,853 : INFO : EventManager : Event: ======'drop_target_bank_three_bank_up'====== Args={}
2025-10-05 19:24:54,293 : INFO : EventManager : Event: ======'ball_save_default_hurry_up'====== Args={}
2025-10-05 19:24:56,293 : INFO : EventManager : Event: ======'ball_save_default_grace_period'====== Args={}
2025-10-05 19:24:56,684 : INFO : ball_device.bd_plunger : Got confirm for skipping ball.
2025-10-05 19:24:56,684 : INFO : ball_device.bd_plunger : Eject successful
2025-10-05 19:24:56,684 : INFO : EventManager : Event: ======'balldevice_bd_plunger_ball_eject_success'====== Args={'balls': 1, 'target': <playfield.playfield>}
2025-10-05 19:24:56,685 : INFO : EventManager : Event: ======'balldevice_playfield_ball_enter'====== Args={'new_balls': 1, 'unclaimed_balls': 1, 'device': <playfield.playfield>}
2025-10-05 19:24:56,686 : INFO : EventManager : Event: ======'playfield_ball_count_change'====== Args={'balls': 1, 'change': 1}
2025-10-05 19:24:56,686 : INFO : ball_device.bd_plunger : State: idle
2025-10-05 19:24:56,688 : INFO : ball_device.bd_trough : Eject successful
2025-10-05 19:24:56,688 : INFO : EventManager : Event: ======'balldevice_bd_trough_ball_eject_success'====== Args={'balls': 1, 'target': <ball_device.bd_plunger>}
2025-10-05 19:24:56,690 : INFO : EventManager : Event: ======'balldevice_bd_trough_ball_count_changed'====== Args={'balls': 5}
2025-10-05 19:24:56,690 : INFO : ball_device.bd_trough : State: idle
2025-10-05 19:24:58,290 : INFO : EventManager : Event: ======'ball_save_default_disabled'====== Args={}
2025-10-05 19:25:01,076 : INFO : SwitchController : <<<<<<< 's_scoop' active >>>>>>>
2025-10-05 19:25:01,076 : INFO : EventManager : Event: ======'s_scoop_active'====== Args={}
2025-10-05 19:25:01,076 : INFO : EventManager : Event: ======'machine_var_audits_switches_s_scoop'====== Args={'value': 211, 'prev_value': 210, 'change': 1}
2025-10-05 19:25:01,077 : INFO : EventManager : Event: ======'scoop_hit'====== Args={'elapsed': 0}
2025-10-05 19:25:01,078 : INFO : EventManager : Event: ======'carousel_intergalactic_selected'====== Args={}
2025-10-05 19:25:01,078 : INFO : EventManager : Event: ======'carousel_item_selected'====== Args={}
2025-10-05 19:25:01,078 : INFO : EventManager : Event: ======'player_score'====== Args={'value': 2008970, 'prev_value': 2006660, 'change': 2310, 'player_num': 1, 'source': 'base'}
2025-10-05 19:25:01,078 : INFO : EventManager : Event: ======'mode_intergalactic_will_start'====== Args={}
2025-10-05 19:25:01,079 : INFO : EventManager : Event: ======'player_intergalactic_intergalactic_intro_show_tick'====== Args={'value': 0, 'prev_value': 0, 'change': 0, 'player_num': 1}
2025-10-05 19:25:01,081 : INFO : EventManager : Event: ======'mode_intergalactic_starting'====== Args={}
2025-10-05 19:25:01,082 : INFO : EventManager : Event: ======'player_selected_mode'====== Args={'value': 'Intergalactic', 'prev_value': 0, 'change': True, 'player_num': 1, 'source': 'carousel'}
2025-10-05 19:25:01,082 : INFO : EventManager : Event: ======'mode_carousel_will_stop'====== Args={}
2025-10-05 19:25:01,082 : INFO : EventManager : Event: ======'mode_carousel_stopping'====== Args={}
2025-10-05 19:25:01,083 : INFO : Mode.carousel : Stopped.
2025-10-05 19:25:01,083 : INFO : EventManager : Event: ======'modes_active_modes_changed'====== Args={}
2025-10-05 19:25:01,083 : INFO : EventManager : Event: ======'mode_carousel_stopped'====== Args={}
2025-10-05 19:25:01,083 : INFO : EventManager : Event: ======'clear'====== Args={'key': 'carousel'}
2025-10-05 19:25:01,109 : INFO : EventManager : Event: ======'logicblock_intergalactic_shot_1_updated'====== Args={'value': 0, 'enabled': True}
2025-10-05 19:25:01,109 : INFO : EventManager : Event: ======'logicblock_intergalactic_shot_1_updated'====== Args={'value': 0, 'enabled': True}
2025-10-05 19:25:01,109 : INFO : EventManager : Event: ======'logicblock_intergalactic_shot_2_updated'====== Args={'value': 0, 'enabled': False}
2025-10-05 19:25:01,110 : INFO : EventManager : Event: ======'logicblock_intergalactic_shot_3_updated'====== Args={'value': 0, 'enabled': False}
2025-10-05 19:25:01,110 : INFO : EventManager : Event: ======'logicblock_intergalactic_shot_4_updated'====== Args={'value': 0, 'enabled': False}
2025-10-05 19:25:01,110 : INFO : EventManager : Event: ======'logicblock_intergalactic_shot_5_updated'====== Args={'value': 0, 'enabled': False}
2025-10-05 19:25:01,110 : INFO : Mode.intergalactic : Started. Priority: 1000
2025-10-05 19:25:01,110 : INFO : EventManager : Event: ======'modes_active_modes_changed'====== Args={}
2025-10-05 19:25:01,110 : INFO : EventManager : Event: ======'mode_intergalactic_started'====== Args={}
2025-10-05 19:25:01,111 : INFO : Timer.intergalactic_intro_show : Starting Timer.
2025-10-05 19:25:01,111 : INFO : EventManager : Event: ======'timer_intergalactic_intro_show_started'====== Args={'ticks': 0, 'ticks_remaining': 9}
2025-10-05 19:25:01,111 : INFO : EventManager : Event: ======'timer_intergalactic_intro_show_tick'====== Args={'ticks': 0, 'ticks_remaining': 9}
2025-10-05 19:25:01,111 : INFO : EventManager : Event: ======'player_intergalactic_intro_show_variable_times_100'====== Args={'value': 0, 'prev_value': 0, 'change': 0, 'player_num': 1, 'source': 'intergalactic'}
2025-10-05 19:25:01,119 : INFO : EventManager : Event: ======'slide_current_mode_highlighted_removed'====== Args={'_from_bcp': True}
2025-10-05 19:25:01,136 : INFO : EventManager : Event: ======'slide_base_removed'====== Args={'_from_bcp': True}
2025-10-05 19:25:01,143 : INFO : EventManager : Event: ======'slide_intergalactic_created'====== Args={'_from_bcp': True}
2025-10-05 19:25:01,574 : INFO : EventManager : Event: ======'balldevice_bd_scoop_ball_count_changed'====== Args={'balls': 1}
2025-10-05 19:25:01,576 : INFO : ball_device.bd_scoop : Received unexpected ball
2025-10-05 19:25:01,576 : INFO : EventManager : Event: ======'balldevice_captured_from_playfield'====== Args={'balls': 1}
2025-10-05 19:25:01,576 : INFO : EventManager : Event: ======'sw_playfield_active'====== Args={'balls': 1}
2025-10-05 19:25:01,576 : INFO : EventManager : Event: ======'playfield_ball_count_change'====== Args={'balls': 0, 'change': -1}
2025-10-05 19:25:01,576 : INFO : EventManager : Event: ======'balldevice_bd_scoop_ball_enter'====== Args={'new_balls': 1, 'unclaimed_balls': 1, 'new_available_balls': 1, 'device': <ball_device.bd_scoop>}
2025-10-05 19:25:01,578 : INFO : EventManager : Event: ======'ball_hold_intergalactic_scoop_hold_held_ball'====== Args={'balls_held': 1, 'total_balls_held': 1}
2025-10-05 19:25:01,578 : INFO : EventManager : Event: ======'ball_hold_intergalactic_scoop_hold_full'====== Args={'balls': 1}
2025-10-05 19:25:01,578 : INFO : EventManager : Event: ======'balldevice_balls_available'====== Args={}
2025-10-05 19:25:01,578 : INFO : EventManager : Event: ======'balldevice_bd_scoop_ball_entered'====== Args={'new_balls': 1, 'device': <ball_device.bd_scoop>}
2025-10-05 19:25:02,111 : INFO : EventManager : Event: ======'player_intergalactic_intergalactic_intro_show_tick'====== Args={'value': 1, 'prev_value': 0, 'change': 1, 'player_num': 1}
2025-10-05 19:25:02,112 : INFO : EventManager : Event: ======'timer_intergalactic_intro_show_tick'====== Args={'ticks': 1, 'ticks_remaining': 8}
2025-10-05 19:25:02,114 : INFO : EventManager : Event: ======'player_intergalactic_intro_show_variable_times_100'====== Args={'value': 100, 'prev_value': 0, 'change': 100, 'player_num': 1, 'source': 'intergalactic'}
2025-10-05 19:25:03,126 : INFO : EventManager : Event: ======'player_intergalactic_intergalactic_intro_show_tick'====== Args={'value': 2, 'prev_value': 1, 'change': 1, 'player_num': 1}
2025-10-05 19:25:03,128 : INFO : EventManager : Event: ======'timer_intergalactic_intro_show_tick'====== Args={'ticks': 2, 'ticks_remaining': 7}
2025-10-05 19:25:03,129 : INFO : EventManager : Event: ======'player_intergalactic_intro_show_variable_times_100'====== Args={'value': 200, 'prev_value': 100, 'change': 100, 'player_num': 1, 'source': 'intergalactic'}
2025-10-05 19:25:04,110 : INFO : EventManager : Event: ======'player_intergalactic_intergalactic_intro_show_tick'====== Args={'value': 3, 'prev_value': 2, 'change': 1, 'player_num': 1}
2025-10-05 19:25:04,111 : INFO : EventManager : Event: ======'timer_intergalactic_intro_show_tick'====== Args={'ticks': 3, 'ticks_remaining': 6}
2025-10-05 19:25:04,112 : INFO : EventManager : Event: ======'player_intergalactic_intro_show_variable_times_100'====== Args={'value': 300, 'prev_value': 200, 'change': 100, 'player_num': 1, 'source': 'intergalactic'}
2025-10-05 19:25:05,124 : INFO : EventManager : Event: ======'player_intergalactic_intergalactic_intro_show_tick'====== Args={'value': 4, 'prev_value': 3, 'change': 1, 'player_num': 1}
2025-10-05 19:25:05,125 : INFO : EventManager : Event: ======'timer_intergalactic_intro_show_tick'====== Args={'ticks': 4, 'ticks_remaining': 5}
2025-10-05 19:25:05,127 : INFO : EventManager : Event: ======'player_intergalactic_intro_show_variable_times_100'====== Args={'value': 400, 'prev_value': 300, 'change': 100, 'player_num': 1, 'source': 'intergalactic'}
2025-10-05 19:25:06,106 : INFO : EventManager : Event: ======'player_intergalactic_intergalactic_intro_show_tick'====== Args={'value': 5, 'prev_value': 4, 'change': 1, 'player_num': 1}
2025-10-05 19:25:06,107 : INFO : EventManager : Event: ======'timer_intergalactic_intro_show_tick'====== Args={'ticks': 5, 'ticks_remaining': 4}
2025-10-05 19:25:06,108 : INFO : EventManager : Event: ======'player_intergalactic_intro_show_variable_times_100'====== Args={'value': 500, 'prev_value': 400, 'change': 100, 'player_num': 1, 'source': 'intergalactic'}
2025-10-05 19:25:07,123 : INFO : EventManager : Event: ======'player_intergalactic_intergalactic_intro_show_tick'====== Args={'value': 6, 'prev_value': 5, 'change': 1, 'player_num': 1}
2025-10-05 19:25:07,124 : INFO : EventManager : Event: ======'timer_intergalactic_intro_show_tick'====== Args={'ticks': 6, 'ticks_remaining': 3}
2025-10-05 19:25:07,125 : INFO : EventManager : Event: ======'player_intergalactic_intro_show_variable_times_100'====== Args={'value': 600, 'prev_value': 500, 'change': 100, 'player_num': 1, 'source': 'intergalactic'}
2025-10-05 19:25:08,110 : INFO : EventManager : Event: ======'player_intergalactic_intergalactic_intro_show_tick'====== Args={'value': 7, 'prev_value': 6, 'change': 1, 'player_num': 1}
2025-10-05 19:25:08,111 : INFO : EventManager : Event: ======'timer_intergalactic_intro_show_tick'====== Args={'ticks': 7, 'ticks_remaining': 2}
2025-10-05 19:25:08,113 : INFO : EventManager : Event: ======'player_intergalactic_intro_show_variable_times_100'====== Args={'value': 700, 'prev_value': 600, 'change': 100, 'player_num': 1, 'source': 'intergalactic'}
2025-10-05 19:25:09,126 : INFO : EventManager : Event: ======'player_intergalactic_intergalactic_intro_show_tick'====== Args={'value': 8, 'prev_value': 7, 'change': 1, 'player_num': 1}
2025-10-05 19:25:09,127 : INFO : EventManager : Event: ======'timer_intergalactic_intro_show_tick'====== Args={'ticks': 8, 'ticks_remaining': 1}
2025-10-05 19:25:09,128 : INFO : EventManager : Event: ======'player_intergalactic_intro_show_variable_times_100'====== Args={'value': 800, 'prev_value': 700, 'change': 100, 'player_num': 1, 'source': 'intergalactic'}
2025-10-05 19:25:10,109 : INFO : EventManager : Event: ======'player_intergalactic_intergalactic_intro_show_tick'====== Args={'value': 9, 'prev_value': 8, 'change': 1, 'player_num': 1}
2025-10-05 19:25:10,110 : INFO : Timer.intergalactic_intro_show : Timer Complete
2025-10-05 19:25:10,110 : INFO : Timer.intergalactic_intro_show : Stopping Timer
2025-10-05 19:25:10,111 : INFO : EventManager : Event: ======'timer_intergalactic_intro_show_stopped'====== Args={'ticks': 9, 'ticks_remaining': 1}
2025-10-05 19:25:10,111 : INFO : EventManager : Event: ======'timer_intergalactic_intro_show_complete'====== Args={'ticks': 9, 'ticks_remaining': 1}
2025-10-05 19:25:10,112 : INFO : ball_device.bd_scoop : Adding 1 ball(s) to the eject_queue with target <playfield.playfield>.
2025-10-05 19:25:10,112 : INFO : EventManager : Event: ======'balldevice_balls_available'====== Args={}
2025-10-05 19:25:10,113 : INFO : EventManager : Event: ======'ball_hold_intergalactic_scoop_hold_balls_released'====== Args={'balls_released': 1}
2025-10-05 19:25:10,118 : INFO : ball_device.bd_scoop : State: waiting_for_target_ready
2025-10-05 19:25:10,120 : INFO : EventManager : Event: ======'balldevice_bd_scoop_ball_eject_attempt'====== Args={'balls': 1, 'target': <playfield.playfield>, 'source': <ball_device.bd_scoop>, 'mechanical_eject': False, 'num_attempts': 0}
2025-10-05 19:25:10,121 : INFO : ball_device.bd_scoop : State: ejecting
2025-10-05 19:25:10,121 : INFO : ball_device.bd_scoop : Ejecting ball to <playfield.playfield>
2025-10-05 19:25:10,122 : INFO : EventManager : Event: ======'balldevice_bd_scoop_ejecting_ball'====== Args={'balls': 1, 'target': <playfield.playfield>, 'source': <ball_device.bd_scoop>, 'mechanical_eject': False, 'num_attempts': 0}
2025-10-05 19:25:10,123 : INFO : ball_device.bd_scoop : Wait for ball to leave device
2025-10-05 19:25:10,123 : INFO : coil.c_scoop_eject : Pulsing Driver for 25ms (1.0 pulse_power)
2025-10-05 19:25:10,123 : INFO : SwitchController : <<<<<<< 's_scoop' inactive >>>>>>>
2025-10-05 19:25:10,127 : INFO : ball_device.bd_scoop : State: ball_left
2025-10-05 19:25:10,128 : INFO : ball_device.bd_scoop : Ball left
2025-10-05 19:25:10,128 : INFO : ball_device.bd_scoop : Wait for confirm with timeout 3.0
2025-10-05 19:25:10,138 : INFO : EventManager : Event: ======'slide_intergalactic_right_shot_lit_created'====== Args={'_from_bcp': True}
2025-10-05 19:25:13,143 : INFO : ball_device.bd_scoop : State: failed_confirm
2025-10-05 19:25:13,143 : INFO : ball_device.bd_scoop : Got timeout (3.0s) before confirm from <playfield.playfield>
2025-10-05 19:25:13,236 : INFO : ball_device.bd_scoop : Confirming eject because target is playfield and ball did not return.
2025-10-05 19:25:13,236 : INFO : ball_device.bd_scoop : Eject successful
2025-10-05 19:25:13,236 : INFO : EventManager : Event: ======'balldevice_bd_scoop_ball_eject_success'====== Args={'balls': 1, 'target': <playfield.playfield>}
2025-10-05 19:25:13,237 : INFO : EventManager : Event: ======'balldevice_playfield_ball_enter'====== Args={'new_balls': 1, 'unclaimed_balls': 1, 'device': <playfield.playfield>}
2025-10-05 19:25:13,237 : INFO : EventManager : Event: ======'playfield_ball_count_change'====== Args={'balls': 1, 'change': 1}
2025-10-05 19:25:13,239 : INFO : EventManager : Event: ======'balldevice_bd_scoop_ball_count_changed'====== Args={'balls': 0}
2025-10-05 19:25:13,239 : INFO : ball_device.bd_scoop : State: idle
2025-10-05 19:26:17,752 : INFO : SwitchController : <<<<<<< 's_right_ramp' active >>>>>>>
2025-10-05 19:26:17,752 : INFO : EventManager : Event: ======'s_right_ramp_active'====== Args={}
2025-10-05 19:26:17,753 : INFO : EventManager : Event: ======'machine_var_audits_switches_s_right_ramp'====== Args={'value': 46, 'prev_value': 45, 'change': 1}
2025-10-05 19:26:17,754 : INFO : EventManager : Event: ======'right_ramp_hit'====== Args={'elapsed': 0}
2025-10-05 19:26:17,755 : INFO : EventManager : Event: ======'player_score'====== Args={'value': 2011980, 'prev_value': 2008970, 'change': 3010, 'player_num': 1, 'source': 'base'}
2025-10-05 19:26:17,755 : INFO : EventManager : Event: ======'logicblock_intergalactic_shot_1_updated'====== Args={'value': 1, 'enabled': True}
2025-10-05 19:26:17,755 : INFO : EventManager : Event: ======'logicblock_intergalactic_shot_1_hit'====== Args={'step': 1}
2025-10-05 19:26:17,755 : INFO : EventManager : Event: ======'intergalactic_shot_1_done'====== Args={}
2025-10-05 19:26:17,756 : INFO : EventManager : Event: ======'logicblock_intergalactic_shot_1_updated'====== Args={'value': 1, 'enabled': False}
2025-10-05 19:26:17,757 : INFO : EventManager : Event: ======'logicblock_intergalactic_shot_2_updated'====== Args={'value': 0, 'enabled': True}
2025-10-05 19:26:17,757 : INFO : EventManager : Event: ======'player_score'====== Args={'value': 3011980, 'prev_value': 2011980, 'change': 1000000, 'player_num': 1, 'source': 'intergalactic'}
2025-10-05 19:26:17,773 : INFO : EventManager : Event: ======'slide_intergalactic_right_shot_lit_removed'====== Args={'_from_bcp': True}
2025-10-05 19:26:17,774 : INFO : EventManager : Event: ======'slide_intergalactic_left_shot_lit_created'====== Args={'_from_bcp': True}
2025-10-05 19:26:17,859 : INFO : SwitchController : <<<<<<< 's_right_ramp' inactive >>>>>>>
2025-10-05 19:26:18,757 : INFO : SwitchController : <<<<<<< 's_left_ramp' active >>>>>>>
2025-10-05 19:26:18,757 : INFO : EventManager : Event: ======'s_left_ramp_active'====== Args={}
2025-10-05 19:26:18,757 : INFO : EventManager : Event: ======'machine_var_audits_switches_s_left_ramp'====== Args={'value': 46, 'prev_value': 45, 'change': 1}
2025-10-05 19:26:18,758 : INFO : EventManager : Event: ======'left_ramp_hit'====== Args={'elapsed': 0}
2025-10-05 19:26:18,758 : INFO : EventManager : Event: ======'player_score'====== Args={'value': 3014990, 'prev_value': 3011980, 'change': 3010, 'player_num': 1, 'source': 'base'}
2025-10-05 19:26:18,758 : INFO : EventManager : Event: ======'logicblock_intergalactic_shot_2_updated'====== Args={'value': 1, 'enabled': True}
2025-10-05 19:26:18,758 : INFO : EventManager : Event: ======'logicblock_intergalactic_shot_2_hit'====== Args={'step': 1}
2025-10-05 19:26:18,759 : INFO : EventManager : Event: ======'intergalactic_shot_2_done'====== Args={}
2025-10-05 19:26:18,759 : INFO : EventManager : Event: ======'logicblock_intergalactic_shot_2_updated'====== Args={'value': 1, 'enabled': False}
2025-10-05 19:26:18,760 : INFO : EventManager : Event: ======'logicblock_intergalactic_shot_3_updated'====== Args={'value': 0, 'enabled': True}
2025-10-05 19:26:18,760 : INFO : EventManager : Event: ======'player_score'====== Args={'value': 5014990, 'prev_value': 3014990, 'change': 2000000, 'player_num': 1, 'source': 'intergalactic'}
2025-10-05 19:26:18,768 : INFO : EventManager : Event: ======'slide_intergalactic_left_shot_lit_removed'====== Args={'_from_bcp': True}
2025-10-05 19:26:18,769 : INFO : EventManager : Event: ======'slide_intergalactic_right_shot_lit_created'====== Args={'_from_bcp': True}
2025-10-05 19:26:18,847 : INFO : SwitchController : <<<<<<< 's_left_ramp' inactive >>>>>>>
2025-10-05 19:26:20,451 : INFO : SwitchController : <<<<<<< 's_right_ramp' active >>>>>>>
2025-10-05 19:26:20,451 : INFO : EventManager : Event: ======'s_right_ramp_active'====== Args={}
2025-10-05 19:26:20,451 : INFO : EventManager : Event: ======'machine_var_audits_switches_s_right_ramp'====== Args={'value': 47, 'prev_value': 46, 'change': 1}
2025-10-05 19:26:20,452 : INFO : EventManager : Event: ======'right_ramp_hit'====== Args={'elapsed': 0}
2025-10-05 19:26:20,452 : INFO : EventManager : Event: ======'player_score'====== Args={'value': 5018000, 'prev_value': 5014990, 'change': 3010, 'player_num': 1, 'source': 'base'}
2025-10-05 19:26:20,454 : INFO : EventManager : Event: ======'logicblock_intergalactic_shot_3_updated'====== Args={'value': 1, 'enabled': True}
2025-10-05 19:26:20,454 : INFO : EventManager : Event: ======'logicblock_intergalactic_shot_3_hit'====== Args={'step': 1}
2025-10-05 19:26:20,454 : INFO : EventManager : Event: ======'intergalactic_shot_3_done'====== Args={}
2025-10-05 19:26:20,454 : INFO : EventManager : Event: ======'logicblock_intergalactic_shot_3_updated'====== Args={'value': 1, 'enabled': False}
2025-10-05 19:26:20,455 : INFO : EventManager : Event: ======'logicblock_intergalactic_shot_4_updated'====== Args={'value': 0, 'enabled': True}
2025-10-05 19:26:20,456 : INFO : EventManager : Event: ======'player_score'====== Args={'value': 8018000, 'prev_value': 5018000, 'change': 3000000, 'player_num': 1, 'source': 'intergalactic'}
2025-10-05 19:26:20,466 : INFO : EventManager : Event: ======'slide_intergalactic_right_shot_lit_removed'====== Args={'_from_bcp': True}
2025-10-05 19:26:20,467 : INFO : EventManager : Event: ======'slide_intergalactic_left_shot_lit_created'====== Args={'_from_bcp': True}
2025-10-05 19:26:20,517 : INFO : SwitchController : <<<<<<< 's_right_ramp' inactive >>>>>>>
2025-10-05 19:26:21,241 : INFO : SwitchController : <<<<<<< 's_left_ramp' active >>>>>>>
2025-10-05 19:26:21,241 : INFO : EventManager : Event: ======'s_left_ramp_active'====== Args={}
2025-10-05 19:26:21,241 : INFO : EventManager : Event: ======'machine_var_audits_switches_s_left_ramp'====== Args={'value': 47, 'prev_value': 46, 'change': 1}
2025-10-05 19:26:21,243 : INFO : EventManager : Event: ======'left_ramp_hit'====== Args={'elapsed': 0}
2025-10-05 19:26:21,243 : INFO : EventManager : Event: ======'player_score'====== Args={'value': 8021010, 'prev_value': 8018000, 'change': 3010, 'player_num': 1, 'source': 'base'}
2025-10-05 19:26:21,244 : INFO : EventManager : Event: ======'logicblock_intergalactic_shot_4_updated'====== Args={'value': 1, 'enabled': True}
2025-10-05 19:26:21,244 : INFO : EventManager : Event: ======'logicblock_intergalactic_shot_4_hit'====== Args={'step': 1}
2025-10-05 19:26:21,244 : INFO : EventManager : Event: ======'intergalactic_shot_4_done'====== Args={}
2025-10-05 19:26:21,244 : INFO : EventManager : Event: ======'logicblock_intergalactic_shot_4_updated'====== Args={'value': 1, 'enabled': False}
2025-10-05 19:26:21,245 : INFO : EventManager : Event: ======'logicblock_intergalactic_shot_5_updated'====== Args={'value': 0, 'enabled': True}
2025-10-05 19:26:21,246 : INFO : EventManager : Event: ======'player_score'====== Args={'value': 13021010, 'prev_value': 8021010, 'change': 5000000, 'player_num': 1, 'source': 'intergalactic'}
2025-10-05 19:26:21,262 : INFO : EventManager : Event: ======'slide_intergalactic_left_shot_lit_removed'====== Args={'_from_bcp': True}
2025-10-05 19:26:21,265 : INFO : EventManager : Event: ======'slide_intergalactic_final_shot_lit_created'====== Args={'_from_bcp': True}
2025-10-05 19:26:21,339 : INFO : SwitchController : <<<<<<< 's_left_ramp' inactive >>>>>>>
2025-10-05 19:26:22,603 : INFO : SwitchController : <<<<<<< 's_pop_standup' active >>>>>>>
2025-10-05 19:26:22,603 : INFO : EventManager : Event: ======'s_pop_standup_active'====== Args={}
2025-10-05 19:26:22,603 : INFO : EventManager : Event: ======'machine_var_audits_switches_s_pop_standup'====== Args={'value': 71, 'prev_value': 70, 'change': 1}
2025-10-05 19:26:22,604 : INFO : EventManager : Event: ======'pop_standup_hit'====== Args={'elapsed': 0}
2025-10-05 19:26:22,604 : INFO : EventManager : Event: ======'player_score'====== Args={'value': 13026020, 'prev_value': 13021010, 'change': 5010, 'player_num': 1, 'source': 'base'}
2025-10-05 19:26:22,604 : INFO : EventManager : Event: ======'logicblock_intergalactic_shot_5_updated'====== Args={'value': 1, 'enabled': True}
2025-10-05 19:26:22,604 : INFO : EventManager : Event: ======'logicblock_intergalactic_shot_5_hit'====== Args={'step': 1}
2025-10-05 19:26:22,604 : INFO : EventManager : Event: ======'intergalactic_shot_5_done'====== Args={}
2025-10-05 19:26:22,604 : INFO : EventManager : Event: ======'mode_intergalactic_stop'====== Args={}
2025-10-05 19:26:22,604 : INFO : EventManager : Event: ======'logicblock_intergalactic_shot_5_updated'====== Args={'value': 1, 'enabled': False}
2025-10-05 19:26:22,606 : INFO : EventManager : Event: ======'player_score'====== Args={'value': 23026020, 'prev_value': 13026020, 'change': 10000000, 'player_num': 1, 'source': 'intergalactic'}
2025-10-05 19:26:22,607 : INFO : EventManager : Event: ======'mode_intergalactic_will_stop'====== Args={}
2025-10-05 19:26:22,607 : INFO : EventManager : Event: ======'mode_intergalactic_stopping'====== Args={}
2025-10-05 19:26:22,608 : INFO : EventManager : Event: ======'mode_carousel_will_start'====== Args={}
2025-10-05 19:26:22,609 : INFO : EventManager : Event: ======'mode_carousel_starting'====== Args={}
2025-10-05 19:26:22,609 : INFO : Mode.carousel : Started. Priority: 200
2025-10-05 19:26:22,609 : INFO : EventManager : Event: ======'modes_active_modes_changed'====== Args={}
2025-10-05 19:26:22,609 : INFO : EventManager : Event: ======'mode_carousel_started'====== Args={}
2025-10-05 19:26:22,610 : INFO : EventManager : Event: ======'item_highlighted'====== Args={'carousel': 'carousel', 'direction': None, 'item': 'intergalactic'}
2025-10-05 19:26:22,610 : INFO : Mode.intergalactic : Stopped.
2025-10-05 19:26:22,611 : INFO : EventManager : Event: ======'modes_active_modes_changed'====== Args={}
2025-10-05 19:26:22,611 : INFO : EventManager : Event: ======'mode_intergalactic_stopped'====== Args={}
2025-10-05 19:26:22,611 : INFO : EventManager : Event: ======'clear'====== Args={'key': 'intergalactic'}
2025-10-05 19:26:22,613 : INFO : Timer.intergalactic_intro_show : Stopping Timer
2025-10-05 19:26:22,613 : INFO : EventManager : Event: ======'timer_intergalactic_intro_show_stopped'====== Args={'ticks': 9, 'ticks_remaining': 1}
2025-10-05 19:26:22,628 : INFO : EventManager : Event: ======'slide_intergalactic_final_shot_lit_removed'====== Args={'_from_bcp': True}
2025-10-05 19:26:22,709 : INFO : SwitchController : <<<<<<< 's_pop_standup' inactive >>>>>>>
2025-10-05 19:26:39,311 : INFO : Machine : Shutting down...
2025-10-05 19:26:39,311 : INFO : EventManager : Event: ======'shutdown'====== Args={}
2025-10-05 19:26:39,315 : INFO : EventManager : Event: ======'mode_game_will_stop'====== Args={}
2025-10-05 19:26:39,315 : INFO : EventManager : Event: ======'mode_game_stopping'====== Args={}
2025-10-05 19:26:39,317 : INFO : EventManager : Event: ======'mode_multiball_will_stop'====== Args={}
2025-10-05 19:26:39,317 : INFO : EventManager : Event: ======'mode_multiball_stopping'====== Args={}
2025-10-05 19:26:39,317 : INFO : EventManager : Event: ======'mode_carousel_will_stop'====== Args={}
2025-10-05 19:26:39,317 : INFO : EventManager : Event: ======'mode_carousel_stopping'====== Args={}
2025-10-05 19:26:39,317 : INFO : EventManager : Event: ======'mode_base_will_stop'====== Args={}
2025-10-05 19:26:39,317 : INFO : EventManager : Event: ======'mode_base_stopping'====== Args={}
2025-10-05 19:26:39,318 : INFO : Mode.base : Stopped.
2025-10-05 19:26:39,318 : INFO : EventManager : Event: ======'modes_active_modes_changed'====== Args={}
2025-10-05 19:26:39,318 : INFO : EventManager : Event: ======'mode_base_stopped'====== Args={}
2025-10-05 19:26:39,318 : INFO : EventManager : Event: ======'clear'====== Args={'key': 'base'}
2025-10-05 19:26:39,320 : INFO : Mode.carousel : Stopped.
2025-10-05 19:26:39,320 : INFO : EventManager : Event: ======'modes_active_modes_changed'====== Args={}
2025-10-05 19:26:39,320 : INFO : EventManager : Event: ======'mode_carousel_stopped'====== Args={}
2025-10-05 19:26:39,320 : INFO : EventManager : Event: ======'clear'====== Args={'key': 'carousel'}
2025-10-05 19:26:39,320 : INFO : Mode.multiball : Stopped.
2025-10-05 19:26:39,320 : INFO : EventManager : Event: ======'modes_active_modes_changed'====== Args={}
2025-10-05 19:26:39,320 : INFO : EventManager : Event: ======'mode_multiball_stopped'====== Args={}
2025-10-05 19:26:39,321 : INFO : EventManager : Event: ======'clear'====== Args={'key': 'multiball'}
2025-10-05 19:26:39,321 : INFO : Mode.game : Stopped.
2025-10-05 19:26:39,321 : INFO : EventManager : Event: ======'modes_active_modes_changed'====== Args={}
2025-10-05 19:26:39,321 : INFO : EventManager : Event: ======'mode_game_stopped'====== Args={}
2025-10-05 19:26:39,322 : INFO : EventManager : Event: ======'clear'====== Args={'key': 'game'}
2025-10-05 19:26:39,325 : INFO : root : MPF run loop ended.
