2025-10-26 19:39:30,693 : INFO : root : Loading config.
2025-10-26 19:39:30,697 : INFO : YamlMultifileConfigLoader : Machine config file #1: config.yaml
2025-10-26 19:39:30,697 : INFO : ConfigProcessor : Loading config from cache: C:\Users\sdona\AppData\Local\Temp\19f6d0d7953982fda9d956182316b8e5.mpf_cache
2025-10-26 19:39:30,800 : INFO : ConfigProcessor : Loading config from cache: C:\Users\sdona\AppData\Local\Temp\835b5bfea4be8b279a05e96caaaffbbb.mpf_cache
2025-10-26 19:39:30,801 : INFO : ConfigProcessor : Loading config from cache: C:\Users\sdona\AppData\Local\Temp\9b0a7575388f9d9bd2f6ab87bf9fd2f7.mpf_cache
2025-10-26 19:39:30,801 : WARNING : ConfigProcessor : Config file in cache changed: C:\venv\mpf\mmmdrop\modes\base\config\base.yaml
2025-10-26 19:39:30,801 : INFO : ConfigProcessor : Loading config from file C:\venv\mpf\mmmdrop\modes\base\config\base.yaml.
2025-10-26 19:39:30,815 : INFO : ConfigProcessor : Loading config: C:\venv\mpf\mmmdrop\modes\base\config\base.yaml
2025-10-26 19:39:30,817 : INFO : ConfigProcessor : Config file cache created: C:\Users\sdona\AppData\Local\Temp\c340ec0033d1055cd797ffd5447ef414.mpf_cache
2025-10-26 19:39:30,818 : INFO : ConfigProcessor : Loading config from cache: C:\Users\sdona\AppData\Local\Temp\835b5bfea4be8b279a05e96caaaffbbb.mpf_cache
2025-10-26 19:39:30,819 : INFO : ConfigProcessor : Loading config from cache: C:\Users\sdona\AppData\Local\Temp\8c11a28e3c38d4ad47947b6a126f2ee9.mpf_cache
2025-10-26 19:39:30,819 : INFO : ConfigProcessor : Loading config from cache: C:\Users\sdona\AppData\Local\Temp\e391083cdc9e667060411fe5838e93f2.mpf_cache
2025-10-26 19:39:30,820 : INFO : ConfigProcessor : Loading config from cache: C:\Users\sdona\AppData\Local\Temp\f0c219a993d891ee86dcb7eae47dde67.mpf_cache
2025-10-26 19:39:30,821 : INFO : ConfigProcessor : Loading config from cache: C:\Users\sdona\AppData\Local\Temp\96aa58108928490b129531848cd9b506.mpf_cache
2025-10-26 19:39:30,821 : INFO : ConfigProcessor : Loading config from cache: C:\Users\sdona\AppData\Local\Temp\567636b9d9766e3361204e954a8382da.mpf_cache
2025-10-26 19:39:30,823 : INFO : ConfigProcessor : Loading config from cache: C:\Users\sdona\AppData\Local\Temp\d5ead8dff868c6c4b1faf37537a19bc2.mpf_cache
2025-10-26 19:39:30,824 : INFO : ConfigProcessor : Loading config from cache: C:\Users\sdona\AppData\Local\Temp\112f935d1c2002cb40d3e6e497be9e7c.mpf_cache
2025-10-26 19:39:30,825 : INFO : ConfigProcessor : Loading config from cache: C:\Users\sdona\AppData\Local\Temp\aba0711976820dea629bb4c00b006efc.mpf_cache
2025-10-26 19:39:30,826 : INFO : ConfigProcessor : Loading config from cache: C:\Users\sdona\AppData\Local\Temp\de8ed6c6d4c48d1b5b054ff74222cb35.mpf_cache
2025-10-26 19:39:30,826 : INFO : ConfigProcessor : Loading config from cache: C:\Users\sdona\AppData\Local\Temp\e6b55d6a1c06b0dd6369c964181bf8d3.mpf_cache
2025-10-26 19:39:30,827 : INFO : ConfigProcessor : Loading config from cache: C:\Users\sdona\AppData\Local\Temp\2eef6648f7190b215d7c16d8157b8208.mpf_cache
2025-10-26 19:39:30,828 : INFO : ConfigProcessor : Loading config from cache: C:\Users\sdona\AppData\Local\Temp\5a7ad07f75832c2fa569d8508186f943.mpf_cache
2025-10-26 19:39:30,829 : INFO : ConfigProcessor : Loading config from cache: C:\Users\sdona\AppData\Local\Temp\711653a87803a851864824c720cfa295.mpf_cache
2025-10-26 19:39:30,829 : INFO : ConfigProcessor : Loading config from cache: C:\Users\sdona\AppData\Local\Temp\b049f3bb793752455511c0ce4851dcec.mpf_cache
2025-10-26 19:39:30,829 : INFO : ConfigProcessor : Loading config from cache: C:\Users\sdona\AppData\Local\Temp\4e6dd3b0a361d042ad5ab93a8cc8b437.mpf_cache
2025-10-26 19:39:30,830 : INFO : ConfigProcessor : Loading config from cache: C:\Users\sdona\AppData\Local\Temp\e97c871403fe82070ff249d62d7cfe22.mpf_cache
2025-10-26 19:39:30,831 : INFO : ConfigProcessor : Loading config from cache: C:\Users\sdona\AppData\Local\Temp\64b6da5876f56fc970400d85dfe882ec.mpf_cache
2025-10-26 19:39:30,831 : INFO : ConfigProcessor : Loading config from cache: C:\Users\sdona\AppData\Local\Temp\2816335dd466496617c9461f091e66f7.mpf_cache
2025-10-26 19:39:30,832 : INFO : ConfigProcessor : Loading config from cache: C:\Users\sdona\AppData\Local\Temp\6359f7257429add2d261e94bcafd60d5.mpf_cache
2025-10-26 19:39:30,832 : INFO : ConfigProcessor : Loading config from cache: C:\Users\sdona\AppData\Local\Temp\bed2bac5ea254e8ca98f6dd45e865fd8.mpf_cache
2025-10-26 19:39:30,833 : INFO : ConfigProcessor : Loading config from cache: C:\Users\sdona\AppData\Local\Temp\48e8797b77339ec89f8005d20046fbbb.mpf_cache
2025-10-26 19:39:30,833 : INFO : ConfigProcessor : Loading config from cache: C:\Users\sdona\AppData\Local\Temp\b0b8ed4dbd306ac2f063788d81ec6bc4.mpf_cache
2025-10-26 19:39:30,833 : INFO : ConfigProcessor : Loading config from cache: C:\Users\sdona\AppData\Local\Temp\98b42cbd2eba7845afea8d7862634639.mpf_cache
2025-10-26 19:39:30,834 : INFO : ConfigProcessor : Loading config from cache: C:\Users\sdona\AppData\Local\Temp\44893055a228bb5e0381bfc6f9c0abd7.mpf_cache
2025-10-26 19:39:30,834 : INFO : ConfigProcessor : Loading config from cache: C:\Users\sdona\AppData\Local\Temp\e134e8f85ba8fa9c3d7f1500ca292437.mpf_cache
2025-10-26 19:39:30,835 : INFO : ConfigProcessor : Loading config from cache: C:\Users\sdona\AppData\Local\Temp\b24b6909ee6e0520126bbce60d1ed210.mpf_cache
2025-10-26 19:39:30,836 : INFO : ConfigProcessor : Loading config from cache: C:\Users\sdona\AppData\Local\Temp\cba807ea4a81180f6dd01afffacec8ed.mpf_cache
2025-10-26 19:39:30,837 : INFO : ConfigProcessor : Loading config from cache: C:\Users\sdona\AppData\Local\Temp\f4dd4d2b5212b72c6e9e67ac9e704e63.mpf_cache
2025-10-26 19:39:30,837 : INFO : ConfigProcessor : Loading config from cache: C:\Users\sdona\AppData\Local\Temp\b47d9bb1214e11383bf30352af24a7d5.mpf_cache
2025-10-26 19:39:30,838 : INFO : ConfigProcessor : Loading config from cache: C:\Users\sdona\AppData\Local\Temp\23d7d59c131357e53b11dbd4a18e6a94.mpf_cache
2025-10-26 19:39:30,838 : INFO : ConfigProcessor : Loading config from cache: C:\Users\sdona\AppData\Local\Temp\4233704904419fdd214152084a83fec1.mpf_cache
2025-10-26 19:39:30,840 : INFO : ConfigProcessor : Loading config from cache: C:\Users\sdona\AppData\Local\Temp\989ee664052248e9552213e43037a565.mpf_cache
2025-10-26 19:39:30,840 : INFO : ConfigProcessor : Loading config from cache: C:\Users\sdona\AppData\Local\Temp\428bc1fa3c6dcaec1d63d9276cdb6405.mpf_cache
2025-10-26 19:39:30,841 : INFO : ConfigProcessor : Loading config from cache: C:\Users\sdona\AppData\Local\Temp\f071e720e1ef2a753ced60502153911a.mpf_cache
2025-10-26 19:39:30,841 : INFO : ConfigProcessor : Loading config from cache: C:\Users\sdona\AppData\Local\Temp\a464c65b0880a71dbe3e02b1f7271abd.mpf_cache
2025-10-26 19:39:30,842 : INFO : ConfigProcessor : Loading config from cache: C:\Users\sdona\AppData\Local\Temp\b4bf5fa77bdb26872f42159f572a3499.mpf_cache
2025-10-26 19:39:30,843 : INFO : ConfigProcessor : Loading config from cache: C:\Users\sdona\AppData\Local\Temp\cd6f6abb19272a94675a232f8f899ac9.mpf_cache
2025-10-26 19:39:30,844 : INFO : ConfigProcessor : Loading config from cache: C:\Users\sdona\AppData\Local\Temp\cbc61a9ec21d345237ebbced62572970.mpf_cache
2025-10-26 19:39:30,845 : INFO : ConfigProcessor : Loading config from cache: C:\Users\sdona\AppData\Local\Temp\c25e7c71bc90546538d4e68911be6658.mpf_cache
2025-10-26 19:39:30,845 : INFO : ConfigProcessor : Loading config from cache: C:\Users\sdona\AppData\Local\Temp\b7a51086f1e3c926b3977a0d025a1faa.mpf_cache
2025-10-26 19:39:30,846 : INFO : ConfigProcessor : Loading config from cache: C:\Users\sdona\AppData\Local\Temp\479eb3ca656e084fa2e092204a5b8039.mpf_cache
2025-10-26 19:39:30,847 : INFO : ConfigProcessor : Loading config from cache: C:\Users\sdona\AppData\Local\Temp\bdb81eccbf19551abd8bea5fafeca7c0.mpf_cache
2025-10-26 19:39:30,847 : INFO : ConfigProcessor : Loading config from cache: C:\Users\sdona\AppData\Local\Temp\8f065719b93e886777277178babee650.mpf_cache
2025-10-26 19:39:30,848 : INFO : ConfigProcessor : Loading config from cache: C:\Users\sdona\AppData\Local\Temp\7fef0463a0df344c3146c845257ec616.mpf_cache
2025-10-26 19:39:30,848 : INFO : ConfigProcessor : Loading config from cache: C:\Users\sdona\AppData\Local\Temp\a4f333ad36a077996c49298642b6bdcf.mpf_cache
2025-10-26 19:39:30,849 : INFO : ConfigProcessor : Loading config from cache: C:\Users\sdona\AppData\Local\Temp\e8d69d74f27089cda2650299e9916804.mpf_cache
2025-10-26 19:39:30,849 : INFO : ConfigProcessor : Loading config from cache: C:\Users\sdona\AppData\Local\Temp\05530f35bd950f18d27d3fd571d96823.mpf_cache
2025-10-26 19:39:30,850 : INFO : ConfigProcessor : Loading config from cache: C:\Users\sdona\AppData\Local\Temp\fc1e3f85304c911eb844eb65d36e61be.mpf_cache
2025-10-26 19:39:30,851 : INFO : ConfigProcessor : Loading config from cache: C:\Users\sdona\AppData\Local\Temp\53223d3922288729ee504c1b2a98bb55.mpf_cache
2025-10-26 19:39:30,851 : INFO : ConfigProcessor : Loading config from cache: C:\Users\sdona\AppData\Local\Temp\8d20136ddb274338050d1d1ccc1a5e4f.mpf_cache
2025-10-26 19:39:30,852 : INFO : ConfigProcessor : Loading config from cache: C:\Users\sdona\AppData\Local\Temp\1254d50720d6d5d0da0e84e29cdbaa7a.mpf_cache
2025-10-26 19:39:30,852 : INFO : ConfigProcessor : Loading config from cache: C:\Users\sdona\AppData\Local\Temp\1a7ae31e9f779b1261e3d1eee1831b27.mpf_cache
2025-10-26 19:39:30,853 : INFO : ConfigProcessor : Loading config from cache: C:\Users\sdona\AppData\Local\Temp\8e3ea42c38f2105e0d9462648474c540.mpf_cache
2025-10-26 19:39:30,853 : INFO : ConfigProcessor : Loading config from cache: C:\Users\sdona\AppData\Local\Temp\a61b86d39bcc5a5ea0a5885549542355.mpf_cache
2025-10-26 19:39:30,854 : INFO : Machine : Mission Pinball Framework Core Engine v0.80.0.dev9
2025-10-26 19:39:30,854 : INFO : Machine : Command line arguments: {'no_load_cache': False, 'create_config_cache': True, 'bcp': True, 'configfile': ['config.yaml'], 'force_assets_load': False, 'platform_integration_test': False, 'jsonlogging': False, 'logfile': 'logs\\2025-10-26-19-39-30-mpf-PinballLaptop.log', 'pause': False, 'production': False, 'text_ui': True, 'loglevel': 15, 'consoleloglevel': 20, 'force_platform': 'smart_virtual', 'syslog_address': None, 'full_logfile_path': 'C:\\venv\\mpf\\mmmdrop\\logs\\2025-10-26-19-39-30-mpf-PinballLaptop.log'}
2025-10-26 19:39:30,854 : INFO : Machine : MPF path: c:\venv\mpf\lib\site-packages\mpf
2025-10-26 19:39:30,854 : INFO : Machine : Machine path: C:\venv\mpf\mmmdrop
2025-10-26 19:39:30,854 : INFO : Machine : Platform: win32
2025-10-26 19:39:30,854 : INFO : Machine : Python executable location: c:\venv\mpf\Scripts\python.exe
2025-10-26 19:39:30,854 : INFO : Machine : Python version: 3.9.13 (64-bit)
2025-10-26 19:39:30,856 : INFO : Machine : Initializing MPF...
2025-10-26 19:39:31,070 : INFO : EventManager : Event: ======'machine_var_credits_string'====== Args={'value': 'FREE PLAY', 'prev_value': None, 'change': True}
2025-10-26 19:39:31,097 : INFO : EventManager : Event: ======'machine_var_fast_audio_headphones_volume'====== Args={'value': 10, 'prev_value': None, 'change': True}
2025-10-26 19:39:31,097 : INFO : EventManager : Event: ======'machine_var_fast_audio_main_volume'====== Args={'value': 44, 'prev_value': None, 'change': True}
2025-10-26 19:39:31,097 : INFO : EventManager : Event: ======'machine_var_master_volume'====== Args={'value': 0.55, 'prev_value': None, 'change': True}
2025-10-26 19:39:31,097 : INFO : EventManager : Event: ======'machine_var_player1_score'====== Args={'value': 20034230, 'prev_value': None, 'change': True}
2025-10-26 19:39:31,097 : INFO : EventManager : Event: ======'machine_var_game_just_played'====== Args={'value': 0, 'prev_value': None, 'change': True}
2025-10-26 19:39:31,097 : INFO : EventManager : Event: ======'machine_var_mpf_version'====== Args={'value': 'Mission Pinball Framework v0.80.0.dev9', 'prev_value': None, 'change': True}
2025-10-26 19:39:31,097 : INFO : EventManager : Event: ======'machine_var_mpf_extended_version'====== Args={'value': 'Mission Pinball Framework v0.80.0.dev9, Config version:6, Show version: 6, BCP version:1.1', 'prev_value': None, 'change': True}
2025-10-26 19:39:31,097 : INFO : EventManager : Event: ======'machine_var_python_version'====== Args={'value': '3.9.13', 'prev_value': None, 'change': True}
2025-10-26 19:39:31,127 : INFO : EventManager : Event: ======'machine_var_platform'====== Args={'value': 'Windows-10-10.0.26100-SP0', 'prev_value': None, 'change': True}
2025-10-26 19:39:31,127 : INFO : EventManager : Event: ======'machine_var_platform_system'====== Args={'value': 'Windows', 'prev_value': None, 'change': True}
2025-10-26 19:39:31,127 : INFO : EventManager : Event: ======'machine_var_platform_release'====== Args={'value': '10', 'prev_value': None, 'change': True}
2025-10-26 19:39:31,127 : INFO : EventManager : Event: ======'machine_var_platform_version'====== Args={'value': '10.0.26100', 'prev_value': None, 'change': True}
2025-10-26 19:39:31,128 : INFO : EventManager : Event: ======'machine_var_platform_machine'====== Args={'value': 'AMD64', 'prev_value': None, 'change': True}
2025-10-26 19:39:31,128 : INFO : EventManager : Event: ======'machine_var_log_file_path'====== Args={'value': 'C:\\venv\\mpf\\mmmdrop\\logs\\2025-10-26-19-39-30-mpf-PinballLaptop.log', 'prev_value': None, 'change': True}
2025-10-26 19:39:31,128 : INFO : EventManager : Event: ======'init_phase_1'====== Args={}
2025-10-26 19:39:31,179 : INFO : EventManager : Event: ======'drop_target_bank_three_bank_up'====== Args={}
2025-10-26 19:39:31,180 : INFO : EventManager : Event: ======'init_phase_2'====== Args={}
2025-10-26 19:39:31,180 : INFO : SwitchController : Found active switch: ('3208-0', <Platform.SmartVirtual>) <switch.s_trough1>
2025-10-26 19:39:31,180 : INFO : SwitchController : Found active switch: ('3208-1', <Platform.SmartVirtual>) <switch.s_trough2>
2025-10-26 19:39:31,180 : INFO : SwitchController : Found active switch: ('3208-2', <Platform.SmartVirtual>) <switch.s_trough3>
2025-10-26 19:39:31,180 : INFO : SwitchController : Found active switch: ('3208-3', <Platform.SmartVirtual>) <switch.s_trough4>
2025-10-26 19:39:31,180 : INFO : SwitchController : Found active switch: ('3208-4', <Platform.SmartVirtual>) <switch.s_trough5>
2025-10-26 19:39:31,180 : INFO : SwitchController : Found active switch: ('3208-5', <Platform.SmartVirtual>) <switch.s_trough6>
2025-10-26 19:39:31,197 : INFO : EventManager : Event: ======'bcp_connection_attempt'====== Args={'name': 'local_display', 'host': 'localhost', 'port': 5050}
2025-10-26 19:39:31,200 : INFO : BCPClientSocket : Connecting BCP to 'local_display' at localhost:5050...
2025-10-26 19:39:35,922 : INFO : BCPClientSocket : Connected BCP to 'local_display' localhost:5050
2025-10-26 19:39:35,922 : INFO : EventManager : Event: ======'bcp_clients_connected'====== Args={}
2025-10-26 19:39:36,088 : INFO : ball_device.bd_trough : BCH: Initial count: 6
2025-10-26 19:39:36,150 : INFO : ball_device.bd_trough : State: idle
2025-10-26 19:39:36,150 : INFO : ball_device.bd_plunger : BCH: Initial count: 0
2025-10-26 19:39:36,151 : INFO : ball_device.bd_plunger : State: idle
2025-10-26 19:39:36,151 : INFO : ball_device.bd_scoop : BCH: Initial count: 0
2025-10-26 19:39:36,151 : INFO : ball_device.bd_scoop : State: idle
2025-10-26 19:39:36,172 : INFO : EventManager : Event: ======'init_phase_3'====== Args={}
2025-10-26 19:39:36,189 : INFO : EventManager : Event: ======'init_phase_4'====== Args={}
2025-10-26 19:39:36,189 : INFO : BallController : Initial balls found: 6
2025-10-26 19:39:36,191 : INFO : EventManager : Event: ======'machine_var_audits_events_game_ended'====== Args={'value': 59, 'prev_value': None, 'change': True}
2025-10-26 19:39:36,191 : INFO : EventManager : Event: ======'machine_var_audits_events_game_started'====== Args={'value': 527, 'prev_value': None, 'change': True}
2025-10-26 19:39:36,191 : INFO : EventManager : Event: ======'machine_var_audits_missing_switches_s_center_upper_pop'====== Args={'value': 35, 'prev_value': None, 'change': True}
2025-10-26 19:39:36,191 : INFO : EventManager : Event: ======'machine_var_audits_missing_switches_s_left_flipper'====== Args={'value': 3, 'prev_value': None, 'change': True}
2025-10-26 19:39:36,192 : INFO : EventManager : Event: ======'machine_var_audits_missing_switches_s_left_inlane'====== Args={'value': 183, 'prev_value': None, 'change': True}
2025-10-26 19:39:36,192 : INFO : EventManager : Event: ======'machine_var_audits_missing_switches_s_left_outlane'====== Args={'value': 62, 'prev_value': None, 'change': True}
2025-10-26 19:39:36,192 : INFO : EventManager : Event: ======'machine_var_audits_missing_switches_s_left_slingshot'====== Args={'value': 453, 'prev_value': None, 'change': True}
2025-10-26 19:39:36,192 : INFO : EventManager : Event: ======'machine_var_audits_missing_switches_s_left_upper_pop'====== Args={'value': 35, 'prev_value': None, 'change': True}
2025-10-26 19:39:36,192 : INFO : EventManager : Event: ======'machine_var_audits_missing_switches_s_pop_standup'====== Args={'value': 2, 'prev_value': None, 'change': True}
2025-10-26 19:39:36,192 : INFO : EventManager : Event: ======'machine_var_audits_missing_switches_s_right_inlane'====== Args={'value': 183, 'prev_value': None, 'change': True}
2025-10-26 19:39:36,192 : INFO : EventManager : Event: ======'machine_var_audits_missing_switches_s_right_outlane'====== Args={'value': 338, 'prev_value': None, 'change': True}
2025-10-26 19:39:36,192 : INFO : EventManager : Event: ======'machine_var_audits_missing_switches_s_right_slingshot'====== Args={'value': 303, 'prev_value': None, 'change': True}
2025-10-26 19:39:36,192 : INFO : EventManager : Event: ======'machine_var_audits_missing_switches_s_service_down'====== Args={'value': 172, 'prev_value': None, 'change': True}
2025-10-26 19:39:36,192 : INFO : EventManager : Event: ======'machine_var_audits_missing_switches_s_service_enter'====== Args={'value': 172, 'prev_value': None, 'change': True}
2025-10-26 19:39:36,192 : INFO : EventManager : Event: ======'machine_var_audits_missing_switches_s_service_esc'====== Args={'value': 172, 'prev_value': None, 'change': True}
2025-10-26 19:39:36,192 : INFO : EventManager : Event: ======'machine_var_audits_missing_switches_s_service_up'====== Args={'value': 145, 'prev_value': None, 'change': True}
2025-10-26 19:39:36,193 : INFO : EventManager : Event: ======'machine_var_audits_missing_switches_s_spinner'====== Args={'value': 2, 'prev_value': None, 'change': True}
2025-10-26 19:39:36,194 : INFO : EventManager : Event: ======'machine_var_audits_missing_switches_s_start'====== Args={'value': 111, 'prev_value': None, 'change': True}
2025-10-26 19:39:36,194 : INFO : EventManager : Event: ======'machine_var_audits_missing_switches_s_three_bank_bottom'====== Args={'value': 2, 'prev_value': None, 'change': True}
2025-10-26 19:39:36,194 : INFO : EventManager : Event: ======'machine_var_audits_missing_switches_s_three_bank_middle'====== Args={'value': 2, 'prev_value': None, 'change': True}
2025-10-26 19:39:36,194 : INFO : EventManager : Event: ======'machine_var_audits_missing_switches_s_three_bank_standup'====== Args={'value': 2, 'prev_value': None, 'change': True}
2025-10-26 19:39:36,194 : INFO : EventManager : Event: ======'machine_var_audits_missing_switches_s_tilt_bob'====== Args={'value': 90, 'prev_value': None, 'change': True}
2025-10-26 19:39:36,194 : INFO : EventManager : Event: ======'machine_var_audits_missing_switches_s_top_right_flipper'====== Args={'value': 453, 'prev_value': None, 'change': True}
2025-10-26 19:39:36,194 : INFO : EventManager : Event: ======'machine_var_audits_missing_switches_s_trough2'====== Args={'value': 2, 'prev_value': None, 'change': True}
2025-10-26 19:39:36,194 : INFO : EventManager : Event: ======'machine_var_audits_missing_switches_s_trough3'====== Args={'value': 2, 'prev_value': None, 'change': True}
2025-10-26 19:39:36,194 : INFO : EventManager : Event: ======'machine_var_audits_missing_switches_s_trough4'====== Args={'value': 452, 'prev_value': None, 'change': True}
2025-10-26 19:39:36,195 : INFO : EventManager : Event: ======'machine_var_audits_missing_switches_s_trough5'====== Args={'value': 452, 'prev_value': None, 'change': True}
2025-10-26 19:39:36,195 : INFO : EventManager : Event: ======'machine_var_audits_missing_switches_s_trough6'====== Args={'value': 302, 'prev_value': None, 'change': True}
2025-10-26 19:39:36,195 : INFO : EventManager : Event: ======'machine_var_audits_missing_switches_s_trough_jam'====== Args={'value': 453, 'prev_value': None, 'change': True}
2025-10-26 19:39:36,195 : INFO : EventManager : Event: ======'machine_var_audits_missing_switches_s_tshirt_bottom_standup'====== Args={'value': 2, 'prev_value': None, 'change': True}
2025-10-26 19:39:36,195 : INFO : EventManager : Event: ======'machine_var_audits_missing_switches_s_tshirt_top_standup'====== Args={'value': 74, 'prev_value': None, 'change': True}
2025-10-26 19:39:36,195 : INFO : EventManager : Event: ======'machine_var_audits_missing_switches_s_upper_pop_standup'====== Args={'value': 2, 'prev_value': None, 'change': True}
2025-10-26 19:39:36,195 : INFO : EventManager : Event: ======'machine_var_audits_missing_switches_service_esc'====== Args={'value': 1, 'prev_value': None, 'change': True}
2025-10-26 19:39:36,196 : INFO : EventManager : Event: ======'machine_var_audits_player_score'====== Args={'value': {'average': 9252392, 'top': [147275560, 142237180, 85092890, 38155360, 32035610, 25030460, 20034230, 6038970, 6022290, 6019980], 'total': 63}, 'prev_value': None, 'change': True}
2025-10-26 19:39:36,196 : INFO : EventManager : Event: ======'machine_var_audits_shots_bottom_drop'====== Args={'value': 40, 'prev_value': None, 'change': True}
2025-10-26 19:39:36,196 : INFO : EventManager : Event: ======'machine_var_audits_shots_captive_ball'====== Args={'value': 13, 'prev_value': None, 'change': True}
2025-10-26 19:39:36,196 : INFO : EventManager : Event: ======'machine_var_audits_shots_inner_loop'====== Args={'value': 13, 'prev_value': None, 'change': True}
2025-10-26 19:39:36,196 : INFO : EventManager : Event: ======'machine_var_audits_shots_inner_loop_backdoor'====== Args={'value': 1, 'prev_value': None, 'change': True}
2025-10-26 19:39:36,196 : INFO : EventManager : Event: ======'machine_var_audits_shots_left_orbit'====== Args={'value': 22, 'prev_value': None, 'change': True}
2025-10-26 19:39:36,196 : INFO : EventManager : Event: ======'machine_var_audits_shots_left_orbit_backdoor'====== Args={'value': 5, 'prev_value': None, 'change': True}
2025-10-26 19:39:36,196 : INFO : EventManager : Event: ======'machine_var_audits_shots_left_ramp'====== Args={'value': 100, 'prev_value': None, 'change': True}
2025-10-26 19:39:36,197 : INFO : EventManager : Event: ======'machine_var_audits_shots_middle_drop'====== Args={'value': 33, 'prev_value': None, 'change': True}
2025-10-26 19:39:36,197 : INFO : EventManager : Event: ======'machine_var_audits_shots_pop1'====== Args={'value': 5, 'prev_value': None, 'change': True}
2025-10-26 19:39:36,197 : INFO : EventManager : Event: ======'machine_var_audits_shots_pop2'====== Args={'value': 2, 'prev_value': None, 'change': True}
2025-10-26 19:39:36,197 : INFO : EventManager : Event: ======'machine_var_audits_shots_pop3'====== Args={'value': 405, 'prev_value': None, 'change': True}
2025-10-26 19:39:36,197 : INFO : EventManager : Event: ======'machine_var_audits_shots_pop_standup'====== Args={'value': 174, 'prev_value': None, 'change': True}
2025-10-26 19:39:36,197 : INFO : EventManager : Event: ======'machine_var_audits_shots_right_orbit'====== Args={'value': 20, 'prev_value': None, 'change': True}
2025-10-26 19:39:36,197 : INFO : EventManager : Event: ======'machine_var_audits_shots_right_orbit_backdoor'====== Args={'value': 3, 'prev_value': None, 'change': True}
2025-10-26 19:39:36,197 : INFO : EventManager : Event: ======'machine_var_audits_shots_right_ramp'====== Args={'value': 115, 'prev_value': None, 'change': True}
2025-10-26 19:39:36,197 : INFO : EventManager : Event: ======'machine_var_audits_shots_scoop'====== Args={'value': 114, 'prev_value': None, 'change': True}
2025-10-26 19:39:36,198 : INFO : EventManager : Event: ======'machine_var_audits_shots_skill_captive'====== Args={'value': 16, 'prev_value': None, 'change': True}
2025-10-26 19:39:36,198 : INFO : EventManager : Event: ======'machine_var_audits_shots_skill_drop_targets'====== Args={'value': 240, 'prev_value': None, 'change': True}
2025-10-26 19:39:36,198 : INFO : EventManager : Event: ======'machine_var_audits_shots_skill_side_targets'====== Args={'value': 27, 'prev_value': None, 'change': True}
2025-10-26 19:39:36,198 : INFO : EventManager : Event: ======'machine_var_audits_shots_skillshot_drop_targets'====== Args={'value': 105, 'prev_value': None, 'change': True}
2025-10-26 19:39:36,198 : INFO : EventManager : Event: ======'machine_var_audits_shots_skillshot_hideout_plunge'====== Args={'value': 1, 'prev_value': None, 'change': True}
2025-10-26 19:39:36,198 : INFO : EventManager : Event: ======'machine_var_audits_shots_skillshot_left_outlane'====== Args={'value': 1, 'prev_value': None, 'change': True}
2025-10-26 19:39:36,198 : INFO : EventManager : Event: ======'machine_var_audits_shots_skillshot_side_targets'====== Args={'value': 6, 'prev_value': None, 'change': True}
2025-10-26 19:39:36,198 : INFO : EventManager : Event: ======'machine_var_audits_shots_skillshot_super'====== Args={'value': 2, 'prev_value': None, 'change': True}
2025-10-26 19:39:36,198 : INFO : EventManager : Event: ======'machine_var_audits_shots_spinner'====== Args={'value': 162, 'prev_value': None, 'change': True}
2025-10-26 19:39:36,199 : INFO : EventManager : Event: ======'machine_var_audits_shots_three_bank_standup'====== Args={'value': 19, 'prev_value': None, 'change': True}
2025-10-26 19:39:36,199 : INFO : EventManager : Event: ======'machine_var_audits_shots_top_drop'====== Args={'value': 106, 'prev_value': None, 'change': True}
2025-10-26 19:39:36,199 : INFO : EventManager : Event: ======'machine_var_audits_shots_tshirt_bottom_standup'====== Args={'value': 2, 'prev_value': None, 'change': True}
2025-10-26 19:39:36,199 : INFO : EventManager : Event: ======'machine_var_audits_shots_tshirt_top_standup'====== Args={'value': 3, 'prev_value': None, 'change': True}
2025-10-26 19:39:36,199 : INFO : EventManager : Event: ======'machine_var_audits_shots_upper_pop_standup'====== Args={'value': 26, 'prev_value': None, 'change': True}
2025-10-26 19:39:36,199 : INFO : EventManager : Event: ======'machine_var_audits_switches_s_captive_ball'====== Args={'value': 205, 'prev_value': None, 'change': True}
2025-10-26 19:39:36,199 : INFO : EventManager : Event: ======'machine_var_audits_switches_s_center_upper_pop'====== Args={'value': 222, 'prev_value': None, 'change': True}
2025-10-26 19:39:36,199 : INFO : EventManager : Event: ======'machine_var_audits_switches_s_inner_orbit'====== Args={'value': 21, 'prev_value': None, 'change': True}
2025-10-26 19:39:36,200 : INFO : EventManager : Event: ======'machine_var_audits_switches_s_left_flipper'====== Args={'value': 1325, 'prev_value': None, 'change': True}
2025-10-26 19:39:36,200 : INFO : EventManager : Event: ======'machine_var_audits_switches_s_left_inlane'====== Args={'value': 111, 'prev_value': None, 'change': True}
2025-10-26 19:39:36,200 : INFO : EventManager : Event: ======'machine_var_audits_switches_s_left_orbit'====== Args={'value': 113, 'prev_value': None, 'change': True}
2025-10-26 19:39:36,200 : INFO : EventManager : Event: ======'machine_var_audits_switches_s_left_outlane'====== Args={'value': 57, 'prev_value': None, 'change': True}
2025-10-26 19:39:36,200 : INFO : EventManager : Event: ======'machine_var_audits_switches_s_left_ramp'====== Args={'value': 234, 'prev_value': None, 'change': True}
2025-10-26 19:39:36,200 : INFO : EventManager : Event: ======'machine_var_audits_switches_s_left_slingshot'====== Args={'value': 259, 'prev_value': None, 'change': True}
2025-10-26 19:39:36,200 : INFO : EventManager : Event: ======'machine_var_audits_switches_s_left_upper_pop'====== Args={'value': 166, 'prev_value': None, 'change': True}
2025-10-26 19:39:36,200 : INFO : EventManager : Event: ======'machine_var_audits_switches_s_plunger'====== Args={'value': 1320, 'prev_value': None, 'change': True}
2025-10-26 19:39:36,200 : INFO : EventManager : Event: ======'machine_var_audits_switches_s_pop_standup'====== Args={'value': 298, 'prev_value': None, 'change': True}
2025-10-26 19:39:36,201 : INFO : EventManager : Event: ======'machine_var_audits_switches_s_right_flipper'====== Args={'value': 1801, 'prev_value': None, 'change': True}
2025-10-26 19:39:36,202 : INFO : EventManager : Event: ======'machine_var_audits_switches_s_right_inlane'====== Args={'value': 107, 'prev_value': None, 'change': True}
2025-10-26 19:39:36,202 : INFO : EventManager : Event: ======'machine_var_audits_switches_s_right_lower_pop'====== Args={'value': 1154, 'prev_value': None, 'change': True}
2025-10-26 19:39:36,202 : INFO : EventManager : Event: ======'machine_var_audits_switches_s_right_orbit'====== Args={'value': 130, 'prev_value': None, 'change': True}
2025-10-26 19:39:36,202 : INFO : EventManager : Event: ======'machine_var_audits_switches_s_right_outlane'====== Args={'value': 53, 'prev_value': None, 'change': True}
2025-10-26 19:39:36,202 : INFO : EventManager : Event: ======'machine_var_audits_switches_s_right_ramp'====== Args={'value': 263, 'prev_value': None, 'change': True}
2025-10-26 19:39:36,202 : INFO : EventManager : Event: ======'machine_var_audits_switches_s_right_slingshot'====== Args={'value': 366, 'prev_value': None, 'change': True}
2025-10-26 19:39:36,202 : INFO : EventManager : Event: ======'machine_var_audits_switches_s_scoop'====== Args={'value': 459, 'prev_value': None, 'change': True}
2025-10-26 19:39:36,202 : INFO : EventManager : Event: ======'machine_var_audits_switches_s_service_down'====== Args={'value': 0, 'prev_value': None, 'change': True}
2025-10-26 19:39:36,202 : INFO : EventManager : Event: ======'machine_var_audits_switches_s_service_enter'====== Args={'value': 0, 'prev_value': None, 'change': True}
2025-10-26 19:39:36,203 : INFO : EventManager : Event: ======'machine_var_audits_switches_s_service_esc'====== Args={'value': 0, 'prev_value': None, 'change': True}
2025-10-26 19:39:36,203 : INFO : EventManager : Event: ======'machine_var_audits_switches_s_service_up'====== Args={'value': 1, 'prev_value': None, 'change': True}
2025-10-26 19:39:36,203 : INFO : EventManager : Event: ======'machine_var_audits_switches_s_spinner'====== Args={'value': 2220, 'prev_value': None, 'change': True}
2025-10-26 19:39:36,203 : INFO : EventManager : Event: ======'machine_var_audits_switches_s_start'====== Args={'value': 67, 'prev_value': None, 'change': True}
2025-10-26 19:39:36,203 : INFO : EventManager : Event: ======'machine_var_audits_switches_s_three_bank_bottom'====== Args={'value': 533, 'prev_value': None, 'change': True}
2025-10-26 19:39:36,203 : INFO : EventManager : Event: ======'machine_var_audits_switches_s_three_bank_middle'====== Args={'value': 565, 'prev_value': None, 'change': True}
2025-10-26 19:39:36,203 : INFO : EventManager : Event: ======'machine_var_audits_switches_s_three_bank_standup'====== Args={'value': 260, 'prev_value': None, 'change': True}
2025-10-26 19:39:36,203 : INFO : EventManager : Event: ======'machine_var_audits_switches_s_three_bank_top'====== Args={'value': 644, 'prev_value': None, 'change': True}
2025-10-26 19:39:36,204 : INFO : EventManager : Event: ======'machine_var_audits_switches_s_tilt_bob'====== Args={'value': 51, 'prev_value': None, 'change': True}
2025-10-26 19:39:36,204 : INFO : EventManager : Event: ======'machine_var_audits_switches_s_top_right_flipper'====== Args={'value': 1294, 'prev_value': None, 'change': True}
2025-10-26 19:39:36,204 : INFO : EventManager : Event: ======'machine_var_audits_switches_s_trough1'====== Args={'value': 403, 'prev_value': None, 'change': True}
2025-10-26 19:39:36,204 : INFO : EventManager : Event: ======'machine_var_audits_switches_s_trough2'====== Args={'value': 324, 'prev_value': None, 'change': True}
2025-10-26 19:39:36,204 : INFO : EventManager : Event: ======'machine_var_audits_switches_s_trough3'====== Args={'value': 245, 'prev_value': None, 'change': True}
2025-10-26 19:39:36,204 : INFO : EventManager : Event: ======'machine_var_audits_switches_s_trough4'====== Args={'value': 160, 'prev_value': None, 'change': True}
2025-10-26 19:39:36,204 : INFO : EventManager : Event: ======'machine_var_audits_switches_s_trough5'====== Args={'value': 160, 'prev_value': None, 'change': True}
2025-10-26 19:39:36,204 : INFO : EventManager : Event: ======'machine_var_audits_switches_s_trough6'====== Args={'value': 161, 'prev_value': None, 'change': True}
2025-10-26 19:39:36,204 : INFO : EventManager : Event: ======'machine_var_audits_switches_s_trough_jam'====== Args={'value': 206, 'prev_value': None, 'change': True}
2025-10-26 19:39:36,204 : INFO : EventManager : Event: ======'machine_var_audits_switches_s_tshirt_bottom_standup'====== Args={'value': 42, 'prev_value': None, 'change': True}
2025-10-26 19:39:36,204 : INFO : EventManager : Event: ======'machine_var_audits_switches_s_tshirt_top_standup'====== Args={'value': 70, 'prev_value': None, 'change': True}
2025-10-26 19:39:36,204 : INFO : EventManager : Event: ======'machine_var_audits_switches_s_upper_pop_standup'====== Args={'value': 200, 'prev_value': None, 'change': True}
2025-10-26 19:39:36,204 : INFO : EventManager : Event: ======'machine_var_audits_switches_service_down'====== Args={'value': 1, 'prev_value': None, 'change': True}
2025-10-26 19:39:36,204 : INFO : EventManager : Event: ======'machine_var_audits_switches_service_enter'====== Args={'value': 2, 'prev_value': None, 'change': True}
2025-10-26 19:39:36,204 : INFO : EventManager : Event: ======'machine_var_audits_switches_service_esc'====== Args={'value': 0, 'prev_value': None, 'change': True}
2025-10-26 19:39:36,204 : INFO : EventManager : Event: ======'machine_var_audits_switches_service_up'====== Args={'value': 2, 'prev_value': None, 'change': True}
2025-10-26 19:39:36,206 : INFO : EventManager : Event: ======'init_phase_5'====== Args={}
2025-10-26 19:39:36,222 : INFO : EventManager : Event: ======'init_done'====== Args={}
2025-10-26 19:39:36,222 : INFO : EventManager : Event: ======'machine_reset_phase_1'====== Args={}
2025-10-26 19:39:36,232 : INFO : EventManager : Event: ======'machine_reset_phase_2'====== Args={}
2025-10-26 19:39:36,232 : INFO : EventManager : Event: ======'game_just_played'====== Args={'priority': 0, 'action': 'set_machine', 'int': 0}
2025-10-26 19:39:36,233 : INFO : EventManager : Event: ======'machine_reset_phase_3'====== Args={}
2025-10-26 19:39:36,233 : INFO : EventManager : Event: ======'mode_tilt_will_start'====== Args={'queue': <QueuedEvent>}
2025-10-26 19:39:36,234 : INFO : EventManager : Event: ======'mode_tilt_starting'====== Args={'queue': <QueuedEvent>}
2025-10-26 19:39:36,235 : INFO : drop_target_bank.three_bank : All targets are already up. Will not reset bank.
2025-10-26 19:39:36,235 : INFO : Mode.tilt : Started. Priority: 1000000
2025-10-26 19:39:36,235 : INFO : EventManager : Event: ======'modes_active_modes_changed'====== Args={}
2025-10-26 19:39:36,235 : INFO : EventManager : Event: ======'mode_tilt_started'====== Args={'queue': <QueuedEvent>}
2025-10-26 19:39:36,236 : INFO : EventManager : Event: ======'reset_complete'====== Args={}
2025-10-26 19:39:36,236 : INFO : EventManager : Event: ======'mode_service_will_start'====== Args={}
2025-10-26 19:39:36,237 : INFO : EventManager : Event: ======'mode_service_starting'====== Args={}
2025-10-26 19:39:36,237 : INFO : EventManager : Event: ======'mode_attract_will_start'====== Args={}
2025-10-26 19:39:36,238 : INFO : Timer.attract_intro_timer : Starting Timer.
2025-10-26 19:39:36,238 : INFO : EventManager : Event: ======'timer_attract_intro_timer_started'====== Args={'ticks': 0, 'ticks_remaining': 16}
2025-10-26 19:39:36,238 : INFO : EventManager : Event: ======'timer_attract_intro_timer_tick'====== Args={'ticks': 0, 'ticks_remaining': 16}
2025-10-26 19:39:36,241 : INFO : EventManager : Event: ======'mode_attract_starting'====== Args={}
2025-10-26 19:39:36,241 : INFO : Mode.service : Started. Priority: 100000
2025-10-26 19:39:36,241 : INFO : EventManager : Event: ======'modes_active_modes_changed'====== Args={}
2025-10-26 19:39:36,241 : INFO : EventManager : Event: ======'mode_service_started'====== Args={}
2025-10-26 19:39:36,258 : INFO : EventManager : Event: ======'logicblock_mca_sequence_updated'====== Args={'value': 0, 'enabled': True}
2025-10-26 19:39:36,258 : INFO : EventManager : Event: ======'logicblock_adr_sequence_updated'====== Args={'value': 0, 'enabled': True}
2025-10-26 19:39:36,258 : INFO : EventManager : Event: ======'logicblock_mca_sequence_updated'====== Args={'value': 0, 'enabled': True}
2025-10-26 19:39:36,258 : INFO : EventManager : Event: ======'logicblock_adr_sequence_updated'====== Args={'value': 0, 'enabled': True}
2025-10-26 19:39:36,258 : INFO : Mode.attract : Started. Priority: 10
2025-10-26 19:39:36,258 : INFO : EventManager : Event: ======'modes_active_modes_changed'====== Args={}
2025-10-26 19:39:36,258 : INFO : EventManager : Event: ======'mode_attract_started'====== Args={}
2025-10-26 19:39:36,258 : INFO : EventManager : Event: ======'logicblock_mca_sequence_updated'====== Args={'value': 0, 'enabled': True}
2025-10-26 19:39:36,259 : INFO : EventManager : Event: ======'logicblock_mca_sequence_updated'====== Args={'value': 0, 'enabled': True}
2025-10-26 19:39:36,259 : INFO : EventManager : Event: ======'logicblock_adr_sequence_updated'====== Args={'value': 0, 'enabled': True}
2025-10-26 19:39:36,259 : INFO : EventManager : Event: ======'logicblock_adr_sequence_updated'====== Args={'value': 0, 'enabled': True}
2025-10-26 19:39:36,261 : INFO : EventManager : Event: ======'timer_attract_intro_timer_tick'====== Args={'ticks': 0, 'ticks_remaining': 16}
2025-10-26 19:39:36,261 : INFO : EventManager : Event: ======'collecting_balls_complete'====== Args={}
2025-10-26 19:39:36,262 : INFO : EventManager : Event: ======'item_highlighted'====== Args={'carousel': 'attract', 'direction': None, 'item': 'mpf_logo'}
2025-10-26 19:39:36,264 : INFO : Timer.attract_carousel_timer : Starting Timer.
2025-10-26 19:39:36,264 : INFO : EventManager : Event: ======'timer_attract_carousel_timer_started'====== Args={'ticks': 0, 'ticks_remaining': 5}
2025-10-26 19:39:36,264 : INFO : EventManager : Event: ======'timer_attract_carousel_timer_tick'====== Args={'ticks': 0, 'ticks_remaining': 5}
2025-10-26 19:39:36,278 : INFO : EventManager : Event: ======'slide_loading_created'====== Args={'_from_bcp': True}
2025-10-26 19:39:36,278 : INFO : EventManager : Event: ======'slide__removed'====== Args={'_from_bcp': True}
2025-10-26 19:39:36,278 : INFO : EventManager : Event: ======'slide_loading_active'====== Args={'original_context': '_global', 'original_calling_context': 'init_done', 'priority': 0.0, 'cmd': 'slides_play', '_from_bcp': True}
2025-10-26 19:39:36,279 : INFO : Machine : Starting the main run loop with active modes: [<Mode.tilt>, <Mode.service>, <Mode.attract>]
2025-10-26 19:39:36,392 : INFO : EventManager : Event: ======'slide_attract_load_created'====== Args={'_from_bcp': True}
2025-10-26 19:39:36,392 : INFO : EventManager : Event: ======'slide_loading_inactive'====== Args={'is_removing': True, '_from_bcp': True}
2025-10-26 19:39:36,392 : INFO : EventManager : Event: ======'slide_attract_load_active'====== Args={'original_context': 'attract', 'original_calling_context': 'mode_attract_started{machine.game_just_played==0}', 'priority': 10.0, 'cmd': 'slides_play', '_from_bcp': True}
2025-10-26 19:39:36,392 : INFO : EventManager : Event: ======'slide_loading_removed'====== Args={'_from_bcp': True}
2025-10-26 19:39:36,659 : INFO : BcpServer : New client connected.
2025-10-26 19:39:37,276 : INFO : EventManager : Event: ======'timer_attract_intro_timer_tick'====== Args={'ticks': 1, 'ticks_remaining': 15}
2025-10-26 19:39:37,276 : INFO : EventManager : Event: ======'timer_attract_carousel_timer_tick'====== Args={'ticks': 1, 'ticks_remaining': 4}
2025-10-26 19:39:38,255 : INFO : EventManager : Event: ======'timer_attract_carousel_timer_tick'====== Args={'ticks': 2, 'ticks_remaining': 3}
2025-10-26 19:39:38,256 : INFO : EventManager : Event: ======'timer_attract_intro_timer_tick'====== Args={'ticks': 2, 'ticks_remaining': 14}
2025-10-26 19:39:39,267 : INFO : EventManager : Event: ======'timer_attract_carousel_timer_tick'====== Args={'ticks': 3, 'ticks_remaining': 2}
2025-10-26 19:39:39,267 : INFO : EventManager : Event: ======'timer_attract_intro_timer_tick'====== Args={'ticks': 3, 'ticks_remaining': 13}
2025-10-26 19:39:40,277 : INFO : EventManager : Event: ======'timer_attract_intro_timer_tick'====== Args={'ticks': 4, 'ticks_remaining': 12}
2025-10-26 19:39:40,278 : INFO : EventManager : Event: ======'timer_attract_carousel_timer_tick'====== Args={'ticks': 4, 'ticks_remaining': 1}
2025-10-26 19:39:41,027 : INFO : SwitchController : <<<<<<< 's_start' active >>>>>>>
2025-10-26 19:39:41,175 : INFO : SwitchController : <<<<<<< 's_start' inactive >>>>>>>
2025-10-26 19:39:41,175 : INFO : EventManager : Event: ======'sw_start_inactive'====== Args={}
2025-10-26 19:39:41,175 : INFO : EventManager : Event: ======'request_to_start_game'====== Args={}
2025-10-26 19:39:41,176 : INFO : EventManager : Event: ======'game_start'====== Args={'buttons': [], 'hold_time': 0.1559999999590218}
2025-10-26 19:39:41,176 : INFO : EventManager : Event: ======'mode_game_will_start'====== Args={'buttons': [], 'hold_time': 0.1559999999590218}
2025-10-26 19:39:41,177 : INFO : EventManager : Event: ======'mode_game_starting'====== Args={'buttons': [], 'hold_time': 0.1559999999590218}
2025-10-26 19:39:41,177 : INFO : EventManager : Event: ======'mode_attract_will_stop'====== Args={}
2025-10-26 19:39:41,177 : INFO : EventManager : Event: ======'mode_attract_stopping'====== Args={}
2025-10-26 19:39:41,178 : INFO : Mode.game : Started. Priority: 20
2025-10-26 19:39:41,178 : INFO : EventManager : Event: ======'modes_active_modes_changed'====== Args={}
2025-10-26 19:39:41,178 : INFO : EventManager : Event: ======'mode_game_started'====== Args={'buttons': [], 'hold_time': 0.1559999999590218}
2025-10-26 19:39:41,190 : INFO : Mode.attract : Stopped.
2025-10-26 19:39:41,191 : INFO : EventManager : Event: ======'modes_active_modes_changed'====== Args={}
2025-10-26 19:39:41,191 : INFO : EventManager : Event: ======'mode_attract_stopped'====== Args={}
2025-10-26 19:39:41,191 : INFO : EventManager : Event: ======'clear'====== Args={'key': 'attract'}
2025-10-26 19:39:41,191 : INFO : Timer.attract_carousel_timer : Stopping Timer
2025-10-26 19:39:41,192 : INFO : EventManager : Event: ======'timer_attract_carousel_timer_stopped'====== Args={'ticks': 4, 'ticks_remaining': 1}
2025-10-26 19:39:41,192 : INFO : Timer.adr_attract_video_timer : Stopping Timer
2025-10-26 19:39:41,192 : INFO : EventManager : Event: ======'timer_adr_attract_video_timer_stopped'====== Args={'ticks': 0, 'ticks_remaining': 0}
2025-10-26 19:39:41,192 : INFO : Timer.mca_attract_video_timer : Stopping Timer
2025-10-26 19:39:41,192 : INFO : EventManager : Event: ======'timer_mca_attract_video_timer_stopped'====== Args={'ticks': 0, 'ticks_remaining': 0}
2025-10-26 19:39:41,192 : INFO : Timer.attract_intro_timer : Stopping Timer
2025-10-26 19:39:41,192 : INFO : EventManager : Event: ======'timer_attract_intro_timer_stopped'====== Args={'ticks': 4, 'ticks_remaining': 12}
2025-10-26 19:39:41,192 : INFO : EventManager : Event: ======'game_will_start'====== Args={}
2025-10-26 19:39:41,206 : INFO : EventManager : Event: ======'game_starting'====== Args={'game': <Mode.game>}
2025-10-26 19:39:41,208 : INFO : EventManager : Unordered handler for class <Auditor> on event game_ended with priority 1. Handlers: [RegisteredHandler(callback=<bound method Auditor.disable of <Auditor>>, priority=1, kwargs={}, key=UUID('d4f6922b-a9ac-45d1-8ec9-e2ef5b463687'), condition=None, blocking_facility=None), RegisteredHandler(callback=<bound method Auditor._save_audits of <Auditor>>, priority=1, kwargs={}, key=UUID('c9511183-da80-487b-8184-5a19a2e2dabf'), condition=None, blocking_facility=None)]. The order of those handlers is not defined and they will be executed in random order. This might lead to race conditions and potential bugs.
2025-10-26 19:39:41,208 : INFO : EventManager : Event: ======'player_add_request'====== Args={}
2025-10-26 19:39:41,208 : INFO : EventManager : Event: ======'player_will_add'====== Args={'number': 1}
2025-10-26 19:39:41,209 : INFO : EventManager : Event: ======'player_adding'====== Args={'player': <Player 1>, 'number': 1}
2025-10-26 19:39:41,209 : INFO : EventManager : Event: ======'player_added'====== Args={'player': <Player 1>, 'num': 1}
2025-10-26 19:39:41,209 : INFO : Mode.game : Player added successfully. Total players: 1
2025-10-26 19:39:41,209 : INFO : EventManager : Event: ======'player_index'====== Args={'value': 0, 'prev_value': 0, 'change': 0, 'player_num': 1}
2025-10-26 19:39:41,209 : INFO : EventManager : Event: ======'player_number'====== Args={'value': 1, 'prev_value': 1, 'change': 0, 'player_num': 1}
2025-10-26 19:39:41,210 : INFO : EventManager : Event: ======'player_score'====== Args={'value': 0, 'prev_value': 0, 'change': 0, 'player_num': 1}
2025-10-26 19:39:41,211 : INFO : EventManager : Event: ======'game_started'====== Args={}
2025-10-26 19:39:41,212 : INFO : EventManager : Event: ======'machine_var_game_just_played'====== Args={'value': 1, 'prev_value': 0, 'change': 1}
2025-10-26 19:39:41,226 : INFO : EventManager : Event: ======'player_turn_will_start'====== Args={'player': <Player 1>, 'number': 1}
2025-10-26 19:39:41,229 : INFO : EventManager : Event: ======'player_turn_starting'====== Args={'player': <Player 1>, 'number': 1}
2025-10-26 19:39:41,230 : INFO : EventManager : Event: ======'player_ball'====== Args={'value': 1, 'prev_value': 0, 'change': 1, 'player_num': 1}
2025-10-26 19:39:41,230 : INFO : EventManager : Event: ======'player_turn_started'====== Args={'player': <Player 1>, 'number': 1}
2025-10-26 19:39:41,232 : INFO : EventManager : Event: ======'ball_will_start'====== Args={'player': 1, 'ball': 1, 'balls_remaining': 2, 'is_extra_ball': False}
2025-10-26 19:39:41,234 : INFO : EventManager : Event: ======'ball_starting'====== Args={'player': 1, 'ball': 1, 'balls_remaining': 2, 'is_extra_ball': False}
2025-10-26 19:39:41,235 : INFO : EventManager : Event: ======'mode_base_will_start'====== Args={'queue': <QueuedEvent>, 'player': 1, 'ball': 1, 'balls_remaining': 2, 'is_extra_ball': False}
2025-10-26 19:39:41,237 : INFO : EventManager : Event: ======'player_shot_left_orbit_enabled'====== Args={'value': True, 'prev_value': 0, 'change': 1, 'player_num': 1}
2025-10-26 19:39:41,237 : INFO : EventManager : Event: ======'player_shot_right_orbit_enabled'====== Args={'value': True, 'prev_value': 0, 'change': 1, 'player_num': 1}
2025-10-26 19:39:41,239 : INFO : EventManager : Event: ======'player_shot_inner_loop_enabled'====== Args={'value': True, 'prev_value': 0, 'change': 1, 'player_num': 1}
2025-10-26 19:39:41,239 : INFO : EventManager : Event: ======'player_shot_left_orbit_backdoor_enabled'====== Args={'value': True, 'prev_value': 0, 'change': 1, 'player_num': 1}
2025-10-26 19:39:41,239 : INFO : EventManager : Event: ======'player_shot_right_orbit_backdoor_enabled'====== Args={'value': True, 'prev_value': 0, 'change': 1, 'player_num': 1}
2025-10-26 19:39:41,240 : INFO : EventManager : Event: ======'player_shot_inner_loop_backdoor_enabled'====== Args={'value': True, 'prev_value': 0, 'change': 1, 'player_num': 1}
2025-10-26 19:39:41,240 : INFO : EventManager : Event: ======'player_shot_right_ramp_enabled'====== Args={'value': True, 'prev_value': 0, 'change': 1, 'player_num': 1}
2025-10-26 19:39:41,241 : INFO : EventManager : Event: ======'player_shot_left_ramp_enabled'====== Args={'value': True, 'prev_value': 0, 'change': 1, 'player_num': 1}
2025-10-26 19:39:41,241 : INFO : EventManager : Event: ======'player_shot_pop_standup_enabled'====== Args={'value': True, 'prev_value': 0, 'change': 1, 'player_num': 1}
2025-10-26 19:39:41,241 : INFO : EventManager : Event: ======'player_shot_upper_pop_standup_enabled'====== Args={'value': True, 'prev_value': 0, 'change': 1, 'player_num': 1}
2025-10-26 19:39:41,242 : INFO : EventManager : Event: ======'player_shot_scoop_enabled'====== Args={'value': True, 'prev_value': 0, 'change': 1, 'player_num': 1}
2025-10-26 19:39:41,243 : INFO : EventManager : Event: ======'player_shot_captive_ball_enabled'====== Args={'value': True, 'prev_value': 0, 'change': 1, 'player_num': 1}
2025-10-26 19:39:41,244 : INFO : EventManager : Event: ======'player_shot_three_bank_standup_enabled'====== Args={'value': True, 'prev_value': 0, 'change': 1, 'player_num': 1}
2025-10-26 19:39:41,245 : INFO : EventManager : Event: ======'player_shot_spinner_enabled'====== Args={'value': True, 'prev_value': 0, 'change': 1, 'player_num': 1}
2025-10-26 19:39:41,245 : INFO : EventManager : Event: ======'player_shot_pop1_enabled'====== Args={'value': True, 'prev_value': 0, 'change': 1, 'player_num': 1}
2025-10-26 19:39:41,245 : INFO : EventManager : Event: ======'player_shot_pop2_enabled'====== Args={'value': True, 'prev_value': 0, 'change': 1, 'player_num': 1}
2025-10-26 19:39:41,246 : INFO : EventManager : Event: ======'player_shot_pop3_enabled'====== Args={'value': True, 'prev_value': 0, 'change': 1, 'player_num': 1}
2025-10-26 19:39:41,246 : INFO : EventManager : Event: ======'player_shot_bottom_drop_enabled'====== Args={'value': True, 'prev_value': 0, 'change': 1, 'player_num': 1}
2025-10-26 19:39:41,247 : INFO : EventManager : Event: ======'player_shot_middle_drop_enabled'====== Args={'value': True, 'prev_value': 0, 'change': 1, 'player_num': 1}
2025-10-26 19:39:41,247 : INFO : EventManager : Event: ======'player_shot_top_drop_enabled'====== Args={'value': True, 'prev_value': 0, 'change': 1, 'player_num': 1}
2025-10-26 19:39:41,248 : INFO : EventManager : Event: ======'player_shot_tshirt_top_standup_enabled'====== Args={'value': True, 'prev_value': 0, 'change': 1, 'player_num': 1}
2025-10-26 19:39:41,248 : INFO : EventManager : Event: ======'player_shot_tshirt_bottom_standup_enabled'====== Args={'value': True, 'prev_value': 0, 'change': 1, 'player_num': 1}
2025-10-26 19:39:41,249 : INFO : EventManager : Event: ======'player_base_chcheckitoutfinish_widget_timer_tick'====== Args={'value': 0, 'prev_value': 0, 'change': 0, 'player_num': 1}
2025-10-26 19:39:41,250 : INFO : EventManager : Event: ======'achievement_wizard1_changed_state'====== Args={'restore': False, 'state': 'disabled', 'selected': False}
2025-10-26 19:39:41,250 : INFO : EventManager : Event: ======'achievement_wizard1_state_disabled'====== Args={'restore': False, 'state': 'disabled', 'selected': False}
2025-10-26 19:39:41,250 : INFO : EventManager : Event: ======'achievement_intergalactic_mode_changed_state'====== Args={'restore': False, 'state': 'enabled', 'selected': False}
2025-10-26 19:39:41,250 : INFO : EventManager : Event: ======'achievement_intergalactic_mode_state_enabled'====== Args={'restore': False, 'state': 'enabled', 'selected': False}
2025-10-26 19:39:41,250 : INFO : EventManager : Event: ======'achievement_paulrevere_mode_changed_state'====== Args={'restore': False, 'state': 'enabled', 'selected': False}
2025-10-26 19:39:41,251 : INFO : EventManager : Event: ======'achievement_paulrevere_mode_state_enabled'====== Args={'restore': False, 'state': 'enabled', 'selected': False}
2025-10-26 19:39:41,251 : INFO : EventManager : Event: ======'achievement_tripletrouble_mode_changed_state'====== Args={'restore': False, 'state': 'enabled', 'selected': False}
2025-10-26 19:39:41,251 : INFO : EventManager : Event: ======'achievement_tripletrouble_mode_state_enabled'====== Args={'restore': False, 'state': 'enabled', 'selected': False}
2025-10-26 19:39:41,255 : INFO : EventManager : Unordered handler for class <Auditor> on event game_ended with priority 1. Handlers: [RegisteredHandler(callback=<bound method Auditor.disable of <Auditor>>, priority=1, kwargs={}, key=UUID('d4f6922b-a9ac-45d1-8ec9-e2ef5b463687'), condition=None, blocking_facility=None), RegisteredHandler(callback=<bound method Auditor._save_audits of <Auditor>>, priority=1, kwargs={}, key=UUID('c9511183-da80-487b-8184-5a19a2e2dabf'), condition=None, blocking_facility=None)]. The order of those handlers is not defined and they will be executed in random order. This might lead to race conditions and potential bugs.
2025-10-26 19:39:41,262 : INFO : EventManager : Event: ======'mode_base_starting'====== Args={'queue': <QueuedEvent>, 'player': 1, 'ball': 1, 'balls_remaining': 2, 'is_extra_ball': False}
2025-10-26 19:39:41,263 : INFO : drop_target_bank.three_bank : All targets are already up. Will not reset bank.
2025-10-26 19:39:41,263 : INFO : EventManager : Event: ======'balls_in_play'====== Args={'balls': 1}
2025-10-26 19:39:41,264 : INFO : EventManager : Event: ======'ball_started'====== Args={'player': 1, 'ball': 1, 'balls_remaining': 2, 'is_extra_ball': False}
2025-10-26 19:39:41,264 : INFO : EventManager : Event: ======'logicblock_qualify_chcheckitout_multiball_updated'====== Args={'value': 0, 'enabled': True}
2025-10-26 19:39:41,264 : INFO : EventManager : Event: ======'logicblock_completed_modes_count_updated'====== Args={'value': 0, 'enabled': True}
2025-10-26 19:39:41,265 : INFO : EventManager : Event: ======'logicblock_qualify_chcheckitout_multiball_updated'====== Args={'value': 0, 'enabled': True}
2025-10-26 19:39:41,265 : INFO : EventManager : Event: ======'logicblock_chcheckitout_multiball_ready_updated'====== Args={'value': 0, 'enabled': False}
2025-10-26 19:39:41,265 : INFO : EventManager : Event: ======'logicblock_drop_target_bank_counter_updated'====== Args={'value': 0, 'enabled': False}
2025-10-26 19:39:41,265 : INFO : EventManager : Event: ======'logicblock_completed_modes_count_updated'====== Args={'value': 0, 'enabled': True}
2025-10-26 19:39:41,265 : INFO : Mode.base : Started. Priority: 100
2025-10-26 19:39:41,265 : INFO : EventManager : Event: ======'modes_active_modes_changed'====== Args={}
2025-10-26 19:39:41,265 : INFO : EventManager : Event: ======'mode_base_started'====== Args={'queue': <QueuedEvent>, 'player': 1, 'ball': 1, 'balls_remaining': 2, 'is_extra_ball': False}
2025-10-26 19:39:41,267 : INFO : EventManager : Event: ======'mode_skill_shot_will_start'====== Args={'player': 1, 'ball': 1, 'balls_remaining': 2, 'is_extra_ball': False}
2025-10-26 19:39:41,268 : INFO : EventManager : Event: ======'player_shot_skillshot_side_targets_enabled'====== Args={'value': True, 'prev_value': 0, 'change': 1, 'player_num': 1}
2025-10-26 19:39:41,269 : INFO : EventManager : Event: ======'player_shot_skillshot_drop_targets_enabled'====== Args={'value': True, 'prev_value': 0, 'change': 1, 'player_num': 1}
2025-10-26 19:39:41,270 : INFO : EventManager : Event: ======'player_shot_skillshot_hideout_plunge_enabled'====== Args={'value': True, 'prev_value': 0, 'change': 1, 'player_num': 1}
2025-10-26 19:39:41,270 : INFO : EventManager : Event: ======'player_shot_skillshot_left_outlane_enabled'====== Args={'value': True, 'prev_value': 0, 'change': 1, 'player_num': 1}
2025-10-26 19:39:41,271 : INFO : EventManager : Event: ======'player_shot_skillshot_super_enabled'====== Args={'value': True, 'prev_value': 0, 'change': 1, 'player_num': 1}
2025-10-26 19:39:41,271 : INFO : EventManager : Event: ======'skillshot_complete'====== Args={'state': 'off'}
2025-10-26 19:39:41,271 : INFO : EventManager : Event: ======'skillshot_off_complete'====== Args={}
2025-10-26 19:39:41,272 : INFO : EventManager : Event: ======'player_skill_shot_skill_shot_timeout_tick'====== Args={'value': 0, 'prev_value': 0, 'change': 0, 'player_num': 1}
2025-10-26 19:39:41,273 : INFO : EventManager : Unordered handler for class <timer.skill_shot_timeout> on event ball_starting with priority 1. Handlers: [RegisteredHandler(callback=<bound method Timer.reset of <timer.skill_shot_timeout>>, priority=1, kwargs={}, key=UUID('46f598b6-ff8f-4a74-ae40-5087cf7a944b'), condition=None, blocking_facility=None), RegisteredHandler(callback=<bound method Timer.pause of <timer.skill_shot_timeout>>, priority=1, kwargs={'timer_value': None}, key=UUID('7874036f-9550-4be7-8427-6db2dc4305b8'), condition=None, blocking_facility=None)]. The order of those handlers is not defined and they will be executed in random order. This might lead to race conditions and potential bugs.
2025-10-26 19:39:41,274 : INFO : EventManager : Event: ======'mode_skill_shot_starting'====== Args={'player': 1, 'ball': 1, 'balls_remaining': 2, 'is_extra_ball': False}
2025-10-26 19:39:41,274 : INFO : EventManager : Event: ======'logicblock_drop_target_bank_counter_updated'====== Args={'value': 0, 'enabled': True}
2025-10-26 19:39:41,274 : INFO : EventManager : Event: ======'logicblock_qualify_chcheckitout_multiball_updated'====== Args={'value': 0, 'enabled': True}
2025-10-26 19:39:41,276 : INFO : EventManager : Event: ======'logicblock_chcheckitout_multiball_ready_updated'====== Args={'value': 0, 'enabled': False}
2025-10-26 19:39:41,276 : INFO : EventManager : Event: ======'player_multiball_blocking_flag'====== Args={'value': 0, 'prev_value': 0, 'change': 0, 'player_num': 1, 'source': 'base'}
2025-10-26 19:39:41,276 : INFO : EventManager : Event: ======'player_mode_blocking_flag'====== Args={'value': 0, 'prev_value': 0, 'change': 0, 'player_num': 1, 'source': 'base'}
2025-10-26 19:39:41,276 : INFO : EventManager : Event: ======'player_player_drop_target_bank_counter_count'====== Args={'value': 0, 'prev_value': 0, 'change': 0, 'player_num': 1, 'source': 'base'}
2025-10-26 19:39:41,278 : INFO : EventManager : Event: ======'player_drop_target_bank_counter_count'====== Args={'value': 0, 'prev_value': 0, 'change': 0, 'player_num': 1, 'source': 'base'}
2025-10-26 19:39:41,279 : INFO : EventManager : Event: ======'mode_multiball_will_start'====== Args={'queue': <QueuedEvent>, 'player': 1, 'ball': 1, 'balls_remaining': 2, 'is_extra_ball': False}
2025-10-26 19:39:41,285 : INFO : EventManager : Event: ======'mode_multiball_starting'====== Args={'queue': <QueuedEvent>, 'player': 1, 'ball': 1, 'balls_remaining': 2, 'is_extra_ball': False}
2025-10-26 19:39:41,285 : INFO : EventManager : Event: ======'mode_carousel_will_start'====== Args={'queue': <QueuedEvent>, 'player': 1, 'ball': 1, 'balls_remaining': 2, 'is_extra_ball': False}
2025-10-26 19:39:41,287 : INFO : EventManager : Event: ======'mode_carousel_starting'====== Args={'queue': <QueuedEvent>, 'player': 1, 'ball': 1, 'balls_remaining': 2, 'is_extra_ball': False}
2025-10-26 19:39:41,289 : INFO : EventManager : Event: ======'ball_save_default_enabled'====== Args={}
2025-10-26 19:39:41,291 : INFO : Mode.carousel : Started. Priority: 200
2025-10-26 19:39:41,291 : INFO : EventManager : Event: ======'modes_active_modes_changed'====== Args={}
2025-10-26 19:39:41,291 : INFO : EventManager : Event: ======'mode_carousel_started'====== Args={'queue': <QueuedEvent>, 'player': 1, 'ball': 1, 'balls_remaining': 2, 'is_extra_ball': False}
2025-10-26 19:39:41,293 : INFO : EventManager : Event: ======'item_highlighted'====== Args={'carousel': 'carousel', 'direction': None, 'item': 'intergalactic'}
2025-10-26 19:39:41,295 : INFO : Mode.skill_shot : Started. Priority: 500
2025-10-26 19:39:41,295 : INFO : EventManager : Event: ======'modes_active_modes_changed'====== Args={}
2025-10-26 19:39:41,295 : INFO : EventManager : Event: ======'mode_skill_shot_started'====== Args={'player': 1, 'ball': 1, 'balls_remaining': 2, 'is_extra_ball': False}
2025-10-26 19:39:41,296 : INFO : EventManager : Event: ======'advance_skill_left_outlane'====== Args={'player': 1, 'ball': 1, 'balls_remaining': 2, 'is_extra_ball': False}
2025-10-26 19:39:41,297 : INFO : EventManager : Event: ======'player_shot_skillshot_left_outlane'====== Args={'value': 1, 'prev_value': 0, 'change': 1, 'player_num': 1}
2025-10-26 19:39:41,299 : INFO : EventManager : Event: ======'logicblock_completing_chcheckitout_jackpots_updated'====== Args={'value': [False, False, False, False], 'enabled': True}
2025-10-26 19:39:41,299 : INFO : EventManager : Event: ======'logicblock_completing_chcheckitout_jackpots_updated'====== Args={'value': [False, False, False, False], 'enabled': True}
2025-10-26 19:39:41,299 : INFO : EventManager : Event: ======'logicblock_chcheckitout_superjackpot_updated'====== Args={'value': 0, 'enabled': False}
2025-10-26 19:39:41,299 : INFO : EventManager : Event: ======'logicblock_chcheckitout_leftorbit_jackpot_updated'====== Args={'value': 0, 'enabled': False}
2025-10-26 19:39:41,300 : INFO : EventManager : Event: ======'logicblock_chcheckitout_leftramp_jackpot_updated'====== Args={'value': 0, 'enabled': False}
2025-10-26 19:39:41,300 : INFO : EventManager : Event: ======'logicblock_chcheckitout_rightramp_jackpot_updated'====== Args={'value': 0, 'enabled': False}
2025-10-26 19:39:41,300 : INFO : EventManager : Event: ======'logicblock_chcheckitout_rightorbit_jackpot_updated'====== Args={'value': 0, 'enabled': False}
2025-10-26 19:39:41,300 : INFO : Mode.multiball : Started. Priority: 1000
2025-10-26 19:39:41,301 : INFO : EventManager : Event: ======'modes_active_modes_changed'====== Args={}
2025-10-26 19:39:41,301 : INFO : EventManager : Event: ======'mode_multiball_started'====== Args={'queue': <QueuedEvent>, 'player': 1, 'ball': 1, 'balls_remaining': 2, 'is_extra_ball': False}
2025-10-26 19:39:41,301 : INFO : EventManager : Event: ======'single_player_ball_started'====== Args={}
2025-10-26 19:39:41,322 : INFO : EventManager : Event: ======'ball_start_target'====== Args={'target': 'playfield'}
2025-10-26 19:39:41,323 : INFO : EventManager : Event: ======'slide_base_created'====== Args={'_from_bcp': True}
2025-10-26 19:39:41,325 : INFO : EventManager : Event: ======'slide_score_overlay_created'====== Args={'_from_bcp': True}
2025-10-26 19:39:41,325 : INFO : EventManager : Event: ======'slide_attract_load_inactive'====== Args={'is_removing': True, '_from_bcp': True}
2025-10-26 19:39:41,325 : INFO : EventManager : Event: ======'slide_score_overlay_active'====== Args={'original_context': 'base', 'original_calling_context': 'mode_base_started', 'priority': 100.0, 'queue': '<QueuedEvent>', 'player': 1.0, 'ball': 1.0, 'balls_remaining': 2.0, 'is_extra_ball': False, 'cmd': 'slides_play', '_from_bcp': True}
2025-10-26 19:39:41,326 : INFO : ball_device.bd_plunger : Setting up player-controlled eject. Balls: 1, Target: <playfield.playfield>, player_controlled_eject_event: None
2025-10-26 19:39:41,327 : INFO : EventManager : Event: ======'balldevice_balls_available'====== Args={}
2025-10-26 19:39:41,327 : INFO : EventManager : Event: ======'play_base_video1'====== Args={'_from_bcp': True}
2025-10-26 19:39:41,329 : INFO : EventManager : Event: ======'slide_attract_load_removed'====== Args={'_from_bcp': True}
2025-10-26 19:39:41,330 : INFO : ball_device.bd_trough : State: waiting_for_target_ready
2025-10-26 19:39:41,331 : INFO : EventManager : Event: ======'balldevice_bd_trough_ball_eject_attempt'====== Args={'balls': 1, 'target': <ball_device.bd_plunger>, 'source': <ball_device.bd_trough>, 'mechanical_eject': True, 'num_attempts': 0}
2025-10-26 19:39:41,331 : INFO : ball_device.bd_plunger : State: waiting_for_ball
2025-10-26 19:39:41,332 : INFO : ball_device.bd_trough : State: ejecting
2025-10-26 19:39:41,333 : INFO : ball_device.bd_trough : Ejecting ball to <ball_device.bd_plunger>
2025-10-26 19:39:41,333 : INFO : EventManager : Event: ======'balldevice_bd_trough_ejecting_ball'====== Args={'balls': 1, 'target': <ball_device.bd_plunger>, 'source': <ball_device.bd_trough>, 'mechanical_eject': True, 'num_attempts': 0}
2025-10-26 19:39:41,334 : INFO : ball_device.bd_trough : Wait for ball to leave device
2025-10-26 19:39:41,335 : INFO : coil.c_trough_eject : Pulsing Driver for 20ms (1.0 pulse_power)
2025-10-26 19:39:41,336 : INFO : SwitchController : <<<<<<< 's_trough1' inactive >>>>>>>
2025-10-26 19:39:41,340 : INFO : EventManager : Event: ======'slide_current_mode_highlighted_created'====== Args={'_from_bcp': True}
2025-10-26 19:39:41,341 : INFO : ball_device.bd_trough : State: ball_left
2025-10-26 19:39:41,342 : INFO : ball_device.bd_trough : Ball left
2025-10-26 19:39:41,342 : INFO : ball_device.bd_trough : Wait for confirm with timeout 3.0
2025-10-26 19:39:41,430 : INFO : SwitchController : <<<<<<< 's_plunger' active >>>>>>>
2025-10-26 19:39:41,430 : INFO : EventManager : Event: ======'machine_var_audits_switches_s_plunger'====== Args={'value': 1321, 'prev_value': 1320, 'change': 1}
2025-10-26 19:39:41,628 : INFO : EventManager : Event: ======'slide_skillshot_overlay_created'====== Args={'_from_bcp': True}
2025-10-26 19:39:41,643 : INFO : EventManager : Event: ======'slide_basevideo1_created'====== Args={'_from_bcp': True}
2025-10-26 19:39:41,928 : INFO : ball_device.bd_plunger : Received ball from <ball_device.bd_trough>
2025-10-26 19:39:41,928 : INFO : EventManager : Event: ======'balldevice_bd_plunger_ball_enter'====== Args={'new_balls': 1, 'unclaimed_balls': 0, 'new_available_balls': 0, 'device': <ball_device.bd_plunger>}
2025-10-26 19:39:41,929 : INFO : EventManager : Event: ======'balldevice_bd_plunger_ball_entered'====== Args={'new_balls': 0, 'device': <ball_device.bd_plunger>}
2025-10-26 19:39:41,930 : INFO : EventManager : Event: ======'balldevice_bd_plunger_ball_count_changed'====== Args={'balls': 1}
2025-10-26 19:39:41,931 : INFO : ball_device.bd_trough : Got eject confirm
2025-10-26 19:39:41,931 : INFO : ball_device.bd_trough : Eject successful
2025-10-26 19:39:41,931 : INFO : EventManager : Event: ======'balldevice_bd_trough_ball_eject_success'====== Args={'balls': 1, 'target': <ball_device.bd_plunger>}
2025-10-26 19:39:41,931 : INFO : EventManager : Event: ======'balldevice_bd_trough_ball_count_changed'====== Args={'balls': 5}
2025-10-26 19:39:41,932 : INFO : ball_device.bd_trough : State: idle
2025-10-26 19:39:41,932 : INFO : ball_device.bd_plunger : State: waiting_for_target_ready
2025-10-26 19:39:41,932 : INFO : EventManager : Event: ======'balldevice_bd_plunger_ball_eject_attempt'====== Args={'balls': 1, 'target': <playfield.playfield>, 'source': <ball_device.bd_plunger>, 'mechanical_eject': True, 'num_attempts': 0}
2025-10-26 19:39:41,933 : INFO : ball_device.bd_plunger : State: ejecting
2025-10-26 19:39:41,933 : INFO : ball_device.bd_plunger : Ejecting ball to <playfield.playfield>
2025-10-26 19:39:41,933 : INFO : EventManager : Event: ======'balldevice_bd_plunger_ejecting_ball'====== Args={'balls': 1, 'target': <playfield.playfield>, 'source': <ball_device.bd_plunger>, 'mechanical_eject': True, 'num_attempts': 0}
2025-10-26 19:39:41,936 : INFO : ball_device.bd_plunger : Wait for ball to leave device
2025-10-26 19:39:42,248 : INFO : SwitchController : <<<<<<< 's_plunger' inactive >>>>>>>
2025-10-26 19:39:42,248 : INFO : EventManager : Event: ======'ball_out'====== Args={}
2025-10-26 19:39:42,249 : INFO : EventManager : Event: ======'ball_save_default_timer_start'====== Args={}
2025-10-26 19:39:42,253 : INFO : ball_device.bd_plunger : State: ball_left
2025-10-26 19:39:42,255 : INFO : ball_device.bd_plunger : Ball left
2025-10-26 19:39:42,255 : INFO : ball_device.bd_plunger : Wait for confirm with timeout 3.0
2025-10-26 19:39:44,805 : INFO : SwitchController : <<<<<<< 's_three_bank_bottom' active >>>>>>>
2025-10-26 19:39:44,805 : INFO : EventManager : Event: ======'playfield_active'====== Args={'source': 'skillshot_drop_targets'}
2025-10-26 19:39:44,805 : INFO : EventManager : Event: ======'playfield_active'====== Args={'source': 'bottom_drop'}
2025-10-26 19:39:44,805 : INFO : EventManager : Event: ======'s_three_bank_bottom_active'====== Args={}
2025-10-26 19:39:44,805 : INFO : EventManager : Event: ======'playfield_active'====== Args={'source': 'bottom'}
2025-10-26 19:39:44,806 : INFO : EventManager : Event: ======'drop_target_bottom_down'====== Args={'device': <drop_target.bottom>}
2025-10-26 19:39:44,806 : INFO : EventManager : Event: ======'drop_target_bank_three_bank_mixed'====== Args={'prev_value': <DropTargetBankState.UP: 'up'>, 'down': 1}
2025-10-26 19:39:44,806 : INFO : EventManager : Event: ======'machine_var_audits_switches_s_three_bank_bottom'====== Args={'value': 534, 'prev_value': 533, 'change': 1}
2025-10-26 19:39:44,807 : INFO : EventManager : Event: ======'player_shot_skillshot_drop_targets'====== Args={'value': 1, 'prev_value': 0, 'change': 1, 'player_num': 1}
2025-10-26 19:39:44,808 : INFO : EventManager : Event: ======'machine_var_audits_shots_skillshot_drop_targets'====== Args={'value': 106, 'prev_value': 105, 'change': 1}
2025-10-26 19:39:44,809 : INFO : EventManager : Event: ======'skillshot_drop_targets_hit'====== Args={'profile': 'skill_shot_profile', 'state': 'off', 'advancing': True}
2025-10-26 19:39:44,809 : INFO : EventManager : Event: ======'skillshot_drop_targets_skill_shot_profile_hit'====== Args={'profile': 'skill_shot_profile', 'state': 'off', 'advancing': True}
2025-10-26 19:39:44,809 : INFO : EventManager : Event: ======'skillshot_drop_targets_skill_shot_profile_off_hit'====== Args={'profile': 'skill_shot_profile', 'state': 'off', 'advancing': True}
2025-10-26 19:39:44,811 : INFO : EventManager : Event: ======'skillshot_drop_targets_off_hit'====== Args={'profile': 'skill_shot_profile', 'state': 'off', 'advancing': True}
2025-10-26 19:39:44,811 : INFO : EventManager : Event: ======'machine_var_audits_shots_bottom_drop'====== Args={'value': 41, 'prev_value': 40, 'change': 1}
2025-10-26 19:39:44,811 : INFO : EventManager : Event: ======'bottom_drop_hit'====== Args={'profile': 'base_shot_profile', 'state': 'off', 'advancing': False}
2025-10-26 19:39:44,811 : INFO : EventManager : Event: ======'bottom_drop_base_shot_profile_hit'====== Args={'profile': 'base_shot_profile', 'state': 'off', 'advancing': False}
2025-10-26 19:39:44,812 : INFO : EventManager : Event: ======'bottom_drop_base_shot_profile_off_hit'====== Args={'profile': 'base_shot_profile', 'state': 'off', 'advancing': False}
2025-10-26 19:39:44,812 : INFO : EventManager : Event: ======'bottom_drop_off_hit'====== Args={'profile': 'base_shot_profile', 'state': 'off', 'advancing': False}
2025-10-26 19:39:44,812 : INFO : EventManager : Event: ======'player_score'====== Args={'value': 2220, 'prev_value': 0, 'change': 2220, 'player_num': 1, 'source': 'base'}
2025-10-26 19:39:44,813 : INFO : EventManager : Event: ======'skillshot_hit'====== Args={'shot': 'skillshot_drop_targets'}
2025-10-26 19:39:44,813 : INFO : EventManager : Event: ======'skillshot_off_hit'====== Args={'shot': 'skillshot_drop_targets'}
2025-10-26 19:39:44,813 : INFO : EventManager : Event: ======'mode_skill_shot_will_stop'====== Args={}
2025-10-26 19:39:44,813 : INFO : EventManager : Event: ======'mode_skill_shot_stopping'====== Args={}
2025-10-26 19:39:44,815 : INFO : Mode.skill_shot : Stopped.
2025-10-26 19:39:44,816 : INFO : EventManager : Event: ======'modes_active_modes_changed'====== Args={}
2025-10-26 19:39:44,816 : INFO : EventManager : Event: ======'mode_skill_shot_stopped'====== Args={}
2025-10-26 19:39:44,816 : INFO : EventManager : Event: ======'clear'====== Args={'key': 'skill_shot'}
2025-10-26 19:39:44,817 : INFO : Timer.skill_shot_timeout : Stopping Timer
2025-10-26 19:39:44,817 : INFO : EventManager : Event: ======'timer_skill_shot_timeout_stopped'====== Args={'ticks': 0, 'ticks_remaining': 0}
2025-10-26 19:39:44,872 : INFO : ball_device.bd_plunger : Got eject confirm
2025-10-26 19:39:44,872 : INFO : ball_device.bd_plunger : Eject successful
2025-10-26 19:39:44,872 : INFO : EventManager : Event: ======'balldevice_bd_plunger_ball_eject_success'====== Args={'balls': 1, 'target': <playfield.playfield>}
2025-10-26 19:39:44,873 : INFO : EventManager : Event: ======'slide_skillshot_overlay_removed'====== Args={'_from_bcp': True}
2025-10-26 19:39:44,873 : INFO : EventManager : Event: ======'balldevice_playfield_ball_enter'====== Args={'new_balls': 1, 'unclaimed_balls': 1, 'device': <playfield.playfield>}
2025-10-26 19:39:44,874 : INFO : EventManager : Event: ======'playfield_ball_count_change'====== Args={'balls': 1, 'change': 1}
2025-10-26 19:39:44,874 : INFO : EventManager : Event: ======'balldevice_bd_plunger_ball_count_changed'====== Args={'balls': 0}
2025-10-26 19:39:44,874 : INFO : ball_device.bd_plunger : State: idle
2025-10-26 19:39:45,261 : INFO : EventManager : Event: ======'ball_save_default_hurry_up'====== Args={}
2025-10-26 19:39:46,321 : INFO : SwitchController : <<<<<<< 's_three_bank_middle' active >>>>>>>
2025-10-26 19:39:46,321 : INFO : EventManager : Event: ======'s_three_bank_middle_active'====== Args={}
2025-10-26 19:39:46,321 : INFO : EventManager : Event: ======'drop_target_middle_down'====== Args={'device': <drop_target.middle>}
2025-10-26 19:39:46,322 : INFO : EventManager : Event: ======'drop_target_bank_three_bank_mixed'====== Args={'prev_value': <DropTargetBankState.MIXED: 'mixed'>, 'down': 2}
2025-10-26 19:39:46,322 : INFO : EventManager : Event: ======'machine_var_audits_switches_s_three_bank_middle'====== Args={'value': 566, 'prev_value': 565, 'change': 1}
2025-10-26 19:39:46,323 : INFO : EventManager : Event: ======'machine_var_audits_shots_middle_drop'====== Args={'value': 34, 'prev_value': 33, 'change': 1}
2025-10-26 19:39:46,323 : INFO : EventManager : Event: ======'middle_drop_hit'====== Args={'profile': 'base_shot_profile', 'state': 'off', 'advancing': False}
2025-10-26 19:39:46,324 : INFO : EventManager : Event: ======'middle_drop_base_shot_profile_hit'====== Args={'profile': 'base_shot_profile', 'state': 'off', 'advancing': False}
2025-10-26 19:39:46,324 : INFO : EventManager : Event: ======'middle_drop_base_shot_profile_off_hit'====== Args={'profile': 'base_shot_profile', 'state': 'off', 'advancing': False}
2025-10-26 19:39:46,324 : INFO : EventManager : Event: ======'middle_drop_off_hit'====== Args={'profile': 'base_shot_profile', 'state': 'off', 'advancing': False}
2025-10-26 19:39:46,324 : INFO : EventManager : Event: ======'player_score'====== Args={'value': 4440, 'prev_value': 2220, 'change': 2220, 'player_num': 1, 'source': 'base'}
2025-10-26 19:39:46,903 : INFO : SwitchController : <<<<<<< 's_three_bank_top' active >>>>>>>
2025-10-26 19:39:46,903 : INFO : EventManager : Event: ======'s_three_bank_top_active'====== Args={}
2025-10-26 19:39:46,903 : INFO : EventManager : Event: ======'drop_target_top_down'====== Args={'device': <drop_target.top>}
2025-10-26 19:39:46,904 : INFO : EventManager : Event: ======'drop_target_bank_three_bank_down'====== Args={}
2025-10-26 19:39:46,905 : INFO : EventManager : Event: ======'machine_var_audits_switches_s_three_bank_top'====== Args={'value': 645, 'prev_value': 644, 'change': 1}
2025-10-26 19:39:46,907 : INFO : EventManager : Event: ======'machine_var_audits_shots_top_drop'====== Args={'value': 107, 'prev_value': 106, 'change': 1}
2025-10-26 19:39:46,908 : INFO : EventManager : Event: ======'top_drop_hit'====== Args={'profile': 'base_shot_profile', 'state': 'off', 'advancing': False}
2025-10-26 19:39:46,908 : INFO : EventManager : Event: ======'top_drop_base_shot_profile_hit'====== Args={'profile': 'base_shot_profile', 'state': 'off', 'advancing': False}
2025-10-26 19:39:46,908 : INFO : EventManager : Event: ======'top_drop_base_shot_profile_off_hit'====== Args={'profile': 'base_shot_profile', 'state': 'off', 'advancing': False}
2025-10-26 19:39:46,908 : INFO : EventManager : Event: ======'top_drop_off_hit'====== Args={'profile': 'base_shot_profile', 'state': 'off', 'advancing': False}
2025-10-26 19:39:46,909 : INFO : EventManager : Event: ======'player_score'====== Args={'value': 6660, 'prev_value': 4440, 'change': 2220, 'player_num': 1, 'source': 'base'}
2025-10-26 19:39:46,912 : INFO : EventManager : Event: ======'logicblock_drop_target_bank_counter_updated'====== Args={'value': 1, 'enabled': True}
2025-10-26 19:39:46,912 : INFO : EventManager : Event: ======'counter_drop_target_bank_counter_hit'====== Args={'count': 1, 'hits': 1, 'remaining': 0}
2025-10-26 19:39:46,913 : INFO : EventManager : Event: ======'logicblock_drop_target_bank_counter_hit'====== Args={'count': 1, 'hits': 1, 'remaining': 0}
2025-10-26 19:39:46,913 : INFO : EventManager : Event: ======'chcheckitout_multiball_qualified'====== Args={}
2025-10-26 19:39:46,913 : INFO : EventManager : Event: ======'player_drop_target_bank_counter_count'====== Args={'value': 1, 'prev_value': 0, 'change': 1, 'player_num': 1, 'source': 'base'}
2025-10-26 19:39:46,917 : INFO : EventManager : Event: ======'logicblock_qualify_chcheckitout_multiball_updated'====== Args={'value': 1, 'enabled': True}
2025-10-26 19:39:46,917 : INFO : EventManager : Event: ======'logicblock_qualify_chcheckitout_multiball_hit'====== Args={'step': 1}
2025-10-26 19:39:46,918 : INFO : EventManager : Event: ======'drops_standup_start_multiball'====== Args={}
2025-10-26 19:39:46,918 : INFO : EventManager : Event: ======'logicblock_qualify_chcheckitout_multiball_updated'====== Args={'value': 0, 'enabled': True}
2025-10-26 19:39:46,918 : INFO : EventManager : Event: ======'logicblock_chcheckitout_multiball_ready_updated'====== Args={'value': 0, 'enabled': True}
2025-10-26 19:39:47,262 : INFO : EventManager : Event: ======'ball_save_default_grace_period'====== Args={}
2025-10-26 19:39:47,886 : INFO : drop_target_bank.three_bank : 3 targets are down. Will reset those.
2025-10-26 19:39:47,886 : INFO : coil.c_three_bank : Pulsing Driver for 23ms (1.0 pulse_power)
2025-10-26 19:39:47,948 : INFO : SwitchController : <<<<<<< 's_three_bank_bottom' inactive (muted) >>>>>>>
2025-10-26 19:39:47,949 : INFO : SwitchController : <<<<<<< 's_three_bank_middle' inactive (muted) >>>>>>>
2025-10-26 19:39:47,950 : INFO : SwitchController : <<<<<<< 's_three_bank_top' inactive (muted) >>>>>>>
2025-10-26 19:39:48,386 : INFO : EventManager : Event: ======'drop_target_bottom_up'====== Args={'device': <drop_target.bottom>}
2025-10-26 19:39:48,386 : INFO : EventManager : Event: ======'drop_target_middle_up'====== Args={'device': <drop_target.middle>}
2025-10-26 19:39:48,387 : INFO : EventManager : Event: ======'drop_target_top_up'====== Args={'device': <drop_target.top>}
2025-10-26 19:39:48,388 : INFO : EventManager : Event: ======'drop_target_bank_three_bank_up'====== Args={}
2025-10-26 19:39:49,239 : INFO : EventManager : Event: ======'ball_save_default_disabled'====== Args={}
2025-10-26 19:39:56,499 : INFO : Machine : Shutting down...
2025-10-26 19:39:56,499 : INFO : EventManager : Event: ======'shutdown'====== Args={}
2025-10-26 19:39:56,500 : INFO : EventManager : Event: ======'mode_service_will_stop'====== Args={}
2025-10-26 19:39:56,500 : INFO : EventManager : Event: ======'mode_service_stopping'====== Args={}
2025-10-26 19:39:56,502 : INFO : Mode.service : Stopped.
2025-10-26 19:39:56,502 : INFO : EventManager : Event: ======'modes_active_modes_changed'====== Args={}
2025-10-26 19:39:56,502 : INFO : EventManager : Event: ======'mode_service_stopped'====== Args={}
2025-10-26 19:39:56,502 : INFO : EventManager : Event: ======'clear'====== Args={'key': 'service'}
2025-10-26 19:39:56,504 : INFO : EventManager : Event: ======'mode_game_will_stop'====== Args={}
2025-10-26 19:39:56,504 : INFO : EventManager : Event: ======'mode_game_stopping'====== Args={}
2025-10-26 19:39:56,505 : INFO : EventManager : Event: ======'mode_multiball_will_stop'====== Args={}
2025-10-26 19:39:56,505 : INFO : EventManager : Event: ======'mode_multiball_stopping'====== Args={}
2025-10-26 19:39:56,505 : INFO : EventManager : Event: ======'mode_carousel_will_stop'====== Args={}
2025-10-26 19:39:56,505 : INFO : EventManager : Event: ======'mode_carousel_stopping'====== Args={}
2025-10-26 19:39:56,506 : INFO : EventManager : Event: ======'mode_base_will_stop'====== Args={}
2025-10-26 19:39:56,506 : INFO : EventManager : Event: ======'mode_base_stopping'====== Args={}
2025-10-26 19:39:56,506 : INFO : Mode.base : Stopped.
2025-10-26 19:39:56,507 : INFO : EventManager : Event: ======'modes_active_modes_changed'====== Args={}
2025-10-26 19:39:56,508 : INFO : EventManager : Event: ======'mode_base_stopped'====== Args={}
2025-10-26 19:39:56,508 : INFO : EventManager : Event: ======'clear'====== Args={'key': 'base'}
2025-10-26 19:39:56,511 : INFO : Timer.chcheckitoutfinish_widget_timer : Stopping Timer
2025-10-26 19:39:56,512 : INFO : EventManager : Event: ======'timer_chcheckitoutfinish_widget_timer_stopped'====== Args={'ticks': 0, 'ticks_remaining': 0}
2025-10-26 19:39:56,513 : INFO : Mode.carousel : Stopped.
2025-10-26 19:39:56,513 : INFO : EventManager : Event: ======'modes_active_modes_changed'====== Args={}
2025-10-26 19:39:56,514 : INFO : EventManager : Event: ======'mode_carousel_stopped'====== Args={}
2025-10-26 19:39:56,514 : INFO : EventManager : Event: ======'clear'====== Args={'key': 'carousel'}
2025-10-26 19:39:56,514 : INFO : Mode.multiball : Stopped.
2025-10-26 19:39:56,514 : INFO : EventManager : Event: ======'modes_active_modes_changed'====== Args={}
2025-10-26 19:39:56,514 : INFO : EventManager : Event: ======'mode_multiball_stopped'====== Args={}
2025-10-26 19:39:56,514 : INFO : EventManager : Event: ======'clear'====== Args={'key': 'multiball'}
2025-10-26 19:39:56,515 : INFO : Mode.game : Stopped.
2025-10-26 19:39:56,516 : INFO : EventManager : Event: ======'modes_active_modes_changed'====== Args={}
2025-10-26 19:39:56,516 : INFO : EventManager : Event: ======'mode_game_stopped'====== Args={}
2025-10-26 19:39:56,516 : INFO : EventManager : Event: ======'clear'====== Args={'key': 'game'}
2025-10-26 19:39:56,524 : INFO : root : MPF run loop ended.
