2025-12-15 19:32:28,568 : INFO : root : Loading config.
2025-12-15 19:32:28,573 : INFO : YamlMultifileConfigLoader : Machine config file #1: config.yaml
2025-12-15 19:32:28,574 : INFO : ConfigProcessor : Loading config from cache: C:\Users\sdona\AppData\Local\Temp\19f6d0d7953982fda9d956182316b8e5.mpf_cache
2025-12-15 19:32:28,691 : WARNING : ConfigProcessor : Config file in cache changed: C:\venv\mpf\mmmdrop\modes\attract\config\attract.yaml
2025-12-15 19:32:28,691 : INFO : ConfigProcessor : Loading config from file c:\venv\mpf\lib\site-packages\mpf\modes\attract\config\attract.yaml.
2025-12-15 19:32:28,706 : INFO : ConfigProcessor : Loading config: c:\venv\mpf\lib\site-packages\mpf\modes\attract\config\attract.yaml
2025-12-15 19:32:28,706 : INFO : ConfigProcessor : Loading config from file C:\venv\mpf\mmmdrop\modes\attract\config\attract.yaml.
2025-12-15 19:32:28,713 : INFO : ConfigProcessor : Loading config: C:\venv\mpf\mmmdrop\modes\attract\config\attract.yaml
2025-12-15 19:32:28,715 : INFO : ConfigProcessor : Config file cache created: C:\Users\sdona\AppData\Local\Temp\835b5bfea4be8b279a05e96caaaffbbb.mpf_cache
2025-12-15 19:32:28,715 : INFO : ConfigProcessor : Loading config from cache: C:\Users\sdona\AppData\Local\Temp\9b0a7575388f9d9bd2f6ab87bf9fd2f7.mpf_cache
2025-12-15 19:32:28,717 : INFO : ConfigProcessor : Loading config from cache: C:\Users\sdona\AppData\Local\Temp\c340ec0033d1055cd797ffd5447ef414.mpf_cache
2025-12-15 19:32:28,718 : INFO : ConfigProcessor : Loading config from cache: C:\Users\sdona\AppData\Local\Temp\835b5bfea4be8b279a05e96caaaffbbb.mpf_cache
2025-12-15 19:32:28,734 : INFO : ConfigProcessor : Loading config from cache: C:\Users\sdona\AppData\Local\Temp\8c11a28e3c38d4ad47947b6a126f2ee9.mpf_cache
2025-12-15 19:32:28,735 : INFO : ConfigProcessor : Loading config from cache: C:\Users\sdona\AppData\Local\Temp\e391083cdc9e667060411fe5838e93f2.mpf_cache
2025-12-15 19:32:28,737 : INFO : ConfigProcessor : Loading config from cache: C:\Users\sdona\AppData\Local\Temp\f0c219a993d891ee86dcb7eae47dde67.mpf_cache
2025-12-15 19:32:28,738 : INFO : ConfigProcessor : Loading config from cache: C:\Users\sdona\AppData\Local\Temp\96aa58108928490b129531848cd9b506.mpf_cache
2025-12-15 19:32:28,739 : INFO : ConfigProcessor : Loading config from cache: C:\Users\sdona\AppData\Local\Temp\567636b9d9766e3361204e954a8382da.mpf_cache
2025-12-15 19:32:28,739 : INFO : ConfigProcessor : Loading config from cache: C:\Users\sdona\AppData\Local\Temp\d5ead8dff868c6c4b1faf37537a19bc2.mpf_cache
2025-12-15 19:32:28,740 : INFO : ConfigProcessor : Loading config from cache: C:\Users\sdona\AppData\Local\Temp\112f935d1c2002cb40d3e6e497be9e7c.mpf_cache
2025-12-15 19:32:28,741 : INFO : ConfigProcessor : Loading config from cache: C:\Users\sdona\AppData\Local\Temp\aba0711976820dea629bb4c00b006efc.mpf_cache
2025-12-15 19:32:28,742 : INFO : ConfigProcessor : Loading config from cache: C:\Users\sdona\AppData\Local\Temp\de8ed6c6d4c48d1b5b054ff74222cb35.mpf_cache
2025-12-15 19:32:28,743 : INFO : ConfigProcessor : Loading config from cache: C:\Users\sdona\AppData\Local\Temp\5db6c64b0c3bca58d6bbb0f959e933ad.mpf_cache
2025-12-15 19:32:28,744 : INFO : ConfigProcessor : Loading config from cache: C:\Users\sdona\AppData\Local\Temp\3eebd8fc985a6907aa555c0256177d6c.mpf_cache
2025-12-15 19:32:28,744 : INFO : ConfigProcessor : Loading config from cache: C:\Users\sdona\AppData\Local\Temp\7f047f20ee2604e573d0056474eb225c.mpf_cache
2025-12-15 19:32:28,746 : INFO : ConfigProcessor : Loading config from cache: C:\Users\sdona\AppData\Local\Temp\7cbf965458447bfe6339fd0c6d804285.mpf_cache
2025-12-15 19:32:28,747 : INFO : ConfigProcessor : Loading config from cache: C:\Users\sdona\AppData\Local\Temp\c09cbc2eb967f07064f0c7aeb253df93.mpf_cache
2025-12-15 19:32:28,747 : INFO : ConfigProcessor : Loading config from cache: C:\Users\sdona\AppData\Local\Temp\3e3e819377c518a390ee259f491dfb06.mpf_cache
2025-12-15 19:32:28,749 : INFO : ConfigProcessor : Loading config from cache: C:\Users\sdona\AppData\Local\Temp\1bbdf2c973c297bc3add8824c296f9ca.mpf_cache
2025-12-15 19:32:28,750 : INFO : ConfigProcessor : Loading config from cache: C:\Users\sdona\AppData\Local\Temp\8743abc5a0185ade0d9653d9d4dd60e6.mpf_cache
2025-12-15 19:32:28,751 : INFO : ConfigProcessor : Loading config from cache: C:\Users\sdona\AppData\Local\Temp\bc1a93e04317e488751dae7b5251780b.mpf_cache
2025-12-15 19:32:28,752 : INFO : ConfigProcessor : Loading config from cache: C:\Users\sdona\AppData\Local\Temp\8a267c6d1ad3bd205388d8363e4a5749.mpf_cache
2025-12-15 19:32:28,768 : INFO : ConfigProcessor : Loading config from cache: C:\Users\sdona\AppData\Local\Temp\e6b55d6a1c06b0dd6369c964181bf8d3.mpf_cache
2025-12-15 19:32:28,770 : INFO : ConfigProcessor : Loading config from cache: C:\Users\sdona\AppData\Local\Temp\c400bf69dd848f9ec4f3356496b25a78.mpf_cache
2025-12-15 19:32:28,771 : INFO : ConfigProcessor : Loading config from cache: C:\Users\sdona\AppData\Local\Temp\b5a54abfbba58cd6005650aabe85cb35.mpf_cache
2025-12-15 19:32:28,772 : INFO : ConfigProcessor : Loading config from cache: C:\Users\sdona\AppData\Local\Temp\2eef6648f7190b215d7c16d8157b8208.mpf_cache
2025-12-15 19:32:28,772 : INFO : ConfigProcessor : Loading config from cache: C:\Users\sdona\AppData\Local\Temp\5a7ad07f75832c2fa569d8508186f943.mpf_cache
2025-12-15 19:32:28,773 : INFO : ConfigProcessor : Loading config from cache: C:\Users\sdona\AppData\Local\Temp\b9cf3f1e934d5266c0035de47faec02b.mpf_cache
2025-12-15 19:32:28,773 : INFO : ConfigProcessor : Loading config from cache: C:\Users\sdona\AppData\Local\Temp\711653a87803a851864824c720cfa295.mpf_cache
2025-12-15 19:32:28,774 : INFO : ConfigProcessor : Loading config from cache: C:\Users\sdona\AppData\Local\Temp\b049f3bb793752455511c0ce4851dcec.mpf_cache
2025-12-15 19:32:28,774 : INFO : ConfigProcessor : Loading config from cache: C:\Users\sdona\AppData\Local\Temp\67d6cae7afaea6fe987e87f8d3a3ea21.mpf_cache
2025-12-15 19:32:28,775 : INFO : ConfigProcessor : Loading config from cache: C:\Users\sdona\AppData\Local\Temp\dce98d0c8129174f78168c3f3b9d3db8.mpf_cache
2025-12-15 19:32:28,775 : INFO : ConfigProcessor : Loading config from cache: C:\Users\sdona\AppData\Local\Temp\141b19e6c0168c485bbb38b6543175a8.mpf_cache
2025-12-15 19:32:28,775 : INFO : ConfigProcessor : Loading config from cache: C:\Users\sdona\AppData\Local\Temp\ada3b5b562837d919d62b9df0d0de8d3.mpf_cache
2025-12-15 19:32:28,777 : INFO : ConfigProcessor : Loading config from cache: C:\Users\sdona\AppData\Local\Temp\4e6dd3b0a361d042ad5ab93a8cc8b437.mpf_cache
2025-12-15 19:32:28,778 : INFO : ConfigProcessor : Loading config from cache: C:\Users\sdona\AppData\Local\Temp\e97c871403fe82070ff249d62d7cfe22.mpf_cache
2025-12-15 19:32:28,778 : INFO : ConfigProcessor : Loading config from cache: C:\Users\sdona\AppData\Local\Temp\64b6da5876f56fc970400d85dfe882ec.mpf_cache
2025-12-15 19:32:28,779 : INFO : ConfigProcessor : Loading config from cache: C:\Users\sdona\AppData\Local\Temp\c5a11fc9367393a964e333a780e846f7.mpf_cache
2025-12-15 19:32:28,779 : INFO : ConfigProcessor : Loading config from cache: C:\Users\sdona\AppData\Local\Temp\2816335dd466496617c9461f091e66f7.mpf_cache
2025-12-15 19:32:28,780 : INFO : ConfigProcessor : Loading config from cache: C:\Users\sdona\AppData\Local\Temp\6359f7257429add2d261e94bcafd60d5.mpf_cache
2025-12-15 19:32:28,781 : INFO : ConfigProcessor : Loading config from cache: C:\Users\sdona\AppData\Local\Temp\e1f034e230342bd5fff9d9c9df707a6d.mpf_cache
2025-12-15 19:32:28,781 : INFO : ConfigProcessor : Loading config from cache: C:\Users\sdona\AppData\Local\Temp\bed2bac5ea254e8ca98f6dd45e865fd8.mpf_cache
2025-12-15 19:32:28,782 : INFO : ConfigProcessor : Loading config from cache: C:\Users\sdona\AppData\Local\Temp\48e8797b77339ec89f8005d20046fbbb.mpf_cache
2025-12-15 19:32:28,782 : INFO : ConfigProcessor : Loading config from cache: C:\Users\sdona\AppData\Local\Temp\b0b8ed4dbd306ac2f063788d81ec6bc4.mpf_cache
2025-12-15 19:32:28,784 : INFO : ConfigProcessor : Loading config from cache: C:\Users\sdona\AppData\Local\Temp\98b42cbd2eba7845afea8d7862634639.mpf_cache
2025-12-15 19:32:28,785 : INFO : ConfigProcessor : Loading config from cache: C:\Users\sdona\AppData\Local\Temp\44893055a228bb5e0381bfc6f9c0abd7.mpf_cache
2025-12-15 19:32:28,786 : INFO : ConfigProcessor : Loading config from cache: C:\Users\sdona\AppData\Local\Temp\2042660f443afc84f0703d0905ba54ee.mpf_cache
2025-12-15 19:32:28,786 : INFO : ConfigProcessor : Loading config from cache: C:\Users\sdona\AppData\Local\Temp\ecb35127b61fe2c3f803378f52b53af8.mpf_cache
2025-12-15 19:32:28,787 : INFO : ConfigProcessor : Loading config from cache: C:\Users\sdona\AppData\Local\Temp\a453bc519324a010fc5f97d23b1d6283.mpf_cache
2025-12-15 19:32:28,788 : INFO : ConfigProcessor : Loading config from cache: C:\Users\sdona\AppData\Local\Temp\e134e8f85ba8fa9c3d7f1500ca292437.mpf_cache
2025-12-15 19:32:28,789 : INFO : ConfigProcessor : Loading config from cache: C:\Users\sdona\AppData\Local\Temp\b24b6909ee6e0520126bbce60d1ed210.mpf_cache
2025-12-15 19:32:28,789 : INFO : ConfigProcessor : Loading config from cache: C:\Users\sdona\AppData\Local\Temp\cba807ea4a81180f6dd01afffacec8ed.mpf_cache
2025-12-15 19:32:28,791 : INFO : ConfigProcessor : Loading config from cache: C:\Users\sdona\AppData\Local\Temp\1ea2aa0876194c7260510f0845fe4bfe.mpf_cache
2025-12-15 19:32:28,791 : INFO : ConfigProcessor : Loading config from cache: C:\Users\sdona\AppData\Local\Temp\a173d53041ed6761e8719c2951eee9e5.mpf_cache
2025-12-15 19:32:28,792 : INFO : ConfigProcessor : Loading config from cache: C:\Users\sdona\AppData\Local\Temp\f071e720e1ef2a753ced60502153911a.mpf_cache
2025-12-15 19:32:28,793 : INFO : ConfigProcessor : Loading config from cache: C:\Users\sdona\AppData\Local\Temp\a464c65b0880a71dbe3e02b1f7271abd.mpf_cache
2025-12-15 19:32:28,793 : INFO : ConfigProcessor : Loading config from cache: C:\Users\sdona\AppData\Local\Temp\b4bf5fa77bdb26872f42159f572a3499.mpf_cache
2025-12-15 19:32:28,795 : INFO : ConfigProcessor : Loading config from cache: C:\Users\sdona\AppData\Local\Temp\cd6f6abb19272a94675a232f8f899ac9.mpf_cache
2025-12-15 19:32:28,796 : INFO : ConfigProcessor : Loading config from cache: C:\Users\sdona\AppData\Local\Temp\5c997126cef538283363f6706780c8e5.mpf_cache
2025-12-15 19:32:28,796 : INFO : ConfigProcessor : Loading config from cache: C:\Users\sdona\AppData\Local\Temp\51c405745738281c3f5e2edc082329f1.mpf_cache
2025-12-15 19:32:28,796 : INFO : ConfigProcessor : Loading config from cache: C:\Users\sdona\AppData\Local\Temp\cbc61a9ec21d345237ebbced62572970.mpf_cache
2025-12-15 19:32:28,797 : INFO : ConfigProcessor : Loading config from cache: C:\Users\sdona\AppData\Local\Temp\c25e7c71bc90546538d4e68911be6658.mpf_cache
2025-12-15 19:32:28,798 : INFO : ConfigProcessor : Loading config from cache: C:\Users\sdona\AppData\Local\Temp\b7a51086f1e3c926b3977a0d025a1faa.mpf_cache
2025-12-15 19:32:28,798 : INFO : ConfigProcessor : Loading config from cache: C:\Users\sdona\AppData\Local\Temp\479eb3ca656e084fa2e092204a5b8039.mpf_cache
2025-12-15 19:32:28,800 : INFO : ConfigProcessor : Loading config from cache: C:\Users\sdona\AppData\Local\Temp\bdb81eccbf19551abd8bea5fafeca7c0.mpf_cache
2025-12-15 19:32:28,800 : INFO : ConfigProcessor : Loading config from cache: C:\Users\sdona\AppData\Local\Temp\8f065719b93e886777277178babee650.mpf_cache
2025-12-15 19:32:28,801 : INFO : ConfigProcessor : Loading config from cache: C:\Users\sdona\AppData\Local\Temp\7fef0463a0df344c3146c845257ec616.mpf_cache
2025-12-15 19:32:28,802 : INFO : ConfigProcessor : Loading config from cache: C:\Users\sdona\AppData\Local\Temp\a4f333ad36a077996c49298642b6bdcf.mpf_cache
2025-12-15 19:32:28,803 : INFO : ConfigProcessor : Loading config from cache: C:\Users\sdona\AppData\Local\Temp\e8d69d74f27089cda2650299e9916804.mpf_cache
2025-12-15 19:32:28,804 : INFO : ConfigProcessor : Loading config from cache: C:\Users\sdona\AppData\Local\Temp\05530f35bd950f18d27d3fd571d96823.mpf_cache
2025-12-15 19:32:28,805 : INFO : ConfigProcessor : Loading config from cache: C:\Users\sdona\AppData\Local\Temp\fc1e3f85304c911eb844eb65d36e61be.mpf_cache
2025-12-15 19:32:28,805 : INFO : ConfigProcessor : Loading config from cache: C:\Users\sdona\AppData\Local\Temp\53223d3922288729ee504c1b2a98bb55.mpf_cache
2025-12-15 19:32:28,806 : INFO : ConfigProcessor : Loading config from cache: C:\Users\sdona\AppData\Local\Temp\8d20136ddb274338050d1d1ccc1a5e4f.mpf_cache
2025-12-15 19:32:28,807 : INFO : ConfigProcessor : Loading config from cache: C:\Users\sdona\AppData\Local\Temp\1254d50720d6d5d0da0e84e29cdbaa7a.mpf_cache
2025-12-15 19:32:28,808 : INFO : ConfigProcessor : Loading config from cache: C:\Users\sdona\AppData\Local\Temp\1a7ae31e9f779b1261e3d1eee1831b27.mpf_cache
2025-12-15 19:32:28,809 : INFO : ConfigProcessor : Loading config from cache: C:\Users\sdona\AppData\Local\Temp\8e3ea42c38f2105e0d9462648474c540.mpf_cache
2025-12-15 19:32:28,809 : INFO : ConfigProcessor : Loading config from cache: C:\Users\sdona\AppData\Local\Temp\a61b86d39bcc5a5ea0a5885549542355.mpf_cache
2025-12-15 19:32:28,811 : INFO : ConfigProcessor : Loading config from cache: C:\Users\sdona\AppData\Local\Temp\0be197154604f4b199c224fe0066296a.mpf_cache
2025-12-15 19:32:28,812 : INFO : ConfigProcessor : Loading config from cache: C:\Users\sdona\AppData\Local\Temp\8be1835d379617cb3def36e5084020f6.mpf_cache
2025-12-15 19:32:28,812 : INFO : ConfigProcessor : Loading config from cache: C:\Users\sdona\AppData\Local\Temp\600d86d9f0ce58b92a4c456466b707cc.mpf_cache
2025-12-15 19:32:28,813 : INFO : ConfigProcessor : Loading config from cache: C:\Users\sdona\AppData\Local\Temp\3b8a30babd008550b0699281f52ed27a.mpf_cache
2025-12-15 19:32:28,813 : INFO : ConfigProcessor : Loading config from cache: C:\Users\sdona\AppData\Local\Temp\1605f6efa0d082cac196fbacc374bc42.mpf_cache
2025-12-15 19:32:28,814 : INFO : ConfigProcessor : Loading config from cache: C:\Users\sdona\AppData\Local\Temp\7e2767447a32b13b699b93d64e0ad4e1.mpf_cache
2025-12-15 19:32:28,815 : INFO : ConfigProcessor : Loading config from cache: C:\Users\sdona\AppData\Local\Temp\2afc3d032f598172139245ac02c70f84.mpf_cache
2025-12-15 19:32:28,815 : INFO : ConfigProcessor : Loading config from cache: C:\Users\sdona\AppData\Local\Temp\ec387031d703ca01cd1e512f54ea45a6.mpf_cache
2025-12-15 19:32:28,817 : INFO : ConfigProcessor : Loading config from cache: C:\Users\sdona\AppData\Local\Temp\6060c5cf25a8bbaedfcd18b580aef368.mpf_cache
2025-12-15 19:32:28,818 : INFO : ConfigProcessor : Loading config from cache: C:\Users\sdona\AppData\Local\Temp\62ef5d872b70fca48f955a2e25312807.mpf_cache
2025-12-15 19:32:28,819 : INFO : ConfigProcessor : Loading config from cache: C:\Users\sdona\AppData\Local\Temp\c52aca253ccfb6abe708ff6ee9d67c14.mpf_cache
2025-12-15 19:32:28,819 : INFO : ConfigProcessor : Loading config from cache: C:\Users\sdona\AppData\Local\Temp\f4a78d1a7bce952f8a932d586083fdd8.mpf_cache
2025-12-15 19:32:28,820 : INFO : ConfigProcessor : Loading config from cache: C:\Users\sdona\AppData\Local\Temp\bb94c9c1e15d87765c90f1ffc77705c9.mpf_cache
2025-12-15 19:32:28,821 : INFO : ConfigProcessor : Loading config from cache: C:\Users\sdona\AppData\Local\Temp\9d4ee1bead7c17d1b5b361b9a86c5113.mpf_cache
2025-12-15 19:32:28,822 : INFO : ConfigProcessor : Loading config from cache: C:\Users\sdona\AppData\Local\Temp\9eeb681ca391f55fc1b328483a35afc6.mpf_cache
2025-12-15 19:32:28,823 : INFO : ConfigProcessor : Loading config from cache: C:\Users\sdona\AppData\Local\Temp\019a5133c8eb0a0be84c7200575a8bf2.mpf_cache
2025-12-15 19:32:28,823 : INFO : ConfigProcessor : Loading config from cache: C:\Users\sdona\AppData\Local\Temp\ce0801e7c3c55e24fe9cf2e243ba629e.mpf_cache
2025-12-15 19:32:28,824 : INFO : ConfigProcessor : Loading config from cache: C:\Users\sdona\AppData\Local\Temp\1ecbcaf9f778e10bebb5864384a052b1.mpf_cache
2025-12-15 19:32:28,825 : INFO : ConfigProcessor : Loading config from cache: C:\Users\sdona\AppData\Local\Temp\9b344eb280fe382fefe59edea2f1176a.mpf_cache
2025-12-15 19:32:28,827 : INFO : ConfigProcessor : Loading config from cache: C:\Users\sdona\AppData\Local\Temp\ac821f52899dc68030dd952fdacc88a6.mpf_cache
2025-12-15 19:32:28,827 : INFO : ConfigProcessor : Loading config from cache: C:\Users\sdona\AppData\Local\Temp\6ba912a63b7c348f0f92fd7751916e09.mpf_cache
2025-12-15 19:32:28,828 : INFO : ConfigProcessor : Loading config from cache: C:\Users\sdona\AppData\Local\Temp\dd9dffa1d18960178033f021f1e04e5f.mpf_cache
2025-12-15 19:32:28,828 : INFO : ConfigProcessor : Loading config from cache: C:\Users\sdona\AppData\Local\Temp\5405df938f7ef9af99b1c654cacd899d.mpf_cache
2025-12-15 19:32:28,829 : INFO : ConfigProcessor : Loading config from cache: C:\Users\sdona\AppData\Local\Temp\856582d286ed2569cf4ebe5e0a18a6ab.mpf_cache
2025-12-15 19:32:28,830 : INFO : Machine : Mission Pinball Framework Core Engine v0.80.0.dev9
2025-12-15 19:32:28,830 : INFO : Machine : Command line arguments: {'no_load_cache': False, 'create_config_cache': True, 'bcp': True, 'configfile': ['config.yaml'], 'force_assets_load': False, 'platform_integration_test': False, 'jsonlogging': False, 'logfile': 'logs\\2025-12-15-19-32-28-mpf-PinballLaptop.log', 'pause': False, 'production': False, 'text_ui': True, 'loglevel': 15, 'consoleloglevel': 20, 'force_platform': 'smart_virtual', 'syslog_address': None, 'full_logfile_path': 'C:\\venv\\mpf\\mmmdrop\\logs\\2025-12-15-19-32-28-mpf-PinballLaptop.log'}
2025-12-15 19:32:28,830 : INFO : Machine : MPF path: c:\venv\mpf\lib\site-packages\mpf
2025-12-15 19:32:28,830 : INFO : Machine : Machine path: C:\venv\mpf\mmmdrop
2025-12-15 19:32:28,830 : INFO : Machine : Platform: win32
2025-12-15 19:32:28,830 : INFO : Machine : Python executable location: c:\venv\mpf\Scripts\python.exe
2025-12-15 19:32:28,830 : INFO : Machine : Python version: 3.9.13 (64-bit)
2025-12-15 19:32:28,832 : INFO : Machine : Initializing MPF...
2025-12-15 19:32:29,046 : INFO : EventManager : Event: ======'machine_var_credits_string'====== Args={'value': 'FREE PLAY', 'prev_value': None, 'change': True}
2025-12-15 19:32:29,077 : INFO : EventManager : Event: ======'machine_var_fast_audio_headphones_volume'====== Args={'value': 10, 'prev_value': None, 'change': True}
2025-12-15 19:32:29,077 : INFO : EventManager : Event: ======'machine_var_fast_audio_main_volume'====== Args={'value': 44, 'prev_value': None, 'change': True}
2025-12-15 19:32:29,077 : INFO : EventManager : Event: ======'machine_var_master_volume'====== Args={'value': 0.65, 'prev_value': None, 'change': True}
2025-12-15 19:32:29,078 : INFO : EventManager : Event: ======'machine_var_player1_score'====== Args={'value': 179589170, 'prev_value': None, 'change': True}
2025-12-15 19:32:29,078 : INFO : EventManager : Event: ======'machine_var_game_just_played'====== Args={'value': 0, 'prev_value': None, 'change': True}
2025-12-15 19:32:29,078 : INFO : EventManager : Event: ======'machine_var_mpf_version'====== Args={'value': 'Mission Pinball Framework v0.80.0.dev9', 'prev_value': None, 'change': True}
2025-12-15 19:32:29,078 : INFO : EventManager : Event: ======'machine_var_mpf_extended_version'====== Args={'value': 'Mission Pinball Framework v0.80.0.dev9, Config version:6, Show version: 6, BCP version:1.1', 'prev_value': None, 'change': True}
2025-12-15 19:32:29,078 : INFO : EventManager : Event: ======'machine_var_python_version'====== Args={'value': '3.9.13', 'prev_value': None, 'change': True}
2025-12-15 19:32:29,109 : INFO : EventManager : Event: ======'machine_var_platform'====== Args={'value': 'Windows-10-10.0.26200-SP0', 'prev_value': None, 'change': True}
2025-12-15 19:32:29,109 : INFO : EventManager : Event: ======'machine_var_platform_system'====== Args={'value': 'Windows', 'prev_value': None, 'change': True}
2025-12-15 19:32:29,109 : INFO : EventManager : Event: ======'machine_var_platform_release'====== Args={'value': '10', 'prev_value': None, 'change': True}
2025-12-15 19:32:29,109 : INFO : EventManager : Event: ======'machine_var_platform_version'====== Args={'value': '10.0.26200', 'prev_value': None, 'change': True}
2025-12-15 19:32:29,109 : INFO : EventManager : Event: ======'machine_var_platform_machine'====== Args={'value': 'AMD64', 'prev_value': None, 'change': True}
2025-12-15 19:32:29,109 : INFO : EventManager : Event: ======'machine_var_log_file_path'====== Args={'value': 'C:\\venv\\mpf\\mmmdrop\\logs\\2025-12-15-19-32-28-mpf-PinballLaptop.log', 'prev_value': None, 'change': True}
2025-12-15 19:32:29,109 : INFO : EventManager : Event: ======'init_phase_1'====== Args={}
2025-12-15 19:32:29,182 : INFO : EventManager : Event: ======'drop_target_bank_three_bank_up'====== Args={}
2025-12-15 19:32:29,184 : INFO : EventManager : Event: ======'init_phase_2'====== Args={}
2025-12-15 19:32:29,184 : INFO : SwitchController : Found active switch: ('3208-0', <Platform.SmartVirtual>) <switch.s_trough1>
2025-12-15 19:32:29,184 : INFO : SwitchController : Found active switch: ('3208-1', <Platform.SmartVirtual>) <switch.s_trough2>
2025-12-15 19:32:29,184 : INFO : SwitchController : Found active switch: ('3208-2', <Platform.SmartVirtual>) <switch.s_trough3>
2025-12-15 19:32:29,184 : INFO : SwitchController : Found active switch: ('3208-3', <Platform.SmartVirtual>) <switch.s_trough4>
2025-12-15 19:32:29,184 : INFO : SwitchController : Found active switch: ('3208-4', <Platform.SmartVirtual>) <switch.s_trough5>
2025-12-15 19:32:29,184 : INFO : SwitchController : Found active switch: ('3208-5', <Platform.SmartVirtual>) <switch.s_trough6>
2025-12-15 19:32:29,224 : INFO : EventManager : Event: ======'bcp_connection_attempt'====== Args={'name': 'local_display', 'host': 'localhost', 'port': 5050}
2025-12-15 19:32:29,226 : INFO : BCPClientSocket : Connecting BCP to 'local_display' at localhost:5050...
2025-12-15 19:32:32,260 : INFO : BCPClientSocket : Connected BCP to 'local_display' localhost:5050
2025-12-15 19:32:32,261 : INFO : EventManager : Event: ======'bcp_clients_connected'====== Args={}
2025-12-15 19:32:32,440 : INFO : ball_device.bd_trough : BCH: Initial count: 6
2025-12-15 19:32:32,442 : INFO : ball_device.bd_trough : State: idle
2025-12-15 19:32:32,443 : INFO : ball_device.bd_plunger : BCH: Initial count: 0
2025-12-15 19:32:32,443 : INFO : ball_device.bd_plunger : State: idle
2025-12-15 19:32:32,443 : INFO : ball_device.bd_scoop : BCH: Initial count: 0
2025-12-15 19:32:32,444 : INFO : ball_device.bd_scoop : State: idle
2025-12-15 19:32:32,461 : INFO : EventManager : Event: ======'init_phase_3'====== Args={}
2025-12-15 19:32:32,509 : INFO : EventManager : Event: ======'init_phase_4'====== Args={}
2025-12-15 19:32:32,509 : INFO : BallController : Initial balls found: 6
2025-12-15 19:32:32,510 : INFO : EventManager : Event: ======'machine_var_audits_events_game_ended'====== Args={'value': 61, 'prev_value': None, 'change': True}
2025-12-15 19:32:32,511 : INFO : EventManager : Event: ======'machine_var_audits_events_game_started'====== Args={'value': 794, 'prev_value': None, 'change': True}
2025-12-15 19:32:32,511 : INFO : EventManager : Event: ======'machine_var_audits_missing_switches_s_captive_ball'====== Args={'value': 17, 'prev_value': None, 'change': True}
2025-12-15 19:32:32,511 : INFO : EventManager : Event: ======'machine_var_audits_missing_switches_s_center_upper_pop'====== Args={'value': 4, 'prev_value': None, 'change': True}
2025-12-15 19:32:32,511 : INFO : EventManager : Event: ======'machine_var_audits_missing_switches_s_left_inlane'====== Args={'value': 104, 'prev_value': None, 'change': True}
2025-12-15 19:32:32,511 : INFO : EventManager : Event: ======'machine_var_audits_missing_switches_s_left_outlane'====== Args={'value': 59, 'prev_value': None, 'change': True}
2025-12-15 19:32:32,511 : INFO : EventManager : Event: ======'machine_var_audits_missing_switches_s_left_slingshot'====== Args={'value': 32, 'prev_value': None, 'change': True}
2025-12-15 19:32:32,511 : INFO : EventManager : Event: ======'machine_var_audits_missing_switches_s_left_upper_pop'====== Args={'value': 6, 'prev_value': None, 'change': True}
2025-12-15 19:32:32,512 : INFO : EventManager : Event: ======'machine_var_audits_missing_switches_s_pop_standup'====== Args={'value': 5, 'prev_value': None, 'change': True}
2025-12-15 19:32:32,512 : INFO : EventManager : Event: ======'machine_var_audits_missing_switches_s_right_inlane'====== Args={'value': 104, 'prev_value': None, 'change': True}
2025-12-15 19:32:32,512 : INFO : EventManager : Event: ======'machine_var_audits_missing_switches_s_right_outlane'====== Args={'value': 104, 'prev_value': None, 'change': True}
2025-12-15 19:32:32,512 : INFO : EventManager : Event: ======'machine_var_audits_missing_switches_s_right_ramp'====== Args={'value': 1, 'prev_value': None, 'change': True}
2025-12-15 19:32:32,512 : INFO : EventManager : Event: ======'machine_var_audits_missing_switches_s_right_slingshot'====== Args={'value': 570, 'prev_value': None, 'change': True}
2025-12-15 19:32:32,512 : INFO : EventManager : Event: ======'machine_var_audits_missing_switches_s_service_down'====== Args={'value': 439, 'prev_value': None, 'change': True}
2025-12-15 19:32:32,512 : INFO : EventManager : Event: ======'machine_var_audits_missing_switches_s_service_enter'====== Args={'value': 188, 'prev_value': None, 'change': True}
2025-12-15 19:32:32,512 : INFO : EventManager : Event: ======'machine_var_audits_missing_switches_s_service_esc'====== Args={'value': 439, 'prev_value': None, 'change': True}
2025-12-15 19:32:32,513 : INFO : EventManager : Event: ======'machine_var_audits_missing_switches_s_service_up'====== Args={'value': 7, 'prev_value': None, 'change': True}
2025-12-15 19:32:32,513 : INFO : EventManager : Event: ======'machine_var_audits_missing_switches_s_start'====== Args={'value': 22, 'prev_value': None, 'change': True}
2025-12-15 19:32:32,513 : INFO : EventManager : Event: ======'machine_var_audits_missing_switches_s_three_bank_bottom'====== Args={'value': 6, 'prev_value': None, 'change': True}
2025-12-15 19:32:32,513 : INFO : EventManager : Event: ======'machine_var_audits_missing_switches_s_three_bank_middle'====== Args={'value': 6, 'prev_value': None, 'change': True}
2025-12-15 19:32:32,513 : INFO : EventManager : Event: ======'machine_var_audits_missing_switches_s_three_bank_standup'====== Args={'value': 7, 'prev_value': None, 'change': True}
2025-12-15 19:32:32,513 : INFO : EventManager : Event: ======'machine_var_audits_missing_switches_s_tilt_bob'====== Args={'value': 17, 'prev_value': None, 'change': True}
2025-12-15 19:32:32,513 : INFO : EventManager : Event: ======'machine_var_audits_missing_switches_s_top_right_flipper'====== Args={'value': 720, 'prev_value': None, 'change': True}
2025-12-15 19:32:32,513 : INFO : EventManager : Event: ======'machine_var_audits_missing_switches_s_trough1'====== Args={'value': 6, 'prev_value': None, 'change': True}
2025-12-15 19:32:32,513 : INFO : EventManager : Event: ======'machine_var_audits_missing_switches_s_trough2'====== Args={'value': 6, 'prev_value': None, 'change': True}
2025-12-15 19:32:32,514 : INFO : EventManager : Event: ======'machine_var_audits_missing_switches_s_trough3'====== Args={'value': 6, 'prev_value': None, 'change': True}
2025-12-15 19:32:32,514 : INFO : EventManager : Event: ======'machine_var_audits_missing_switches_s_trough4'====== Args={'value': 6, 'prev_value': None, 'change': True}
2025-12-15 19:32:32,514 : INFO : EventManager : Event: ======'machine_var_audits_missing_switches_s_trough5'====== Args={'value': 37, 'prev_value': None, 'change': True}
2025-12-15 19:32:32,514 : INFO : EventManager : Event: ======'machine_var_audits_missing_switches_s_trough6'====== Args={'value': 569, 'prev_value': None, 'change': True}
2025-12-15 19:32:32,514 : INFO : EventManager : Event: ======'machine_var_audits_missing_switches_s_trough_jam'====== Args={'value': 720, 'prev_value': None, 'change': True}
2025-12-15 19:32:32,514 : INFO : EventManager : Event: ======'machine_var_audits_missing_switches_s_tshirt_bottom_standup'====== Args={'value': 17, 'prev_value': None, 'change': True}
2025-12-15 19:32:32,514 : INFO : EventManager : Event: ======'machine_var_audits_missing_switches_s_tshirt_top_standup'====== Args={'value': 17, 'prev_value': None, 'change': True}
2025-12-15 19:32:32,514 : INFO : EventManager : Event: ======'machine_var_audits_missing_switches_s_upper_pop_standup'====== Args={'value': 157, 'prev_value': None, 'change': True}
2025-12-15 19:32:32,514 : INFO : EventManager : Event: ======'machine_var_audits_missing_switches_service_esc'====== Args={'value': 1, 'prev_value': None, 'change': True}
2025-12-15 19:32:32,515 : INFO : EventManager : Event: ======'machine_var_audits_player_score'====== Args={'value': {'average': 11737095, 'top': [179589170, 147275560, 142237180, 85092890, 38155360, 32035610, 25030460, 20034230, 6038970, 6022290], 'total': 65}, 'prev_value': None, 'change': True}
2025-12-15 19:32:32,515 : INFO : EventManager : Event: ======'machine_var_audits_shots_bottom_drop'====== Args={'value': 114, 'prev_value': None, 'change': True}
2025-12-15 19:32:32,515 : INFO : EventManager : Event: ======'machine_var_audits_shots_captive_ball'====== Args={'value': 57, 'prev_value': None, 'change': True}
2025-12-15 19:32:32,515 : INFO : EventManager : Event: ======'machine_var_audits_shots_inner_loop'====== Args={'value': 70, 'prev_value': None, 'change': True}
2025-12-15 19:32:32,515 : INFO : EventManager : Event: ======'machine_var_audits_shots_inner_loop_backdoor'====== Args={'value': 1, 'prev_value': None, 'change': True}
2025-12-15 19:32:32,515 : INFO : EventManager : Event: ======'machine_var_audits_shots_left_inlane'====== Args={'value': 34, 'prev_value': None, 'change': True}
2025-12-15 19:32:32,515 : INFO : EventManager : Event: ======'machine_var_audits_shots_left_orbit'====== Args={'value': 50, 'prev_value': None, 'change': True}
2025-12-15 19:32:32,515 : INFO : EventManager : Event: ======'machine_var_audits_shots_left_orbit_backdoor'====== Args={'value': 10, 'prev_value': None, 'change': True}
2025-12-15 19:32:32,515 : INFO : EventManager : Event: ======'machine_var_audits_shots_left_outlane'====== Args={'value': 30, 'prev_value': None, 'change': True}
2025-12-15 19:32:32,516 : INFO : EventManager : Event: ======'machine_var_audits_shots_left_ramp'====== Args={'value': 295, 'prev_value': None, 'change': True}
2025-12-15 19:32:32,516 : INFO : EventManager : Event: ======'machine_var_audits_shots_middle_drop'====== Args={'value': 119, 'prev_value': None, 'change': True}
2025-12-15 19:32:32,516 : INFO : EventManager : Event: ======'machine_var_audits_shots_pop1'====== Args={'value': 27, 'prev_value': None, 'change': True}
2025-12-15 19:32:32,516 : INFO : EventManager : Event: ======'machine_var_audits_shots_pop2'====== Args={'value': 60, 'prev_value': None, 'change': True}
2025-12-15 19:32:32,516 : INFO : EventManager : Event: ======'machine_var_audits_shots_pop3'====== Args={'value': 900, 'prev_value': None, 'change': True}
2025-12-15 19:32:32,516 : INFO : EventManager : Event: ======'machine_var_audits_shots_pop_standup'====== Args={'value': 464, 'prev_value': None, 'change': True}
2025-12-15 19:32:32,516 : INFO : EventManager : Event: ======'machine_var_audits_shots_right_inlane'====== Args={'value': 33, 'prev_value': None, 'change': True}
2025-12-15 19:32:32,516 : INFO : EventManager : Event: ======'machine_var_audits_shots_right_orbit'====== Args={'value': 55, 'prev_value': None, 'change': True}
2025-12-15 19:32:32,516 : INFO : EventManager : Event: ======'machine_var_audits_shots_right_orbit_backdoor'====== Args={'value': 5, 'prev_value': None, 'change': True}
2025-12-15 19:32:32,516 : INFO : EventManager : Event: ======'machine_var_audits_shots_right_outlane'====== Args={'value': 22, 'prev_value': None, 'change': True}
2025-12-15 19:32:32,516 : INFO : EventManager : Event: ======'machine_var_audits_shots_right_ramp'====== Args={'value': 583, 'prev_value': None, 'change': True}
2025-12-15 19:32:32,517 : INFO : EventManager : Event: ======'machine_var_audits_shots_scoop'====== Args={'value': 476, 'prev_value': None, 'change': True}
2025-12-15 19:32:32,517 : INFO : EventManager : Event: ======'machine_var_audits_shots_skill_captive'====== Args={'value': 16, 'prev_value': None, 'change': True}
2025-12-15 19:32:32,517 : INFO : EventManager : Event: ======'machine_var_audits_shots_skill_drop_targets'====== Args={'value': 240, 'prev_value': None, 'change': True}
2025-12-15 19:32:32,517 : INFO : EventManager : Event: ======'machine_var_audits_shots_skill_side_targets'====== Args={'value': 27, 'prev_value': None, 'change': True}
2025-12-15 19:32:32,517 : INFO : EventManager : Event: ======'machine_var_audits_shots_skillshot_drop_targets'====== Args={'value': 371, 'prev_value': None, 'change': True}
2025-12-15 19:32:32,517 : INFO : EventManager : Event: ======'machine_var_audits_shots_skillshot_hideout_plunge'====== Args={'value': 1, 'prev_value': None, 'change': True}
2025-12-15 19:32:32,517 : INFO : EventManager : Event: ======'machine_var_audits_shots_skillshot_left_outlane'====== Args={'value': 3, 'prev_value': None, 'change': True}
2025-12-15 19:32:32,518 : INFO : EventManager : Event: ======'machine_var_audits_shots_skillshot_side_targets'====== Args={'value': 7, 'prev_value': None, 'change': True}
2025-12-15 19:32:32,518 : INFO : EventManager : Event: ======'machine_var_audits_shots_skillshot_super'====== Args={'value': 5, 'prev_value': None, 'change': True}
2025-12-15 19:32:32,518 : INFO : EventManager : Event: ======'machine_var_audits_shots_spinner'====== Args={'value': 2225, 'prev_value': None, 'change': True}
2025-12-15 19:32:32,518 : INFO : EventManager : Event: ======'machine_var_audits_shots_three_bank_standup'====== Args={'value': 48, 'prev_value': None, 'change': True}
2025-12-15 19:32:32,518 : INFO : EventManager : Event: ======'machine_var_audits_shots_toomanyrappers_captiveball'====== Args={'value': 3, 'prev_value': None, 'change': True}
2025-12-15 19:32:32,518 : INFO : EventManager : Event: ======'machine_var_audits_shots_toomanyrappers_leftorbit'====== Args={'value': 7, 'prev_value': None, 'change': True}
2025-12-15 19:32:32,518 : INFO : EventManager : Event: ======'machine_var_audits_shots_toomanyrappers_leftramp'====== Args={'value': 1, 'prev_value': None, 'change': True}
2025-12-15 19:32:32,519 : INFO : EventManager : Event: ======'machine_var_audits_shots_toomanyrappers_rightorbit'====== Args={'value': 19, 'prev_value': None, 'change': True}
2025-12-15 19:32:32,519 : INFO : EventManager : Event: ======'machine_var_audits_shots_toomanyrappers_rightramp'====== Args={'value': 61, 'prev_value': None, 'change': True}
2025-12-15 19:32:32,519 : INFO : EventManager : Event: ======'machine_var_audits_shots_toomanyrappers_scoop'====== Args={'value': 7, 'prev_value': None, 'change': True}
2025-12-15 19:32:32,519 : INFO : EventManager : Event: ======'machine_var_audits_shots_top_drop'====== Args={'value': 403, 'prev_value': None, 'change': True}
2025-12-15 19:32:32,519 : INFO : EventManager : Event: ======'machine_var_audits_shots_tshirt_bottom_standup'====== Args={'value': 79, 'prev_value': None, 'change': True}
2025-12-15 19:32:32,519 : INFO : EventManager : Event: ======'machine_var_audits_shots_tshirt_top_standup'====== Args={'value': 82, 'prev_value': None, 'change': True}
2025-12-15 19:32:32,519 : INFO : EventManager : Event: ======'machine_var_audits_shots_upper_pop_standup'====== Args={'value': 34, 'prev_value': None, 'change': True}
2025-12-15 19:32:32,519 : INFO : EventManager : Event: ======'machine_var_audits_switches_s_captive_ball'====== Args={'value': 262, 'prev_value': None, 'change': True}
2025-12-15 19:32:32,520 : INFO : EventManager : Event: ======'machine_var_audits_switches_s_center_upper_pop'====== Args={'value': 289, 'prev_value': None, 'change': True}
2025-12-15 19:32:32,520 : INFO : EventManager : Event: ======'machine_var_audits_switches_s_inner_orbit'====== Args={'value': 83, 'prev_value': None, 'change': True}
2025-12-15 19:32:32,520 : INFO : EventManager : Event: ======'machine_var_audits_switches_s_left_flipper'====== Args={'value': 1550, 'prev_value': None, 'change': True}
2025-12-15 19:32:32,520 : INFO : EventManager : Event: ======'machine_var_audits_switches_s_left_inlane'====== Args={'value': 145, 'prev_value': None, 'change': True}
2025-12-15 19:32:32,520 : INFO : EventManager : Event: ======'machine_var_audits_switches_s_left_orbit'====== Args={'value': 167, 'prev_value': None, 'change': True}
2025-12-15 19:32:32,520 : INFO : EventManager : Event: ======'machine_var_audits_switches_s_left_outlane'====== Args={'value': 87, 'prev_value': None, 'change': True}
2025-12-15 19:32:32,520 : INFO : EventManager : Event: ======'machine_var_audits_switches_s_left_ramp'====== Args={'value': 429, 'prev_value': None, 'change': True}
2025-12-15 19:32:32,520 : INFO : EventManager : Event: ======'machine_var_audits_switches_s_left_slingshot'====== Args={'value': 260, 'prev_value': None, 'change': True}
2025-12-15 19:32:32,521 : INFO : EventManager : Event: ======'machine_var_audits_switches_s_left_upper_pop'====== Args={'value': 191, 'prev_value': None, 'change': True}
2025-12-15 19:32:32,521 : INFO : EventManager : Event: ======'machine_var_audits_switches_s_plunger'====== Args={'value': 1790, 'prev_value': None, 'change': True}
2025-12-15 19:32:32,521 : INFO : EventManager : Event: ======'machine_var_audits_switches_s_pop_standup'====== Args={'value': 588, 'prev_value': None, 'change': True}
2025-12-15 19:32:32,521 : INFO : EventManager : Event: ======'machine_var_audits_switches_s_right_flipper'====== Args={'value': 2367, 'prev_value': None, 'change': True}
2025-12-15 19:32:32,521 : INFO : EventManager : Event: ======'machine_var_audits_switches_s_right_inlane'====== Args={'value': 141, 'prev_value': None, 'change': True}
2025-12-15 19:32:32,521 : INFO : EventManager : Event: ======'machine_var_audits_switches_s_right_lower_pop'====== Args={'value': 1666, 'prev_value': None, 'change': True}
2025-12-15 19:32:32,521 : INFO : EventManager : Event: ======'machine_var_audits_switches_s_right_orbit'====== Args={'value': 242, 'prev_value': None, 'change': True}
2025-12-15 19:32:32,521 : INFO : EventManager : Event: ======'machine_var_audits_switches_s_right_outlane'====== Args={'value': 75, 'prev_value': None, 'change': True}
2025-12-15 19:32:32,522 : INFO : EventManager : Event: ======'machine_var_audits_switches_s_right_ramp'====== Args={'value': 733, 'prev_value': None, 'change': True}
2025-12-15 19:32:32,522 : INFO : EventManager : Event: ======'machine_var_audits_switches_s_right_slingshot'====== Args={'value': 366, 'prev_value': None, 'change': True}
2025-12-15 19:32:32,522 : INFO : EventManager : Event: ======'machine_var_audits_switches_s_scoop'====== Args={'value': 821, 'prev_value': None, 'change': True}
2025-12-15 19:32:32,522 : INFO : EventManager : Event: ======'machine_var_audits_switches_s_service_down'====== Args={'value': 0, 'prev_value': None, 'change': True}
2025-12-15 19:32:32,522 : INFO : EventManager : Event: ======'machine_var_audits_switches_s_service_enter'====== Args={'value': 1, 'prev_value': None, 'change': True}
2025-12-15 19:32:32,522 : INFO : EventManager : Event: ======'machine_var_audits_switches_s_service_esc'====== Args={'value': 0, 'prev_value': None, 'change': True}
2025-12-15 19:32:32,522 : INFO : EventManager : Event: ======'machine_var_audits_switches_s_service_up'====== Args={'value': 3, 'prev_value': None, 'change': True}
2025-12-15 19:32:32,522 : INFO : EventManager : Event: ======'machine_var_audits_switches_s_spinner'====== Args={'value': 4285, 'prev_value': None, 'change': True}
2025-12-15 19:32:32,523 : INFO : EventManager : Event: ======'machine_var_audits_switches_s_start'====== Args={'value': 76, 'prev_value': None, 'change': True}
2025-12-15 19:32:32,523 : INFO : EventManager : Event: ======'machine_var_audits_switches_s_three_bank_bottom'====== Args={'value': 608, 'prev_value': None, 'change': True}
2025-12-15 19:32:32,523 : INFO : EventManager : Event: ======'machine_var_audits_switches_s_three_bank_middle'====== Args={'value': 654, 'prev_value': None, 'change': True}
2025-12-15 19:32:32,523 : INFO : EventManager : Event: ======'machine_var_audits_switches_s_three_bank_standup'====== Args={'value': 290, 'prev_value': None, 'change': True}
2025-12-15 19:32:32,523 : INFO : EventManager : Event: ======'machine_var_audits_switches_s_three_bank_top'====== Args={'value': 941, 'prev_value': None, 'change': True}
2025-12-15 19:32:32,523 : INFO : EventManager : Event: ======'machine_var_audits_switches_s_tilt_bob'====== Args={'value': 52, 'prev_value': None, 'change': True}
2025-12-15 19:32:32,523 : INFO : EventManager : Event: ======'machine_var_audits_switches_s_top_right_flipper'====== Args={'value': 1294, 'prev_value': None, 'change': True}
2025-12-15 19:32:32,523 : INFO : EventManager : Event: ======'machine_var_audits_switches_s_trough1'====== Args={'value': 462, 'prev_value': None, 'change': True}
2025-12-15 19:32:32,524 : INFO : EventManager : Event: ======'machine_var_audits_switches_s_trough2'====== Args={'value': 363, 'prev_value': None, 'change': True}
2025-12-15 19:32:32,524 : INFO : EventManager : Event: ======'machine_var_audits_switches_s_trough3'====== Args={'value': 287, 'prev_value': None, 'change': True}
2025-12-15 19:32:32,525 : INFO : EventManager : Event: ======'machine_var_audits_switches_s_trough4'====== Args={'value': 187, 'prev_value': None, 'change': True}
2025-12-15 19:32:32,525 : INFO : EventManager : Event: ======'machine_var_audits_switches_s_trough5'====== Args={'value': 162, 'prev_value': None, 'change': True}
2025-12-15 19:32:32,525 : INFO : EventManager : Event: ======'machine_var_audits_switches_s_trough6'====== Args={'value': 161, 'prev_value': None, 'change': True}
2025-12-15 19:32:32,525 : INFO : EventManager : Event: ======'machine_var_audits_switches_s_trough_jam'====== Args={'value': 206, 'prev_value': None, 'change': True}
2025-12-15 19:32:32,525 : INFO : EventManager : Event: ======'machine_var_audits_switches_s_tshirt_bottom_standup'====== Args={'value': 129, 'prev_value': None, 'change': True}
2025-12-15 19:32:32,525 : INFO : EventManager : Event: ======'machine_var_audits_switches_s_tshirt_top_standup'====== Args={'value': 161, 'prev_value': None, 'change': True}
2025-12-15 19:32:32,525 : INFO : EventManager : Event: ======'machine_var_audits_switches_s_upper_pop_standup'====== Args={'value': 208, 'prev_value': None, 'change': True}
2025-12-15 19:32:32,526 : INFO : EventManager : Event: ======'machine_var_audits_switches_service_down'====== Args={'value': 1, 'prev_value': None, 'change': True}
2025-12-15 19:32:32,526 : INFO : EventManager : Event: ======'machine_var_audits_switches_service_enter'====== Args={'value': 2, 'prev_value': None, 'change': True}
2025-12-15 19:32:32,526 : INFO : EventManager : Event: ======'machine_var_audits_switches_service_esc'====== Args={'value': 0, 'prev_value': None, 'change': True}
2025-12-15 19:32:32,526 : INFO : EventManager : Event: ======'machine_var_audits_switches_service_up'====== Args={'value': 2, 'prev_value': None, 'change': True}
2025-12-15 19:32:32,526 : INFO : EventManager : Event: ======'init_phase_5'====== Args={}
2025-12-15 19:32:32,590 : INFO : EventManager : Event: ======'init_done'====== Args={}
2025-12-15 19:32:32,590 : INFO : EventManager : Event: ======'machine_reset_phase_1'====== Args={}
2025-12-15 19:32:32,603 : INFO : EventManager : Event: ======'machine_reset_phase_2'====== Args={}
2025-12-15 19:32:32,603 : INFO : EventManager : Event: ======'game_just_played'====== Args={'priority': 0, 'action': 'set_machine', 'int': 0}
2025-12-15 19:32:32,603 : INFO : EventManager : Event: ======'machine_reset_phase_3'====== Args={}
2025-12-15 19:32:32,604 : INFO : EventManager : Event: ======'mode_tilt_will_start'====== Args={'queue': <QueuedEvent>}
2025-12-15 19:32:32,605 : INFO : EventManager : Event: ======'mode_tilt_starting'====== Args={'queue': <QueuedEvent>}
2025-12-15 19:32:32,605 : INFO : drop_target_bank.three_bank : All targets are already up. Will not reset bank.
2025-12-15 19:32:32,605 : INFO : Mode.tilt : Started. Priority: 1000000
2025-12-15 19:32:32,606 : INFO : EventManager : Event: ======'modes_active_modes_changed'====== Args={}
2025-12-15 19:32:32,606 : INFO : EventManager : Event: ======'mode_tilt_started'====== Args={'queue': <QueuedEvent>}
2025-12-15 19:32:32,606 : INFO : EventManager : Event: ======'reset_complete'====== Args={}
2025-12-15 19:32:32,606 : INFO : EventManager : Event: ======'mode_service_will_start'====== Args={}
2025-12-15 19:32:32,607 : INFO : EventManager : Event: ======'mode_service_starting'====== Args={}
2025-12-15 19:32:32,608 : INFO : EventManager : Event: ======'mode_attract_will_start'====== Args={}
2025-12-15 19:32:32,610 : INFO : Timer.attract_intro_timer : Starting Timer.
2025-12-15 19:32:32,610 : INFO : EventManager : Event: ======'timer_attract_intro_timer_started'====== Args={'ticks': 0, 'ticks_remaining': 16}
2025-12-15 19:32:32,610 : INFO : EventManager : Event: ======'timer_attract_intro_timer_tick'====== Args={'ticks': 0, 'ticks_remaining': 16}
2025-12-15 19:32:32,616 : INFO : EventManager : Event: ======'mode_attract_starting'====== Args={}
2025-12-15 19:32:32,616 : INFO : Mode.service : Started. Priority: 100000
2025-12-15 19:32:32,616 : INFO : EventManager : Event: ======'modes_active_modes_changed'====== Args={}
2025-12-15 19:32:32,616 : INFO : EventManager : Event: ======'mode_service_started'====== Args={}
2025-12-15 19:32:32,636 : INFO : EventManager : Event: ======'logicblock_mca_sequence_updated'====== Args={'value': 0, 'enabled': True}
2025-12-15 19:32:32,636 : INFO : EventManager : Event: ======'logicblock_adr_sequence_updated'====== Args={'value': 0, 'enabled': True}
2025-12-15 19:32:32,636 : INFO : EventManager : Event: ======'logicblock_christmas_sequence_updated'====== Args={'value': 0, 'enabled': True}
2025-12-15 19:32:32,636 : INFO : EventManager : Event: ======'logicblock_mca_sequence_updated'====== Args={'value': 0, 'enabled': True}
2025-12-15 19:32:32,636 : INFO : EventManager : Event: ======'logicblock_adr_sequence_updated'====== Args={'value': 0, 'enabled': True}
2025-12-15 19:32:32,636 : INFO : EventManager : Event: ======'logicblock_christmas_sequence_updated'====== Args={'value': 0, 'enabled': True}
2025-12-15 19:32:32,636 : INFO : Mode.attract : Started. Priority: 10
2025-12-15 19:32:32,636 : INFO : EventManager : Event: ======'modes_active_modes_changed'====== Args={}
2025-12-15 19:32:32,637 : INFO : EventManager : Event: ======'mode_attract_started'====== Args={}
2025-12-15 19:32:32,637 : INFO : EventManager : Event: ======'logicblock_mca_sequence_updated'====== Args={'value': 0, 'enabled': True}
2025-12-15 19:32:32,637 : INFO : EventManager : Event: ======'logicblock_mca_sequence_updated'====== Args={'value': 0, 'enabled': True}
2025-12-15 19:32:32,637 : INFO : EventManager : Event: ======'logicblock_adr_sequence_updated'====== Args={'value': 0, 'enabled': True}
2025-12-15 19:32:32,637 : INFO : EventManager : Event: ======'logicblock_adr_sequence_updated'====== Args={'value': 0, 'enabled': True}
2025-12-15 19:32:32,637 : INFO : EventManager : Event: ======'logicblock_christmas_sequence_updated'====== Args={'value': 0, 'enabled': True}
2025-12-15 19:32:32,637 : INFO : EventManager : Event: ======'logicblock_christmas_sequence_updated'====== Args={'value': 0, 'enabled': True}
2025-12-15 19:32:32,638 : INFO : EventManager : Event: ======'timer_attract_intro_timer_tick'====== Args={'ticks': 0, 'ticks_remaining': 16}
2025-12-15 19:32:32,638 : INFO : EventManager : Event: ======'collecting_balls_complete'====== Args={}
2025-12-15 19:32:32,638 : INFO : EventManager : Event: ======'item_highlighted'====== Args={'carousel': 'attract', 'direction': None, 'item': 'mpf_logo'}
2025-12-15 19:32:32,639 : INFO : Timer.attract_carousel_timer : Starting Timer.
2025-12-15 19:32:32,639 : INFO : EventManager : Event: ======'timer_attract_carousel_timer_started'====== Args={'ticks': 0, 'ticks_remaining': 5}
2025-12-15 19:32:32,639 : INFO : EventManager : Event: ======'timer_attract_carousel_timer_tick'====== Args={'ticks': 0, 'ticks_remaining': 5}
2025-12-15 19:32:32,641 : INFO : EventManager : Event: ======'slide_loading_created'====== Args={'_from_bcp': True}
2025-12-15 19:32:32,641 : INFO : EventManager : Event: ======'slide__removed'====== Args={'_from_bcp': True}
2025-12-15 19:32:32,642 : INFO : EventManager : Event: ======'slide_loading_active'====== Args={'original_context': '_global', 'original_calling_context': 'init_done', 'priority': 0.0, 'cmd': 'slides_play', '_from_bcp': True}
2025-12-15 19:32:32,655 : INFO : Machine : Starting the main run loop with active modes: [<Mode.tilt>, <Mode.service>, <Mode.attract>]
2025-12-15 19:32:32,700 : INFO : EventManager : Event: ======'slide_attract_load_created'====== Args={'_from_bcp': True}
2025-12-15 19:32:32,700 : INFO : EventManager : Event: ======'slide_loading_inactive'====== Args={'is_removing': True, '_from_bcp': True}
2025-12-15 19:32:32,701 : INFO : EventManager : Event: ======'slide_attract_load_active'====== Args={'original_context': 'attract', 'original_calling_context': 'mode_attract_started{machine.game_just_played==0}', 'priority': 10.0, 'cmd': 'slides_play', '_from_bcp': True}
2025-12-15 19:32:32,701 : INFO : EventManager : Event: ======'slide_loading_removed'====== Args={'_from_bcp': True}
2025-12-15 19:32:33,404 : INFO : BcpServer : New client connected.
2025-12-15 19:32:33,636 : INFO : EventManager : Event: ======'timer_attract_intro_timer_tick'====== Args={'ticks': 1, 'ticks_remaining': 15}
2025-12-15 19:32:33,636 : INFO : EventManager : Event: ======'timer_attract_carousel_timer_tick'====== Args={'ticks': 1, 'ticks_remaining': 4}
2025-12-15 19:32:34,648 : INFO : EventManager : Event: ======'timer_attract_intro_timer_tick'====== Args={'ticks': 2, 'ticks_remaining': 14}
2025-12-15 19:32:34,649 : INFO : EventManager : Event: ======'timer_attract_carousel_timer_tick'====== Args={'ticks': 2, 'ticks_remaining': 3}
2025-12-15 19:32:35,632 : INFO : EventManager : Event: ======'timer_attract_intro_timer_tick'====== Args={'ticks': 3, 'ticks_remaining': 13}
2025-12-15 19:32:35,633 : INFO : EventManager : Event: ======'timer_attract_carousel_timer_tick'====== Args={'ticks': 3, 'ticks_remaining': 2}
2025-12-15 19:32:36,635 : INFO : EventManager : Event: ======'timer_attract_intro_timer_tick'====== Args={'ticks': 4, 'ticks_remaining': 12}
2025-12-15 19:32:36,636 : INFO : EventManager : Event: ======'timer_attract_carousel_timer_tick'====== Args={'ticks': 4, 'ticks_remaining': 1}
2025-12-15 19:32:37,632 : INFO : EventManager : Event: ======'timer_attract_intro_timer_tick'====== Args={'ticks': 5, 'ticks_remaining': 11}
2025-12-15 19:32:37,632 : INFO : Timer.attract_carousel_timer : Timer Complete
2025-12-15 19:32:37,632 : INFO : Timer.attract_carousel_timer : Stopping Timer
2025-12-15 19:32:37,633 : INFO : EventManager : Event: ======'timer_attract_carousel_timer_stopped'====== Args={'ticks': 5, 'ticks_remaining': 1}
2025-12-15 19:32:37,633 : INFO : EventManager : Event: ======'timer_attract_carousel_timer_complete'====== Args={'ticks': 5, 'ticks_remaining': 1}
2025-12-15 19:32:37,634 : INFO : EventManager : Event: ======'item_highlighted'====== Args={'carousel': 'attract', 'direction': 'forwards', 'item': 'fast_logo'}
2025-12-15 19:32:37,638 : INFO : Timer.attract_carousel_timer : Starting Timer.
2025-12-15 19:32:37,639 : INFO : EventManager : Event: ======'timer_attract_carousel_timer_started'====== Args={'ticks': 0, 'ticks_remaining': 5}
2025-12-15 19:32:37,639 : INFO : EventManager : Event: ======'timer_attract_carousel_timer_tick'====== Args={'ticks': 0, 'ticks_remaining': 5}
2025-12-15 19:32:38,629 : INFO : EventManager : Event: ======'timer_attract_intro_timer_tick'====== Args={'ticks': 6, 'ticks_remaining': 10}
2025-12-15 19:32:38,629 : INFO : EventManager : Event: ======'timer_attract_carousel_timer_tick'====== Args={'ticks': 1, 'ticks_remaining': 4}
2025-12-15 19:32:39,630 : INFO : EventManager : Event: ======'timer_attract_intro_timer_tick'====== Args={'ticks': 7, 'ticks_remaining': 9}
2025-12-15 19:32:39,630 : INFO : EventManager : Event: ======'timer_attract_carousel_timer_tick'====== Args={'ticks': 2, 'ticks_remaining': 3}
2025-12-15 19:32:40,626 : INFO : EventManager : Event: ======'timer_attract_intro_timer_tick'====== Args={'ticks': 8, 'ticks_remaining': 8}
2025-12-15 19:32:40,628 : INFO : EventManager : Event: ======'timer_attract_carousel_timer_tick'====== Args={'ticks': 3, 'ticks_remaining': 2}
2025-12-15 19:32:41,641 : INFO : EventManager : Event: ======'timer_attract_intro_timer_tick'====== Args={'ticks': 9, 'ticks_remaining': 7}
2025-12-15 19:32:41,641 : INFO : EventManager : Event: ======'timer_attract_carousel_timer_tick'====== Args={'ticks': 4, 'ticks_remaining': 1}
2025-12-15 19:32:42,639 : INFO : EventManager : Event: ======'timer_attract_intro_timer_tick'====== Args={'ticks': 10, 'ticks_remaining': 6}
2025-12-15 19:32:42,640 : INFO : Timer.attract_carousel_timer : Timer Complete
2025-12-15 19:32:42,640 : INFO : Timer.attract_carousel_timer : Stopping Timer
2025-12-15 19:32:42,640 : INFO : EventManager : Event: ======'timer_attract_carousel_timer_stopped'====== Args={'ticks': 5, 'ticks_remaining': 1}
2025-12-15 19:32:42,640 : INFO : EventManager : Event: ======'timer_attract_carousel_timer_complete'====== Args={'ticks': 5, 'ticks_remaining': 1}
2025-12-15 19:32:42,641 : INFO : EventManager : Event: ======'item_highlighted'====== Args={'carousel': 'attract', 'direction': 'forwards', 'item': 'specialthanks'}
2025-12-15 19:32:42,643 : INFO : Timer.attract_carousel_timer : Starting Timer.
2025-12-15 19:32:42,643 : INFO : EventManager : Event: ======'timer_attract_carousel_timer_started'====== Args={'ticks': 0, 'ticks_remaining': 5}
2025-12-15 19:32:42,645 : INFO : EventManager : Event: ======'timer_attract_carousel_timer_tick'====== Args={'ticks': 0, 'ticks_remaining': 5}
2025-12-15 19:32:43,640 : INFO : EventManager : Event: ======'timer_attract_intro_timer_tick'====== Args={'ticks': 11, 'ticks_remaining': 5}
2025-12-15 19:32:43,640 : INFO : EventManager : Event: ======'timer_attract_carousel_timer_tick'====== Args={'ticks': 1, 'ticks_remaining': 4}
2025-12-15 19:32:44,625 : INFO : EventManager : Event: ======'timer_attract_intro_timer_tick'====== Args={'ticks': 12, 'ticks_remaining': 4}
2025-12-15 19:32:44,626 : INFO : EventManager : Event: ======'timer_attract_carousel_timer_tick'====== Args={'ticks': 2, 'ticks_remaining': 3}
2025-12-15 19:32:45,624 : INFO : EventManager : Event: ======'timer_attract_intro_timer_tick'====== Args={'ticks': 13, 'ticks_remaining': 3}
2025-12-15 19:32:45,626 : INFO : EventManager : Event: ======'timer_attract_carousel_timer_tick'====== Args={'ticks': 3, 'ticks_remaining': 2}
2025-12-15 19:32:46,648 : INFO : EventManager : Event: ======'timer_attract_intro_timer_tick'====== Args={'ticks': 14, 'ticks_remaining': 2}
2025-12-15 19:32:46,649 : INFO : EventManager : Event: ======'timer_attract_carousel_timer_tick'====== Args={'ticks': 4, 'ticks_remaining': 1}
2025-12-15 19:32:47,632 : INFO : EventManager : Event: ======'timer_attract_intro_timer_tick'====== Args={'ticks': 15, 'ticks_remaining': 1}
2025-12-15 19:32:47,632 : INFO : Timer.attract_carousel_timer : Timer Complete
2025-12-15 19:32:47,633 : INFO : Timer.attract_carousel_timer : Stopping Timer
2025-12-15 19:32:47,633 : INFO : EventManager : Event: ======'timer_attract_carousel_timer_stopped'====== Args={'ticks': 5, 'ticks_remaining': 1}
2025-12-15 19:32:47,633 : INFO : EventManager : Event: ======'timer_attract_carousel_timer_complete'====== Args={'ticks': 5, 'ticks_remaining': 1}
2025-12-15 19:32:47,634 : INFO : EventManager : Event: ======'item_highlighted'====== Args={'carousel': 'attract', 'direction': 'forwards', 'item': 'credits'}
2025-12-15 19:32:47,636 : INFO : Timer.attract_carousel_timer : Starting Timer.
2025-12-15 19:32:47,636 : INFO : EventManager : Event: ======'timer_attract_carousel_timer_started'====== Args={'ticks': 0, 'ticks_remaining': 5}
2025-12-15 19:32:47,636 : INFO : EventManager : Event: ======'timer_attract_carousel_timer_tick'====== Args={'ticks': 0, 'ticks_remaining': 5}
2025-12-15 19:32:48,639 : INFO : Timer.attract_intro_timer : Timer Complete
2025-12-15 19:32:48,640 : INFO : Timer.attract_intro_timer : Stopping Timer
2025-12-15 19:32:48,640 : INFO : EventManager : Event: ======'timer_attract_intro_timer_stopped'====== Args={'ticks': 16, 'ticks_remaining': 1}
2025-12-15 19:32:48,640 : INFO : EventManager : Event: ======'timer_attract_intro_timer_complete'====== Args={'ticks': 16, 'ticks_remaining': 1}
2025-12-15 19:32:48,640 : INFO : EventManager : Event: ======'timer_attract_carousel_timer_tick'====== Args={'ticks': 1, 'ticks_remaining': 4}
2025-12-15 19:32:48,669 : INFO : EventManager : Event: ======'slide_attract_created'====== Args={'_from_bcp': True}
2025-12-15 19:32:48,670 : INFO : EventManager : Event: ======'slide_attract_load_inactive'====== Args={'is_removing': True, '_from_bcp': True}
2025-12-15 19:32:48,671 : INFO : EventManager : Event: ======'slide_attract_active'====== Args={'original_context': 'attract', 'original_calling_context': 'timer_attract_intro_timer_complete{machine.game_just_played==0}', 'priority': 10.0, 'ticks': 16.0, 'ticks_remaining': 1.0, 'cmd': 'slides_play', '_from_bcp': True}
2025-12-15 19:32:48,678 : INFO : EventManager : Event: ======'slide_attract_load_removed'====== Args={'_from_bcp': True}
2025-12-15 19:32:49,573 : INFO : SwitchController : <<<<<<< 's_right_flipper' active >>>>>>>
2025-12-15 19:32:49,573 : INFO : EventManager : Event: ======'s_right_flipper_active'====== Args={}
2025-12-15 19:32:49,575 : INFO : EventManager : Event: ======'item_highlighted'====== Args={'carousel': 'attract', 'direction': 'forwards', 'item': 'pressstart'}
2025-12-15 19:32:49,576 : INFO : EventManager : Event: ======'logicblock_mca_sequence_updated'====== Args={'value': 1, 'enabled': True}
2025-12-15 19:32:49,576 : INFO : EventManager : Event: ======'logicblock_mca_sequence_hit'====== Args={'step': 1}
2025-12-15 19:32:49,576 : INFO : EventManager : Event: ======'logicblock_adr_sequence_updated'====== Args={'value': 1, 'enabled': True}
2025-12-15 19:32:49,577 : INFO : EventManager : Event: ======'logicblock_adr_sequence_hit'====== Args={'step': 1}
2025-12-15 19:32:49,577 : INFO : EventManager : Event: ======'logicblock_christmas_sequence_updated'====== Args={'value': 1, 'enabled': True}
2025-12-15 19:32:49,577 : INFO : EventManager : Event: ======'logicblock_christmas_sequence_hit'====== Args={'step': 1}
2025-12-15 19:32:49,577 : INFO : EventManager : Event: ======'timer_attract_carousel_timer_tick'====== Args={'ticks': 0, 'ticks_remaining': 5}
2025-12-15 19:32:49,593 : INFO : EventManager : Event: ======'widget_attract_pressstart_active'====== Args={'original_context': 'attract', 'original_calling_context': 'item_highlighted{item=="pressstart"}', 'priority': 10.0, 'carousel': 'attract', 'direction': 'forwards', 'item': 'pressstart', 'cmd': 'widgets_play', '_from_bcp': True}
2025-12-15 19:32:49,706 : INFO : SwitchController : <<<<<<< 's_right_flipper' inactive >>>>>>>
2025-12-15 19:32:49,706 : INFO : EventManager : Event: ======'sw_right_flipper_inactive'====== Args={}
2025-12-15 19:32:49,837 : INFO : SwitchController : <<<<<<< 's_left_flipper' active >>>>>>>
2025-12-15 19:32:49,837 : INFO : EventManager : Event: ======'s_left_flipper_active'====== Args={}
2025-12-15 19:32:49,839 : INFO : EventManager : Event: ======'item_highlighted'====== Args={'carousel': 'attract', 'direction': 'backwards', 'item': 'credits'}
2025-12-15 19:32:49,840 : INFO : EventManager : Event: ======'logicblock_adr_sequence_updated'====== Args={'value': 2, 'enabled': True}
2025-12-15 19:32:49,841 : INFO : EventManager : Event: ======'logicblock_adr_sequence_hit'====== Args={'step': 2}
2025-12-15 19:32:49,841 : INFO : EventManager : Event: ======'logicblock_christmas_sequence_updated'====== Args={'value': 2, 'enabled': True}
2025-12-15 19:32:49,841 : INFO : EventManager : Event: ======'logicblock_christmas_sequence_hit'====== Args={'step': 2}
2025-12-15 19:32:49,842 : INFO : EventManager : Event: ======'timer_attract_carousel_timer_tick'====== Args={'ticks': 0, 'ticks_remaining': 5}
2025-12-15 19:32:49,856 : INFO : EventManager : Event: ======'widget_attract_pressstart_removed'====== Args={'_from_bcp': True}
2025-12-15 19:32:49,860 : INFO : EventManager : Event: ======'widget_attract_credits_active'====== Args={'original_context': 'attract', 'original_calling_context': 'item_highlighted{item=="credits"}', 'priority': 10.0, 'carousel': 'attract', 'direction': 'backwards', 'item': 'credits', 'cmd': 'widgets_play', '_from_bcp': True}
2025-12-15 19:32:49,990 : INFO : SwitchController : <<<<<<< 's_left_flipper' inactive >>>>>>>
2025-12-15 19:32:49,990 : INFO : EventManager : Event: ======'sw_left_flipper_inactive'====== Args={}
2025-12-15 19:32:50,139 : INFO : SwitchController : <<<<<<< 's_right_flipper' active >>>>>>>
2025-12-15 19:32:50,141 : INFO : EventManager : Event: ======'s_right_flipper_active'====== Args={}
2025-12-15 19:32:50,142 : INFO : EventManager : Event: ======'item_highlighted'====== Args={'carousel': 'attract', 'direction': 'forwards', 'item': 'pressstart'}
2025-12-15 19:32:50,143 : INFO : EventManager : Event: ======'logicblock_adr_sequence_updated'====== Args={'value': 3, 'enabled': True}
2025-12-15 19:32:50,143 : INFO : EventManager : Event: ======'logicblock_adr_sequence_hit'====== Args={'step': 3}
2025-12-15 19:32:50,144 : INFO : EventManager : Event: ======'logicblock_christmas_sequence_updated'====== Args={'value': 3, 'enabled': True}
2025-12-15 19:32:50,144 : INFO : EventManager : Event: ======'logicblock_christmas_sequence_hit'====== Args={'step': 3}
2025-12-15 19:32:50,144 : INFO : EventManager : Event: ======'logicblock_mca_sequence_updated'====== Args={'value': 2, 'enabled': True}
2025-12-15 19:32:50,144 : INFO : EventManager : Event: ======'logicblock_mca_sequence_hit'====== Args={'step': 2}
2025-12-15 19:32:50,145 : INFO : EventManager : Event: ======'timer_attract_carousel_timer_tick'====== Args={'ticks': 0, 'ticks_remaining': 5}
2025-12-15 19:32:50,155 : INFO : EventManager : Event: ======'widget_MPFWidget_removed'====== Args={'_from_bcp': True}
2025-12-15 19:32:50,156 : INFO : EventManager : Event: ======'widget_attract_pressstart_active'====== Args={'original_context': 'attract', 'original_calling_context': 'item_highlighted{item=="pressstart"}', 'priority': 10.0, 'carousel': 'attract', 'direction': 'forwards', 'item': 'pressstart', 'cmd': 'widgets_play', '_from_bcp': True}
2025-12-15 19:32:50,240 : INFO : SwitchController : <<<<<<< 's_right_flipper' inactive >>>>>>>
2025-12-15 19:32:50,240 : INFO : EventManager : Event: ======'sw_right_flipper_inactive'====== Args={}
2025-12-15 19:32:50,305 : INFO : SwitchController : <<<<<<< 's_right_flipper' active >>>>>>>
2025-12-15 19:32:50,306 : INFO : EventManager : Event: ======'s_right_flipper_active'====== Args={}
2025-12-15 19:32:50,307 : INFO : EventManager : Event: ======'item_highlighted'====== Args={'carousel': 'attract', 'direction': 'forwards', 'item': 'version'}
2025-12-15 19:32:50,309 : INFO : EventManager : Event: ======'logicblock_adr_sequence_updated'====== Args={'value': 4, 'enabled': True}
2025-12-15 19:32:50,309 : INFO : EventManager : Event: ======'logicblock_adr_sequence_hit'====== Args={'step': 4}
2025-12-15 19:32:50,309 : INFO : EventManager : Event: ======'logicblock_christmas_sequence_updated'====== Args={'value': 4, 'enabled': True}
2025-12-15 19:32:50,309 : INFO : EventManager : Event: ======'logicblock_christmas_sequence_hit'====== Args={'step': 4}
2025-12-15 19:32:50,309 : INFO : EventManager : Event: ======'logicblock_mca_sequence_updated'====== Args={'value': 3, 'enabled': True}
2025-12-15 19:32:50,309 : INFO : EventManager : Event: ======'logicblock_mca_sequence_hit'====== Args={'step': 3}
2025-12-15 19:32:50,310 : INFO : EventManager : Event: ======'timer_attract_carousel_timer_tick'====== Args={'ticks': 0, 'ticks_remaining': 5}
2025-12-15 19:32:50,320 : INFO : EventManager : Event: ======'widget_attract_pressstart_removed'====== Args={'_from_bcp': True}
2025-12-15 19:32:50,324 : INFO : EventManager : Event: ======'widget_attract_version_active'====== Args={'original_context': 'attract', 'original_calling_context': 'item_highlighted{item=="version"}', 'priority': 10.0, 'carousel': 'attract', 'direction': 'forwards', 'item': 'version', 'cmd': 'widgets_play', '_from_bcp': True}
2025-12-15 19:32:50,439 : INFO : SwitchController : <<<<<<< 's_right_flipper' inactive >>>>>>>
2025-12-15 19:32:50,439 : INFO : EventManager : Event: ======'sw_right_flipper_inactive'====== Args={}
2025-12-15 19:32:50,638 : INFO : SwitchController : <<<<<<< 's_left_flipper' active >>>>>>>
2025-12-15 19:32:50,639 : INFO : EventManager : Event: ======'s_left_flipper_active'====== Args={}
2025-12-15 19:32:50,640 : INFO : EventManager : Event: ======'item_highlighted'====== Args={'carousel': 'attract', 'direction': 'backwards', 'item': 'pressstart'}
2025-12-15 19:32:50,641 : INFO : EventManager : Event: ======'logicblock_christmas_sequence_updated'====== Args={'value': 5, 'enabled': True}
2025-12-15 19:32:50,641 : INFO : EventManager : Event: ======'logicblock_christmas_sequence_hit'====== Args={'step': 5}
2025-12-15 19:32:50,642 : INFO : EventManager : Event: ======'timer_attract_carousel_timer_tick'====== Args={'ticks': 0, 'ticks_remaining': 5}
2025-12-15 19:32:50,654 : INFO : EventManager : Event: ======'widget_version_removed'====== Args={'_from_bcp': True}
2025-12-15 19:32:50,656 : INFO : EventManager : Event: ======'widget_attract_pressstart_active'====== Args={'original_context': 'attract', 'original_calling_context': 'item_highlighted{item=="pressstart"}', 'priority': 10.0, 'carousel': 'attract', 'direction': 'backwards', 'item': 'pressstart', 'cmd': 'widgets_play', '_from_bcp': True}
2025-12-15 19:32:50,789 : INFO : SwitchController : <<<<<<< 's_left_flipper' inactive >>>>>>>
2025-12-15 19:32:50,789 : INFO : EventManager : Event: ======'sw_left_flipper_inactive'====== Args={}
2025-12-15 19:32:50,936 : INFO : SwitchController : <<<<<<< 's_right_flipper' active >>>>>>>
2025-12-15 19:32:50,937 : INFO : EventManager : Event: ======'s_right_flipper_active'====== Args={}
2025-12-15 19:32:50,939 : INFO : EventManager : Event: ======'item_highlighted'====== Args={'carousel': 'attract', 'direction': 'forwards', 'item': 'version'}
2025-12-15 19:32:50,940 : INFO : EventManager : Event: ======'logicblock_christmas_sequence_updated'====== Args={'value': 6, 'enabled': True}
2025-12-15 19:32:50,940 : INFO : EventManager : Event: ======'logicblock_christmas_sequence_hit'====== Args={'step': 6}
2025-12-15 19:32:50,941 : INFO : EventManager : Event: ======'logicblock_adr_sequence_updated'====== Args={'value': 5, 'enabled': True}
2025-12-15 19:32:50,941 : INFO : EventManager : Event: ======'logicblock_adr_sequence_hit'====== Args={'step': 5}
2025-12-15 19:32:50,941 : INFO : EventManager : Event: ======'logicblock_mca_sequence_updated'====== Args={'value': 4, 'enabled': True}
2025-12-15 19:32:50,941 : INFO : EventManager : Event: ======'logicblock_mca_sequence_hit'====== Args={'step': 4}
2025-12-15 19:32:50,942 : INFO : EventManager : Event: ======'timer_attract_carousel_timer_tick'====== Args={'ticks': 0, 'ticks_remaining': 5}
2025-12-15 19:32:50,955 : INFO : EventManager : Event: ======'widget_attract_pressstart_removed'====== Args={'_from_bcp': True}
2025-12-15 19:32:50,956 : INFO : EventManager : Event: ======'widget_attract_version_active'====== Args={'original_context': 'attract', 'original_calling_context': 'item_highlighted{item=="version"}', 'priority': 10.0, 'carousel': 'attract', 'direction': 'forwards', 'item': 'version', 'cmd': 'widgets_play', '_from_bcp': True}
2025-12-15 19:32:51,056 : INFO : SwitchController : <<<<<<< 's_right_flipper' inactive >>>>>>>
2025-12-15 19:32:51,056 : INFO : EventManager : Event: ======'sw_right_flipper_inactive'====== Args={}
2025-12-15 19:32:51,105 : INFO : SwitchController : <<<<<<< 's_right_flipper' active >>>>>>>
2025-12-15 19:32:51,105 : INFO : EventManager : Event: ======'s_right_flipper_active'====== Args={}
2025-12-15 19:32:51,106 : INFO : EventManager : Event: ======'item_highlighted'====== Args={'carousel': 'attract', 'direction': 'forwards', 'item': 'makercredits'}
2025-12-15 19:32:51,107 : INFO : EventManager : Event: ======'logicblock_christmas_sequence_updated'====== Args={'value': 7, 'enabled': True}
2025-12-15 19:32:51,107 : INFO : EventManager : Event: ======'logicblock_christmas_sequence_hit'====== Args={'step': 7}
2025-12-15 19:32:51,109 : INFO : EventManager : Event: ======'logicblock_adr_sequence_updated'====== Args={'value': 6, 'enabled': True}
2025-12-15 19:32:51,109 : INFO : EventManager : Event: ======'logicblock_adr_sequence_hit'====== Args={'step': 6}
2025-12-15 19:32:51,109 : INFO : EventManager : Event: ======'logicblock_mca_sequence_updated'====== Args={'value': 5, 'enabled': True}
2025-12-15 19:32:51,109 : INFO : EventManager : Event: ======'logicblock_mca_sequence_hit'====== Args={'step': 5}
2025-12-15 19:32:51,110 : INFO : EventManager : Event: ======'timer_attract_carousel_timer_tick'====== Args={'ticks': 0, 'ticks_remaining': 5}
2025-12-15 19:32:51,120 : INFO : EventManager : Event: ======'widget_version_removed'====== Args={'_from_bcp': True}
2025-12-15 19:32:51,124 : INFO : EventManager : Event: ======'widget_attract_makercredits_active'====== Args={'original_context': 'attract', 'original_calling_context': 'item_highlighted{item=="makercredits"}', 'priority': 10.0, 'carousel': 'attract', 'direction': 'forwards', 'item': 'makercredits', 'cmd': 'widgets_play', '_from_bcp': True}
2025-12-15 19:32:51,238 : INFO : SwitchController : <<<<<<< 's_right_flipper' inactive >>>>>>>
2025-12-15 19:32:51,238 : INFO : EventManager : Event: ======'sw_right_flipper_inactive'====== Args={}
2025-12-15 19:32:51,354 : INFO : SwitchController : <<<<<<< 's_left_flipper' active >>>>>>>
2025-12-15 19:32:51,355 : INFO : EventManager : Event: ======'s_left_flipper_active'====== Args={}
2025-12-15 19:32:51,356 : INFO : EventManager : Event: ======'item_highlighted'====== Args={'carousel': 'attract', 'direction': 'backwards', 'item': 'version'}
2025-12-15 19:32:51,358 : INFO : EventManager : Event: ======'logicblock_christmas_sequence_updated'====== Args={'value': 8, 'enabled': True}
2025-12-15 19:32:51,358 : INFO : EventManager : Event: ======'logicblock_christmas_sequence_hit'====== Args={'step': 8}
2025-12-15 19:32:51,359 : INFO : EventManager : Event: ======'logicblock_adr_sequence_updated'====== Args={'value': 7, 'enabled': True}
2025-12-15 19:32:51,359 : INFO : EventManager : Event: ======'logicblock_adr_sequence_hit'====== Args={'step': 7}
2025-12-15 19:32:51,359 : INFO : EventManager : Event: ======'timer_attract_carousel_timer_tick'====== Args={'ticks': 0, 'ticks_remaining': 5}
2025-12-15 19:32:51,370 : INFO : EventManager : Event: ======'widget_makercredits_removed'====== Args={'_from_bcp': True}
2025-12-15 19:32:51,371 : INFO : EventManager : Event: ======'widget_attract_version_active'====== Args={'original_context': 'attract', 'original_calling_context': 'item_highlighted{item=="version"}', 'priority': 10.0, 'carousel': 'attract', 'direction': 'backwards', 'item': 'version', 'cmd': 'widgets_play', '_from_bcp': True}
2025-12-15 19:32:51,471 : INFO : SwitchController : <<<<<<< 's_left_flipper' inactive >>>>>>>
2025-12-15 19:32:51,471 : INFO : EventManager : Event: ======'sw_left_flipper_inactive'====== Args={}
2025-12-15 19:32:51,621 : INFO : SwitchController : <<<<<<< 's_right_flipper' active >>>>>>>
2025-12-15 19:32:51,622 : INFO : EventManager : Event: ======'s_right_flipper_active'====== Args={}
2025-12-15 19:32:51,624 : INFO : EventManager : Event: ======'item_highlighted'====== Args={'carousel': 'attract', 'direction': 'forwards', 'item': 'makercredits'}
2025-12-15 19:32:51,626 : INFO : EventManager : Event: ======'logicblock_christmas_sequence_updated'====== Args={'value': 9, 'enabled': True}
2025-12-15 19:32:51,626 : INFO : EventManager : Event: ======'logicblock_christmas_sequence_hit'====== Args={'step': 9}
2025-12-15 19:32:51,627 : INFO : EventManager : Event: ======'logicblock_adr_sequence_updated'====== Args={'value': 8, 'enabled': True}
2025-12-15 19:32:51,627 : INFO : EventManager : Event: ======'logicblock_adr_sequence_hit'====== Args={'step': 8}
2025-12-15 19:32:51,627 : INFO : EventManager : Event: ======'logicblock_mca_sequence_updated'====== Args={'value': 6, 'enabled': True}
2025-12-15 19:32:51,627 : INFO : EventManager : Event: ======'logicblock_mca_sequence_hit'====== Args={'step': 6}
2025-12-15 19:32:51,627 : INFO : EventManager : Event: ======'timer_attract_carousel_timer_tick'====== Args={'ticks': 0, 'ticks_remaining': 5}
2025-12-15 19:32:51,637 : INFO : EventManager : Event: ======'widget_version_removed'====== Args={'_from_bcp': True}
2025-12-15 19:32:51,639 : INFO : EventManager : Event: ======'widget_attract_makercredits_active'====== Args={'original_context': 'attract', 'original_calling_context': 'item_highlighted{item=="makercredits"}', 'priority': 10.0, 'carousel': 'attract', 'direction': 'forwards', 'item': 'makercredits', 'cmd': 'widgets_play', '_from_bcp': True}
2025-12-15 19:32:51,721 : INFO : SwitchController : <<<<<<< 's_right_flipper' inactive >>>>>>>
2025-12-15 19:32:51,722 : INFO : EventManager : Event: ======'sw_right_flipper_inactive'====== Args={}
2025-12-15 19:32:51,787 : INFO : SwitchController : <<<<<<< 's_right_flipper' active >>>>>>>
2025-12-15 19:32:51,787 : INFO : EventManager : Event: ======'s_right_flipper_active'====== Args={}
2025-12-15 19:32:51,790 : INFO : EventManager : Event: ======'item_highlighted'====== Args={'carousel': 'attract', 'direction': 'forwards', 'item': 'dedicated'}
2025-12-15 19:32:51,791 : INFO : EventManager : Event: ======'logicblock_christmas_sequence_updated'====== Args={'value': 10, 'enabled': True}
2025-12-15 19:32:51,791 : INFO : EventManager : Event: ======'logicblock_christmas_sequence_hit'====== Args={'step': 10}
2025-12-15 19:32:51,791 : INFO : EventManager : Event: ======'logicblock_adr_sequence_updated'====== Args={'value': 9, 'enabled': True}
2025-12-15 19:32:51,791 : INFO : EventManager : Event: ======'logicblock_adr_sequence_hit'====== Args={'step': 9}
2025-12-15 19:32:51,792 : INFO : EventManager : Event: ======'logicblock_mca_sequence_updated'====== Args={'value': 7, 'enabled': True}
2025-12-15 19:32:51,792 : INFO : EventManager : Event: ======'logicblock_mca_sequence_hit'====== Args={'step': 7}
2025-12-15 19:32:51,792 : INFO : EventManager : Event: ======'timer_attract_carousel_timer_tick'====== Args={'ticks': 0, 'ticks_remaining': 5}
2025-12-15 19:32:51,802 : INFO : EventManager : Event: ======'widget_makercredits_removed'====== Args={'_from_bcp': True}
2025-12-15 19:32:51,815 : INFO : EventManager : Event: ======'widget_attract_dedicated_active'====== Args={'original_context': 'attract', 'original_calling_context': 'item_highlighted{item=="dedicated"}', 'priority': 10.0, 'carousel': 'attract', 'direction': 'forwards', 'item': 'dedicated', 'cmd': 'widgets_play', '_from_bcp': True}
2025-12-15 19:32:51,889 : INFO : SwitchController : <<<<<<< 's_right_flipper' inactive >>>>>>>
2025-12-15 19:32:51,889 : INFO : EventManager : Event: ======'sw_right_flipper_inactive'====== Args={}
2025-12-15 19:32:51,956 : INFO : SwitchController : <<<<<<< 's_right_flipper' active >>>>>>>
2025-12-15 19:32:51,956 : INFO : EventManager : Event: ======'s_right_flipper_active'====== Args={}
2025-12-15 19:32:51,959 : INFO : EventManager : Event: ======'logicblock_christmas_sequence_updated'====== Args={'value': 11, 'enabled': True}
2025-12-15 19:32:51,959 : INFO : EventManager : Event: ======'logicblock_christmas_sequence_hit'====== Args={'step': 11}
2025-12-15 19:32:51,959 : INFO : EventManager : Event: ======'item_highlighted'====== Args={'carousel': 'attract', 'direction': 'forwards', 'item': 'mpf_logo'}
2025-12-15 19:32:51,960 : INFO : EventManager : Event: ======'logicblock_adr_sequence_updated'====== Args={'value': 10, 'enabled': True}
2025-12-15 19:32:51,960 : INFO : EventManager : Event: ======'logicblock_adr_sequence_hit'====== Args={'step': 10}
2025-12-15 19:32:51,961 : INFO : EventManager : Event: ======'logicblock_mca_sequence_updated'====== Args={'value': 8, 'enabled': True}
2025-12-15 19:32:51,961 : INFO : EventManager : Event: ======'logicblock_mca_sequence_hit'====== Args={'step': 8}
2025-12-15 19:32:51,962 : INFO : EventManager : Event: ======'timer_attract_carousel_timer_tick'====== Args={'ticks': 0, 'ticks_remaining': 5}
2025-12-15 19:32:51,972 : INFO : EventManager : Event: ======'widget_dedicated_removed'====== Args={'_from_bcp': True}
2025-12-15 19:32:51,978 : INFO : EventManager : Event: ======'widget_attract_mpf_logo_active'====== Args={'original_context': 'attract', 'original_calling_context': 'item_highlighted{item=="mpf_logo"}', 'priority': 10.0, 'carousel': 'attract', 'direction': 'forwards', 'item': 'mpf_logo', 'cmd': 'widgets_play', '_from_bcp': True}
2025-12-15 19:32:52,055 : INFO : SwitchController : <<<<<<< 's_right_flipper' inactive >>>>>>>
2025-12-15 19:32:52,055 : INFO : EventManager : Event: ======'sw_right_flipper_inactive'====== Args={}
2025-12-15 19:32:52,137 : INFO : SwitchController : <<<<<<< 's_right_flipper' active >>>>>>>
2025-12-15 19:32:52,137 : INFO : EventManager : Event: ======'s_right_flipper_active'====== Args={}
2025-12-15 19:32:52,140 : INFO : EventManager : Event: ======'logicblock_christmas_sequence_updated'====== Args={'value': 12, 'enabled': True}
2025-12-15 19:32:52,140 : INFO : EventManager : Event: ======'logicblock_christmas_sequence_hit'====== Args={'step': 12}
2025-12-15 19:32:52,140 : INFO : EventManager : Event: ======'logicblock_adr_sequence_updated'====== Args={'value': 11, 'enabled': True}
2025-12-15 19:32:52,140 : INFO : EventManager : Event: ======'logicblock_adr_sequence_hit'====== Args={'step': 11}
2025-12-15 19:32:52,141 : INFO : EventManager : Event: ======'item_highlighted'====== Args={'carousel': 'attract', 'direction': 'forwards', 'item': 'fast_logo'}
2025-12-15 19:32:52,141 : INFO : EventManager : Event: ======'logicblock_mca_sequence_updated'====== Args={'value': 9, 'enabled': True}
2025-12-15 19:32:52,141 : INFO : EventManager : Event: ======'logicblock_mca_sequence_hit'====== Args={'step': 9}
2025-12-15 19:32:52,142 : INFO : EventManager : Event: ======'timer_attract_carousel_timer_tick'====== Args={'ticks': 0, 'ticks_remaining': 5}
2025-12-15 19:32:52,152 : INFO : EventManager : Event: ======'widget_attract_mpf_logo_removed'====== Args={'_from_bcp': True}
2025-12-15 19:32:52,159 : INFO : EventManager : Event: ======'widget_attract_fast_logo_active'====== Args={'original_context': 'attract', 'original_calling_context': 'item_highlighted{item=="fast_logo"}', 'priority': 10.0, 'carousel': 'attract', 'direction': 'forwards', 'item': 'fast_logo', 'cmd': 'widgets_play', '_from_bcp': True}
2025-12-15 19:32:52,237 : INFO : SwitchController : <<<<<<< 's_right_flipper' inactive >>>>>>>
2025-12-15 19:32:52,238 : INFO : EventManager : Event: ======'sw_right_flipper_inactive'====== Args={}
2025-12-15 19:32:52,304 : INFO : SwitchController : <<<<<<< 's_right_flipper' active >>>>>>>
2025-12-15 19:32:52,304 : INFO : EventManager : Event: ======'s_right_flipper_active'====== Args={}
2025-12-15 19:32:52,306 : INFO : EventManager : Event: ======'logicblock_christmas_sequence_updated'====== Args={'value': 13, 'enabled': True}
2025-12-15 19:32:52,306 : INFO : EventManager : Event: ======'logicblock_christmas_sequence_hit'====== Args={'step': 13}
2025-12-15 19:32:52,306 : INFO : EventManager : Event: ======'logicblock_adr_sequence_updated'====== Args={'value': 12, 'enabled': True}
2025-12-15 19:32:52,306 : INFO : EventManager : Event: ======'logicblock_adr_sequence_hit'====== Args={'step': 12}
2025-12-15 19:32:52,307 : INFO : EventManager : Event: ======'item_highlighted'====== Args={'carousel': 'attract', 'direction': 'forwards', 'item': 'specialthanks'}
2025-12-15 19:32:52,308 : INFO : EventManager : Event: ======'logicblock_mca_sequence_updated'====== Args={'value': 10, 'enabled': True}
2025-12-15 19:32:52,308 : INFO : EventManager : Event: ======'logicblock_mca_sequence_hit'====== Args={'step': 10}
2025-12-15 19:32:52,309 : INFO : EventManager : Event: ======'timer_attract_carousel_timer_tick'====== Args={'ticks': 0, 'ticks_remaining': 5}
2025-12-15 19:32:52,319 : INFO : EventManager : Event: ======'widget_fast_logo_removed'====== Args={'_from_bcp': True}
2025-12-15 19:32:52,322 : INFO : EventManager : Event: ======'widget_attract_specialthanks_active'====== Args={'original_context': 'attract', 'original_calling_context': 'item_highlighted{item=="specialthanks"}', 'priority': 10.0, 'carousel': 'attract', 'direction': 'forwards', 'item': 'specialthanks', 'cmd': 'widgets_play', '_from_bcp': True}
2025-12-15 19:32:52,403 : INFO : SwitchController : <<<<<<< 's_right_flipper' inactive >>>>>>>
2025-12-15 19:32:52,404 : INFO : EventManager : Event: ======'sw_right_flipper_inactive'====== Args={}
2025-12-15 19:32:52,554 : INFO : SwitchController : <<<<<<< 's_left_flipper' active >>>>>>>
2025-12-15 19:32:52,554 : INFO : EventManager : Event: ======'s_left_flipper_active'====== Args={}
2025-12-15 19:32:52,555 : INFO : EventManager : Event: ======'logicblock_christmas_sequence_updated'====== Args={'value': 14, 'enabled': True}
2025-12-15 19:32:52,555 : INFO : EventManager : Event: ======'logicblock_christmas_sequence_hit'====== Args={'step': 14}
2025-12-15 19:32:52,555 : INFO : EventManager : Event: ======'christmas_sequence_hit'====== Args={}
2025-12-15 19:32:52,556 : INFO : EventManager : Event: ======'logicblock_christmas_sequence_updated'====== Args={'value': 14, 'enabled': False}
2025-12-15 19:32:52,556 : INFO : EventManager : Event: ======'item_highlighted'====== Args={'carousel': 'attract', 'direction': 'backwards', 'item': 'fast_logo'}
2025-12-15 19:32:52,557 : INFO : EventManager : Event: ======'logicblock_mca_sequence_updated'====== Args={'value': 0, 'enabled': True}
2025-12-15 19:32:52,557 : INFO : EventManager : Event: ======'logicblock_mca_sequence_updated'====== Args={'value': 0, 'enabled': True}
2025-12-15 19:32:52,557 : INFO : EventManager : Event: ======'logicblock_adr_sequence_updated'====== Args={'value': 0, 'enabled': True}
2025-12-15 19:32:52,557 : INFO : EventManager : Event: ======'logicblock_adr_sequence_updated'====== Args={'value': 0, 'enabled': True}
2025-12-15 19:32:52,557 : INFO : EventManager : Event: ======'logicblock_christmas_sequence_updated'====== Args={'value': 0, 'enabled': False}
2025-12-15 19:32:52,557 : INFO : EventManager : Event: ======'logicblock_christmas_sequence_updated'====== Args={'value': 0, 'enabled': True}
2025-12-15 19:32:52,560 : INFO : EventManager : Event: ======'timer_attract_carousel_timer_tick'====== Args={'ticks': 0, 'ticks_remaining': 5}
2025-12-15 19:32:52,579 : INFO : EventManager : Event: ======'slide_jinglebells_created'====== Args={'_from_bcp': True}
2025-12-15 19:32:52,579 : INFO : EventManager : Event: ======'slide_attract_inactive'====== Args={'is_removing': True, '_from_bcp': True}
2025-12-15 19:32:52,580 : INFO : EventManager : Event: ======'slide_jinglebells_active'====== Args={'original_context': 'attract', 'original_calling_context': 'christmas_sequence_hit', 'priority': 10.0, 'cmd': 'slides_play', '_from_bcp': True}
2025-12-15 19:32:52,580 : INFO : Timer.christmas_attract_video_timer : Starting Timer.
2025-12-15 19:32:52,581 : INFO : EventManager : Event: ======'timer_christmas_attract_video_timer_started'====== Args={'ticks': 0, 'ticks_remaining': 54}
2025-12-15 19:32:52,581 : INFO : EventManager : Event: ======'timer_christmas_attract_video_timer_tick'====== Args={'ticks': 0, 'ticks_remaining': 54}
2025-12-15 19:32:52,583 : INFO : EventManager : Event: ======'slide_attract_removed'====== Args={'_from_bcp': True}
2025-12-15 19:32:52,687 : INFO : SwitchController : <<<<<<< 's_left_flipper' inactive >>>>>>>
2025-12-15 19:32:52,687 : INFO : EventManager : Event: ======'sw_left_flipper_inactive'====== Args={}
2025-12-15 19:32:53,558 : INFO : EventManager : Event: ======'timer_attract_carousel_timer_tick'====== Args={'ticks': 1, 'ticks_remaining': 4}
2025-12-15 19:32:53,589 : INFO : EventManager : Event: ======'timer_christmas_attract_video_timer_tick'====== Args={'ticks': 1, 'ticks_remaining': 53}
2025-12-15 19:32:54,556 : INFO : EventManager : Event: ======'timer_attract_carousel_timer_tick'====== Args={'ticks': 2, 'ticks_remaining': 3}
2025-12-15 19:32:54,587 : INFO : EventManager : Event: ======'timer_christmas_attract_video_timer_tick'====== Args={'ticks': 2, 'ticks_remaining': 52}
2025-12-15 19:32:54,602 : INFO : SwitchController : <<<<<<< 's_right_flipper' active >>>>>>>
2025-12-15 19:32:54,602 : INFO : EventManager : Event: ======'s_right_flipper_active'====== Args={}
2025-12-15 19:32:54,604 : INFO : EventManager : Event: ======'item_highlighted'====== Args={'carousel': 'attract', 'direction': 'forwards', 'item': 'specialthanks'}
2025-12-15 19:32:54,605 : INFO : EventManager : Event: ======'logicblock_mca_sequence_updated'====== Args={'value': 1, 'enabled': True}
2025-12-15 19:32:54,605 : INFO : EventManager : Event: ======'logicblock_mca_sequence_hit'====== Args={'step': 1}
2025-12-15 19:32:54,606 : INFO : EventManager : Event: ======'logicblock_adr_sequence_updated'====== Args={'value': 1, 'enabled': True}
2025-12-15 19:32:54,606 : INFO : EventManager : Event: ======'logicblock_adr_sequence_hit'====== Args={'step': 1}
2025-12-15 19:32:54,606 : INFO : EventManager : Event: ======'logicblock_christmas_sequence_updated'====== Args={'value': 1, 'enabled': True}
2025-12-15 19:32:54,606 : INFO : EventManager : Event: ======'logicblock_christmas_sequence_hit'====== Args={'step': 1}
2025-12-15 19:32:54,607 : INFO : EventManager : Event: ======'timer_attract_carousel_timer_tick'====== Args={'ticks': 0, 'ticks_remaining': 5}
2025-12-15 19:32:54,616 : INFO : SwitchController : <<<<<<< 's_left_flipper' active >>>>>>>
2025-12-15 19:32:54,617 : INFO : EventManager : Event: ======'s_left_flipper_active'====== Args={}
2025-12-15 19:32:54,617 : INFO : EventManager : Event: ======'flipper_cancel'====== Args={'triggering_group': 1, 'triggering_switch': 's_left_flipper'}
2025-12-15 19:32:54,618 : INFO : EventManager : Event: ======'item_highlighted'====== Args={'carousel': 'attract', 'direction': 'backwards', 'item': 'fast_logo'}
2025-12-15 19:32:54,619 : INFO : EventManager : Event: ======'logicblock_adr_sequence_updated'====== Args={'value': 2, 'enabled': True}
2025-12-15 19:32:54,619 : INFO : EventManager : Event: ======'logicblock_adr_sequence_hit'====== Args={'step': 2}
2025-12-15 19:32:54,619 : INFO : EventManager : Event: ======'logicblock_christmas_sequence_updated'====== Args={'value': 2, 'enabled': True}
2025-12-15 19:32:54,620 : INFO : EventManager : Event: ======'logicblock_christmas_sequence_hit'====== Args={'step': 2}
2025-12-15 19:32:54,620 : INFO : EventManager : Event: ======'timer_attract_carousel_timer_tick'====== Args={'ticks': 0, 'ticks_remaining': 5}
2025-12-15 19:32:54,621 : INFO : EventManager : Event: ======'logicblock_mca_sequence_updated'====== Args={'value': 0, 'enabled': True}
2025-12-15 19:32:54,621 : INFO : EventManager : Event: ======'logicblock_mca_sequence_updated'====== Args={'value': 0, 'enabled': True}
2025-12-15 19:32:54,621 : INFO : EventManager : Event: ======'logicblock_adr_sequence_updated'====== Args={'value': 0, 'enabled': True}
2025-12-15 19:32:54,621 : INFO : EventManager : Event: ======'logicblock_adr_sequence_updated'====== Args={'value': 0, 'enabled': True}
2025-12-15 19:32:54,621 : INFO : EventManager : Event: ======'logicblock_christmas_sequence_updated'====== Args={'value': 0, 'enabled': True}
2025-12-15 19:32:54,622 : INFO : EventManager : Event: ======'logicblock_christmas_sequence_updated'====== Args={'value': 0, 'enabled': True}
2025-12-15 19:32:54,648 : INFO : EventManager : Event: ======'slide_attract_created'====== Args={'_from_bcp': True}
2025-12-15 19:32:54,649 : INFO : EventManager : Event: ======'slide_jinglebells_inactive'====== Args={'is_removing': True, '_from_bcp': True}
2025-12-15 19:32:54,651 : INFO : EventManager : Event: ======'slide_attract_active'====== Args={'original_context': 'attract', 'original_calling_context': 'flipper_cancel', 'priority': 10.0, 'triggering_group': 1.0, 'triggering_switch': 's_left_flipper', 'cmd': 'slides_play', '_from_bcp': True}
2025-12-15 19:32:54,653 : INFO : EventManager : Event: ======'slide_jinglebells_removed'====== Args={'_from_bcp': True}
2025-12-15 19:32:54,769 : INFO : SwitchController : <<<<<<< 's_left_flipper' inactive >>>>>>>
2025-12-15 19:32:54,770 : INFO : EventManager : Event: ======'sw_left_flipper_inactive'====== Args={}
2025-12-15 19:32:54,770 : INFO : EventManager : Event: ======'both_flippers_one'====== Args={'triggering_group': 1, 'triggering_switch': 's_left_flipper'}
2025-12-15 19:32:54,772 : INFO : SwitchController : <<<<<<< 's_right_flipper' inactive >>>>>>>
2025-12-15 19:32:54,772 : INFO : EventManager : Event: ======'sw_right_flipper_inactive'====== Args={}
2025-12-15 19:32:54,772 : INFO : EventManager : Event: ======'both_flippers_inactive'====== Args={'triggering_group': 2, 'triggering_switch': 's_right_flipper'}
2025-12-15 19:32:55,588 : INFO : EventManager : Event: ======'timer_christmas_attract_video_timer_tick'====== Args={'ticks': 3, 'ticks_remaining': 51}
2025-12-15 19:32:55,620 : INFO : EventManager : Event: ======'timer_attract_carousel_timer_tick'====== Args={'ticks': 1, 'ticks_remaining': 4}
2025-12-15 19:32:56,577 : INFO : EventManager : Event: ======'timer_christmas_attract_video_timer_tick'====== Args={'ticks': 4, 'ticks_remaining': 50}
2025-12-15 19:32:56,608 : INFO : EventManager : Event: ======'timer_attract_carousel_timer_tick'====== Args={'ticks': 2, 'ticks_remaining': 3}
2025-12-15 19:32:57,576 : INFO : EventManager : Event: ======'timer_christmas_attract_video_timer_tick'====== Args={'ticks': 5, 'ticks_remaining': 49}
2025-12-15 19:32:57,607 : INFO : EventManager : Event: ======'timer_attract_carousel_timer_tick'====== Args={'ticks': 3, 'ticks_remaining': 2}
2025-12-15 19:32:58,607 : INFO : EventManager : Event: ======'timer_christmas_attract_video_timer_tick'====== Args={'ticks': 6, 'ticks_remaining': 48}
2025-12-15 19:32:58,608 : INFO : EventManager : Event: ======'timer_attract_carousel_timer_tick'====== Args={'ticks': 4, 'ticks_remaining': 1}
2025-12-15 19:32:59,577 : INFO : EventManager : Event: ======'timer_christmas_attract_video_timer_tick'====== Args={'ticks': 7, 'ticks_remaining': 47}
2025-12-15 19:32:59,608 : INFO : Timer.attract_carousel_timer : Timer Complete
2025-12-15 19:32:59,608 : INFO : Timer.attract_carousel_timer : Stopping Timer
2025-12-15 19:32:59,609 : INFO : EventManager : Event: ======'timer_attract_carousel_timer_stopped'====== Args={'ticks': 5, 'ticks_remaining': 1}
2025-12-15 19:32:59,609 : INFO : EventManager : Event: ======'timer_attract_carousel_timer_complete'====== Args={'ticks': 5, 'ticks_remaining': 1}
2025-12-15 19:32:59,610 : INFO : EventManager : Event: ======'item_highlighted'====== Args={'carousel': 'attract', 'direction': 'forwards', 'item': 'specialthanks'}
2025-12-15 19:32:59,612 : INFO : Timer.attract_carousel_timer : Starting Timer.
2025-12-15 19:32:59,612 : INFO : EventManager : Event: ======'timer_attract_carousel_timer_started'====== Args={'ticks': 0, 'ticks_remaining': 5}
2025-12-15 19:32:59,613 : INFO : EventManager : Event: ======'timer_attract_carousel_timer_tick'====== Args={'ticks': 0, 'ticks_remaining': 5}
2025-12-15 19:32:59,631 : INFO : EventManager : Event: ======'widget_attract_specialthanks_active'====== Args={'original_context': 'attract', 'original_calling_context': 'item_highlighted{item=="specialthanks"}', 'priority': 10.0, 'carousel': 'attract', 'direction': 'forwards', 'item': 'specialthanks', 'cmd': 'widgets_play', '_from_bcp': True}
2025-12-15 19:33:00,598 : INFO : EventManager : Event: ======'timer_christmas_attract_video_timer_tick'====== Args={'ticks': 8, 'ticks_remaining': 46}
2025-12-15 19:33:00,599 : INFO : EventManager : Event: ======'timer_attract_carousel_timer_tick'====== Args={'ticks': 1, 'ticks_remaining': 4}
2025-12-15 19:33:01,593 : INFO : EventManager : Event: ======'timer_christmas_attract_video_timer_tick'====== Args={'ticks': 9, 'ticks_remaining': 45}
2025-12-15 19:33:01,594 : INFO : EventManager : Event: ======'timer_attract_carousel_timer_tick'====== Args={'ticks': 2, 'ticks_remaining': 3}
2025-12-15 19:33:01,917 : INFO : Machine : Shutting down...
2025-12-15 19:33:01,917 : INFO : EventManager : Event: ======'shutdown'====== Args={}
2025-12-15 19:33:01,918 : INFO : EventManager : Event: ======'mode_service_will_stop'====== Args={}
2025-12-15 19:33:01,918 : INFO : EventManager : Event: ======'mode_service_stopping'====== Args={}
2025-12-15 19:33:01,919 : INFO : Mode.service : Stopped.
2025-12-15 19:33:01,919 : INFO : EventManager : Event: ======'modes_active_modes_changed'====== Args={}
2025-12-15 19:33:01,921 : INFO : EventManager : Event: ======'mode_service_stopped'====== Args={}
2025-12-15 19:33:01,921 : INFO : EventManager : Event: ======'clear'====== Args={'key': 'service'}
2025-12-15 19:33:01,925 : INFO : root : MPF run loop ended.
