2025-10-06 19:14:45,126 : INFO : root : Loading config.
2025-10-06 19:14:45,143 : INFO : YamlMultifileConfigLoader : Machine config file #1: config.yaml
2025-10-06 19:14:45,144 : INFO : ConfigProcessor : Loading config from cache: C:\Users\sdona\AppData\Local\Temp\19f6d0d7953982fda9d956182316b8e5.mpf_cache
2025-10-06 19:14:45,293 : INFO : ConfigProcessor : Loading config from cache: C:\Users\sdona\AppData\Local\Temp\835b5bfea4be8b279a05e96caaaffbbb.mpf_cache
2025-10-06 19:14:45,311 : INFO : ConfigProcessor : Loading config from cache: C:\Users\sdona\AppData\Local\Temp\9b0a7575388f9d9bd2f6ab87bf9fd2f7.mpf_cache
2025-10-06 19:14:45,325 : WARNING : ConfigProcessor : Config file in cache changed: C:\venv\mpf\mmmdrop\modes\base\config\base.yaml
2025-10-06 19:14:45,325 : INFO : ConfigProcessor : Loading config from file C:\venv\mpf\mmmdrop\modes\base\config\base.yaml.
2025-10-06 19:14:45,335 : INFO : ConfigProcessor : Loading config: C:\venv\mpf\mmmdrop\modes\base\config\base.yaml
2025-10-06 19:14:45,336 : INFO : ConfigProcessor : Config file cache created: C:\Users\sdona\AppData\Local\Temp\c340ec0033d1055cd797ffd5447ef414.mpf_cache
2025-10-06 19:14:45,337 : INFO : ConfigProcessor : Loading config from cache: C:\Users\sdona\AppData\Local\Temp\835b5bfea4be8b279a05e96caaaffbbb.mpf_cache
2025-10-06 19:14:45,338 : INFO : ConfigProcessor : Loading config from cache: C:\Users\sdona\AppData\Local\Temp\8c11a28e3c38d4ad47947b6a126f2ee9.mpf_cache
2025-10-06 19:14:45,356 : INFO : ConfigProcessor : Loading config from cache: C:\Users\sdona\AppData\Local\Temp\e391083cdc9e667060411fe5838e93f2.mpf_cache
2025-10-06 19:14:45,372 : INFO : ConfigProcessor : Loading config from cache: C:\Users\sdona\AppData\Local\Temp\f0c219a993d891ee86dcb7eae47dde67.mpf_cache
2025-10-06 19:14:45,386 : INFO : ConfigProcessor : Loading config from cache: C:\Users\sdona\AppData\Local\Temp\96aa58108928490b129531848cd9b506.mpf_cache
2025-10-06 19:14:45,401 : INFO : ConfigProcessor : Loading config from cache: C:\Users\sdona\AppData\Local\Temp\567636b9d9766e3361204e954a8382da.mpf_cache
2025-10-06 19:14:45,417 : INFO : Machine : Mission Pinball Framework Core Engine v0.80.0.dev9
2025-10-06 19:14:45,417 : INFO : Machine : Command line arguments: {'no_load_cache': False, 'create_config_cache': True, 'bcp': True, 'configfile': ['config.yaml'], 'force_assets_load': False, 'platform_integration_test': False, 'jsonlogging': False, 'logfile': 'logs\\2025-10-06-19-14-45-mpf-PinballLaptop.log', 'pause': False, 'production': False, 'text_ui': True, 'loglevel': 15, 'consoleloglevel': 20, 'force_platform': 'smart_virtual', 'syslog_address': None, 'full_logfile_path': 'C:\\venv\\mpf\\mmmdrop\\logs\\2025-10-06-19-14-45-mpf-PinballLaptop.log'}
2025-10-06 19:14:45,417 : INFO : Machine : MPF path: c:\venv\mpf\lib\site-packages\mpf
2025-10-06 19:14:45,417 : INFO : Machine : Machine path: C:\venv\mpf\mmmdrop
2025-10-06 19:14:45,417 : INFO : Machine : Platform: win32
2025-10-06 19:14:45,417 : INFO : Machine : Python executable location: c:\venv\mpf\Scripts\python.exe
2025-10-06 19:14:45,417 : INFO : Machine : Python version: 3.9.13 (64-bit)
2025-10-06 19:14:45,419 : INFO : Machine : Initializing MPF...
2025-10-06 19:14:45,800 : INFO : EventManager : Event: ======'machine_var_credits_string'====== Args={'value': 'FREE PLAY', 'prev_value': None, 'change': True}
2025-10-06 19:14:45,836 : INFO : EventManager : Event: ======'machine_var_fast_audio_headphones_volume'====== Args={'value': 10, 'prev_value': None, 'change': True}
2025-10-06 19:14:45,837 : INFO : EventManager : Event: ======'machine_var_fast_audio_main_volume'====== Args={'value': 44, 'prev_value': None, 'change': True}
2025-10-06 19:14:45,837 : INFO : EventManager : Event: ======'machine_var_master_volume'====== Args={'value': 0.15, 'prev_value': None, 'change': True}
2025-10-06 19:14:45,837 : INFO : EventManager : Event: ======'machine_var_player1_score'====== Args={'value': 140190, 'prev_value': None, 'change': True}
2025-10-06 19:14:45,837 : INFO : EventManager : Event: ======'machine_var_mpf_version'====== Args={'value': 'Mission Pinball Framework v0.80.0.dev9', 'prev_value': None, 'change': True}
2025-10-06 19:14:45,837 : INFO : EventManager : Event: ======'machine_var_mpf_extended_version'====== Args={'value': 'Mission Pinball Framework v0.80.0.dev9, Config version:6, Show version: 6, BCP version:1.1', 'prev_value': None, 'change': True}
2025-10-06 19:14:45,837 : INFO : EventManager : Event: ======'machine_var_python_version'====== Args={'value': '3.9.13', 'prev_value': None, 'change': True}
2025-10-06 19:14:45,870 : INFO : EventManager : Event: ======'machine_var_platform'====== Args={'value': 'Windows-10-10.0.26100-SP0', 'prev_value': None, 'change': True}
2025-10-06 19:14:45,871 : INFO : EventManager : Event: ======'machine_var_platform_system'====== Args={'value': 'Windows', 'prev_value': None, 'change': True}
2025-10-06 19:14:45,871 : INFO : EventManager : Event: ======'machine_var_platform_release'====== Args={'value': '10', 'prev_value': None, 'change': True}
2025-10-06 19:14:45,871 : INFO : EventManager : Event: ======'machine_var_platform_version'====== Args={'value': '10.0.26100', 'prev_value': None, 'change': True}
2025-10-06 19:14:45,871 : INFO : EventManager : Event: ======'machine_var_platform_machine'====== Args={'value': 'AMD64', 'prev_value': None, 'change': True}
2025-10-06 19:14:45,871 : INFO : EventManager : Event: ======'machine_var_log_file_path'====== Args={'value': 'C:\\venv\\mpf\\mmmdrop\\logs\\2025-10-06-19-14-45-mpf-PinballLaptop.log', 'prev_value': None, 'change': True}
2025-10-06 19:14:45,871 : INFO : EventManager : Event: ======'init_phase_1'====== Args={}
2025-10-06 19:14:45,910 : INFO : EventManager : Event: ======'drop_target_bank_three_bank_up'====== Args={}
2025-10-06 19:14:45,910 : INFO : EventManager : Event: ======'init_phase_2'====== Args={}
2025-10-06 19:14:45,911 : INFO : SwitchController : Found active switch: ('3208-0', <Platform.SmartVirtual>) <switch.s_trough1>
2025-10-06 19:14:45,911 : INFO : SwitchController : Found active switch: ('3208-1', <Platform.SmartVirtual>) <switch.s_trough2>
2025-10-06 19:14:45,911 : INFO : SwitchController : Found active switch: ('3208-2', <Platform.SmartVirtual>) <switch.s_trough3>
2025-10-06 19:14:45,911 : INFO : SwitchController : Found active switch: ('3208-3', <Platform.SmartVirtual>) <switch.s_trough4>
2025-10-06 19:14:45,911 : INFO : SwitchController : Found active switch: ('3208-4', <Platform.SmartVirtual>) <switch.s_trough5>
2025-10-06 19:14:45,911 : INFO : SwitchController : Found active switch: ('3208-5', <Platform.SmartVirtual>) <switch.s_trough6>
2025-10-06 19:14:45,917 : INFO : EventManager : Event: ======'bcp_connection_attempt'====== Args={'name': 'local_display', 'host': 'localhost', 'port': 5050}
2025-10-06 19:14:45,920 : INFO : BCPClientSocket : Connecting BCP to 'local_display' at localhost:5050...
2025-10-06 19:14:49,487 : INFO : BCPClientSocket : Connected BCP to 'local_display' localhost:5050
2025-10-06 19:14:49,488 : INFO : EventManager : Event: ======'bcp_clients_connected'====== Args={}
2025-10-06 19:14:49,630 : INFO : ball_device.bd_trough : BCH: Initial count: 6
2025-10-06 19:14:49,630 : INFO : ball_device.bd_trough : State: idle
2025-10-06 19:14:49,631 : INFO : ball_device.bd_plunger : BCH: Initial count: 0
2025-10-06 19:14:49,631 : INFO : ball_device.bd_plunger : State: idle
2025-10-06 19:14:49,632 : INFO : ball_device.bd_scoop : BCH: Initial count: 0
2025-10-06 19:14:49,632 : INFO : ball_device.bd_scoop : State: idle
2025-10-06 19:14:49,652 : INFO : EventManager : Event: ======'init_phase_3'====== Args={}
2025-10-06 19:14:49,716 : INFO : EventManager : Event: ======'init_phase_4'====== Args={}
2025-10-06 19:14:49,716 : INFO : BallController : Initial balls found: 6
2025-10-06 19:14:49,719 : INFO : EventManager : Event: ======'machine_var_audits_events_game_ended'====== Args={'value': 36, 'prev_value': None, 'change': True}
2025-10-06 19:14:49,720 : INFO : EventManager : Event: ======'machine_var_audits_events_game_started'====== Args={'value': 329, 'prev_value': None, 'change': True}
2025-10-06 19:14:49,720 : INFO : EventManager : Event: ======'machine_var_audits_missing_switches_s_captive_ball'====== Args={'value': 4, 'prev_value': None, 'change': True}
2025-10-06 19:14:49,720 : INFO : EventManager : Event: ======'machine_var_audits_missing_switches_s_center_upper_pop'====== Args={'value': 73, 'prev_value': None, 'change': True}
2025-10-06 19:14:49,720 : INFO : EventManager : Event: ======'machine_var_audits_missing_switches_s_inner_orbit'====== Args={'value': 255, 'prev_value': None, 'change': True}
2025-10-06 19:14:49,720 : INFO : EventManager : Event: ======'machine_var_audits_missing_switches_s_left_flipper'====== Args={'value': 39, 'prev_value': None, 'change': True}
2025-10-06 19:14:49,720 : INFO : EventManager : Event: ======'machine_var_audits_missing_switches_s_left_inlane'====== Args={'value': 73, 'prev_value': None, 'change': True}
2025-10-06 19:14:49,720 : INFO : EventManager : Event: ======'machine_var_audits_missing_switches_s_left_orbit'====== Args={'value': 4, 'prev_value': None, 'change': True}
2025-10-06 19:14:49,721 : INFO : EventManager : Event: ======'machine_var_audits_missing_switches_s_left_outlane'====== Args={'value': 73, 'prev_value': None, 'change': True}
2025-10-06 19:14:49,721 : INFO : EventManager : Event: ======'machine_var_audits_missing_switches_s_left_ramp'====== Args={'value': 4, 'prev_value': None, 'change': True}
2025-10-06 19:14:49,721 : INFO : EventManager : Event: ======'machine_var_audits_missing_switches_s_left_slingshot'====== Args={'value': 255, 'prev_value': None, 'change': True}
2025-10-06 19:14:49,721 : INFO : EventManager : Event: ======'machine_var_audits_missing_switches_s_left_upper_pop'====== Args={'value': 73, 'prev_value': None, 'change': True}
2025-10-06 19:14:49,721 : INFO : EventManager : Event: ======'machine_var_audits_missing_switches_s_pop_standup'====== Args={'value': 4, 'prev_value': None, 'change': True}
2025-10-06 19:14:49,721 : INFO : EventManager : Event: ======'machine_var_audits_missing_switches_s_right_flipper'====== Args={'value': 39, 'prev_value': None, 'change': True}
2025-10-06 19:14:49,721 : INFO : EventManager : Event: ======'machine_var_audits_missing_switches_s_right_inlane'====== Args={'value': 140, 'prev_value': None, 'change': True}
2025-10-06 19:14:49,721 : INFO : EventManager : Event: ======'machine_var_audits_missing_switches_s_right_orbit'====== Args={'value': 4, 'prev_value': None, 'change': True}
2025-10-06 19:14:49,722 : INFO : EventManager : Event: ======'machine_var_audits_missing_switches_s_right_outlane'====== Args={'value': 140, 'prev_value': None, 'change': True}
2025-10-06 19:14:49,722 : INFO : EventManager : Event: ======'machine_var_audits_missing_switches_s_right_ramp'====== Args={'value': 4, 'prev_value': None, 'change': True}
2025-10-06 19:14:49,722 : INFO : EventManager : Event: ======'machine_var_audits_missing_switches_s_right_slingshot'====== Args={'value': 105, 'prev_value': None, 'change': True}
2025-10-06 19:14:49,722 : INFO : EventManager : Event: ======'machine_var_audits_missing_switches_s_spinner'====== Args={'value': 6, 'prev_value': None, 'change': True}
2025-10-06 19:14:49,722 : INFO : EventManager : Event: ======'machine_var_audits_missing_switches_s_start'====== Args={'value': 38, 'prev_value': None, 'change': True}
2025-10-06 19:14:49,722 : INFO : EventManager : Event: ======'machine_var_audits_missing_switches_s_three_bank_standup'====== Args={'value': 3, 'prev_value': None, 'change': True}
2025-10-06 19:14:49,722 : INFO : EventManager : Event: ======'machine_var_audits_missing_switches_s_tilt_bob'====== Args={'value': 263, 'prev_value': None, 'change': True}
2025-10-06 19:14:49,722 : INFO : EventManager : Event: ======'machine_var_audits_missing_switches_s_top_right_flipper'====== Args={'value': 255, 'prev_value': None, 'change': True}
2025-10-06 19:14:49,723 : INFO : EventManager : Event: ======'machine_var_audits_missing_switches_s_trough2'====== Args={'value': 4, 'prev_value': None, 'change': True}
2025-10-06 19:14:49,723 : INFO : EventManager : Event: ======'machine_var_audits_missing_switches_s_trough3'====== Args={'value': 4, 'prev_value': None, 'change': True}
2025-10-06 19:14:49,723 : INFO : EventManager : Event: ======'machine_var_audits_missing_switches_s_trough4'====== Args={'value': 254, 'prev_value': None, 'change': True}
2025-10-06 19:14:49,723 : INFO : EventManager : Event: ======'machine_var_audits_missing_switches_s_trough5'====== Args={'value': 254, 'prev_value': None, 'change': True}
2025-10-06 19:14:49,723 : INFO : EventManager : Event: ======'machine_var_audits_missing_switches_s_trough6'====== Args={'value': 104, 'prev_value': None, 'change': True}
2025-10-06 19:14:49,723 : INFO : EventManager : Event: ======'machine_var_audits_missing_switches_s_trough_jam'====== Args={'value': 255, 'prev_value': None, 'change': True}
2025-10-06 19:14:49,723 : INFO : EventManager : Event: ======'machine_var_audits_missing_switches_s_tshirt_bottom_standup'====== Args={'value': 101, 'prev_value': None, 'change': True}
2025-10-06 19:14:49,723 : INFO : EventManager : Event: ======'machine_var_audits_missing_switches_s_tshirt_top_standup'====== Args={'value': 80, 'prev_value': None, 'change': True}
2025-10-06 19:14:49,723 : INFO : EventManager : Event: ======'machine_var_audits_missing_switches_s_upper_pop_standup'====== Args={'value': 255, 'prev_value': None, 'change': True}
2025-10-06 19:14:49,724 : INFO : EventManager : Event: ======'machine_var_audits_player_score'====== Args={'value': {'average': 16766, 'top': [140190, 55679, 54526, 46225, 25350, 24166, 23278, 22740, 20422, 20201], 'total': 37}, 'prev_value': None, 'change': True}
2025-10-06 19:14:49,724 : INFO : EventManager : Event: ======'machine_var_audits_shots_skill_captive'====== Args={'value': 16, 'prev_value': None, 'change': True}
2025-10-06 19:14:49,724 : INFO : EventManager : Event: ======'machine_var_audits_shots_skill_drop_targets'====== Args={'value': 104, 'prev_value': None, 'change': True}
2025-10-06 19:14:49,724 : INFO : EventManager : Event: ======'machine_var_audits_shots_skill_side_targets'====== Args={'value': 27, 'prev_value': None, 'change': True}
2025-10-06 19:14:49,724 : INFO : EventManager : Event: ======'machine_var_audits_switches_s_captive_ball'====== Args={'value': 172, 'prev_value': None, 'change': True}
2025-10-06 19:14:49,724 : INFO : EventManager : Event: ======'machine_var_audits_switches_s_center_upper_pop'====== Args={'value': 196, 'prev_value': None, 'change': True}
2025-10-06 19:14:49,724 : INFO : EventManager : Event: ======'machine_var_audits_switches_s_inner_orbit'====== Args={'value': 0, 'prev_value': None, 'change': True}
2025-10-06 19:14:49,724 : INFO : EventManager : Event: ======'machine_var_audits_switches_s_left_flipper'====== Args={'value': 1247, 'prev_value': None, 'change': True}
2025-10-06 19:14:49,724 : INFO : EventManager : Event: ======'machine_var_audits_switches_s_left_inlane'====== Args={'value': 110, 'prev_value': None, 'change': True}
2025-10-06 19:14:49,724 : INFO : EventManager : Event: ======'machine_var_audits_switches_s_left_orbit'====== Args={'value': 47, 'prev_value': None, 'change': True}
2025-10-06 19:14:49,724 : INFO : EventManager : Event: ======'machine_var_audits_switches_s_left_outlane'====== Args={'value': 56, 'prev_value': None, 'change': True}
2025-10-06 19:14:49,724 : INFO : EventManager : Event: ======'machine_var_audits_switches_s_left_ramp'====== Args={'value': 92, 'prev_value': None, 'change': True}
2025-10-06 19:14:49,724 : INFO : EventManager : Event: ======'machine_var_audits_switches_s_left_slingshot'====== Args={'value': 259, 'prev_value': None, 'change': True}
2025-10-06 19:14:49,725 : INFO : EventManager : Event: ======'machine_var_audits_switches_s_left_upper_pop'====== Args={'value': 148, 'prev_value': None, 'change': True}
2025-10-06 19:14:49,725 : INFO : EventManager : Event: ======'machine_var_audits_switches_s_plunger'====== Args={'value': 852, 'prev_value': None, 'change': True}
2025-10-06 19:14:49,725 : INFO : EventManager : Event: ======'machine_var_audits_switches_s_pop_standup'====== Args={'value': 88, 'prev_value': None, 'change': True}
2025-10-06 19:14:49,725 : INFO : EventManager : Event: ======'machine_var_audits_switches_s_right_flipper'====== Args={'value': 1521, 'prev_value': None, 'change': True}
2025-10-06 19:14:49,725 : INFO : EventManager : Event: ======'machine_var_audits_switches_s_right_inlane'====== Args={'value': 106, 'prev_value': None, 'change': True}
2025-10-06 19:14:49,725 : INFO : EventManager : Event: ======'machine_var_audits_switches_s_right_lower_pop'====== Args={'value': 469, 'prev_value': None, 'change': True}
2025-10-06 19:14:49,725 : INFO : EventManager : Event: ======'machine_var_audits_switches_s_right_orbit'====== Args={'value': 49, 'prev_value': None, 'change': True}
2025-10-06 19:14:49,725 : INFO : EventManager : Event: ======'machine_var_audits_switches_s_right_outlane'====== Args={'value': 53, 'prev_value': None, 'change': True}
2025-10-06 19:14:49,726 : INFO : EventManager : Event: ======'machine_var_audits_switches_s_right_ramp'====== Args={'value': 94, 'prev_value': None, 'change': True}
2025-10-06 19:14:49,726 : INFO : EventManager : Event: ======'machine_var_audits_switches_s_right_slingshot'====== Args={'value': 366, 'prev_value': None, 'change': True}
2025-10-06 19:14:49,726 : INFO : EventManager : Event: ======'machine_var_audits_switches_s_scoop'====== Args={'value': 255, 'prev_value': None, 'change': True}
2025-10-06 19:14:49,726 : INFO : EventManager : Event: ======'machine_var_audits_switches_s_spinner'====== Args={'value': 1372, 'prev_value': None, 'change': True}
2025-10-06 19:14:49,727 : INFO : EventManager : Event: ======'machine_var_audits_switches_s_start'====== Args={'value': 56, 'prev_value': None, 'change': True}
2025-10-06 19:14:49,727 : INFO : EventManager : Event: ======'machine_var_audits_switches_s_three_bank_bottom'====== Args={'value': 275, 'prev_value': None, 'change': True}
2025-10-06 19:14:49,727 : INFO : EventManager : Event: ======'machine_var_audits_switches_s_three_bank_middle'====== Args={'value': 317, 'prev_value': None, 'change': True}
2025-10-06 19:14:49,727 : INFO : EventManager : Event: ======'machine_var_audits_switches_s_three_bank_standup'====== Args={'value': 173, 'prev_value': None, 'change': True}
2025-10-06 19:14:49,727 : INFO : EventManager : Event: ======'machine_var_audits_switches_s_three_bank_top'====== Args={'value': 308, 'prev_value': None, 'change': True}
2025-10-06 19:14:49,727 : INFO : EventManager : Event: ======'machine_var_audits_switches_s_tilt_bob'====== Args={'value': 21, 'prev_value': None, 'change': True}
2025-10-06 19:14:49,727 : INFO : EventManager : Event: ======'machine_var_audits_switches_s_top_right_flipper'====== Args={'value': 1294, 'prev_value': None, 'change': True}
2025-10-06 19:14:49,727 : INFO : EventManager : Event: ======'machine_var_audits_switches_s_trough1'====== Args={'value': 250, 'prev_value': None, 'change': True}
2025-10-06 19:14:49,727 : INFO : EventManager : Event: ======'machine_var_audits_switches_s_trough2'====== Args={'value': 268, 'prev_value': None, 'change': True}
2025-10-06 19:14:49,728 : INFO : EventManager : Event: ======'machine_var_audits_switches_s_trough3'====== Args={'value': 196, 'prev_value': None, 'change': True}
2025-10-06 19:14:49,728 : INFO : EventManager : Event: ======'machine_var_audits_switches_s_trough4'====== Args={'value': 160, 'prev_value': None, 'change': True}
2025-10-06 19:14:49,728 : INFO : EventManager : Event: ======'machine_var_audits_switches_s_trough5'====== Args={'value': 160, 'prev_value': None, 'change': True}
2025-10-06 19:14:49,728 : INFO : EventManager : Event: ======'machine_var_audits_switches_s_trough6'====== Args={'value': 161, 'prev_value': None, 'change': True}
2025-10-06 19:14:49,728 : INFO : EventManager : Event: ======'machine_var_audits_switches_s_trough_jam'====== Args={'value': 206, 'prev_value': None, 'change': True}
2025-10-06 19:14:49,728 : INFO : EventManager : Event: ======'machine_var_audits_switches_s_tshirt_bottom_standup'====== Args={'value': 31, 'prev_value': None, 'change': True}
2025-10-06 19:14:49,728 : INFO : EventManager : Event: ======'machine_var_audits_switches_s_tshirt_top_standup'====== Args={'value': 58, 'prev_value': None, 'change': True}
2025-10-06 19:14:49,728 : INFO : EventManager : Event: ======'machine_var_audits_switches_s_upper_pop_standup'====== Args={'value': 158, 'prev_value': None, 'change': True}
2025-10-06 19:14:49,729 : INFO : EventManager : Event: ======'init_phase_5'====== Args={}
2025-10-06 19:14:49,742 : INFO : EventManager : Event: ======'init_done'====== Args={}
2025-10-06 19:14:49,743 : INFO : EventManager : Event: ======'machine_reset_phase_1'====== Args={}
2025-10-06 19:14:49,753 : INFO : EventManager : Event: ======'machine_reset_phase_2'====== Args={}
2025-10-06 19:14:49,753 : INFO : EventManager : Event: ======'machine_reset_phase_3'====== Args={}
2025-10-06 19:14:49,753 : INFO : drop_target_bank.three_bank : All targets are already up. Will not reset bank.
2025-10-06 19:14:49,754 : INFO : EventManager : Event: ======'reset_complete'====== Args={}
2025-10-06 19:14:49,754 : INFO : EventManager : Event: ======'mode_attract_will_start'====== Args={}
2025-10-06 19:14:49,754 : INFO : EventManager : Event: ======'mode_attract_starting'====== Args={}
2025-10-06 19:14:49,754 : INFO : Mode.attract : Started. Priority: 10
2025-10-06 19:14:49,754 : INFO : EventManager : Event: ======'modes_active_modes_changed'====== Args={}
2025-10-06 19:14:49,754 : INFO : EventManager : Event: ======'mode_attract_started'====== Args={}
2025-10-06 19:14:49,755 : INFO : EventManager : Event: ======'collecting_balls_complete'====== Args={}
2025-10-06 19:14:49,770 : INFO : Machine : Starting the main run loop with active modes: [<Mode.attract>]
2025-10-06 19:14:49,781 : INFO : EventManager : Event: ======'slide_loading_created'====== Args={'_from_bcp': True}
2025-10-06 19:14:49,781 : INFO : EventManager : Event: ======'slide__removed'====== Args={'_from_bcp': True}
2025-10-06 19:14:49,782 : INFO : EventManager : Event: ======'slide_loading_active'====== Args={'original_context': '_global', 'original_calling_context': 'init_done', 'priority': 0.0, 'cmd': 'slides_play', '_from_bcp': True}
2025-10-06 19:14:49,837 : INFO : EventManager : Event: ======'slide_attract_created'====== Args={'_from_bcp': True}
2025-10-06 19:14:49,837 : INFO : EventManager : Event: ======'slide_loading_inactive'====== Args={'is_removing': True, '_from_bcp': True}
2025-10-06 19:14:49,837 : INFO : EventManager : Event: ======'slide_attract_active'====== Args={'original_context': 'attract', 'original_calling_context': 'mode_attract_started', 'priority': 10.0, 'cmd': 'slides_play', '_from_bcp': True}
2025-10-06 19:14:49,837 : INFO : EventManager : Event: ======'slide_loading_removed'====== Args={'_from_bcp': True}
2025-10-06 19:14:49,893 : INFO : BcpServer : New client connected.
2025-10-06 19:14:51,917 : INFO : SwitchController : <<<<<<< 's_start' active >>>>>>>
2025-10-06 19:14:52,050 : INFO : SwitchController : <<<<<<< 's_start' inactive >>>>>>>
2025-10-06 19:14:52,050 : INFO : EventManager : Event: ======'request_to_start_game'====== Args={}
2025-10-06 19:14:52,051 : INFO : EventManager : Event: ======'game_start'====== Args={'buttons': [], 'hold_time': 0.14100000000325963}
2025-10-06 19:14:52,052 : INFO : EventManager : Event: ======'mode_game_will_start'====== Args={'buttons': [], 'hold_time': 0.14100000000325963}
2025-10-06 19:14:52,053 : INFO : EventManager : Event: ======'mode_game_starting'====== Args={'buttons': [], 'hold_time': 0.14100000000325963}
2025-10-06 19:14:52,053 : INFO : EventManager : Event: ======'mode_attract_will_stop'====== Args={}
2025-10-06 19:14:52,053 : INFO : EventManager : Event: ======'mode_attract_stopping'====== Args={}
2025-10-06 19:14:52,054 : INFO : Mode.attract : Stopped.
2025-10-06 19:14:52,054 : INFO : EventManager : Event: ======'modes_active_modes_changed'====== Args={}
2025-10-06 19:14:52,054 : INFO : EventManager : Event: ======'mode_attract_stopped'====== Args={}
2025-10-06 19:14:52,054 : INFO : EventManager : Event: ======'clear'====== Args={'key': 'attract'}
2025-10-06 19:14:52,055 : INFO : Mode.game : Started. Priority: 20
2025-10-06 19:14:52,055 : INFO : EventManager : Event: ======'modes_active_modes_changed'====== Args={}
2025-10-06 19:14:52,055 : INFO : EventManager : Event: ======'mode_game_started'====== Args={'buttons': [], 'hold_time': 0.14100000000325963}
2025-10-06 19:14:52,060 : INFO : EventManager : Event: ======'game_will_start'====== Args={}
2025-10-06 19:14:52,061 : INFO : EventManager : Event: ======'game_starting'====== Args={'game': <Mode.game>}
2025-10-06 19:14:52,063 : INFO : EventManager : Unordered handler for class <Auditor> on event game_ended with priority 1. Handlers: [RegisteredHandler(callback=<bound method Auditor.disable of <Auditor>>, priority=1, kwargs={}, key=UUID('17a24c4b-1a60-4b67-abb3-4f0ad0740623'), condition=None, blocking_facility=None), RegisteredHandler(callback=<bound method Auditor._save_audits of <Auditor>>, priority=1, kwargs={}, key=UUID('0f62271c-6758-4a91-b99f-5e8bf79594b5'), condition=None, blocking_facility=None)]. The order of those handlers is not defined and they will be executed in random order. This might lead to race conditions and potential bugs.
2025-10-06 19:14:52,063 : INFO : EventManager : Event: ======'player_add_request'====== Args={}
2025-10-06 19:14:52,064 : INFO : EventManager : Event: ======'player_will_add'====== Args={'number': 1}
2025-10-06 19:14:52,064 : INFO : EventManager : Event: ======'player_adding'====== Args={'player': <Player 1>, 'number': 1}
2025-10-06 19:14:52,066 : INFO : EventManager : Event: ======'player_added'====== Args={'player': <Player 1>, 'num': 1}
2025-10-06 19:14:52,066 : INFO : Mode.game : Player added successfully. Total players: 1
2025-10-06 19:14:52,067 : INFO : EventManager : Event: ======'player_index'====== Args={'value': 0, 'prev_value': 0, 'change': 0, 'player_num': 1}
2025-10-06 19:14:52,067 : INFO : EventManager : Event: ======'player_number'====== Args={'value': 1, 'prev_value': 1, 'change': 0, 'player_num': 1}
2025-10-06 19:14:52,067 : INFO : EventManager : Event: ======'player_score'====== Args={'value': 0, 'prev_value': 0, 'change': 0, 'player_num': 1}
2025-10-06 19:14:52,069 : INFO : EventManager : Event: ======'game_started'====== Args={}
2025-10-06 19:14:52,079 : INFO : EventManager : Event: ======'player_turn_will_start'====== Args={'player': <Player 1>, 'number': 1}
2025-10-06 19:14:52,087 : INFO : EventManager : Event: ======'player_turn_starting'====== Args={'player': <Player 1>, 'number': 1}
2025-10-06 19:14:52,088 : INFO : EventManager : Event: ======'player_ball'====== Args={'value': 1, 'prev_value': 0, 'change': 1, 'player_num': 1}
2025-10-06 19:14:52,089 : INFO : EventManager : Event: ======'player_turn_started'====== Args={'player': <Player 1>, 'number': 1}
2025-10-06 19:14:52,092 : INFO : EventManager : Event: ======'ball_will_start'====== Args={'player': 1, 'ball': 1, 'balls_remaining': 2, 'is_extra_ball': False}
2025-10-06 19:14:52,095 : INFO : EventManager : Event: ======'ball_starting'====== Args={'player': 1, 'ball': 1, 'balls_remaining': 2, 'is_extra_ball': False}
2025-10-06 19:14:52,096 : INFO : EventManager : Event: ======'mode_base_will_start'====== Args={'queue': <QueuedEvent>, 'player': 1, 'ball': 1, 'balls_remaining': 2, 'is_extra_ball': False}
2025-10-06 19:14:52,107 : INFO : EventManager : Event: ======'mode_base_starting'====== Args={'queue': <QueuedEvent>, 'player': 1, 'ball': 1, 'balls_remaining': 2, 'is_extra_ball': False}
2025-10-06 19:14:52,108 : INFO : drop_target_bank.three_bank : All targets are already up. Will not reset bank.
2025-10-06 19:14:52,108 : INFO : EventManager : Event: ======'balls_in_play'====== Args={'balls': 1}
2025-10-06 19:14:52,109 : INFO : EventManager : Event: ======'ball_started'====== Args={'player': 1, 'ball': 1, 'balls_remaining': 2, 'is_extra_ball': False}
2025-10-06 19:14:52,110 : INFO : EventManager : Event: ======'logicblock_qualify_chcheckitout_multiball_updated'====== Args={'value': 0, 'enabled': True}
2025-10-06 19:14:52,110 : INFO : EventManager : Event: ======'logicblock_drop_target_bank_counter_updated'====== Args={'value': 0, 'enabled': True}
2025-10-06 19:14:52,110 : INFO : EventManager : Event: ======'logicblock_qualify_chcheckitout_multiball_updated'====== Args={'value': 0, 'enabled': True}
2025-10-06 19:14:52,110 : INFO : EventManager : Event: ======'logicblock_chcheckitout_multiball_ready_updated'====== Args={'value': 0, 'enabled': False}
2025-10-06 19:14:52,110 : INFO : EventManager : Event: ======'logicblock_drop_target_bank_counter_updated'====== Args={'value': 0, 'enabled': True}
2025-10-06 19:14:52,110 : INFO : Mode.base : Started. Priority: 100
2025-10-06 19:14:52,110 : INFO : EventManager : Event: ======'modes_active_modes_changed'====== Args={}
2025-10-06 19:14:52,110 : INFO : EventManager : Event: ======'mode_base_started'====== Args={'queue': <QueuedEvent>, 'player': 1, 'ball': 1, 'balls_remaining': 2, 'is_extra_ball': False}
2025-10-06 19:14:52,111 : INFO : EventManager : Event: ======'mode_skill_shot_will_start'====== Args={'player': 1, 'ball': 1, 'balls_remaining': 2, 'is_extra_ball': False}
2025-10-06 19:14:52,113 : INFO : EventManager : Event: ======'player_shot_skill_side_targets_enabled'====== Args={'value': True, 'prev_value': 0, 'change': 1, 'player_num': 1}
2025-10-06 19:14:52,114 : INFO : EventManager : Event: ======'player_shot_skill_drop_targets_enabled'====== Args={'value': True, 'prev_value': 0, 'change': 1, 'player_num': 1}
2025-10-06 19:14:52,115 : INFO : EventManager : Event: ======'skill_shot_complete'====== Args={'state': 'unlit'}
2025-10-06 19:14:52,115 : INFO : EventManager : Event: ======'skill_shot_unlit_complete'====== Args={}
2025-10-06 19:14:52,116 : INFO : EventManager : Event: ======'player_skill_shot_skill_shot_timeout_tick'====== Args={'value': 0, 'prev_value': 0, 'change': 0, 'player_num': 1}
2025-10-06 19:14:52,119 : INFO : EventManager : Event: ======'mode_skill_shot_starting'====== Args={'player': 1, 'ball': 1, 'balls_remaining': 2, 'is_extra_ball': False}
2025-10-06 19:14:52,120 : INFO : EventManager : Event: ======'player_multiball_blocking_flag'====== Args={'value': 0, 'prev_value': 0, 'change': 0, 'player_num': 1, 'source': 'base'}
2025-10-06 19:14:52,120 : INFO : EventManager : Event: ======'player_mode_blocking_flag'====== Args={'value': 0, 'prev_value': 0, 'change': 0, 'player_num': 1, 'source': 'base'}
2025-10-06 19:14:52,121 : INFO : EventManager : Event: ======'logicblock_drop_target_bank_counter_updated'====== Args={'value': 1, 'enabled': True}
2025-10-06 19:14:52,121 : INFO : EventManager : Event: ======'counter_drop_target_bank_counter_hit'====== Args={'count': 1, 'hits': 1, 'remaining': 1}
2025-10-06 19:14:52,121 : INFO : EventManager : Event: ======'logicblock_drop_target_bank_counter_hit'====== Args={'count': 1, 'hits': 1, 'remaining': 1}
2025-10-06 19:14:52,123 : INFO : EventManager : Event: ======'player_drop_target_bank_counter_count'====== Args={'value': 1, 'prev_value': 0, 'change': 1, 'player_num': 1, 'source': 'base'}
2025-10-06 19:14:52,124 : INFO : EventManager : Event: ======'player_drop_target_bank_counter_count'====== Args={'value': 0, 'prev_value': 1, 'change': -1, 'player_num': 1, 'source': 'base'}
2025-10-06 19:14:52,124 : INFO : EventManager : Event: ======'mode_multiball_will_start'====== Args={'queue': <QueuedEvent>, 'player': 1, 'ball': 1, 'balls_remaining': 2, 'is_extra_ball': False}
2025-10-06 19:14:52,126 : INFO : EventManager : Event: ======'mode_multiball_starting'====== Args={'queue': <QueuedEvent>, 'player': 1, 'ball': 1, 'balls_remaining': 2, 'is_extra_ball': False}
2025-10-06 19:14:52,126 : INFO : EventManager : Event: ======'mode_carousel_will_start'====== Args={'queue': <QueuedEvent>, 'player': 1, 'ball': 1, 'balls_remaining': 2, 'is_extra_ball': False}
2025-10-06 19:14:52,128 : INFO : EventManager : Event: ======'mode_carousel_starting'====== Args={'queue': <QueuedEvent>, 'player': 1, 'ball': 1, 'balls_remaining': 2, 'is_extra_ball': False}
2025-10-06 19:14:52,128 : INFO : EventManager : Event: ======'ball_save_default_enabled'====== Args={}
2025-10-06 19:14:52,129 : INFO : Mode.carousel : Started. Priority: 200
2025-10-06 19:14:52,129 : INFO : EventManager : Event: ======'modes_active_modes_changed'====== Args={}
2025-10-06 19:14:52,129 : INFO : EventManager : Event: ======'mode_carousel_started'====== Args={'queue': <QueuedEvent>, 'player': 1, 'ball': 1, 'balls_remaining': 2, 'is_extra_ball': False}
2025-10-06 19:14:52,130 : INFO : EventManager : Event: ======'item_highlighted'====== Args={'carousel': 'carousel', 'direction': None, 'item': 'intergalactic'}
2025-10-06 19:14:52,130 : INFO : Mode.multiball : Started. Priority: 1000
2025-10-06 19:14:52,130 : INFO : EventManager : Event: ======'modes_active_modes_changed'====== Args={}
2025-10-06 19:14:52,132 : INFO : EventManager : Event: ======'mode_multiball_started'====== Args={'queue': <QueuedEvent>, 'player': 1, 'ball': 1, 'balls_remaining': 2, 'is_extra_ball': False}
2025-10-06 19:14:52,132 : INFO : Mode.skill_shot : Started. Priority: 500
2025-10-06 19:14:52,132 : INFO : EventManager : Event: ======'modes_active_modes_changed'====== Args={}
2025-10-06 19:14:52,132 : INFO : EventManager : Event: ======'mode_skill_shot_started'====== Args={'player': 1, 'ball': 1, 'balls_remaining': 2, 'is_extra_ball': False}
2025-10-06 19:14:52,133 : INFO : EventManager : Event: ======'player_shot_skill_side_targets'====== Args={'value': 1, 'prev_value': 0, 'change': 1, 'player_num': 1}
2025-10-06 19:14:52,134 : INFO : EventManager : Event: ======'player_shot_skill_drop_targets'====== Args={'value': 1, 'prev_value': 0, 'change': 1, 'player_num': 1}
2025-10-06 19:14:52,136 : INFO : EventManager : Event: ======'skill_shot_complete'====== Args={'state': 'flashing'}
2025-10-06 19:14:52,136 : INFO : EventManager : Event: ======'skill_shot_flashing_complete'====== Args={}
2025-10-06 19:14:52,137 : INFO : EventManager : Event: ======'single_player_ball_started'====== Args={}
2025-10-06 19:14:52,154 : INFO : EventManager : Event: ======'ball_start_target'====== Args={'target': 'playfield'}
2025-10-06 19:14:52,155 : INFO : EventManager : Event: ======'slide_base_created'====== Args={'_from_bcp': True}
2025-10-06 19:14:52,157 : INFO : ball_device.bd_plunger : Setting up player-controlled eject. Balls: 1, Target: <playfield.playfield>, player_controlled_eject_event: None
2025-10-06 19:14:52,158 : INFO : EventManager : Event: ======'balldevice_balls_available'====== Args={}
2025-10-06 19:14:52,159 : INFO : EventManager : Event: ======'slide_score_overlay_created'====== Args={'_from_bcp': True}
2025-10-06 19:14:52,159 : INFO : EventManager : Event: ======'slide_attract_inactive'====== Args={'is_removing': True, '_from_bcp': True}
2025-10-06 19:14:52,159 : INFO : EventManager : Event: ======'slide_score_overlay_active'====== Args={'original_context': 'base', 'original_calling_context': 'mode_base_started', 'priority': 100.0, 'queue': '<QueuedEvent>', 'player': 1.0, 'ball': 1.0, 'balls_remaining': 2.0, 'is_extra_ball': False, 'cmd': 'slides_play', '_from_bcp': True}
2025-10-06 19:14:52,160 : INFO : ball_device.bd_trough : State: waiting_for_target_ready
2025-10-06 19:14:52,161 : INFO : EventManager : Event: ======'balldevice_bd_trough_ball_eject_attempt'====== Args={'balls': 1, 'target': <ball_device.bd_plunger>, 'source': <ball_device.bd_trough>, 'mechanical_eject': True, 'num_attempts': 0}
2025-10-06 19:14:52,161 : INFO : ball_device.bd_plunger : State: waiting_for_ball
2025-10-06 19:14:52,163 : INFO : ball_device.bd_trough : State: ejecting
2025-10-06 19:14:52,166 : INFO : ball_device.bd_trough : Ejecting ball to <ball_device.bd_plunger>
2025-10-06 19:14:52,166 : INFO : EventManager : Event: ======'balldevice_bd_trough_ejecting_ball'====== Args={'balls': 1, 'target': <ball_device.bd_plunger>, 'source': <ball_device.bd_trough>, 'mechanical_eject': True, 'num_attempts': 0}
2025-10-06 19:14:52,167 : INFO : EventManager : Event: ======'slide_attract_removed'====== Args={'_from_bcp': True}
2025-10-06 19:14:52,169 : INFO : ball_device.bd_trough : Wait for ball to leave device
2025-10-06 19:14:52,169 : INFO : coil.c_trough_eject : Pulsing Driver for 20ms (1.0 pulse_power)
2025-10-06 19:14:52,170 : INFO : SwitchController : <<<<<<< 's_trough1' inactive >>>>>>>
2025-10-06 19:14:52,174 : INFO : ball_device.bd_trough : State: ball_left
2025-10-06 19:14:52,174 : INFO : ball_device.bd_trough : Ball left
2025-10-06 19:14:52,175 : INFO : ball_device.bd_trough : Wait for confirm with timeout 3.0
2025-10-06 19:14:52,176 : INFO : EventManager : Event: ======'slide_current_mode_highlighted_created'====== Args={'_from_bcp': True}
2025-10-06 19:14:52,267 : INFO : SwitchController : <<<<<<< 's_plunger' active >>>>>>>
2025-10-06 19:14:52,267 : INFO : EventManager : Event: ======'machine_var_audits_switches_s_plunger'====== Args={'value': 853, 'prev_value': 852, 'change': 1}
2025-10-06 19:14:52,419 : INFO : EventManager : Event: ======'slide_skillshot_overlay_created'====== Args={'_from_bcp': True}
2025-10-06 19:14:52,793 : INFO : ball_device.bd_plunger : Received ball from <ball_device.bd_trough>
2025-10-06 19:14:52,793 : INFO : EventManager : Event: ======'balldevice_bd_plunger_ball_enter'====== Args={'new_balls': 1, 'unclaimed_balls': 0, 'new_available_balls': 0, 'device': <ball_device.bd_plunger>}
2025-10-06 19:14:52,794 : INFO : EventManager : Event: ======'balldevice_bd_plunger_ball_entered'====== Args={'new_balls': 0, 'device': <ball_device.bd_plunger>}
2025-10-06 19:14:52,795 : INFO : EventManager : Event: ======'balldevice_bd_plunger_ball_count_changed'====== Args={'balls': 1}
2025-10-06 19:14:52,796 : INFO : ball_device.bd_trough : Got eject confirm
2025-10-06 19:14:52,796 : INFO : ball_device.bd_trough : Eject successful
2025-10-06 19:14:52,796 : INFO : EventManager : Event: ======'balldevice_bd_trough_ball_eject_success'====== Args={'balls': 1, 'target': <ball_device.bd_plunger>}
2025-10-06 19:14:52,797 : INFO : EventManager : Event: ======'balldevice_bd_trough_ball_count_changed'====== Args={'balls': 5}
2025-10-06 19:14:52,797 : INFO : ball_device.bd_trough : State: idle
2025-10-06 19:14:52,798 : INFO : ball_device.bd_plunger : State: waiting_for_target_ready
2025-10-06 19:14:52,799 : INFO : EventManager : Event: ======'balldevice_bd_plunger_ball_eject_attempt'====== Args={'balls': 1, 'target': <playfield.playfield>, 'source': <ball_device.bd_plunger>, 'mechanical_eject': True, 'num_attempts': 0}
2025-10-06 19:14:52,800 : INFO : ball_device.bd_plunger : State: ejecting
2025-10-06 19:14:52,800 : INFO : ball_device.bd_plunger : Ejecting ball to <playfield.playfield>
2025-10-06 19:14:52,800 : INFO : EventManager : Event: ======'balldevice_bd_plunger_ejecting_ball'====== Args={'balls': 1, 'target': <playfield.playfield>, 'source': <ball_device.bd_plunger>, 'mechanical_eject': True, 'num_attempts': 0}
2025-10-06 19:14:52,802 : INFO : ball_device.bd_plunger : Wait for ball to leave device
2025-10-06 19:14:53,547 : INFO : SwitchController : <<<<<<< 's_plunger' inactive >>>>>>>
2025-10-06 19:14:53,547 : INFO : EventManager : Event: ======'ball_out'====== Args={}
2025-10-06 19:14:53,548 : INFO : EventManager : Event: ======'ball_save_default_timer_start'====== Args={}
2025-10-06 19:14:53,552 : INFO : ball_device.bd_plunger : State: ball_left
2025-10-06 19:14:53,552 : INFO : ball_device.bd_plunger : Ball left
2025-10-06 19:14:53,552 : INFO : ball_device.bd_plunger : Wait for confirm with timeout 3.0
2025-10-06 19:14:54,013 : INFO : SwitchController : <<<<<<< 's_three_bank_bottom' active >>>>>>>
2025-10-06 19:14:54,013 : INFO : EventManager : Event: ======'playfield_active'====== Args={'source': 'skill_drop_targets'}
2025-10-06 19:14:54,013 : INFO : EventManager : Event: ======'s_three_bank_bottom_active'====== Args={}
2025-10-06 19:14:54,013 : INFO : EventManager : Event: ======'playfield_active'====== Args={'source': 'bottom'}
2025-10-06 19:14:54,014 : INFO : EventManager : Event: ======'drop_target_bottom_down'====== Args={'device': <drop_target.bottom>}
2025-10-06 19:14:54,014 : INFO : EventManager : Event: ======'drop_target_bank_three_bank_mixed'====== Args={'prev_value': <DropTargetBankState.UP: 'up'>, 'down': 1}
2025-10-06 19:14:54,014 : INFO : EventManager : Event: ======'machine_var_audits_switches_s_three_bank_bottom'====== Args={'value': 276, 'prev_value': 275, 'change': 1}
2025-10-06 19:14:54,014 : INFO : EventManager : Event: ======'player_shot_skill_drop_targets'====== Args={'value': 2, 'prev_value': 1, 'change': 1, 'player_num': 1}
2025-10-06 19:14:54,015 : INFO : EventManager : Event: ======'machine_var_audits_shots_skill_drop_targets'====== Args={'value': 105, 'prev_value': 104, 'change': 1}
2025-10-06 19:14:54,015 : INFO : EventManager : Event: ======'skill_drop_targets_hit'====== Args={'profile': 'skill_shot_profile', 'state': 'flashing', 'advancing': True}
2025-10-06 19:14:54,016 : INFO : EventManager : Event: ======'skill_drop_targets_skill_shot_profile_hit'====== Args={'profile': 'skill_shot_profile', 'state': 'flashing', 'advancing': True}
2025-10-06 19:14:54,016 : INFO : EventManager : Event: ======'skill_drop_targets_skill_shot_profile_flashing_hit'====== Args={'profile': 'skill_shot_profile', 'state': 'flashing', 'advancing': True}
2025-10-06 19:14:54,016 : INFO : EventManager : Event: ======'skill_drop_targets_flashing_hit'====== Args={'profile': 'skill_shot_profile', 'state': 'flashing', 'advancing': True}
2025-10-06 19:14:54,016 : INFO : EventManager : Event: ======'player_score'====== Args={'value': 2220, 'prev_value': 0, 'change': 2220, 'player_num': 1, 'source': 'base'}
2025-10-06 19:14:54,016 : INFO : EventManager : Event: ======'skill_shot_hit'====== Args={'shot': 'skill_drop_targets'}
2025-10-06 19:14:54,016 : INFO : EventManager : Event: ======'skill_shot_flashing_hit'====== Args={'shot': 'skill_drop_targets'}
2025-10-06 19:14:54,016 : INFO : state_machine.skill_shot_success : Transitioning from start to success
2025-10-06 19:14:54,017 : INFO : EventManager : Event: ======'skill_success'====== Args={}
2025-10-06 19:14:54,017 : INFO : EventManager : Event: ======'mode_skill_shot_will_stop'====== Args={}
2025-10-06 19:14:54,017 : INFO : EventManager : Event: ======'mode_skill_shot_stopping'====== Args={}
2025-10-06 19:14:54,017 : INFO : EventManager : Event: ======'player_score'====== Args={'value': 2002220, 'prev_value': 2220, 'change': 2000000, 'player_num': 1, 'source': 'skill_shot'}
2025-10-06 19:14:54,021 : INFO : Mode.skill_shot : Stopped.
2025-10-06 19:14:54,021 : INFO : EventManager : Event: ======'modes_active_modes_changed'====== Args={}
2025-10-06 19:14:54,021 : INFO : EventManager : Event: ======'mode_skill_shot_stopped'====== Args={}
2025-10-06 19:14:54,021 : INFO : EventManager : Event: ======'clear'====== Args={'key': 'skill_shot'}
2025-10-06 19:14:54,023 : INFO : Timer.skill_shot_timeout : Stopping Timer
2025-10-06 19:14:54,023 : INFO : EventManager : Event: ======'timer_skill_shot_timeout_stopped'====== Args={'ticks': 0, 'ticks_remaining': 0}
2025-10-06 19:14:54,053 : INFO : ball_device.bd_plunger : Got eject confirm
2025-10-06 19:14:54,053 : INFO : ball_device.bd_plunger : Eject successful
2025-10-06 19:14:54,053 : INFO : EventManager : Event: ======'balldevice_bd_plunger_ball_eject_success'====== Args={'balls': 1, 'target': <playfield.playfield>}
2025-10-06 19:14:54,054 : INFO : EventManager : Event: ======'slide_skillshot_overlay_removed'====== Args={'_from_bcp': True}
2025-10-06 19:14:54,054 : INFO : EventManager : Event: ======'slide_skillshot_success_overlay_created'====== Args={'_from_bcp': True}
2025-10-06 19:14:54,054 : INFO : EventManager : Event: ======'balldevice_playfield_ball_enter'====== Args={'new_balls': 1, 'unclaimed_balls': 1, 'device': <playfield.playfield>}
2025-10-06 19:14:54,054 : INFO : EventManager : Event: ======'playfield_ball_count_change'====== Args={'balls': 1, 'change': 1}
2025-10-06 19:14:54,056 : INFO : EventManager : Event: ======'balldevice_bd_plunger_ball_count_changed'====== Args={'balls': 0}
2025-10-06 19:14:54,056 : INFO : ball_device.bd_plunger : State: idle
2025-10-06 19:14:54,247 : INFO : SwitchController : <<<<<<< 's_three_bank_middle' active >>>>>>>
2025-10-06 19:14:54,247 : INFO : EventManager : Event: ======'s_three_bank_middle_active'====== Args={}
2025-10-06 19:14:54,247 : INFO : EventManager : Event: ======'drop_target_middle_down'====== Args={'device': <drop_target.middle>}
2025-10-06 19:14:54,247 : INFO : EventManager : Event: ======'drop_target_bank_three_bank_mixed'====== Args={'prev_value': <DropTargetBankState.MIXED: 'mixed'>, 'down': 2}
2025-10-06 19:14:54,247 : INFO : EventManager : Event: ======'machine_var_audits_switches_s_three_bank_middle'====== Args={'value': 318, 'prev_value': 317, 'change': 1}
2025-10-06 19:14:54,248 : INFO : EventManager : Event: ======'player_score'====== Args={'value': 2004440, 'prev_value': 2002220, 'change': 2220, 'player_num': 1, 'source': 'base'}
2025-10-06 19:14:54,463 : INFO : SwitchController : <<<<<<< 's_three_bank_top' active >>>>>>>
2025-10-06 19:14:54,463 : INFO : EventManager : Event: ======'s_three_bank_top_active'====== Args={}
2025-10-06 19:14:54,463 : INFO : EventManager : Event: ======'drop_target_top_down'====== Args={'device': <drop_target.top>}
2025-10-06 19:14:54,464 : INFO : EventManager : Event: ======'drop_target_bank_three_bank_down'====== Args={}
2025-10-06 19:14:54,464 : INFO : EventManager : Event: ======'machine_var_audits_switches_s_three_bank_top'====== Args={'value': 309, 'prev_value': 308, 'change': 1}
2025-10-06 19:14:54,464 : INFO : EventManager : Event: ======'player_score'====== Args={'value': 2006660, 'prev_value': 2004440, 'change': 2220, 'player_num': 1, 'source': 'base'}
2025-10-06 19:14:54,466 : INFO : EventManager : Event: ======'logicblock_drop_target_bank_counter_updated'====== Args={'value': 2, 'enabled': True}
2025-10-06 19:14:54,466 : INFO : EventManager : Event: ======'counter_drop_target_bank_counter_hit'====== Args={'count': 2, 'hits': 2, 'remaining': 0}
2025-10-06 19:14:54,466 : INFO : EventManager : Event: ======'logicblock_drop_target_bank_counter_hit'====== Args={'count': 2, 'hits': 2, 'remaining': 0}
2025-10-06 19:14:54,466 : INFO : EventManager : Event: ======'chcheckitout_multiball_qualified'====== Args={}
2025-10-06 19:14:54,466 : INFO : EventManager : Event: ======'player_drop_target_bank_counter_count'====== Args={'value': 2, 'prev_value': 0, 'change': 2, 'player_num': 1, 'source': 'base'}
2025-10-06 19:14:54,467 : INFO : EventManager : Event: ======'logicblock_qualify_chcheckitout_multiball_updated'====== Args={'value': 1, 'enabled': True}
2025-10-06 19:14:54,467 : INFO : EventManager : Event: ======'logicblock_qualify_chcheckitout_multiball_hit'====== Args={'step': 1}
2025-10-06 19:14:54,467 : INFO : EventManager : Event: ======'drops_standup_start_multiball'====== Args={}
2025-10-06 19:14:54,467 : INFO : EventManager : Event: ======'logicblock_qualify_chcheckitout_multiball_updated'====== Args={'value': 0, 'enabled': True}
2025-10-06 19:14:54,468 : INFO : EventManager : Event: ======'logicblock_chcheckitout_multiball_ready_updated'====== Args={'value': 0, 'enabled': True}
2025-10-06 19:14:55,461 : INFO : drop_target_bank.three_bank : 3 targets are down. Will reset those.
2025-10-06 19:14:55,461 : INFO : coil.c_three_bank : Pulsing Driver for 23ms (1.0 pulse_power)
2025-10-06 19:14:55,522 : INFO : SwitchController : <<<<<<< 's_three_bank_bottom' inactive (muted) >>>>>>>
2025-10-06 19:14:55,522 : INFO : SwitchController : <<<<<<< 's_three_bank_middle' inactive (muted) >>>>>>>
2025-10-06 19:14:55,522 : INFO : SwitchController : <<<<<<< 's_three_bank_top' inactive (muted) >>>>>>>
2025-10-06 19:14:55,959 : INFO : EventManager : Event: ======'drop_target_bottom_up'====== Args={'device': <drop_target.bottom>}
2025-10-06 19:14:55,960 : INFO : EventManager : Event: ======'drop_target_middle_up'====== Args={'device': <drop_target.middle>}
2025-10-06 19:14:55,960 : INFO : EventManager : Event: ======'drop_target_top_up'====== Args={'device': <drop_target.top>}
2025-10-06 19:14:55,961 : INFO : EventManager : Event: ======'drop_target_bank_three_bank_up'====== Args={}
2025-10-06 19:14:56,012 : INFO : EventManager : Event: ======'slide_skillshot_success_overlay_removed'====== Args={'_from_bcp': True}
2025-10-06 19:14:56,568 : INFO : EventManager : Event: ======'ball_save_default_hurry_up'====== Args={}
2025-10-06 19:14:56,794 : INFO : SwitchController : <<<<<<< 's_three_bank_middle' active >>>>>>>
2025-10-06 19:14:56,794 : INFO : EventManager : Event: ======'s_three_bank_middle_active'====== Args={}
2025-10-06 19:14:56,794 : INFO : EventManager : Event: ======'drop_target_middle_down'====== Args={'device': <drop_target.middle>}
2025-10-06 19:14:56,794 : INFO : EventManager : Event: ======'drop_target_bank_three_bank_mixed'====== Args={'prev_value': <DropTargetBankState.UP: 'up'>, 'down': 1}
2025-10-06 19:14:56,794 : INFO : EventManager : Event: ======'machine_var_audits_switches_s_three_bank_middle'====== Args={'value': 319, 'prev_value': 318, 'change': 1}
2025-10-06 19:14:56,796 : INFO : EventManager : Event: ======'player_score'====== Args={'value': 2008880, 'prev_value': 2006660, 'change': 2220, 'player_num': 1, 'source': 'base'}
2025-10-06 19:14:57,027 : INFO : SwitchController : <<<<<<< 's_three_bank_top' active >>>>>>>
2025-10-06 19:14:57,027 : INFO : EventManager : Event: ======'s_three_bank_top_active'====== Args={}
2025-10-06 19:14:57,027 : INFO : EventManager : Event: ======'drop_target_top_down'====== Args={'device': <drop_target.top>}
2025-10-06 19:14:57,028 : INFO : EventManager : Event: ======'drop_target_bank_three_bank_mixed'====== Args={'prev_value': <DropTargetBankState.MIXED: 'mixed'>, 'down': 2}
2025-10-06 19:14:57,028 : INFO : EventManager : Event: ======'machine_var_audits_switches_s_three_bank_top'====== Args={'value': 310, 'prev_value': 309, 'change': 1}
2025-10-06 19:14:57,028 : INFO : EventManager : Event: ======'player_score'====== Args={'value': 2011100, 'prev_value': 2008880, 'change': 2220, 'player_num': 1, 'source': 'base'}
2025-10-06 19:14:57,711 : INFO : SwitchController : <<<<<<< 's_scoop' active >>>>>>>
2025-10-06 19:14:57,711 : INFO : EventManager : Event: ======'s_scoop_active'====== Args={}
2025-10-06 19:14:57,711 : INFO : EventManager : Event: ======'machine_var_audits_switches_s_scoop'====== Args={'value': 256, 'prev_value': 255, 'change': 1}
2025-10-06 19:14:57,712 : INFO : EventManager : Event: ======'scoop_hit'====== Args={'elapsed': 0}
2025-10-06 19:14:57,713 : INFO : EventManager : Event: ======'carousel_intergalactic_selected'====== Args={}
2025-10-06 19:14:57,713 : INFO : EventManager : Event: ======'carousel_item_selected'====== Args={}
2025-10-06 19:14:57,713 : INFO : EventManager : Event: ======'player_score'====== Args={'value': 2013410, 'prev_value': 2011100, 'change': 2310, 'player_num': 1, 'source': 'base'}
2025-10-06 19:14:57,713 : INFO : EventManager : Event: ======'mode_intergalactic_will_start'====== Args={}
2025-10-06 19:14:57,714 : INFO : EventManager : Event: ======'player_intergalactic_intergalactic_intro_show_tick'====== Args={'value': 0, 'prev_value': 0, 'change': 0, 'player_num': 1}
2025-10-06 19:14:57,714 : INFO : EventManager : Event: ======'player_intergalactic_intergalactic_time_remaining_tick'====== Args={'value': 60, 'prev_value': 0, 'change': 60, 'player_num': 1}
2025-10-06 19:14:57,716 : INFO : EventManager : Event: ======'mode_intergalactic_starting'====== Args={}
2025-10-06 19:14:57,716 : INFO : EventManager : Event: ======'player_selected_mode'====== Args={'value': 'Intergalactic', 'prev_value': 0, 'change': True, 'player_num': 1, 'source': 'carousel'}
2025-10-06 19:14:57,716 : INFO : EventManager : Event: ======'mode_carousel_will_stop'====== Args={}
2025-10-06 19:14:57,716 : INFO : EventManager : Event: ======'mode_carousel_stopping'====== Args={}
2025-10-06 19:14:57,717 : INFO : Mode.carousel : Stopped.
2025-10-06 19:14:57,717 : INFO : EventManager : Event: ======'modes_active_modes_changed'====== Args={}
2025-10-06 19:14:57,717 : INFO : EventManager : Event: ======'mode_carousel_stopped'====== Args={}
2025-10-06 19:14:57,717 : INFO : EventManager : Event: ======'clear'====== Args={'key': 'carousel'}
2025-10-06 19:14:57,733 : INFO : EventManager : Event: ======'logicblock_intergalactic_shot_1_updated'====== Args={'value': 0, 'enabled': True}
2025-10-06 19:14:57,734 : INFO : EventManager : Event: ======'logicblock_intergalactic_shot_1_updated'====== Args={'value': 0, 'enabled': True}
2025-10-06 19:14:57,734 : INFO : EventManager : Event: ======'logicblock_intergalactic_shot_2_updated'====== Args={'value': 0, 'enabled': False}
2025-10-06 19:14:57,734 : INFO : EventManager : Event: ======'logicblock_intergalactic_shot_3_updated'====== Args={'value': 0, 'enabled': False}
2025-10-06 19:14:57,734 : INFO : EventManager : Event: ======'logicblock_intergalactic_shot_4_updated'====== Args={'value': 0, 'enabled': False}
2025-10-06 19:14:57,734 : INFO : EventManager : Event: ======'logicblock_intergalactic_shot_5_updated'====== Args={'value': 0, 'enabled': False}
2025-10-06 19:14:57,735 : INFO : Mode.intergalactic : Started. Priority: 1000
2025-10-06 19:14:57,735 : INFO : EventManager : Event: ======'modes_active_modes_changed'====== Args={}
2025-10-06 19:14:57,735 : INFO : EventManager : Event: ======'mode_intergalactic_started'====== Args={}
2025-10-06 19:14:57,735 : INFO : EventManager : Event: ======'player_mode_blocking_flag'====== Args={'value': 1, 'prev_value': 0, 'change': 1, 'player_num': 1, 'source': 'intergalactic'}
2025-10-06 19:14:57,735 : INFO : Timer.intergalactic_intro_show : Starting Timer.
2025-10-06 19:14:57,735 : INFO : EventManager : Event: ======'timer_intergalactic_intro_show_started'====== Args={'ticks': 0, 'ticks_remaining': 13}
2025-10-06 19:14:57,735 : INFO : EventManager : Event: ======'timer_intergalactic_intro_show_tick'====== Args={'ticks': 0, 'ticks_remaining': 13}
2025-10-06 19:14:57,736 : INFO : EventManager : Event: ======'player_intergalactic_intro_show_variable_times_100'====== Args={'value': 0, 'prev_value': 0, 'change': 0, 'player_num': 1, 'source': 'intergalactic'}
2025-10-06 19:14:57,737 : INFO : EventManager : Event: ======'slide_current_mode_highlighted_removed'====== Args={'_from_bcp': True}
2025-10-06 19:14:57,750 : INFO : EventManager : Event: ======'slide_base_removed'====== Args={'_from_bcp': True}
2025-10-06 19:14:57,761 : INFO : EventManager : Event: ======'slide_intergalactic_created'====== Args={'_from_bcp': True}
2025-10-06 19:14:58,211 : INFO : EventManager : Event: ======'balldevice_bd_scoop_ball_count_changed'====== Args={'balls': 1}
2025-10-06 19:14:58,212 : INFO : ball_device.bd_scoop : Received unexpected ball
2025-10-06 19:14:58,212 : INFO : EventManager : Event: ======'balldevice_captured_from_playfield'====== Args={'balls': 1}
2025-10-06 19:14:58,213 : INFO : EventManager : Event: ======'sw_playfield_active'====== Args={'balls': 1}
2025-10-06 19:14:58,213 : INFO : EventManager : Event: ======'playfield_ball_count_change'====== Args={'balls': 0, 'change': -1}
2025-10-06 19:14:58,214 : INFO : EventManager : Event: ======'balldevice_bd_scoop_ball_enter'====== Args={'new_balls': 1, 'unclaimed_balls': 1, 'new_available_balls': 1, 'device': <ball_device.bd_scoop>}
2025-10-06 19:14:58,215 : INFO : EventManager : Event: ======'ball_hold_intergalactic_scoop_hold_held_ball'====== Args={'balls_held': 1, 'total_balls_held': 1}
2025-10-06 19:14:58,215 : INFO : EventManager : Event: ======'ball_hold_intergalactic_scoop_hold_full'====== Args={'balls': 1}
2025-10-06 19:14:58,215 : INFO : EventManager : Event: ======'balldevice_balls_available'====== Args={}
2025-10-06 19:14:58,215 : INFO : EventManager : Event: ======'balldevice_bd_scoop_ball_entered'====== Args={'new_balls': 1, 'device': <ball_device.bd_scoop>}
2025-10-06 19:14:58,553 : INFO : EventManager : Event: ======'ball_save_default_grace_period'====== Args={}
2025-10-06 19:14:58,738 : INFO : EventManager : Event: ======'player_intergalactic_intergalactic_intro_show_tick'====== Args={'value': 1, 'prev_value': 0, 'change': 1, 'player_num': 1}
2025-10-06 19:14:58,739 : INFO : EventManager : Event: ======'timer_intergalactic_intro_show_tick'====== Args={'ticks': 1, 'ticks_remaining': 12}
2025-10-06 19:14:58,741 : INFO : EventManager : Event: ======'player_intergalactic_intro_show_variable_times_100'====== Args={'value': 100, 'prev_value': 0, 'change': 100, 'player_num': 1, 'source': 'intergalactic'}
2025-10-06 19:14:59,748 : INFO : EventManager : Event: ======'player_intergalactic_intergalactic_intro_show_tick'====== Args={'value': 2, 'prev_value': 1, 'change': 1, 'player_num': 1}
2025-10-06 19:14:59,748 : INFO : EventManager : Event: ======'timer_intergalactic_intro_show_tick'====== Args={'ticks': 2, 'ticks_remaining': 11}
2025-10-06 19:14:59,750 : INFO : EventManager : Event: ======'player_intergalactic_intro_show_variable_times_100'====== Args={'value': 200, 'prev_value': 100, 'change': 100, 'player_num': 1, 'source': 'intergalactic'}
2025-10-06 19:15:00,555 : INFO : EventManager : Event: ======'ball_save_default_disabled'====== Args={}
2025-10-06 19:15:00,740 : INFO : EventManager : Event: ======'player_intergalactic_intergalactic_intro_show_tick'====== Args={'value': 3, 'prev_value': 2, 'change': 1, 'player_num': 1}
2025-10-06 19:15:00,741 : INFO : EventManager : Event: ======'timer_intergalactic_intro_show_tick'====== Args={'ticks': 3, 'ticks_remaining': 10}
2025-10-06 19:15:00,742 : INFO : EventManager : Event: ======'player_intergalactic_intro_show_variable_times_100'====== Args={'value': 300, 'prev_value': 200, 'change': 100, 'player_num': 1, 'source': 'intergalactic'}
2025-10-06 19:15:01,736 : INFO : EventManager : Event: ======'player_intergalactic_intergalactic_intro_show_tick'====== Args={'value': 4, 'prev_value': 3, 'change': 1, 'player_num': 1}
2025-10-06 19:15:01,736 : INFO : EventManager : Event: ======'timer_intergalactic_intro_show_tick'====== Args={'ticks': 4, 'ticks_remaining': 9}
2025-10-06 19:15:01,739 : INFO : EventManager : Event: ======'player_intergalactic_intro_show_variable_times_100'====== Args={'value': 400, 'prev_value': 300, 'change': 100, 'player_num': 1, 'source': 'intergalactic'}
2025-10-06 19:15:02,734 : INFO : EventManager : Event: ======'player_intergalactic_intergalactic_intro_show_tick'====== Args={'value': 5, 'prev_value': 4, 'change': 1, 'player_num': 1}
2025-10-06 19:15:02,735 : INFO : EventManager : Event: ======'timer_intergalactic_intro_show_tick'====== Args={'ticks': 5, 'ticks_remaining': 8}
2025-10-06 19:15:02,737 : INFO : EventManager : Event: ======'player_intergalactic_intro_show_variable_times_100'====== Args={'value': 500, 'prev_value': 400, 'change': 100, 'player_num': 1, 'source': 'intergalactic'}
2025-10-06 19:15:03,745 : INFO : EventManager : Event: ======'player_intergalactic_intergalactic_intro_show_tick'====== Args={'value': 6, 'prev_value': 5, 'change': 1, 'player_num': 1}
2025-10-06 19:15:03,745 : INFO : EventManager : Event: ======'timer_intergalactic_intro_show_tick'====== Args={'ticks': 6, 'ticks_remaining': 7}
2025-10-06 19:15:03,749 : INFO : EventManager : Event: ======'player_intergalactic_intro_show_variable_times_100'====== Args={'value': 600, 'prev_value': 500, 'change': 100, 'player_num': 1, 'source': 'intergalactic'}
2025-10-06 19:15:04,759 : INFO : EventManager : Event: ======'player_intergalactic_intergalactic_intro_show_tick'====== Args={'value': 7, 'prev_value': 6, 'change': 1, 'player_num': 1}
2025-10-06 19:15:04,760 : INFO : EventManager : Event: ======'timer_intergalactic_intro_show_tick'====== Args={'ticks': 7, 'ticks_remaining': 6}
2025-10-06 19:15:04,761 : INFO : EventManager : Event: ======'player_intergalactic_intro_show_variable_times_100'====== Args={'value': 700, 'prev_value': 600, 'change': 100, 'player_num': 1, 'source': 'intergalactic'}
2025-10-06 19:15:05,738 : INFO : EventManager : Event: ======'player_intergalactic_intergalactic_intro_show_tick'====== Args={'value': 8, 'prev_value': 7, 'change': 1, 'player_num': 1}
2025-10-06 19:15:05,740 : INFO : EventManager : Event: ======'timer_intergalactic_intro_show_tick'====== Args={'ticks': 8, 'ticks_remaining': 5}
2025-10-06 19:15:05,741 : INFO : EventManager : Event: ======'player_intergalactic_intro_show_variable_times_100'====== Args={'value': 800, 'prev_value': 700, 'change': 100, 'player_num': 1, 'source': 'intergalactic'}
2025-10-06 19:15:06,763 : INFO : EventManager : Event: ======'player_intergalactic_intergalactic_intro_show_tick'====== Args={'value': 9, 'prev_value': 8, 'change': 1, 'player_num': 1}
2025-10-06 19:15:06,764 : INFO : EventManager : Event: ======'timer_intergalactic_intro_show_tick'====== Args={'ticks': 9, 'ticks_remaining': 4}
2025-10-06 19:15:06,765 : INFO : EventManager : Event: ======'player_intergalactic_intro_show_variable_times_100'====== Args={'value': 900, 'prev_value': 800, 'change': 100, 'player_num': 1, 'source': 'intergalactic'}
2025-10-06 19:15:07,757 : INFO : EventManager : Event: ======'player_intergalactic_intergalactic_intro_show_tick'====== Args={'value': 10, 'prev_value': 9, 'change': 1, 'player_num': 1}
2025-10-06 19:15:07,758 : INFO : EventManager : Event: ======'timer_intergalactic_intro_show_tick'====== Args={'ticks': 10, 'ticks_remaining': 3}
2025-10-06 19:15:07,759 : INFO : EventManager : Event: ======'player_intergalactic_intro_show_variable_times_100'====== Args={'value': 1000, 'prev_value': 900, 'change': 100, 'player_num': 1, 'source': 'intergalactic'}
2025-10-06 19:15:08,750 : INFO : EventManager : Event: ======'player_intergalactic_intergalactic_intro_show_tick'====== Args={'value': 11, 'prev_value': 10, 'change': 1, 'player_num': 1}
2025-10-06 19:15:08,751 : INFO : EventManager : Event: ======'timer_intergalactic_intro_show_tick'====== Args={'ticks': 11, 'ticks_remaining': 2}
2025-10-06 19:15:08,752 : INFO : EventManager : Event: ======'player_intergalactic_intro_show_variable_times_100'====== Args={'value': 1100, 'prev_value': 1000, 'change': 100, 'player_num': 1, 'source': 'intergalactic'}
2025-10-06 19:15:09,748 : INFO : EventManager : Event: ======'player_intergalactic_intergalactic_intro_show_tick'====== Args={'value': 12, 'prev_value': 11, 'change': 1, 'player_num': 1}
2025-10-06 19:15:09,749 : INFO : EventManager : Event: ======'timer_intergalactic_intro_show_tick'====== Args={'ticks': 12, 'ticks_remaining': 1}
2025-10-06 19:15:09,750 : INFO : EventManager : Event: ======'player_intergalactic_intro_show_variable_times_100'====== Args={'value': 1200, 'prev_value': 1100, 'change': 100, 'player_num': 1, 'source': 'intergalactic'}
2025-10-06 19:15:10,736 : INFO : EventManager : Event: ======'player_intergalactic_intergalactic_intro_show_tick'====== Args={'value': 13, 'prev_value': 12, 'change': 1, 'player_num': 1}
2025-10-06 19:15:10,737 : INFO : Timer.intergalactic_intro_show : Timer Complete
2025-10-06 19:15:10,737 : INFO : Timer.intergalactic_intro_show : Stopping Timer
2025-10-06 19:15:10,737 : INFO : EventManager : Event: ======'timer_intergalactic_intro_show_stopped'====== Args={'ticks': 13, 'ticks_remaining': 1}
2025-10-06 19:15:10,737 : INFO : EventManager : Event: ======'timer_intergalactic_intro_show_complete'====== Args={'ticks': 13, 'ticks_remaining': 1}
2025-10-06 19:15:10,739 : INFO : ball_device.bd_scoop : Adding 1 ball(s) to the eject_queue with target <playfield.playfield>.
2025-10-06 19:15:10,739 : INFO : EventManager : Event: ======'balldevice_balls_available'====== Args={}
2025-10-06 19:15:10,739 : INFO : EventManager : Event: ======'ball_hold_intergalactic_scoop_hold_balls_released'====== Args={'balls_released': 1}
2025-10-06 19:15:10,740 : INFO : Timer.intergalactic_time_remaining : Starting Timer.
2025-10-06 19:15:10,740 : INFO : EventManager : Event: ======'timer_intergalactic_time_remaining_started'====== Args={'ticks': 60, 'ticks_remaining': 60}
2025-10-06 19:15:10,740 : INFO : EventManager : Event: ======'timer_intergalactic_time_remaining_tick'====== Args={'ticks': 60, 'ticks_remaining': 60}
2025-10-06 19:15:10,741 : INFO : EventManager : Event: ======'player_intergalactic_time_remaining_variable_times_1'====== Args={'value': 60, 'prev_value': 0, 'change': 60, 'player_num': 1, 'source': 'intergalactic'}
2025-10-06 19:15:10,745 : INFO : ball_device.bd_scoop : State: waiting_for_target_ready
2025-10-06 19:15:10,745 : INFO : EventManager : Event: ======'balldevice_bd_scoop_ball_eject_attempt'====== Args={'balls': 1, 'target': <playfield.playfield>, 'source': <ball_device.bd_scoop>, 'mechanical_eject': False, 'num_attempts': 0}
2025-10-06 19:15:10,746 : INFO : ball_device.bd_scoop : State: ejecting
2025-10-06 19:15:10,747 : INFO : ball_device.bd_scoop : Ejecting ball to <playfield.playfield>
2025-10-06 19:15:10,747 : INFO : EventManager : Event: ======'balldevice_bd_scoop_ejecting_ball'====== Args={'balls': 1, 'target': <playfield.playfield>, 'source': <ball_device.bd_scoop>, 'mechanical_eject': False, 'num_attempts': 0}
2025-10-06 19:15:10,748 : INFO : ball_device.bd_scoop : Wait for ball to leave device
2025-10-06 19:15:10,748 : INFO : coil.c_scoop_eject : Pulsing Driver for 25ms (1.0 pulse_power)
2025-10-06 19:15:10,748 : INFO : SwitchController : <<<<<<< 's_scoop' inactive >>>>>>>
2025-10-06 19:15:10,754 : INFO : ball_device.bd_scoop : State: ball_left
2025-10-06 19:15:10,755 : INFO : ball_device.bd_scoop : Ball left
2025-10-06 19:15:10,755 : INFO : ball_device.bd_scoop : Wait for confirm with timeout 3.0
2025-10-06 19:15:10,771 : INFO : EventManager : Event: ======'slide_intergalactic_right_shot_lit_created'====== Args={'_from_bcp': True}
2025-10-06 19:15:10,774 : INFO : EventManager : Event: ======'slide_intergalactic_display_timer_created'====== Args={'_from_bcp': True}
2025-10-06 19:15:11,743 : INFO : EventManager : Event: ======'player_intergalactic_intergalactic_time_remaining_tick'====== Args={'value': 59, 'prev_value': 60, 'change': -1, 'player_num': 1}
2025-10-06 19:15:11,743 : INFO : EventManager : Event: ======'timer_intergalactic_time_remaining_tick'====== Args={'ticks': 59, 'ticks_remaining': 59}
2025-10-06 19:15:11,745 : INFO : EventManager : Event: ======'player_intergalactic_time_remaining_variable_times_1'====== Args={'value': 59, 'prev_value': 60, 'change': -1, 'player_num': 1, 'source': 'intergalactic'}
2025-10-06 19:15:12,749 : INFO : EventManager : Event: ======'player_intergalactic_intergalactic_time_remaining_tick'====== Args={'value': 58, 'prev_value': 59, 'change': -1, 'player_num': 1}
2025-10-06 19:15:12,750 : INFO : EventManager : Event: ======'timer_intergalactic_time_remaining_tick'====== Args={'ticks': 58, 'ticks_remaining': 58}
2025-10-06 19:15:12,752 : INFO : EventManager : Event: ======'player_intergalactic_time_remaining_variable_times_1'====== Args={'value': 58, 'prev_value': 59, 'change': -1, 'player_num': 1, 'source': 'intergalactic'}
2025-10-06 19:15:13,737 : INFO : EventManager : Event: ======'player_intergalactic_intergalactic_time_remaining_tick'====== Args={'value': 57, 'prev_value': 58, 'change': -1, 'player_num': 1}
2025-10-06 19:15:13,738 : INFO : EventManager : Event: ======'timer_intergalactic_time_remaining_tick'====== Args={'ticks': 57, 'ticks_remaining': 57}
2025-10-06 19:15:13,740 : INFO : EventManager : Event: ======'player_intergalactic_time_remaining_variable_times_1'====== Args={'value': 57, 'prev_value': 58, 'change': -1, 'player_num': 1, 'source': 'intergalactic'}
2025-10-06 19:15:13,741 : INFO : ball_device.bd_scoop : State: failed_confirm
2025-10-06 19:15:13,742 : INFO : ball_device.bd_scoop : Got timeout (3.0s) before confirm from <playfield.playfield>
2025-10-06 19:15:13,832 : INFO : ball_device.bd_scoop : Confirming eject because target is playfield and ball did not return.
2025-10-06 19:15:13,836 : INFO : ball_device.bd_scoop : Eject successful
2025-10-06 19:15:13,838 : INFO : EventManager : Event: ======'balldevice_bd_scoop_ball_eject_success'====== Args={'balls': 1, 'target': <playfield.playfield>}
2025-10-06 19:15:13,842 : INFO : EventManager : Event: ======'balldevice_playfield_ball_enter'====== Args={'new_balls': 1, 'unclaimed_balls': 1, 'device': <playfield.playfield>}
2025-10-06 19:15:13,842 : INFO : EventManager : Event: ======'playfield_ball_count_change'====== Args={'balls': 1, 'change': 1}
2025-10-06 19:15:13,845 : INFO : EventManager : Event: ======'balldevice_bd_scoop_ball_count_changed'====== Args={'balls': 0}
2025-10-06 19:15:13,845 : INFO : ball_device.bd_scoop : State: idle
2025-10-06 19:15:13,914 : INFO : SwitchController : <<<<<<< 's_right_lower_pop' active >>>>>>>
2025-10-06 19:15:13,914 : INFO : EventManager : Event: ======'s_right_lower_pop_active'====== Args={}
2025-10-06 19:15:13,915 : INFO : EventManager : Event: ======'machine_var_audits_switches_s_right_lower_pop'====== Args={'value': 470, 'prev_value': 469, 'change': 1}
2025-10-06 19:15:13,917 : INFO : EventManager : Event: ======'player_score'====== Args={'value': 2014520, 'prev_value': 2013410, 'change': 1110, 'player_num': 1, 'source': 'base'}
2025-10-06 19:15:14,014 : INFO : SwitchController : <<<<<<< 's_right_lower_pop' inactive >>>>>>>
2025-10-06 19:15:14,182 : INFO : SwitchController : <<<<<<< 's_right_lower_pop' active >>>>>>>
2025-10-06 19:15:14,182 : INFO : EventManager : Event: ======'s_right_lower_pop_active'====== Args={}
2025-10-06 19:15:14,183 : INFO : EventManager : Event: ======'machine_var_audits_switches_s_right_lower_pop'====== Args={'value': 471, 'prev_value': 470, 'change': 1}
2025-10-06 19:15:14,184 : INFO : EventManager : Event: ======'player_score'====== Args={'value': 2015630, 'prev_value': 2014520, 'change': 1110, 'player_num': 1, 'source': 'base'}
2025-10-06 19:15:14,280 : INFO : SwitchController : <<<<<<< 's_right_lower_pop' inactive >>>>>>>
2025-10-06 19:15:14,751 : INFO : EventManager : Event: ======'player_intergalactic_intergalactic_time_remaining_tick'====== Args={'value': 56, 'prev_value': 57, 'change': -1, 'player_num': 1}
2025-10-06 19:15:14,752 : INFO : EventManager : Event: ======'timer_intergalactic_time_remaining_tick'====== Args={'ticks': 56, 'ticks_remaining': 56}
2025-10-06 19:15:14,753 : INFO : EventManager : Event: ======'player_intergalactic_time_remaining_variable_times_1'====== Args={'value': 56, 'prev_value': 57, 'change': -1, 'player_num': 1, 'source': 'intergalactic'}
2025-10-06 19:15:15,752 : INFO : EventManager : Event: ======'player_intergalactic_intergalactic_time_remaining_tick'====== Args={'value': 55, 'prev_value': 56, 'change': -1, 'player_num': 1}
2025-10-06 19:15:15,753 : INFO : EventManager : Event: ======'timer_intergalactic_time_remaining_tick'====== Args={'ticks': 55, 'ticks_remaining': 55}
2025-10-06 19:15:15,754 : INFO : EventManager : Event: ======'player_intergalactic_time_remaining_variable_times_1'====== Args={'value': 55, 'prev_value': 56, 'change': -1, 'player_num': 1, 'source': 'intergalactic'}
2025-10-06 19:15:16,079 : INFO : SwitchController : <<<<<<< 's_right_ramp' active >>>>>>>
2025-10-06 19:15:16,079 : INFO : EventManager : Event: ======'s_right_ramp_active'====== Args={}
2025-10-06 19:15:16,079 : INFO : EventManager : Event: ======'machine_var_audits_switches_s_right_ramp'====== Args={'value': 95, 'prev_value': 94, 'change': 1}
2025-10-06 19:15:16,081 : INFO : EventManager : Event: ======'right_ramp_hit'====== Args={'elapsed': 0}
2025-10-06 19:15:16,081 : INFO : EventManager : Event: ======'player_score'====== Args={'value': 2018640, 'prev_value': 2015630, 'change': 3010, 'player_num': 1, 'source': 'base'}
2025-10-06 19:15:16,082 : INFO : EventManager : Event: ======'logicblock_intergalactic_shot_1_updated'====== Args={'value': 1, 'enabled': True}
2025-10-06 19:15:16,082 : INFO : EventManager : Event: ======'logicblock_intergalactic_shot_1_hit'====== Args={'step': 1}
2025-10-06 19:15:16,082 : INFO : EventManager : Event: ======'intergalactic_shot_1_done'====== Args={}
2025-10-06 19:15:16,082 : INFO : EventManager : Event: ======'logicblock_intergalactic_shot_1_updated'====== Args={'value': 1, 'enabled': False}
2025-10-06 19:15:16,083 : INFO : EventManager : Event: ======'logicblock_intergalactic_shot_2_updated'====== Args={'value': 0, 'enabled': True}
2025-10-06 19:15:16,083 : INFO : EventManager : Event: ======'player_score'====== Args={'value': 3018640, 'prev_value': 2018640, 'change': 1000000, 'player_num': 1, 'source': 'intergalactic'}
2025-10-06 19:15:16,098 : INFO : EventManager : Event: ======'slide_intergalactic_right_shot_lit_removed'====== Args={'_from_bcp': True}
2025-10-06 19:15:16,101 : INFO : EventManager : Event: ======'slide_intergalactic_left_shot_lit_created'====== Args={'_from_bcp': True}
2025-10-06 19:15:16,743 : INFO : EventManager : Event: ======'player_intergalactic_intergalactic_time_remaining_tick'====== Args={'value': 54, 'prev_value': 55, 'change': -1, 'player_num': 1}
2025-10-06 19:15:16,744 : INFO : EventManager : Event: ======'timer_intergalactic_time_remaining_tick'====== Args={'ticks': 54, 'ticks_remaining': 54}
2025-10-06 19:15:16,745 : INFO : EventManager : Event: ======'player_intergalactic_time_remaining_variable_times_1'====== Args={'value': 54, 'prev_value': 55, 'change': -1, 'player_num': 1, 'source': 'intergalactic'}
2025-10-06 19:15:16,750 : INFO : SwitchController : <<<<<<< 's_right_ramp' inactive >>>>>>>
2025-10-06 19:15:17,741 : INFO : EventManager : Event: ======'player_intergalactic_intergalactic_time_remaining_tick'====== Args={'value': 53, 'prev_value': 54, 'change': -1, 'player_num': 1}
2025-10-06 19:15:17,743 : INFO : EventManager : Event: ======'timer_intergalactic_time_remaining_tick'====== Args={'ticks': 53, 'ticks_remaining': 53}
2025-10-06 19:15:17,744 : INFO : EventManager : Event: ======'player_intergalactic_time_remaining_variable_times_1'====== Args={'value': 53, 'prev_value': 54, 'change': -1, 'player_num': 1, 'source': 'intergalactic'}
2025-10-06 19:15:18,738 : INFO : EventManager : Event: ======'player_intergalactic_intergalactic_time_remaining_tick'====== Args={'value': 52, 'prev_value': 53, 'change': -1, 'player_num': 1}
2025-10-06 19:15:18,739 : INFO : EventManager : Event: ======'timer_intergalactic_time_remaining_tick'====== Args={'ticks': 52, 'ticks_remaining': 52}
2025-10-06 19:15:18,742 : INFO : EventManager : Event: ======'player_intergalactic_time_remaining_variable_times_1'====== Args={'value': 52, 'prev_value': 53, 'change': -1, 'player_num': 1, 'source': 'intergalactic'}
2025-10-06 19:15:19,765 : INFO : EventManager : Event: ======'player_intergalactic_intergalactic_time_remaining_tick'====== Args={'value': 51, 'prev_value': 52, 'change': -1, 'player_num': 1}
2025-10-06 19:15:19,766 : INFO : EventManager : Event: ======'timer_intergalactic_time_remaining_tick'====== Args={'ticks': 51, 'ticks_remaining': 51}
2025-10-06 19:15:19,767 : INFO : EventManager : Event: ======'player_intergalactic_time_remaining_variable_times_1'====== Args={'value': 51, 'prev_value': 52, 'change': -1, 'player_num': 1, 'source': 'intergalactic'}
2025-10-06 19:15:20,764 : INFO : EventManager : Event: ======'player_intergalactic_intergalactic_time_remaining_tick'====== Args={'value': 50, 'prev_value': 51, 'change': -1, 'player_num': 1}
2025-10-06 19:15:20,765 : INFO : EventManager : Event: ======'timer_intergalactic_time_remaining_tick'====== Args={'ticks': 50, 'ticks_remaining': 50}
2025-10-06 19:15:20,766 : INFO : EventManager : Event: ======'player_intergalactic_time_remaining_variable_times_1'====== Args={'value': 50, 'prev_value': 51, 'change': -1, 'player_num': 1, 'source': 'intergalactic'}
2025-10-06 19:15:21,759 : INFO : EventManager : Event: ======'player_intergalactic_intergalactic_time_remaining_tick'====== Args={'value': 49, 'prev_value': 50, 'change': -1, 'player_num': 1}
2025-10-06 19:15:21,760 : INFO : EventManager : Event: ======'timer_intergalactic_time_remaining_tick'====== Args={'ticks': 49, 'ticks_remaining': 49}
2025-10-06 19:15:21,761 : INFO : EventManager : Event: ======'player_intergalactic_time_remaining_variable_times_1'====== Args={'value': 49, 'prev_value': 50, 'change': -1, 'player_num': 1, 'source': 'intergalactic'}
2025-10-06 19:15:22,740 : INFO : EventManager : Event: ======'player_intergalactic_intergalactic_time_remaining_tick'====== Args={'value': 48, 'prev_value': 49, 'change': -1, 'player_num': 1}
2025-10-06 19:15:22,741 : INFO : EventManager : Event: ======'timer_intergalactic_time_remaining_tick'====== Args={'ticks': 48, 'ticks_remaining': 48}
2025-10-06 19:15:22,742 : INFO : EventManager : Event: ======'player_intergalactic_time_remaining_variable_times_1'====== Args={'value': 48, 'prev_value': 49, 'change': -1, 'player_num': 1, 'source': 'intergalactic'}
2025-10-06 19:15:23,107 : INFO : SwitchController : <<<<<<< 's_trough1' active >>>>>>>
2025-10-06 19:15:23,108 : INFO : EventManager : Event: ======'machine_var_audits_switches_s_trough1'====== Args={'value': 251, 'prev_value': 250, 'change': 1}
2025-10-06 19:15:23,615 : INFO : EventManager : Event: ======'balldevice_bd_trough_ball_count_changed'====== Args={'balls': 6}
2025-10-06 19:15:23,615 : INFO : ball_device.bd_trough : Received unexpected ball
2025-10-06 19:15:23,615 : INFO : EventManager : Event: ======'balldevice_captured_from_playfield'====== Args={'balls': 1}
2025-10-06 19:15:23,615 : INFO : EventManager : Event: ======'sw_playfield_active'====== Args={'balls': 1}
2025-10-06 19:15:23,616 : INFO : EventManager : Event: ======'playfield_ball_count_change'====== Args={'balls': 0, 'change': -1}
2025-10-06 19:15:23,616 : INFO : EventManager : Event: ======'balldevice_bd_trough_ball_enter'====== Args={'new_balls': 1, 'unclaimed_balls': 1, 'new_available_balls': 1, 'device': <ball_device.bd_trough>}
2025-10-06 19:15:23,618 : INFO : EventManager : Event: ======'ball_drain'====== Args={'device': <ball_device.bd_trough>, 'balls': 1}
2025-10-06 19:15:23,618 : INFO : EventManager : Event: ======'ball_will_end'====== Args={}
2025-10-06 19:15:23,619 : INFO : EventManager : Event: ======'balldevice_balls_available'====== Args={}
2025-10-06 19:15:23,619 : INFO : EventManager : Event: ======'balldevice_bd_trough_ball_entered'====== Args={'new_balls': 1, 'device': <ball_device.bd_trough>}
2025-10-06 19:15:23,621 : INFO : EventManager : Event: ======'ball_ending'====== Args={}
2025-10-06 19:15:23,623 : INFO : EventManager : Event: ======'mode_multiball_will_stop'====== Args={}
2025-10-06 19:15:23,624 : INFO : EventManager : Event: ======'mode_multiball_stopping'====== Args={}
2025-10-06 19:15:23,624 : INFO : EventManager : Event: ======'mode_intergalactic_will_stop'====== Args={}
2025-10-06 19:15:23,624 : INFO : EventManager : Event: ======'mode_intergalactic_stopping'====== Args={}
2025-10-06 19:15:23,624 : INFO : EventManager : Event: ======'mode_base_will_stop'====== Args={}
2025-10-06 19:15:23,624 : INFO : EventManager : Event: ======'mode_base_stopping'====== Args={}
2025-10-06 19:15:23,625 : INFO : Mode.base : Stopped.
2025-10-06 19:15:23,625 : INFO : EventManager : Event: ======'modes_active_modes_changed'====== Args={}
2025-10-06 19:15:23,626 : INFO : EventManager : Event: ======'mode_base_stopped'====== Args={}
2025-10-06 19:15:23,626 : INFO : EventManager : Event: ======'clear'====== Args={'key': 'base'}
2025-10-06 19:15:23,627 : INFO : Mode.intergalactic : Stopped.
2025-10-06 19:15:23,627 : INFO : EventManager : Event: ======'modes_active_modes_changed'====== Args={}
2025-10-06 19:15:23,627 : INFO : EventManager : Event: ======'mode_intergalactic_stopped'====== Args={}
2025-10-06 19:15:23,628 : INFO : EventManager : Event: ======'clear'====== Args={'key': 'intergalactic'}
2025-10-06 19:15:23,628 : INFO : EventManager : Event: ======'mode_carousel_will_start'====== Args={}
2025-10-06 19:15:23,628 : INFO : EventManager : Event: ======'mode_carousel_starting'====== Args={}
2025-10-06 19:15:23,629 : INFO : Mode.carousel : Started. Priority: 200
2025-10-06 19:15:23,629 : INFO : EventManager : Event: ======'modes_active_modes_changed'====== Args={}
2025-10-06 19:15:23,629 : INFO : EventManager : Event: ======'mode_carousel_started'====== Args={}
2025-10-06 19:15:23,629 : INFO : EventManager : Event: ======'item_highlighted'====== Args={'carousel': 'carousel', 'direction': None, 'item': 'intergalactic'}
2025-10-06 19:15:23,630 : INFO : Timer.intergalactic_intro_show : Stopping Timer
2025-10-06 19:15:23,630 : INFO : EventManager : Event: ======'timer_intergalactic_intro_show_stopped'====== Args={'ticks': 13, 'ticks_remaining': 1}
2025-10-06 19:15:23,630 : INFO : Timer.intergalactic_time_remaining : Stopping Timer
2025-10-06 19:15:23,630 : INFO : EventManager : Event: ======'timer_intergalactic_time_remaining_stopped'====== Args={'ticks': 48, 'ticks_remaining': 48}
2025-10-06 19:15:23,630 : INFO : Mode.multiball : Stopped.
2025-10-06 19:15:23,630 : INFO : EventManager : Event: ======'modes_active_modes_changed'====== Args={}
2025-10-06 19:15:23,630 : INFO : EventManager : Event: ======'mode_multiball_stopped'====== Args={}
2025-10-06 19:15:23,631 : INFO : EventManager : Event: ======'clear'====== Args={'key': 'multiball'}
2025-10-06 19:15:23,648 : INFO : EventManager : Event: ======'ball_ended'====== Args={}
2025-10-06 19:15:23,657 : INFO : EventManager : Event: ======'slide_intergalactic_removed'====== Args={'_from_bcp': True}
2025-10-06 19:15:23,658 : INFO : EventManager : Event: ======'slide_score_overlay_inactive'====== Args={'is_removing': True, '_from_bcp': True}
2025-10-06 19:15:23,658 : INFO : EventManager : Event: ======'slide_intergalactic_display_timer_active'====== Args={'_from_bcp': True}
2025-10-06 19:15:23,658 : INFO : EventManager : Event: ======'slide_score_overlay_removed'====== Args={'_from_bcp': True}
2025-10-06 19:15:23,663 : INFO : EventManager : Event: ======'player_turn_will_end'====== Args={'player': <Player 1>, 'number': 1}
2025-10-06 19:15:23,664 : INFO : EventManager : Event: ======'player_turn_ending'====== Args={'player': <Player 1>, 'number': 1}
2025-10-06 19:15:23,665 : INFO : EventManager : Event: ======'player_turn_ended'====== Args={'player': <Player 1>, 'number': 1}
2025-10-06 19:15:23,666 : INFO : EventManager : Event: ======'slide_intergalactic_left_shot_lit_removed'====== Args={'_from_bcp': True}
2025-10-06 19:15:23,667 : INFO : EventManager : Event: ======'player_turn_will_start'====== Args={'player': <Player 1>, 'number': 1}
2025-10-06 19:15:23,668 : INFO : EventManager : Event: ======'slide_current_mode_highlighted_created'====== Args={'_from_bcp': True}
2025-10-06 19:15:23,669 : INFO : EventManager : Event: ======'slide_intergalactic_display_timer_inactive'====== Args={'is_removing': True, '_from_bcp': True}
2025-10-06 19:15:23,669 : INFO : EventManager : Event: ======'slide_current_mode_highlighted_active'====== Args={'original_context': 'carousel', 'original_calling_context': 'mode_carousel_started', 'priority': 200.0, 'cmd': 'slides_play', '_from_bcp': True}
2025-10-06 19:15:23,669 : INFO : EventManager : Event: ======'slide_intergalactic_display_timer_removed'====== Args={'_from_bcp': True}
2025-10-06 19:15:23,670 : INFO : EventManager : Event: ======'player_turn_starting'====== Args={'player': <Player 1>, 'number': 1}
2025-10-06 19:15:23,671 : INFO : EventManager : Event: ======'player_ball'====== Args={'value': 2, 'prev_value': 1, 'change': 1, 'player_num': 1}
2025-10-06 19:15:23,672 : INFO : EventManager : Event: ======'player_turn_started'====== Args={'player': <Player 1>, 'number': 1}
2025-10-06 19:15:23,674 : INFO : EventManager : Event: ======'ball_will_start'====== Args={'player': 1, 'ball': 2, 'balls_remaining': 1, 'is_extra_ball': False}
2025-10-06 19:15:23,678 : INFO : EventManager : Event: ======'ball_starting'====== Args={'player': 1, 'ball': 2, 'balls_remaining': 1, 'is_extra_ball': False}
2025-10-06 19:15:23,679 : INFO : EventManager : Event: ======'mode_base_will_start'====== Args={'queue': <QueuedEvent>, 'player': 1, 'ball': 2, 'balls_remaining': 1, 'is_extra_ball': False}
2025-10-06 19:15:23,685 : INFO : EventManager : Event: ======'mode_base_starting'====== Args={'queue': <QueuedEvent>, 'player': 1, 'ball': 2, 'balls_remaining': 1, 'is_extra_ball': False}
2025-10-06 19:15:23,686 : INFO : drop_target_bank.three_bank : 2 targets are down. Will reset those.
2025-10-06 19:15:23,686 : INFO : coil.c_three_bank : Pulsing Driver for 23ms (1.0 pulse_power)
2025-10-06 19:15:23,687 : INFO : EventManager : Event: ======'balls_in_play'====== Args={'balls': 1}
2025-10-06 19:15:23,687 : INFO : EventManager : Event: ======'ball_started'====== Args={'player': 1, 'ball': 2, 'balls_remaining': 1, 'is_extra_ball': False}
2025-10-06 19:15:23,688 : INFO : EventManager : Event: ======'logicblock_qualify_chcheckitout_multiball_updated'====== Args={'value': 0, 'enabled': True}
2025-10-06 19:15:23,688 : INFO : EventManager : Event: ======'logicblock_qualify_chcheckitout_multiball_updated'====== Args={'value': 0, 'enabled': True}
2025-10-06 19:15:23,689 : INFO : EventManager : Event: ======'logicblock_chcheckitout_multiball_ready_updated'====== Args={'value': 0, 'enabled': False}
2025-10-06 19:15:23,689 : INFO : EventManager : Event: ======'logicblock_drop_target_bank_counter_updated'====== Args={'value': 2, 'enabled': True}
2025-10-06 19:15:23,689 : INFO : Mode.base : Started. Priority: 100
2025-10-06 19:15:23,689 : INFO : EventManager : Event: ======'modes_active_modes_changed'====== Args={}
2025-10-06 19:15:23,689 : INFO : EventManager : Event: ======'mode_base_started'====== Args={'queue': <QueuedEvent>, 'player': 1, 'ball': 2, 'balls_remaining': 1, 'is_extra_ball': False}
2025-10-06 19:15:23,690 : INFO : EventManager : Event: ======'mode_skill_shot_will_start'====== Args={'player': 1, 'ball': 2, 'balls_remaining': 1, 'is_extra_ball': False}
2025-10-06 19:15:23,693 : INFO : EventManager : Event: ======'mode_skill_shot_starting'====== Args={'player': 1, 'ball': 2, 'balls_remaining': 1, 'is_extra_ball': False}
2025-10-06 19:15:23,693 : INFO : EventManager : Event: ======'player_mode_blocking_flag'====== Args={'value': 0, 'prev_value': 1, 'change': -1, 'player_num': 1, 'source': 'base'}
2025-10-06 19:15:23,693 : INFO : EventManager : Event: ======'logicblock_drop_target_bank_counter_updated'====== Args={'value': 3, 'enabled': True}
2025-10-06 19:15:23,694 : INFO : EventManager : Event: ======'counter_drop_target_bank_counter_hit'====== Args={'count': 3, 'hits': 3, 'remaining': -1}
2025-10-06 19:15:23,694 : INFO : EventManager : Event: ======'logicblock_drop_target_bank_counter_hit'====== Args={'count': 3, 'hits': 3, 'remaining': -1}
2025-10-06 19:15:23,697 : INFO : EventManager : Event: ======'player_drop_target_bank_counter_count'====== Args={'value': 3, 'prev_value': 2, 'change': 1, 'player_num': 1, 'source': 'base'}
2025-10-06 19:15:23,698 : INFO : EventManager : Event: ======'player_drop_target_bank_counter_count'====== Args={'value': 2, 'prev_value': 3, 'change': -1, 'player_num': 1, 'source': 'base'}
2025-10-06 19:15:23,699 : INFO : EventManager : Event: ======'mode_multiball_will_start'====== Args={'queue': <QueuedEvent>, 'player': 1, 'ball': 2, 'balls_remaining': 1, 'is_extra_ball': False}
2025-10-06 19:15:23,700 : INFO : EventManager : Event: ======'mode_multiball_starting'====== Args={'queue': <QueuedEvent>, 'player': 1, 'ball': 2, 'balls_remaining': 1, 'is_extra_ball': False}
2025-10-06 19:15:23,701 : INFO : EventManager : Event: ======'ball_save_default_enabled'====== Args={}
2025-10-06 19:15:23,701 : INFO : Mode.multiball : Started. Priority: 1000
2025-10-06 19:15:23,701 : INFO : EventManager : Event: ======'modes_active_modes_changed'====== Args={}
2025-10-06 19:15:23,701 : INFO : EventManager : Event: ======'mode_multiball_started'====== Args={'queue': <QueuedEvent>, 'player': 1, 'ball': 2, 'balls_remaining': 1, 'is_extra_ball': False}
2025-10-06 19:15:23,701 : INFO : Mode.skill_shot : Started. Priority: 500
2025-10-06 19:15:23,701 : INFO : EventManager : Event: ======'modes_active_modes_changed'====== Args={}
2025-10-06 19:15:23,701 : INFO : EventManager : Event: ======'mode_skill_shot_started'====== Args={'player': 1, 'ball': 2, 'balls_remaining': 1, 'is_extra_ball': False}
2025-10-06 19:15:23,702 : INFO : EventManager : Event: ======'player_shot_skill_side_targets'====== Args={'value': 2, 'prev_value': 1, 'change': 1, 'player_num': 1}
2025-10-06 19:15:23,703 : INFO : EventManager : Event: ======'player_shot_skill_drop_targets'====== Args={'value': 0, 'prev_value': 2, 'change': -2, 'player_num': 1}
2025-10-06 19:15:23,706 : INFO : EventManager : Event: ======'single_player_ball_started'====== Args={}
2025-10-06 19:15:23,726 : INFO : EventManager : Event: ======'ball_start_target'====== Args={'target': 'playfield'}
2025-10-06 19:15:23,727 : WARNING : SwitchController : Received duplicate switch state 0 for switch s_three_bank_bottom from the platform interface. Log Code: Log-SwitchController-1 (https://missionpinball.org/logs)
2025-10-06 19:15:23,727 : INFO : SwitchController : <<<<<<< 's_three_bank_middle' inactive (muted) >>>>>>>
2025-10-06 19:15:23,727 : INFO : SwitchController : <<<<<<< 's_three_bank_top' inactive (muted) >>>>>>>
2025-10-06 19:15:23,727 : INFO : EventManager : Event: ======'slide_base_created'====== Args={'_from_bcp': True}
2025-10-06 19:15:23,727 : INFO : EventManager : Event: ======'slide_score_overlay_created'====== Args={'_from_bcp': True}
2025-10-06 19:15:23,728 : INFO : EventManager : Event: ======'slide_current_mode_highlighted_inactive'====== Args={'is_removing': False, '_from_bcp': True}
2025-10-06 19:15:23,728 : INFO : EventManager : Event: ======'slide_score_overlay_active'====== Args={'original_context': 'base', 'original_calling_context': 'mode_base_started', 'priority': 100.0, 'queue': '<QueuedEvent>', 'player': 1.0, 'ball': 2.0, 'balls_remaining': 1.0, 'is_extra_ball': False, 'cmd': 'slides_play', '_from_bcp': True}
2025-10-06 19:15:23,728 : INFO : EventManager : Event: ======'slide_skillshot_overlay_created'====== Args={'_from_bcp': True}
2025-10-06 19:15:23,728 : INFO : ball_device.bd_plunger : Setting up player-controlled eject. Balls: 1, Target: <playfield.playfield>, player_controlled_eject_event: None
2025-10-06 19:15:23,728 : INFO : EventManager : Event: ======'balldevice_balls_available'====== Args={}
2025-10-06 19:15:23,734 : INFO : ball_device.bd_trough : State: waiting_for_target_ready
2025-10-06 19:15:23,735 : INFO : EventManager : Event: ======'balldevice_bd_trough_ball_eject_attempt'====== Args={'balls': 1, 'target': <ball_device.bd_plunger>, 'source': <ball_device.bd_trough>, 'mechanical_eject': True, 'num_attempts': 0}
2025-10-06 19:15:23,736 : INFO : ball_device.bd_plunger : State: waiting_for_ball
2025-10-06 19:15:23,736 : INFO : ball_device.bd_trough : State: ejecting
2025-10-06 19:15:23,738 : INFO : ball_device.bd_trough : Ejecting ball to <ball_device.bd_plunger>
2025-10-06 19:15:23,738 : INFO : EventManager : Event: ======'balldevice_bd_trough_ejecting_ball'====== Args={'balls': 1, 'target': <ball_device.bd_plunger>, 'source': <ball_device.bd_trough>, 'mechanical_eject': True, 'num_attempts': 0}
2025-10-06 19:15:23,739 : INFO : ball_device.bd_trough : Wait for ball to leave device
2025-10-06 19:15:23,740 : INFO : coil.c_trough_eject : Pulsing Driver for 20ms (1.0 pulse_power)
2025-10-06 19:15:23,740 : INFO : SwitchController : <<<<<<< 's_trough1' inactive >>>>>>>
2025-10-06 19:15:23,745 : INFO : ball_device.bd_trough : State: ball_left
2025-10-06 19:15:23,745 : INFO : ball_device.bd_trough : Ball left
2025-10-06 19:15:23,745 : INFO : ball_device.bd_trough : Wait for confirm with timeout 3.0
2025-10-06 19:15:23,831 : INFO : SwitchController : <<<<<<< 's_plunger' active >>>>>>>
2025-10-06 19:15:23,831 : INFO : EventManager : Event: ======'machine_var_audits_switches_s_plunger'====== Args={'value': 854, 'prev_value': 853, 'change': 1}
2025-10-06 19:15:24,176 : INFO : EventManager : Event: ======'drop_target_middle_up'====== Args={'device': <drop_target.middle>}
2025-10-06 19:15:24,176 : INFO : EventManager : Event: ======'drop_target_top_up'====== Args={'device': <drop_target.top>}
2025-10-06 19:15:24,178 : INFO : EventManager : Event: ======'drop_target_bank_three_bank_up'====== Args={}
2025-10-06 19:15:24,332 : INFO : ball_device.bd_plunger : Received ball from <ball_device.bd_trough>
2025-10-06 19:15:24,332 : INFO : EventManager : Event: ======'balldevice_bd_plunger_ball_enter'====== Args={'new_balls': 1, 'unclaimed_balls': 0, 'new_available_balls': 0, 'device': <ball_device.bd_plunger>}
2025-10-06 19:15:24,333 : INFO : EventManager : Event: ======'balldevice_bd_plunger_ball_entered'====== Args={'new_balls': 0, 'device': <ball_device.bd_plunger>}
2025-10-06 19:15:24,333 : INFO : EventManager : Event: ======'balldevice_bd_plunger_ball_count_changed'====== Args={'balls': 1}
2025-10-06 19:15:24,333 : INFO : ball_device.bd_trough : Got eject confirm
2025-10-06 19:15:24,333 : INFO : ball_device.bd_trough : Eject successful
2025-10-06 19:15:24,333 : INFO : EventManager : Event: ======'balldevice_bd_trough_ball_eject_success'====== Args={'balls': 1, 'target': <ball_device.bd_plunger>}
2025-10-06 19:15:24,334 : INFO : EventManager : Event: ======'balldevice_bd_trough_ball_count_changed'====== Args={'balls': 5}
2025-10-06 19:15:24,335 : INFO : ball_device.bd_trough : State: idle
2025-10-06 19:15:24,336 : INFO : ball_device.bd_plunger : State: waiting_for_target_ready
2025-10-06 19:15:24,336 : INFO : EventManager : Event: ======'balldevice_bd_plunger_ball_eject_attempt'====== Args={'balls': 1, 'target': <playfield.playfield>, 'source': <ball_device.bd_plunger>, 'mechanical_eject': True, 'num_attempts': 0}
2025-10-06 19:15:24,336 : INFO : ball_device.bd_plunger : State: ejecting
2025-10-06 19:15:24,336 : INFO : ball_device.bd_plunger : Ejecting ball to <playfield.playfield>
2025-10-06 19:15:24,336 : INFO : EventManager : Event: ======'balldevice_bd_plunger_ejecting_ball'====== Args={'balls': 1, 'target': <playfield.playfield>, 'source': <ball_device.bd_plunger>, 'mechanical_eject': True, 'num_attempts': 0}
2025-10-06 19:15:24,339 : INFO : ball_device.bd_plunger : Wait for ball to leave device
2025-10-06 19:15:39,577 : INFO : Machine : Shutting down...
2025-10-06 19:15:39,577 : INFO : EventManager : Event: ======'shutdown'====== Args={}
2025-10-06 19:15:39,579 : INFO : EventManager : Event: ======'mode_game_will_stop'====== Args={}
2025-10-06 19:15:39,579 : INFO : EventManager : Event: ======'mode_game_stopping'====== Args={}
2025-10-06 19:15:39,580 : INFO : EventManager : Event: ======'mode_base_will_stop'====== Args={}
2025-10-06 19:15:39,580 : INFO : EventManager : Event: ======'mode_base_stopping'====== Args={}
2025-10-06 19:15:39,580 : INFO : EventManager : Event: ======'mode_carousel_will_stop'====== Args={}
2025-10-06 19:15:39,580 : INFO : EventManager : Event: ======'mode_carousel_stopping'====== Args={}
2025-10-06 19:15:39,580 : INFO : EventManager : Event: ======'mode_skill_shot_will_stop'====== Args={}
2025-10-06 19:15:39,580 : INFO : EventManager : Event: ======'mode_skill_shot_stopping'====== Args={}
2025-10-06 19:15:39,580 : INFO : EventManager : Event: ======'mode_multiball_will_stop'====== Args={}
2025-10-06 19:15:39,581 : INFO : EventManager : Event: ======'mode_multiball_stopping'====== Args={}
2025-10-06 19:15:39,581 : INFO : Mode.multiball : Stopped.
2025-10-06 19:15:39,581 : INFO : EventManager : Event: ======'modes_active_modes_changed'====== Args={}
2025-10-06 19:15:39,581 : INFO : EventManager : Event: ======'mode_multiball_stopped'====== Args={}
2025-10-06 19:15:39,581 : INFO : EventManager : Event: ======'clear'====== Args={'key': 'multiball'}
2025-10-06 19:15:39,581 : INFO : Mode.skill_shot : Stopped.
2025-10-06 19:15:39,582 : INFO : EventManager : Event: ======'modes_active_modes_changed'====== Args={}
2025-10-06 19:15:39,582 : INFO : EventManager : Event: ======'mode_skill_shot_stopped'====== Args={}
2025-10-06 19:15:39,582 : INFO : EventManager : Event: ======'clear'====== Args={'key': 'skill_shot'}
2025-10-06 19:15:39,582 : INFO : Timer.skill_shot_timeout : Stopping Timer
2025-10-06 19:15:39,583 : INFO : EventManager : Event: ======'timer_skill_shot_timeout_stopped'====== Args={'ticks': 0, 'ticks_remaining': 0}
2025-10-06 19:15:39,583 : INFO : Mode.carousel : Stopped.
2025-10-06 19:15:39,583 : INFO : EventManager : Event: ======'modes_active_modes_changed'====== Args={}
2025-10-06 19:15:39,583 : INFO : EventManager : Event: ======'mode_carousel_stopped'====== Args={}
2025-10-06 19:15:39,583 : INFO : EventManager : Event: ======'clear'====== Args={'key': 'carousel'}
2025-10-06 19:15:39,583 : INFO : Mode.base : Stopped.
2025-10-06 19:15:39,583 : INFO : EventManager : Event: ======'modes_active_modes_changed'====== Args={}
2025-10-06 19:15:39,584 : INFO : EventManager : Event: ======'mode_base_stopped'====== Args={}
2025-10-06 19:15:39,584 : INFO : EventManager : Event: ======'clear'====== Args={'key': 'base'}
2025-10-06 19:15:39,585 : INFO : Mode.game : Stopped.
2025-10-06 19:15:39,585 : INFO : EventManager : Event: ======'modes_active_modes_changed'====== Args={}
2025-10-06 19:15:39,585 : INFO : EventManager : Event: ======'mode_game_stopped'====== Args={}
2025-10-06 19:15:39,585 : INFO : EventManager : Event: ======'clear'====== Args={'key': 'game'}
2025-10-06 19:15:39,590 : INFO : root : MPF run loop ended.
