2025-10-02 19:44:22,895 : INFO : root : Loading config.
2025-10-02 19:44:22,900 : INFO : YamlMultifileConfigLoader : Machine config file #1: config.yaml
2025-10-02 19:44:22,901 : INFO : ConfigProcessor : Loading config from cache: C:\Users\sdona\AppData\Local\Temp\19f6d0d7953982fda9d956182316b8e5.mpf_cache
2025-10-02 19:44:23,003 : INFO : ConfigProcessor : Loading config from cache: C:\Users\sdona\AppData\Local\Temp\835b5bfea4be8b279a05e96caaaffbbb.mpf_cache
2025-10-02 19:44:23,004 : INFO : ConfigProcessor : Loading config from cache: C:\Users\sdona\AppData\Local\Temp\9b0a7575388f9d9bd2f6ab87bf9fd2f7.mpf_cache
2025-10-02 19:44:23,005 : INFO : ConfigProcessor : Loading config from cache: C:\Users\sdona\AppData\Local\Temp\c340ec0033d1055cd797ffd5447ef414.mpf_cache
2025-10-02 19:44:23,020 : INFO : ConfigProcessor : Loading config from cache: C:\Users\sdona\AppData\Local\Temp\835b5bfea4be8b279a05e96caaaffbbb.mpf_cache
2025-10-02 19:44:23,021 : INFO : ConfigProcessor : Loading config from cache: C:\Users\sdona\AppData\Local\Temp\8c11a28e3c38d4ad47947b6a126f2ee9.mpf_cache
2025-10-02 19:44:23,023 : INFO : ConfigProcessor : Loading config from cache: C:\Users\sdona\AppData\Local\Temp\e391083cdc9e667060411fe5838e93f2.mpf_cache
2025-10-02 19:44:23,035 : WARNING : ConfigProcessor : Config file in cache changed: C:\venv\mpf\mmmdrop\modes\carousel\config\carousel.yaml
2025-10-02 19:44:23,035 : INFO : ConfigProcessor : Loading config from file C:\venv\mpf\mmmdrop\modes\carousel\config\carousel.yaml.
2025-10-02 19:44:23,037 : INFO : ConfigProcessor : Loading config: C:\venv\mpf\mmmdrop\modes\carousel\config\carousel.yaml
2025-10-02 19:44:23,038 : INFO : ConfigProcessor : Config file cache created: C:\Users\sdona\AppData\Local\Temp\f0c219a993d891ee86dcb7eae47dde67.mpf_cache
2025-10-02 19:44:23,039 : INFO : ConfigProcessor : Loading config from cache: C:\Users\sdona\AppData\Local\Temp\96aa58108928490b129531848cd9b506.mpf_cache
2025-10-02 19:44:23,039 : INFO : ConfigProcessor : Loading config from cache: C:\Users\sdona\AppData\Local\Temp\567636b9d9766e3361204e954a8382da.mpf_cache
2025-10-02 19:44:23,041 : INFO : Machine : Mission Pinball Framework Core Engine v0.80.0.dev9
2025-10-02 19:44:23,041 : INFO : Machine : Command line arguments: {'no_load_cache': False, 'create_config_cache': True, 'bcp': True, 'configfile': ['config.yaml'], 'force_assets_load': False, 'platform_integration_test': False, 'jsonlogging': False, 'logfile': 'logs\\2025-10-02-19-44-22-mpf-PinballLaptop.log', 'pause': False, 'production': False, 'text_ui': True, 'loglevel': 15, 'consoleloglevel': 20, 'force_platform': 'smart_virtual', 'syslog_address': None, 'full_logfile_path': 'C:\\venv\\mpf\\mmmdrop\\logs\\2025-10-02-19-44-22-mpf-PinballLaptop.log'}
2025-10-02 19:44:23,041 : INFO : Machine : MPF path: c:\venv\mpf\lib\site-packages\mpf
2025-10-02 19:44:23,041 : INFO : Machine : Machine path: C:\venv\mpf\mmmdrop
2025-10-02 19:44:23,041 : INFO : Machine : Platform: win32
2025-10-02 19:44:23,041 : INFO : Machine : Python executable location: c:\venv\mpf\Scripts\python.exe
2025-10-02 19:44:23,041 : INFO : Machine : Python version: 3.9.13 (64-bit)
2025-10-02 19:44:23,042 : INFO : Machine : Initializing MPF...
2025-10-02 19:44:23,244 : INFO : EventManager : Event: ======'machine_var_credits_string'====== Args={'value': 'FREE PLAY', 'prev_value': None, 'change': True}
2025-10-02 19:44:23,271 : INFO : EventManager : Event: ======'machine_var_fast_audio_headphones_volume'====== Args={'value': 10, 'prev_value': None, 'change': True}
2025-10-02 19:44:23,271 : INFO : EventManager : Event: ======'machine_var_fast_audio_main_volume'====== Args={'value': 44, 'prev_value': None, 'change': True}
2025-10-02 19:44:23,271 : INFO : EventManager : Event: ======'machine_var_master_volume'====== Args={'value': 0.15, 'prev_value': None, 'change': True}
2025-10-02 19:44:23,271 : INFO : EventManager : Event: ======'machine_var_player1_score'====== Args={'value': 140190, 'prev_value': None, 'change': True}
2025-10-02 19:44:23,271 : INFO : EventManager : Event: ======'machine_var_mpf_version'====== Args={'value': 'Mission Pinball Framework v0.80.0.dev9', 'prev_value': None, 'change': True}
2025-10-02 19:44:23,271 : INFO : EventManager : Event: ======'machine_var_mpf_extended_version'====== Args={'value': 'Mission Pinball Framework v0.80.0.dev9, Config version:6, Show version: 6, BCP version:1.1', 'prev_value': None, 'change': True}
2025-10-02 19:44:23,271 : INFO : EventManager : Event: ======'machine_var_python_version'====== Args={'value': '3.9.13', 'prev_value': None, 'change': True}
2025-10-02 19:44:23,302 : INFO : EventManager : Event: ======'machine_var_platform'====== Args={'value': 'Windows-10-10.0.26100-SP0', 'prev_value': None, 'change': True}
2025-10-02 19:44:23,302 : INFO : EventManager : Event: ======'machine_var_platform_system'====== Args={'value': 'Windows', 'prev_value': None, 'change': True}
2025-10-02 19:44:23,302 : INFO : EventManager : Event: ======'machine_var_platform_release'====== Args={'value': '10', 'prev_value': None, 'change': True}
2025-10-02 19:44:23,302 : INFO : EventManager : Event: ======'machine_var_platform_version'====== Args={'value': '10.0.26100', 'prev_value': None, 'change': True}
2025-10-02 19:44:23,302 : INFO : EventManager : Event: ======'machine_var_platform_machine'====== Args={'value': 'AMD64', 'prev_value': None, 'change': True}
2025-10-02 19:44:23,302 : INFO : EventManager : Event: ======'machine_var_log_file_path'====== Args={'value': 'C:\\venv\\mpf\\mmmdrop\\logs\\2025-10-02-19-44-22-mpf-PinballLaptop.log', 'prev_value': None, 'change': True}
2025-10-02 19:44:23,302 : INFO : EventManager : Event: ======'init_phase_1'====== Args={}
2025-10-02 19:44:23,334 : INFO : EventManager : Event: ======'drop_target_bank_three_bank_up'====== Args={}
2025-10-02 19:44:23,334 : INFO : EventManager : Event: ======'init_phase_2'====== Args={}
2025-10-02 19:44:23,334 : INFO : SwitchController : Found active switch: ('3208-0', <Platform.SmartVirtual>) <switch.s_trough1>
2025-10-02 19:44:23,335 : INFO : SwitchController : Found active switch: ('3208-1', <Platform.SmartVirtual>) <switch.s_trough2>
2025-10-02 19:44:23,335 : INFO : SwitchController : Found active switch: ('3208-2', <Platform.SmartVirtual>) <switch.s_trough3>
2025-10-02 19:44:23,335 : INFO : SwitchController : Found active switch: ('3208-3', <Platform.SmartVirtual>) <switch.s_trough4>
2025-10-02 19:44:23,335 : INFO : SwitchController : Found active switch: ('3208-4', <Platform.SmartVirtual>) <switch.s_trough5>
2025-10-02 19:44:23,335 : INFO : SwitchController : Found active switch: ('3208-5', <Platform.SmartVirtual>) <switch.s_trough6>
2025-10-02 19:44:23,340 : INFO : EventManager : Event: ======'bcp_connection_attempt'====== Args={'name': 'local_display', 'host': 'localhost', 'port': 5050}
2025-10-02 19:44:23,342 : INFO : BCPClientSocket : Connecting BCP to 'local_display' at localhost:5050...
2025-10-02 19:44:29,071 : INFO : BCPClientSocket : Connected BCP to 'local_display' localhost:5050
2025-10-02 19:44:29,073 : INFO : EventManager : Event: ======'bcp_clients_connected'====== Args={}
2025-10-02 19:44:29,223 : INFO : ball_device.bd_trough : BCH: Initial count: 6
2025-10-02 19:44:29,276 : INFO : ball_device.bd_trough : State: idle
2025-10-02 19:44:29,276 : INFO : ball_device.bd_plunger : BCH: Initial count: 0
2025-10-02 19:44:29,276 : INFO : ball_device.bd_plunger : State: idle
2025-10-02 19:44:29,277 : INFO : ball_device.bd_scoop : BCH: Initial count: 0
2025-10-02 19:44:29,278 : INFO : ball_device.bd_scoop : State: idle
2025-10-02 19:44:29,297 : INFO : EventManager : Event: ======'init_phase_3'====== Args={}
2025-10-02 19:44:29,301 : INFO : EventManager : Event: ======'init_phase_4'====== Args={}
2025-10-02 19:44:29,302 : INFO : BallController : Initial balls found: 6
2025-10-02 19:44:29,303 : INFO : EventManager : Event: ======'machine_var_audits_events_game_ended'====== Args={'value': 36, 'prev_value': None, 'change': True}
2025-10-02 19:44:29,303 : INFO : EventManager : Event: ======'machine_var_audits_events_game_started'====== Args={'value': 225, 'prev_value': None, 'change': True}
2025-10-02 19:44:29,304 : INFO : EventManager : Event: ======'machine_var_audits_missing_switches_s_captive_ball'====== Args={'value': 18, 'prev_value': None, 'change': True}
2025-10-02 19:44:29,304 : INFO : EventManager : Event: ======'machine_var_audits_missing_switches_s_center_upper_pop'====== Args={'value': 1, 'prev_value': None, 'change': True}
2025-10-02 19:44:29,304 : INFO : EventManager : Event: ======'machine_var_audits_missing_switches_s_inner_orbit'====== Args={'value': 151, 'prev_value': None, 'change': True}
2025-10-02 19:44:29,304 : INFO : EventManager : Event: ======'machine_var_audits_missing_switches_s_left_flipper'====== Args={'value': 23, 'prev_value': None, 'change': True}
2025-10-02 19:44:29,304 : INFO : EventManager : Event: ======'machine_var_audits_missing_switches_s_left_inlane'====== Args={'value': 36, 'prev_value': None, 'change': True}
2025-10-02 19:44:29,304 : INFO : EventManager : Event: ======'machine_var_audits_missing_switches_s_left_orbit'====== Args={'value': 18, 'prev_value': None, 'change': True}
2025-10-02 19:44:29,304 : INFO : EventManager : Event: ======'machine_var_audits_missing_switches_s_left_outlane'====== Args={'value': 36, 'prev_value': None, 'change': True}
2025-10-02 19:44:29,304 : INFO : EventManager : Event: ======'machine_var_audits_missing_switches_s_left_ramp'====== Args={'value': 18, 'prev_value': None, 'change': True}
2025-10-02 19:44:29,304 : INFO : EventManager : Event: ======'machine_var_audits_missing_switches_s_left_slingshot'====== Args={'value': 151, 'prev_value': None, 'change': True}
2025-10-02 19:44:29,304 : INFO : EventManager : Event: ======'machine_var_audits_missing_switches_s_left_upper_pop'====== Args={'value': 1, 'prev_value': None, 'change': True}
2025-10-02 19:44:29,304 : INFO : EventManager : Event: ======'machine_var_audits_missing_switches_s_pop_standup'====== Args={'value': 18, 'prev_value': None, 'change': True}
2025-10-02 19:44:29,304 : INFO : EventManager : Event: ======'machine_var_audits_missing_switches_s_right_flipper'====== Args={'value': 23, 'prev_value': None, 'change': True}
2025-10-02 19:44:29,304 : INFO : EventManager : Event: ======'machine_var_audits_missing_switches_s_right_inlane'====== Args={'value': 36, 'prev_value': None, 'change': True}
2025-10-02 19:44:29,304 : INFO : EventManager : Event: ======'machine_var_audits_missing_switches_s_right_orbit'====== Args={'value': 18, 'prev_value': None, 'change': True}
2025-10-02 19:44:29,304 : INFO : EventManager : Event: ======'machine_var_audits_missing_switches_s_right_outlane'====== Args={'value': 36, 'prev_value': None, 'change': True}
2025-10-02 19:44:29,304 : INFO : EventManager : Event: ======'machine_var_audits_missing_switches_s_right_ramp'====== Args={'value': 18, 'prev_value': None, 'change': True}
2025-10-02 19:44:29,304 : INFO : EventManager : Event: ======'machine_var_audits_missing_switches_s_right_slingshot'====== Args={'value': 1, 'prev_value': None, 'change': True}
2025-10-02 19:44:29,306 : INFO : EventManager : Event: ======'machine_var_audits_missing_switches_s_scoop'====== Args={'value': 2, 'prev_value': None, 'change': True}
2025-10-02 19:44:29,306 : INFO : EventManager : Event: ======'machine_var_audits_missing_switches_s_spinner'====== Args={'value': 57, 'prev_value': None, 'change': True}
2025-10-02 19:44:29,306 : INFO : EventManager : Event: ======'machine_var_audits_missing_switches_s_start'====== Args={'value': 20, 'prev_value': None, 'change': True}
2025-10-02 19:44:29,306 : INFO : EventManager : Event: ======'machine_var_audits_missing_switches_s_tilt_bob'====== Args={'value': 159, 'prev_value': None, 'change': True}
2025-10-02 19:44:29,306 : INFO : EventManager : Event: ======'machine_var_audits_missing_switches_s_top_right_flipper'====== Args={'value': 151, 'prev_value': None, 'change': True}
2025-10-02 19:44:29,306 : INFO : EventManager : Event: ======'machine_var_audits_missing_switches_s_trough3'====== Args={'value': 150, 'prev_value': None, 'change': True}
2025-10-02 19:44:29,307 : INFO : EventManager : Event: ======'machine_var_audits_missing_switches_s_trough4'====== Args={'value': 150, 'prev_value': None, 'change': True}
2025-10-02 19:44:29,307 : INFO : EventManager : Event: ======'machine_var_audits_missing_switches_s_trough5'====== Args={'value': 150, 'prev_value': None, 'change': True}
2025-10-02 19:44:29,307 : INFO : EventManager : Event: ======'machine_var_audits_missing_switches_s_trough_jam'====== Args={'value': 151, 'prev_value': None, 'change': True}
2025-10-02 19:44:29,307 : INFO : EventManager : Event: ======'machine_var_audits_missing_switches_s_tshirt_bottom_standup'====== Args={'value': 1, 'prev_value': None, 'change': True}
2025-10-02 19:44:29,307 : INFO : EventManager : Event: ======'machine_var_audits_missing_switches_s_upper_pop_standup'====== Args={'value': 151, 'prev_value': None, 'change': True}
2025-10-02 19:44:29,308 : INFO : EventManager : Event: ======'machine_var_audits_player_score'====== Args={'value': {'average': 16766, 'top': [140190, 55679, 54526, 46225, 25350, 24166, 23278, 22740, 20422, 20201], 'total': 37}, 'prev_value': None, 'change': True}
2025-10-02 19:44:29,308 : INFO : EventManager : Event: ======'machine_var_audits_shots_skill_captive'====== Args={'value': 16, 'prev_value': None, 'change': True}
2025-10-02 19:44:29,308 : INFO : EventManager : Event: ======'machine_var_audits_shots_skill_drop_targets'====== Args={'value': 13, 'prev_value': None, 'change': True}
2025-10-02 19:44:29,308 : INFO : EventManager : Event: ======'machine_var_audits_shots_skill_side_targets'====== Args={'value': 21, 'prev_value': None, 'change': True}
2025-10-02 19:44:29,308 : INFO : EventManager : Event: ======'machine_var_audits_switches_s_captive_ball'====== Args={'value': 159, 'prev_value': None, 'change': True}
2025-10-02 19:44:29,308 : INFO : EventManager : Event: ======'machine_var_audits_switches_s_center_upper_pop'====== Args={'value': 194, 'prev_value': None, 'change': True}
2025-10-02 19:44:29,309 : INFO : EventManager : Event: ======'machine_var_audits_switches_s_inner_orbit'====== Args={'value': 0, 'prev_value': None, 'change': True}
2025-10-02 19:44:29,309 : INFO : EventManager : Event: ======'machine_var_audits_switches_s_left_flipper'====== Args={'value': 1243, 'prev_value': None, 'change': True}
2025-10-02 19:44:29,309 : INFO : EventManager : Event: ======'machine_var_audits_switches_s_left_inlane'====== Args={'value': 109, 'prev_value': None, 'change': True}
2025-10-02 19:44:29,309 : INFO : EventManager : Event: ======'machine_var_audits_switches_s_left_orbit'====== Args={'value': 17, 'prev_value': None, 'change': True}
2025-10-02 19:44:29,309 : INFO : EventManager : Event: ======'machine_var_audits_switches_s_left_outlane'====== Args={'value': 55, 'prev_value': None, 'change': True}
2025-10-02 19:44:29,309 : INFO : EventManager : Event: ======'machine_var_audits_switches_s_left_ramp'====== Args={'value': 28, 'prev_value': None, 'change': True}
2025-10-02 19:44:29,310 : INFO : EventManager : Event: ======'machine_var_audits_switches_s_left_slingshot'====== Args={'value': 259, 'prev_value': None, 'change': True}
2025-10-02 19:44:29,310 : INFO : EventManager : Event: ======'machine_var_audits_switches_s_left_upper_pop'====== Args={'value': 147, 'prev_value': None, 'change': True}
2025-10-02 19:44:29,310 : INFO : EventManager : Event: ======'machine_var_audits_switches_s_plunger'====== Args={'value': 624, 'prev_value': None, 'change': True}
2025-10-02 19:44:29,310 : INFO : EventManager : Event: ======'machine_var_audits_switches_s_pop_standup'====== Args={'value': 64, 'prev_value': None, 'change': True}
2025-10-02 19:44:29,310 : INFO : EventManager : Event: ======'machine_var_audits_switches_s_right_flipper'====== Args={'value': 1515, 'prev_value': None, 'change': True}
2025-10-02 19:44:29,311 : INFO : EventManager : Event: ======'machine_var_audits_switches_s_right_inlane'====== Args={'value': 106, 'prev_value': None, 'change': True}
2025-10-02 19:44:29,311 : INFO : EventManager : Event: ======'machine_var_audits_switches_s_right_lower_pop'====== Args={'value': 430, 'prev_value': None, 'change': True}
2025-10-02 19:44:29,311 : INFO : EventManager : Event: ======'machine_var_audits_switches_s_right_orbit'====== Args={'value': 17, 'prev_value': None, 'change': True}
2025-10-02 19:44:29,311 : INFO : EventManager : Event: ======'machine_var_audits_switches_s_right_outlane'====== Args={'value': 53, 'prev_value': None, 'change': True}
2025-10-02 19:44:29,311 : INFO : EventManager : Event: ======'machine_var_audits_switches_s_right_ramp'====== Args={'value': 31, 'prev_value': None, 'change': True}
2025-10-02 19:44:29,311 : INFO : EventManager : Event: ======'machine_var_audits_switches_s_right_slingshot'====== Args={'value': 366, 'prev_value': None, 'change': True}
2025-10-02 19:44:29,312 : INFO : EventManager : Event: ======'machine_var_audits_switches_s_scoop'====== Args={'value': 155, 'prev_value': None, 'change': True}
2025-10-02 19:44:29,312 : INFO : EventManager : Event: ======'machine_var_audits_switches_s_spinner'====== Args={'value': 1371, 'prev_value': None, 'change': True}
2025-10-02 19:44:29,312 : INFO : EventManager : Event: ======'machine_var_audits_switches_s_start'====== Args={'value': 55, 'prev_value': None, 'change': True}
2025-10-02 19:44:29,312 : INFO : EventManager : Event: ======'machine_var_audits_switches_s_three_bank_bottom'====== Args={'value': 138, 'prev_value': None, 'change': True}
2025-10-02 19:44:29,312 : INFO : EventManager : Event: ======'machine_var_audits_switches_s_three_bank_middle'====== Args={'value': 139, 'prev_value': None, 'change': True}
2025-10-02 19:44:29,313 : INFO : EventManager : Event: ======'machine_var_audits_switches_s_three_bank_standup'====== Args={'value': 102, 'prev_value': None, 'change': True}
2025-10-02 19:44:29,313 : INFO : EventManager : Event: ======'machine_var_audits_switches_s_three_bank_top'====== Args={'value': 132, 'prev_value': None, 'change': True}
2025-10-02 19:44:29,313 : INFO : EventManager : Event: ======'machine_var_audits_switches_s_tilt_bob'====== Args={'value': 21, 'prev_value': None, 'change': True}
2025-10-02 19:44:29,313 : INFO : EventManager : Event: ======'machine_var_audits_switches_s_top_right_flipper'====== Args={'value': 1294, 'prev_value': None, 'change': True}
2025-10-02 19:44:29,313 : INFO : EventManager : Event: ======'machine_var_audits_switches_s_trough1'====== Args={'value': 243, 'prev_value': None, 'change': True}
2025-10-02 19:44:29,313 : INFO : EventManager : Event: ======'machine_var_audits_switches_s_trough2'====== Args={'value': 249, 'prev_value': None, 'change': True}
2025-10-02 19:44:29,314 : INFO : EventManager : Event: ======'machine_var_audits_switches_s_trough3'====== Args={'value': 178, 'prev_value': None, 'change': True}
2025-10-02 19:44:29,314 : INFO : EventManager : Event: ======'machine_var_audits_switches_s_trough4'====== Args={'value': 160, 'prev_value': None, 'change': True}
2025-10-02 19:44:29,314 : INFO : EventManager : Event: ======'machine_var_audits_switches_s_trough5'====== Args={'value': 160, 'prev_value': None, 'change': True}
2025-10-02 19:44:29,314 : INFO : EventManager : Event: ======'machine_var_audits_switches_s_trough6'====== Args={'value': 161, 'prev_value': None, 'change': True}
2025-10-02 19:44:29,314 : INFO : EventManager : Event: ======'machine_var_audits_switches_s_trough_jam'====== Args={'value': 206, 'prev_value': None, 'change': True}
2025-10-02 19:44:29,314 : INFO : EventManager : Event: ======'machine_var_audits_switches_s_tshirt_bottom_standup'====== Args={'value': 29, 'prev_value': None, 'change': True}
2025-10-02 19:44:29,315 : INFO : EventManager : Event: ======'machine_var_audits_switches_s_tshirt_top_standup'====== Args={'value': 54, 'prev_value': None, 'change': True}
2025-10-02 19:44:29,315 : INFO : EventManager : Event: ======'machine_var_audits_switches_s_upper_pop_standup'====== Args={'value': 158, 'prev_value': None, 'change': True}
2025-10-02 19:44:29,316 : INFO : EventManager : Event: ======'init_phase_5'====== Args={}
2025-10-02 19:44:29,329 : INFO : EventManager : Event: ======'init_done'====== Args={}
2025-10-02 19:44:29,330 : INFO : EventManager : Event: ======'machine_reset_phase_1'====== Args={}
2025-10-02 19:44:29,345 : INFO : EventManager : Event: ======'machine_reset_phase_2'====== Args={}
2025-10-02 19:44:29,345 : INFO : EventManager : Event: ======'machine_reset_phase_3'====== Args={}
2025-10-02 19:44:29,345 : INFO : drop_target_bank.three_bank : All targets are already up. Will not reset bank.
2025-10-02 19:44:29,346 : INFO : EventManager : Event: ======'reset_complete'====== Args={}
2025-10-02 19:44:29,346 : INFO : EventManager : Event: ======'mode_attract_will_start'====== Args={}
2025-10-02 19:44:29,347 : INFO : EventManager : Event: ======'mode_attract_starting'====== Args={}
2025-10-02 19:44:29,347 : INFO : Mode.attract : Started. Priority: 10
2025-10-02 19:44:29,347 : INFO : EventManager : Event: ======'modes_active_modes_changed'====== Args={}
2025-10-02 19:44:29,347 : INFO : EventManager : Event: ======'mode_attract_started'====== Args={}
2025-10-02 19:44:29,348 : INFO : EventManager : Event: ======'collecting_balls_complete'====== Args={}
2025-10-02 19:44:29,362 : INFO : EventManager : Event: ======'slide_loading_created'====== Args={'_from_bcp': True}
2025-10-02 19:44:29,363 : INFO : EventManager : Event: ======'slide__removed'====== Args={'_from_bcp': True}
2025-10-02 19:44:29,363 : INFO : EventManager : Event: ======'slide_loading_active'====== Args={'original_context': '_global', 'original_calling_context': 'init_done', 'priority': 0.0, 'cmd': 'slides_play', '_from_bcp': True}
2025-10-02 19:44:29,363 : INFO : Machine : Starting the main run loop with active modes: [<Mode.attract>]
2025-10-02 19:44:29,419 : INFO : EventManager : Event: ======'slide_attract_created'====== Args={'_from_bcp': True}
2025-10-02 19:44:29,419 : INFO : EventManager : Event: ======'slide_loading_inactive'====== Args={'is_removing': True, '_from_bcp': True}
2025-10-02 19:44:29,419 : INFO : EventManager : Event: ======'slide_attract_active'====== Args={'original_context': 'attract', 'original_calling_context': 'mode_attract_started', 'priority': 10.0, 'cmd': 'slides_play', '_from_bcp': True}
2025-10-02 19:44:29,420 : INFO : EventManager : Event: ======'slide_loading_removed'====== Args={'_from_bcp': True}
2025-10-02 19:44:29,632 : INFO : BcpServer : New client connected.
2025-10-02 19:44:32,011 : INFO : SwitchController : <<<<<<< 's_start' active >>>>>>>
2025-10-02 19:44:32,177 : INFO : SwitchController : <<<<<<< 's_start' inactive >>>>>>>
2025-10-02 19:44:32,177 : INFO : EventManager : Event: ======'request_to_start_game'====== Args={}
2025-10-02 19:44:32,178 : INFO : EventManager : Event: ======'game_start'====== Args={'buttons': [], 'hold_time': 0.17199999999138527}
2025-10-02 19:44:32,178 : INFO : EventManager : Event: ======'mode_game_will_start'====== Args={'buttons': [], 'hold_time': 0.17199999999138527}
2025-10-02 19:44:32,179 : INFO : EventManager : Event: ======'mode_game_starting'====== Args={'buttons': [], 'hold_time': 0.17199999999138527}
2025-10-02 19:44:32,180 : INFO : EventManager : Event: ======'mode_attract_will_stop'====== Args={}
2025-10-02 19:44:32,180 : INFO : EventManager : Event: ======'mode_attract_stopping'====== Args={}
2025-10-02 19:44:32,180 : INFO : Mode.attract : Stopped.
2025-10-02 19:44:32,180 : INFO : EventManager : Event: ======'modes_active_modes_changed'====== Args={}
2025-10-02 19:44:32,180 : INFO : EventManager : Event: ======'mode_attract_stopped'====== Args={}
2025-10-02 19:44:32,180 : INFO : EventManager : Event: ======'clear'====== Args={'key': 'attract'}
2025-10-02 19:44:32,180 : INFO : Mode.game : Started. Priority: 20
2025-10-02 19:44:32,180 : INFO : EventManager : Event: ======'modes_active_modes_changed'====== Args={}
2025-10-02 19:44:32,181 : INFO : EventManager : Event: ======'mode_game_started'====== Args={'buttons': [], 'hold_time': 0.17199999999138527}
2025-10-02 19:44:32,184 : INFO : EventManager : Event: ======'game_will_start'====== Args={}
2025-10-02 19:44:32,184 : INFO : EventManager : Event: ======'game_starting'====== Args={'game': <Mode.game>}
2025-10-02 19:44:32,185 : INFO : EventManager : Unordered handler for class <Auditor> on event game_ended with priority 1. Handlers: [RegisteredHandler(callback=<bound method Auditor.disable of <Auditor>>, priority=1, kwargs={}, key=UUID('9210b0dd-f863-47a0-a9ef-8446c2e923c9'), condition=None, blocking_facility=None), RegisteredHandler(callback=<bound method Auditor._save_audits of <Auditor>>, priority=1, kwargs={}, key=UUID('e3796ee7-f712-4432-a721-b4af4e38dd46'), condition=None, blocking_facility=None)]. The order of those handlers is not defined and they will be executed in random order. This might lead to race conditions and potential bugs.
2025-10-02 19:44:32,186 : INFO : EventManager : Event: ======'player_add_request'====== Args={}
2025-10-02 19:44:32,186 : INFO : EventManager : Event: ======'player_will_add'====== Args={'number': 1}
2025-10-02 19:44:32,186 : INFO : EventManager : Event: ======'player_adding'====== Args={'player': <Player 1>, 'number': 1}
2025-10-02 19:44:32,186 : INFO : EventManager : Event: ======'player_added'====== Args={'player': <Player 1>, 'num': 1}
2025-10-02 19:44:32,186 : INFO : Mode.game : Player added successfully. Total players: 1
2025-10-02 19:44:32,186 : INFO : EventManager : Event: ======'player_index'====== Args={'value': 0, 'prev_value': 0, 'change': 0, 'player_num': 1}
2025-10-02 19:44:32,187 : INFO : EventManager : Event: ======'player_number'====== Args={'value': 1, 'prev_value': 1, 'change': 0, 'player_num': 1}
2025-10-02 19:44:32,187 : INFO : EventManager : Event: ======'player_score'====== Args={'value': 0, 'prev_value': 0, 'change': 0, 'player_num': 1}
2025-10-02 19:44:32,187 : INFO : EventManager : Event: ======'game_started'====== Args={}
2025-10-02 19:44:32,201 : INFO : EventManager : Event: ======'player_turn_will_start'====== Args={'player': <Player 1>, 'number': 1}
2025-10-02 19:44:32,201 : INFO : EventManager : Event: ======'player_turn_starting'====== Args={'player': <Player 1>, 'number': 1}
2025-10-02 19:44:32,203 : INFO : EventManager : Event: ======'player_ball'====== Args={'value': 1, 'prev_value': 0, 'change': 1, 'player_num': 1}
2025-10-02 19:44:32,204 : INFO : EventManager : Event: ======'player_turn_started'====== Args={'player': <Player 1>, 'number': 1}
2025-10-02 19:44:32,205 : INFO : EventManager : Event: ======'ball_will_start'====== Args={'player': 1, 'ball': 1, 'balls_remaining': 2, 'is_extra_ball': False}
2025-10-02 19:44:32,207 : INFO : EventManager : Event: ======'ball_starting'====== Args={'player': 1, 'ball': 1, 'balls_remaining': 2, 'is_extra_ball': False}
2025-10-02 19:44:32,208 : INFO : EventManager : Event: ======'mode_base_will_start'====== Args={'queue': <QueuedEvent>, 'player': 1, 'ball': 1, 'balls_remaining': 2, 'is_extra_ball': False}
2025-10-02 19:44:32,213 : INFO : EventManager : Event: ======'mode_base_starting'====== Args={'queue': <QueuedEvent>, 'player': 1, 'ball': 1, 'balls_remaining': 2, 'is_extra_ball': False}
2025-10-02 19:44:32,214 : INFO : drop_target_bank.three_bank : All targets are already up. Will not reset bank.
2025-10-02 19:44:32,214 : INFO : EventManager : Event: ======'balls_in_play'====== Args={'balls': 1}
2025-10-02 19:44:32,214 : INFO : EventManager : Event: ======'ball_started'====== Args={'player': 1, 'ball': 1, 'balls_remaining': 2, 'is_extra_ball': False}
2025-10-02 19:44:32,215 : INFO : EventManager : Event: ======'logicblock_qualify_chcheckitout_multiball_updated'====== Args={'value': 0, 'enabled': True}
2025-10-02 19:44:32,215 : INFO : EventManager : Event: ======'logicblock_drop_target_bank_counter_updated'====== Args={'value': 0, 'enabled': True}
2025-10-02 19:44:32,215 : INFO : EventManager : Event: ======'logicblock_qualify_chcheckitout_multiball_updated'====== Args={'value': 0, 'enabled': True}
2025-10-02 19:44:32,215 : INFO : EventManager : Event: ======'logicblock_chcheckitout_multiball_ready_updated'====== Args={'value': 0, 'enabled': False}
2025-10-02 19:44:32,215 : INFO : EventManager : Event: ======'logicblock_drop_target_bank_counter_updated'====== Args={'value': 0, 'enabled': True}
2025-10-02 19:44:32,216 : INFO : Mode.base : Started. Priority: 100
2025-10-02 19:44:32,216 : INFO : EventManager : Event: ======'modes_active_modes_changed'====== Args={}
2025-10-02 19:44:32,216 : INFO : EventManager : Event: ======'mode_base_started'====== Args={'queue': <QueuedEvent>, 'player': 1, 'ball': 1, 'balls_remaining': 2, 'is_extra_ball': False}
2025-10-02 19:44:32,216 : INFO : EventManager : Event: ======'mode_skill_shot_will_start'====== Args={'player': 1, 'ball': 1, 'balls_remaining': 2, 'is_extra_ball': False}
2025-10-02 19:44:32,216 : INFO : EventManager : Event: ======'player_shot_skill_side_targets_enabled'====== Args={'value': True, 'prev_value': 0, 'change': 1, 'player_num': 1}
2025-10-02 19:44:32,217 : INFO : EventManager : Event: ======'player_shot_skill_drop_targets_enabled'====== Args={'value': True, 'prev_value': 0, 'change': 1, 'player_num': 1}
2025-10-02 19:44:32,217 : INFO : EventManager : Event: ======'skill_shot_complete'====== Args={'state': 'unlit'}
2025-10-02 19:44:32,217 : INFO : EventManager : Event: ======'skill_shot_unlit_complete'====== Args={}
2025-10-02 19:44:32,217 : INFO : EventManager : Event: ======'player_skill_shot_skill_shot_timeout_tick'====== Args={'value': 0, 'prev_value': 0, 'change': 0, 'player_num': 1}
2025-10-02 19:44:32,219 : INFO : EventManager : Event: ======'mode_skill_shot_starting'====== Args={'player': 1, 'ball': 1, 'balls_remaining': 2, 'is_extra_ball': False}
2025-10-02 19:44:32,219 : INFO : EventManager : Event: ======'logicblock_drop_target_bank_counter_updated'====== Args={'value': 1, 'enabled': True}
2025-10-02 19:44:32,219 : INFO : EventManager : Event: ======'counter_drop_target_bank_counter_hit'====== Args={'count': 1, 'hits': 1, 'remaining': 1}
2025-10-02 19:44:32,219 : INFO : EventManager : Event: ======'logicblock_drop_target_bank_counter_hit'====== Args={'count': 1, 'hits': 1, 'remaining': 1}
2025-10-02 19:44:32,220 : INFO : EventManager : Event: ======'player_drop_target_bank_counter_count'====== Args={'value': 1, 'prev_value': 0, 'change': 1, 'player_num': 1, 'source': 'base'}
2025-10-02 19:44:32,220 : INFO : EventManager : Event: ======'player_drop_target_bank_counter_count'====== Args={'value': 0, 'prev_value': 1, 'change': -1, 'player_num': 1, 'source': 'base'}
2025-10-02 19:44:32,220 : INFO : EventManager : Event: ======'mode_multiball_will_start'====== Args={'queue': <QueuedEvent>, 'player': 1, 'ball': 1, 'balls_remaining': 2, 'is_extra_ball': False}
2025-10-02 19:44:32,221 : INFO : EventManager : Event: ======'mode_multiball_starting'====== Args={'queue': <QueuedEvent>, 'player': 1, 'ball': 1, 'balls_remaining': 2, 'is_extra_ball': False}
2025-10-02 19:44:32,221 : INFO : EventManager : Event: ======'mode_carousel_will_start'====== Args={'queue': <QueuedEvent>, 'player': 1, 'ball': 1, 'balls_remaining': 2, 'is_extra_ball': False}
2025-10-02 19:44:32,222 : INFO : EventManager : Event: ======'mode_carousel_starting'====== Args={'queue': <QueuedEvent>, 'player': 1, 'ball': 1, 'balls_remaining': 2, 'is_extra_ball': False}
2025-10-02 19:44:32,222 : INFO : EventManager : Event: ======'ball_save_default_enabled'====== Args={}
2025-10-02 19:44:32,223 : INFO : Mode.carousel : Started. Priority: 200
2025-10-02 19:44:32,223 : INFO : EventManager : Event: ======'modes_active_modes_changed'====== Args={}
2025-10-02 19:44:32,223 : INFO : EventManager : Event: ======'mode_carousel_started'====== Args={'queue': <QueuedEvent>, 'player': 1, 'ball': 1, 'balls_remaining': 2, 'is_extra_ball': False}
2025-10-02 19:44:32,224 : INFO : EventManager : Event: ======'item_highlighted'====== Args={'carousel': 'carousel', 'direction': None, 'item': 'intergalactic'}
2025-10-02 19:44:32,224 : INFO : Mode.multiball : Started. Priority: 1000
2025-10-02 19:44:32,224 : INFO : EventManager : Event: ======'modes_active_modes_changed'====== Args={}
2025-10-02 19:44:32,224 : INFO : EventManager : Event: ======'mode_multiball_started'====== Args={'queue': <QueuedEvent>, 'player': 1, 'ball': 1, 'balls_remaining': 2, 'is_extra_ball': False}
2025-10-02 19:44:32,224 : INFO : Mode.skill_shot : Started. Priority: 500
2025-10-02 19:44:32,225 : INFO : EventManager : Event: ======'modes_active_modes_changed'====== Args={}
2025-10-02 19:44:32,225 : INFO : EventManager : Event: ======'mode_skill_shot_started'====== Args={'player': 1, 'ball': 1, 'balls_remaining': 2, 'is_extra_ball': False}
2025-10-02 19:44:32,226 : INFO : EventManager : Event: ======'player_shot_skill_side_targets'====== Args={'value': 1, 'prev_value': 0, 'change': 1, 'player_num': 1}
2025-10-02 19:44:32,227 : INFO : EventManager : Event: ======'player_shot_skill_drop_targets'====== Args={'value': 1, 'prev_value': 0, 'change': 1, 'player_num': 1}
2025-10-02 19:44:32,228 : INFO : EventManager : Event: ======'skill_shot_complete'====== Args={'state': 'flashing'}
2025-10-02 19:44:32,228 : INFO : EventManager : Event: ======'skill_shot_flashing_complete'====== Args={}
2025-10-02 19:44:32,229 : INFO : EventManager : Event: ======'single_player_ball_started'====== Args={}
2025-10-02 19:44:32,249 : INFO : EventManager : Event: ======'ball_start_target'====== Args={'target': 'playfield'}
2025-10-02 19:44:32,250 : INFO : EventManager : Event: ======'slide_base_created'====== Args={'_from_bcp': True}
2025-10-02 19:44:32,251 : INFO : ball_device.bd_plunger : Setting up player-controlled eject. Balls: 1, Target: <playfield.playfield>, player_controlled_eject_event: None
2025-10-02 19:44:32,251 : INFO : EventManager : Event: ======'balldevice_balls_available'====== Args={}
2025-10-02 19:44:32,252 : INFO : EventManager : Event: ======'slide_score_overlay_created'====== Args={'_from_bcp': True}
2025-10-02 19:44:32,253 : INFO : EventManager : Event: ======'slide_attract_inactive'====== Args={'is_removing': True, '_from_bcp': True}
2025-10-02 19:44:32,253 : INFO : EventManager : Event: ======'slide_score_overlay_active'====== Args={'original_context': 'base', 'original_calling_context': 'mode_base_started', 'priority': 100.0, 'queue': '<QueuedEvent>', 'player': 1.0, 'ball': 1.0, 'balls_remaining': 2.0, 'is_extra_ball': False, 'cmd': 'slides_play', '_from_bcp': True}
2025-10-02 19:44:32,255 : INFO : ball_device.bd_trough : State: waiting_for_target_ready
2025-10-02 19:44:32,256 : INFO : EventManager : Event: ======'balldevice_bd_trough_ball_eject_attempt'====== Args={'balls': 1, 'target': <ball_device.bd_plunger>, 'source': <ball_device.bd_trough>, 'mechanical_eject': True, 'num_attempts': 0}
2025-10-02 19:44:32,256 : INFO : ball_device.bd_plunger : State: waiting_for_ball
2025-10-02 19:44:32,259 : INFO : ball_device.bd_trough : State: ejecting
2025-10-02 19:44:32,260 : INFO : ball_device.bd_trough : Ejecting ball to <ball_device.bd_plunger>
2025-10-02 19:44:32,260 : INFO : EventManager : Event: ======'balldevice_bd_trough_ejecting_ball'====== Args={'balls': 1, 'target': <ball_device.bd_plunger>, 'source': <ball_device.bd_trough>, 'mechanical_eject': True, 'num_attempts': 0}
2025-10-02 19:44:32,262 : INFO : EventManager : Event: ======'slide_attract_removed'====== Args={'_from_bcp': True}
2025-10-02 19:44:32,263 : INFO : ball_device.bd_trough : Wait for ball to leave device
2025-10-02 19:44:32,264 : INFO : coil.c_trough_eject : Pulsing Driver for 20ms (1.0 pulse_power)
2025-10-02 19:44:32,264 : INFO : SwitchController : <<<<<<< 's_trough1' inactive >>>>>>>
2025-10-02 19:44:32,268 : INFO : ball_device.bd_trough : State: ball_left
2025-10-02 19:44:32,269 : INFO : ball_device.bd_trough : Ball left
2025-10-02 19:44:32,269 : INFO : ball_device.bd_trough : Wait for confirm with timeout 3.0
2025-10-02 19:44:32,270 : INFO : EventManager : Event: ======'slide_current_mode_highlighted_created'====== Args={'_from_bcp': True}
2025-10-02 19:44:32,370 : INFO : SwitchController : <<<<<<< 's_plunger' active >>>>>>>
2025-10-02 19:44:32,370 : INFO : EventManager : Event: ======'machine_var_audits_switches_s_plunger'====== Args={'value': 625, 'prev_value': 624, 'change': 1}
2025-10-02 19:44:32,572 : INFO : EventManager : Event: ======'slide_skillshot_overlay_created'====== Args={'_from_bcp': True}
2025-10-02 19:44:32,573 : INFO : EventManager : Event: ======'slide_score_overlay_inactive'====== Args={'is_removing': False, '_from_bcp': True}
2025-10-02 19:44:32,575 : INFO : EventManager : Event: ======'slide_skillshot_overlay_active'====== Args={'original_context': 'skill_shot', 'original_calling_context': 'mode_skill_shot_started', 'priority': 500.0, 'player': 1.0, 'ball': 1.0, 'balls_remaining': 2.0, 'is_extra_ball': False, 'cmd': 'slides_play', '_from_bcp': True}
2025-10-02 19:44:32,866 : INFO : ball_device.bd_plunger : Received ball from <ball_device.bd_trough>
2025-10-02 19:44:32,866 : INFO : EventManager : Event: ======'balldevice_bd_plunger_ball_enter'====== Args={'new_balls': 1, 'unclaimed_balls': 0, 'new_available_balls': 0, 'device': <ball_device.bd_plunger>}
2025-10-02 19:44:32,867 : INFO : EventManager : Event: ======'balldevice_bd_plunger_ball_entered'====== Args={'new_balls': 0, 'device': <ball_device.bd_plunger>}
2025-10-02 19:44:32,868 : INFO : EventManager : Event: ======'balldevice_bd_plunger_ball_count_changed'====== Args={'balls': 1}
2025-10-02 19:44:32,868 : INFO : ball_device.bd_trough : Got eject confirm
2025-10-02 19:44:32,868 : INFO : ball_device.bd_trough : Eject successful
2025-10-02 19:44:32,868 : INFO : EventManager : Event: ======'balldevice_bd_trough_ball_eject_success'====== Args={'balls': 1, 'target': <ball_device.bd_plunger>}
2025-10-02 19:44:32,869 : INFO : EventManager : Event: ======'balldevice_bd_trough_ball_count_changed'====== Args={'balls': 5}
2025-10-02 19:44:32,869 : INFO : ball_device.bd_trough : State: idle
2025-10-02 19:44:32,869 : INFO : ball_device.bd_plunger : State: waiting_for_target_ready
2025-10-02 19:44:32,870 : INFO : EventManager : Event: ======'balldevice_bd_plunger_ball_eject_attempt'====== Args={'balls': 1, 'target': <playfield.playfield>, 'source': <ball_device.bd_plunger>, 'mechanical_eject': True, 'num_attempts': 0}
2025-10-02 19:44:32,871 : INFO : ball_device.bd_plunger : State: ejecting
2025-10-02 19:44:32,871 : INFO : ball_device.bd_plunger : Ejecting ball to <playfield.playfield>
2025-10-02 19:44:32,871 : INFO : EventManager : Event: ======'balldevice_bd_plunger_ejecting_ball'====== Args={'balls': 1, 'target': <playfield.playfield>, 'source': <ball_device.bd_plunger>, 'mechanical_eject': True, 'num_attempts': 0}
2025-10-02 19:44:32,872 : INFO : ball_device.bd_plunger : Wait for ball to leave device
2025-10-02 19:44:37,474 : INFO : SwitchController : <<<<<<< 's_plunger' inactive >>>>>>>
2025-10-02 19:44:37,474 : INFO : EventManager : Event: ======'ball_out'====== Args={}
2025-10-02 19:44:37,474 : INFO : EventManager : Event: ======'ball_save_default_timer_start'====== Args={}
2025-10-02 19:44:37,478 : INFO : ball_device.bd_plunger : State: ball_left
2025-10-02 19:44:37,479 : INFO : ball_device.bd_plunger : Ball left
2025-10-02 19:44:37,479 : INFO : ball_device.bd_plunger : Wait for confirm with timeout 3.0
2025-10-02 19:44:39,069 : INFO : SwitchController : <<<<<<< 's_tshirt_bottom_standup' active >>>>>>>
2025-10-02 19:44:39,070 : INFO : EventManager : Event: ======'playfield_active'====== Args={'source': 'skill_side_targets'}
2025-10-02 19:44:39,070 : INFO : EventManager : Event: ======'s_tshirt_bottom_standup_active'====== Args={}
2025-10-02 19:44:39,070 : INFO : EventManager : Event: ======'machine_var_audits_switches_s_tshirt_bottom_standup'====== Args={'value': 30, 'prev_value': 29, 'change': 1}
2025-10-02 19:44:39,073 : INFO : EventManager : Event: ======'player_shot_skill_side_targets'====== Args={'value': 2, 'prev_value': 1, 'change': 1, 'player_num': 1}
2025-10-02 19:44:39,074 : INFO : EventManager : Event: ======'machine_var_audits_shots_skill_side_targets'====== Args={'value': 22, 'prev_value': 21, 'change': 1}
2025-10-02 19:44:39,074 : INFO : EventManager : Event: ======'skill_side_targets_hit'====== Args={'profile': 'skill_shot_profile', 'state': 'flashing', 'advancing': True}
2025-10-02 19:44:39,074 : INFO : EventManager : Event: ======'skill_side_targets_skill_shot_profile_hit'====== Args={'profile': 'skill_shot_profile', 'state': 'flashing', 'advancing': True}
2025-10-02 19:44:39,074 : INFO : EventManager : Event: ======'skill_side_targets_skill_shot_profile_flashing_hit'====== Args={'profile': 'skill_shot_profile', 'state': 'flashing', 'advancing': True}
2025-10-02 19:44:39,074 : INFO : EventManager : Event: ======'skill_side_targets_flashing_hit'====== Args={'profile': 'skill_shot_profile', 'state': 'flashing', 'advancing': True}
2025-10-02 19:44:39,074 : INFO : EventManager : Event: ======'player_score'====== Args={'value': 5010, 'prev_value': 0, 'change': 5010, 'player_num': 1, 'source': 'base'}
2025-10-02 19:44:39,075 : INFO : EventManager : Event: ======'skill_shot_hit'====== Args={'shot': 'skill_side_targets'}
2025-10-02 19:44:39,075 : INFO : EventManager : Event: ======'skill_shot_flashing_hit'====== Args={'shot': 'skill_side_targets'}
2025-10-02 19:44:39,075 : INFO : state_machine.skill_shot_success : Transitioning from start to success
2025-10-02 19:44:39,075 : INFO : EventManager : Event: ======'skill_success'====== Args={}
2025-10-02 19:44:39,076 : INFO : EventManager : Event: ======'mode_skill_shot_will_stop'====== Args={}
2025-10-02 19:44:39,076 : INFO : EventManager : Event: ======'mode_skill_shot_stopping'====== Args={}
2025-10-02 19:44:39,076 : INFO : EventManager : Event: ======'player_score'====== Args={'value': 2005010, 'prev_value': 5010, 'change': 2000000, 'player_num': 1, 'source': 'skill_shot'}
2025-10-02 19:44:39,077 : INFO : Mode.skill_shot : Stopped.
2025-10-02 19:44:39,077 : INFO : EventManager : Event: ======'modes_active_modes_changed'====== Args={}
2025-10-02 19:44:39,078 : INFO : EventManager : Event: ======'mode_skill_shot_stopped'====== Args={}
2025-10-02 19:44:39,078 : INFO : EventManager : Event: ======'clear'====== Args={'key': 'skill_shot'}
2025-10-02 19:44:39,079 : INFO : Timer.skill_shot_timeout : Stopping Timer
2025-10-02 19:44:39,079 : INFO : EventManager : Event: ======'timer_skill_shot_timeout_stopped'====== Args={'ticks': 0, 'ticks_remaining': 0}
2025-10-02 19:44:39,117 : INFO : ball_device.bd_plunger : Got eject confirm
2025-10-02 19:44:39,117 : INFO : ball_device.bd_plunger : Eject successful
2025-10-02 19:44:39,118 : INFO : EventManager : Event: ======'balldevice_bd_plunger_ball_eject_success'====== Args={'balls': 1, 'target': <playfield.playfield>}
2025-10-02 19:44:39,119 : INFO : EventManager : Event: ======'slide_skillshot_overlay_inactive'====== Args={'is_removing': True, '_from_bcp': True}
2025-10-02 19:44:39,119 : INFO : EventManager : Event: ======'slide_score_overlay_active'====== Args={'_from_bcp': True}
2025-10-02 19:44:39,119 : INFO : EventManager : Event: ======'slide_skillshot_overlay_removed'====== Args={'_from_bcp': True}
2025-10-02 19:44:39,119 : INFO : EventManager : Event: ======'slide_skillshot_success_overlay_created'====== Args={'_from_bcp': True}
2025-10-02 19:44:39,119 : INFO : EventManager : Event: ======'slide_score_overlay_inactive'====== Args={'is_removing': False, '_from_bcp': True}
2025-10-02 19:44:39,120 : INFO : EventManager : Event: ======'slide_skillshot_success_overlay_active'====== Args={'original_context': 'base', 'original_calling_context': 'skill_success', 'priority': 100.0, 'cmd': 'slides_play', '_from_bcp': True}
2025-10-02 19:44:39,124 : INFO : EventManager : Event: ======'balldevice_playfield_ball_enter'====== Args={'new_balls': 1, 'unclaimed_balls': 1, 'device': <playfield.playfield>}
2025-10-02 19:44:39,124 : INFO : EventManager : Event: ======'playfield_ball_count_change'====== Args={'balls': 1, 'change': 1}
2025-10-02 19:44:39,124 : INFO : EventManager : Event: ======'balldevice_bd_plunger_ball_count_changed'====== Args={'balls': 0}
2025-10-02 19:44:39,124 : INFO : ball_device.bd_plunger : State: idle
2025-10-02 19:44:39,207 : INFO : SwitchController : <<<<<<< 's_tshirt_bottom_standup' inactive >>>>>>>
2025-10-02 19:44:40,494 : INFO : EventManager : Event: ======'ball_save_default_hurry_up'====== Args={}
2025-10-02 19:44:40,686 : INFO : SwitchController : <<<<<<< 's_three_bank_bottom' active >>>>>>>
2025-10-02 19:44:40,686 : INFO : EventManager : Event: ======'s_three_bank_bottom_active'====== Args={}
2025-10-02 19:44:40,686 : INFO : EventManager : Event: ======'drop_target_bottom_down'====== Args={'device': <drop_target.bottom>}
2025-10-02 19:44:40,687 : INFO : EventManager : Event: ======'drop_target_bank_three_bank_mixed'====== Args={'prev_value': <DropTargetBankState.UP: 'up'>, 'down': 1}
2025-10-02 19:44:40,687 : INFO : EventManager : Event: ======'machine_var_audits_switches_s_three_bank_bottom'====== Args={'value': 139, 'prev_value': 138, 'change': 1}
2025-10-02 19:44:40,687 : INFO : EventManager : Event: ======'player_score'====== Args={'value': 2007230, 'prev_value': 2005010, 'change': 2220, 'player_num': 1, 'source': 'base'}
2025-10-02 19:44:40,884 : INFO : SwitchController : <<<<<<< 's_three_bank_middle' active >>>>>>>
2025-10-02 19:44:40,884 : INFO : EventManager : Event: ======'s_three_bank_middle_active'====== Args={}
2025-10-02 19:44:40,885 : INFO : EventManager : Event: ======'drop_target_middle_down'====== Args={'device': <drop_target.middle>}
2025-10-02 19:44:40,885 : INFO : EventManager : Event: ======'drop_target_bank_three_bank_mixed'====== Args={'prev_value': <DropTargetBankState.MIXED: 'mixed'>, 'down': 2}
2025-10-02 19:44:40,885 : INFO : EventManager : Event: ======'machine_var_audits_switches_s_three_bank_middle'====== Args={'value': 140, 'prev_value': 139, 'change': 1}
2025-10-02 19:44:40,887 : INFO : EventManager : Event: ======'player_score'====== Args={'value': 2009450, 'prev_value': 2007230, 'change': 2220, 'player_num': 1, 'source': 'base'}
2025-10-02 19:44:41,034 : INFO : SwitchController : <<<<<<< 's_three_bank_top' active >>>>>>>
2025-10-02 19:44:41,035 : INFO : EventManager : Event: ======'s_three_bank_top_active'====== Args={}
2025-10-02 19:44:41,035 : INFO : EventManager : Event: ======'drop_target_top_down'====== Args={'device': <drop_target.top>}
2025-10-02 19:44:41,035 : INFO : EventManager : Event: ======'drop_target_bank_three_bank_down'====== Args={}
2025-10-02 19:44:41,035 : INFO : EventManager : Event: ======'machine_var_audits_switches_s_three_bank_top'====== Args={'value': 133, 'prev_value': 132, 'change': 1}
2025-10-02 19:44:41,036 : INFO : EventManager : Event: ======'player_score'====== Args={'value': 2011670, 'prev_value': 2009450, 'change': 2220, 'player_num': 1, 'source': 'base'}
2025-10-02 19:44:41,037 : INFO : EventManager : Event: ======'logicblock_drop_target_bank_counter_updated'====== Args={'value': 2, 'enabled': True}
2025-10-02 19:44:41,037 : INFO : EventManager : Event: ======'counter_drop_target_bank_counter_hit'====== Args={'count': 2, 'hits': 2, 'remaining': 0}
2025-10-02 19:44:41,037 : INFO : EventManager : Event: ======'logicblock_drop_target_bank_counter_hit'====== Args={'count': 2, 'hits': 2, 'remaining': 0}
2025-10-02 19:44:41,037 : INFO : EventManager : Event: ======'chcheckitout_multiball_qualified'====== Args={}
2025-10-02 19:44:41,037 : INFO : EventManager : Event: ======'player_drop_target_bank_counter_count'====== Args={'value': 2, 'prev_value': 0, 'change': 2, 'player_num': 1, 'source': 'base'}
2025-10-02 19:44:41,038 : INFO : EventManager : Event: ======'logicblock_qualify_chcheckitout_multiball_updated'====== Args={'value': 1, 'enabled': True}
2025-10-02 19:44:41,038 : INFO : EventManager : Event: ======'logicblock_qualify_chcheckitout_multiball_hit'====== Args={'step': 1}
2025-10-02 19:44:41,038 : INFO : EventManager : Event: ======'drops_standup_start_multiball'====== Args={}
2025-10-02 19:44:41,038 : INFO : EventManager : Event: ======'logicblock_qualify_chcheckitout_multiball_updated'====== Args={'value': 0, 'enabled': True}
2025-10-02 19:44:41,038 : INFO : EventManager : Event: ======'logicblock_chcheckitout_multiball_ready_updated'====== Args={'value': 0, 'enabled': True}
2025-10-02 19:44:42,049 : INFO : drop_target_bank.three_bank : 3 targets are down. Will reset those.
2025-10-02 19:44:42,049 : INFO : coil.c_three_bank : Pulsing Driver for 23ms (1.0 pulse_power)
2025-10-02 19:44:42,111 : INFO : SwitchController : <<<<<<< 's_three_bank_bottom' inactive (muted) >>>>>>>
2025-10-02 19:44:42,111 : INFO : SwitchController : <<<<<<< 's_three_bank_middle' inactive (muted) >>>>>>>
2025-10-02 19:44:42,111 : INFO : SwitchController : <<<<<<< 's_three_bank_top' inactive (muted) >>>>>>>
2025-10-02 19:44:42,471 : INFO : EventManager : Event: ======'ball_save_default_grace_period'====== Args={}
2025-10-02 19:44:42,565 : INFO : EventManager : Event: ======'drop_target_bottom_up'====== Args={'device': <drop_target.bottom>}
2025-10-02 19:44:42,566 : INFO : EventManager : Event: ======'drop_target_middle_up'====== Args={'device': <drop_target.middle>}
2025-10-02 19:44:42,566 : INFO : EventManager : Event: ======'drop_target_top_up'====== Args={'device': <drop_target.top>}
2025-10-02 19:44:42,567 : INFO : EventManager : Event: ======'drop_target_bank_three_bank_up'====== Args={}
2025-10-02 19:44:44,495 : INFO : EventManager : Event: ======'ball_save_default_disabled'====== Args={}
2025-10-02 19:44:47,043 : INFO : SwitchController : <<<<<<< 's_three_bank_standup' active >>>>>>>
2025-10-02 19:44:47,043 : INFO : EventManager : Event: ======'s_three_bank_standup_active'====== Args={}
2025-10-02 19:44:47,043 : INFO : EventManager : Event: ======'machine_var_audits_switches_s_three_bank_standup'====== Args={'value': 103, 'prev_value': 102, 'change': 1}
2025-10-02 19:44:47,045 : INFO : EventManager : Event: ======'three_bank_standup_hit'====== Args={'elapsed': 0}
2025-10-02 19:44:47,045 : INFO : EventManager : Event: ======'player_score'====== Args={'value': 2031680, 'prev_value': 2011670, 'change': 20010, 'player_num': 1, 'source': 'base'}
2025-10-02 19:44:47,046 : INFO : EventManager : Event: ======'logicblock_chcheckitout_multiball_ready_updated'====== Args={'value': 1, 'enabled': True}
2025-10-02 19:44:47,046 : INFO : EventManager : Event: ======'logicblock_chcheckitout_multiball_ready_hit'====== Args={'step': 1}
2025-10-02 19:44:47,046 : INFO : EventManager : Event: ======'chcheckitout_start_multiball'====== Args={}
2025-10-02 19:44:47,047 : INFO : EventManager : Event: ======'logicblock_chcheckitout_multiball_ready_updated'====== Args={'value': 0, 'enabled': True}
2025-10-02 19:44:47,048 : INFO : EventManager : Event: ======'balls_in_play'====== Args={'balls': 3}
2025-10-02 19:44:47,048 : INFO : ball_device.bd_plunger : Adding 2 ball(s) to the eject_queue with target <playfield.playfield>.
2025-10-02 19:44:47,048 : INFO : EventManager : Event: ======'balldevice_balls_available'====== Args={}
2025-10-02 19:44:47,049 : INFO : EventManager : Event: ======'balldevice_balls_available'====== Args={}
2025-10-02 19:44:47,049 : INFO : EventManager : Event: ======'ball_save_chcheckitout_timer_start'====== Args={}
2025-10-02 19:44:47,049 : INFO : EventManager : Event: ======'multiball_chcheckitout_started'====== Args={'balls': 3}
2025-10-02 19:44:47,049 : INFO : EventManager : Event: ======'mode_carousel_will_stop'====== Args={}
2025-10-02 19:44:47,051 : INFO : EventManager : Event: ======'mode_carousel_stopping'====== Args={}
2025-10-02 19:44:47,051 : INFO : Mode.carousel : Stopped.
2025-10-02 19:44:47,051 : INFO : EventManager : Event: ======'modes_active_modes_changed'====== Args={}
2025-10-02 19:44:47,051 : INFO : EventManager : Event: ======'mode_carousel_stopped'====== Args={}
2025-10-02 19:44:47,051 : INFO : EventManager : Event: ======'clear'====== Args={'key': 'carousel'}
2025-10-02 19:44:47,075 : INFO : EventManager : Event: ======'slide_current_mode_highlighted_removed'====== Args={'_from_bcp': True}
2025-10-02 19:44:47,076 : INFO : ball_device.bd_trough : State: waiting_for_target_ready
2025-10-02 19:44:47,077 : INFO : EventManager : Event: ======'balldevice_bd_trough_ball_eject_attempt'====== Args={'balls': 1, 'target': <ball_device.bd_plunger>, 'source': <ball_device.bd_trough>, 'mechanical_eject': False, 'num_attempts': 0}
2025-10-02 19:44:47,078 : INFO : ball_device.bd_plunger : State: waiting_for_ball
2025-10-02 19:44:47,079 : INFO : ball_device.bd_trough : State: ejecting
2025-10-02 19:44:47,079 : INFO : ball_device.bd_trough : Ejecting ball to <ball_device.bd_plunger>
2025-10-02 19:44:47,081 : INFO : EventManager : Event: ======'balldevice_bd_trough_ejecting_ball'====== Args={'balls': 1, 'target': <ball_device.bd_plunger>, 'source': <ball_device.bd_trough>, 'mechanical_eject': False, 'num_attempts': 0}
2025-10-02 19:44:47,082 : INFO : ball_device.bd_trough : Wait for ball to leave device
2025-10-02 19:44:47,082 : INFO : coil.c_trough_eject : Pulsing Driver for 20ms (1.0 pulse_power)
2025-10-02 19:44:47,083 : INFO : SwitchController : <<<<<<< 's_trough2' inactive >>>>>>>
2025-10-02 19:44:47,086 : INFO : ball_device.bd_trough : State: ball_left
2025-10-02 19:44:47,087 : INFO : ball_device.bd_trough : Ball left
2025-10-02 19:44:47,087 : INFO : ball_device.bd_trough : Wait for confirm with timeout 3.0
2025-10-02 19:44:47,160 : INFO : SwitchController : <<<<<<< 's_three_bank_standup' inactive >>>>>>>
2025-10-02 19:44:47,199 : INFO : SwitchController : <<<<<<< 's_plunger' active >>>>>>>
2025-10-02 19:44:47,199 : INFO : EventManager : Event: ======'machine_var_audits_switches_s_plunger'====== Args={'value': 626, 'prev_value': 625, 'change': 1}
2025-10-02 19:44:47,697 : INFO : ball_device.bd_plunger : Received ball from <ball_device.bd_trough>
2025-10-02 19:44:47,697 : INFO : EventManager : Event: ======'balldevice_bd_plunger_ball_enter'====== Args={'new_balls': 1, 'unclaimed_balls': 0, 'new_available_balls': 0, 'device': <ball_device.bd_plunger>}
2025-10-02 19:44:47,698 : INFO : EventManager : Event: ======'balldevice_bd_plunger_ball_entered'====== Args={'new_balls': 0, 'device': <ball_device.bd_plunger>}
2025-10-02 19:44:47,699 : INFO : EventManager : Event: ======'balldevice_bd_plunger_ball_count_changed'====== Args={'balls': 1}
2025-10-02 19:44:47,699 : INFO : ball_device.bd_trough : Got eject confirm
2025-10-02 19:44:47,699 : INFO : ball_device.bd_trough : Eject successful
2025-10-02 19:44:47,699 : INFO : EventManager : Event: ======'balldevice_bd_trough_ball_eject_success'====== Args={'balls': 1, 'target': <ball_device.bd_plunger>}
2025-10-02 19:44:47,700 : INFO : EventManager : Event: ======'balldevice_bd_trough_ball_count_changed'====== Args={'balls': 4}
2025-10-02 19:44:47,700 : INFO : ball_device.bd_trough : State: idle
2025-10-02 19:44:47,701 : INFO : ball_device.bd_plunger : State: waiting_for_target_ready
2025-10-02 19:44:47,702 : INFO : EventManager : Event: ======'balldevice_bd_plunger_ball_eject_attempt'====== Args={'balls': 1, 'target': <playfield.playfield>, 'source': <ball_device.bd_plunger>, 'mechanical_eject': False, 'num_attempts': 0}
2025-10-02 19:44:47,702 : INFO : ball_device.bd_plunger : State: ejecting
2025-10-02 19:44:47,702 : INFO : ball_device.bd_plunger : Ejecting ball to <playfield.playfield>
2025-10-02 19:44:47,703 : INFO : EventManager : Event: ======'balldevice_bd_plunger_ejecting_ball'====== Args={'balls': 1, 'target': <playfield.playfield>, 'source': <ball_device.bd_plunger>, 'mechanical_eject': False, 'num_attempts': 0}
2025-10-02 19:44:47,704 : INFO : ball_device.bd_trough : State: waiting_for_target_ready
2025-10-02 19:44:47,705 : INFO : EventManager : Event: ======'balldevice_bd_trough_ball_eject_attempt'====== Args={'balls': 1, 'target': <ball_device.bd_plunger>, 'source': <ball_device.bd_trough>, 'mechanical_eject': False, 'num_attempts': 0}
2025-10-02 19:44:47,705 : INFO : ball_device.bd_plunger : Wait for ball to leave device
2025-10-02 19:44:47,705 : INFO : coil.c_plunger : Pulsing Driver for 20ms (1.0 pulse_power)
2025-10-02 19:44:47,706 : INFO : SwitchController : <<<<<<< 's_plunger' inactive >>>>>>>
2025-10-02 19:44:47,706 : INFO : EventManager : Event: ======'ball_out'====== Args={}
2025-10-02 19:44:47,710 : INFO : ball_device.bd_plunger : State: ball_left
2025-10-02 19:44:47,710 : INFO : ball_device.bd_plunger : Ball left
2025-10-02 19:44:47,710 : INFO : ball_device.bd_plunger : Wait for confirm with timeout 3.0
2025-10-02 19:44:50,729 : INFO : ball_device.bd_plunger : State: failed_confirm
2025-10-02 19:44:50,730 : INFO : ball_device.bd_plunger : Got timeout (3.0s) before confirm from <playfield.playfield>
2025-10-02 19:44:50,822 : INFO : ball_device.bd_plunger : Confirming eject because target is playfield and ball did not return.
2025-10-02 19:44:50,822 : INFO : ball_device.bd_plunger : Eject successful
2025-10-02 19:44:50,822 : INFO : EventManager : Event: ======'balldevice_bd_plunger_ball_eject_success'====== Args={'balls': 1, 'target': <playfield.playfield>}
2025-10-02 19:44:50,823 : INFO : EventManager : Event: ======'balldevice_playfield_ball_enter'====== Args={'new_balls': 1, 'unclaimed_balls': 1, 'device': <playfield.playfield>}
2025-10-02 19:44:50,824 : INFO : EventManager : Event: ======'playfield_ball_count_change'====== Args={'balls': 2, 'change': 1}
2025-10-02 19:44:50,824 : INFO : EventManager : Event: ======'balldevice_bd_plunger_ball_count_changed'====== Args={'balls': 0}
2025-10-02 19:44:50,825 : INFO : ball_device.bd_plunger : State: idle
2025-10-02 19:44:50,826 : INFO : ball_device.bd_trough : State: ejecting
2025-10-02 19:44:50,826 : INFO : ball_device.bd_trough : Ejecting ball to <ball_device.bd_plunger>
2025-10-02 19:44:50,826 : INFO : EventManager : Event: ======'balldevice_bd_trough_ejecting_ball'====== Args={'balls': 1, 'target': <ball_device.bd_plunger>, 'source': <ball_device.bd_trough>, 'mechanical_eject': False, 'num_attempts': 0}
2025-10-02 19:44:50,828 : INFO : ball_device.bd_trough : Wait for ball to leave device
2025-10-02 19:44:50,828 : INFO : coil.c_trough_eject : Pulsing Driver for 20ms (1.0 pulse_power)
2025-10-02 19:44:50,828 : INFO : SwitchController : <<<<<<< 's_trough3' inactive >>>>>>>
2025-10-02 19:44:50,830 : INFO : ball_device.bd_plunger : State: waiting_for_ball
2025-10-02 19:44:50,835 : INFO : ball_device.bd_trough : State: ball_left
2025-10-02 19:44:50,835 : INFO : ball_device.bd_trough : Ball left
2025-10-02 19:44:50,835 : INFO : ball_device.bd_trough : Wait for confirm with timeout 3.0
2025-10-02 19:44:50,931 : INFO : SwitchController : <<<<<<< 's_plunger' active >>>>>>>
2025-10-02 19:44:50,931 : INFO : EventManager : Event: ======'machine_var_audits_switches_s_plunger'====== Args={'value': 627, 'prev_value': 626, 'change': 1}
2025-10-02 19:44:51,442 : INFO : ball_device.bd_plunger : Received ball from <ball_device.bd_trough>
2025-10-02 19:44:51,443 : INFO : EventManager : Event: ======'balldevice_bd_plunger_ball_enter'====== Args={'new_balls': 1, 'unclaimed_balls': 0, 'new_available_balls': 0, 'device': <ball_device.bd_plunger>}
2025-10-02 19:44:51,444 : INFO : EventManager : Event: ======'balldevice_bd_plunger_ball_entered'====== Args={'new_balls': 0, 'device': <ball_device.bd_plunger>}
2025-10-02 19:44:51,444 : INFO : EventManager : Event: ======'balldevice_bd_plunger_ball_count_changed'====== Args={'balls': 1}
2025-10-02 19:44:51,445 : INFO : ball_device.bd_trough : Got eject confirm
2025-10-02 19:44:51,445 : INFO : ball_device.bd_trough : Eject successful
2025-10-02 19:44:51,445 : INFO : EventManager : Event: ======'balldevice_bd_trough_ball_eject_success'====== Args={'balls': 1, 'target': <ball_device.bd_plunger>}
2025-10-02 19:44:51,446 : INFO : EventManager : Event: ======'balldevice_bd_trough_ball_count_changed'====== Args={'balls': 3}
2025-10-02 19:44:51,447 : INFO : ball_device.bd_trough : State: idle
2025-10-02 19:44:51,448 : INFO : ball_device.bd_plunger : State: waiting_for_target_ready
2025-10-02 19:44:51,448 : INFO : EventManager : Event: ======'balldevice_bd_plunger_ball_eject_attempt'====== Args={'balls': 1, 'target': <playfield.playfield>, 'source': <ball_device.bd_plunger>, 'mechanical_eject': False, 'num_attempts': 0}
2025-10-02 19:44:51,449 : INFO : ball_device.bd_plunger : State: ejecting
2025-10-02 19:44:51,449 : INFO : ball_device.bd_plunger : Ejecting ball to <playfield.playfield>
2025-10-02 19:44:51,449 : INFO : EventManager : Event: ======'balldevice_bd_plunger_ejecting_ball'====== Args={'balls': 1, 'target': <playfield.playfield>, 'source': <ball_device.bd_plunger>, 'mechanical_eject': False, 'num_attempts': 0}
2025-10-02 19:44:51,451 : INFO : ball_device.bd_plunger : Wait for ball to leave device
2025-10-02 19:44:51,451 : INFO : coil.c_plunger : Pulsing Driver for 20ms (1.0 pulse_power)
2025-10-02 19:44:51,451 : INFO : SwitchController : <<<<<<< 's_plunger' inactive >>>>>>>
2025-10-02 19:44:51,452 : INFO : EventManager : Event: ======'ball_out'====== Args={}
2025-10-02 19:44:51,456 : INFO : ball_device.bd_plunger : State: ball_left
2025-10-02 19:44:51,457 : INFO : ball_device.bd_plunger : Ball left
2025-10-02 19:44:51,457 : INFO : ball_device.bd_plunger : Wait for confirm with timeout 3.0
2025-10-02 19:44:52,064 : INFO : Machine : Shutting down...
2025-10-02 19:44:52,064 : INFO : EventManager : Event: ======'shutdown'====== Args={}
2025-10-02 19:44:52,066 : INFO : EventManager : Event: ======'mode_game_will_stop'====== Args={}
2025-10-02 19:44:52,067 : INFO : EventManager : Event: ======'mode_game_stopping'====== Args={}
2025-10-02 19:44:52,068 : INFO : EventManager : Event: ======'mode_base_will_stop'====== Args={}
2025-10-02 19:44:52,068 : INFO : EventManager : Event: ======'mode_base_stopping'====== Args={}
2025-10-02 19:44:52,068 : INFO : EventManager : Event: ======'mode_multiball_will_stop'====== Args={}
2025-10-02 19:44:52,068 : INFO : EventManager : Event: ======'mode_multiball_stopping'====== Args={}
2025-10-02 19:44:52,069 : INFO : Mode.multiball : Stopped.
2025-10-02 19:44:52,069 : INFO : EventManager : Event: ======'modes_active_modes_changed'====== Args={}
2025-10-02 19:44:52,069 : INFO : EventManager : Event: ======'mode_multiball_stopped'====== Args={}
2025-10-02 19:44:52,069 : INFO : EventManager : Event: ======'clear'====== Args={'key': 'multiball'}
2025-10-02 19:44:52,069 : INFO : EventManager : Event: ======'multiball_chcheckitout_shoot_again_ended'====== Args={}
2025-10-02 19:44:52,070 : INFO : Mode.base : Stopped.
2025-10-02 19:44:52,070 : INFO : EventManager : Event: ======'modes_active_modes_changed'====== Args={}
2025-10-02 19:44:52,070 : INFO : EventManager : Event: ======'mode_base_stopped'====== Args={}
2025-10-02 19:44:52,070 : INFO : EventManager : Event: ======'clear'====== Args={'key': 'base'}
2025-10-02 19:44:52,071 : INFO : Mode.game : Stopped.
2025-10-02 19:44:52,071 : INFO : EventManager : Event: ======'modes_active_modes_changed'====== Args={}
2025-10-02 19:44:52,073 : INFO : EventManager : Event: ======'mode_game_stopped'====== Args={}
2025-10-02 19:44:52,073 : INFO : EventManager : Event: ======'clear'====== Args={'key': 'game'}
2025-10-02 19:44:52,099 : INFO : root : MPF run loop ended.
