2025-10-02 19:09:27,988 : INFO : root : Loading config.
2025-10-02 19:09:27,992 : INFO : YamlMultifileConfigLoader : Machine config file #1: config.yaml
2025-10-02 19:09:27,992 : INFO : ConfigProcessor : Loading config from cache: C:\Users\sdona\AppData\Local\Temp\19f6d0d7953982fda9d956182316b8e5.mpf_cache
2025-10-02 19:09:28,096 : INFO : ConfigProcessor : Loading config from cache: C:\Users\sdona\AppData\Local\Temp\835b5bfea4be8b279a05e96caaaffbbb.mpf_cache
2025-10-02 19:09:28,096 : INFO : ConfigProcessor : Loading config from cache: C:\Users\sdona\AppData\Local\Temp\9b0a7575388f9d9bd2f6ab87bf9fd2f7.mpf_cache
2025-10-02 19:09:28,097 : WARNING : ConfigProcessor : Config file in cache changed: C:\venv\mpf\mmmdrop\modes\base\config\base.yaml
2025-10-02 19:09:28,097 : INFO : ConfigProcessor : Loading config from file C:\venv\mpf\mmmdrop\modes\base\config\base.yaml.
2025-10-02 19:09:28,102 : INFO : ConfigProcessor : Loading config: C:\venv\mpf\mmmdrop\modes\base\config\base.yaml
2025-10-02 19:09:28,103 : INFO : ConfigProcessor : Config file cache created: C:\Users\sdona\AppData\Local\Temp\c340ec0033d1055cd797ffd5447ef414.mpf_cache
2025-10-02 19:09:28,104 : INFO : ConfigProcessor : Loading config from cache: C:\Users\sdona\AppData\Local\Temp\835b5bfea4be8b279a05e96caaaffbbb.mpf_cache
2025-10-02 19:09:28,104 : INFO : ConfigProcessor : Loading config from cache: C:\Users\sdona\AppData\Local\Temp\8c11a28e3c38d4ad47947b6a126f2ee9.mpf_cache
2025-10-02 19:09:28,105 : WARNING : ConfigProcessor : Config file in cache changed: C:\venv\mpf\mmmdrop\modes\multiball\config\multiball.yaml
2025-10-02 19:09:28,105 : INFO : ConfigProcessor : Loading config from file C:\venv\mpf\mmmdrop\modes\multiball\config\multiball.yaml.
2025-10-02 19:09:28,106 : INFO : ConfigProcessor : Loading config: C:\venv\mpf\mmmdrop\modes\multiball\config\multiball.yaml
2025-10-02 19:09:28,107 : INFO : ConfigProcessor : Config file cache created: C:\Users\sdona\AppData\Local\Temp\e391083cdc9e667060411fe5838e93f2.mpf_cache
2025-10-02 19:09:28,107 : INFO : ConfigProcessor : Loading config from cache: C:\Users\sdona\AppData\Local\Temp\f0c219a993d891ee86dcb7eae47dde67.mpf_cache
2025-10-02 19:09:28,122 : INFO : ConfigProcessor : Loading config from cache: C:\Users\sdona\AppData\Local\Temp\96aa58108928490b129531848cd9b506.mpf_cache
2025-10-02 19:09:28,123 : INFO : ConfigProcessor : Loading config from cache: C:\Users\sdona\AppData\Local\Temp\567636b9d9766e3361204e954a8382da.mpf_cache
2025-10-02 19:09:28,124 : INFO : Machine : Mission Pinball Framework Core Engine v0.80.0.dev9
2025-10-02 19:09:28,124 : INFO : Machine : Command line arguments: {'no_load_cache': False, 'create_config_cache': True, 'bcp': True, 'configfile': ['config.yaml'], 'force_assets_load': False, 'platform_integration_test': False, 'jsonlogging': False, 'logfile': 'logs\\2025-10-02-19-09-27-mpf-PinballLaptop.log', 'pause': False, 'production': False, 'text_ui': True, 'loglevel': 15, 'consoleloglevel': 20, 'force_platform': 'smart_virtual', 'syslog_address': None, 'full_logfile_path': 'C:\\venv\\mpf\\mmmdrop\\logs\\2025-10-02-19-09-27-mpf-PinballLaptop.log'}
2025-10-02 19:09:28,124 : INFO : Machine : MPF path: c:\venv\mpf\lib\site-packages\mpf
2025-10-02 19:09:28,124 : INFO : Machine : Machine path: C:\venv\mpf\mmmdrop
2025-10-02 19:09:28,124 : INFO : Machine : Platform: win32
2025-10-02 19:09:28,124 : INFO : Machine : Python executable location: c:\venv\mpf\Scripts\python.exe
2025-10-02 19:09:28,124 : INFO : Machine : Python version: 3.9.13 (64-bit)
2025-10-02 19:09:28,126 : INFO : Machine : Initializing MPF...
2025-10-02 19:09:28,336 : INFO : EventManager : Event: ======'machine_var_credits_string'====== Args={'value': 'FREE PLAY', 'prev_value': None, 'change': True}
2025-10-02 19:09:28,364 : INFO : EventManager : Event: ======'machine_var_fast_audio_headphones_volume'====== Args={'value': 10, 'prev_value': None, 'change': True}
2025-10-02 19:09:28,364 : INFO : EventManager : Event: ======'machine_var_fast_audio_main_volume'====== Args={'value': 44, 'prev_value': None, 'change': True}
2025-10-02 19:09:28,364 : INFO : EventManager : Event: ======'machine_var_master_volume'====== Args={'value': 0.15, 'prev_value': None, 'change': True}
2025-10-02 19:09:28,364 : INFO : EventManager : Event: ======'machine_var_player1_score'====== Args={'value': 140190, 'prev_value': None, 'change': True}
2025-10-02 19:09:28,364 : INFO : EventManager : Event: ======'machine_var_mpf_version'====== Args={'value': 'Mission Pinball Framework v0.80.0.dev9', 'prev_value': None, 'change': True}
2025-10-02 19:09:28,364 : INFO : EventManager : Event: ======'machine_var_mpf_extended_version'====== Args={'value': 'Mission Pinball Framework v0.80.0.dev9, Config version:6, Show version: 6, BCP version:1.1', 'prev_value': None, 'change': True}
2025-10-02 19:09:28,364 : INFO : EventManager : Event: ======'machine_var_python_version'====== Args={'value': '3.9.13', 'prev_value': None, 'change': True}
2025-10-02 19:09:28,394 : INFO : EventManager : Event: ======'machine_var_platform'====== Args={'value': 'Windows-10-10.0.26100-SP0', 'prev_value': None, 'change': True}
2025-10-02 19:09:28,394 : INFO : EventManager : Event: ======'machine_var_platform_system'====== Args={'value': 'Windows', 'prev_value': None, 'change': True}
2025-10-02 19:09:28,394 : INFO : EventManager : Event: ======'machine_var_platform_release'====== Args={'value': '10', 'prev_value': None, 'change': True}
2025-10-02 19:09:28,394 : INFO : EventManager : Event: ======'machine_var_platform_version'====== Args={'value': '10.0.26100', 'prev_value': None, 'change': True}
2025-10-02 19:09:28,394 : INFO : EventManager : Event: ======'machine_var_platform_machine'====== Args={'value': 'AMD64', 'prev_value': None, 'change': True}
2025-10-02 19:09:28,394 : INFO : EventManager : Event: ======'machine_var_log_file_path'====== Args={'value': 'C:\\venv\\mpf\\mmmdrop\\logs\\2025-10-02-19-09-27-mpf-PinballLaptop.log', 'prev_value': None, 'change': True}
2025-10-02 19:09:28,394 : INFO : EventManager : Event: ======'init_phase_1'====== Args={}
2025-10-02 19:09:28,426 : INFO : EventManager : Event: ======'drop_target_bank_three_bank_up'====== Args={}
2025-10-02 19:09:28,426 : INFO : EventManager : Event: ======'init_phase_2'====== Args={}
2025-10-02 19:09:28,426 : INFO : SwitchController : Found active switch: ('3208-0', <Platform.SmartVirtual>) <switch.s_trough1>
2025-10-02 19:09:28,427 : INFO : SwitchController : Found active switch: ('3208-1', <Platform.SmartVirtual>) <switch.s_trough2>
2025-10-02 19:09:28,427 : INFO : SwitchController : Found active switch: ('3208-2', <Platform.SmartVirtual>) <switch.s_trough3>
2025-10-02 19:09:28,427 : INFO : SwitchController : Found active switch: ('3208-3', <Platform.SmartVirtual>) <switch.s_trough4>
2025-10-02 19:09:28,427 : INFO : SwitchController : Found active switch: ('3208-4', <Platform.SmartVirtual>) <switch.s_trough5>
2025-10-02 19:09:28,427 : INFO : SwitchController : Found active switch: ('3208-5', <Platform.SmartVirtual>) <switch.s_trough6>
2025-10-02 19:09:28,432 : INFO : EventManager : Event: ======'bcp_connection_attempt'====== Args={'name': 'local_display', 'host': 'localhost', 'port': 5050}
2025-10-02 19:09:28,434 : INFO : BCPClientSocket : Connecting BCP to 'local_display' at localhost:5050...
2025-10-02 19:09:33,680 : INFO : BCPClientSocket : Connected BCP to 'local_display' localhost:5050
2025-10-02 19:09:33,681 : INFO : EventManager : Event: ======'bcp_clients_connected'====== Args={}
2025-10-02 19:09:33,804 : INFO : ball_device.bd_trough : BCH: Initial count: 6
2025-10-02 19:09:33,805 : INFO : ball_device.bd_trough : State: idle
2025-10-02 19:09:33,806 : INFO : ball_device.bd_plunger : BCH: Initial count: 0
2025-10-02 19:09:33,806 : INFO : ball_device.bd_plunger : State: idle
2025-10-02 19:09:33,806 : INFO : ball_device.bd_scoop : BCH: Initial count: 0
2025-10-02 19:09:33,807 : INFO : ball_device.bd_scoop : State: idle
2025-10-02 19:09:33,824 : INFO : EventManager : Event: ======'init_phase_3'====== Args={}
2025-10-02 19:09:33,827 : INFO : EventManager : Event: ======'init_phase_4'====== Args={}
2025-10-02 19:09:33,828 : INFO : BallController : Initial balls found: 6
2025-10-02 19:09:33,829 : INFO : EventManager : Event: ======'machine_var_audits_events_game_ended'====== Args={'value': 36, 'prev_value': None, 'change': True}
2025-10-02 19:09:33,829 : INFO : EventManager : Event: ======'machine_var_audits_events_game_started'====== Args={'value': 219, 'prev_value': None, 'change': True}
2025-10-02 19:09:33,829 : INFO : EventManager : Event: ======'machine_var_audits_missing_switches_s_captive_ball'====== Args={'value': 12, 'prev_value': None, 'change': True}
2025-10-02 19:09:33,830 : INFO : EventManager : Event: ======'machine_var_audits_missing_switches_s_center_upper_pop'====== Args={'value': 12, 'prev_value': None, 'change': True}
2025-10-02 19:09:33,830 : INFO : EventManager : Event: ======'machine_var_audits_missing_switches_s_inner_orbit'====== Args={'value': 145, 'prev_value': None, 'change': True}
2025-10-02 19:09:33,830 : INFO : EventManager : Event: ======'machine_var_audits_missing_switches_s_left_flipper'====== Args={'value': 17, 'prev_value': None, 'change': True}
2025-10-02 19:09:33,830 : INFO : EventManager : Event: ======'machine_var_audits_missing_switches_s_left_inlane'====== Args={'value': 30, 'prev_value': None, 'change': True}
2025-10-02 19:09:33,830 : INFO : EventManager : Event: ======'machine_var_audits_missing_switches_s_left_orbit'====== Args={'value': 12, 'prev_value': None, 'change': True}
2025-10-02 19:09:33,830 : INFO : EventManager : Event: ======'machine_var_audits_missing_switches_s_left_outlane'====== Args={'value': 30, 'prev_value': None, 'change': True}
2025-10-02 19:09:33,830 : INFO : EventManager : Event: ======'machine_var_audits_missing_switches_s_left_ramp'====== Args={'value': 12, 'prev_value': None, 'change': True}
2025-10-02 19:09:33,830 : INFO : EventManager : Event: ======'machine_var_audits_missing_switches_s_left_slingshot'====== Args={'value': 145, 'prev_value': None, 'change': True}
2025-10-02 19:09:33,830 : INFO : EventManager : Event: ======'machine_var_audits_missing_switches_s_left_upper_pop'====== Args={'value': 12, 'prev_value': None, 'change': True}
2025-10-02 19:09:33,830 : INFO : EventManager : Event: ======'machine_var_audits_missing_switches_s_pop_standup'====== Args={'value': 12, 'prev_value': None, 'change': True}
2025-10-02 19:09:33,830 : INFO : EventManager : Event: ======'machine_var_audits_missing_switches_s_right_flipper'====== Args={'value': 17, 'prev_value': None, 'change': True}
2025-10-02 19:09:33,830 : INFO : EventManager : Event: ======'machine_var_audits_missing_switches_s_right_inlane'====== Args={'value': 30, 'prev_value': None, 'change': True}
2025-10-02 19:09:33,830 : INFO : EventManager : Event: ======'machine_var_audits_missing_switches_s_right_lower_pop'====== Args={'value': 12, 'prev_value': None, 'change': True}
2025-10-02 19:09:33,830 : INFO : EventManager : Event: ======'machine_var_audits_missing_switches_s_right_orbit'====== Args={'value': 12, 'prev_value': None, 'change': True}
2025-10-02 19:09:33,831 : INFO : EventManager : Event: ======'machine_var_audits_missing_switches_s_right_outlane'====== Args={'value': 30, 'prev_value': None, 'change': True}
2025-10-02 19:09:33,831 : INFO : EventManager : Event: ======'machine_var_audits_missing_switches_s_right_ramp'====== Args={'value': 12, 'prev_value': None, 'change': True}
2025-10-02 19:09:33,831 : INFO : EventManager : Event: ======'machine_var_audits_missing_switches_s_right_slingshot'====== Args={'value': 145, 'prev_value': None, 'change': True}
2025-10-02 19:09:33,831 : INFO : EventManager : Event: ======'machine_var_audits_missing_switches_s_scoop'====== Args={'value': 12, 'prev_value': None, 'change': True}
2025-10-02 19:09:33,831 : INFO : EventManager : Event: ======'machine_var_audits_missing_switches_s_spinner'====== Args={'value': 51, 'prev_value': None, 'change': True}
2025-10-02 19:09:33,831 : INFO : EventManager : Event: ======'machine_var_audits_missing_switches_s_start'====== Args={'value': 14, 'prev_value': None, 'change': True}
2025-10-02 19:09:33,831 : INFO : EventManager : Event: ======'machine_var_audits_missing_switches_s_tilt_bob'====== Args={'value': 153, 'prev_value': None, 'change': True}
2025-10-02 19:09:33,831 : INFO : EventManager : Event: ======'machine_var_audits_missing_switches_s_top_right_flipper'====== Args={'value': 145, 'prev_value': None, 'change': True}
2025-10-02 19:09:33,831 : INFO : EventManager : Event: ======'machine_var_audits_missing_switches_s_trough1'====== Args={'value': 1, 'prev_value': None, 'change': True}
2025-10-02 19:09:33,832 : INFO : EventManager : Event: ======'machine_var_audits_missing_switches_s_trough2'====== Args={'value': 144, 'prev_value': None, 'change': True}
2025-10-02 19:09:33,832 : INFO : EventManager : Event: ======'machine_var_audits_missing_switches_s_trough3'====== Args={'value': 144, 'prev_value': None, 'change': True}
2025-10-02 19:09:33,832 : INFO : EventManager : Event: ======'machine_var_audits_missing_switches_s_trough4'====== Args={'value': 144, 'prev_value': None, 'change': True}
2025-10-02 19:09:33,832 : INFO : EventManager : Event: ======'machine_var_audits_missing_switches_s_trough5'====== Args={'value': 144, 'prev_value': None, 'change': True}
2025-10-02 19:09:33,832 : INFO : EventManager : Event: ======'machine_var_audits_missing_switches_s_trough6'====== Args={'value': 145, 'prev_value': None, 'change': True}
2025-10-02 19:09:33,832 : INFO : EventManager : Event: ======'machine_var_audits_missing_switches_s_trough_jam'====== Args={'value': 145, 'prev_value': None, 'change': True}
2025-10-02 19:09:33,832 : INFO : EventManager : Event: ======'machine_var_audits_missing_switches_s_tshirt_bottom_standup'====== Args={'value': 145, 'prev_value': None, 'change': True}
2025-10-02 19:09:33,832 : INFO : EventManager : Event: ======'machine_var_audits_missing_switches_s_upper_pop_standup'====== Args={'value': 145, 'prev_value': None, 'change': True}
2025-10-02 19:09:33,833 : INFO : EventManager : Event: ======'machine_var_audits_player_score'====== Args={'value': {'average': 16766, 'top': [140190, 55679, 54526, 46225, 25350, 24166, 23278, 22740, 20422, 20201], 'total': 37}, 'prev_value': None, 'change': True}
2025-10-02 19:09:33,833 : INFO : EventManager : Event: ======'machine_var_audits_shots_skill_captive'====== Args={'value': 16, 'prev_value': None, 'change': True}
2025-10-02 19:09:33,833 : INFO : EventManager : Event: ======'machine_var_audits_shots_skill_drop_targets'====== Args={'value': 11, 'prev_value': None, 'change': True}
2025-10-02 19:09:33,833 : INFO : EventManager : Event: ======'machine_var_audits_shots_skill_side_targets'====== Args={'value': 17, 'prev_value': None, 'change': True}
2025-10-02 19:09:33,833 : INFO : EventManager : Event: ======'machine_var_audits_switches_s_captive_ball'====== Args={'value': 159, 'prev_value': None, 'change': True}
2025-10-02 19:09:33,833 : INFO : EventManager : Event: ======'machine_var_audits_switches_s_center_upper_pop'====== Args={'value': 192, 'prev_value': None, 'change': True}
2025-10-02 19:09:33,833 : INFO : EventManager : Event: ======'machine_var_audits_switches_s_inner_orbit'====== Args={'value': 0, 'prev_value': None, 'change': True}
2025-10-02 19:09:33,833 : INFO : EventManager : Event: ======'machine_var_audits_switches_s_left_flipper'====== Args={'value': 1243, 'prev_value': None, 'change': True}
2025-10-02 19:09:33,834 : INFO : EventManager : Event: ======'machine_var_audits_switches_s_left_inlane'====== Args={'value': 109, 'prev_value': None, 'change': True}
2025-10-02 19:09:33,835 : INFO : EventManager : Event: ======'machine_var_audits_switches_s_left_orbit'====== Args={'value': 17, 'prev_value': None, 'change': True}
2025-10-02 19:09:33,835 : INFO : EventManager : Event: ======'machine_var_audits_switches_s_left_outlane'====== Args={'value': 55, 'prev_value': None, 'change': True}
2025-10-02 19:09:33,835 : INFO : EventManager : Event: ======'machine_var_audits_switches_s_left_ramp'====== Args={'value': 28, 'prev_value': None, 'change': True}
2025-10-02 19:09:33,835 : INFO : EventManager : Event: ======'machine_var_audits_switches_s_left_slingshot'====== Args={'value': 259, 'prev_value': None, 'change': True}
2025-10-02 19:09:33,835 : INFO : EventManager : Event: ======'machine_var_audits_switches_s_left_upper_pop'====== Args={'value': 146, 'prev_value': None, 'change': True}
2025-10-02 19:09:33,835 : INFO : EventManager : Event: ======'machine_var_audits_switches_s_plunger'====== Args={'value': 608, 'prev_value': None, 'change': True}
2025-10-02 19:09:33,835 : INFO : EventManager : Event: ======'machine_var_audits_switches_s_pop_standup'====== Args={'value': 64, 'prev_value': None, 'change': True}
2025-10-02 19:09:33,836 : INFO : EventManager : Event: ======'machine_var_audits_switches_s_right_flipper'====== Args={'value': 1515, 'prev_value': None, 'change': True}
2025-10-02 19:09:33,836 : INFO : EventManager : Event: ======'machine_var_audits_switches_s_right_inlane'====== Args={'value': 106, 'prev_value': None, 'change': True}
2025-10-02 19:09:33,836 : INFO : EventManager : Event: ======'machine_var_audits_switches_s_right_lower_pop'====== Args={'value': 425, 'prev_value': None, 'change': True}
2025-10-02 19:09:33,836 : INFO : EventManager : Event: ======'machine_var_audits_switches_s_right_orbit'====== Args={'value': 17, 'prev_value': None, 'change': True}
2025-10-02 19:09:33,836 : INFO : EventManager : Event: ======'machine_var_audits_switches_s_right_outlane'====== Args={'value': 53, 'prev_value': None, 'change': True}
2025-10-02 19:09:33,836 : INFO : EventManager : Event: ======'machine_var_audits_switches_s_right_ramp'====== Args={'value': 31, 'prev_value': None, 'change': True}
2025-10-02 19:09:33,836 : INFO : EventManager : Event: ======'machine_var_audits_switches_s_right_slingshot'====== Args={'value': 365, 'prev_value': None, 'change': True}
2025-10-02 19:09:33,836 : INFO : EventManager : Event: ======'machine_var_audits_switches_s_scoop'====== Args={'value': 154, 'prev_value': None, 'change': True}
2025-10-02 19:09:33,838 : INFO : EventManager : Event: ======'machine_var_audits_switches_s_spinner'====== Args={'value': 1371, 'prev_value': None, 'change': True}
2025-10-02 19:09:33,838 : INFO : EventManager : Event: ======'machine_var_audits_switches_s_start'====== Args={'value': 55, 'prev_value': None, 'change': True}
2025-10-02 19:09:33,838 : INFO : EventManager : Event: ======'machine_var_audits_switches_s_three_bank_bottom'====== Args={'value': 132, 'prev_value': None, 'change': True}
2025-10-02 19:09:33,838 : INFO : EventManager : Event: ======'machine_var_audits_switches_s_three_bank_middle'====== Args={'value': 133, 'prev_value': None, 'change': True}
2025-10-02 19:09:33,838 : INFO : EventManager : Event: ======'machine_var_audits_switches_s_three_bank_standup'====== Args={'value': 97, 'prev_value': None, 'change': True}
2025-10-02 19:09:33,838 : INFO : EventManager : Event: ======'machine_var_audits_switches_s_three_bank_top'====== Args={'value': 126, 'prev_value': None, 'change': True}
2025-10-02 19:09:33,838 : INFO : EventManager : Event: ======'machine_var_audits_switches_s_tilt_bob'====== Args={'value': 21, 'prev_value': None, 'change': True}
2025-10-02 19:09:33,838 : INFO : EventManager : Event: ======'machine_var_audits_switches_s_top_right_flipper'====== Args={'value': 1294, 'prev_value': None, 'change': True}
2025-10-02 19:09:33,839 : INFO : EventManager : Event: ======'machine_var_audits_switches_s_trough1'====== Args={'value': 241, 'prev_value': None, 'change': True}
2025-10-02 19:09:33,839 : INFO : EventManager : Event: ======'machine_var_audits_switches_s_trough2'====== Args={'value': 248, 'prev_value': None, 'change': True}
2025-10-02 19:09:33,839 : INFO : EventManager : Event: ======'machine_var_audits_switches_s_trough3'====== Args={'value': 178, 'prev_value': None, 'change': True}
2025-10-02 19:09:33,839 : INFO : EventManager : Event: ======'machine_var_audits_switches_s_trough4'====== Args={'value': 160, 'prev_value': None, 'change': True}
2025-10-02 19:09:33,839 : INFO : EventManager : Event: ======'machine_var_audits_switches_s_trough5'====== Args={'value': 160, 'prev_value': None, 'change': True}
2025-10-02 19:09:33,839 : INFO : EventManager : Event: ======'machine_var_audits_switches_s_trough6'====== Args={'value': 158, 'prev_value': None, 'change': True}
2025-10-02 19:09:33,839 : INFO : EventManager : Event: ======'machine_var_audits_switches_s_trough_jam'====== Args={'value': 206, 'prev_value': None, 'change': True}
2025-10-02 19:09:33,839 : INFO : EventManager : Event: ======'machine_var_audits_switches_s_tshirt_bottom_standup'====== Args={'value': 28, 'prev_value': None, 'change': True}
2025-10-02 19:09:33,839 : INFO : EventManager : Event: ======'machine_var_audits_switches_s_tshirt_top_standup'====== Args={'value': 51, 'prev_value': None, 'change': True}
2025-10-02 19:09:33,839 : INFO : EventManager : Event: ======'machine_var_audits_switches_s_upper_pop_standup'====== Args={'value': 158, 'prev_value': None, 'change': True}
2025-10-02 19:09:33,840 : INFO : EventManager : Event: ======'init_phase_5'====== Args={}
2025-10-02 19:09:33,905 : INFO : EventManager : Event: ======'init_done'====== Args={}
2025-10-02 19:09:33,906 : INFO : EventManager : Event: ======'machine_reset_phase_1'====== Args={}
2025-10-02 19:09:33,916 : INFO : EventManager : Event: ======'machine_reset_phase_2'====== Args={}
2025-10-02 19:09:33,917 : INFO : EventManager : Event: ======'machine_reset_phase_3'====== Args={}
2025-10-02 19:09:33,917 : INFO : drop_target_bank.three_bank : All targets are already up. Will not reset bank.
2025-10-02 19:09:33,917 : INFO : EventManager : Event: ======'reset_complete'====== Args={}
2025-10-02 19:09:33,917 : INFO : EventManager : Event: ======'mode_attract_will_start'====== Args={}
2025-10-02 19:09:33,919 : INFO : EventManager : Event: ======'mode_attract_starting'====== Args={}
2025-10-02 19:09:33,919 : INFO : Mode.attract : Started. Priority: 10
2025-10-02 19:09:33,919 : INFO : EventManager : Event: ======'modes_active_modes_changed'====== Args={}
2025-10-02 19:09:33,919 : INFO : EventManager : Event: ======'mode_attract_started'====== Args={}
2025-10-02 19:09:33,920 : INFO : EventManager : Event: ======'collecting_balls_complete'====== Args={}
2025-10-02 19:09:33,937 : INFO : EventManager : Event: ======'slide_loading_created'====== Args={'_from_bcp': True}
2025-10-02 19:09:33,938 : INFO : EventManager : Event: ======'slide__removed'====== Args={'_from_bcp': True}
2025-10-02 19:09:33,938 : INFO : EventManager : Event: ======'slide_loading_active'====== Args={'original_context': '_global', 'original_calling_context': 'init_done', 'priority': 0.0, 'cmd': 'slides_play', '_from_bcp': True}
2025-10-02 19:09:33,938 : INFO : Machine : Starting the main run loop with active modes: [<Mode.attract>]
2025-10-02 19:09:33,991 : INFO : BcpServer : New client connected.
2025-10-02 19:09:33,998 : INFO : EventManager : Event: ======'slide_attract_created'====== Args={'_from_bcp': True}
2025-10-02 19:09:33,999 : INFO : EventManager : Event: ======'slide_loading_inactive'====== Args={'is_removing': True, '_from_bcp': True}
2025-10-02 19:09:34,000 : INFO : EventManager : Event: ======'slide_attract_active'====== Args={'original_context': 'attract', 'original_calling_context': 'mode_attract_started', 'priority': 10.0, 'cmd': 'slides_play', '_from_bcp': True}
2025-10-02 19:09:34,000 : INFO : EventManager : Event: ======'slide_loading_removed'====== Args={'_from_bcp': True}
2025-10-02 19:09:39,348 : INFO : SwitchController : <<<<<<< 's_start' active >>>>>>>
2025-10-02 19:09:39,464 : INFO : SwitchController : <<<<<<< 's_start' inactive >>>>>>>
2025-10-02 19:09:39,464 : INFO : EventManager : Event: ======'request_to_start_game'====== Args={}
2025-10-02 19:09:39,465 : INFO : EventManager : Event: ======'game_start'====== Args={'buttons': [], 'hold_time': 0.10899999999674037}
2025-10-02 19:09:39,466 : INFO : EventManager : Event: ======'mode_game_will_start'====== Args={'buttons': [], 'hold_time': 0.10899999999674037}
2025-10-02 19:09:39,467 : INFO : EventManager : Event: ======'mode_game_starting'====== Args={'buttons': [], 'hold_time': 0.10899999999674037}
2025-10-02 19:09:39,467 : INFO : EventManager : Event: ======'mode_attract_will_stop'====== Args={}
2025-10-02 19:09:39,467 : INFO : EventManager : Event: ======'mode_attract_stopping'====== Args={}
2025-10-02 19:09:39,467 : INFO : Mode.attract : Stopped.
2025-10-02 19:09:39,467 : INFO : EventManager : Event: ======'modes_active_modes_changed'====== Args={}
2025-10-02 19:09:39,467 : INFO : EventManager : Event: ======'mode_attract_stopped'====== Args={}
2025-10-02 19:09:39,467 : INFO : EventManager : Event: ======'clear'====== Args={'key': 'attract'}
2025-10-02 19:09:39,467 : INFO : Mode.game : Started. Priority: 20
2025-10-02 19:09:39,467 : INFO : EventManager : Event: ======'modes_active_modes_changed'====== Args={}
2025-10-02 19:09:39,467 : INFO : EventManager : Event: ======'mode_game_started'====== Args={'buttons': [], 'hold_time': 0.10899999999674037}
2025-10-02 19:09:39,472 : INFO : EventManager : Event: ======'game_will_start'====== Args={}
2025-10-02 19:09:39,473 : INFO : EventManager : Event: ======'game_starting'====== Args={'game': <Mode.game>}
2025-10-02 19:09:39,474 : INFO : EventManager : Unordered handler for class <Auditor> on event game_ended with priority 1. Handlers: [RegisteredHandler(callback=<bound method Auditor.disable of <Auditor>>, priority=1, kwargs={}, key=UUID('dd1df3ba-ae27-41c5-8e71-44b112d20902'), condition=None, blocking_facility=None), RegisteredHandler(callback=<bound method Auditor._save_audits of <Auditor>>, priority=1, kwargs={}, key=UUID('d76b7489-a81a-47dd-a244-c172dd4ab487'), condition=None, blocking_facility=None)]. The order of those handlers is not defined and they will be executed in random order. This might lead to race conditions and potential bugs.
2025-10-02 19:09:39,475 : INFO : EventManager : Event: ======'player_add_request'====== Args={}
2025-10-02 19:09:39,475 : INFO : EventManager : Event: ======'player_will_add'====== Args={'number': 1}
2025-10-02 19:09:39,476 : INFO : EventManager : Event: ======'player_adding'====== Args={'player': <Player 1>, 'number': 1}
2025-10-02 19:09:39,476 : INFO : EventManager : Event: ======'player_added'====== Args={'player': <Player 1>, 'num': 1}
2025-10-02 19:09:39,476 : INFO : Mode.game : Player added successfully. Total players: 1
2025-10-02 19:09:39,477 : INFO : EventManager : Event: ======'player_index'====== Args={'value': 0, 'prev_value': 0, 'change': 0, 'player_num': 1}
2025-10-02 19:09:39,477 : INFO : EventManager : Event: ======'player_number'====== Args={'value': 1, 'prev_value': 1, 'change': 0, 'player_num': 1}
2025-10-02 19:09:39,477 : INFO : EventManager : Event: ======'player_score'====== Args={'value': 0, 'prev_value': 0, 'change': 0, 'player_num': 1}
2025-10-02 19:09:39,479 : INFO : EventManager : Event: ======'game_started'====== Args={}
2025-10-02 19:09:39,486 : INFO : EventManager : Event: ======'player_turn_will_start'====== Args={'player': <Player 1>, 'number': 1}
2025-10-02 19:09:39,494 : INFO : EventManager : Event: ======'player_turn_starting'====== Args={'player': <Player 1>, 'number': 1}
2025-10-02 19:09:39,495 : INFO : EventManager : Event: ======'player_ball'====== Args={'value': 1, 'prev_value': 0, 'change': 1, 'player_num': 1}
2025-10-02 19:09:39,496 : INFO : EventManager : Event: ======'player_turn_started'====== Args={'player': <Player 1>, 'number': 1}
2025-10-02 19:09:39,499 : INFO : EventManager : Event: ======'ball_will_start'====== Args={'player': 1, 'ball': 1, 'balls_remaining': 2, 'is_extra_ball': False}
2025-10-02 19:09:39,502 : INFO : EventManager : Event: ======'ball_starting'====== Args={'player': 1, 'ball': 1, 'balls_remaining': 2, 'is_extra_ball': False}
2025-10-02 19:09:39,503 : INFO : EventManager : Event: ======'mode_base_will_start'====== Args={'queue': <QueuedEvent>, 'player': 1, 'ball': 1, 'balls_remaining': 2, 'is_extra_ball': False}
2025-10-02 19:09:39,507 : INFO : EventManager : Event: ======'mode_base_starting'====== Args={'queue': <QueuedEvent>, 'player': 1, 'ball': 1, 'balls_remaining': 2, 'is_extra_ball': False}
2025-10-02 19:09:39,507 : INFO : drop_target_bank.three_bank : All targets are already up. Will not reset bank.
2025-10-02 19:09:39,508 : INFO : EventManager : Event: ======'balls_in_play'====== Args={'balls': 1}
2025-10-02 19:09:39,509 : INFO : EventManager : Event: ======'ball_started'====== Args={'player': 1, 'ball': 1, 'balls_remaining': 2, 'is_extra_ball': False}
2025-10-02 19:09:39,509 : INFO : EventManager : Event: ======'logicblock_qualify_chcheckitout_multiball_updated'====== Args={'value': 0, 'enabled': True}
2025-10-02 19:09:39,509 : INFO : EventManager : Event: ======'logicblock_drop_target_bank_counter_updated'====== Args={'value': 0, 'enabled': True}
2025-10-02 19:09:39,510 : INFO : EventManager : Event: ======'logicblock_qualify_chcheckitout_multiball_updated'====== Args={'value': 0, 'enabled': True}
2025-10-02 19:09:39,510 : INFO : EventManager : Event: ======'logicblock_chcheckitout_multiball_ready_updated'====== Args={'value': 0, 'enabled': False}
2025-10-02 19:09:39,510 : INFO : EventManager : Event: ======'logicblock_drop_target_bank_counter_updated'====== Args={'value': 0, 'enabled': True}
2025-10-02 19:09:39,510 : INFO : Mode.base : Started. Priority: 100
2025-10-02 19:09:39,510 : INFO : EventManager : Event: ======'modes_active_modes_changed'====== Args={}
2025-10-02 19:09:39,511 : INFO : EventManager : Event: ======'mode_base_started'====== Args={'queue': <QueuedEvent>, 'player': 1, 'ball': 1, 'balls_remaining': 2, 'is_extra_ball': False}
2025-10-02 19:09:39,512 : INFO : EventManager : Event: ======'mode_skill_shot_will_start'====== Args={'player': 1, 'ball': 1, 'balls_remaining': 2, 'is_extra_ball': False}
2025-10-02 19:09:39,512 : INFO : EventManager : Event: ======'player_shot_skill_side_targets_enabled'====== Args={'value': True, 'prev_value': 0, 'change': 1, 'player_num': 1}
2025-10-02 19:09:39,514 : INFO : EventManager : Event: ======'player_shot_skill_drop_targets_enabled'====== Args={'value': True, 'prev_value': 0, 'change': 1, 'player_num': 1}
2025-10-02 19:09:39,515 : INFO : EventManager : Event: ======'skill_shot_complete'====== Args={'state': 'unlit'}
2025-10-02 19:09:39,515 : INFO : EventManager : Event: ======'skill_shot_unlit_complete'====== Args={}
2025-10-02 19:09:39,516 : INFO : EventManager : Event: ======'player_skill_shot_skill_shot_timeout_tick'====== Args={'value': 0, 'prev_value': 0, 'change': 0, 'player_num': 1}
2025-10-02 19:09:39,520 : INFO : EventManager : Event: ======'mode_skill_shot_starting'====== Args={'player': 1, 'ball': 1, 'balls_remaining': 2, 'is_extra_ball': False}
2025-10-02 19:09:39,520 : INFO : EventManager : Event: ======'logicblock_drop_target_bank_counter_updated'====== Args={'value': 1, 'enabled': True}
2025-10-02 19:09:39,521 : INFO : EventManager : Event: ======'counter_drop_target_bank_counter_hit'====== Args={'count': 1, 'hits': 1, 'remaining': 1}
2025-10-02 19:09:39,521 : INFO : EventManager : Event: ======'logicblock_drop_target_bank_counter_hit'====== Args={'count': 1, 'hits': 1, 'remaining': 1}
2025-10-02 19:09:39,523 : INFO : EventManager : Event: ======'player_drop_target_bank_counter_count'====== Args={'value': 1, 'prev_value': 0, 'change': 1, 'player_num': 1, 'source': 'base'}
2025-10-02 19:09:39,523 : INFO : EventManager : Event: ======'player_drop_target_bank_counter_count'====== Args={'value': 0, 'prev_value': 1, 'change': -1, 'player_num': 1, 'source': 'base'}
2025-10-02 19:09:39,524 : INFO : EventManager : Event: ======'mode_multiball_will_start'====== Args={'queue': <QueuedEvent>, 'player': 1, 'ball': 1, 'balls_remaining': 2, 'is_extra_ball': False}
2025-10-02 19:09:39,525 : INFO : EventManager : Event: ======'mode_multiball_starting'====== Args={'queue': <QueuedEvent>, 'player': 1, 'ball': 1, 'balls_remaining': 2, 'is_extra_ball': False}
2025-10-02 19:09:39,525 : INFO : EventManager : Event: ======'mode_carousel_will_start'====== Args={'queue': <QueuedEvent>, 'player': 1, 'ball': 1, 'balls_remaining': 2, 'is_extra_ball': False}
2025-10-02 19:09:39,526 : INFO : EventManager : Event: ======'mode_carousel_starting'====== Args={'queue': <QueuedEvent>, 'player': 1, 'ball': 1, 'balls_remaining': 2, 'is_extra_ball': False}
2025-10-02 19:09:39,529 : INFO : EventManager : Event: ======'ball_save_default_enabled'====== Args={}
2025-10-02 19:09:39,529 : INFO : Mode.carousel : Started. Priority: 200
2025-10-02 19:09:39,529 : INFO : EventManager : Event: ======'modes_active_modes_changed'====== Args={}
2025-10-02 19:09:39,529 : INFO : EventManager : Event: ======'mode_carousel_started'====== Args={'queue': <QueuedEvent>, 'player': 1, 'ball': 1, 'balls_remaining': 2, 'is_extra_ball': False}
2025-10-02 19:09:39,531 : INFO : EventManager : Event: ======'item_highlighted'====== Args={'carousel': 'carousel', 'direction': None, 'item': 'intergalactic'}
2025-10-02 19:09:39,531 : INFO : Mode.multiball : Started. Priority: 1000
2025-10-02 19:09:39,532 : INFO : EventManager : Event: ======'modes_active_modes_changed'====== Args={}
2025-10-02 19:09:39,532 : INFO : EventManager : Event: ======'mode_multiball_started'====== Args={'queue': <QueuedEvent>, 'player': 1, 'ball': 1, 'balls_remaining': 2, 'is_extra_ball': False}
2025-10-02 19:09:39,533 : INFO : Mode.skill_shot : Started. Priority: 500
2025-10-02 19:09:39,533 : INFO : EventManager : Event: ======'modes_active_modes_changed'====== Args={}
2025-10-02 19:09:39,533 : INFO : EventManager : Event: ======'mode_skill_shot_started'====== Args={'player': 1, 'ball': 1, 'balls_remaining': 2, 'is_extra_ball': False}
2025-10-02 19:09:39,534 : INFO : EventManager : Event: ======'player_shot_skill_side_targets'====== Args={'value': 1, 'prev_value': 0, 'change': 1, 'player_num': 1}
2025-10-02 19:09:39,535 : INFO : EventManager : Event: ======'player_shot_skill_drop_targets'====== Args={'value': 1, 'prev_value': 0, 'change': 1, 'player_num': 1}
2025-10-02 19:09:39,537 : INFO : EventManager : Event: ======'skill_shot_complete'====== Args={'state': 'flashing'}
2025-10-02 19:09:39,537 : INFO : EventManager : Event: ======'skill_shot_flashing_complete'====== Args={}
2025-10-02 19:09:39,539 : INFO : EventManager : Event: ======'single_player_ball_started'====== Args={}
2025-10-02 19:09:39,559 : INFO : EventManager : Event: ======'ball_start_target'====== Args={'target': 'playfield'}
2025-10-02 19:09:39,561 : INFO : EventManager : Event: ======'slide_base_created'====== Args={'_from_bcp': True}
2025-10-02 19:09:39,561 : INFO : EventManager : Event: ======'slide_score_overlay_created'====== Args={'_from_bcp': True}
2025-10-02 19:09:39,561 : INFO : EventManager : Event: ======'slide_attract_inactive'====== Args={'is_removing': True, '_from_bcp': True}
2025-10-02 19:09:39,561 : INFO : EventManager : Event: ======'slide_score_overlay_active'====== Args={'original_context': 'base', 'original_calling_context': 'mode_base_started', 'priority': 100.0, 'queue': '<QueuedEvent>', 'player': 1.0, 'ball': 1.0, 'balls_remaining': 2.0, 'is_extra_ball': False, 'cmd': 'slides_play', '_from_bcp': True}
2025-10-02 19:09:39,561 : INFO : EventManager : Event: ======'slide_attract_removed'====== Args={'_from_bcp': True}
2025-10-02 19:09:39,562 : INFO : ball_device.bd_plunger : Setting up player-controlled eject. Balls: 1, Target: <playfield.playfield>, player_controlled_eject_event: None
2025-10-02 19:09:39,563 : INFO : EventManager : Event: ======'balldevice_balls_available'====== Args={}
2025-10-02 19:09:39,565 : INFO : ball_device.bd_trough : State: waiting_for_target_ready
2025-10-02 19:09:39,565 : INFO : EventManager : Event: ======'balldevice_bd_trough_ball_eject_attempt'====== Args={'balls': 1, 'target': <ball_device.bd_plunger>, 'source': <ball_device.bd_trough>, 'mechanical_eject': True, 'num_attempts': 0}
2025-10-02 19:09:39,566 : INFO : ball_device.bd_plunger : State: waiting_for_ball
2025-10-02 19:09:39,567 : INFO : ball_device.bd_trough : State: ejecting
2025-10-02 19:09:39,569 : INFO : ball_device.bd_trough : Ejecting ball to <ball_device.bd_plunger>
2025-10-02 19:09:39,569 : INFO : EventManager : Event: ======'balldevice_bd_trough_ejecting_ball'====== Args={'balls': 1, 'target': <ball_device.bd_plunger>, 'source': <ball_device.bd_trough>, 'mechanical_eject': True, 'num_attempts': 0}
2025-10-02 19:09:39,572 : INFO : ball_device.bd_trough : Wait for ball to leave device
2025-10-02 19:09:39,573 : INFO : coil.c_trough_eject : Pulsing Driver for 20ms (1.0 pulse_power)
2025-10-02 19:09:39,573 : INFO : SwitchController : <<<<<<< 's_trough1' inactive >>>>>>>
2025-10-02 19:09:39,577 : INFO : EventManager : Event: ======'slide_current_mode_highlighted_created'====== Args={'_from_bcp': True}
2025-10-02 19:09:39,579 : INFO : ball_device.bd_trough : State: ball_left
2025-10-02 19:09:39,580 : INFO : ball_device.bd_trough : Ball left
2025-10-02 19:09:39,580 : INFO : ball_device.bd_trough : Wait for confirm with timeout 3.0
2025-10-02 19:09:39,667 : INFO : SwitchController : <<<<<<< 's_plunger' active >>>>>>>
2025-10-02 19:09:39,667 : INFO : EventManager : Event: ======'machine_var_audits_switches_s_plunger'====== Args={'value': 609, 'prev_value': 608, 'change': 1}
2025-10-02 19:09:39,890 : INFO : EventManager : Event: ======'slide_skillshot_overlay_created'====== Args={'_from_bcp': True}
2025-10-02 19:09:39,891 : INFO : EventManager : Event: ======'slide_score_overlay_inactive'====== Args={'is_removing': False, '_from_bcp': True}
2025-10-02 19:09:39,892 : INFO : EventManager : Event: ======'slide_skillshot_overlay_active'====== Args={'original_context': 'skill_shot', 'original_calling_context': 'mode_skill_shot_started', 'priority': 500.0, 'player': 1.0, 'ball': 1.0, 'balls_remaining': 2.0, 'is_extra_ball': False, 'cmd': 'slides_play', '_from_bcp': True}
2025-10-02 19:09:40,168 : INFO : ball_device.bd_plunger : Received ball from <ball_device.bd_trough>
2025-10-02 19:09:40,169 : INFO : EventManager : Event: ======'balldevice_bd_plunger_ball_enter'====== Args={'new_balls': 1, 'unclaimed_balls': 0, 'new_available_balls': 0, 'device': <ball_device.bd_plunger>}
2025-10-02 19:09:40,169 : INFO : EventManager : Event: ======'balldevice_bd_plunger_ball_entered'====== Args={'new_balls': 0, 'device': <ball_device.bd_plunger>}
2025-10-02 19:09:40,170 : INFO : EventManager : Event: ======'balldevice_bd_plunger_ball_count_changed'====== Args={'balls': 1}
2025-10-02 19:09:40,170 : INFO : ball_device.bd_trough : Got eject confirm
2025-10-02 19:09:40,171 : INFO : ball_device.bd_trough : Eject successful
2025-10-02 19:09:40,171 : INFO : EventManager : Event: ======'balldevice_bd_trough_ball_eject_success'====== Args={'balls': 1, 'target': <ball_device.bd_plunger>}
2025-10-02 19:09:40,172 : INFO : EventManager : Event: ======'balldevice_bd_trough_ball_count_changed'====== Args={'balls': 5}
2025-10-02 19:09:40,172 : INFO : ball_device.bd_trough : State: idle
2025-10-02 19:09:40,173 : INFO : ball_device.bd_plunger : State: waiting_for_target_ready
2025-10-02 19:09:40,173 : INFO : EventManager : Event: ======'balldevice_bd_plunger_ball_eject_attempt'====== Args={'balls': 1, 'target': <playfield.playfield>, 'source': <ball_device.bd_plunger>, 'mechanical_eject': True, 'num_attempts': 0}
2025-10-02 19:09:40,174 : INFO : ball_device.bd_plunger : State: ejecting
2025-10-02 19:09:40,175 : INFO : ball_device.bd_plunger : Ejecting ball to <playfield.playfield>
2025-10-02 19:09:40,175 : INFO : EventManager : Event: ======'balldevice_bd_plunger_ejecting_ball'====== Args={'balls': 1, 'target': <playfield.playfield>, 'source': <ball_device.bd_plunger>, 'mechanical_eject': True, 'num_attempts': 0}
2025-10-02 19:09:40,178 : INFO : ball_device.bd_plunger : Wait for ball to leave device
2025-10-02 19:09:42,062 : INFO : SwitchController : <<<<<<< 's_plunger' inactive >>>>>>>
2025-10-02 19:09:42,062 : INFO : EventManager : Event: ======'ball_out'====== Args={}
2025-10-02 19:09:42,063 : INFO : EventManager : Event: ======'ball_save_default_timer_start'====== Args={}
2025-10-02 19:09:42,068 : INFO : ball_device.bd_plunger : State: ball_left
2025-10-02 19:09:42,068 : INFO : ball_device.bd_plunger : Ball left
2025-10-02 19:09:42,068 : INFO : ball_device.bd_plunger : Wait for confirm with timeout 3.0
2025-10-02 19:09:42,677 : INFO : SwitchController : <<<<<<< 's_three_bank_bottom' active >>>>>>>
2025-10-02 19:09:42,678 : INFO : EventManager : Event: ======'playfield_active'====== Args={'source': 'skill_drop_targets'}
2025-10-02 19:09:42,678 : INFO : EventManager : Event: ======'s_three_bank_bottom_active'====== Args={}
2025-10-02 19:09:42,678 : INFO : EventManager : Event: ======'playfield_active'====== Args={'source': 'bottom'}
2025-10-02 19:09:42,678 : INFO : EventManager : Event: ======'drop_target_bottom_down'====== Args={'device': <drop_target.bottom>}
2025-10-02 19:09:42,679 : INFO : EventManager : Event: ======'drop_target_bank_three_bank_mixed'====== Args={'prev_value': <DropTargetBankState.UP: 'up'>, 'down': 1}
2025-10-02 19:09:42,679 : INFO : EventManager : Event: ======'machine_var_audits_switches_s_three_bank_bottom'====== Args={'value': 133, 'prev_value': 132, 'change': 1}
2025-10-02 19:09:42,680 : INFO : EventManager : Event: ======'player_shot_skill_drop_targets'====== Args={'value': 2, 'prev_value': 1, 'change': 1, 'player_num': 1}
2025-10-02 19:09:42,681 : INFO : EventManager : Event: ======'machine_var_audits_shots_skill_drop_targets'====== Args={'value': 12, 'prev_value': 11, 'change': 1}
2025-10-02 19:09:42,681 : INFO : EventManager : Event: ======'skill_drop_targets_hit'====== Args={'profile': 'skill_shot_profile', 'state': 'flashing', 'advancing': True}
2025-10-02 19:09:42,682 : INFO : EventManager : Event: ======'skill_drop_targets_skill_shot_profile_hit'====== Args={'profile': 'skill_shot_profile', 'state': 'flashing', 'advancing': True}
2025-10-02 19:09:42,682 : INFO : EventManager : Event: ======'skill_drop_targets_skill_shot_profile_flashing_hit'====== Args={'profile': 'skill_shot_profile', 'state': 'flashing', 'advancing': True}
2025-10-02 19:09:42,682 : INFO : EventManager : Event: ======'skill_drop_targets_flashing_hit'====== Args={'profile': 'skill_shot_profile', 'state': 'flashing', 'advancing': True}
2025-10-02 19:09:42,682 : INFO : EventManager : Event: ======'player_score'====== Args={'value': 2220, 'prev_value': 0, 'change': 2220, 'player_num': 1, 'source': 'base'}
2025-10-02 19:09:42,682 : INFO : EventManager : Event: ======'skill_shot_hit'====== Args={'shot': 'skill_drop_targets'}
2025-10-02 19:09:42,683 : INFO : EventManager : Event: ======'skill_shot_flashing_hit'====== Args={'shot': 'skill_drop_targets'}
2025-10-02 19:09:42,683 : INFO : state_machine.skill_shot_success : Transitioning from start to success
2025-10-02 19:09:42,683 : INFO : EventManager : Event: ======'skill_success'====== Args={}
2025-10-02 19:09:42,683 : INFO : EventManager : Event: ======'mode_skill_shot_will_stop'====== Args={}
2025-10-02 19:09:42,683 : INFO : EventManager : Event: ======'mode_skill_shot_stopping'====== Args={}
2025-10-02 19:09:42,684 : INFO : EventManager : Event: ======'player_score'====== Args={'value': 2002220, 'prev_value': 2220, 'change': 2000000, 'player_num': 1, 'source': 'skill_shot'}
2025-10-02 19:09:42,685 : INFO : Mode.skill_shot : Stopped.
2025-10-02 19:09:42,685 : INFO : EventManager : Event: ======'modes_active_modes_changed'====== Args={}
2025-10-02 19:09:42,685 : INFO : EventManager : Event: ======'mode_skill_shot_stopped'====== Args={}
2025-10-02 19:09:42,686 : INFO : EventManager : Event: ======'clear'====== Args={'key': 'skill_shot'}
2025-10-02 19:09:42,686 : INFO : Timer.skill_shot_timeout : Stopping Timer
2025-10-02 19:09:42,686 : INFO : EventManager : Event: ======'timer_skill_shot_timeout_stopped'====== Args={'ticks': 0, 'ticks_remaining': 0}
2025-10-02 19:09:42,724 : INFO : ball_device.bd_plunger : Got eject confirm
2025-10-02 19:09:42,724 : INFO : ball_device.bd_plunger : Eject successful
2025-10-02 19:09:42,724 : INFO : EventManager : Event: ======'balldevice_bd_plunger_ball_eject_success'====== Args={'balls': 1, 'target': <playfield.playfield>}
2025-10-02 19:09:42,725 : INFO : EventManager : Event: ======'slide_skillshot_overlay_inactive'====== Args={'is_removing': True, '_from_bcp': True}
2025-10-02 19:09:42,725 : INFO : EventManager : Event: ======'slide_score_overlay_active'====== Args={'_from_bcp': True}
2025-10-02 19:09:42,726 : INFO : EventManager : Event: ======'slide_skillshot_overlay_removed'====== Args={'_from_bcp': True}
2025-10-02 19:09:42,726 : INFO : EventManager : Event: ======'slide_skillshot_success_overlay_created'====== Args={'_from_bcp': True}
2025-10-02 19:09:42,726 : INFO : EventManager : Event: ======'slide_score_overlay_inactive'====== Args={'is_removing': False, '_from_bcp': True}
2025-10-02 19:09:42,726 : INFO : EventManager : Event: ======'slide_skillshot_success_overlay_active'====== Args={'original_context': 'base', 'original_calling_context': 'skill_success', 'priority': 100.0, 'cmd': 'slides_play', '_from_bcp': True}
2025-10-02 19:09:42,726 : INFO : EventManager : Event: ======'balldevice_playfield_ball_enter'====== Args={'new_balls': 1, 'unclaimed_balls': 1, 'device': <playfield.playfield>}
2025-10-02 19:09:42,727 : INFO : EventManager : Event: ======'playfield_ball_count_change'====== Args={'balls': 1, 'change': 1}
2025-10-02 19:09:42,727 : INFO : EventManager : Event: ======'balldevice_bd_plunger_ball_count_changed'====== Args={'balls': 0}
2025-10-02 19:09:42,727 : INFO : ball_device.bd_plunger : State: idle
2025-10-02 19:09:43,061 : INFO : SwitchController : <<<<<<< 's_three_bank_middle' active >>>>>>>
2025-10-02 19:09:43,061 : INFO : EventManager : Event: ======'s_three_bank_middle_active'====== Args={}
2025-10-02 19:09:43,061 : INFO : EventManager : Event: ======'drop_target_middle_down'====== Args={'device': <drop_target.middle>}
2025-10-02 19:09:43,061 : INFO : EventManager : Event: ======'drop_target_bank_three_bank_mixed'====== Args={'prev_value': <DropTargetBankState.MIXED: 'mixed'>, 'down': 2}
2025-10-02 19:09:43,061 : INFO : EventManager : Event: ======'machine_var_audits_switches_s_three_bank_middle'====== Args={'value': 134, 'prev_value': 133, 'change': 1}
2025-10-02 19:09:43,063 : INFO : EventManager : Event: ======'player_score'====== Args={'value': 2004440, 'prev_value': 2002220, 'change': 2220, 'player_num': 1, 'source': 'base'}
2025-10-02 19:09:43,377 : INFO : SwitchController : <<<<<<< 's_three_bank_top' active >>>>>>>
2025-10-02 19:09:43,377 : INFO : EventManager : Event: ======'s_three_bank_top_active'====== Args={}
2025-10-02 19:09:43,379 : INFO : EventManager : Event: ======'drop_target_top_down'====== Args={'device': <drop_target.top>}
2025-10-02 19:09:43,379 : INFO : EventManager : Event: ======'drop_target_bank_three_bank_down'====== Args={}
2025-10-02 19:09:43,379 : INFO : EventManager : Event: ======'machine_var_audits_switches_s_three_bank_top'====== Args={'value': 127, 'prev_value': 126, 'change': 1}
2025-10-02 19:09:43,380 : INFO : EventManager : Event: ======'player_score'====== Args={'value': 2006660, 'prev_value': 2004440, 'change': 2220, 'player_num': 1, 'source': 'base'}
2025-10-02 19:09:43,381 : INFO : EventManager : Event: ======'logicblock_drop_target_bank_counter_updated'====== Args={'value': 2, 'enabled': True}
2025-10-02 19:09:43,381 : INFO : EventManager : Event: ======'counter_drop_target_bank_counter_hit'====== Args={'count': 2, 'hits': 2, 'remaining': 0}
2025-10-02 19:09:43,381 : INFO : EventManager : Event: ======'logicblock_drop_target_bank_counter_hit'====== Args={'count': 2, 'hits': 2, 'remaining': 0}
2025-10-02 19:09:43,381 : INFO : EventManager : Event: ======'chcheckitout_multiball_qualified'====== Args={}
2025-10-02 19:09:43,381 : INFO : EventManager : Event: ======'player_drop_target_bank_counter_count'====== Args={'value': 2, 'prev_value': 0, 'change': 2, 'player_num': 1, 'source': 'base'}
2025-10-02 19:09:43,382 : INFO : EventManager : Event: ======'logicblock_qualify_chcheckitout_multiball_updated'====== Args={'value': 1, 'enabled': True}
2025-10-02 19:09:43,382 : INFO : EventManager : Event: ======'logicblock_qualify_chcheckitout_multiball_hit'====== Args={'step': 1}
2025-10-02 19:09:43,382 : INFO : EventManager : Event: ======'drops_standup_start_multiball'====== Args={}
2025-10-02 19:09:43,382 : INFO : EventManager : Event: ======'logicblock_qualify_chcheckitout_multiball_updated'====== Args={'value': 0, 'enabled': True}
2025-10-02 19:09:43,383 : INFO : EventManager : Event: ======'logicblock_chcheckitout_multiball_ready_updated'====== Args={'value': 0, 'enabled': True}
2025-10-02 19:09:44,398 : INFO : drop_target_bank.three_bank : 3 targets are down. Will reset those.
2025-10-02 19:09:44,398 : INFO : coil.c_three_bank : Pulsing Driver for 23ms (1.0 pulse_power)
2025-10-02 19:09:44,460 : INFO : SwitchController : <<<<<<< 's_three_bank_bottom' inactive (muted) >>>>>>>
2025-10-02 19:09:44,460 : INFO : SwitchController : <<<<<<< 's_three_bank_middle' inactive (muted) >>>>>>>
2025-10-02 19:09:44,460 : INFO : SwitchController : <<<<<<< 's_three_bank_top' inactive (muted) >>>>>>>
2025-10-02 19:09:44,893 : INFO : EventManager : Event: ======'drop_target_bottom_up'====== Args={'device': <drop_target.bottom>}
2025-10-02 19:09:44,894 : INFO : EventManager : Event: ======'drop_target_middle_up'====== Args={'device': <drop_target.middle>}
2025-10-02 19:09:44,894 : INFO : EventManager : Event: ======'drop_target_top_up'====== Args={'device': <drop_target.top>}
2025-10-02 19:09:44,894 : INFO : EventManager : Event: ======'drop_target_bank_three_bank_up'====== Args={}
2025-10-02 19:09:45,048 : INFO : EventManager : Event: ======'ball_save_default_hurry_up'====== Args={}
2025-10-02 19:09:47,049 : INFO : EventManager : Event: ======'ball_save_default_grace_period'====== Args={}
2025-10-02 19:09:49,048 : INFO : EventManager : Event: ======'ball_save_default_disabled'====== Args={}
2025-10-02 19:09:52,130 : INFO : SwitchController : <<<<<<< 's_three_bank_standup' active >>>>>>>
2025-10-02 19:09:52,130 : INFO : EventManager : Event: ======'s_three_bank_standup_active'====== Args={}
2025-10-02 19:09:52,130 : INFO : EventManager : Event: ======'machine_var_audits_switches_s_three_bank_standup'====== Args={'value': 98, 'prev_value': 97, 'change': 1}
2025-10-02 19:09:52,131 : INFO : EventManager : Event: ======'three_bank_standup_hit'====== Args={'elapsed': 0}
2025-10-02 19:09:52,132 : INFO : EventManager : Event: ======'player_score'====== Args={'value': 2026670, 'prev_value': 2006660, 'change': 20010, 'player_num': 1, 'source': 'base'}
2025-10-02 19:09:52,132 : INFO : EventManager : Event: ======'logicblock_chcheckitout_multiball_ready_updated'====== Args={'value': 1, 'enabled': True}
2025-10-02 19:09:52,132 : INFO : EventManager : Event: ======'logicblock_chcheckitout_multiball_ready_hit'====== Args={'step': 1}
2025-10-02 19:09:52,132 : INFO : EventManager : Event: ======'chcheckitout_start_multiball'====== Args={}
2025-10-02 19:09:52,132 : INFO : EventManager : Event: ======'logicblock_chcheckitout_multiball_ready_updated'====== Args={'value': 0, 'enabled': True}
2025-10-02 19:09:52,133 : INFO : EventManager : Event: ======'balls_in_play'====== Args={'balls': 3}
2025-10-02 19:09:52,134 : INFO : ball_device.bd_plunger : Adding 2 ball(s) to the eject_queue with target <playfield.playfield>.
2025-10-02 19:09:52,134 : INFO : EventManager : Event: ======'balldevice_balls_available'====== Args={}
2025-10-02 19:09:52,134 : INFO : EventManager : Event: ======'balldevice_balls_available'====== Args={}
2025-10-02 19:09:52,135 : INFO : EventManager : Event: ======'ball_save_chcheckitout_timer_start'====== Args={}
2025-10-02 19:09:52,135 : INFO : EventManager : Event: ======'multiball_chcheckitout_started'====== Args={'balls': 3}
2025-10-02 19:09:52,135 : INFO : EventManager : Event: ======'mode_carousel_will_stop'====== Args={}
2025-10-02 19:09:52,135 : INFO : EventManager : Event: ======'mode_carousel_stopping'====== Args={}
2025-10-02 19:09:52,136 : INFO : Mode.carousel : Stopped.
2025-10-02 19:09:52,136 : INFO : EventManager : Event: ======'modes_active_modes_changed'====== Args={}
2025-10-02 19:09:52,136 : INFO : EventManager : Event: ======'mode_carousel_stopped'====== Args={}
2025-10-02 19:09:52,136 : INFO : EventManager : Event: ======'clear'====== Args={'key': 'carousel'}
2025-10-02 19:09:52,160 : INFO : EventManager : Event: ======'slide_base_removed'====== Args={'_from_bcp': True}
2025-10-02 19:09:52,161 : INFO : ball_device.bd_trough : State: waiting_for_target_ready
2025-10-02 19:09:52,162 : INFO : EventManager : Event: ======'balldevice_bd_trough_ball_eject_attempt'====== Args={'balls': 1, 'target': <ball_device.bd_plunger>, 'source': <ball_device.bd_trough>, 'mechanical_eject': False, 'num_attempts': 0}
2025-10-02 19:09:52,162 : INFO : ball_device.bd_plunger : State: waiting_for_ball
2025-10-02 19:09:52,163 : INFO : ball_device.bd_trough : State: ejecting
2025-10-02 19:09:52,164 : INFO : ball_device.bd_trough : Ejecting ball to <ball_device.bd_plunger>
2025-10-02 19:09:52,164 : INFO : EventManager : Event: ======'balldevice_bd_trough_ejecting_ball'====== Args={'balls': 1, 'target': <ball_device.bd_plunger>, 'source': <ball_device.bd_trough>, 'mechanical_eject': False, 'num_attempts': 0}
2025-10-02 19:09:52,165 : INFO : ball_device.bd_trough : Wait for ball to leave device
2025-10-02 19:09:52,166 : INFO : coil.c_trough_eject : Pulsing Driver for 20ms (1.0 pulse_power)
2025-10-02 19:09:52,166 : INFO : SwitchController : <<<<<<< 's_trough2' inactive >>>>>>>
2025-10-02 19:09:52,171 : INFO : ball_device.bd_trough : State: ball_left
2025-10-02 19:09:52,172 : INFO : ball_device.bd_trough : Ball left
2025-10-02 19:09:52,172 : INFO : ball_device.bd_trough : Wait for confirm with timeout 3.0
2025-10-02 19:09:52,241 : INFO : SwitchController : <<<<<<< 's_three_bank_standup' inactive >>>>>>>
2025-10-02 19:09:52,281 : INFO : SwitchController : <<<<<<< 's_plunger' active >>>>>>>
2025-10-02 19:09:52,281 : INFO : EventManager : Event: ======'machine_var_audits_switches_s_plunger'====== Args={'value': 610, 'prev_value': 609, 'change': 1}
2025-10-02 19:09:52,782 : INFO : ball_device.bd_plunger : Received ball from <ball_device.bd_trough>
2025-10-02 19:09:52,783 : INFO : EventManager : Event: ======'balldevice_bd_plunger_ball_enter'====== Args={'new_balls': 1, 'unclaimed_balls': 0, 'new_available_balls': 0, 'device': <ball_device.bd_plunger>}
2025-10-02 19:09:52,783 : INFO : EventManager : Event: ======'balldevice_bd_plunger_ball_entered'====== Args={'new_balls': 0, 'device': <ball_device.bd_plunger>}
2025-10-02 19:09:52,784 : INFO : EventManager : Event: ======'balldevice_bd_plunger_ball_count_changed'====== Args={'balls': 1}
2025-10-02 19:09:52,784 : INFO : ball_device.bd_trough : Got eject confirm
2025-10-02 19:09:52,784 : INFO : ball_device.bd_trough : Eject successful
2025-10-02 19:09:52,785 : INFO : EventManager : Event: ======'balldevice_bd_trough_ball_eject_success'====== Args={'balls': 1, 'target': <ball_device.bd_plunger>}
2025-10-02 19:09:52,785 : INFO : EventManager : Event: ======'balldevice_bd_trough_ball_count_changed'====== Args={'balls': 4}
2025-10-02 19:09:52,786 : INFO : ball_device.bd_trough : State: idle
2025-10-02 19:09:52,786 : INFO : ball_device.bd_plunger : State: waiting_for_target_ready
2025-10-02 19:09:52,786 : INFO : EventManager : Event: ======'balldevice_bd_plunger_ball_eject_attempt'====== Args={'balls': 1, 'target': <playfield.playfield>, 'source': <ball_device.bd_plunger>, 'mechanical_eject': False, 'num_attempts': 0}
2025-10-02 19:09:52,787 : INFO : ball_device.bd_plunger : State: ejecting
2025-10-02 19:09:52,787 : INFO : ball_device.bd_plunger : Ejecting ball to <playfield.playfield>
2025-10-02 19:09:52,788 : INFO : EventManager : Event: ======'balldevice_bd_plunger_ejecting_ball'====== Args={'balls': 1, 'target': <playfield.playfield>, 'source': <ball_device.bd_plunger>, 'mechanical_eject': False, 'num_attempts': 0}
2025-10-02 19:09:52,789 : INFO : ball_device.bd_trough : State: waiting_for_target_ready
2025-10-02 19:09:52,789 : INFO : EventManager : Event: ======'balldevice_bd_trough_ball_eject_attempt'====== Args={'balls': 1, 'target': <ball_device.bd_plunger>, 'source': <ball_device.bd_trough>, 'mechanical_eject': False, 'num_attempts': 0}
2025-10-02 19:09:52,790 : INFO : ball_device.bd_plunger : Wait for ball to leave device
2025-10-02 19:09:52,790 : INFO : coil.c_plunger : Pulsing Driver for 20ms (1.0 pulse_power)
2025-10-02 19:09:52,790 : INFO : SwitchController : <<<<<<< 's_plunger' inactive >>>>>>>
2025-10-02 19:09:52,790 : INFO : EventManager : Event: ======'ball_out'====== Args={}
2025-10-02 19:09:52,794 : INFO : ball_device.bd_plunger : State: ball_left
2025-10-02 19:09:52,795 : INFO : ball_device.bd_plunger : Ball left
2025-10-02 19:09:52,795 : INFO : ball_device.bd_plunger : Wait for confirm with timeout 3.0
2025-10-02 19:09:55,782 : INFO : ball_device.bd_plunger : State: failed_confirm
2025-10-02 19:09:55,783 : INFO : ball_device.bd_plunger : Got timeout (3.0s) before confirm from <playfield.playfield>
2025-10-02 19:09:55,906 : INFO : ball_device.bd_plunger : Confirming eject because target is playfield and ball did not return.
2025-10-02 19:09:55,906 : INFO : ball_device.bd_plunger : Eject successful
2025-10-02 19:09:55,906 : INFO : EventManager : Event: ======'balldevice_bd_plunger_ball_eject_success'====== Args={'balls': 1, 'target': <playfield.playfield>}
2025-10-02 19:09:55,907 : INFO : EventManager : Event: ======'balldevice_playfield_ball_enter'====== Args={'new_balls': 1, 'unclaimed_balls': 1, 'device': <playfield.playfield>}
2025-10-02 19:09:55,908 : INFO : EventManager : Event: ======'playfield_ball_count_change'====== Args={'balls': 2, 'change': 1}
2025-10-02 19:09:55,909 : INFO : EventManager : Event: ======'balldevice_bd_plunger_ball_count_changed'====== Args={'balls': 0}
2025-10-02 19:09:55,909 : INFO : ball_device.bd_plunger : State: idle
2025-10-02 19:09:55,909 : INFO : ball_device.bd_trough : State: ejecting
2025-10-02 19:09:55,910 : INFO : ball_device.bd_trough : Ejecting ball to <ball_device.bd_plunger>
2025-10-02 19:09:55,910 : INFO : EventManager : Event: ======'balldevice_bd_trough_ejecting_ball'====== Args={'balls': 1, 'target': <ball_device.bd_plunger>, 'source': <ball_device.bd_trough>, 'mechanical_eject': False, 'num_attempts': 0}
2025-10-02 19:09:55,910 : INFO : ball_device.bd_trough : Wait for ball to leave device
2025-10-02 19:09:55,911 : INFO : coil.c_trough_eject : Pulsing Driver for 20ms (1.0 pulse_power)
2025-10-02 19:09:55,911 : INFO : SwitchController : <<<<<<< 's_trough3' inactive >>>>>>>
2025-10-02 19:09:55,911 : INFO : ball_device.bd_plunger : State: waiting_for_ball
2025-10-02 19:09:55,917 : INFO : ball_device.bd_trough : State: ball_left
2025-10-02 19:09:55,917 : INFO : ball_device.bd_trough : Ball left
2025-10-02 19:09:55,918 : INFO : ball_device.bd_trough : Wait for confirm with timeout 3.0
2025-10-02 19:09:56,015 : INFO : SwitchController : <<<<<<< 's_plunger' active >>>>>>>
2025-10-02 19:09:56,017 : INFO : EventManager : Event: ======'machine_var_audits_switches_s_plunger'====== Args={'value': 611, 'prev_value': 610, 'change': 1}
2025-10-02 19:09:56,530 : INFO : ball_device.bd_plunger : Received ball from <ball_device.bd_trough>
2025-10-02 19:09:56,530 : INFO : EventManager : Event: ======'balldevice_bd_plunger_ball_enter'====== Args={'new_balls': 1, 'unclaimed_balls': 0, 'new_available_balls': 0, 'device': <ball_device.bd_plunger>}
2025-10-02 19:09:56,531 : INFO : EventManager : Event: ======'balldevice_bd_plunger_ball_entered'====== Args={'new_balls': 0, 'device': <ball_device.bd_plunger>}
2025-10-02 19:09:56,532 : INFO : EventManager : Event: ======'balldevice_bd_plunger_ball_count_changed'====== Args={'balls': 1}
2025-10-02 19:09:56,532 : INFO : ball_device.bd_trough : Got eject confirm
2025-10-02 19:09:56,532 : INFO : ball_device.bd_trough : Eject successful
2025-10-02 19:09:56,532 : INFO : EventManager : Event: ======'balldevice_bd_trough_ball_eject_success'====== Args={'balls': 1, 'target': <ball_device.bd_plunger>}
2025-10-02 19:09:56,533 : INFO : EventManager : Event: ======'balldevice_bd_trough_ball_count_changed'====== Args={'balls': 3}
2025-10-02 19:09:56,533 : INFO : ball_device.bd_trough : State: idle
2025-10-02 19:09:56,534 : INFO : ball_device.bd_plunger : State: waiting_for_target_ready
2025-10-02 19:09:56,534 : INFO : EventManager : Event: ======'balldevice_bd_plunger_ball_eject_attempt'====== Args={'balls': 1, 'target': <playfield.playfield>, 'source': <ball_device.bd_plunger>, 'mechanical_eject': False, 'num_attempts': 0}
2025-10-02 19:09:56,534 : INFO : ball_device.bd_plunger : State: ejecting
2025-10-02 19:09:56,534 : INFO : ball_device.bd_plunger : Ejecting ball to <playfield.playfield>
2025-10-02 19:09:56,534 : INFO : EventManager : Event: ======'balldevice_bd_plunger_ejecting_ball'====== Args={'balls': 1, 'target': <playfield.playfield>, 'source': <ball_device.bd_plunger>, 'mechanical_eject': False, 'num_attempts': 0}
2025-10-02 19:09:56,536 : INFO : ball_device.bd_plunger : Wait for ball to leave device
2025-10-02 19:09:56,536 : INFO : coil.c_plunger : Pulsing Driver for 20ms (1.0 pulse_power)
2025-10-02 19:09:56,537 : INFO : SwitchController : <<<<<<< 's_plunger' inactive >>>>>>>
2025-10-02 19:09:56,537 : INFO : EventManager : Event: ======'ball_out'====== Args={}
2025-10-02 19:09:56,543 : INFO : ball_device.bd_plunger : State: ball_left
2025-10-02 19:09:56,543 : INFO : ball_device.bd_plunger : Ball left
2025-10-02 19:09:56,543 : INFO : ball_device.bd_plunger : Wait for confirm with timeout 3.0
2025-10-02 19:09:59,545 : INFO : ball_device.bd_plunger : State: failed_confirm
2025-10-02 19:09:59,545 : INFO : ball_device.bd_plunger : Got timeout (3.0s) before confirm from <playfield.playfield>
2025-10-02 19:09:59,640 : INFO : ball_device.bd_plunger : Confirming eject because target is playfield and ball did not return.
2025-10-02 19:09:59,640 : INFO : ball_device.bd_plunger : Eject successful
2025-10-02 19:09:59,640 : INFO : EventManager : Event: ======'balldevice_bd_plunger_ball_eject_success'====== Args={'balls': 1, 'target': <playfield.playfield>}
2025-10-02 19:09:59,641 : INFO : EventManager : Event: ======'balldevice_playfield_ball_enter'====== Args={'new_balls': 1, 'unclaimed_balls': 1, 'device': <playfield.playfield>}
2025-10-02 19:09:59,641 : INFO : EventManager : Event: ======'playfield_ball_count_change'====== Args={'balls': 3, 'change': 1}
2025-10-02 19:09:59,641 : INFO : EventManager : Event: ======'balldevice_bd_plunger_ball_count_changed'====== Args={'balls': 0}
2025-10-02 19:09:59,642 : INFO : ball_device.bd_plunger : State: idle
2025-10-02 19:10:02,124 : INFO : EventManager : Event: ======'multiball_chcheckitout_shoot_again_ended'====== Args={}
2025-10-02 19:10:30,102 : INFO : Machine : Shutting down...
2025-10-02 19:10:30,102 : INFO : EventManager : Event: ======'shutdown'====== Args={}
2025-10-02 19:10:30,108 : INFO : EventManager : Event: ======'mode_game_will_stop'====== Args={}
2025-10-02 19:10:30,109 : INFO : EventManager : Event: ======'mode_game_stopping'====== Args={}
2025-10-02 19:10:30,114 : INFO : EventManager : Event: ======'mode_base_will_stop'====== Args={}
2025-10-02 19:10:30,114 : INFO : EventManager : Event: ======'mode_base_stopping'====== Args={}
2025-10-02 19:10:30,114 : INFO : EventManager : Event: ======'mode_multiball_will_stop'====== Args={}
2025-10-02 19:10:30,115 : INFO : EventManager : Event: ======'mode_multiball_stopping'====== Args={}
2025-10-02 19:10:30,115 : INFO : Mode.multiball : Stopped.
2025-10-02 19:10:30,115 : INFO : EventManager : Event: ======'modes_active_modes_changed'====== Args={}
2025-10-02 19:10:30,116 : INFO : EventManager : Event: ======'mode_multiball_stopped'====== Args={}
2025-10-02 19:10:30,116 : INFO : EventManager : Event: ======'clear'====== Args={'key': 'multiball'}
2025-10-02 19:10:30,116 : INFO : Mode.base : Stopped.
2025-10-02 19:10:30,116 : INFO : EventManager : Event: ======'modes_active_modes_changed'====== Args={}
2025-10-02 19:10:30,116 : INFO : EventManager : Event: ======'mode_base_stopped'====== Args={}
2025-10-02 19:10:30,117 : INFO : EventManager : Event: ======'clear'====== Args={'key': 'base'}
2025-10-02 19:10:30,118 : INFO : Mode.game : Stopped.
2025-10-02 19:10:30,118 : INFO : EventManager : Event: ======'modes_active_modes_changed'====== Args={}
2025-10-02 19:10:30,118 : INFO : EventManager : Event: ======'mode_game_stopped'====== Args={}
2025-10-02 19:10:30,119 : INFO : EventManager : Event: ======'clear'====== Args={'key': 'game'}
2025-10-02 19:10:30,124 : INFO : root : MPF run loop ended.
