2025-11-03 17:08:11,066 : INFO : root : Loading config.
2025-11-03 17:08:11,073 : INFO : YamlMultifileConfigLoader : Machine config file #1: config.yaml
2025-11-03 17:08:11,074 : WARNING : ConfigProcessor : Config file in cache changed: C:\venv\mpf\mmmdrop\config\config.yaml
2025-11-03 17:08:11,074 : INFO : ConfigProcessor : Loading config from file c:\venv\mpf\lib\site-packages\mpf\mpfconfig.yaml.
2025-11-03 17:08:11,108 : INFO : ConfigProcessor : Loading config: c:\venv\mpf\lib\site-packages\mpf\mpfconfig.yaml
2025-11-03 17:08:11,109 : INFO : ConfigProcessor : Loading config from file C:\venv\mpf\mmmdrop\config\config.yaml.
2025-11-03 17:08:11,116 : INFO : ConfigProcessor : Loading config: C:\venv\mpf\mmmdrop\config\config.yaml
2025-11-03 17:08:11,119 : INFO : ConfigProcessor : Loading config: C:\venv\mpf\mmmdrop\config\coils.yaml
2025-11-03 17:08:11,125 : INFO : ConfigProcessor : Loading config: C:\venv\mpf\mmmdrop\config\switches.yaml
2025-11-03 17:08:11,135 : INFO : ConfigProcessor : Loading config: C:\venv\mpf\mmmdrop\config\lights.yaml
2025-11-03 17:08:11,145 : INFO : ConfigProcessor : Config file cache created: C:\Users\sdona\AppData\Local\Temp\19f6d0d7953982fda9d956182316b8e5.mpf_cache
2025-11-03 17:08:11,321 : INFO : ConfigProcessor : Loading config from cache: C:\Users\sdona\AppData\Local\Temp\835b5bfea4be8b279a05e96caaaffbbb.mpf_cache
2025-11-03 17:08:11,323 : INFO : ConfigProcessor : Loading config from cache: C:\Users\sdona\AppData\Local\Temp\9b0a7575388f9d9bd2f6ab87bf9fd2f7.mpf_cache
2025-11-03 17:08:11,324 : WARNING : ConfigProcessor : Config file in cache changed: C:\venv\mpf\mmmdrop\modes\base\config\base.yaml
2025-11-03 17:08:11,324 : INFO : ConfigProcessor : Loading config from file C:\venv\mpf\mmmdrop\modes\base\config\base.yaml.
2025-11-03 17:08:11,381 : INFO : ConfigProcessor : Loading config: C:\venv\mpf\mmmdrop\modes\base\config\base.yaml
2025-11-03 17:08:11,385 : INFO : ConfigProcessor : Config file cache created: C:\Users\sdona\AppData\Local\Temp\c340ec0033d1055cd797ffd5447ef414.mpf_cache
2025-11-03 17:08:11,387 : INFO : ConfigProcessor : Loading config from cache: C:\Users\sdona\AppData\Local\Temp\835b5bfea4be8b279a05e96caaaffbbb.mpf_cache
2025-11-03 17:08:11,389 : INFO : ConfigProcessor : Loading config from cache: C:\Users\sdona\AppData\Local\Temp\8c11a28e3c38d4ad47947b6a126f2ee9.mpf_cache
2025-11-03 17:08:11,390 : INFO : ConfigProcessor : Loading config from cache: C:\Users\sdona\AppData\Local\Temp\e391083cdc9e667060411fe5838e93f2.mpf_cache
2025-11-03 17:08:11,391 : WARNING : ConfigProcessor : Config file in cache changed: C:\venv\mpf\mmmdrop\modes\carousel\config\carousel.yaml
2025-11-03 17:08:11,391 : INFO : ConfigProcessor : Loading config from file C:\venv\mpf\mmmdrop\modes\carousel\config\carousel.yaml.
2025-11-03 17:08:11,393 : INFO : ConfigProcessor : Loading config: C:\venv\mpf\mmmdrop\modes\carousel\config\carousel.yaml
2025-11-03 17:08:11,395 : INFO : ConfigProcessor : Config file cache created: C:\Users\sdona\AppData\Local\Temp\f0c219a993d891ee86dcb7eae47dde67.mpf_cache
2025-11-03 17:08:11,397 : INFO : ConfigProcessor : Loading config from cache: C:\Users\sdona\AppData\Local\Temp\96aa58108928490b129531848cd9b506.mpf_cache
2025-11-03 17:08:11,399 : WARNING : ConfigProcessor : Config file in cache changed: C:\venv\mpf\mmmdrop\modes\paulrevere\config\paulrevere.yaml
2025-11-03 17:08:11,399 : INFO : ConfigProcessor : Loading config from file C:\venv\mpf\mmmdrop\modes\paulrevere\config\paulrevere.yaml.
2025-11-03 17:08:11,407 : INFO : ConfigProcessor : Loading config: C:\venv\mpf\mmmdrop\modes\paulrevere\config\paulrevere.yaml
2025-11-03 17:08:11,408 : INFO : ConfigProcessor : Config file cache created: C:\Users\sdona\AppData\Local\Temp\567636b9d9766e3361204e954a8382da.mpf_cache
2025-11-03 17:08:11,411 : INFO : ConfigProcessor : Loading config from cache: C:\Users\sdona\AppData\Local\Temp\d5ead8dff868c6c4b1faf37537a19bc2.mpf_cache
2025-11-03 17:08:11,412 : INFO : ConfigProcessor : Loading config from cache: C:\Users\sdona\AppData\Local\Temp\112f935d1c2002cb40d3e6e497be9e7c.mpf_cache
2025-11-03 17:08:11,413 : INFO : ConfigProcessor : Loading config from cache: C:\Users\sdona\AppData\Local\Temp\aba0711976820dea629bb4c00b006efc.mpf_cache
2025-11-03 17:08:11,414 : INFO : ConfigProcessor : Loading config from cache: C:\Users\sdona\AppData\Local\Temp\de8ed6c6d4c48d1b5b054ff74222cb35.mpf_cache
2025-11-03 17:08:11,416 : INFO : ConfigProcessor : Loading config from cache: C:\Users\sdona\AppData\Local\Temp\5db6c64b0c3bca58d6bbb0f959e933ad.mpf_cache
2025-11-03 17:08:11,417 : INFO : ConfigProcessor : Loading config from cache: C:\Users\sdona\AppData\Local\Temp\3eebd8fc985a6907aa555c0256177d6c.mpf_cache
2025-11-03 17:08:11,419 : WARNING : ConfigProcessor : Config file in cache changed: C:\venv\mpf\mmmdrop\modes\batterycharger\config\batterycharger.yaml
2025-11-03 17:08:11,419 : INFO : ConfigProcessor : Loading config from file C:\venv\mpf\mmmdrop\modes\batterycharger\config\batterycharger.yaml.
2025-11-03 17:08:11,424 : INFO : ConfigProcessor : Loading config: C:\venv\mpf\mmmdrop\modes\batterycharger\config\batterycharger.yaml
2025-11-03 17:08:11,425 : INFO : ConfigProcessor : Config file cache created: C:\Users\sdona\AppData\Local\Temp\7f047f20ee2604e573d0056474eb225c.mpf_cache
2025-11-03 17:08:11,426 : WARNING : ConfigProcessor : Config file in cache changed: C:\venv\mpf\mmmdrop\modes\sabotage\config\sabotage.yaml
2025-11-03 17:08:11,426 : INFO : ConfigProcessor : Loading config from file C:\venv\mpf\mmmdrop\modes\sabotage\config\sabotage.yaml.
2025-11-03 17:08:11,433 : INFO : ConfigProcessor : Loading config: C:\venv\mpf\mmmdrop\modes\sabotage\config\sabotage.yaml
2025-11-03 17:08:11,434 : INFO : ConfigProcessor : Config file cache created: C:\Users\sdona\AppData\Local\Temp\7cbf965458447bfe6339fd0c6d804285.mpf_cache
2025-11-03 17:08:11,435 : INFO : ConfigProcessor : Loading config from file C:\venv\mpf\mmmdrop\modes\fingerlickingood\config\fingerlickingood.yaml.
