2025-10-05 19:01:48,717 : INFO : root : Loading config.
2025-10-05 19:01:48,722 : INFO : YamlMultifileConfigLoader : Machine config file #1: config.yaml
2025-10-05 19:01:48,722 : INFO : ConfigProcessor : Loading config from cache: C:\Users\sdona\AppData\Local\Temp\19f6d0d7953982fda9d956182316b8e5.mpf_cache
2025-10-05 19:01:48,833 : INFO : ConfigProcessor : Loading config from cache: C:\Users\sdona\AppData\Local\Temp\835b5bfea4be8b279a05e96caaaffbbb.mpf_cache
2025-10-05 19:01:48,833 : INFO : ConfigProcessor : Loading config from cache: C:\Users\sdona\AppData\Local\Temp\9b0a7575388f9d9bd2f6ab87bf9fd2f7.mpf_cache
2025-10-05 19:01:48,833 : INFO : ConfigProcessor : Loading config from cache: C:\Users\sdona\AppData\Local\Temp\c340ec0033d1055cd797ffd5447ef414.mpf_cache
2025-10-05 19:01:48,835 : INFO : ConfigProcessor : Loading config from cache: C:\Users\sdona\AppData\Local\Temp\835b5bfea4be8b279a05e96caaaffbbb.mpf_cache
2025-10-05 19:01:48,836 : INFO : ConfigProcessor : Loading config from cache: C:\Users\sdona\AppData\Local\Temp\8c11a28e3c38d4ad47947b6a126f2ee9.mpf_cache
2025-10-05 19:01:48,837 : INFO : ConfigProcessor : Loading config from cache: C:\Users\sdona\AppData\Local\Temp\e391083cdc9e667060411fe5838e93f2.mpf_cache
2025-10-05 19:01:48,837 : INFO : ConfigProcessor : Loading config from cache: C:\Users\sdona\AppData\Local\Temp\f0c219a993d891ee86dcb7eae47dde67.mpf_cache
2025-10-05 19:01:48,838 : INFO : ConfigProcessor : Loading config from cache: C:\Users\sdona\AppData\Local\Temp\96aa58108928490b129531848cd9b506.mpf_cache
2025-10-05 19:01:48,852 : INFO : ConfigProcessor : Loading config from cache: C:\Users\sdona\AppData\Local\Temp\567636b9d9766e3361204e954a8382da.mpf_cache
2025-10-05 19:01:48,853 : INFO : Machine : Mission Pinball Framework Core Engine v0.80.0.dev9
2025-10-05 19:01:48,853 : INFO : Machine : Command line arguments: {'no_load_cache': False, 'create_config_cache': True, 'bcp': True, 'configfile': ['config.yaml'], 'force_assets_load': False, 'platform_integration_test': False, 'jsonlogging': False, 'logfile': 'logs\\2025-10-05-19-01-48-mpf-PinballLaptop.log', 'pause': False, 'production': False, 'text_ui': True, 'loglevel': 15, 'consoleloglevel': 20, 'force_platform': 'smart_virtual', 'syslog_address': None, 'full_logfile_path': 'C:\\venv\\mpf\\mmmdrop\\logs\\2025-10-05-19-01-48-mpf-PinballLaptop.log'}
2025-10-05 19:01:48,853 : INFO : Machine : MPF path: c:\venv\mpf\lib\site-packages\mpf
2025-10-05 19:01:48,853 : INFO : Machine : Machine path: C:\venv\mpf\mmmdrop
2025-10-05 19:01:48,853 : INFO : Machine : Platform: win32
2025-10-05 19:01:48,853 : INFO : Machine : Python executable location: c:\venv\mpf\Scripts\python.exe
2025-10-05 19:01:48,853 : INFO : Machine : Python version: 3.9.13 (64-bit)
2025-10-05 19:01:48,855 : INFO : Machine : Initializing MPF...
2025-10-05 19:01:49,067 : INFO : EventManager : Event: ======'machine_var_credits_string'====== Args={'value': 'FREE PLAY', 'prev_value': None, 'change': True}
2025-10-05 19:01:49,099 : INFO : EventManager : Event: ======'machine_var_fast_audio_headphones_volume'====== Args={'value': 10, 'prev_value': None, 'change': True}
2025-10-05 19:01:49,099 : INFO : EventManager : Event: ======'machine_var_fast_audio_main_volume'====== Args={'value': 44, 'prev_value': None, 'change': True}
2025-10-05 19:01:49,101 : INFO : EventManager : Event: ======'machine_var_master_volume'====== Args={'value': 0.15, 'prev_value': None, 'change': True}
2025-10-05 19:01:49,101 : INFO : EventManager : Event: ======'machine_var_player1_score'====== Args={'value': 140190, 'prev_value': None, 'change': True}
2025-10-05 19:01:49,101 : INFO : EventManager : Event: ======'machine_var_mpf_version'====== Args={'value': 'Mission Pinball Framework v0.80.0.dev9', 'prev_value': None, 'change': True}
2025-10-05 19:01:49,101 : INFO : EventManager : Event: ======'machine_var_mpf_extended_version'====== Args={'value': 'Mission Pinball Framework v0.80.0.dev9, Config version:6, Show version: 6, BCP version:1.1', 'prev_value': None, 'change': True}
2025-10-05 19:01:49,101 : INFO : EventManager : Event: ======'machine_var_python_version'====== Args={'value': '3.9.13', 'prev_value': None, 'change': True}
2025-10-05 19:01:49,132 : INFO : EventManager : Event: ======'machine_var_platform'====== Args={'value': 'Windows-10-10.0.26100-SP0', 'prev_value': None, 'change': True}
2025-10-05 19:01:49,132 : INFO : EventManager : Event: ======'machine_var_platform_system'====== Args={'value': 'Windows', 'prev_value': None, 'change': True}
2025-10-05 19:01:49,132 : INFO : EventManager : Event: ======'machine_var_platform_release'====== Args={'value': '10', 'prev_value': None, 'change': True}
2025-10-05 19:01:49,132 : INFO : EventManager : Event: ======'machine_var_platform_version'====== Args={'value': '10.0.26100', 'prev_value': None, 'change': True}
2025-10-05 19:01:49,132 : INFO : EventManager : Event: ======'machine_var_platform_machine'====== Args={'value': 'AMD64', 'prev_value': None, 'change': True}
2025-10-05 19:01:49,133 : INFO : EventManager : Event: ======'machine_var_log_file_path'====== Args={'value': 'C:\\venv\\mpf\\mmmdrop\\logs\\2025-10-05-19-01-48-mpf-PinballLaptop.log', 'prev_value': None, 'change': True}
2025-10-05 19:01:49,133 : INFO : EventManager : Event: ======'init_phase_1'====== Args={}
2025-10-05 19:01:49,168 : INFO : EventManager : Event: ======'drop_target_bank_three_bank_up'====== Args={}
2025-10-05 19:01:49,169 : INFO : EventManager : Event: ======'init_phase_2'====== Args={}
2025-10-05 19:01:49,169 : INFO : SwitchController : Found active switch: ('3208-0', <Platform.SmartVirtual>) <switch.s_trough1>
2025-10-05 19:01:49,169 : INFO : SwitchController : Found active switch: ('3208-1', <Platform.SmartVirtual>) <switch.s_trough2>
2025-10-05 19:01:49,169 : INFO : SwitchController : Found active switch: ('3208-2', <Platform.SmartVirtual>) <switch.s_trough3>
2025-10-05 19:01:49,169 : INFO : SwitchController : Found active switch: ('3208-3', <Platform.SmartVirtual>) <switch.s_trough4>
2025-10-05 19:01:49,169 : INFO : SwitchController : Found active switch: ('3208-4', <Platform.SmartVirtual>) <switch.s_trough5>
2025-10-05 19:01:49,169 : INFO : SwitchController : Found active switch: ('3208-5', <Platform.SmartVirtual>) <switch.s_trough6>
2025-10-05 19:01:49,174 : INFO : EventManager : Event: ======'bcp_connection_attempt'====== Args={'name': 'local_display', 'host': 'localhost', 'port': 5050}
2025-10-05 19:01:49,176 : INFO : BCPClientSocket : Connecting BCP to 'local_display' at localhost:5050...
2025-10-05 19:01:52,730 : INFO : BCPClientSocket : Connected BCP to 'local_display' localhost:5050
2025-10-05 19:01:52,731 : INFO : EventManager : Event: ======'bcp_clients_connected'====== Args={}
2025-10-05 19:01:52,839 : INFO : ball_device.bd_trough : BCH: Initial count: 6
2025-10-05 19:01:52,839 : INFO : ball_device.bd_trough : State: idle
2025-10-05 19:01:52,840 : INFO : ball_device.bd_plunger : BCH: Initial count: 0
2025-10-05 19:01:52,840 : INFO : ball_device.bd_plunger : State: idle
2025-10-05 19:01:52,841 : INFO : ball_device.bd_scoop : BCH: Initial count: 0
2025-10-05 19:01:52,841 : INFO : ball_device.bd_scoop : State: idle
2025-10-05 19:01:52,859 : INFO : EventManager : Event: ======'init_phase_3'====== Args={}
2025-10-05 19:01:52,861 : INFO : EventManager : Event: ======'init_phase_4'====== Args={}
2025-10-05 19:01:52,862 : INFO : BallController : Initial balls found: 6
2025-10-05 19:01:52,863 : INFO : EventManager : Event: ======'machine_var_audits_events_game_ended'====== Args={'value': 36, 'prev_value': None, 'change': True}
2025-10-05 19:01:52,864 : INFO : EventManager : Event: ======'machine_var_audits_events_game_started'====== Args={'value': 275, 'prev_value': None, 'change': True}
2025-10-05 19:01:52,864 : INFO : EventManager : Event: ======'machine_var_audits_missing_switches_s_captive_ball'====== Args={'value': 3, 'prev_value': None, 'change': True}
2025-10-05 19:01:52,864 : INFO : EventManager : Event: ======'machine_var_audits_missing_switches_s_center_upper_pop'====== Args={'value': 19, 'prev_value': None, 'change': True}
2025-10-05 19:01:52,864 : INFO : EventManager : Event: ======'machine_var_audits_missing_switches_s_inner_orbit'====== Args={'value': 201, 'prev_value': None, 'change': True}
2025-10-05 19:01:52,864 : INFO : EventManager : Event: ======'machine_var_audits_missing_switches_s_left_flipper'====== Args={'value': 73, 'prev_value': None, 'change': True}
2025-10-05 19:01:52,864 : INFO : EventManager : Event: ======'machine_var_audits_missing_switches_s_left_inlane'====== Args={'value': 19, 'prev_value': None, 'change': True}
2025-10-05 19:01:52,864 : INFO : EventManager : Event: ======'machine_var_audits_missing_switches_s_left_orbit'====== Args={'value': 3, 'prev_value': None, 'change': True}
2025-10-05 19:01:52,865 : INFO : EventManager : Event: ======'machine_var_audits_missing_switches_s_left_outlane'====== Args={'value': 19, 'prev_value': None, 'change': True}
2025-10-05 19:01:52,865 : INFO : EventManager : Event: ======'machine_var_audits_missing_switches_s_left_ramp'====== Args={'value': 3, 'prev_value': None, 'change': True}
2025-10-05 19:01:52,865 : INFO : EventManager : Event: ======'machine_var_audits_missing_switches_s_left_slingshot'====== Args={'value': 201, 'prev_value': None, 'change': True}
2025-10-05 19:01:52,865 : INFO : EventManager : Event: ======'machine_var_audits_missing_switches_s_left_upper_pop'====== Args={'value': 19, 'prev_value': None, 'change': True}
2025-10-05 19:01:52,865 : INFO : EventManager : Event: ======'machine_var_audits_missing_switches_s_pop_standup'====== Args={'value': 3, 'prev_value': None, 'change': True}
2025-10-05 19:01:52,865 : INFO : EventManager : Event: ======'machine_var_audits_missing_switches_s_right_flipper'====== Args={'value': 73, 'prev_value': None, 'change': True}
2025-10-05 19:01:52,865 : INFO : EventManager : Event: ======'machine_var_audits_missing_switches_s_right_inlane'====== Args={'value': 86, 'prev_value': None, 'change': True}
2025-10-05 19:01:52,865 : INFO : EventManager : Event: ======'machine_var_audits_missing_switches_s_right_lower_pop'====== Args={'value': 3, 'prev_value': None, 'change': True}
2025-10-05 19:01:52,865 : INFO : EventManager : Event: ======'machine_var_audits_missing_switches_s_right_orbit'====== Args={'value': 3, 'prev_value': None, 'change': True}
2025-10-05 19:01:52,866 : INFO : EventManager : Event: ======'machine_var_audits_missing_switches_s_right_outlane'====== Args={'value': 86, 'prev_value': None, 'change': True}
2025-10-05 19:01:52,866 : INFO : EventManager : Event: ======'machine_var_audits_missing_switches_s_right_ramp'====== Args={'value': 3, 'prev_value': None, 'change': True}
2025-10-05 19:01:52,866 : INFO : EventManager : Event: ======'machine_var_audits_missing_switches_s_right_slingshot'====== Args={'value': 51, 'prev_value': None, 'change': True}
2025-10-05 19:01:52,866 : INFO : EventManager : Event: ======'machine_var_audits_missing_switches_s_spinner'====== Args={'value': 107, 'prev_value': None, 'change': True}
2025-10-05 19:01:52,866 : INFO : EventManager : Event: ======'machine_var_audits_missing_switches_s_start'====== Args={'value': 70, 'prev_value': None, 'change': True}
2025-10-05 19:01:52,866 : INFO : EventManager : Event: ======'machine_var_audits_missing_switches_s_three_bank_standup'====== Args={'value': 3, 'prev_value': None, 'change': True}
2025-10-05 19:01:52,866 : INFO : EventManager : Event: ======'machine_var_audits_missing_switches_s_tilt_bob'====== Args={'value': 209, 'prev_value': None, 'change': True}
2025-10-05 19:01:52,866 : INFO : EventManager : Event: ======'machine_var_audits_missing_switches_s_top_right_flipper'====== Args={'value': 201, 'prev_value': None, 'change': True}
2025-10-05 19:01:52,866 : INFO : EventManager : Event: ======'machine_var_audits_missing_switches_s_trough1'====== Args={'value': 19, 'prev_value': None, 'change': True}
2025-10-05 19:01:52,867 : INFO : EventManager : Event: ======'machine_var_audits_missing_switches_s_trough2'====== Args={'value': 16, 'prev_value': None, 'change': True}
2025-10-05 19:01:52,867 : INFO : EventManager : Event: ======'machine_var_audits_missing_switches_s_trough3'====== Args={'value': 16, 'prev_value': None, 'change': True}
2025-10-05 19:01:52,867 : INFO : EventManager : Event: ======'machine_var_audits_missing_switches_s_trough4'====== Args={'value': 200, 'prev_value': None, 'change': True}
2025-10-05 19:01:52,867 : INFO : EventManager : Event: ======'machine_var_audits_missing_switches_s_trough5'====== Args={'value': 200, 'prev_value': None, 'change': True}
2025-10-05 19:01:52,867 : INFO : EventManager : Event: ======'machine_var_audits_missing_switches_s_trough6'====== Args={'value': 50, 'prev_value': None, 'change': True}
2025-10-05 19:01:52,867 : INFO : EventManager : Event: ======'machine_var_audits_missing_switches_s_trough_jam'====== Args={'value': 201, 'prev_value': None, 'change': True}
2025-10-05 19:01:52,867 : INFO : EventManager : Event: ======'machine_var_audits_missing_switches_s_tshirt_bottom_standup'====== Args={'value': 47, 'prev_value': None, 'change': True}
2025-10-05 19:01:52,867 : INFO : EventManager : Event: ======'machine_var_audits_missing_switches_s_tshirt_top_standup'====== Args={'value': 26, 'prev_value': None, 'change': True}
2025-10-05 19:01:52,867 : INFO : EventManager : Event: ======'machine_var_audits_missing_switches_s_upper_pop_standup'====== Args={'value': 201, 'prev_value': None, 'change': True}
2025-10-05 19:01:52,867 : INFO : EventManager : Event: ======'machine_var_audits_player_score'====== Args={'value': {'average': 16766, 'top': [140190, 55679, 54526, 46225, 25350, 24166, 23278, 22740, 20422, 20201], 'total': 37}, 'prev_value': None, 'change': True}
2025-10-05 19:01:52,867 : INFO : EventManager : Event: ======'machine_var_audits_shots_skill_captive'====== Args={'value': 16, 'prev_value': None, 'change': True}
2025-10-05 19:01:52,867 : INFO : EventManager : Event: ======'machine_var_audits_shots_skill_drop_targets'====== Args={'value': 50, 'prev_value': None, 'change': True}
2025-10-05 19:01:52,868 : INFO : EventManager : Event: ======'machine_var_audits_shots_skill_side_targets'====== Args={'value': 27, 'prev_value': None, 'change': True}
2025-10-05 19:01:52,868 : INFO : EventManager : Event: ======'machine_var_audits_switches_s_captive_ball'====== Args={'value': 164, 'prev_value': None, 'change': True}
2025-10-05 19:01:52,868 : INFO : EventManager : Event: ======'machine_var_audits_switches_s_center_upper_pop'====== Args={'value': 196, 'prev_value': None, 'change': True}
2025-10-05 19:01:52,868 : INFO : EventManager : Event: ======'machine_var_audits_switches_s_inner_orbit'====== Args={'value': 0, 'prev_value': None, 'change': True}
2025-10-05 19:01:52,868 : INFO : EventManager : Event: ======'machine_var_audits_switches_s_left_flipper'====== Args={'value': 1243, 'prev_value': None, 'change': True}
2025-10-05 19:01:52,868 : INFO : EventManager : Event: ======'machine_var_audits_switches_s_left_inlane'====== Args={'value': 110, 'prev_value': None, 'change': True}
2025-10-05 19:01:52,868 : INFO : EventManager : Event: ======'machine_var_audits_switches_s_left_orbit'====== Args={'value': 31, 'prev_value': None, 'change': True}
2025-10-05 19:01:52,868 : INFO : EventManager : Event: ======'machine_var_audits_switches_s_left_outlane'====== Args={'value': 56, 'prev_value': None, 'change': True}
2025-10-05 19:01:52,868 : INFO : EventManager : Event: ======'machine_var_audits_switches_s_left_ramp'====== Args={'value': 45, 'prev_value': None, 'change': True}
2025-10-05 19:01:52,868 : INFO : EventManager : Event: ======'machine_var_audits_switches_s_left_slingshot'====== Args={'value': 259, 'prev_value': None, 'change': True}
2025-10-05 19:01:52,868 : INFO : EventManager : Event: ======'machine_var_audits_switches_s_left_upper_pop'====== Args={'value': 148, 'prev_value': None, 'change': True}
2025-10-05 19:01:52,868 : INFO : EventManager : Event: ======'machine_var_audits_switches_s_plunger'====== Args={'value': 730, 'prev_value': None, 'change': True}
2025-10-05 19:01:52,869 : INFO : EventManager : Event: ======'machine_var_audits_switches_s_pop_standup'====== Args={'value': 70, 'prev_value': None, 'change': True}
2025-10-05 19:01:52,869 : INFO : EventManager : Event: ======'machine_var_audits_switches_s_right_flipper'====== Args={'value': 1515, 'prev_value': None, 'change': True}
2025-10-05 19:01:52,869 : INFO : EventManager : Event: ======'machine_var_audits_switches_s_right_inlane'====== Args={'value': 106, 'prev_value': None, 'change': True}
2025-10-05 19:01:52,870 : INFO : EventManager : Event: ======'machine_var_audits_switches_s_right_lower_pop'====== Args={'value': 455, 'prev_value': None, 'change': True}
2025-10-05 19:01:52,870 : INFO : EventManager : Event: ======'machine_var_audits_switches_s_right_orbit'====== Args={'value': 31, 'prev_value': None, 'change': True}
2025-10-05 19:01:52,870 : INFO : EventManager : Event: ======'machine_var_audits_switches_s_right_outlane'====== Args={'value': 53, 'prev_value': None, 'change': True}
2025-10-05 19:01:52,870 : INFO : EventManager : Event: ======'machine_var_audits_switches_s_right_ramp'====== Args={'value': 45, 'prev_value': None, 'change': True}
2025-10-05 19:01:52,870 : INFO : EventManager : Event: ======'machine_var_audits_switches_s_right_slingshot'====== Args={'value': 366, 'prev_value': None, 'change': True}
2025-10-05 19:01:52,870 : INFO : EventManager : Event: ======'machine_var_audits_switches_s_scoop'====== Args={'value': 202, 'prev_value': None, 'change': True}
2025-10-05 19:01:52,870 : INFO : EventManager : Event: ======'machine_var_audits_switches_s_spinner'====== Args={'value': 1371, 'prev_value': None, 'change': True}
2025-10-05 19:01:52,870 : INFO : EventManager : Event: ======'machine_var_audits_switches_s_start'====== Args={'value': 55, 'prev_value': None, 'change': True}
2025-10-05 19:01:52,871 : INFO : EventManager : Event: ======'machine_var_audits_switches_s_three_bank_bottom'====== Args={'value': 203, 'prev_value': None, 'change': True}
2025-10-05 19:01:52,871 : INFO : EventManager : Event: ======'machine_var_audits_switches_s_three_bank_middle'====== Args={'value': 224, 'prev_value': None, 'change': True}
2025-10-05 19:01:52,871 : INFO : EventManager : Event: ======'machine_var_audits_switches_s_three_bank_standup'====== Args={'value': 138, 'prev_value': None, 'change': True}
2025-10-05 19:01:52,872 : INFO : EventManager : Event: ======'machine_var_audits_switches_s_three_bank_top'====== Args={'value': 217, 'prev_value': None, 'change': True}
2025-10-05 19:01:52,872 : INFO : EventManager : Event: ======'machine_var_audits_switches_s_tilt_bob'====== Args={'value': 21, 'prev_value': None, 'change': True}
2025-10-05 19:01:52,872 : INFO : EventManager : Event: ======'machine_var_audits_switches_s_top_right_flipper'====== Args={'value': 1294, 'prev_value': None, 'change': True}
2025-10-05 19:01:52,872 : INFO : EventManager : Event: ======'machine_var_audits_switches_s_trough1'====== Args={'value': 246, 'prev_value': None, 'change': True}
2025-10-05 19:01:52,872 : INFO : EventManager : Event: ======'machine_var_audits_switches_s_trough2'====== Args={'value': 256, 'prev_value': None, 'change': True}
2025-10-05 19:01:52,872 : INFO : EventManager : Event: ======'machine_var_audits_switches_s_trough3'====== Args={'value': 184, 'prev_value': None, 'change': True}
2025-10-05 19:01:52,872 : INFO : EventManager : Event: ======'machine_var_audits_switches_s_trough4'====== Args={'value': 160, 'prev_value': None, 'change': True}
2025-10-05 19:01:52,872 : INFO : EventManager : Event: ======'machine_var_audits_switches_s_trough5'====== Args={'value': 160, 'prev_value': None, 'change': True}
2025-10-05 19:01:52,873 : INFO : EventManager : Event: ======'machine_var_audits_switches_s_trough6'====== Args={'value': 161, 'prev_value': None, 'change': True}
2025-10-05 19:01:52,873 : INFO : EventManager : Event: ======'machine_var_audits_switches_s_trough_jam'====== Args={'value': 206, 'prev_value': None, 'change': True}
2025-10-05 19:01:52,873 : INFO : EventManager : Event: ======'machine_var_audits_switches_s_tshirt_bottom_standup'====== Args={'value': 31, 'prev_value': None, 'change': True}
2025-10-05 19:01:52,873 : INFO : EventManager : Event: ======'machine_var_audits_switches_s_tshirt_top_standup'====== Args={'value': 58, 'prev_value': None, 'change': True}
2025-10-05 19:01:52,873 : INFO : EventManager : Event: ======'machine_var_audits_switches_s_upper_pop_standup'====== Args={'value': 158, 'prev_value': None, 'change': True}
2025-10-05 19:01:52,874 : INFO : EventManager : Event: ======'init_phase_5'====== Args={}
2025-10-05 19:01:52,930 : INFO : EventManager : Event: ======'init_done'====== Args={}
2025-10-05 19:01:52,948 : INFO : EventManager : Event: ======'machine_reset_phase_1'====== Args={}
2025-10-05 19:01:52,955 : INFO : EventManager : Event: ======'machine_reset_phase_2'====== Args={}
2025-10-05 19:01:52,955 : INFO : EventManager : Event: ======'machine_reset_phase_3'====== Args={}
2025-10-05 19:01:52,955 : INFO : drop_target_bank.three_bank : All targets are already up. Will not reset bank.
2025-10-05 19:01:52,955 : INFO : EventManager : Event: ======'reset_complete'====== Args={}
2025-10-05 19:01:52,956 : INFO : EventManager : Event: ======'mode_attract_will_start'====== Args={}
2025-10-05 19:01:52,957 : INFO : EventManager : Event: ======'mode_attract_starting'====== Args={}
2025-10-05 19:01:52,957 : INFO : Mode.attract : Started. Priority: 10
2025-10-05 19:01:52,957 : INFO : EventManager : Event: ======'modes_active_modes_changed'====== Args={}
2025-10-05 19:01:52,957 : INFO : EventManager : Event: ======'mode_attract_started'====== Args={}
2025-10-05 19:01:52,957 : INFO : EventManager : Event: ======'collecting_balls_complete'====== Args={}
2025-10-05 19:01:52,974 : INFO : EventManager : Event: ======'slide_loading_created'====== Args={'_from_bcp': True}
2025-10-05 19:01:52,974 : INFO : EventManager : Event: ======'slide__removed'====== Args={'_from_bcp': True}
2025-10-05 19:01:52,974 : INFO : EventManager : Event: ======'slide_loading_active'====== Args={'original_context': '_global', 'original_calling_context': 'init_done', 'priority': 0.0, 'cmd': 'slides_play', '_from_bcp': True}
2025-10-05 19:01:52,974 : INFO : Machine : Starting the main run loop with active modes: [<Mode.attract>]
2025-10-05 19:01:52,980 : INFO : BcpServer : New client connected.
2025-10-05 19:01:53,030 : INFO : EventManager : Event: ======'slide_attract_created'====== Args={'_from_bcp': True}
2025-10-05 19:01:53,032 : INFO : EventManager : Event: ======'slide_loading_inactive'====== Args={'is_removing': True, '_from_bcp': True}
2025-10-05 19:01:53,032 : INFO : EventManager : Event: ======'slide_attract_active'====== Args={'original_context': 'attract', 'original_calling_context': 'mode_attract_started', 'priority': 10.0, 'cmd': 'slides_play', '_from_bcp': True}
2025-10-05 19:01:53,033 : INFO : EventManager : Event: ======'slide_loading_removed'====== Args={'_from_bcp': True}
2025-10-05 19:01:53,655 : INFO : SwitchController : <<<<<<< 's_start' active >>>>>>>
2025-10-05 19:01:53,773 : INFO : SwitchController : <<<<<<< 's_start' inactive >>>>>>>
2025-10-05 19:01:53,773 : INFO : EventManager : Event: ======'request_to_start_game'====== Args={}
2025-10-05 19:01:53,774 : INFO : EventManager : Event: ======'game_start'====== Args={'buttons': [], 'hold_time': 0.125}
2025-10-05 19:01:53,774 : INFO : EventManager : Event: ======'mode_game_will_start'====== Args={'buttons': [], 'hold_time': 0.125}
2025-10-05 19:01:53,774 : INFO : EventManager : Event: ======'mode_game_starting'====== Args={'buttons': [], 'hold_time': 0.125}
2025-10-05 19:01:53,775 : INFO : EventManager : Event: ======'mode_attract_will_stop'====== Args={}
2025-10-05 19:01:53,775 : INFO : EventManager : Event: ======'mode_attract_stopping'====== Args={}
2025-10-05 19:01:53,775 : INFO : Mode.attract : Stopped.
2025-10-05 19:01:53,775 : INFO : EventManager : Event: ======'modes_active_modes_changed'====== Args={}
2025-10-05 19:01:53,775 : INFO : EventManager : Event: ======'mode_attract_stopped'====== Args={}
2025-10-05 19:01:53,775 : INFO : EventManager : Event: ======'clear'====== Args={'key': 'attract'}
2025-10-05 19:01:53,775 : INFO : Mode.game : Started. Priority: 20
2025-10-05 19:01:53,775 : INFO : EventManager : Event: ======'modes_active_modes_changed'====== Args={}
2025-10-05 19:01:53,775 : INFO : EventManager : Event: ======'mode_game_started'====== Args={'buttons': [], 'hold_time': 0.125}
2025-10-05 19:01:53,779 : INFO : EventManager : Event: ======'game_will_start'====== Args={}
2025-10-05 19:01:53,779 : INFO : EventManager : Event: ======'game_starting'====== Args={'game': <Mode.game>}
2025-10-05 19:01:53,780 : INFO : EventManager : Unordered handler for class <Auditor> on event game_ended with priority 1. Handlers: [RegisteredHandler(callback=<bound method Auditor.disable of <Auditor>>, priority=1, kwargs={}, key=UUID('956dcf33-d598-4895-81c2-b5e5ed81dcce'), condition=None, blocking_facility=None), RegisteredHandler(callback=<bound method Auditor._save_audits of <Auditor>>, priority=1, kwargs={}, key=UUID('5972b415-f2bb-4e05-9dd0-022930a5f75b'), condition=None, blocking_facility=None)]. The order of those handlers is not defined and they will be executed in random order. This might lead to race conditions and potential bugs.
2025-10-05 19:01:53,782 : INFO : EventManager : Event: ======'player_add_request'====== Args={}
2025-10-05 19:01:53,782 : INFO : EventManager : Event: ======'player_will_add'====== Args={'number': 1}
2025-10-05 19:01:53,783 : INFO : EventManager : Event: ======'player_adding'====== Args={'player': <Player 1>, 'number': 1}
2025-10-05 19:01:53,783 : INFO : EventManager : Event: ======'player_added'====== Args={'player': <Player 1>, 'num': 1}
2025-10-05 19:01:53,783 : INFO : Mode.game : Player added successfully. Total players: 1
2025-10-05 19:01:53,784 : INFO : EventManager : Event: ======'player_index'====== Args={'value': 0, 'prev_value': 0, 'change': 0, 'player_num': 1}
2025-10-05 19:01:53,784 : INFO : EventManager : Event: ======'player_number'====== Args={'value': 1, 'prev_value': 1, 'change': 0, 'player_num': 1}
2025-10-05 19:01:53,784 : INFO : EventManager : Event: ======'player_score'====== Args={'value': 0, 'prev_value': 0, 'change': 0, 'player_num': 1}
2025-10-05 19:01:53,785 : INFO : EventManager : Event: ======'game_started'====== Args={}
2025-10-05 19:01:53,793 : INFO : EventManager : Event: ======'player_turn_will_start'====== Args={'player': <Player 1>, 'number': 1}
2025-10-05 19:01:53,793 : INFO : EventManager : Event: ======'player_turn_starting'====== Args={'player': <Player 1>, 'number': 1}
2025-10-05 19:01:53,794 : INFO : EventManager : Event: ======'player_ball'====== Args={'value': 1, 'prev_value': 0, 'change': 1, 'player_num': 1}
2025-10-05 19:01:53,794 : INFO : EventManager : Event: ======'player_turn_started'====== Args={'player': <Player 1>, 'number': 1}
2025-10-05 19:01:53,796 : INFO : EventManager : Event: ======'ball_will_start'====== Args={'player': 1, 'ball': 1, 'balls_remaining': 2, 'is_extra_ball': False}
2025-10-05 19:01:53,798 : INFO : EventManager : Event: ======'ball_starting'====== Args={'player': 1, 'ball': 1, 'balls_remaining': 2, 'is_extra_ball': False}
2025-10-05 19:01:53,799 : INFO : EventManager : Event: ======'mode_base_will_start'====== Args={'queue': <QueuedEvent>, 'player': 1, 'ball': 1, 'balls_remaining': 2, 'is_extra_ball': False}
2025-10-05 19:01:53,803 : INFO : EventManager : Event: ======'mode_base_starting'====== Args={'queue': <QueuedEvent>, 'player': 1, 'ball': 1, 'balls_remaining': 2, 'is_extra_ball': False}
2025-10-05 19:01:53,803 : INFO : drop_target_bank.three_bank : All targets are already up. Will not reset bank.
2025-10-05 19:01:53,805 : INFO : EventManager : Event: ======'balls_in_play'====== Args={'balls': 1}
2025-10-05 19:01:53,805 : INFO : EventManager : Event: ======'ball_started'====== Args={'player': 1, 'ball': 1, 'balls_remaining': 2, 'is_extra_ball': False}
2025-10-05 19:01:53,806 : INFO : EventManager : Event: ======'logicblock_qualify_chcheckitout_multiball_updated'====== Args={'value': 0, 'enabled': True}
2025-10-05 19:01:53,806 : INFO : EventManager : Event: ======'logicblock_drop_target_bank_counter_updated'====== Args={'value': 0, 'enabled': True}
2025-10-05 19:01:53,806 : INFO : EventManager : Event: ======'logicblock_qualify_chcheckitout_multiball_updated'====== Args={'value': 0, 'enabled': True}
2025-10-05 19:01:53,806 : INFO : EventManager : Event: ======'logicblock_chcheckitout_multiball_ready_updated'====== Args={'value': 0, 'enabled': False}
2025-10-05 19:01:53,806 : INFO : EventManager : Event: ======'logicblock_drop_target_bank_counter_updated'====== Args={'value': 0, 'enabled': True}
2025-10-05 19:01:53,806 : INFO : Mode.base : Started. Priority: 100
2025-10-05 19:01:53,806 : INFO : EventManager : Event: ======'modes_active_modes_changed'====== Args={}
2025-10-05 19:01:53,806 : INFO : EventManager : Event: ======'mode_base_started'====== Args={'queue': <QueuedEvent>, 'player': 1, 'ball': 1, 'balls_remaining': 2, 'is_extra_ball': False}
2025-10-05 19:01:53,807 : INFO : EventManager : Event: ======'mode_skill_shot_will_start'====== Args={'player': 1, 'ball': 1, 'balls_remaining': 2, 'is_extra_ball': False}
2025-10-05 19:01:53,807 : INFO : EventManager : Event: ======'player_shot_skill_side_targets_enabled'====== Args={'value': True, 'prev_value': 0, 'change': 1, 'player_num': 1}
2025-10-05 19:01:53,808 : INFO : EventManager : Event: ======'player_shot_skill_drop_targets_enabled'====== Args={'value': True, 'prev_value': 0, 'change': 1, 'player_num': 1}
2025-10-05 19:01:53,808 : INFO : EventManager : Event: ======'skill_shot_complete'====== Args={'state': 'unlit'}
2025-10-05 19:01:53,808 : INFO : EventManager : Event: ======'skill_shot_unlit_complete'====== Args={}
2025-10-05 19:01:53,809 : INFO : EventManager : Event: ======'player_skill_shot_skill_shot_timeout_tick'====== Args={'value': 0, 'prev_value': 0, 'change': 0, 'player_num': 1}
2025-10-05 19:01:53,810 : INFO : EventManager : Event: ======'mode_skill_shot_starting'====== Args={'player': 1, 'ball': 1, 'balls_remaining': 2, 'is_extra_ball': False}
2025-10-05 19:01:53,810 : INFO : EventManager : Event: ======'logicblock_drop_target_bank_counter_updated'====== Args={'value': 1, 'enabled': True}
2025-10-05 19:01:53,810 : INFO : EventManager : Event: ======'counter_drop_target_bank_counter_hit'====== Args={'count': 1, 'hits': 1, 'remaining': 1}
2025-10-05 19:01:53,810 : INFO : EventManager : Event: ======'logicblock_drop_target_bank_counter_hit'====== Args={'count': 1, 'hits': 1, 'remaining': 1}
2025-10-05 19:01:53,810 : INFO : EventManager : Event: ======'player_drop_target_bank_counter_count'====== Args={'value': 1, 'prev_value': 0, 'change': 1, 'player_num': 1, 'source': 'base'}
2025-10-05 19:01:53,812 : INFO : EventManager : Event: ======'player_drop_target_bank_counter_count'====== Args={'value': 0, 'prev_value': 1, 'change': -1, 'player_num': 1, 'source': 'base'}
2025-10-05 19:01:53,812 : INFO : EventManager : Event: ======'mode_multiball_will_start'====== Args={'queue': <QueuedEvent>, 'player': 1, 'ball': 1, 'balls_remaining': 2, 'is_extra_ball': False}
2025-10-05 19:01:53,812 : INFO : EventManager : Event: ======'mode_multiball_starting'====== Args={'queue': <QueuedEvent>, 'player': 1, 'ball': 1, 'balls_remaining': 2, 'is_extra_ball': False}
2025-10-05 19:01:53,812 : INFO : EventManager : Event: ======'mode_carousel_will_start'====== Args={'queue': <QueuedEvent>, 'player': 1, 'ball': 1, 'balls_remaining': 2, 'is_extra_ball': False}
2025-10-05 19:01:53,813 : INFO : EventManager : Event: ======'mode_carousel_starting'====== Args={'queue': <QueuedEvent>, 'player': 1, 'ball': 1, 'balls_remaining': 2, 'is_extra_ball': False}
2025-10-05 19:01:53,814 : INFO : EventManager : Event: ======'ball_save_default_enabled'====== Args={}
2025-10-05 19:01:53,814 : INFO : Mode.carousel : Started. Priority: 200
2025-10-05 19:01:53,815 : INFO : EventManager : Event: ======'modes_active_modes_changed'====== Args={}
2025-10-05 19:01:53,815 : INFO : EventManager : Event: ======'mode_carousel_started'====== Args={'queue': <QueuedEvent>, 'player': 1, 'ball': 1, 'balls_remaining': 2, 'is_extra_ball': False}
2025-10-05 19:01:53,816 : INFO : EventManager : Event: ======'item_highlighted'====== Args={'carousel': 'carousel', 'direction': None, 'item': 'intergalactic'}
2025-10-05 19:01:53,817 : INFO : Mode.multiball : Started. Priority: 1000
2025-10-05 19:01:53,817 : INFO : EventManager : Event: ======'modes_active_modes_changed'====== Args={}
2025-10-05 19:01:53,817 : INFO : EventManager : Event: ======'mode_multiball_started'====== Args={'queue': <QueuedEvent>, 'player': 1, 'ball': 1, 'balls_remaining': 2, 'is_extra_ball': False}
2025-10-05 19:01:53,818 : INFO : Mode.skill_shot : Started. Priority: 500
2025-10-05 19:01:53,818 : INFO : EventManager : Event: ======'modes_active_modes_changed'====== Args={}
2025-10-05 19:01:53,818 : INFO : EventManager : Event: ======'mode_skill_shot_started'====== Args={'player': 1, 'ball': 1, 'balls_remaining': 2, 'is_extra_ball': False}
2025-10-05 19:01:53,819 : INFO : EventManager : Event: ======'player_shot_skill_side_targets'====== Args={'value': 1, 'prev_value': 0, 'change': 1, 'player_num': 1}
2025-10-05 19:01:53,820 : INFO : EventManager : Event: ======'player_shot_skill_drop_targets'====== Args={'value': 1, 'prev_value': 0, 'change': 1, 'player_num': 1}
2025-10-05 19:01:53,822 : INFO : EventManager : Event: ======'skill_shot_complete'====== Args={'state': 'flashing'}
2025-10-05 19:01:53,822 : INFO : EventManager : Event: ======'skill_shot_flashing_complete'====== Args={}
2025-10-05 19:01:53,823 : INFO : EventManager : Event: ======'single_player_ball_started'====== Args={}
2025-10-05 19:01:53,840 : INFO : EventManager : Event: ======'ball_start_target'====== Args={'target': 'playfield'}
2025-10-05 19:01:53,843 : INFO : EventManager : Event: ======'slide_base_created'====== Args={'_from_bcp': True}
2025-10-05 19:01:53,843 : INFO : ball_device.bd_plunger : Setting up player-controlled eject. Balls: 1, Target: <playfield.playfield>, player_controlled_eject_event: None
2025-10-05 19:01:53,844 : INFO : EventManager : Event: ======'balldevice_balls_available'====== Args={}
2025-10-05 19:01:53,845 : INFO : EventManager : Event: ======'slide_score_overlay_created'====== Args={'_from_bcp': True}
2025-10-05 19:01:53,846 : INFO : EventManager : Event: ======'slide_attract_inactive'====== Args={'is_removing': True, '_from_bcp': True}
2025-10-05 19:01:53,847 : INFO : EventManager : Event: ======'slide_score_overlay_active'====== Args={'original_context': 'base', 'original_calling_context': 'mode_base_started', 'priority': 100.0, 'queue': '<QueuedEvent>', 'player': 1.0, 'ball': 1.0, 'balls_remaining': 2.0, 'is_extra_ball': False, 'cmd': 'slides_play', '_from_bcp': True}
2025-10-05 19:01:53,848 : INFO : ball_device.bd_trough : State: waiting_for_target_ready
2025-10-05 19:01:53,849 : INFO : EventManager : Event: ======'balldevice_bd_trough_ball_eject_attempt'====== Args={'balls': 1, 'target': <ball_device.bd_plunger>, 'source': <ball_device.bd_trough>, 'mechanical_eject': True, 'num_attempts': 0}
2025-10-05 19:01:53,849 : INFO : ball_device.bd_plunger : State: waiting_for_ball
2025-10-05 19:01:53,852 : INFO : ball_device.bd_trough : State: ejecting
2025-10-05 19:01:53,853 : INFO : ball_device.bd_trough : Ejecting ball to <ball_device.bd_plunger>
2025-10-05 19:01:53,853 : INFO : EventManager : Event: ======'balldevice_bd_trough_ejecting_ball'====== Args={'balls': 1, 'target': <ball_device.bd_plunger>, 'source': <ball_device.bd_trough>, 'mechanical_eject': True, 'num_attempts': 0}
2025-10-05 19:01:53,855 : INFO : EventManager : Event: ======'slide_attract_removed'====== Args={'_from_bcp': True}
2025-10-05 19:01:53,856 : INFO : ball_device.bd_trough : Wait for ball to leave device
2025-10-05 19:01:53,857 : INFO : coil.c_trough_eject : Pulsing Driver for 20ms (1.0 pulse_power)
2025-10-05 19:01:53,857 : INFO : SwitchController : <<<<<<< 's_trough1' inactive >>>>>>>
2025-10-05 19:01:53,862 : INFO : ball_device.bd_trough : State: ball_left
2025-10-05 19:01:53,863 : INFO : ball_device.bd_trough : Ball left
2025-10-05 19:01:53,863 : INFO : ball_device.bd_trough : Wait for confirm with timeout 3.0
2025-10-05 19:01:53,873 : INFO : EventManager : Event: ======'slide_current_mode_highlighted_created'====== Args={'_from_bcp': True}
2025-10-05 19:01:53,949 : INFO : SwitchController : <<<<<<< 's_plunger' active >>>>>>>
2025-10-05 19:01:53,949 : INFO : EventManager : Event: ======'machine_var_audits_switches_s_plunger'====== Args={'value': 731, 'prev_value': 730, 'change': 1}
2025-10-05 19:01:54,118 : INFO : EventManager : Event: ======'slide_skillshot_overlay_created'====== Args={'_from_bcp': True}
2025-10-05 19:01:54,451 : INFO : ball_device.bd_plunger : Received ball from <ball_device.bd_trough>
2025-10-05 19:01:54,451 : INFO : EventManager : Event: ======'balldevice_bd_plunger_ball_enter'====== Args={'new_balls': 1, 'unclaimed_balls': 0, 'new_available_balls': 0, 'device': <ball_device.bd_plunger>}
2025-10-05 19:01:54,452 : INFO : EventManager : Event: ======'balldevice_bd_plunger_ball_entered'====== Args={'new_balls': 0, 'device': <ball_device.bd_plunger>}
2025-10-05 19:01:54,454 : INFO : EventManager : Event: ======'balldevice_bd_plunger_ball_count_changed'====== Args={'balls': 1}
2025-10-05 19:01:54,454 : INFO : ball_device.bd_trough : Got eject confirm
2025-10-05 19:01:54,454 : INFO : ball_device.bd_trough : Eject successful
2025-10-05 19:01:54,454 : INFO : EventManager : Event: ======'balldevice_bd_trough_ball_eject_success'====== Args={'balls': 1, 'target': <ball_device.bd_plunger>}
2025-10-05 19:01:54,454 : INFO : EventManager : Event: ======'balldevice_bd_trough_ball_count_changed'====== Args={'balls': 5}
2025-10-05 19:01:54,455 : INFO : ball_device.bd_trough : State: idle
2025-10-05 19:01:54,455 : INFO : ball_device.bd_plunger : State: waiting_for_target_ready
2025-10-05 19:01:54,455 : INFO : EventManager : Event: ======'balldevice_bd_plunger_ball_eject_attempt'====== Args={'balls': 1, 'target': <playfield.playfield>, 'source': <ball_device.bd_plunger>, 'mechanical_eject': True, 'num_attempts': 0}
2025-10-05 19:01:54,457 : INFO : ball_device.bd_plunger : State: ejecting
2025-10-05 19:01:54,457 : INFO : ball_device.bd_plunger : Ejecting ball to <playfield.playfield>
2025-10-05 19:01:54,457 : INFO : EventManager : Event: ======'balldevice_bd_plunger_ejecting_ball'====== Args={'balls': 1, 'target': <playfield.playfield>, 'source': <ball_device.bd_plunger>, 'mechanical_eject': True, 'num_attempts': 0}
2025-10-05 19:01:54,458 : INFO : ball_device.bd_plunger : Wait for ball to leave device
2025-10-05 19:01:54,588 : INFO : SwitchController : <<<<<<< 's_plunger' inactive >>>>>>>
2025-10-05 19:01:54,588 : INFO : EventManager : Event: ======'ball_out'====== Args={}
2025-10-05 19:01:54,589 : INFO : EventManager : Event: ======'ball_save_default_timer_start'====== Args={}
2025-10-05 19:01:54,593 : INFO : ball_device.bd_plunger : State: ball_left
2025-10-05 19:01:54,594 : INFO : ball_device.bd_plunger : Ball left
2025-10-05 19:01:54,594 : INFO : ball_device.bd_plunger : Wait for confirm with timeout 3.0
2025-10-05 19:01:55,037 : INFO : SwitchController : <<<<<<< 's_three_bank_bottom' active >>>>>>>
2025-10-05 19:01:55,037 : INFO : EventManager : Event: ======'playfield_active'====== Args={'source': 'skill_drop_targets'}
2025-10-05 19:01:55,037 : INFO : EventManager : Event: ======'s_three_bank_bottom_active'====== Args={}
2025-10-05 19:01:55,037 : INFO : EventManager : Event: ======'playfield_active'====== Args={'source': 'bottom'}
2025-10-05 19:01:55,037 : INFO : EventManager : Event: ======'drop_target_bottom_down'====== Args={'device': <drop_target.bottom>}
2025-10-05 19:01:55,038 : INFO : EventManager : Event: ======'drop_target_bank_three_bank_mixed'====== Args={'prev_value': <DropTargetBankState.UP: 'up'>, 'down': 1}
2025-10-05 19:01:55,038 : INFO : EventManager : Event: ======'machine_var_audits_switches_s_three_bank_bottom'====== Args={'value': 204, 'prev_value': 203, 'change': 1}
2025-10-05 19:01:55,040 : INFO : EventManager : Event: ======'player_shot_skill_drop_targets'====== Args={'value': 2, 'prev_value': 1, 'change': 1, 'player_num': 1}
2025-10-05 19:01:55,041 : INFO : EventManager : Event: ======'machine_var_audits_shots_skill_drop_targets'====== Args={'value': 51, 'prev_value': 50, 'change': 1}
2025-10-05 19:01:55,041 : INFO : EventManager : Event: ======'skill_drop_targets_hit'====== Args={'profile': 'skill_shot_profile', 'state': 'flashing', 'advancing': True}
2025-10-05 19:01:55,042 : INFO : EventManager : Event: ======'skill_drop_targets_skill_shot_profile_hit'====== Args={'profile': 'skill_shot_profile', 'state': 'flashing', 'advancing': True}
2025-10-05 19:01:55,042 : INFO : EventManager : Event: ======'skill_drop_targets_skill_shot_profile_flashing_hit'====== Args={'profile': 'skill_shot_profile', 'state': 'flashing', 'advancing': True}
2025-10-05 19:01:55,042 : INFO : EventManager : Event: ======'skill_drop_targets_flashing_hit'====== Args={'profile': 'skill_shot_profile', 'state': 'flashing', 'advancing': True}
2025-10-05 19:01:55,042 : INFO : EventManager : Event: ======'player_score'====== Args={'value': 2220, 'prev_value': 0, 'change': 2220, 'player_num': 1, 'source': 'base'}
2025-10-05 19:01:55,042 : INFO : EventManager : Event: ======'skill_shot_hit'====== Args={'shot': 'skill_drop_targets'}
2025-10-05 19:01:55,042 : INFO : EventManager : Event: ======'skill_shot_flashing_hit'====== Args={'shot': 'skill_drop_targets'}
2025-10-05 19:01:55,042 : INFO : state_machine.skill_shot_success : Transitioning from start to success
2025-10-05 19:01:55,043 : INFO : EventManager : Event: ======'skill_success'====== Args={}
2025-10-05 19:01:55,043 : INFO : EventManager : Event: ======'mode_skill_shot_will_stop'====== Args={}
2025-10-05 19:01:55,043 : INFO : EventManager : Event: ======'mode_skill_shot_stopping'====== Args={}
2025-10-05 19:01:55,043 : INFO : EventManager : Event: ======'player_score'====== Args={'value': 2002220, 'prev_value': 2220, 'change': 2000000, 'player_num': 1, 'source': 'skill_shot'}
2025-10-05 19:01:55,045 : INFO : Mode.skill_shot : Stopped.
2025-10-05 19:01:55,045 : INFO : EventManager : Event: ======'modes_active_modes_changed'====== Args={}
2025-10-05 19:01:55,045 : INFO : EventManager : Event: ======'mode_skill_shot_stopped'====== Args={}
2025-10-05 19:01:55,046 : INFO : EventManager : Event: ======'clear'====== Args={'key': 'skill_shot'}
2025-10-05 19:01:55,046 : INFO : Timer.skill_shot_timeout : Stopping Timer
2025-10-05 19:01:55,046 : INFO : EventManager : Event: ======'timer_skill_shot_timeout_stopped'====== Args={'ticks': 0, 'ticks_remaining': 0}
2025-10-05 19:01:55,072 : INFO : ball_device.bd_plunger : Got eject confirm
2025-10-05 19:01:55,072 : INFO : ball_device.bd_plunger : Eject successful
2025-10-05 19:01:55,072 : INFO : EventManager : Event: ======'balldevice_bd_plunger_ball_eject_success'====== Args={'balls': 1, 'target': <playfield.playfield>}
2025-10-05 19:01:55,073 : INFO : EventManager : Event: ======'slide_skillshot_overlay_removed'====== Args={'_from_bcp': True}
2025-10-05 19:01:55,074 : INFO : EventManager : Event: ======'slide_skillshot_success_overlay_created'====== Args={'_from_bcp': True}
2025-10-05 19:01:55,074 : INFO : EventManager : Event: ======'balldevice_playfield_ball_enter'====== Args={'new_balls': 1, 'unclaimed_balls': 1, 'device': <playfield.playfield>}
2025-10-05 19:01:55,074 : INFO : EventManager : Event: ======'playfield_ball_count_change'====== Args={'balls': 1, 'change': 1}
2025-10-05 19:01:55,075 : INFO : EventManager : Event: ======'balldevice_bd_plunger_ball_count_changed'====== Args={'balls': 0}
2025-10-05 19:01:55,075 : INFO : ball_device.bd_plunger : State: idle
2025-10-05 19:01:55,237 : INFO : SwitchController : <<<<<<< 's_three_bank_middle' active >>>>>>>
2025-10-05 19:01:55,238 : INFO : EventManager : Event: ======'s_three_bank_middle_active'====== Args={}
2025-10-05 19:01:55,238 : INFO : EventManager : Event: ======'drop_target_middle_down'====== Args={'device': <drop_target.middle>}
2025-10-05 19:01:55,238 : INFO : EventManager : Event: ======'drop_target_bank_three_bank_mixed'====== Args={'prev_value': <DropTargetBankState.MIXED: 'mixed'>, 'down': 2}
2025-10-05 19:01:55,238 : INFO : EventManager : Event: ======'machine_var_audits_switches_s_three_bank_middle'====== Args={'value': 225, 'prev_value': 224, 'change': 1}
2025-10-05 19:01:55,239 : INFO : EventManager : Event: ======'player_score'====== Args={'value': 2004440, 'prev_value': 2002220, 'change': 2220, 'player_num': 1, 'source': 'base'}
2025-10-05 19:01:55,405 : INFO : SwitchController : <<<<<<< 's_three_bank_top' active >>>>>>>
2025-10-05 19:01:55,405 : INFO : EventManager : Event: ======'s_three_bank_top_active'====== Args={}
2025-10-05 19:01:55,405 : INFO : EventManager : Event: ======'drop_target_top_down'====== Args={'device': <drop_target.top>}
2025-10-05 19:01:55,405 : INFO : EventManager : Event: ======'drop_target_bank_three_bank_down'====== Args={}
2025-10-05 19:01:55,405 : INFO : EventManager : Event: ======'machine_var_audits_switches_s_three_bank_top'====== Args={'value': 218, 'prev_value': 217, 'change': 1}
2025-10-05 19:01:55,406 : INFO : EventManager : Event: ======'player_score'====== Args={'value': 2006660, 'prev_value': 2004440, 'change': 2220, 'player_num': 1, 'source': 'base'}
2025-10-05 19:01:55,408 : INFO : EventManager : Event: ======'logicblock_drop_target_bank_counter_updated'====== Args={'value': 2, 'enabled': True}
2025-10-05 19:01:55,408 : INFO : EventManager : Event: ======'counter_drop_target_bank_counter_hit'====== Args={'count': 2, 'hits': 2, 'remaining': 0}
2025-10-05 19:01:55,408 : INFO : EventManager : Event: ======'logicblock_drop_target_bank_counter_hit'====== Args={'count': 2, 'hits': 2, 'remaining': 0}
2025-10-05 19:01:55,408 : INFO : EventManager : Event: ======'chcheckitout_multiball_qualified'====== Args={}
2025-10-05 19:01:55,408 : INFO : EventManager : Event: ======'player_drop_target_bank_counter_count'====== Args={'value': 2, 'prev_value': 0, 'change': 2, 'player_num': 1, 'source': 'base'}
2025-10-05 19:01:55,409 : INFO : EventManager : Event: ======'logicblock_qualify_chcheckitout_multiball_updated'====== Args={'value': 1, 'enabled': True}
2025-10-05 19:01:55,410 : INFO : EventManager : Event: ======'logicblock_qualify_chcheckitout_multiball_hit'====== Args={'step': 1}
2025-10-05 19:01:55,410 : INFO : EventManager : Event: ======'drops_standup_start_multiball'====== Args={}
2025-10-05 19:01:55,410 : INFO : EventManager : Event: ======'logicblock_qualify_chcheckitout_multiball_updated'====== Args={'value': 0, 'enabled': True}
2025-10-05 19:01:55,410 : INFO : EventManager : Event: ======'logicblock_chcheckitout_multiball_ready_updated'====== Args={'value': 0, 'enabled': True}
2025-10-05 19:01:56,402 : INFO : drop_target_bank.three_bank : 3 targets are down. Will reset those.
2025-10-05 19:01:56,403 : INFO : coil.c_three_bank : Pulsing Driver for 23ms (1.0 pulse_power)
2025-10-05 19:01:56,463 : INFO : SwitchController : <<<<<<< 's_three_bank_bottom' inactive (muted) >>>>>>>
2025-10-05 19:01:56,464 : INFO : SwitchController : <<<<<<< 's_three_bank_middle' inactive (muted) >>>>>>>
2025-10-05 19:01:56,464 : INFO : SwitchController : <<<<<<< 's_three_bank_top' inactive (muted) >>>>>>>
2025-10-05 19:01:56,900 : INFO : EventManager : Event: ======'drop_target_bottom_up'====== Args={'device': <drop_target.bottom>}
2025-10-05 19:01:56,902 : INFO : EventManager : Event: ======'drop_target_middle_up'====== Args={'device': <drop_target.middle>}
2025-10-05 19:01:56,902 : INFO : EventManager : Event: ======'drop_target_top_up'====== Args={'device': <drop_target.top>}
2025-10-05 19:01:56,903 : INFO : EventManager : Event: ======'drop_target_bank_three_bank_up'====== Args={}
2025-10-05 19:01:57,052 : INFO : EventManager : Event: ======'slide_skillshot_success_overlay_removed'====== Args={'_from_bcp': True}
2025-10-05 19:01:57,586 : INFO : EventManager : Event: ======'ball_save_default_hurry_up'====== Args={}
2025-10-05 19:01:58,666 : INFO : SwitchController : <<<<<<< 's_scoop' active >>>>>>>
2025-10-05 19:01:58,667 : INFO : EventManager : Event: ======'s_scoop_active'====== Args={}
2025-10-05 19:01:58,667 : INFO : EventManager : Event: ======'machine_var_audits_switches_s_scoop'====== Args={'value': 203, 'prev_value': 202, 'change': 1}
2025-10-05 19:01:58,668 : INFO : EventManager : Event: ======'scoop_hit'====== Args={'elapsed': 0}
2025-10-05 19:01:58,668 : INFO : EventManager : Event: ======'carousel_intergalactic_selected'====== Args={}
2025-10-05 19:01:58,668 : INFO : EventManager : Event: ======'carousel_item_selected'====== Args={}
2025-10-05 19:01:58,668 : INFO : EventManager : Event: ======'player_score'====== Args={'value': 2008970, 'prev_value': 2006660, 'change': 2310, 'player_num': 1, 'source': 'base'}
2025-10-05 19:01:58,669 : INFO : EventManager : Event: ======'mode_intergalactic_will_start'====== Args={}
2025-10-05 19:01:58,670 : INFO : EventManager : Event: ======'player_intergalactic_intergalactic_intro_show_tick'====== Args={'value': 0, 'prev_value': 0, 'change': 0, 'player_num': 1}
2025-10-05 19:01:58,673 : INFO : EventManager : Event: ======'mode_intergalactic_starting'====== Args={}
2025-10-05 19:01:58,673 : INFO : EventManager : Event: ======'player_selected_mode'====== Args={'value': 'Intergalactic', 'prev_value': 0, 'change': True, 'player_num': 1, 'source': 'carousel'}
2025-10-05 19:01:58,673 : INFO : EventManager : Event: ======'mode_carousel_will_stop'====== Args={}
2025-10-05 19:01:58,673 : INFO : EventManager : Event: ======'mode_carousel_stopping'====== Args={}
2025-10-05 19:01:58,674 : INFO : Mode.carousel : Stopped.
2025-10-05 19:01:58,674 : INFO : EventManager : Event: ======'modes_active_modes_changed'====== Args={}
2025-10-05 19:01:58,674 : INFO : EventManager : Event: ======'mode_carousel_stopped'====== Args={}
2025-10-05 19:01:58,674 : INFO : EventManager : Event: ======'clear'====== Args={'key': 'carousel'}
2025-10-05 19:01:58,702 : INFO : EventManager : Event: ======'logicblock_intergalactic_shot_1_updated'====== Args={'value': 0, 'enabled': True}
2025-10-05 19:01:58,703 : INFO : EventManager : Event: ======'logicblock_intergalactic_shot_1_updated'====== Args={'value': 0, 'enabled': True}
2025-10-05 19:01:58,703 : INFO : EventManager : Event: ======'logicblock_intergalactic_shot_2_updated'====== Args={'value': 0, 'enabled': False}
2025-10-05 19:01:58,703 : INFO : EventManager : Event: ======'logicblock_intergalactic_shot_3_updated'====== Args={'value': 0, 'enabled': False}
2025-10-05 19:01:58,704 : INFO : EventManager : Event: ======'logicblock_intergalactic_shot_4_updated'====== Args={'value': 0, 'enabled': False}
2025-10-05 19:01:58,704 : INFO : EventManager : Event: ======'logicblock_intergalactic_shot_5_updated'====== Args={'value': 0, 'enabled': False}
2025-10-05 19:01:58,704 : INFO : Mode.intergalactic : Started. Priority: 1000
2025-10-05 19:01:58,704 : INFO : EventManager : Event: ======'modes_active_modes_changed'====== Args={}
2025-10-05 19:01:58,704 : INFO : EventManager : Event: ======'mode_intergalactic_started'====== Args={}
2025-10-05 19:01:58,706 : INFO : Timer.intergalactic_intro_show : Starting Timer.
2025-10-05 19:01:58,706 : INFO : EventManager : Event: ======'timer_intergalactic_intro_show_started'====== Args={'ticks': 0, 'ticks_remaining': 9}
2025-10-05 19:01:58,707 : INFO : EventManager : Event: ======'timer_intergalactic_intro_show_tick'====== Args={'ticks': 0, 'ticks_remaining': 9}
2025-10-05 19:01:58,707 : INFO : EventManager : Event: ======'player_intergalactic_intro_show_variable_times_100'====== Args={'value': 0, 'prev_value': 0, 'change': 0, 'player_num': 1, 'source': 'intergalactic'}
2025-10-05 19:01:58,709 : INFO : EventManager : Event: ======'slide_current_mode_highlighted_removed'====== Args={'_from_bcp': True}
2025-10-05 19:01:58,727 : INFO : EventManager : Event: ======'slide_base_removed'====== Args={'_from_bcp': True}
2025-10-05 19:01:58,734 : INFO : EventManager : Event: ======'slide_intergalactic_created'====== Args={'_from_bcp': True}
2025-10-05 19:01:59,180 : INFO : EventManager : Event: ======'balldevice_bd_scoop_ball_count_changed'====== Args={'balls': 1}
2025-10-05 19:01:59,181 : INFO : ball_device.bd_scoop : Received unexpected ball
2025-10-05 19:01:59,181 : INFO : EventManager : Event: ======'balldevice_captured_from_playfield'====== Args={'balls': 1}
2025-10-05 19:01:59,181 : INFO : EventManager : Event: ======'sw_playfield_active'====== Args={'balls': 1}
2025-10-05 19:01:59,182 : INFO : EventManager : Event: ======'playfield_ball_count_change'====== Args={'balls': 0, 'change': -1}
2025-10-05 19:01:59,183 : INFO : EventManager : Event: ======'balldevice_bd_scoop_ball_enter'====== Args={'new_balls': 1, 'unclaimed_balls': 1, 'new_available_balls': 1, 'device': <ball_device.bd_scoop>}
2025-10-05 19:01:59,184 : INFO : EventManager : Event: ======'ball_hold_intergalactic_scoop_hold_held_ball'====== Args={'balls_held': 1, 'total_balls_held': 1}
2025-10-05 19:01:59,184 : INFO : EventManager : Event: ======'ball_hold_intergalactic_scoop_hold_full'====== Args={'balls': 1}
2025-10-05 19:01:59,185 : INFO : EventManager : Event: ======'balldevice_balls_available'====== Args={}
2025-10-05 19:01:59,185 : INFO : EventManager : Event: ======'balldevice_bd_scoop_ball_entered'====== Args={'new_balls': 1, 'device': <ball_device.bd_scoop>}
2025-10-05 19:01:59,587 : INFO : EventManager : Event: ======'ball_save_default_grace_period'====== Args={}
2025-10-05 19:01:59,712 : INFO : EventManager : Event: ======'player_intergalactic_intergalactic_intro_show_tick'====== Args={'value': 1, 'prev_value': 0, 'change': 1, 'player_num': 1}
2025-10-05 19:01:59,713 : INFO : EventManager : Event: ======'timer_intergalactic_intro_show_tick'====== Args={'ticks': 1, 'ticks_remaining': 8}
2025-10-05 19:01:59,715 : INFO : EventManager : Event: ======'player_intergalactic_intro_show_variable_times_100'====== Args={'value': 100, 'prev_value': 0, 'change': 100, 'player_num': 1, 'source': 'intergalactic'}
2025-10-05 19:02:00,712 : INFO : EventManager : Event: ======'player_intergalactic_intergalactic_intro_show_tick'====== Args={'value': 2, 'prev_value': 1, 'change': 1, 'player_num': 1}
2025-10-05 19:02:00,713 : INFO : EventManager : Event: ======'timer_intergalactic_intro_show_tick'====== Args={'ticks': 2, 'ticks_remaining': 7}
2025-10-05 19:02:00,716 : INFO : EventManager : Event: ======'player_intergalactic_intro_show_variable_times_100'====== Args={'value': 200, 'prev_value': 100, 'change': 100, 'player_num': 1, 'source': 'intergalactic'}
2025-10-05 19:02:01,604 : INFO : EventManager : Event: ======'ball_save_default_disabled'====== Args={}
2025-10-05 19:02:01,729 : INFO : EventManager : Event: ======'player_intergalactic_intergalactic_intro_show_tick'====== Args={'value': 3, 'prev_value': 2, 'change': 1, 'player_num': 1}
2025-10-05 19:02:01,730 : INFO : EventManager : Event: ======'timer_intergalactic_intro_show_tick'====== Args={'ticks': 3, 'ticks_remaining': 6}
2025-10-05 19:02:01,733 : INFO : EventManager : Event: ======'player_intergalactic_intro_show_variable_times_100'====== Args={'value': 300, 'prev_value': 200, 'change': 100, 'player_num': 1, 'source': 'intergalactic'}
2025-10-05 19:02:02,732 : INFO : EventManager : Event: ======'player_intergalactic_intergalactic_intro_show_tick'====== Args={'value': 4, 'prev_value': 3, 'change': 1, 'player_num': 1}
2025-10-05 19:02:02,733 : INFO : EventManager : Event: ======'timer_intergalactic_intro_show_tick'====== Args={'ticks': 4, 'ticks_remaining': 5}
2025-10-05 19:02:02,734 : INFO : EventManager : Event: ======'player_intergalactic_intro_show_variable_times_100'====== Args={'value': 400, 'prev_value': 300, 'change': 100, 'player_num': 1, 'source': 'intergalactic'}
2025-10-05 19:02:03,731 : INFO : EventManager : Event: ======'player_intergalactic_intergalactic_intro_show_tick'====== Args={'value': 5, 'prev_value': 4, 'change': 1, 'player_num': 1}
2025-10-05 19:02:03,732 : INFO : EventManager : Event: ======'timer_intergalactic_intro_show_tick'====== Args={'ticks': 5, 'ticks_remaining': 4}
2025-10-05 19:02:03,734 : INFO : EventManager : Event: ======'player_intergalactic_intro_show_variable_times_100'====== Args={'value': 500, 'prev_value': 400, 'change': 100, 'player_num': 1, 'source': 'intergalactic'}
2025-10-05 19:02:04,730 : INFO : EventManager : Event: ======'player_intergalactic_intergalactic_intro_show_tick'====== Args={'value': 6, 'prev_value': 5, 'change': 1, 'player_num': 1}
2025-10-05 19:02:04,731 : INFO : EventManager : Event: ======'timer_intergalactic_intro_show_tick'====== Args={'ticks': 6, 'ticks_remaining': 3}
2025-10-05 19:02:04,732 : INFO : EventManager : Event: ======'player_intergalactic_intro_show_variable_times_100'====== Args={'value': 600, 'prev_value': 500, 'change': 100, 'player_num': 1, 'source': 'intergalactic'}
2025-10-05 19:02:05,711 : INFO : EventManager : Event: ======'player_intergalactic_intergalactic_intro_show_tick'====== Args={'value': 7, 'prev_value': 6, 'change': 1, 'player_num': 1}
2025-10-05 19:02:05,713 : INFO : EventManager : Event: ======'timer_intergalactic_intro_show_tick'====== Args={'ticks': 7, 'ticks_remaining': 2}
2025-10-05 19:02:05,714 : INFO : EventManager : Event: ======'player_intergalactic_intro_show_variable_times_100'====== Args={'value': 700, 'prev_value': 600, 'change': 100, 'player_num': 1, 'source': 'intergalactic'}
2025-10-05 19:02:06,723 : INFO : EventManager : Event: ======'player_intergalactic_intergalactic_intro_show_tick'====== Args={'value': 8, 'prev_value': 7, 'change': 1, 'player_num': 1}
2025-10-05 19:02:06,724 : INFO : EventManager : Event: ======'timer_intergalactic_intro_show_tick'====== Args={'ticks': 8, 'ticks_remaining': 1}
2025-10-05 19:02:06,726 : INFO : EventManager : Event: ======'player_intergalactic_intro_show_variable_times_100'====== Args={'value': 800, 'prev_value': 700, 'change': 100, 'player_num': 1, 'source': 'intergalactic'}
2025-10-05 19:02:07,721 : INFO : EventManager : Event: ======'player_intergalactic_intergalactic_intro_show_tick'====== Args={'value': 9, 'prev_value': 8, 'change': 1, 'player_num': 1}
2025-10-05 19:02:07,722 : INFO : Timer.intergalactic_intro_show : Timer Complete
2025-10-05 19:02:07,722 : INFO : Timer.intergalactic_intro_show : Stopping Timer
2025-10-05 19:02:07,722 : INFO : EventManager : Event: ======'timer_intergalactic_intro_show_stopped'====== Args={'ticks': 9, 'ticks_remaining': 1}
2025-10-05 19:02:07,722 : INFO : EventManager : Event: ======'timer_intergalactic_intro_show_complete'====== Args={'ticks': 9, 'ticks_remaining': 1}
2025-10-05 19:02:07,723 : INFO : ball_device.bd_scoop : Adding 1 ball(s) to the eject_queue with target <playfield.playfield>.
2025-10-05 19:02:07,723 : INFO : EventManager : Event: ======'balldevice_balls_available'====== Args={}
2025-10-05 19:02:07,725 : INFO : EventManager : Event: ======'ball_hold_intergalactic_scoop_hold_balls_released'====== Args={'balls_released': 1}
2025-10-05 19:02:07,729 : INFO : ball_device.bd_scoop : State: waiting_for_target_ready
2025-10-05 19:02:07,730 : INFO : EventManager : Event: ======'balldevice_bd_scoop_ball_eject_attempt'====== Args={'balls': 1, 'target': <playfield.playfield>, 'source': <ball_device.bd_scoop>, 'mechanical_eject': False, 'num_attempts': 0}
2025-10-05 19:02:07,731 : INFO : ball_device.bd_scoop : State: ejecting
2025-10-05 19:02:07,731 : INFO : ball_device.bd_scoop : Ejecting ball to <playfield.playfield>
2025-10-05 19:02:07,731 : INFO : EventManager : Event: ======'balldevice_bd_scoop_ejecting_ball'====== Args={'balls': 1, 'target': <playfield.playfield>, 'source': <ball_device.bd_scoop>, 'mechanical_eject': False, 'num_attempts': 0}
2025-10-05 19:02:07,732 : INFO : ball_device.bd_scoop : Wait for ball to leave device
2025-10-05 19:02:07,733 : INFO : coil.c_scoop_eject : Pulsing Driver for 25ms (1.0 pulse_power)
2025-10-05 19:02:07,733 : INFO : SwitchController : <<<<<<< 's_scoop' inactive >>>>>>>
2025-10-05 19:02:07,738 : INFO : ball_device.bd_scoop : State: ball_left
2025-10-05 19:02:07,738 : INFO : ball_device.bd_scoop : Ball left
2025-10-05 19:02:07,739 : INFO : ball_device.bd_scoop : Wait for confirm with timeout 3.0
2025-10-05 19:02:07,745 : INFO : EventManager : Event: ======'slide_intergalactic_right_shot_lit_created'====== Args={'_from_bcp': True}
2025-10-05 19:02:10,739 : INFO : ball_device.bd_scoop : State: failed_confirm
2025-10-05 19:02:10,740 : INFO : ball_device.bd_scoop : Got timeout (3.0s) before confirm from <playfield.playfield>
2025-10-05 19:02:10,833 : INFO : ball_device.bd_scoop : Confirming eject because target is playfield and ball did not return.
2025-10-05 19:02:10,833 : INFO : ball_device.bd_scoop : Eject successful
2025-10-05 19:02:10,833 : INFO : EventManager : Event: ======'balldevice_bd_scoop_ball_eject_success'====== Args={'balls': 1, 'target': <playfield.playfield>}
2025-10-05 19:02:10,834 : INFO : EventManager : Event: ======'balldevice_playfield_ball_enter'====== Args={'new_balls': 1, 'unclaimed_balls': 1, 'device': <playfield.playfield>}
2025-10-05 19:02:10,834 : INFO : EventManager : Event: ======'playfield_ball_count_change'====== Args={'balls': 1, 'change': 1}
2025-10-05 19:02:10,835 : INFO : EventManager : Event: ======'balldevice_bd_scoop_ball_count_changed'====== Args={'balls': 0}
2025-10-05 19:02:10,836 : INFO : ball_device.bd_scoop : State: idle
2025-10-05 19:02:24,135 : INFO : Machine : Shutting down...
2025-10-05 19:02:24,135 : INFO : EventManager : Event: ======'shutdown'====== Args={}
2025-10-05 19:02:24,137 : INFO : EventManager : Event: ======'mode_game_will_stop'====== Args={}
2025-10-05 19:02:24,137 : INFO : EventManager : Event: ======'mode_game_stopping'====== Args={}
2025-10-05 19:02:24,138 : INFO : EventManager : Event: ======'mode_base_will_stop'====== Args={}
2025-10-05 19:02:24,138 : INFO : EventManager : Event: ======'mode_base_stopping'====== Args={}
2025-10-05 19:02:24,138 : INFO : EventManager : Event: ======'mode_multiball_will_stop'====== Args={}
2025-10-05 19:02:24,138 : INFO : EventManager : Event: ======'mode_multiball_stopping'====== Args={}
2025-10-05 19:02:24,138 : INFO : EventManager : Event: ======'mode_intergalactic_will_stop'====== Args={}
2025-10-05 19:02:24,138 : INFO : EventManager : Event: ======'mode_intergalactic_stopping'====== Args={}
2025-10-05 19:02:24,138 : INFO : Mode.intergalactic : Stopped.
2025-10-05 19:02:24,139 : INFO : EventManager : Event: ======'modes_active_modes_changed'====== Args={}
2025-10-05 19:02:24,139 : INFO : EventManager : Event: ======'mode_intergalactic_stopped'====== Args={}
2025-10-05 19:02:24,139 : INFO : EventManager : Event: ======'clear'====== Args={'key': 'intergalactic'}
2025-10-05 19:02:24,139 : INFO : Timer.intergalactic_intro_show : Stopping Timer
2025-10-05 19:02:24,139 : INFO : EventManager : Event: ======'timer_intergalactic_intro_show_stopped'====== Args={'ticks': 9, 'ticks_remaining': 1}
2025-10-05 19:02:24,141 : INFO : Mode.multiball : Stopped.
2025-10-05 19:02:24,141 : INFO : EventManager : Event: ======'modes_active_modes_changed'====== Args={}
2025-10-05 19:02:24,141 : INFO : EventManager : Event: ======'mode_multiball_stopped'====== Args={}
2025-10-05 19:02:24,141 : INFO : EventManager : Event: ======'clear'====== Args={'key': 'multiball'}
2025-10-05 19:02:24,141 : INFO : Mode.base : Stopped.
2025-10-05 19:02:24,141 : INFO : EventManager : Event: ======'modes_active_modes_changed'====== Args={}
2025-10-05 19:02:24,141 : INFO : EventManager : Event: ======'mode_base_stopped'====== Args={}
2025-10-05 19:02:24,142 : INFO : EventManager : Event: ======'clear'====== Args={'key': 'base'}
2025-10-05 19:02:24,144 : INFO : Mode.game : Stopped.
2025-10-05 19:02:24,144 : INFO : EventManager : Event: ======'modes_active_modes_changed'====== Args={}
2025-10-05 19:02:24,144 : INFO : EventManager : Event: ======'mode_game_stopped'====== Args={}
2025-10-05 19:02:24,144 : INFO : EventManager : Event: ======'clear'====== Args={'key': 'game'}
2025-10-05 19:02:24,148 : INFO : root : MPF run loop ended.
