2025-10-05 18:36:21,648 : INFO : root : Loading config.
2025-10-05 18:36:21,653 : INFO : YamlMultifileConfigLoader : Machine config file #1: config.yaml
2025-10-05 18:36:21,653 : INFO : ConfigProcessor : Loading config from cache: C:\Users\sdona\AppData\Local\Temp\19f6d0d7953982fda9d956182316b8e5.mpf_cache
2025-10-05 18:36:21,755 : INFO : ConfigProcessor : Loading config from cache: C:\Users\sdona\AppData\Local\Temp\835b5bfea4be8b279a05e96caaaffbbb.mpf_cache
2025-10-05 18:36:21,756 : INFO : ConfigProcessor : Loading config from cache: C:\Users\sdona\AppData\Local\Temp\9b0a7575388f9d9bd2f6ab87bf9fd2f7.mpf_cache
2025-10-05 18:36:21,756 : INFO : ConfigProcessor : Loading config from cache: C:\Users\sdona\AppData\Local\Temp\c340ec0033d1055cd797ffd5447ef414.mpf_cache
2025-10-05 18:36:21,757 : INFO : ConfigProcessor : Loading config from cache: C:\Users\sdona\AppData\Local\Temp\835b5bfea4be8b279a05e96caaaffbbb.mpf_cache
2025-10-05 18:36:21,757 : INFO : ConfigProcessor : Loading config from cache: C:\Users\sdona\AppData\Local\Temp\8c11a28e3c38d4ad47947b6a126f2ee9.mpf_cache
2025-10-05 18:36:21,758 : INFO : ConfigProcessor : Loading config from cache: C:\Users\sdona\AppData\Local\Temp\e391083cdc9e667060411fe5838e93f2.mpf_cache
2025-10-05 18:36:21,772 : INFO : ConfigProcessor : Loading config from cache: C:\Users\sdona\AppData\Local\Temp\f0c219a993d891ee86dcb7eae47dde67.mpf_cache
2025-10-05 18:36:21,773 : INFO : ConfigProcessor : Loading config from cache: C:\Users\sdona\AppData\Local\Temp\96aa58108928490b129531848cd9b506.mpf_cache
2025-10-05 18:36:21,774 : INFO : ConfigProcessor : Loading config from cache: C:\Users\sdona\AppData\Local\Temp\567636b9d9766e3361204e954a8382da.mpf_cache
2025-10-05 18:36:21,775 : INFO : Machine : Mission Pinball Framework Core Engine v0.80.0.dev9
2025-10-05 18:36:21,775 : INFO : Machine : Command line arguments: {'no_load_cache': False, 'create_config_cache': True, 'bcp': True, 'configfile': ['config.yaml'], 'force_assets_load': False, 'platform_integration_test': False, 'jsonlogging': False, 'logfile': 'logs\\2025-10-05-18-36-21-mpf-PinballLaptop.log', 'pause': False, 'production': False, 'text_ui': True, 'loglevel': 15, 'consoleloglevel': 20, 'force_platform': 'smart_virtual', 'syslog_address': None, 'full_logfile_path': 'C:\\venv\\mpf\\mmmdrop\\logs\\2025-10-05-18-36-21-mpf-PinballLaptop.log'}
2025-10-05 18:36:21,775 : INFO : Machine : MPF path: c:\venv\mpf\lib\site-packages\mpf
2025-10-05 18:36:21,776 : INFO : Machine : Machine path: C:\venv\mpf\mmmdrop
2025-10-05 18:36:21,776 : INFO : Machine : Platform: win32
2025-10-05 18:36:21,776 : INFO : Machine : Python executable location: c:\venv\mpf\Scripts\python.exe
2025-10-05 18:36:21,776 : INFO : Machine : Python version: 3.9.13 (64-bit)
2025-10-05 18:36:21,778 : INFO : Machine : Initializing MPF...
2025-10-05 18:36:21,987 : INFO : EventManager : Event: ======'machine_var_credits_string'====== Args={'value': 'FREE PLAY', 'prev_value': None, 'change': True}
2025-10-05 18:36:22,016 : INFO : EventManager : Event: ======'machine_var_fast_audio_headphones_volume'====== Args={'value': 10, 'prev_value': None, 'change': True}
2025-10-05 18:36:22,016 : INFO : EventManager : Event: ======'machine_var_fast_audio_main_volume'====== Args={'value': 44, 'prev_value': None, 'change': True}
2025-10-05 18:36:22,016 : INFO : EventManager : Event: ======'machine_var_master_volume'====== Args={'value': 0.15, 'prev_value': None, 'change': True}
2025-10-05 18:36:22,016 : INFO : EventManager : Event: ======'machine_var_player1_score'====== Args={'value': 140190, 'prev_value': None, 'change': True}
2025-10-05 18:36:22,016 : INFO : EventManager : Event: ======'machine_var_mpf_version'====== Args={'value': 'Mission Pinball Framework v0.80.0.dev9', 'prev_value': None, 'change': True}
2025-10-05 18:36:22,016 : INFO : EventManager : Event: ======'machine_var_mpf_extended_version'====== Args={'value': 'Mission Pinball Framework v0.80.0.dev9, Config version:6, Show version: 6, BCP version:1.1', 'prev_value': None, 'change': True}
2025-10-05 18:36:22,016 : INFO : EventManager : Event: ======'machine_var_python_version'====== Args={'value': '3.9.13', 'prev_value': None, 'change': True}
2025-10-05 18:36:22,060 : INFO : EventManager : Event: ======'machine_var_platform'====== Args={'value': 'Windows-10-10.0.26100-SP0', 'prev_value': None, 'change': True}
2025-10-05 18:36:22,060 : INFO : EventManager : Event: ======'machine_var_platform_system'====== Args={'value': 'Windows', 'prev_value': None, 'change': True}
2025-10-05 18:36:22,060 : INFO : EventManager : Event: ======'machine_var_platform_release'====== Args={'value': '10', 'prev_value': None, 'change': True}
2025-10-05 18:36:22,060 : INFO : EventManager : Event: ======'machine_var_platform_version'====== Args={'value': '10.0.26100', 'prev_value': None, 'change': True}
2025-10-05 18:36:22,060 : INFO : EventManager : Event: ======'machine_var_platform_machine'====== Args={'value': 'AMD64', 'prev_value': None, 'change': True}
2025-10-05 18:36:22,060 : INFO : EventManager : Event: ======'machine_var_log_file_path'====== Args={'value': 'C:\\venv\\mpf\\mmmdrop\\logs\\2025-10-05-18-36-21-mpf-PinballLaptop.log', 'prev_value': None, 'change': True}
2025-10-05 18:36:22,060 : INFO : EventManager : Event: ======'init_phase_1'====== Args={}
2025-10-05 18:36:22,094 : INFO : EventManager : Event: ======'drop_target_bank_three_bank_up'====== Args={}
2025-10-05 18:36:22,094 : INFO : EventManager : Event: ======'init_phase_2'====== Args={}
2025-10-05 18:36:22,094 : INFO : SwitchController : Found active switch: ('3208-0', <Platform.SmartVirtual>) <switch.s_trough1>
2025-10-05 18:36:22,094 : INFO : SwitchController : Found active switch: ('3208-1', <Platform.SmartVirtual>) <switch.s_trough2>
2025-10-05 18:36:22,094 : INFO : SwitchController : Found active switch: ('3208-2', <Platform.SmartVirtual>) <switch.s_trough3>
2025-10-05 18:36:22,094 : INFO : SwitchController : Found active switch: ('3208-3', <Platform.SmartVirtual>) <switch.s_trough4>
2025-10-05 18:36:22,094 : INFO : SwitchController : Found active switch: ('3208-4', <Platform.SmartVirtual>) <switch.s_trough5>
2025-10-05 18:36:22,094 : INFO : SwitchController : Found active switch: ('3208-5', <Platform.SmartVirtual>) <switch.s_trough6>
2025-10-05 18:36:22,099 : INFO : EventManager : Event: ======'bcp_connection_attempt'====== Args={'name': 'local_display', 'host': 'localhost', 'port': 5050}
2025-10-05 18:36:22,101 : INFO : BCPClientSocket : Connecting BCP to 'local_display' at localhost:5050...
2025-10-05 18:36:33,596 : INFO : BCPClientSocket : Connected BCP to 'local_display' localhost:5050
2025-10-05 18:36:33,598 : INFO : EventManager : Event: ======'bcp_clients_connected'====== Args={}
2025-10-05 18:36:33,736 : INFO : ball_device.bd_trough : BCH: Initial count: 6
2025-10-05 18:36:33,737 : INFO : ball_device.bd_trough : State: idle
2025-10-05 18:36:33,738 : INFO : ball_device.bd_plunger : BCH: Initial count: 0
2025-10-05 18:36:33,738 : INFO : ball_device.bd_plunger : State: idle
2025-10-05 18:36:33,738 : INFO : ball_device.bd_scoop : BCH: Initial count: 0
2025-10-05 18:36:33,738 : INFO : ball_device.bd_scoop : State: idle
2025-10-05 18:36:33,762 : INFO : EventManager : Event: ======'init_phase_3'====== Args={}
2025-10-05 18:36:33,765 : INFO : EventManager : Event: ======'init_phase_4'====== Args={}
2025-10-05 18:36:33,766 : INFO : BallController : Initial balls found: 6
2025-10-05 18:36:33,769 : INFO : EventManager : Event: ======'machine_var_audits_events_game_ended'====== Args={'value': 36, 'prev_value': None, 'change': True}
2025-10-05 18:36:33,769 : INFO : EventManager : Event: ======'machine_var_audits_events_game_started'====== Args={'value': 269, 'prev_value': None, 'change': True}
2025-10-05 18:36:33,769 : INFO : EventManager : Event: ======'machine_var_audits_missing_switches_s_captive_ball'====== Args={'value': 13, 'prev_value': None, 'change': True}
2025-10-05 18:36:33,771 : INFO : EventManager : Event: ======'machine_var_audits_missing_switches_s_center_upper_pop'====== Args={'value': 13, 'prev_value': None, 'change': True}
2025-10-05 18:36:33,771 : INFO : EventManager : Event: ======'machine_var_audits_missing_switches_s_inner_orbit'====== Args={'value': 195, 'prev_value': None, 'change': True}
2025-10-05 18:36:33,771 : INFO : EventManager : Event: ======'machine_var_audits_missing_switches_s_left_flipper'====== Args={'value': 67, 'prev_value': None, 'change': True}
2025-10-05 18:36:33,771 : INFO : EventManager : Event: ======'machine_var_audits_missing_switches_s_left_inlane'====== Args={'value': 13, 'prev_value': None, 'change': True}
2025-10-05 18:36:33,771 : INFO : EventManager : Event: ======'machine_var_audits_missing_switches_s_left_orbit'====== Args={'value': 13, 'prev_value': None, 'change': True}
2025-10-05 18:36:33,771 : INFO : EventManager : Event: ======'machine_var_audits_missing_switches_s_left_outlane'====== Args={'value': 13, 'prev_value': None, 'change': True}
2025-10-05 18:36:33,771 : INFO : EventManager : Event: ======'machine_var_audits_missing_switches_s_left_ramp'====== Args={'value': 2, 'prev_value': None, 'change': True}
2025-10-05 18:36:33,771 : INFO : EventManager : Event: ======'machine_var_audits_missing_switches_s_left_slingshot'====== Args={'value': 195, 'prev_value': None, 'change': True}
2025-10-05 18:36:33,771 : INFO : EventManager : Event: ======'machine_var_audits_missing_switches_s_left_upper_pop'====== Args={'value': 13, 'prev_value': None, 'change': True}
2025-10-05 18:36:33,772 : INFO : EventManager : Event: ======'machine_var_audits_missing_switches_s_pop_standup'====== Args={'value': 2, 'prev_value': None, 'change': True}
2025-10-05 18:36:33,772 : INFO : EventManager : Event: ======'machine_var_audits_missing_switches_s_right_flipper'====== Args={'value': 67, 'prev_value': None, 'change': True}
2025-10-05 18:36:33,772 : INFO : EventManager : Event: ======'machine_var_audits_missing_switches_s_right_inlane'====== Args={'value': 80, 'prev_value': None, 'change': True}
2025-10-05 18:36:33,772 : INFO : EventManager : Event: ======'machine_var_audits_missing_switches_s_right_lower_pop'====== Args={'value': 13, 'prev_value': None, 'change': True}
2025-10-05 18:36:33,772 : INFO : EventManager : Event: ======'machine_var_audits_missing_switches_s_right_orbit'====== Args={'value': 13, 'prev_value': None, 'change': True}
2025-10-05 18:36:33,772 : INFO : EventManager : Event: ======'machine_var_audits_missing_switches_s_right_outlane'====== Args={'value': 80, 'prev_value': None, 'change': True}
2025-10-05 18:36:33,772 : INFO : EventManager : Event: ======'machine_var_audits_missing_switches_s_right_ramp'====== Args={'value': 2, 'prev_value': None, 'change': True}
2025-10-05 18:36:33,773 : INFO : EventManager : Event: ======'machine_var_audits_missing_switches_s_right_slingshot'====== Args={'value': 45, 'prev_value': None, 'change': True}
2025-10-05 18:36:33,773 : INFO : EventManager : Event: ======'machine_var_audits_missing_switches_s_scoop'====== Args={'value': 2, 'prev_value': None, 'change': True}
2025-10-05 18:36:33,773 : INFO : EventManager : Event: ======'machine_var_audits_missing_switches_s_spinner'====== Args={'value': 101, 'prev_value': None, 'change': True}
2025-10-05 18:36:33,773 : INFO : EventManager : Event: ======'machine_var_audits_missing_switches_s_start'====== Args={'value': 64, 'prev_value': None, 'change': True}
2025-10-05 18:36:33,773 : INFO : EventManager : Event: ======'machine_var_audits_missing_switches_s_tilt_bob'====== Args={'value': 203, 'prev_value': None, 'change': True}
2025-10-05 18:36:33,773 : INFO : EventManager : Event: ======'machine_var_audits_missing_switches_s_top_right_flipper'====== Args={'value': 195, 'prev_value': None, 'change': True}
2025-10-05 18:36:33,773 : INFO : EventManager : Event: ======'machine_var_audits_missing_switches_s_trough1'====== Args={'value': 13, 'prev_value': None, 'change': True}
2025-10-05 18:36:33,773 : INFO : EventManager : Event: ======'machine_var_audits_missing_switches_s_trough2'====== Args={'value': 10, 'prev_value': None, 'change': True}
2025-10-05 18:36:33,774 : INFO : EventManager : Event: ======'machine_var_audits_missing_switches_s_trough3'====== Args={'value': 10, 'prev_value': None, 'change': True}
2025-10-05 18:36:33,774 : INFO : EventManager : Event: ======'machine_var_audits_missing_switches_s_trough4'====== Args={'value': 194, 'prev_value': None, 'change': True}
2025-10-05 18:36:33,774 : INFO : EventManager : Event: ======'machine_var_audits_missing_switches_s_trough5'====== Args={'value': 194, 'prev_value': None, 'change': True}
2025-10-05 18:36:33,774 : INFO : EventManager : Event: ======'machine_var_audits_missing_switches_s_trough6'====== Args={'value': 44, 'prev_value': None, 'change': True}
2025-10-05 18:36:33,774 : INFO : EventManager : Event: ======'machine_var_audits_missing_switches_s_trough_jam'====== Args={'value': 195, 'prev_value': None, 'change': True}
2025-10-05 18:36:33,774 : INFO : EventManager : Event: ======'machine_var_audits_missing_switches_s_tshirt_bottom_standup'====== Args={'value': 41, 'prev_value': None, 'change': True}
2025-10-05 18:36:33,774 : INFO : EventManager : Event: ======'machine_var_audits_missing_switches_s_tshirt_top_standup'====== Args={'value': 20, 'prev_value': None, 'change': True}
2025-10-05 18:36:33,774 : INFO : EventManager : Event: ======'machine_var_audits_missing_switches_s_upper_pop_standup'====== Args={'value': 195, 'prev_value': None, 'change': True}
2025-10-05 18:36:33,774 : INFO : EventManager : Event: ======'machine_var_audits_player_score'====== Args={'value': {'average': 16766, 'top': [140190, 55679, 54526, 46225, 25350, 24166, 23278, 22740, 20422, 20201], 'total': 37}, 'prev_value': None, 'change': True}
2025-10-05 18:36:33,775 : INFO : EventManager : Event: ======'machine_var_audits_shots_skill_captive'====== Args={'value': 16, 'prev_value': None, 'change': True}
2025-10-05 18:36:33,775 : INFO : EventManager : Event: ======'machine_var_audits_shots_skill_drop_targets'====== Args={'value': 44, 'prev_value': None, 'change': True}
2025-10-05 18:36:33,775 : INFO : EventManager : Event: ======'machine_var_audits_shots_skill_side_targets'====== Args={'value': 27, 'prev_value': None, 'change': True}
2025-10-05 18:36:33,775 : INFO : EventManager : Event: ======'machine_var_audits_switches_s_captive_ball'====== Args={'value': 163, 'prev_value': None, 'change': True}
2025-10-05 18:36:33,775 : INFO : EventManager : Event: ======'machine_var_audits_switches_s_center_upper_pop'====== Args={'value': 196, 'prev_value': None, 'change': True}
2025-10-05 18:36:33,775 : INFO : EventManager : Event: ======'machine_var_audits_switches_s_inner_orbit'====== Args={'value': 0, 'prev_value': None, 'change': True}
2025-10-05 18:36:33,775 : INFO : EventManager : Event: ======'machine_var_audits_switches_s_left_flipper'====== Args={'value': 1243, 'prev_value': None, 'change': True}
2025-10-05 18:36:33,775 : INFO : EventManager : Event: ======'machine_var_audits_switches_s_left_inlane'====== Args={'value': 110, 'prev_value': None, 'change': True}
2025-10-05 18:36:33,776 : INFO : EventManager : Event: ======'machine_var_audits_switches_s_left_orbit'====== Args={'value': 27, 'prev_value': None, 'change': True}
2025-10-05 18:36:33,776 : INFO : EventManager : Event: ======'machine_var_audits_switches_s_left_outlane'====== Args={'value': 56, 'prev_value': None, 'change': True}
2025-10-05 18:36:33,776 : INFO : EventManager : Event: ======'machine_var_audits_switches_s_left_ramp'====== Args={'value': 43, 'prev_value': None, 'change': True}
2025-10-05 18:36:33,776 : INFO : EventManager : Event: ======'machine_var_audits_switches_s_left_slingshot'====== Args={'value': 259, 'prev_value': None, 'change': True}
2025-10-05 18:36:33,776 : INFO : EventManager : Event: ======'machine_var_audits_switches_s_left_upper_pop'====== Args={'value': 148, 'prev_value': None, 'change': True}
2025-10-05 18:36:33,776 : INFO : EventManager : Event: ======'machine_var_audits_switches_s_plunger'====== Args={'value': 719, 'prev_value': None, 'change': True}
2025-10-05 18:36:33,776 : INFO : EventManager : Event: ======'machine_var_audits_switches_s_pop_standup'====== Args={'value': 69, 'prev_value': None, 'change': True}
2025-10-05 18:36:33,777 : INFO : EventManager : Event: ======'machine_var_audits_switches_s_right_flipper'====== Args={'value': 1515, 'prev_value': None, 'change': True}
2025-10-05 18:36:33,777 : INFO : EventManager : Event: ======'machine_var_audits_switches_s_right_inlane'====== Args={'value': 106, 'prev_value': None, 'change': True}
2025-10-05 18:36:33,777 : INFO : EventManager : Event: ======'machine_var_audits_switches_s_right_lower_pop'====== Args={'value': 454, 'prev_value': None, 'change': True}
2025-10-05 18:36:33,777 : INFO : EventManager : Event: ======'machine_var_audits_switches_s_right_orbit'====== Args={'value': 27, 'prev_value': None, 'change': True}
2025-10-05 18:36:33,777 : INFO : EventManager : Event: ======'machine_var_audits_switches_s_right_outlane'====== Args={'value': 53, 'prev_value': None, 'change': True}
2025-10-05 18:36:33,777 : INFO : EventManager : Event: ======'machine_var_audits_switches_s_right_ramp'====== Args={'value': 43, 'prev_value': None, 'change': True}
2025-10-05 18:36:33,777 : INFO : EventManager : Event: ======'machine_var_audits_switches_s_right_slingshot'====== Args={'value': 366, 'prev_value': None, 'change': True}
2025-10-05 18:36:33,777 : INFO : EventManager : Event: ======'machine_var_audits_switches_s_scoop'====== Args={'value': 196, 'prev_value': None, 'change': True}
2025-10-05 18:36:33,778 : INFO : EventManager : Event: ======'machine_var_audits_switches_s_spinner'====== Args={'value': 1371, 'prev_value': None, 'change': True}
2025-10-05 18:36:33,778 : INFO : EventManager : Event: ======'machine_var_audits_switches_s_start'====== Args={'value': 55, 'prev_value': None, 'change': True}
2025-10-05 18:36:33,778 : INFO : EventManager : Event: ======'machine_var_audits_switches_s_three_bank_bottom'====== Args={'value': 197, 'prev_value': None, 'change': True}
2025-10-05 18:36:33,778 : INFO : EventManager : Event: ======'machine_var_audits_switches_s_three_bank_middle'====== Args={'value': 213, 'prev_value': None, 'change': True}
2025-10-05 18:36:33,778 : INFO : EventManager : Event: ======'machine_var_audits_switches_s_three_bank_standup'====== Args={'value': 135, 'prev_value': None, 'change': True}
2025-10-05 18:36:33,778 : INFO : EventManager : Event: ======'machine_var_audits_switches_s_three_bank_top'====== Args={'value': 206, 'prev_value': None, 'change': True}
2025-10-05 18:36:33,778 : INFO : EventManager : Event: ======'machine_var_audits_switches_s_tilt_bob'====== Args={'value': 21, 'prev_value': None, 'change': True}
2025-10-05 18:36:33,778 : INFO : EventManager : Event: ======'machine_var_audits_switches_s_top_right_flipper'====== Args={'value': 1294, 'prev_value': None, 'change': True}
2025-10-05 18:36:33,779 : INFO : EventManager : Event: ======'machine_var_audits_switches_s_trough1'====== Args={'value': 246, 'prev_value': None, 'change': True}
2025-10-05 18:36:33,779 : INFO : EventManager : Event: ======'machine_var_audits_switches_s_trough2'====== Args={'value': 256, 'prev_value': None, 'change': True}
2025-10-05 18:36:33,779 : INFO : EventManager : Event: ======'machine_var_audits_switches_s_trough3'====== Args={'value': 184, 'prev_value': None, 'change': True}
2025-10-05 18:36:33,779 : INFO : EventManager : Event: ======'machine_var_audits_switches_s_trough4'====== Args={'value': 160, 'prev_value': None, 'change': True}
2025-10-05 18:36:33,779 : INFO : EventManager : Event: ======'machine_var_audits_switches_s_trough5'====== Args={'value': 160, 'prev_value': None, 'change': True}
2025-10-05 18:36:33,779 : INFO : EventManager : Event: ======'machine_var_audits_switches_s_trough6'====== Args={'value': 161, 'prev_value': None, 'change': True}
2025-10-05 18:36:33,779 : INFO : EventManager : Event: ======'machine_var_audits_switches_s_trough_jam'====== Args={'value': 206, 'prev_value': None, 'change': True}
2025-10-05 18:36:33,780 : INFO : EventManager : Event: ======'machine_var_audits_switches_s_tshirt_bottom_standup'====== Args={'value': 31, 'prev_value': None, 'change': True}
2025-10-05 18:36:33,780 : INFO : EventManager : Event: ======'machine_var_audits_switches_s_tshirt_top_standup'====== Args={'value': 58, 'prev_value': None, 'change': True}
2025-10-05 18:36:33,780 : INFO : EventManager : Event: ======'machine_var_audits_switches_s_upper_pop_standup'====== Args={'value': 158, 'prev_value': None, 'change': True}
2025-10-05 18:36:33,781 : INFO : EventManager : Event: ======'init_phase_5'====== Args={}
2025-10-05 18:36:33,836 : INFO : EventManager : Event: ======'init_done'====== Args={}
2025-10-05 18:36:33,837 : INFO : EventManager : Event: ======'machine_reset_phase_1'====== Args={}
2025-10-05 18:36:33,843 : INFO : EventManager : Event: ======'machine_reset_phase_2'====== Args={}
2025-10-05 18:36:33,843 : INFO : EventManager : Event: ======'machine_reset_phase_3'====== Args={}
2025-10-05 18:36:33,843 : INFO : drop_target_bank.three_bank : All targets are already up. Will not reset bank.
2025-10-05 18:36:33,844 : INFO : EventManager : Event: ======'reset_complete'====== Args={}
2025-10-05 18:36:33,844 : INFO : EventManager : Event: ======'mode_attract_will_start'====== Args={}
2025-10-05 18:36:33,845 : INFO : EventManager : Event: ======'mode_attract_starting'====== Args={}
2025-10-05 18:36:33,845 : INFO : Mode.attract : Started. Priority: 10
2025-10-05 18:36:33,845 : INFO : EventManager : Event: ======'modes_active_modes_changed'====== Args={}
2025-10-05 18:36:33,845 : INFO : EventManager : Event: ======'mode_attract_started'====== Args={}
2025-10-05 18:36:33,846 : INFO : EventManager : Event: ======'collecting_balls_complete'====== Args={}
2025-10-05 18:36:33,878 : INFO : EventManager : Event: ======'slide_loading_created'====== Args={'_from_bcp': True}
2025-10-05 18:36:33,878 : INFO : EventManager : Event: ======'slide__removed'====== Args={'_from_bcp': True}
2025-10-05 18:36:33,878 : INFO : EventManager : Event: ======'slide_loading_active'====== Args={'original_context': '_global', 'original_calling_context': 'init_done', 'priority': 0.0, 'cmd': 'slides_play', '_from_bcp': True}
2025-10-05 18:36:33,879 : INFO : Machine : Starting the main run loop with active modes: [<Mode.attract>]
2025-10-05 18:36:33,934 : INFO : EventManager : Event: ======'slide_attract_created'====== Args={'_from_bcp': True}
2025-10-05 18:36:33,934 : INFO : EventManager : Event: ======'slide_loading_inactive'====== Args={'is_removing': True, '_from_bcp': True}
2025-10-05 18:36:33,934 : INFO : EventManager : Event: ======'slide_attract_active'====== Args={'original_context': 'attract', 'original_calling_context': 'mode_attract_started', 'priority': 10.0, 'cmd': 'slides_play', '_from_bcp': True}
2025-10-05 18:36:33,935 : INFO : EventManager : Event: ======'slide_loading_removed'====== Args={'_from_bcp': True}
2025-10-05 18:36:34,248 : INFO : BcpServer : New client connected.
2025-10-05 18:36:42,480 : INFO : SwitchController : <<<<<<< 's_start' active >>>>>>>
2025-10-05 18:36:42,579 : INFO : SwitchController : <<<<<<< 's_start' inactive >>>>>>>
2025-10-05 18:36:42,580 : INFO : EventManager : Event: ======'request_to_start_game'====== Args={}
2025-10-05 18:36:42,580 : INFO : EventManager : Event: ======'game_start'====== Args={'buttons': [], 'hold_time': 0.09299999999348074}
2025-10-05 18:36:42,580 : INFO : EventManager : Event: ======'mode_game_will_start'====== Args={'buttons': [], 'hold_time': 0.09299999999348074}
2025-10-05 18:36:42,581 : INFO : EventManager : Event: ======'mode_game_starting'====== Args={'buttons': [], 'hold_time': 0.09299999999348074}
2025-10-05 18:36:42,581 : INFO : EventManager : Event: ======'mode_attract_will_stop'====== Args={}
2025-10-05 18:36:42,581 : INFO : EventManager : Event: ======'mode_attract_stopping'====== Args={}
2025-10-05 18:36:42,581 : INFO : Mode.attract : Stopped.
2025-10-05 18:36:42,581 : INFO : EventManager : Event: ======'modes_active_modes_changed'====== Args={}
2025-10-05 18:36:42,582 : INFO : EventManager : Event: ======'mode_attract_stopped'====== Args={}
2025-10-05 18:36:42,582 : INFO : EventManager : Event: ======'clear'====== Args={'key': 'attract'}
2025-10-05 18:36:42,582 : INFO : Mode.game : Started. Priority: 20
2025-10-05 18:36:42,582 : INFO : EventManager : Event: ======'modes_active_modes_changed'====== Args={}
2025-10-05 18:36:42,582 : INFO : EventManager : Event: ======'mode_game_started'====== Args={'buttons': [], 'hold_time': 0.09299999999348074}
2025-10-05 18:36:42,588 : INFO : EventManager : Event: ======'game_will_start'====== Args={}
2025-10-05 18:36:42,589 : INFO : EventManager : Event: ======'game_starting'====== Args={'game': <Mode.game>}
2025-10-05 18:36:42,591 : INFO : EventManager : Unordered handler for class <Auditor> on event game_ended with priority 1. Handlers: [RegisteredHandler(callback=<bound method Auditor.disable of <Auditor>>, priority=1, kwargs={}, key=UUID('bb50cfc6-03dd-49da-b763-42bb9a8ff895'), condition=None, blocking_facility=None), RegisteredHandler(callback=<bound method Auditor._save_audits of <Auditor>>, priority=1, kwargs={}, key=UUID('d120d714-bff9-4259-923b-5cb6e23f9f85'), condition=None, blocking_facility=None)]. The order of those handlers is not defined and they will be executed in random order. This might lead to race conditions and potential bugs.
2025-10-05 18:36:42,591 : INFO : EventManager : Event: ======'player_add_request'====== Args={}
2025-10-05 18:36:42,591 : INFO : EventManager : Event: ======'player_will_add'====== Args={'number': 1}
2025-10-05 18:36:42,592 : INFO : EventManager : Event: ======'player_adding'====== Args={'player': <Player 1>, 'number': 1}
2025-10-05 18:36:42,592 : INFO : EventManager : Event: ======'player_added'====== Args={'player': <Player 1>, 'num': 1}
2025-10-05 18:36:42,592 : INFO : Mode.game : Player added successfully. Total players: 1
2025-10-05 18:36:42,593 : INFO : EventManager : Event: ======'player_index'====== Args={'value': 0, 'prev_value': 0, 'change': 0, 'player_num': 1}
2025-10-05 18:36:42,593 : INFO : EventManager : Event: ======'player_number'====== Args={'value': 1, 'prev_value': 1, 'change': 0, 'player_num': 1}
2025-10-05 18:36:42,593 : INFO : EventManager : Event: ======'player_score'====== Args={'value': 0, 'prev_value': 0, 'change': 0, 'player_num': 1}
2025-10-05 18:36:42,594 : INFO : EventManager : Event: ======'game_started'====== Args={}
2025-10-05 18:36:42,604 : INFO : EventManager : Event: ======'player_turn_will_start'====== Args={'player': <Player 1>, 'number': 1}
2025-10-05 18:36:42,610 : INFO : EventManager : Event: ======'player_turn_starting'====== Args={'player': <Player 1>, 'number': 1}
2025-10-05 18:36:42,613 : INFO : EventManager : Event: ======'player_ball'====== Args={'value': 1, 'prev_value': 0, 'change': 1, 'player_num': 1}
2025-10-05 18:36:42,614 : INFO : EventManager : Event: ======'player_turn_started'====== Args={'player': <Player 1>, 'number': 1}
2025-10-05 18:36:42,616 : INFO : EventManager : Event: ======'ball_will_start'====== Args={'player': 1, 'ball': 1, 'balls_remaining': 2, 'is_extra_ball': False}
2025-10-05 18:36:42,620 : INFO : EventManager : Event: ======'ball_starting'====== Args={'player': 1, 'ball': 1, 'balls_remaining': 2, 'is_extra_ball': False}
2025-10-05 18:36:42,621 : INFO : EventManager : Event: ======'mode_base_will_start'====== Args={'queue': <QueuedEvent>, 'player': 1, 'ball': 1, 'balls_remaining': 2, 'is_extra_ball': False}
2025-10-05 18:36:42,628 : INFO : EventManager : Event: ======'mode_base_starting'====== Args={'queue': <QueuedEvent>, 'player': 1, 'ball': 1, 'balls_remaining': 2, 'is_extra_ball': False}
2025-10-05 18:36:42,628 : INFO : drop_target_bank.three_bank : All targets are already up. Will not reset bank.
2025-10-05 18:36:42,629 : INFO : EventManager : Event: ======'balls_in_play'====== Args={'balls': 1}
2025-10-05 18:36:42,630 : INFO : EventManager : Event: ======'ball_started'====== Args={'player': 1, 'ball': 1, 'balls_remaining': 2, 'is_extra_ball': False}
2025-10-05 18:36:42,630 : INFO : EventManager : Event: ======'logicblock_qualify_chcheckitout_multiball_updated'====== Args={'value': 0, 'enabled': True}
2025-10-05 18:36:42,630 : INFO : EventManager : Event: ======'logicblock_drop_target_bank_counter_updated'====== Args={'value': 0, 'enabled': True}
2025-10-05 18:36:42,632 : INFO : EventManager : Event: ======'logicblock_qualify_chcheckitout_multiball_updated'====== Args={'value': 0, 'enabled': True}
2025-10-05 18:36:42,632 : INFO : EventManager : Event: ======'logicblock_chcheckitout_multiball_ready_updated'====== Args={'value': 0, 'enabled': False}
2025-10-05 18:36:42,632 : INFO : EventManager : Event: ======'logicblock_drop_target_bank_counter_updated'====== Args={'value': 0, 'enabled': True}
2025-10-05 18:36:42,633 : INFO : Mode.base : Started. Priority: 100
2025-10-05 18:36:42,633 : INFO : EventManager : Event: ======'modes_active_modes_changed'====== Args={}
2025-10-05 18:36:42,633 : INFO : EventManager : Event: ======'mode_base_started'====== Args={'queue': <QueuedEvent>, 'player': 1, 'ball': 1, 'balls_remaining': 2, 'is_extra_ball': False}
2025-10-05 18:36:42,634 : INFO : EventManager : Event: ======'mode_skill_shot_will_start'====== Args={'player': 1, 'ball': 1, 'balls_remaining': 2, 'is_extra_ball': False}
2025-10-05 18:36:42,634 : INFO : EventManager : Event: ======'player_shot_skill_side_targets_enabled'====== Args={'value': True, 'prev_value': 0, 'change': 1, 'player_num': 1}
2025-10-05 18:36:42,635 : INFO : EventManager : Event: ======'player_shot_skill_drop_targets_enabled'====== Args={'value': True, 'prev_value': 0, 'change': 1, 'player_num': 1}
2025-10-05 18:36:42,636 : INFO : EventManager : Event: ======'skill_shot_complete'====== Args={'state': 'unlit'}
2025-10-05 18:36:42,636 : INFO : EventManager : Event: ======'skill_shot_unlit_complete'====== Args={}
2025-10-05 18:36:42,637 : INFO : EventManager : Event: ======'player_skill_shot_skill_shot_timeout_tick'====== Args={'value': 0, 'prev_value': 0, 'change': 0, 'player_num': 1}
2025-10-05 18:36:42,639 : INFO : EventManager : Event: ======'mode_skill_shot_starting'====== Args={'player': 1, 'ball': 1, 'balls_remaining': 2, 'is_extra_ball': False}
2025-10-05 18:36:42,639 : INFO : EventManager : Event: ======'logicblock_drop_target_bank_counter_updated'====== Args={'value': 1, 'enabled': True}
2025-10-05 18:36:42,639 : INFO : EventManager : Event: ======'counter_drop_target_bank_counter_hit'====== Args={'count': 1, 'hits': 1, 'remaining': 1}
2025-10-05 18:36:42,639 : INFO : EventManager : Event: ======'logicblock_drop_target_bank_counter_hit'====== Args={'count': 1, 'hits': 1, 'remaining': 1}
2025-10-05 18:36:42,640 : INFO : EventManager : Event: ======'player_drop_target_bank_counter_count'====== Args={'value': 1, 'prev_value': 0, 'change': 1, 'player_num': 1, 'source': 'base'}
2025-10-05 18:36:42,640 : INFO : EventManager : Event: ======'player_drop_target_bank_counter_count'====== Args={'value': 0, 'prev_value': 1, 'change': -1, 'player_num': 1, 'source': 'base'}
2025-10-05 18:36:42,640 : INFO : EventManager : Event: ======'mode_multiball_will_start'====== Args={'queue': <QueuedEvent>, 'player': 1, 'ball': 1, 'balls_remaining': 2, 'is_extra_ball': False}
2025-10-05 18:36:42,641 : INFO : EventManager : Event: ======'mode_multiball_starting'====== Args={'queue': <QueuedEvent>, 'player': 1, 'ball': 1, 'balls_remaining': 2, 'is_extra_ball': False}
2025-10-05 18:36:42,642 : INFO : EventManager : Event: ======'mode_carousel_will_start'====== Args={'queue': <QueuedEvent>, 'player': 1, 'ball': 1, 'balls_remaining': 2, 'is_extra_ball': False}
2025-10-05 18:36:42,643 : INFO : EventManager : Event: ======'mode_carousel_starting'====== Args={'queue': <QueuedEvent>, 'player': 1, 'ball': 1, 'balls_remaining': 2, 'is_extra_ball': False}
2025-10-05 18:36:42,644 : INFO : EventManager : Event: ======'ball_save_default_enabled'====== Args={}
2025-10-05 18:36:42,645 : INFO : Mode.carousel : Started. Priority: 200
2025-10-05 18:36:42,645 : INFO : EventManager : Event: ======'modes_active_modes_changed'====== Args={}
2025-10-05 18:36:42,645 : INFO : EventManager : Event: ======'mode_carousel_started'====== Args={'queue': <QueuedEvent>, 'player': 1, 'ball': 1, 'balls_remaining': 2, 'is_extra_ball': False}
2025-10-05 18:36:42,647 : INFO : EventManager : Event: ======'item_highlighted'====== Args={'carousel': 'carousel', 'direction': None, 'item': 'intergalactic'}
2025-10-05 18:36:42,648 : INFO : Mode.multiball : Started. Priority: 1000
2025-10-05 18:36:42,648 : INFO : EventManager : Event: ======'modes_active_modes_changed'====== Args={}
2025-10-05 18:36:42,649 : INFO : EventManager : Event: ======'mode_multiball_started'====== Args={'queue': <QueuedEvent>, 'player': 1, 'ball': 1, 'balls_remaining': 2, 'is_extra_ball': False}
2025-10-05 18:36:42,649 : INFO : Mode.skill_shot : Started. Priority: 500
2025-10-05 18:36:42,649 : INFO : EventManager : Event: ======'modes_active_modes_changed'====== Args={}
2025-10-05 18:36:42,650 : INFO : EventManager : Event: ======'mode_skill_shot_started'====== Args={'player': 1, 'ball': 1, 'balls_remaining': 2, 'is_extra_ball': False}
2025-10-05 18:36:42,650 : INFO : EventManager : Event: ======'player_shot_skill_side_targets'====== Args={'value': 1, 'prev_value': 0, 'change': 1, 'player_num': 1}
2025-10-05 18:36:42,651 : INFO : EventManager : Event: ======'player_shot_skill_drop_targets'====== Args={'value': 1, 'prev_value': 0, 'change': 1, 'player_num': 1}
2025-10-05 18:36:42,652 : INFO : EventManager : Event: ======'skill_shot_complete'====== Args={'state': 'flashing'}
2025-10-05 18:36:42,652 : INFO : EventManager : Event: ======'skill_shot_flashing_complete'====== Args={}
2025-10-05 18:36:42,654 : INFO : EventManager : Event: ======'single_player_ball_started'====== Args={}
2025-10-05 18:36:42,677 : INFO : EventManager : Event: ======'ball_start_target'====== Args={'target': 'playfield'}
2025-10-05 18:36:42,679 : INFO : EventManager : Event: ======'slide_base_created'====== Args={'_from_bcp': True}
2025-10-05 18:36:42,679 : INFO : EventManager : Event: ======'slide_score_overlay_created'====== Args={'_from_bcp': True}
2025-10-05 18:36:42,679 : INFO : EventManager : Event: ======'slide_attract_inactive'====== Args={'is_removing': True, '_from_bcp': True}
2025-10-05 18:36:42,680 : INFO : EventManager : Event: ======'slide_score_overlay_active'====== Args={'original_context': 'base', 'original_calling_context': 'mode_base_started', 'priority': 100.0, 'queue': '<QueuedEvent>', 'player': 1.0, 'ball': 1.0, 'balls_remaining': 2.0, 'is_extra_ball': False, 'cmd': 'slides_play', '_from_bcp': True}
2025-10-05 18:36:42,680 : INFO : EventManager : Event: ======'slide_attract_removed'====== Args={'_from_bcp': True}
2025-10-05 18:36:42,682 : INFO : ball_device.bd_plunger : Setting up player-controlled eject. Balls: 1, Target: <playfield.playfield>, player_controlled_eject_event: None
2025-10-05 18:36:42,682 : INFO : EventManager : Event: ======'balldevice_balls_available'====== Args={}
2025-10-05 18:36:42,684 : INFO : ball_device.bd_trough : State: waiting_for_target_ready
2025-10-05 18:36:42,685 : INFO : EventManager : Event: ======'balldevice_bd_trough_ball_eject_attempt'====== Args={'balls': 1, 'target': <ball_device.bd_plunger>, 'source': <ball_device.bd_trough>, 'mechanical_eject': True, 'num_attempts': 0}
2025-10-05 18:36:42,685 : INFO : ball_device.bd_plunger : State: waiting_for_ball
2025-10-05 18:36:42,686 : INFO : ball_device.bd_trough : State: ejecting
2025-10-05 18:36:42,687 : INFO : ball_device.bd_trough : Ejecting ball to <ball_device.bd_plunger>
2025-10-05 18:36:42,688 : INFO : EventManager : Event: ======'balldevice_bd_trough_ejecting_ball'====== Args={'balls': 1, 'target': <ball_device.bd_plunger>, 'source': <ball_device.bd_trough>, 'mechanical_eject': True, 'num_attempts': 0}
2025-10-05 18:36:42,689 : INFO : EventManager : Event: ======'slide_current_mode_highlighted_created'====== Args={'_from_bcp': True}
2025-10-05 18:36:42,691 : INFO : ball_device.bd_trough : Wait for ball to leave device
2025-10-05 18:36:42,691 : INFO : coil.c_trough_eject : Pulsing Driver for 20ms (1.0 pulse_power)
2025-10-05 18:36:42,692 : INFO : SwitchController : <<<<<<< 's_trough1' inactive >>>>>>>
2025-10-05 18:36:42,696 : INFO : ball_device.bd_trough : State: ball_left
2025-10-05 18:36:42,696 : INFO : ball_device.bd_trough : Ball left
2025-10-05 18:36:42,697 : INFO : ball_device.bd_trough : Wait for confirm with timeout 3.0
2025-10-05 18:36:42,789 : INFO : SwitchController : <<<<<<< 's_plunger' active >>>>>>>
2025-10-05 18:36:42,789 : INFO : EventManager : Event: ======'machine_var_audits_switches_s_plunger'====== Args={'value': 720, 'prev_value': 719, 'change': 1}
2025-10-05 18:36:42,969 : INFO : EventManager : Event: ======'slide_skillshot_overlay_created'====== Args={'_from_bcp': True}
2025-10-05 18:36:43,289 : INFO : ball_device.bd_plunger : Received ball from <ball_device.bd_trough>
2025-10-05 18:36:43,289 : INFO : EventManager : Event: ======'balldevice_bd_plunger_ball_enter'====== Args={'new_balls': 1, 'unclaimed_balls': 0, 'new_available_balls': 0, 'device': <ball_device.bd_plunger>}
2025-10-05 18:36:43,290 : INFO : EventManager : Event: ======'balldevice_bd_plunger_ball_entered'====== Args={'new_balls': 0, 'device': <ball_device.bd_plunger>}
2025-10-05 18:36:43,292 : INFO : EventManager : Event: ======'balldevice_bd_plunger_ball_count_changed'====== Args={'balls': 1}
2025-10-05 18:36:43,292 : INFO : ball_device.bd_trough : Got eject confirm
2025-10-05 18:36:43,292 : INFO : ball_device.bd_trough : Eject successful
2025-10-05 18:36:43,292 : INFO : EventManager : Event: ======'balldevice_bd_trough_ball_eject_success'====== Args={'balls': 1, 'target': <ball_device.bd_plunger>}
2025-10-05 18:36:43,292 : INFO : EventManager : Event: ======'balldevice_bd_trough_ball_count_changed'====== Args={'balls': 5}
2025-10-05 18:36:43,293 : INFO : ball_device.bd_trough : State: idle
2025-10-05 18:36:43,293 : INFO : ball_device.bd_plunger : State: waiting_for_target_ready
2025-10-05 18:36:43,293 : INFO : EventManager : Event: ======'balldevice_bd_plunger_ball_eject_attempt'====== Args={'balls': 1, 'target': <playfield.playfield>, 'source': <ball_device.bd_plunger>, 'mechanical_eject': True, 'num_attempts': 0}
2025-10-05 18:36:43,295 : INFO : ball_device.bd_plunger : State: ejecting
2025-10-05 18:36:43,295 : INFO : ball_device.bd_plunger : Ejecting ball to <playfield.playfield>
2025-10-05 18:36:43,295 : INFO : EventManager : Event: ======'balldevice_bd_plunger_ejecting_ball'====== Args={'balls': 1, 'target': <playfield.playfield>, 'source': <ball_device.bd_plunger>, 'mechanical_eject': True, 'num_attempts': 0}
2025-10-05 18:36:43,296 : INFO : ball_device.bd_plunger : Wait for ball to leave device
2025-10-05 18:36:43,811 : INFO : SwitchController : <<<<<<< 's_plunger' inactive >>>>>>>
2025-10-05 18:36:43,812 : INFO : EventManager : Event: ======'ball_out'====== Args={}
2025-10-05 18:36:43,812 : INFO : EventManager : Event: ======'ball_save_default_timer_start'====== Args={}
2025-10-05 18:36:43,816 : INFO : ball_device.bd_plunger : State: ball_left
2025-10-05 18:36:43,816 : INFO : ball_device.bd_plunger : Ball left
2025-10-05 18:36:43,816 : INFO : ball_device.bd_plunger : Wait for confirm with timeout 3.0
2025-10-05 18:36:44,163 : INFO : SwitchController : <<<<<<< 's_three_bank_bottom' active >>>>>>>
2025-10-05 18:36:44,163 : INFO : EventManager : Event: ======'playfield_active'====== Args={'source': 'skill_drop_targets'}
2025-10-05 18:36:44,163 : INFO : EventManager : Event: ======'s_three_bank_bottom_active'====== Args={}
2025-10-05 18:36:44,163 : INFO : EventManager : Event: ======'playfield_active'====== Args={'source': 'bottom'}
2025-10-05 18:36:44,163 : INFO : EventManager : Event: ======'drop_target_bottom_down'====== Args={'device': <drop_target.bottom>}
2025-10-05 18:36:44,164 : INFO : EventManager : Event: ======'drop_target_bank_three_bank_mixed'====== Args={'prev_value': <DropTargetBankState.UP: 'up'>, 'down': 1}
2025-10-05 18:36:44,164 : INFO : EventManager : Event: ======'machine_var_audits_switches_s_three_bank_bottom'====== Args={'value': 198, 'prev_value': 197, 'change': 1}
2025-10-05 18:36:44,165 : INFO : EventManager : Event: ======'player_shot_skill_drop_targets'====== Args={'value': 2, 'prev_value': 1, 'change': 1, 'player_num': 1}
2025-10-05 18:36:44,165 : INFO : EventManager : Event: ======'machine_var_audits_shots_skill_drop_targets'====== Args={'value': 45, 'prev_value': 44, 'change': 1}
2025-10-05 18:36:44,165 : INFO : EventManager : Event: ======'skill_drop_targets_hit'====== Args={'profile': 'skill_shot_profile', 'state': 'flashing', 'advancing': True}
2025-10-05 18:36:44,165 : INFO : EventManager : Event: ======'skill_drop_targets_skill_shot_profile_hit'====== Args={'profile': 'skill_shot_profile', 'state': 'flashing', 'advancing': True}
2025-10-05 18:36:44,165 : INFO : EventManager : Event: ======'skill_drop_targets_skill_shot_profile_flashing_hit'====== Args={'profile': 'skill_shot_profile', 'state': 'flashing', 'advancing': True}
2025-10-05 18:36:44,165 : INFO : EventManager : Event: ======'skill_drop_targets_flashing_hit'====== Args={'profile': 'skill_shot_profile', 'state': 'flashing', 'advancing': True}
2025-10-05 18:36:44,166 : INFO : EventManager : Event: ======'player_score'====== Args={'value': 2220, 'prev_value': 0, 'change': 2220, 'player_num': 1, 'source': 'base'}
2025-10-05 18:36:44,166 : INFO : EventManager : Event: ======'skill_shot_hit'====== Args={'shot': 'skill_drop_targets'}
2025-10-05 18:36:44,166 : INFO : EventManager : Event: ======'skill_shot_flashing_hit'====== Args={'shot': 'skill_drop_targets'}
2025-10-05 18:36:44,166 : INFO : state_machine.skill_shot_success : Transitioning from start to success
2025-10-05 18:36:44,166 : INFO : EventManager : Event: ======'skill_success'====== Args={}
2025-10-05 18:36:44,166 : INFO : EventManager : Event: ======'mode_skill_shot_will_stop'====== Args={}
2025-10-05 18:36:44,166 : INFO : EventManager : Event: ======'mode_skill_shot_stopping'====== Args={}
2025-10-05 18:36:44,167 : INFO : EventManager : Event: ======'player_score'====== Args={'value': 2002220, 'prev_value': 2220, 'change': 2000000, 'player_num': 1, 'source': 'skill_shot'}
2025-10-05 18:36:44,168 : INFO : Mode.skill_shot : Stopped.
2025-10-05 18:36:44,168 : INFO : EventManager : Event: ======'modes_active_modes_changed'====== Args={}
2025-10-05 18:36:44,168 : INFO : EventManager : Event: ======'mode_skill_shot_stopped'====== Args={}
2025-10-05 18:36:44,168 : INFO : EventManager : Event: ======'clear'====== Args={'key': 'skill_shot'}
2025-10-05 18:36:44,168 : INFO : Timer.skill_shot_timeout : Stopping Timer
2025-10-05 18:36:44,168 : INFO : EventManager : Event: ======'timer_skill_shot_timeout_stopped'====== Args={'ticks': 0, 'ticks_remaining': 0}
2025-10-05 18:36:44,189 : INFO : ball_device.bd_plunger : Got eject confirm
2025-10-05 18:36:44,189 : INFO : ball_device.bd_plunger : Eject successful
2025-10-05 18:36:44,189 : INFO : EventManager : Event: ======'balldevice_bd_plunger_ball_eject_success'====== Args={'balls': 1, 'target': <playfield.playfield>}
2025-10-05 18:36:44,190 : INFO : EventManager : Event: ======'balldevice_playfield_ball_enter'====== Args={'new_balls': 1, 'unclaimed_balls': 1, 'device': <playfield.playfield>}
2025-10-05 18:36:44,190 : INFO : EventManager : Event: ======'playfield_ball_count_change'====== Args={'balls': 1, 'change': 1}
2025-10-05 18:36:44,192 : INFO : EventManager : Event: ======'balldevice_bd_plunger_ball_count_changed'====== Args={'balls': 0}
2025-10-05 18:36:44,192 : INFO : ball_device.bd_plunger : State: idle
2025-10-05 18:36:44,194 : INFO : EventManager : Event: ======'slide_skillshot_overlay_removed'====== Args={'_from_bcp': True}
2025-10-05 18:36:44,196 : INFO : EventManager : Event: ======'slide_skillshot_success_overlay_created'====== Args={'_from_bcp': True}
2025-10-05 18:36:44,395 : INFO : SwitchController : <<<<<<< 's_three_bank_middle' active >>>>>>>
2025-10-05 18:36:44,395 : INFO : EventManager : Event: ======'s_three_bank_middle_active'====== Args={}
2025-10-05 18:36:44,395 : INFO : EventManager : Event: ======'drop_target_middle_down'====== Args={'device': <drop_target.middle>}
2025-10-05 18:36:44,395 : INFO : EventManager : Event: ======'drop_target_bank_three_bank_mixed'====== Args={'prev_value': <DropTargetBankState.MIXED: 'mixed'>, 'down': 2}
2025-10-05 18:36:44,395 : INFO : EventManager : Event: ======'machine_var_audits_switches_s_three_bank_middle'====== Args={'value': 214, 'prev_value': 213, 'change': 1}
2025-10-05 18:36:44,396 : INFO : EventManager : Event: ======'player_score'====== Args={'value': 2004440, 'prev_value': 2002220, 'change': 2220, 'player_num': 1, 'source': 'base'}
2025-10-05 18:36:44,594 : INFO : SwitchController : <<<<<<< 's_three_bank_top' active >>>>>>>
2025-10-05 18:36:44,594 : INFO : EventManager : Event: ======'s_three_bank_top_active'====== Args={}
2025-10-05 18:36:44,595 : INFO : EventManager : Event: ======'drop_target_top_down'====== Args={'device': <drop_target.top>}
2025-10-05 18:36:44,595 : INFO : EventManager : Event: ======'drop_target_bank_three_bank_down'====== Args={}
2025-10-05 18:36:44,595 : INFO : EventManager : Event: ======'machine_var_audits_switches_s_three_bank_top'====== Args={'value': 207, 'prev_value': 206, 'change': 1}
2025-10-05 18:36:44,596 : INFO : EventManager : Event: ======'player_score'====== Args={'value': 2006660, 'prev_value': 2004440, 'change': 2220, 'player_num': 1, 'source': 'base'}
2025-10-05 18:36:44,598 : INFO : EventManager : Event: ======'logicblock_drop_target_bank_counter_updated'====== Args={'value': 2, 'enabled': True}
2025-10-05 18:36:44,598 : INFO : EventManager : Event: ======'counter_drop_target_bank_counter_hit'====== Args={'count': 2, 'hits': 2, 'remaining': 0}
2025-10-05 18:36:44,598 : INFO : EventManager : Event: ======'logicblock_drop_target_bank_counter_hit'====== Args={'count': 2, 'hits': 2, 'remaining': 0}
2025-10-05 18:36:44,598 : INFO : EventManager : Event: ======'chcheckitout_multiball_qualified'====== Args={}
2025-10-05 18:36:44,598 : INFO : EventManager : Event: ======'player_drop_target_bank_counter_count'====== Args={'value': 2, 'prev_value': 0, 'change': 2, 'player_num': 1, 'source': 'base'}
2025-10-05 18:36:44,599 : INFO : EventManager : Event: ======'logicblock_qualify_chcheckitout_multiball_updated'====== Args={'value': 1, 'enabled': True}
2025-10-05 18:36:44,600 : INFO : EventManager : Event: ======'logicblock_qualify_chcheckitout_multiball_hit'====== Args={'step': 1}
2025-10-05 18:36:44,600 : INFO : EventManager : Event: ======'drops_standup_start_multiball'====== Args={}
2025-10-05 18:36:44,600 : INFO : EventManager : Event: ======'logicblock_qualify_chcheckitout_multiball_updated'====== Args={'value': 0, 'enabled': True}
2025-10-05 18:36:44,600 : INFO : EventManager : Event: ======'logicblock_chcheckitout_multiball_ready_updated'====== Args={'value': 0, 'enabled': True}
2025-10-05 18:36:45,602 : INFO : drop_target_bank.three_bank : 3 targets are down. Will reset those.
2025-10-05 18:36:45,602 : INFO : coil.c_three_bank : Pulsing Driver for 23ms (1.0 pulse_power)
2025-10-05 18:36:45,664 : INFO : SwitchController : <<<<<<< 's_three_bank_bottom' inactive (muted) >>>>>>>
2025-10-05 18:36:45,664 : INFO : SwitchController : <<<<<<< 's_three_bank_middle' inactive (muted) >>>>>>>
2025-10-05 18:36:45,664 : INFO : SwitchController : <<<<<<< 's_three_bank_top' inactive (muted) >>>>>>>
2025-10-05 18:36:46,099 : INFO : EventManager : Event: ======'drop_target_bottom_up'====== Args={'device': <drop_target.bottom>}
2025-10-05 18:36:46,099 : INFO : EventManager : Event: ======'drop_target_middle_up'====== Args={'device': <drop_target.middle>}
2025-10-05 18:36:46,100 : INFO : EventManager : Event: ======'drop_target_top_up'====== Args={'device': <drop_target.top>}
2025-10-05 18:36:46,100 : INFO : EventManager : Event: ======'drop_target_bank_three_bank_up'====== Args={}
2025-10-05 18:36:46,192 : INFO : EventManager : Event: ======'slide_skillshot_success_overlay_removed'====== Args={'_from_bcp': True}
2025-10-05 18:36:46,609 : INFO : SwitchController : <<<<<<< 's_three_bank_middle' active >>>>>>>
2025-10-05 18:36:46,609 : INFO : EventManager : Event: ======'s_three_bank_middle_active'====== Args={}
2025-10-05 18:36:46,610 : INFO : EventManager : Event: ======'drop_target_middle_down'====== Args={'device': <drop_target.middle>}
2025-10-05 18:36:46,610 : INFO : EventManager : Event: ======'drop_target_bank_three_bank_mixed'====== Args={'prev_value': <DropTargetBankState.UP: 'up'>, 'down': 1}
2025-10-05 18:36:46,610 : INFO : EventManager : Event: ======'machine_var_audits_switches_s_three_bank_middle'====== Args={'value': 215, 'prev_value': 214, 'change': 1}
2025-10-05 18:36:46,611 : INFO : EventManager : Event: ======'player_score'====== Args={'value': 2008880, 'prev_value': 2006660, 'change': 2220, 'player_num': 1, 'source': 'base'}
2025-10-05 18:36:46,793 : INFO : SwitchController : <<<<<<< 's_three_bank_top' active >>>>>>>
2025-10-05 18:36:46,793 : INFO : EventManager : Event: ======'s_three_bank_top_active'====== Args={}
2025-10-05 18:36:46,793 : INFO : EventManager : Event: ======'drop_target_top_down'====== Args={'device': <drop_target.top>}
2025-10-05 18:36:46,794 : INFO : EventManager : Event: ======'drop_target_bank_three_bank_mixed'====== Args={'prev_value': <DropTargetBankState.MIXED: 'mixed'>, 'down': 2}
2025-10-05 18:36:46,794 : INFO : EventManager : Event: ======'machine_var_audits_switches_s_three_bank_top'====== Args={'value': 208, 'prev_value': 207, 'change': 1}
2025-10-05 18:36:46,795 : INFO : EventManager : Event: ======'player_score'====== Args={'value': 2011100, 'prev_value': 2008880, 'change': 2220, 'player_num': 1, 'source': 'base'}
2025-10-05 18:36:46,803 : INFO : EventManager : Event: ======'ball_save_default_hurry_up'====== Args={}
2025-10-05 18:36:48,806 : INFO : EventManager : Event: ======'ball_save_default_grace_period'====== Args={}
2025-10-05 18:36:50,828 : INFO : EventManager : Event: ======'ball_save_default_disabled'====== Args={}
2025-10-05 18:36:54,055 : INFO : SwitchController : <<<<<<< 's_three_bank_standup' active >>>>>>>
2025-10-05 18:36:54,055 : INFO : EventManager : Event: ======'s_three_bank_standup_active'====== Args={}
2025-10-05 18:36:54,055 : INFO : EventManager : Event: ======'machine_var_audits_switches_s_three_bank_standup'====== Args={'value': 136, 'prev_value': 135, 'change': 1}
2025-10-05 18:36:54,056 : INFO : EventManager : Event: ======'three_bank_standup_hit'====== Args={'elapsed': 0}
2025-10-05 18:36:54,057 : INFO : EventManager : Event: ======'player_score'====== Args={'value': 2031110, 'prev_value': 2011100, 'change': 20010, 'player_num': 1, 'source': 'base'}
2025-10-05 18:36:54,057 : INFO : EventManager : Event: ======'logicblock_chcheckitout_multiball_ready_updated'====== Args={'value': 1, 'enabled': True}
2025-10-05 18:36:54,057 : INFO : EventManager : Event: ======'logicblock_chcheckitout_multiball_ready_hit'====== Args={'step': 1}
2025-10-05 18:36:54,057 : INFO : EventManager : Event: ======'chcheckitout_start_multiball'====== Args={}
2025-10-05 18:36:54,058 : INFO : EventManager : Event: ======'logicblock_chcheckitout_multiball_ready_updated'====== Args={'value': 0, 'enabled': True}
2025-10-05 18:36:54,058 : INFO : EventManager : Event: ======'balls_in_play'====== Args={'balls': 3}
2025-10-05 18:36:54,058 : INFO : ball_device.bd_plunger : Adding 2 ball(s) to the eject_queue with target <playfield.playfield>.
2025-10-05 18:36:54,059 : INFO : EventManager : Event: ======'balldevice_balls_available'====== Args={}
2025-10-05 18:36:54,059 : INFO : EventManager : Event: ======'balldevice_balls_available'====== Args={}
2025-10-05 18:36:54,059 : INFO : EventManager : Event: ======'ball_save_chcheckitout_timer_start'====== Args={}
2025-10-05 18:36:54,059 : INFO : EventManager : Event: ======'multiball_chcheckitout_started'====== Args={'balls': 3}
2025-10-05 18:36:54,059 : INFO : EventManager : Event: ======'player_multiball_blocking_flag'====== Args={'value': 1, 'prev_value': 0, 'change': 1, 'player_num': 1, 'source': 'multiball'}
2025-10-05 18:36:54,060 : INFO : EventManager : Event: ======'mode_carousel_will_stop'====== Args={}
2025-10-05 18:36:54,060 : INFO : EventManager : Event: ======'mode_carousel_stopping'====== Args={}
2025-10-05 18:36:54,060 : INFO : EventManager : Event: ======'logicblock_drop_target_bank_counter_updated'====== Args={'value': 2, 'enabled': False}
2025-10-05 18:36:54,060 : INFO : Mode.carousel : Stopped.
2025-10-05 18:36:54,060 : INFO : EventManager : Event: ======'modes_active_modes_changed'====== Args={}
2025-10-05 18:36:54,060 : INFO : EventManager : Event: ======'mode_carousel_stopped'====== Args={}
2025-10-05 18:36:54,061 : INFO : EventManager : Event: ======'clear'====== Args={'key': 'carousel'}
2025-10-05 18:36:54,080 : INFO : EventManager : Event: ======'slide_current_mode_highlighted_removed'====== Args={'_from_bcp': True}
2025-10-05 18:36:54,081 : INFO : EventManager : Event: ======'slide_base_removed'====== Args={'_from_bcp': True}
2025-10-05 18:36:54,082 : INFO : ball_device.bd_trough : State: waiting_for_target_ready
2025-10-05 18:36:54,083 : INFO : EventManager : Event: ======'balldevice_bd_trough_ball_eject_attempt'====== Args={'balls': 1, 'target': <ball_device.bd_plunger>, 'source': <ball_device.bd_trough>, 'mechanical_eject': False, 'num_attempts': 0}
2025-10-05 18:36:54,083 : INFO : ball_device.bd_plunger : State: waiting_for_ball
2025-10-05 18:36:54,085 : INFO : ball_device.bd_trough : State: ejecting
2025-10-05 18:36:54,085 : INFO : ball_device.bd_trough : Ejecting ball to <ball_device.bd_plunger>
2025-10-05 18:36:54,085 : INFO : EventManager : Event: ======'balldevice_bd_trough_ejecting_ball'====== Args={'balls': 1, 'target': <ball_device.bd_plunger>, 'source': <ball_device.bd_trough>, 'mechanical_eject': False, 'num_attempts': 0}
2025-10-05 18:36:54,086 : INFO : ball_device.bd_trough : Wait for ball to leave device
2025-10-05 18:36:54,086 : INFO : coil.c_trough_eject : Pulsing Driver for 20ms (1.0 pulse_power)
2025-10-05 18:36:54,086 : INFO : SwitchController : <<<<<<< 's_trough2' inactive >>>>>>>
2025-10-05 18:36:54,089 : INFO : ball_device.bd_trough : State: ball_left
2025-10-05 18:36:54,089 : INFO : ball_device.bd_trough : Ball left
2025-10-05 18:36:54,089 : INFO : ball_device.bd_trough : Wait for confirm with timeout 3.0
2025-10-05 18:36:54,097 : INFO : EventManager : Event: ======'slide_multiball_created'====== Args={'_from_bcp': True}
2025-10-05 18:36:54,157 : INFO : SwitchController : <<<<<<< 's_three_bank_standup' inactive >>>>>>>
2025-10-05 18:36:54,199 : INFO : SwitchController : <<<<<<< 's_plunger' active >>>>>>>
2025-10-05 18:36:54,199 : INFO : EventManager : Event: ======'machine_var_audits_switches_s_plunger'====== Args={'value': 721, 'prev_value': 720, 'change': 1}
2025-10-05 18:36:54,695 : INFO : ball_device.bd_plunger : Received ball from <ball_device.bd_trough>
2025-10-05 18:36:54,695 : INFO : EventManager : Event: ======'balldevice_bd_plunger_ball_enter'====== Args={'new_balls': 1, 'unclaimed_balls': 0, 'new_available_balls': 0, 'device': <ball_device.bd_plunger>}
2025-10-05 18:36:54,696 : INFO : EventManager : Event: ======'balldevice_bd_plunger_ball_entered'====== Args={'new_balls': 0, 'device': <ball_device.bd_plunger>}
2025-10-05 18:36:54,696 : INFO : EventManager : Event: ======'balldevice_bd_plunger_ball_count_changed'====== Args={'balls': 1}
2025-10-05 18:36:54,696 : INFO : ball_device.bd_trough : Got eject confirm
2025-10-05 18:36:54,697 : INFO : ball_device.bd_trough : Eject successful
2025-10-05 18:36:54,697 : INFO : EventManager : Event: ======'balldevice_bd_trough_ball_eject_success'====== Args={'balls': 1, 'target': <ball_device.bd_plunger>}
2025-10-05 18:36:54,697 : INFO : EventManager : Event: ======'balldevice_bd_trough_ball_count_changed'====== Args={'balls': 4}
2025-10-05 18:36:54,697 : INFO : ball_device.bd_trough : State: idle
2025-10-05 18:36:54,698 : INFO : ball_device.bd_plunger : State: waiting_for_target_ready
2025-10-05 18:36:54,699 : INFO : EventManager : Event: ======'balldevice_bd_plunger_ball_eject_attempt'====== Args={'balls': 1, 'target': <playfield.playfield>, 'source': <ball_device.bd_plunger>, 'mechanical_eject': False, 'num_attempts': 0}
2025-10-05 18:36:54,700 : INFO : ball_device.bd_plunger : State: ejecting
2025-10-05 18:36:54,700 : INFO : ball_device.bd_plunger : Ejecting ball to <playfield.playfield>
2025-10-05 18:36:54,700 : INFO : EventManager : Event: ======'balldevice_bd_plunger_ejecting_ball'====== Args={'balls': 1, 'target': <playfield.playfield>, 'source': <ball_device.bd_plunger>, 'mechanical_eject': False, 'num_attempts': 0}
2025-10-05 18:36:54,702 : INFO : ball_device.bd_trough : State: waiting_for_target_ready
2025-10-05 18:36:54,702 : INFO : EventManager : Event: ======'balldevice_bd_trough_ball_eject_attempt'====== Args={'balls': 1, 'target': <ball_device.bd_plunger>, 'source': <ball_device.bd_trough>, 'mechanical_eject': False, 'num_attempts': 0}
2025-10-05 18:36:54,703 : INFO : ball_device.bd_plunger : Wait for ball to leave device
2025-10-05 18:36:54,703 : INFO : coil.c_plunger : Pulsing Driver for 20ms (1.0 pulse_power)
2025-10-05 18:36:54,703 : INFO : SwitchController : <<<<<<< 's_plunger' inactive >>>>>>>
2025-10-05 18:36:54,703 : INFO : EventManager : Event: ======'ball_out'====== Args={}
2025-10-05 18:36:54,709 : INFO : ball_device.bd_plunger : State: ball_left
2025-10-05 18:36:54,709 : INFO : ball_device.bd_plunger : Ball left
2025-10-05 18:36:54,710 : INFO : ball_device.bd_plunger : Wait for confirm with timeout 3.0
2025-10-05 18:36:57,723 : INFO : ball_device.bd_plunger : State: failed_confirm
2025-10-05 18:36:57,723 : INFO : ball_device.bd_plunger : Got timeout (3.0s) before confirm from <playfield.playfield>
2025-10-05 18:36:57,845 : INFO : ball_device.bd_plunger : Confirming eject because target is playfield and ball did not return.
2025-10-05 18:36:57,845 : INFO : ball_device.bd_plunger : Eject successful
2025-10-05 18:36:57,845 : INFO : EventManager : Event: ======'balldevice_bd_plunger_ball_eject_success'====== Args={'balls': 1, 'target': <playfield.playfield>}
2025-10-05 18:36:57,846 : INFO : EventManager : Event: ======'balldevice_playfield_ball_enter'====== Args={'new_balls': 1, 'unclaimed_balls': 1, 'device': <playfield.playfield>}
2025-10-05 18:36:57,846 : INFO : EventManager : Event: ======'playfield_ball_count_change'====== Args={'balls': 2, 'change': 1}
2025-10-05 18:36:57,847 : INFO : EventManager : Event: ======'balldevice_bd_plunger_ball_count_changed'====== Args={'balls': 0}
2025-10-05 18:36:57,847 : INFO : ball_device.bd_plunger : State: idle
2025-10-05 18:36:57,847 : INFO : ball_device.bd_trough : State: ejecting
2025-10-05 18:36:57,848 : INFO : ball_device.bd_trough : Ejecting ball to <ball_device.bd_plunger>
2025-10-05 18:36:57,848 : INFO : EventManager : Event: ======'balldevice_bd_trough_ejecting_ball'====== Args={'balls': 1, 'target': <ball_device.bd_plunger>, 'source': <ball_device.bd_trough>, 'mechanical_eject': False, 'num_attempts': 0}
2025-10-05 18:36:57,860 : INFO : ball_device.bd_trough : Wait for ball to leave device
2025-10-05 18:36:57,861 : INFO : coil.c_trough_eject : Pulsing Driver for 20ms (1.0 pulse_power)
2025-10-05 18:36:57,861 : INFO : SwitchController : <<<<<<< 's_trough3' inactive >>>>>>>
2025-10-05 18:36:57,862 : INFO : ball_device.bd_plunger : State: waiting_for_ball
2025-10-05 18:36:57,867 : INFO : ball_device.bd_trough : State: ball_left
2025-10-05 18:36:57,868 : INFO : ball_device.bd_trough : Ball left
2025-10-05 18:36:57,868 : INFO : ball_device.bd_trough : Wait for confirm with timeout 3.0
2025-10-05 18:36:57,953 : INFO : SwitchController : <<<<<<< 's_plunger' active >>>>>>>
2025-10-05 18:36:57,953 : INFO : EventManager : Event: ======'machine_var_audits_switches_s_plunger'====== Args={'value': 722, 'prev_value': 721, 'change': 1}
2025-10-05 18:36:58,448 : INFO : ball_device.bd_plunger : Received ball from <ball_device.bd_trough>
2025-10-05 18:36:58,449 : INFO : EventManager : Event: ======'balldevice_bd_plunger_ball_enter'====== Args={'new_balls': 1, 'unclaimed_balls': 0, 'new_available_balls': 0, 'device': <ball_device.bd_plunger>}
2025-10-05 18:36:58,449 : INFO : EventManager : Event: ======'balldevice_bd_plunger_ball_entered'====== Args={'new_balls': 0, 'device': <ball_device.bd_plunger>}
2025-10-05 18:36:58,450 : INFO : EventManager : Event: ======'balldevice_bd_plunger_ball_count_changed'====== Args={'balls': 1}
2025-10-05 18:36:58,451 : INFO : ball_device.bd_trough : Got eject confirm
2025-10-05 18:36:58,451 : INFO : ball_device.bd_trough : Eject successful
2025-10-05 18:36:58,451 : INFO : EventManager : Event: ======'balldevice_bd_trough_ball_eject_success'====== Args={'balls': 1, 'target': <ball_device.bd_plunger>}
2025-10-05 18:36:58,453 : INFO : EventManager : Event: ======'balldevice_bd_trough_ball_count_changed'====== Args={'balls': 3}
2025-10-05 18:36:58,453 : INFO : ball_device.bd_trough : State: idle
2025-10-05 18:36:58,454 : INFO : ball_device.bd_plunger : State: waiting_for_target_ready
2025-10-05 18:36:58,454 : INFO : EventManager : Event: ======'balldevice_bd_plunger_ball_eject_attempt'====== Args={'balls': 1, 'target': <playfield.playfield>, 'source': <ball_device.bd_plunger>, 'mechanical_eject': False, 'num_attempts': 0}
2025-10-05 18:36:58,455 : INFO : ball_device.bd_plunger : State: ejecting
2025-10-05 18:36:58,455 : INFO : ball_device.bd_plunger : Ejecting ball to <playfield.playfield>
2025-10-05 18:36:58,455 : INFO : EventManager : Event: ======'balldevice_bd_plunger_ejecting_ball'====== Args={'balls': 1, 'target': <playfield.playfield>, 'source': <ball_device.bd_plunger>, 'mechanical_eject': False, 'num_attempts': 0}
2025-10-05 18:36:58,457 : INFO : ball_device.bd_plunger : Wait for ball to leave device
2025-10-05 18:36:58,457 : INFO : coil.c_plunger : Pulsing Driver for 20ms (1.0 pulse_power)
2025-10-05 18:36:58,458 : INFO : SwitchController : <<<<<<< 's_plunger' inactive >>>>>>>
2025-10-05 18:36:58,458 : INFO : EventManager : Event: ======'ball_out'====== Args={}
2025-10-05 18:36:58,464 : INFO : ball_device.bd_plunger : State: ball_left
2025-10-05 18:36:58,465 : INFO : ball_device.bd_plunger : Ball left
2025-10-05 18:36:58,465 : INFO : ball_device.bd_plunger : Wait for confirm with timeout 3.0
2025-10-05 18:37:01,457 : INFO : ball_device.bd_plunger : State: failed_confirm
2025-10-05 18:37:01,457 : INFO : ball_device.bd_plunger : Got timeout (3.0s) before confirm from <playfield.playfield>
2025-10-05 18:37:01,551 : INFO : ball_device.bd_plunger : Confirming eject because target is playfield and ball did not return.
2025-10-05 18:37:01,551 : INFO : ball_device.bd_plunger : Eject successful
2025-10-05 18:37:01,552 : INFO : EventManager : Event: ======'balldevice_bd_plunger_ball_eject_success'====== Args={'balls': 1, 'target': <playfield.playfield>}
2025-10-05 18:37:01,552 : INFO : EventManager : Event: ======'balldevice_playfield_ball_enter'====== Args={'new_balls': 1, 'unclaimed_balls': 1, 'device': <playfield.playfield>}
2025-10-05 18:37:01,556 : INFO : EventManager : Event: ======'playfield_ball_count_change'====== Args={'balls': 3, 'change': 1}
2025-10-05 18:37:01,559 : INFO : EventManager : Event: ======'balldevice_bd_plunger_ball_count_changed'====== Args={'balls': 0}
2025-10-05 18:37:01,560 : INFO : ball_device.bd_plunger : State: idle
2025-10-05 18:37:05,785 : INFO : Machine : Shutting down...
2025-10-05 18:37:05,785 : INFO : EventManager : Event: ======'shutdown'====== Args={}
2025-10-05 18:37:05,786 : INFO : EventManager : Event: ======'mode_game_will_stop'====== Args={}
2025-10-05 18:37:05,787 : INFO : EventManager : Event: ======'mode_game_stopping'====== Args={}
2025-10-05 18:37:05,788 : INFO : EventManager : Event: ======'mode_multiball_will_stop'====== Args={}
2025-10-05 18:37:05,788 : INFO : EventManager : Event: ======'mode_multiball_stopping'====== Args={}
2025-10-05 18:37:05,788 : INFO : EventManager : Event: ======'mode_base_will_stop'====== Args={}
2025-10-05 18:37:05,788 : INFO : EventManager : Event: ======'mode_base_stopping'====== Args={}
2025-10-05 18:37:05,788 : INFO : Mode.base : Stopped.
2025-10-05 18:37:05,788 : INFO : EventManager : Event: ======'modes_active_modes_changed'====== Args={}
2025-10-05 18:37:05,789 : INFO : EventManager : Event: ======'mode_base_stopped'====== Args={}
2025-10-05 18:37:05,789 : INFO : EventManager : Event: ======'clear'====== Args={'key': 'base'}
2025-10-05 18:37:05,790 : INFO : Mode.multiball : Stopped.
2025-10-05 18:37:05,790 : INFO : EventManager : Event: ======'modes_active_modes_changed'====== Args={}
2025-10-05 18:37:05,790 : INFO : EventManager : Event: ======'mode_multiball_stopped'====== Args={}
2025-10-05 18:37:05,790 : INFO : EventManager : Event: ======'clear'====== Args={'key': 'multiball'}
2025-10-05 18:37:05,791 : INFO : EventManager : Event: ======'multiball_chcheckitout_shoot_again_ended'====== Args={}
2025-10-05 18:37:05,792 : INFO : Mode.game : Stopped.
2025-10-05 18:37:05,792 : INFO : EventManager : Event: ======'modes_active_modes_changed'====== Args={}
2025-10-05 18:37:05,793 : INFO : EventManager : Event: ======'mode_game_stopped'====== Args={}
2025-10-05 18:37:05,793 : INFO : EventManager : Event: ======'clear'====== Args={'key': 'game'}
2025-10-05 18:37:05,822 : INFO : root : MPF run loop ended.
