2025-10-01 21:04:47,845 : INFO : root : Loading config.
2025-10-01 21:04:47,851 : INFO : YamlMultifileConfigLoader : Machine config file #1: config.yaml
2025-10-01 21:04:47,852 : INFO : ConfigProcessor : Loading config from cache: C:\Users\sdona\AppData\Local\Temp\19f6d0d7953982fda9d956182316b8e5.mpf_cache
2025-10-01 21:04:48,030 : INFO : ConfigProcessor : Loading config from cache: C:\Users\sdona\AppData\Local\Temp\835b5bfea4be8b279a05e96caaaffbbb.mpf_cache
2025-10-01 21:04:48,031 : INFO : ConfigProcessor : Loading config from cache: C:\Users\sdona\AppData\Local\Temp\9b0a7575388f9d9bd2f6ab87bf9fd2f7.mpf_cache
2025-10-01 21:04:48,032 : INFO : ConfigProcessor : Loading config from cache: C:\Users\sdona\AppData\Local\Temp\c340ec0033d1055cd797ffd5447ef414.mpf_cache
2025-10-01 21:04:48,033 : INFO : ConfigProcessor : Loading config from cache: C:\Users\sdona\AppData\Local\Temp\835b5bfea4be8b279a05e96caaaffbbb.mpf_cache
2025-10-01 21:04:48,034 : INFO : ConfigProcessor : Loading config from cache: C:\Users\sdona\AppData\Local\Temp\8c11a28e3c38d4ad47947b6a126f2ee9.mpf_cache
2025-10-01 21:04:48,035 : INFO : ConfigProcessor : Loading config from cache: C:\Users\sdona\AppData\Local\Temp\f0c219a993d891ee86dcb7eae47dde67.mpf_cache
2025-10-01 21:04:48,037 : INFO : ConfigProcessor : Loading config from cache: C:\Users\sdona\AppData\Local\Temp\96aa58108928490b129531848cd9b506.mpf_cache
2025-10-01 21:04:48,039 : INFO : Machine : Mission Pinball Framework Core Engine v0.80.0.dev9
2025-10-01 21:04:48,039 : INFO : Machine : Command line arguments: {'no_load_cache': False, 'create_config_cache': True, 'bcp': True, 'configfile': ['config.yaml'], 'force_assets_load': False, 'platform_integration_test': False, 'jsonlogging': False, 'logfile': 'logs\\2025-10-01-21-04-47-mpf-PinballLaptop.log', 'pause': False, 'production': False, 'text_ui': True, 'loglevel': 15, 'consoleloglevel': 20, 'force_platform': 'smart_virtual', 'syslog_address': None, 'full_logfile_path': 'C:\\venv\\mpf\\mmmdrop\\logs\\2025-10-01-21-04-47-mpf-PinballLaptop.log'}
2025-10-01 21:04:48,039 : INFO : Machine : MPF path: c:\venv\mpf\lib\site-packages\mpf
2025-10-01 21:04:48,039 : INFO : Machine : Machine path: C:\venv\mpf\mmmdrop
2025-10-01 21:04:48,039 : INFO : Machine : Platform: win32
2025-10-01 21:04:48,039 : INFO : Machine : Python executable location: c:\venv\mpf\Scripts\python.exe
2025-10-01 21:04:48,039 : INFO : Machine : Python version: 3.9.13 (64-bit)
2025-10-01 21:04:48,043 : INFO : Machine : Initializing MPF...
2025-10-01 21:04:48,362 : INFO : EventManager : Event: ======'machine_var_credits_string'====== Args={'value': 'FREE PLAY', 'prev_value': None, 'change': True}
2025-10-01 21:04:48,412 : INFO : EventManager : Event: ======'machine_var_fast_audio_headphones_volume'====== Args={'value': 10, 'prev_value': None, 'change': True}
2025-10-01 21:04:48,412 : INFO : EventManager : Event: ======'machine_var_fast_audio_main_volume'====== Args={'value': 44, 'prev_value': None, 'change': True}
2025-10-01 21:04:48,412 : INFO : EventManager : Event: ======'machine_var_master_volume'====== Args={'value': 0.15, 'prev_value': None, 'change': True}
2025-10-01 21:04:48,412 : INFO : EventManager : Event: ======'machine_var_player1_score'====== Args={'value': 140190, 'prev_value': None, 'change': True}
2025-10-01 21:04:48,412 : INFO : EventManager : Event: ======'machine_var_mpf_version'====== Args={'value': 'Mission Pinball Framework v0.80.0.dev9', 'prev_value': None, 'change': True}
2025-10-01 21:04:48,412 : INFO : EventManager : Event: ======'machine_var_mpf_extended_version'====== Args={'value': 'Mission Pinball Framework v0.80.0.dev9, Config version:6, Show version: 6, BCP version:1.1', 'prev_value': None, 'change': True}
2025-10-01 21:04:48,412 : INFO : EventManager : Event: ======'machine_var_python_version'====== Args={'value': '3.9.13', 'prev_value': None, 'change': True}
2025-10-01 21:04:48,459 : INFO : EventManager : Event: ======'machine_var_platform'====== Args={'value': 'Windows-10-10.0.26100-SP0', 'prev_value': None, 'change': True}
2025-10-01 21:04:48,459 : INFO : EventManager : Event: ======'machine_var_platform_system'====== Args={'value': 'Windows', 'prev_value': None, 'change': True}
2025-10-01 21:04:48,459 : INFO : EventManager : Event: ======'machine_var_platform_release'====== Args={'value': '10', 'prev_value': None, 'change': True}
2025-10-01 21:04:48,459 : INFO : EventManager : Event: ======'machine_var_platform_version'====== Args={'value': '10.0.26100', 'prev_value': None, 'change': True}
2025-10-01 21:04:48,459 : INFO : EventManager : Event: ======'machine_var_platform_machine'====== Args={'value': 'AMD64', 'prev_value': None, 'change': True}
2025-10-01 21:04:48,459 : INFO : EventManager : Event: ======'machine_var_log_file_path'====== Args={'value': 'C:\\venv\\mpf\\mmmdrop\\logs\\2025-10-01-21-04-47-mpf-PinballLaptop.log', 'prev_value': None, 'change': True}
2025-10-01 21:04:48,459 : INFO : EventManager : Event: ======'init_phase_1'====== Args={}
2025-10-01 21:04:48,511 : INFO : EventManager : Event: ======'drop_target_bank_three_bank_up'====== Args={}
2025-10-01 21:04:48,512 : INFO : EventManager : Event: ======'init_phase_2'====== Args={}
2025-10-01 21:04:48,512 : INFO : SwitchController : Found active switch: ('3208-0', <Platform.SmartVirtual>) <switch.s_trough1>
2025-10-01 21:04:48,512 : INFO : SwitchController : Found active switch: ('3208-1', <Platform.SmartVirtual>) <switch.s_trough2>
2025-10-01 21:04:48,512 : INFO : SwitchController : Found active switch: ('3208-2', <Platform.SmartVirtual>) <switch.s_trough3>
2025-10-01 21:04:48,512 : INFO : SwitchController : Found active switch: ('3208-3', <Platform.SmartVirtual>) <switch.s_trough4>
2025-10-01 21:04:48,512 : INFO : SwitchController : Found active switch: ('3208-4', <Platform.SmartVirtual>) <switch.s_trough5>
2025-10-01 21:04:48,512 : INFO : SwitchController : Found active switch: ('3208-5', <Platform.SmartVirtual>) <switch.s_trough6>
2025-10-01 21:04:48,518 : INFO : EventManager : Event: ======'bcp_connection_attempt'====== Args={'name': 'local_display', 'host': 'localhost', 'port': 5050}
2025-10-01 21:04:48,522 : INFO : BCPClientSocket : Connecting BCP to 'local_display' at localhost:5050...
2025-10-01 21:04:52,595 : INFO : BCPClientSocket : Connected BCP to 'local_display' localhost:5050
2025-10-01 21:04:52,596 : INFO : EventManager : Event: ======'bcp_clients_connected'====== Args={}
2025-10-01 21:04:52,770 : INFO : ball_device.bd_trough : BCH: Initial count: 6
2025-10-01 21:04:52,771 : INFO : ball_device.bd_trough : State: idle
2025-10-01 21:04:52,771 : INFO : ball_device.bd_plunger : BCH: Initial count: 0
2025-10-01 21:04:52,771 : INFO : ball_device.bd_plunger : State: idle
2025-10-01 21:04:52,772 : INFO : ball_device.bd_scoop : BCH: Initial count: 0
2025-10-01 21:04:52,772 : INFO : ball_device.bd_scoop : State: idle
2025-10-01 21:04:52,792 : INFO : EventManager : Event: ======'init_phase_3'====== Args={}
2025-10-01 21:04:52,795 : INFO : EventManager : Event: ======'init_phase_4'====== Args={}
2025-10-01 21:04:52,795 : INFO : BallController : Initial balls found: 6
2025-10-01 21:04:52,797 : INFO : EventManager : Event: ======'machine_var_audits_events_game_ended'====== Args={'value': 36, 'prev_value': None, 'change': True}
2025-10-01 21:04:52,797 : INFO : EventManager : Event: ======'machine_var_audits_events_game_started'====== Args={'value': 199, 'prev_value': None, 'change': True}
2025-10-01 21:04:52,797 : INFO : EventManager : Event: ======'machine_var_audits_missing_switches_s_captive_ball'====== Args={'value': 125, 'prev_value': None, 'change': True}
2025-10-01 21:04:52,798 : INFO : EventManager : Event: ======'machine_var_audits_missing_switches_s_center_upper_pop'====== Args={'value': 50, 'prev_value': None, 'change': True}
2025-10-01 21:04:52,798 : INFO : EventManager : Event: ======'machine_var_audits_missing_switches_s_inner_orbit'====== Args={'value': 125, 'prev_value': None, 'change': True}
2025-10-01 21:04:52,798 : INFO : EventManager : Event: ======'machine_var_audits_missing_switches_s_left_flipper'====== Args={'value': 125, 'prev_value': None, 'change': True}
2025-10-01 21:04:52,798 : INFO : EventManager : Event: ======'machine_var_audits_missing_switches_s_left_inlane'====== Args={'value': 10, 'prev_value': None, 'change': True}
2025-10-01 21:04:52,798 : INFO : EventManager : Event: ======'machine_var_audits_missing_switches_s_left_orbit'====== Args={'value': 11, 'prev_value': None, 'change': True}
2025-10-01 21:04:52,798 : INFO : EventManager : Event: ======'machine_var_audits_missing_switches_s_left_outlane'====== Args={'value': 10, 'prev_value': None, 'change': True}
2025-10-01 21:04:52,798 : INFO : EventManager : Event: ======'machine_var_audits_missing_switches_s_left_ramp'====== Args={'value': 11, 'prev_value': None, 'change': True}
2025-10-01 21:04:52,798 : INFO : EventManager : Event: ======'machine_var_audits_missing_switches_s_left_slingshot'====== Args={'value': 125, 'prev_value': None, 'change': True}
2025-10-01 21:04:52,798 : INFO : EventManager : Event: ======'machine_var_audits_missing_switches_s_left_upper_pop'====== Args={'value': 50, 'prev_value': None, 'change': True}
2025-10-01 21:04:52,799 : INFO : EventManager : Event: ======'machine_var_audits_missing_switches_s_pop_standup'====== Args={'value': 11, 'prev_value': None, 'change': True}
2025-10-01 21:04:52,799 : INFO : EventManager : Event: ======'machine_var_audits_missing_switches_s_right_flipper'====== Args={'value': 125, 'prev_value': None, 'change': True}
2025-10-01 21:04:52,799 : INFO : EventManager : Event: ======'machine_var_audits_missing_switches_s_right_inlane'====== Args={'value': 10, 'prev_value': None, 'change': True}
2025-10-01 21:04:52,799 : INFO : EventManager : Event: ======'machine_var_audits_missing_switches_s_right_lower_pop'====== Args={'value': 10, 'prev_value': None, 'change': True}
2025-10-01 21:04:52,799 : INFO : EventManager : Event: ======'machine_var_audits_missing_switches_s_right_orbit'====== Args={'value': 11, 'prev_value': None, 'change': True}
2025-10-01 21:04:52,799 : INFO : EventManager : Event: ======'machine_var_audits_missing_switches_s_right_outlane'====== Args={'value': 10, 'prev_value': None, 'change': True}
2025-10-01 21:04:52,800 : INFO : EventManager : Event: ======'machine_var_audits_missing_switches_s_right_ramp'====== Args={'value': 11, 'prev_value': None, 'change': True}
2025-10-01 21:04:52,800 : INFO : EventManager : Event: ======'machine_var_audits_missing_switches_s_right_slingshot'====== Args={'value': 125, 'prev_value': None, 'change': True}
2025-10-01 21:04:52,800 : INFO : EventManager : Event: ======'machine_var_audits_missing_switches_s_scoop'====== Args={'value': 7, 'prev_value': None, 'change': True}
2025-10-01 21:04:52,800 : INFO : EventManager : Event: ======'machine_var_audits_missing_switches_s_spinner'====== Args={'value': 31, 'prev_value': None, 'change': True}
2025-10-01 21:04:52,800 : INFO : EventManager : Event: ======'machine_var_audits_missing_switches_s_start'====== Args={'value': 12, 'prev_value': None, 'change': True}
2025-10-01 21:04:52,800 : INFO : EventManager : Event: ======'machine_var_audits_missing_switches_s_three_bank_bottom'====== Args={'value': 1, 'prev_value': None, 'change': True}
2025-10-01 21:04:52,800 : INFO : EventManager : Event: ======'machine_var_audits_missing_switches_s_three_bank_middle'====== Args={'value': 1, 'prev_value': None, 'change': True}
2025-10-01 21:04:52,800 : INFO : EventManager : Event: ======'machine_var_audits_missing_switches_s_three_bank_standup'====== Args={'value': 12, 'prev_value': None, 'change': True}
2025-10-01 21:04:52,800 : INFO : EventManager : Event: ======'machine_var_audits_missing_switches_s_three_bank_top'====== Args={'value': 1, 'prev_value': None, 'change': True}
2025-10-01 21:04:52,800 : INFO : EventManager : Event: ======'machine_var_audits_missing_switches_s_tilt_bob'====== Args={'value': 133, 'prev_value': None, 'change': True}
2025-10-01 21:04:52,800 : INFO : EventManager : Event: ======'machine_var_audits_missing_switches_s_top_right_flipper'====== Args={'value': 125, 'prev_value': None, 'change': True}
2025-10-01 21:04:52,801 : INFO : EventManager : Event: ======'machine_var_audits_missing_switches_s_trough1'====== Args={'value': 19, 'prev_value': None, 'change': True}
2025-10-01 21:04:52,801 : INFO : EventManager : Event: ======'machine_var_audits_missing_switches_s_trough2'====== Args={'value': 124, 'prev_value': None, 'change': True}
2025-10-01 21:04:52,801 : INFO : EventManager : Event: ======'machine_var_audits_missing_switches_s_trough3'====== Args={'value': 124, 'prev_value': None, 'change': True}
2025-10-01 21:04:52,801 : INFO : EventManager : Event: ======'machine_var_audits_missing_switches_s_trough4'====== Args={'value': 124, 'prev_value': None, 'change': True}
2025-10-01 21:04:52,801 : INFO : EventManager : Event: ======'machine_var_audits_missing_switches_s_trough5'====== Args={'value': 124, 'prev_value': None, 'change': True}
2025-10-01 21:04:52,801 : INFO : EventManager : Event: ======'machine_var_audits_missing_switches_s_trough6'====== Args={'value': 125, 'prev_value': None, 'change': True}
2025-10-01 21:04:52,801 : INFO : EventManager : Event: ======'machine_var_audits_missing_switches_s_trough_jam'====== Args={'value': 125, 'prev_value': None, 'change': True}
2025-10-01 21:04:52,801 : INFO : EventManager : Event: ======'machine_var_audits_missing_switches_s_tshirt_bottom_standup'====== Args={'value': 125, 'prev_value': None, 'change': True}
2025-10-01 21:04:52,801 : INFO : EventManager : Event: ======'machine_var_audits_missing_switches_s_upper_pop_standup'====== Args={'value': 125, 'prev_value': None, 'change': True}
2025-10-01 21:04:52,801 : INFO : EventManager : Event: ======'machine_var_audits_player_score'====== Args={'value': {'average': 16766, 'top': [140190, 55679, 54526, 46225, 25350, 24166, 23278, 22740, 20422, 20201], 'total': 37}, 'prev_value': None, 'change': True}
2025-10-01 21:04:52,802 : INFO : EventManager : Event: ======'machine_var_audits_shots_skill_captive'====== Args={'value': 16, 'prev_value': None, 'change': True}
2025-10-01 21:04:52,802 : INFO : EventManager : Event: ======'machine_var_audits_shots_skill_drop_targets'====== Args={'value': 1, 'prev_value': None, 'change': True}
2025-10-01 21:04:52,802 : INFO : EventManager : Event: ======'machine_var_audits_shots_skill_side_targets'====== Args={'value': 8, 'prev_value': None, 'change': True}
2025-10-01 21:04:52,802 : INFO : EventManager : Event: ======'machine_var_audits_switches_s_captive_ball'====== Args={'value': 158, 'prev_value': None, 'change': True}
2025-10-01 21:04:52,802 : INFO : EventManager : Event: ======'machine_var_audits_switches_s_center_upper_pop'====== Args={'value': 183, 'prev_value': None, 'change': True}
2025-10-01 21:04:52,802 : INFO : EventManager : Event: ======'machine_var_audits_switches_s_inner_orbit'====== Args={'value': 0, 'prev_value': None, 'change': True}
2025-10-01 21:04:52,802 : INFO : EventManager : Event: ======'machine_var_audits_switches_s_left_flipper'====== Args={'value': 1240, 'prev_value': None, 'change': True}
2025-10-01 21:04:52,802 : INFO : EventManager : Event: ======'machine_var_audits_switches_s_left_inlane'====== Args={'value': 109, 'prev_value': None, 'change': True}
2025-10-01 21:04:52,802 : INFO : EventManager : Event: ======'machine_var_audits_switches_s_left_orbit'====== Args={'value': 13, 'prev_value': None, 'change': True}
2025-10-01 21:04:52,802 : INFO : EventManager : Event: ======'machine_var_audits_switches_s_left_outlane'====== Args={'value': 55, 'prev_value': None, 'change': True}
2025-10-01 21:04:52,803 : INFO : EventManager : Event: ======'machine_var_audits_switches_s_left_ramp'====== Args={'value': 25, 'prev_value': None, 'change': True}
2025-10-01 21:04:52,803 : INFO : EventManager : Event: ======'machine_var_audits_switches_s_left_slingshot'====== Args={'value': 259, 'prev_value': None, 'change': True}
2025-10-01 21:04:52,803 : INFO : EventManager : Event: ======'machine_var_audits_switches_s_left_upper_pop'====== Args={'value': 140, 'prev_value': None, 'change': True}
2025-10-01 21:04:52,803 : INFO : EventManager : Event: ======'machine_var_audits_switches_s_plunger'====== Args={'value': 582, 'prev_value': None, 'change': True}
2025-10-01 21:04:52,803 : INFO : EventManager : Event: ======'machine_var_audits_switches_s_pop_standup'====== Args={'value': 63, 'prev_value': None, 'change': True}
2025-10-01 21:04:52,803 : INFO : EventManager : Event: ======'machine_var_audits_switches_s_right_flipper'====== Args={'value': 1509, 'prev_value': None, 'change': True}
2025-10-01 21:04:52,803 : INFO : EventManager : Event: ======'machine_var_audits_switches_s_right_inlane'====== Args={'value': 106, 'prev_value': None, 'change': True}
2025-10-01 21:04:52,804 : INFO : EventManager : Event: ======'machine_var_audits_switches_s_right_lower_pop'====== Args={'value': 410, 'prev_value': None, 'change': True}
2025-10-01 21:04:52,804 : INFO : EventManager : Event: ======'machine_var_audits_switches_s_right_orbit'====== Args={'value': 12, 'prev_value': None, 'change': True}
2025-10-01 21:04:52,804 : INFO : EventManager : Event: ======'machine_var_audits_switches_s_right_outlane'====== Args={'value': 53, 'prev_value': None, 'change': True}
2025-10-01 21:04:52,804 : INFO : EventManager : Event: ======'machine_var_audits_switches_s_right_ramp'====== Args={'value': 27, 'prev_value': None, 'change': True}
2025-10-01 21:04:52,804 : INFO : EventManager : Event: ======'machine_var_audits_switches_s_right_slingshot'====== Args={'value': 365, 'prev_value': None, 'change': True}
2025-10-01 21:04:52,804 : INFO : EventManager : Event: ======'machine_var_audits_switches_s_scoop'====== Args={'value': 145, 'prev_value': None, 'change': True}
2025-10-01 21:04:52,804 : INFO : EventManager : Event: ======'machine_var_audits_switches_s_spinner'====== Args={'value': 1371, 'prev_value': None, 'change': True}
2025-10-01 21:04:52,804 : INFO : EventManager : Event: ======'machine_var_audits_switches_s_start'====== Args={'value': 53, 'prev_value': None, 'change': True}
2025-10-01 21:04:52,805 : INFO : EventManager : Event: ======'machine_var_audits_switches_s_three_bank_bottom'====== Args={'value': 112, 'prev_value': None, 'change': True}
2025-10-01 21:04:52,805 : INFO : EventManager : Event: ======'machine_var_audits_switches_s_three_bank_middle'====== Args={'value': 107, 'prev_value': None, 'change': True}
2025-10-01 21:04:52,805 : INFO : EventManager : Event: ======'machine_var_audits_switches_s_three_bank_standup'====== Args={'value': 82, 'prev_value': None, 'change': True}
2025-10-01 21:04:52,805 : INFO : EventManager : Event: ======'machine_var_audits_switches_s_three_bank_top'====== Args={'value': 99, 'prev_value': None, 'change': True}
2025-10-01 21:04:52,805 : INFO : EventManager : Event: ======'machine_var_audits_switches_s_tilt_bob'====== Args={'value': 21, 'prev_value': None, 'change': True}
2025-10-01 21:04:52,805 : INFO : EventManager : Event: ======'machine_var_audits_switches_s_top_right_flipper'====== Args={'value': 1294, 'prev_value': None, 'change': True}
2025-10-01 21:04:52,806 : INFO : EventManager : Event: ======'machine_var_audits_switches_s_trough1'====== Args={'value': 240, 'prev_value': None, 'change': True}
2025-10-01 21:04:52,806 : INFO : EventManager : Event: ======'machine_var_audits_switches_s_trough2'====== Args={'value': 248, 'prev_value': None, 'change': True}
2025-10-01 21:04:52,806 : INFO : EventManager : Event: ======'machine_var_audits_switches_s_trough3'====== Args={'value': 178, 'prev_value': None, 'change': True}
2025-10-01 21:04:52,806 : INFO : EventManager : Event: ======'machine_var_audits_switches_s_trough4'====== Args={'value': 160, 'prev_value': None, 'change': True}
2025-10-01 21:04:52,806 : INFO : EventManager : Event: ======'machine_var_audits_switches_s_trough5'====== Args={'value': 160, 'prev_value': None, 'change': True}
2025-10-01 21:04:52,806 : INFO : EventManager : Event: ======'machine_var_audits_switches_s_trough6'====== Args={'value': 158, 'prev_value': None, 'change': True}
2025-10-01 21:04:52,806 : INFO : EventManager : Event: ======'machine_var_audits_switches_s_trough_jam'====== Args={'value': 206, 'prev_value': None, 'change': True}
2025-10-01 21:04:52,806 : INFO : EventManager : Event: ======'machine_var_audits_switches_s_tshirt_bottom_standup'====== Args={'value': 28, 'prev_value': None, 'change': True}
2025-10-01 21:04:52,808 : INFO : EventManager : Event: ======'machine_var_audits_switches_s_tshirt_top_standup'====== Args={'value': 42, 'prev_value': None, 'change': True}
2025-10-01 21:04:52,808 : INFO : EventManager : Event: ======'machine_var_audits_switches_s_upper_pop_standup'====== Args={'value': 158, 'prev_value': None, 'change': True}
2025-10-01 21:04:52,808 : INFO : EventManager : Event: ======'init_phase_5'====== Args={}
2025-10-01 21:04:52,870 : INFO : EventManager : Event: ======'init_done'====== Args={}
2025-10-01 21:04:52,871 : INFO : EventManager : Event: ======'machine_reset_phase_1'====== Args={}
2025-10-01 21:04:52,881 : INFO : EventManager : Event: ======'machine_reset_phase_2'====== Args={}
2025-10-01 21:04:52,881 : INFO : EventManager : Event: ======'machine_reset_phase_3'====== Args={}
2025-10-01 21:04:52,882 : INFO : drop_target_bank.three_bank : All targets are already up. Will not reset bank.
2025-10-01 21:04:52,882 : INFO : EventManager : Event: ======'reset_complete'====== Args={}
2025-10-01 21:04:52,882 : INFO : EventManager : Event: ======'mode_attract_will_start'====== Args={}
2025-10-01 21:04:52,883 : INFO : EventManager : Event: ======'mode_attract_starting'====== Args={}
2025-10-01 21:04:52,884 : INFO : Mode.attract : Started. Priority: 10
2025-10-01 21:04:52,884 : INFO : EventManager : Event: ======'modes_active_modes_changed'====== Args={}
2025-10-01 21:04:52,884 : INFO : EventManager : Event: ======'mode_attract_started'====== Args={}
2025-10-01 21:04:52,885 : INFO : EventManager : Event: ======'collecting_balls_complete'====== Args={}
2025-10-01 21:04:52,901 : INFO : Machine : Starting the main run loop with active modes: [<Mode.attract>]
2025-10-01 21:04:52,904 : INFO : EventManager : Event: ======'slide_loading_created'====== Args={'_from_bcp': True}
2025-10-01 21:04:52,905 : INFO : EventManager : Event: ======'slide__removed'====== Args={'_from_bcp': True}
2025-10-01 21:04:52,905 : INFO : EventManager : Event: ======'slide_loading_active'====== Args={'original_context': '_global', 'original_calling_context': 'init_done', 'priority': 0.0, 'cmd': 'slides_play', '_from_bcp': True}
2025-10-01 21:04:52,995 : INFO : EventManager : Event: ======'slide_attract_created'====== Args={'_from_bcp': True}
2025-10-01 21:04:52,996 : INFO : EventManager : Event: ======'slide_loading_inactive'====== Args={'is_removing': True, '_from_bcp': True}
2025-10-01 21:04:52,996 : INFO : EventManager : Event: ======'slide_attract_active'====== Args={'original_context': 'attract', 'original_calling_context': 'mode_attract_started', 'priority': 10.0, 'cmd': 'slides_play', '_from_bcp': True}
2025-10-01 21:04:52,997 : INFO : EventManager : Event: ======'slide_loading_removed'====== Args={'_from_bcp': True}
2025-10-01 21:05:03,426 : INFO : BcpServer : New client connected.
2025-10-01 21:05:16,753 : INFO : SwitchController : <<<<<<< 's_start' active >>>>>>>
2025-10-01 21:05:16,902 : INFO : SwitchController : <<<<<<< 's_start' inactive >>>>>>>
2025-10-01 21:05:16,903 : INFO : EventManager : Event: ======'request_to_start_game'====== Args={}
2025-10-01 21:05:16,903 : INFO : EventManager : Event: ======'game_start'====== Args={'buttons': [], 'hold_time': 0.1410000000614673}
2025-10-01 21:05:16,904 : INFO : EventManager : Event: ======'mode_game_will_start'====== Args={'buttons': [], 'hold_time': 0.1410000000614673}
2025-10-01 21:05:16,905 : INFO : EventManager : Event: ======'mode_game_starting'====== Args={'buttons': [], 'hold_time': 0.1410000000614673}
2025-10-01 21:05:16,905 : INFO : EventManager : Event: ======'mode_attract_will_stop'====== Args={}
2025-10-01 21:05:16,905 : INFO : EventManager : Event: ======'mode_attract_stopping'====== Args={}
2025-10-01 21:05:16,905 : INFO : Mode.attract : Stopped.
2025-10-01 21:05:16,905 : INFO : EventManager : Event: ======'modes_active_modes_changed'====== Args={}
2025-10-01 21:05:16,906 : INFO : EventManager : Event: ======'mode_attract_stopped'====== Args={}
2025-10-01 21:05:16,906 : INFO : EventManager : Event: ======'clear'====== Args={'key': 'attract'}
2025-10-01 21:05:16,906 : INFO : Mode.game : Started. Priority: 20
2025-10-01 21:05:16,906 : INFO : EventManager : Event: ======'modes_active_modes_changed'====== Args={}
2025-10-01 21:05:16,906 : INFO : EventManager : Event: ======'mode_game_started'====== Args={'buttons': [], 'hold_time': 0.1410000000614673}
2025-10-01 21:05:16,912 : INFO : EventManager : Event: ======'game_will_start'====== Args={}
2025-10-01 21:05:16,914 : INFO : EventManager : Event: ======'game_starting'====== Args={'game': <Mode.game>}
2025-10-01 21:05:16,915 : INFO : EventManager : Unordered handler for class <Auditor> on event game_ended with priority 1. Handlers: [RegisteredHandler(callback=<bound method Auditor.disable of <Auditor>>, priority=1, kwargs={}, key=UUID('5a3f254d-571b-4345-9142-61ffc79bd9fd'), condition=None, blocking_facility=None), RegisteredHandler(callback=<bound method Auditor._save_audits of <Auditor>>, priority=1, kwargs={}, key=UUID('7c16532f-dde9-48f0-b1ba-da58f00a52f2'), condition=None, blocking_facility=None)]. The order of those handlers is not defined and they will be executed in random order. This might lead to race conditions and potential bugs.
2025-10-01 21:05:16,916 : INFO : EventManager : Event: ======'player_add_request'====== Args={}
2025-10-01 21:05:16,916 : INFO : EventManager : Event: ======'player_will_add'====== Args={'number': 1}
2025-10-01 21:05:16,917 : INFO : EventManager : Event: ======'player_adding'====== Args={'player': <Player 1>, 'number': 1}
2025-10-01 21:05:16,917 : INFO : EventManager : Event: ======'player_added'====== Args={'player': <Player 1>, 'num': 1}
2025-10-01 21:05:16,917 : INFO : Mode.game : Player added successfully. Total players: 1
2025-10-01 21:05:16,917 : INFO : EventManager : Event: ======'player_index'====== Args={'value': 0, 'prev_value': 0, 'change': 0, 'player_num': 1}
2025-10-01 21:05:16,918 : INFO : EventManager : Event: ======'player_number'====== Args={'value': 1, 'prev_value': 1, 'change': 0, 'player_num': 1}
2025-10-01 21:05:16,918 : INFO : EventManager : Event: ======'player_score'====== Args={'value': 0, 'prev_value': 0, 'change': 0, 'player_num': 1}
2025-10-01 21:05:16,918 : INFO : EventManager : Event: ======'game_started'====== Args={}
2025-10-01 21:05:16,929 : INFO : EventManager : Event: ======'player_turn_will_start'====== Args={'player': <Player 1>, 'number': 1}
2025-10-01 21:05:16,937 : INFO : EventManager : Event: ======'player_turn_starting'====== Args={'player': <Player 1>, 'number': 1}
2025-10-01 21:05:16,937 : INFO : EventManager : Event: ======'player_ball'====== Args={'value': 1, 'prev_value': 0, 'change': 1, 'player_num': 1}
2025-10-01 21:05:16,938 : INFO : EventManager : Event: ======'player_turn_started'====== Args={'player': <Player 1>, 'number': 1}
2025-10-01 21:05:16,941 : INFO : EventManager : Event: ======'ball_will_start'====== Args={'player': 1, 'ball': 1, 'balls_remaining': 2, 'is_extra_ball': False}
2025-10-01 21:05:16,944 : INFO : EventManager : Event: ======'ball_starting'====== Args={'player': 1, 'ball': 1, 'balls_remaining': 2, 'is_extra_ball': False}
2025-10-01 21:05:16,945 : INFO : EventManager : Event: ======'mode_base_will_start'====== Args={'queue': <QueuedEvent>, 'player': 1, 'ball': 1, 'balls_remaining': 2, 'is_extra_ball': False}
2025-10-01 21:05:16,950 : INFO : EventManager : Event: ======'mode_base_starting'====== Args={'queue': <QueuedEvent>, 'player': 1, 'ball': 1, 'balls_remaining': 2, 'is_extra_ball': False}
2025-10-01 21:05:16,951 : INFO : drop_target_bank.three_bank : All targets are already up. Will not reset bank.
2025-10-01 21:05:16,952 : INFO : EventManager : Event: ======'balls_in_play'====== Args={'balls': 1}
2025-10-01 21:05:16,952 : INFO : EventManager : Event: ======'ball_started'====== Args={'player': 1, 'ball': 1, 'balls_remaining': 2, 'is_extra_ball': False}
2025-10-01 21:05:16,952 : INFO : EventManager : Event: ======'logicblock_drop_target_counter_updated'====== Args={'value': 0, 'enabled': True}
2025-10-01 21:05:16,953 : INFO : EventManager : Event: ======'logicblock_drop_target_counter_updated'====== Args={'value': 0, 'enabled': True}
2025-10-01 21:05:16,953 : INFO : Mode.base : Started. Priority: 100
2025-10-01 21:05:16,953 : INFO : EventManager : Event: ======'modes_active_modes_changed'====== Args={}
2025-10-01 21:05:16,953 : INFO : EventManager : Event: ======'mode_base_started'====== Args={'queue': <QueuedEvent>, 'player': 1, 'ball': 1, 'balls_remaining': 2, 'is_extra_ball': False}
2025-10-01 21:05:16,954 : INFO : EventManager : Event: ======'mode_skill_shot_will_start'====== Args={'player': 1, 'ball': 1, 'balls_remaining': 2, 'is_extra_ball': False}
2025-10-01 21:05:16,954 : INFO : EventManager : Event: ======'player_shot_skill_side_targets_enabled'====== Args={'value': True, 'prev_value': 0, 'change': 1, 'player_num': 1}
2025-10-01 21:05:16,955 : INFO : EventManager : Event: ======'player_shot_skill_drop_targets_enabled'====== Args={'value': True, 'prev_value': 0, 'change': 1, 'player_num': 1}
2025-10-01 21:05:16,956 : INFO : EventManager : Event: ======'skill_shot_complete'====== Args={'state': 'unlit'}
2025-10-01 21:05:16,956 : INFO : EventManager : Event: ======'skill_shot_unlit_complete'====== Args={}
2025-10-01 21:05:16,956 : INFO : EventManager : Event: ======'player_skill_shot_skill_shot_timeout_tick'====== Args={'value': 0, 'prev_value': 0, 'change': 0, 'player_num': 1}
2025-10-01 21:05:16,958 : INFO : EventManager : Event: ======'mode_skill_shot_starting'====== Args={'player': 1, 'ball': 1, 'balls_remaining': 2, 'is_extra_ball': False}
2025-10-01 21:05:16,960 : INFO : EventManager : Event: ======'mode_carousel_will_start'====== Args={'queue': <QueuedEvent>, 'player': 1, 'ball': 1, 'balls_remaining': 2, 'is_extra_ball': False}
2025-10-01 21:05:16,961 : INFO : EventManager : Event: ======'mode_carousel_starting'====== Args={'queue': <QueuedEvent>, 'player': 1, 'ball': 1, 'balls_remaining': 2, 'is_extra_ball': False}
2025-10-01 21:05:16,961 : INFO : EventManager : Event: ======'ball_save_default_enabled'====== Args={}
2025-10-01 21:05:16,961 : INFO : Mode.carousel : Started. Priority: 200
2025-10-01 21:05:16,962 : INFO : EventManager : Event: ======'modes_active_modes_changed'====== Args={}
2025-10-01 21:05:16,962 : INFO : EventManager : Event: ======'mode_carousel_started'====== Args={'queue': <QueuedEvent>, 'player': 1, 'ball': 1, 'balls_remaining': 2, 'is_extra_ball': False}
2025-10-01 21:05:16,962 : INFO : EventManager : Event: ======'item_highlighted'====== Args={'carousel': 'carousel', 'direction': None, 'item': 'intergalactic'}
2025-10-01 21:05:16,963 : INFO : Mode.skill_shot : Started. Priority: 500
2025-10-01 21:05:16,963 : INFO : EventManager : Event: ======'modes_active_modes_changed'====== Args={}
2025-10-01 21:05:16,963 : INFO : EventManager : Event: ======'mode_skill_shot_started'====== Args={'player': 1, 'ball': 1, 'balls_remaining': 2, 'is_extra_ball': False}
2025-10-01 21:05:16,964 : INFO : EventManager : Event: ======'player_shot_skill_side_targets'====== Args={'value': 1, 'prev_value': 0, 'change': 1, 'player_num': 1}
2025-10-01 21:05:16,965 : INFO : EventManager : Event: ======'player_shot_skill_drop_targets'====== Args={'value': 1, 'prev_value': 0, 'change': 1, 'player_num': 1}
2025-10-01 21:05:16,966 : INFO : EventManager : Event: ======'skill_shot_complete'====== Args={'state': 'flashing'}
2025-10-01 21:05:16,966 : INFO : EventManager : Event: ======'skill_shot_flashing_complete'====== Args={}
2025-10-01 21:05:16,967 : INFO : EventManager : Event: ======'single_player_ball_started'====== Args={}
2025-10-01 21:05:16,987 : INFO : EventManager : Event: ======'ball_start_target'====== Args={'target': 'playfield'}
2025-10-01 21:05:16,988 : INFO : ball_device.bd_plunger : Setting up player-controlled eject. Balls: 1, Target: <playfield.playfield>, player_controlled_eject_event: None
2025-10-01 21:05:16,989 : INFO : EventManager : Event: ======'balldevice_balls_available'====== Args={}
2025-10-01 21:05:16,989 : INFO : EventManager : Event: ======'slide_base_created'====== Args={'_from_bcp': True}
2025-10-01 21:05:16,992 : INFO : ball_device.bd_trough : State: waiting_for_target_ready
2025-10-01 21:05:16,993 : INFO : EventManager : Event: ======'balldevice_bd_trough_ball_eject_attempt'====== Args={'balls': 1, 'target': <ball_device.bd_plunger>, 'source': <ball_device.bd_trough>, 'mechanical_eject': True, 'num_attempts': 0}
2025-10-01 21:05:16,994 : INFO : ball_device.bd_plunger : State: waiting_for_ball
2025-10-01 21:05:16,995 : INFO : ball_device.bd_trough : State: ejecting
2025-10-01 21:05:16,995 : INFO : ball_device.bd_trough : Ejecting ball to <ball_device.bd_plunger>
2025-10-01 21:05:16,996 : INFO : EventManager : Event: ======'balldevice_bd_trough_ejecting_ball'====== Args={'balls': 1, 'target': <ball_device.bd_plunger>, 'source': <ball_device.bd_trough>, 'mechanical_eject': True, 'num_attempts': 0}
2025-10-01 21:05:16,997 : INFO : ball_device.bd_trough : Wait for ball to leave device
2025-10-01 21:05:16,998 : INFO : coil.c_trough_eject : Pulsing Driver for 20ms (1.0 pulse_power)
2025-10-01 21:05:16,999 : INFO : SwitchController : <<<<<<< 's_trough1' inactive >>>>>>>
2025-10-01 21:05:17,007 : INFO : EventManager : Event: ======'slide_score_overlay_created'====== Args={'_from_bcp': True}
2025-10-01 21:05:17,008 : INFO : EventManager : Event: ======'slide_attract_inactive'====== Args={'is_removing': True, '_from_bcp': True}
2025-10-01 21:05:17,008 : INFO : EventManager : Event: ======'slide_score_overlay_active'====== Args={'original_context': 'base', 'original_calling_context': 'mode_base_started', 'priority': 100.0, 'queue': '<QueuedEvent>', 'player': 1.0, 'ball': 1.0, 'balls_remaining': 2.0, 'is_extra_ball': False, 'cmd': 'slides_play', '_from_bcp': True}
2025-10-01 21:05:17,008 : INFO : EventManager : Event: ======'slide_attract_removed'====== Args={'_from_bcp': True}
2025-10-01 21:05:17,009 : INFO : ball_device.bd_trough : State: ball_left
2025-10-01 21:05:17,010 : INFO : ball_device.bd_trough : Ball left
2025-10-01 21:05:17,010 : INFO : ball_device.bd_trough : Wait for confirm with timeout 3.0
2025-10-01 21:05:17,013 : INFO : EventManager : Event: ======'slide_current_mode_highlighted_created'====== Args={'_from_bcp': True}
2025-10-01 21:05:17,110 : INFO : SwitchController : <<<<<<< 's_plunger' active >>>>>>>
2025-10-01 21:05:17,111 : INFO : EventManager : Event: ======'machine_var_audits_switches_s_plunger'====== Args={'value': 583, 'prev_value': 582, 'change': 1}
2025-10-01 21:05:17,367 : INFO : EventManager : Event: ======'slide_skillshot_overlay_created'====== Args={'_from_bcp': True}
2025-10-01 21:05:17,368 : INFO : EventManager : Event: ======'slide_score_overlay_inactive'====== Args={'is_removing': False, '_from_bcp': True}
2025-10-01 21:05:17,369 : INFO : EventManager : Event: ======'slide_skillshot_overlay_active'====== Args={'original_context': 'skill_shot', 'original_calling_context': 'mode_skill_shot_started', 'priority': 500.0, 'player': 1.0, 'ball': 1.0, 'balls_remaining': 2.0, 'is_extra_ball': False, 'cmd': 'slides_play', '_from_bcp': True}
2025-10-01 21:05:17,625 : INFO : ball_device.bd_plunger : Received ball from <ball_device.bd_trough>
2025-10-01 21:05:17,626 : INFO : EventManager : Event: ======'balldevice_bd_plunger_ball_enter'====== Args={'new_balls': 1, 'unclaimed_balls': 0, 'new_available_balls': 0, 'device': <ball_device.bd_plunger>}
2025-10-01 21:05:17,626 : INFO : EventManager : Event: ======'balldevice_bd_plunger_ball_entered'====== Args={'new_balls': 0, 'device': <ball_device.bd_plunger>}
2025-10-01 21:05:17,627 : INFO : EventManager : Event: ======'balldevice_bd_plunger_ball_count_changed'====== Args={'balls': 1}
2025-10-01 21:05:17,627 : INFO : ball_device.bd_trough : Got eject confirm
2025-10-01 21:05:17,627 : INFO : ball_device.bd_trough : Eject successful
2025-10-01 21:05:17,627 : INFO : EventManager : Event: ======'balldevice_bd_trough_ball_eject_success'====== Args={'balls': 1, 'target': <ball_device.bd_plunger>}
2025-10-01 21:05:17,628 : INFO : EventManager : Event: ======'balldevice_bd_trough_ball_count_changed'====== Args={'balls': 5}
2025-10-01 21:05:17,628 : INFO : ball_device.bd_trough : State: idle
2025-10-01 21:05:17,628 : INFO : ball_device.bd_plunger : State: waiting_for_target_ready
2025-10-01 21:05:17,630 : INFO : EventManager : Event: ======'balldevice_bd_plunger_ball_eject_attempt'====== Args={'balls': 1, 'target': <playfield.playfield>, 'source': <ball_device.bd_plunger>, 'mechanical_eject': True, 'num_attempts': 0}
2025-10-01 21:05:17,631 : INFO : ball_device.bd_plunger : State: ejecting
2025-10-01 21:05:17,631 : INFO : ball_device.bd_plunger : Ejecting ball to <playfield.playfield>
2025-10-01 21:05:17,632 : INFO : EventManager : Event: ======'balldevice_bd_plunger_ejecting_ball'====== Args={'balls': 1, 'target': <playfield.playfield>, 'source': <ball_device.bd_plunger>, 'mechanical_eject': True, 'num_attempts': 0}
2025-10-01 21:05:17,634 : INFO : ball_device.bd_plunger : Wait for ball to leave device
2025-10-01 21:05:26,826 : INFO : SwitchController : <<<<<<< 's_right_flipper' active >>>>>>>
2025-10-01 21:05:26,826 : INFO : EventManager : Event: ======'s_right_flipper_active'====== Args={}
2025-10-01 21:05:26,826 : INFO : EventManager : Event: ======'machine_var_audits_switches_s_right_flipper'====== Args={'value': 1510, 'prev_value': 1509, 'change': 1}
2025-10-01 21:05:26,874 : INFO : SwitchController : <<<<<<< 's_right_flipper' inactive >>>>>>>
2025-10-01 21:05:34,739 : INFO : SwitchController : <<<<<<< 's_plunger' inactive >>>>>>>
2025-10-01 21:05:34,739 : INFO : EventManager : Event: ======'ball_out'====== Args={}
2025-10-01 21:05:34,740 : INFO : EventManager : Event: ======'ball_save_default_timer_start'====== Args={}
2025-10-01 21:05:34,744 : INFO : ball_device.bd_plunger : State: ball_left
2025-10-01 21:05:34,744 : INFO : ball_device.bd_plunger : Ball left
2025-10-01 21:05:34,744 : INFO : ball_device.bd_plunger : Wait for confirm with timeout 3.0
2025-10-01 21:05:37,752 : INFO : EventManager : Event: ======'ball_save_default_hurry_up'====== Args={}
2025-10-01 21:05:37,753 : INFO : ball_device.bd_plunger : State: failed_confirm
2025-10-01 21:05:37,753 : INFO : ball_device.bd_plunger : Got timeout (3.0s) before confirm from <playfield.playfield>
2025-10-01 21:05:37,845 : INFO : ball_device.bd_plunger : Confirming eject because target is playfield and ball did not return.
2025-10-01 21:05:37,845 : INFO : ball_device.bd_plunger : Eject successful
2025-10-01 21:05:37,845 : INFO : EventManager : Event: ======'balldevice_bd_plunger_ball_eject_success'====== Args={'balls': 1, 'target': <playfield.playfield>}
2025-10-01 21:05:37,847 : INFO : EventManager : Event: ======'balldevice_playfield_ball_enter'====== Args={'new_balls': 1, 'unclaimed_balls': 1, 'device': <playfield.playfield>}
2025-10-01 21:05:37,848 : INFO : EventManager : Event: ======'playfield_ball_count_change'====== Args={'balls': 1, 'change': 1}
2025-10-01 21:05:37,848 : INFO : Timer.skill_shot_timeout : Starting Timer.
2025-10-01 21:05:37,848 : INFO : EventManager : Event: ======'timer_skill_shot_timeout_started'====== Args={'ticks': 0, 'ticks_remaining': 5}
2025-10-01 21:05:37,848 : INFO : EventManager : Event: ======'timer_skill_shot_timeout_tick'====== Args={'ticks': 0, 'ticks_remaining': 5}
2025-10-01 21:05:37,849 : INFO : EventManager : Event: ======'balldevice_bd_plunger_ball_count_changed'====== Args={'balls': 0}
2025-10-01 21:05:37,849 : INFO : ball_device.bd_plunger : State: idle
2025-10-01 21:05:38,156 : INFO : SwitchController : <<<<<<< 's_tshirt_top_standup' active >>>>>>>
2025-10-01 21:05:38,156 : INFO : EventManager : Event: ======'s_tshirt_top_standup_active'====== Args={}
2025-10-01 21:05:38,156 : INFO : EventManager : Event: ======'machine_var_audits_switches_s_tshirt_top_standup'====== Args={'value': 43, 'prev_value': 42, 'change': 1}
2025-10-01 21:05:38,159 : INFO : EventManager : Event: ======'player_shot_skill_side_targets'====== Args={'value': 2, 'prev_value': 1, 'change': 1, 'player_num': 1}
2025-10-01 21:05:38,160 : INFO : EventManager : Event: ======'machine_var_audits_shots_skill_side_targets'====== Args={'value': 9, 'prev_value': 8, 'change': 1}
2025-10-01 21:05:38,160 : INFO : EventManager : Event: ======'skill_side_targets_hit'====== Args={'profile': 'skill_shot_profile', 'state': 'flashing', 'advancing': True}
2025-10-01 21:05:38,161 : INFO : EventManager : Event: ======'skill_side_targets_skill_shot_profile_hit'====== Args={'profile': 'skill_shot_profile', 'state': 'flashing', 'advancing': True}
2025-10-01 21:05:38,162 : INFO : EventManager : Event: ======'skill_side_targets_skill_shot_profile_flashing_hit'====== Args={'profile': 'skill_shot_profile', 'state': 'flashing', 'advancing': True}
2025-10-01 21:05:38,162 : INFO : EventManager : Event: ======'skill_side_targets_flashing_hit'====== Args={'profile': 'skill_shot_profile', 'state': 'flashing', 'advancing': True}
2025-10-01 21:05:38,162 : INFO : EventManager : Event: ======'player_score'====== Args={'value': 5010, 'prev_value': 0, 'change': 5010, 'player_num': 1, 'source': 'base'}
2025-10-01 21:05:38,163 : INFO : EventManager : Event: ======'skill_shot_hit'====== Args={'shot': 'skill_side_targets'}
2025-10-01 21:05:38,163 : INFO : EventManager : Event: ======'skill_shot_flashing_hit'====== Args={'shot': 'skill_side_targets'}
2025-10-01 21:05:38,164 : INFO : state_machine.skill_shot_success : Transitioning from start to success
2025-10-01 21:05:38,164 : INFO : EventManager : Event: ======'skill_success'====== Args={}
2025-10-01 21:05:38,165 : INFO : EventManager : Event: ======'mode_skill_shot_will_stop'====== Args={}
2025-10-01 21:05:38,165 : INFO : EventManager : Event: ======'mode_skill_shot_stopping'====== Args={}
2025-10-01 21:05:38,167 : INFO : EventManager : Event: ======'player_score'====== Args={'value': 2005010, 'prev_value': 5010, 'change': 2000000, 'player_num': 1, 'source': 'skill_shot'}
2025-10-01 21:05:38,169 : INFO : Mode.skill_shot : Stopped.
2025-10-01 21:05:38,169 : INFO : EventManager : Event: ======'modes_active_modes_changed'====== Args={}
2025-10-01 21:05:38,169 : INFO : EventManager : Event: ======'mode_skill_shot_stopped'====== Args={}
2025-10-01 21:05:38,170 : INFO : EventManager : Event: ======'clear'====== Args={'key': 'skill_shot'}
2025-10-01 21:05:38,171 : INFO : Timer.skill_shot_timeout : Stopping Timer
2025-10-01 21:05:38,171 : INFO : EventManager : Event: ======'timer_skill_shot_timeout_stopped'====== Args={'ticks': 0, 'ticks_remaining': 5}
2025-10-01 21:05:38,218 : INFO : EventManager : Event: ======'slide_skillshot_overlay_inactive'====== Args={'is_removing': True, '_from_bcp': True}
2025-10-01 21:05:38,219 : INFO : EventManager : Event: ======'slide_score_overlay_active'====== Args={'_from_bcp': True}
2025-10-01 21:05:38,220 : INFO : EventManager : Event: ======'slide_skillshot_overlay_removed'====== Args={'_from_bcp': True}
2025-10-01 21:05:38,221 : INFO : EventManager : Event: ======'slide_skillshot_success_overlay_created'====== Args={'_from_bcp': True}
2025-10-01 21:05:38,221 : INFO : EventManager : Event: ======'slide_score_overlay_inactive'====== Args={'is_removing': False, '_from_bcp': True}
2025-10-01 21:05:38,221 : INFO : EventManager : Event: ======'slide_skillshot_success_overlay_active'====== Args={'original_context': 'base', 'original_calling_context': 'skill_success', 'priority': 100.0, 'cmd': 'slides_play', '_from_bcp': True}
2025-10-01 21:05:38,227 : INFO : SwitchController : <<<<<<< 's_tshirt_top_standup' inactive >>>>>>>
2025-10-01 21:05:39,733 : INFO : EventManager : Event: ======'ball_save_default_grace_period'====== Args={}
2025-10-01 21:05:41,754 : INFO : EventManager : Event: ======'ball_save_default_disabled'====== Args={}
2025-10-01 21:05:58,361 : INFO : SwitchController : <<<<<<< 's_right_flipper' active >>>>>>>
2025-10-01 21:05:58,363 : INFO : EventManager : Event: ======'machine_var_audits_switches_s_right_flipper'====== Args={'value': 1511, 'prev_value': 1510, 'change': 1}
2025-10-01 21:05:58,436 : INFO : SwitchController : <<<<<<< 's_right_flipper' inactive >>>>>>>
2025-10-01 21:06:00,301 : INFO : SwitchController : <<<<<<< 's_center_upper_pop' active >>>>>>>
2025-10-01 21:06:00,301 : INFO : EventManager : Event: ======'s_center_upper_pop_active'====== Args={}
2025-10-01 21:06:00,301 : INFO : EventManager : Event: ======'machine_var_audits_switches_s_center_upper_pop'====== Args={'value': 184, 'prev_value': 183, 'change': 1}
2025-10-01 21:06:00,303 : INFO : EventManager : Event: ======'item_highlighted'====== Args={'carousel': 'carousel', 'direction': 'forwards', 'item': 'paulrevere'}
2025-10-01 21:06:00,304 : INFO : EventManager : Event: ======'player_score'====== Args={'value': 2006120, 'prev_value': 2005010, 'change': 1110, 'player_num': 1, 'source': 'base'}
2025-10-01 21:06:00,372 : INFO : SwitchController : <<<<<<< 's_center_upper_pop' inactive >>>>>>>
2025-10-01 21:06:01,544 : INFO : SwitchController : <<<<<<< 's_center_upper_pop' active >>>>>>>
2025-10-01 21:06:01,545 : INFO : EventManager : Event: ======'s_center_upper_pop_active'====== Args={}
2025-10-01 21:06:01,545 : INFO : EventManager : Event: ======'machine_var_audits_switches_s_center_upper_pop'====== Args={'value': 185, 'prev_value': 184, 'change': 1}
2025-10-01 21:06:01,549 : INFO : EventManager : Event: ======'item_highlighted'====== Args={'carousel': 'carousel', 'direction': 'forwards', 'item': 'intergalactic'}
2025-10-01 21:06:01,549 : INFO : EventManager : Event: ======'player_score'====== Args={'value': 2007230, 'prev_value': 2006120, 'change': 1110, 'player_num': 1, 'source': 'base'}
2025-10-01 21:06:01,620 : INFO : SwitchController : <<<<<<< 's_center_upper_pop' inactive >>>>>>>
2025-10-01 21:06:02,090 : INFO : SwitchController : <<<<<<< 's_center_upper_pop' active >>>>>>>
2025-10-01 21:06:02,090 : INFO : EventManager : Event: ======'s_center_upper_pop_active'====== Args={}
2025-10-01 21:06:02,091 : INFO : EventManager : Event: ======'machine_var_audits_switches_s_center_upper_pop'====== Args={'value': 186, 'prev_value': 185, 'change': 1}
2025-10-01 21:06:02,091 : INFO : EventManager : Event: ======'item_highlighted'====== Args={'carousel': 'carousel', 'direction': 'forwards', 'item': 'paulrevere'}
2025-10-01 21:06:02,092 : INFO : EventManager : Event: ======'player_score'====== Args={'value': 2008340, 'prev_value': 2007230, 'change': 1110, 'player_num': 1, 'source': 'base'}
2025-10-01 21:06:02,199 : INFO : SwitchController : <<<<<<< 's_center_upper_pop' inactive >>>>>>>
2025-10-01 21:06:02,864 : INFO : SwitchController : <<<<<<< 's_center_upper_pop' active >>>>>>>
2025-10-01 21:06:02,864 : INFO : EventManager : Event: ======'s_center_upper_pop_active'====== Args={}
2025-10-01 21:06:02,864 : INFO : EventManager : Event: ======'machine_var_audits_switches_s_center_upper_pop'====== Args={'value': 187, 'prev_value': 186, 'change': 1}
2025-10-01 21:06:02,865 : INFO : EventManager : Event: ======'item_highlighted'====== Args={'carousel': 'carousel', 'direction': 'forwards', 'item': 'intergalactic'}
2025-10-01 21:06:02,865 : INFO : EventManager : Event: ======'player_score'====== Args={'value': 2009450, 'prev_value': 2008340, 'change': 1110, 'player_num': 1, 'source': 'base'}
2025-10-01 21:06:02,966 : INFO : SwitchController : <<<<<<< 's_center_upper_pop' inactive >>>>>>>
2025-10-01 21:06:03,511 : INFO : SwitchController : <<<<<<< 's_center_upper_pop' active >>>>>>>
2025-10-01 21:06:03,511 : INFO : EventManager : Event: ======'s_center_upper_pop_active'====== Args={}
2025-10-01 21:06:03,512 : INFO : EventManager : Event: ======'machine_var_audits_switches_s_center_upper_pop'====== Args={'value': 188, 'prev_value': 187, 'change': 1}
2025-10-01 21:06:03,513 : INFO : EventManager : Event: ======'item_highlighted'====== Args={'carousel': 'carousel', 'direction': 'forwards', 'item': 'paulrevere'}
2025-10-01 21:06:03,514 : INFO : EventManager : Event: ======'player_score'====== Args={'value': 2010560, 'prev_value': 2009450, 'change': 1110, 'player_num': 1, 'source': 'base'}
2025-10-01 21:06:03,589 : INFO : SwitchController : <<<<<<< 's_center_upper_pop' inactive >>>>>>>
2025-10-01 21:06:04,739 : INFO : SwitchController : <<<<<<< 's_right_lower_pop' active >>>>>>>
2025-10-01 21:06:04,739 : INFO : EventManager : Event: ======'s_right_lower_pop_active'====== Args={}
2025-10-01 21:06:04,739 : INFO : EventManager : Event: ======'machine_var_audits_switches_s_right_lower_pop'====== Args={'value': 411, 'prev_value': 410, 'change': 1}
2025-10-01 21:06:04,740 : INFO : EventManager : Event: ======'item_highlighted'====== Args={'carousel': 'carousel', 'direction': 'backwards', 'item': 'intergalactic'}
2025-10-01 21:06:04,740 : INFO : EventManager : Event: ======'player_score'====== Args={'value': 2011670, 'prev_value': 2010560, 'change': 1110, 'player_num': 1, 'source': 'base'}
2025-10-01 21:06:04,823 : INFO : SwitchController : <<<<<<< 's_right_lower_pop' inactive >>>>>>>
2025-10-01 21:06:05,734 : INFO : SwitchController : <<<<<<< 's_right_lower_pop' active >>>>>>>
2025-10-01 21:06:05,734 : INFO : EventManager : Event: ======'s_right_lower_pop_active'====== Args={}
2025-10-01 21:06:05,735 : INFO : EventManager : Event: ======'machine_var_audits_switches_s_right_lower_pop'====== Args={'value': 412, 'prev_value': 411, 'change': 1}
2025-10-01 21:06:05,736 : INFO : EventManager : Event: ======'item_highlighted'====== Args={'carousel': 'carousel', 'direction': 'backwards', 'item': 'paulrevere'}
2025-10-01 21:06:05,736 : INFO : EventManager : Event: ======'player_score'====== Args={'value': 2012780, 'prev_value': 2011670, 'change': 1110, 'player_num': 1, 'source': 'base'}
2025-10-01 21:06:05,841 : INFO : SwitchController : <<<<<<< 's_right_lower_pop' inactive >>>>>>>
2025-10-01 21:06:06,207 : INFO : SwitchController : <<<<<<< 's_right_lower_pop' active >>>>>>>
2025-10-01 21:06:06,208 : INFO : EventManager : Event: ======'s_right_lower_pop_active'====== Args={}
2025-10-01 21:06:06,208 : INFO : EventManager : Event: ======'machine_var_audits_switches_s_right_lower_pop'====== Args={'value': 413, 'prev_value': 412, 'change': 1}
2025-10-01 21:06:06,209 : INFO : EventManager : Event: ======'item_highlighted'====== Args={'carousel': 'carousel', 'direction': 'backwards', 'item': 'intergalactic'}
2025-10-01 21:06:06,210 : INFO : EventManager : Event: ======'player_score'====== Args={'value': 2013890, 'prev_value': 2012780, 'change': 1110, 'player_num': 1, 'source': 'base'}
2025-10-01 21:06:06,293 : INFO : SwitchController : <<<<<<< 's_right_lower_pop' inactive >>>>>>>
2025-10-01 21:06:07,578 : INFO : Machine : Shutting down...
2025-10-01 21:06:07,578 : INFO : EventManager : Event: ======'shutdown'====== Args={}
2025-10-01 21:06:07,580 : INFO : EventManager : Event: ======'mode_game_will_stop'====== Args={}
2025-10-01 21:06:07,580 : INFO : EventManager : Event: ======'mode_game_stopping'====== Args={}
2025-10-01 21:06:07,582 : INFO : EventManager : Event: ======'mode_carousel_will_stop'====== Args={}
2025-10-01 21:06:07,582 : INFO : EventManager : Event: ======'mode_carousel_stopping'====== Args={}
2025-10-01 21:06:07,582 : INFO : EventManager : Event: ======'mode_base_will_stop'====== Args={}
2025-10-01 21:06:07,582 : INFO : EventManager : Event: ======'mode_base_stopping'====== Args={}
2025-10-01 21:06:07,583 : INFO : Mode.base : Stopped.
2025-10-01 21:06:07,583 : INFO : EventManager : Event: ======'modes_active_modes_changed'====== Args={}
2025-10-01 21:06:07,584 : INFO : EventManager : Event: ======'mode_base_stopped'====== Args={}
2025-10-01 21:06:07,584 : INFO : EventManager : Event: ======'clear'====== Args={'key': 'base'}
2025-10-01 21:06:07,585 : INFO : Mode.carousel : Stopped.
2025-10-01 21:06:07,585 : INFO : EventManager : Event: ======'modes_active_modes_changed'====== Args={}
2025-10-01 21:06:07,585 : INFO : EventManager : Event: ======'mode_carousel_stopped'====== Args={}
2025-10-01 21:06:07,586 : INFO : EventManager : Event: ======'clear'====== Args={'key': 'carousel'}
2025-10-01 21:06:07,586 : INFO : Mode.game : Stopped.
2025-10-01 21:06:07,586 : INFO : EventManager : Event: ======'modes_active_modes_changed'====== Args={}
2025-10-01 21:06:07,586 : INFO : EventManager : Event: ======'mode_game_stopped'====== Args={}
2025-10-01 21:06:07,587 : INFO : EventManager : Event: ======'clear'====== Args={'key': 'game'}
2025-10-01 21:06:07,626 : INFO : root : MPF run loop ended.
