2025-10-02 17:51:44,578 : INFO : root : Loading config.
2025-10-02 17:51:44,582 : INFO : YamlMultifileConfigLoader : Machine config file #1: config.yaml
2025-10-02 17:51:44,582 : INFO : ConfigProcessor : Loading config from cache: C:\Users\sdona\AppData\Local\Temp\19f6d0d7953982fda9d956182316b8e5.mpf_cache
2025-10-02 17:51:44,698 : INFO : ConfigProcessor : Loading config from cache: C:\Users\sdona\AppData\Local\Temp\835b5bfea4be8b279a05e96caaaffbbb.mpf_cache
2025-10-02 17:51:44,699 : INFO : ConfigProcessor : Loading config from cache: C:\Users\sdona\AppData\Local\Temp\9b0a7575388f9d9bd2f6ab87bf9fd2f7.mpf_cache
2025-10-02 17:51:44,700 : INFO : ConfigProcessor : Loading config from cache: C:\Users\sdona\AppData\Local\Temp\c340ec0033d1055cd797ffd5447ef414.mpf_cache
2025-10-02 17:51:44,700 : INFO : ConfigProcessor : Loading config from cache: C:\Users\sdona\AppData\Local\Temp\835b5bfea4be8b279a05e96caaaffbbb.mpf_cache
2025-10-02 17:51:44,701 : INFO : ConfigProcessor : Loading config from cache: C:\Users\sdona\AppData\Local\Temp\8c11a28e3c38d4ad47947b6a126f2ee9.mpf_cache
2025-10-02 17:51:44,702 : WARNING : ConfigProcessor : Config file in cache changed: C:\venv\mpf\mmmdrop\modes\carousel\config\carousel.yaml
2025-10-02 17:51:44,702 : INFO : ConfigProcessor : Loading config from file C:\venv\mpf\mmmdrop\modes\carousel\config\carousel.yaml.
2025-10-02 17:51:44,704 : INFO : ConfigProcessor : Loading config: C:\venv\mpf\mmmdrop\modes\carousel\config\carousel.yaml
2025-10-02 17:51:44,705 : INFO : ConfigProcessor : Config file cache created: C:\Users\sdona\AppData\Local\Temp\f0c219a993d891ee86dcb7eae47dde67.mpf_cache
2025-10-02 17:51:44,705 : INFO : ConfigProcessor : Loading config from cache: C:\Users\sdona\AppData\Local\Temp\96aa58108928490b129531848cd9b506.mpf_cache
2025-10-02 17:51:44,706 : INFO : ConfigProcessor : Loading config from cache: C:\Users\sdona\AppData\Local\Temp\567636b9d9766e3361204e954a8382da.mpf_cache
2025-10-02 17:51:44,706 : INFO : ConfigProcessor : Loading config from cache: C:\Users\sdona\AppData\Local\Temp\e391083cdc9e667060411fe5838e93f2.mpf_cache
2025-10-02 17:51:44,708 : INFO : Machine : Mission Pinball Framework Core Engine v0.80.0.dev9
2025-10-02 17:51:44,708 : INFO : Machine : Command line arguments: {'no_load_cache': False, 'create_config_cache': True, 'bcp': True, 'configfile': ['config.yaml'], 'force_assets_load': False, 'platform_integration_test': False, 'jsonlogging': False, 'logfile': 'logs\\2025-10-02-17-51-44-mpf-PinballLaptop.log', 'pause': False, 'production': False, 'text_ui': True, 'loglevel': 15, 'consoleloglevel': 20, 'force_platform': 'smart_virtual', 'syslog_address': None, 'full_logfile_path': 'C:\\venv\\mpf\\mmmdrop\\logs\\2025-10-02-17-51-44-mpf-PinballLaptop.log'}
2025-10-02 17:51:44,709 : INFO : Machine : MPF path: c:\venv\mpf\lib\site-packages\mpf
2025-10-02 17:51:44,709 : INFO : Machine : Machine path: C:\venv\mpf\mmmdrop
2025-10-02 17:51:44,709 : INFO : Machine : Platform: win32
2025-10-02 17:51:44,709 : INFO : Machine : Python executable location: c:\venv\mpf\Scripts\python.exe
2025-10-02 17:51:44,709 : INFO : Machine : Python version: 3.9.13 (64-bit)
2025-10-02 17:51:44,711 : INFO : Machine : Initializing MPF...
2025-10-02 17:51:44,920 : INFO : EventManager : Event: ======'machine_var_credits_string'====== Args={'value': 'FREE PLAY', 'prev_value': None, 'change': True}
2025-10-02 17:51:44,951 : INFO : EventManager : Event: ======'machine_var_fast_audio_headphones_volume'====== Args={'value': 10, 'prev_value': None, 'change': True}
2025-10-02 17:51:44,951 : INFO : EventManager : Event: ======'machine_var_fast_audio_main_volume'====== Args={'value': 44, 'prev_value': None, 'change': True}
2025-10-02 17:51:44,951 : INFO : EventManager : Event: ======'machine_var_master_volume'====== Args={'value': 0.15, 'prev_value': None, 'change': True}
2025-10-02 17:51:44,952 : INFO : EventManager : Event: ======'machine_var_player1_score'====== Args={'value': 140190, 'prev_value': None, 'change': True}
2025-10-02 17:51:44,952 : INFO : EventManager : Event: ======'machine_var_mpf_version'====== Args={'value': 'Mission Pinball Framework v0.80.0.dev9', 'prev_value': None, 'change': True}
2025-10-02 17:51:44,952 : INFO : EventManager : Event: ======'machine_var_mpf_extended_version'====== Args={'value': 'Mission Pinball Framework v0.80.0.dev9, Config version:6, Show version: 6, BCP version:1.1', 'prev_value': None, 'change': True}
2025-10-02 17:51:44,952 : INFO : EventManager : Event: ======'machine_var_python_version'====== Args={'value': '3.9.13', 'prev_value': None, 'change': True}
2025-10-02 17:51:44,988 : INFO : EventManager : Event: ======'machine_var_platform'====== Args={'value': 'Windows-10-10.0.26100-SP0', 'prev_value': None, 'change': True}
2025-10-02 17:51:44,989 : INFO : EventManager : Event: ======'machine_var_platform_system'====== Args={'value': 'Windows', 'prev_value': None, 'change': True}
2025-10-02 17:51:44,989 : INFO : EventManager : Event: ======'machine_var_platform_release'====== Args={'value': '10', 'prev_value': None, 'change': True}
2025-10-02 17:51:44,989 : INFO : EventManager : Event: ======'machine_var_platform_version'====== Args={'value': '10.0.26100', 'prev_value': None, 'change': True}
2025-10-02 17:51:44,989 : INFO : EventManager : Event: ======'machine_var_platform_machine'====== Args={'value': 'AMD64', 'prev_value': None, 'change': True}
2025-10-02 17:51:44,989 : INFO : EventManager : Event: ======'machine_var_log_file_path'====== Args={'value': 'C:\\venv\\mpf\\mmmdrop\\logs\\2025-10-02-17-51-44-mpf-PinballLaptop.log', 'prev_value': None, 'change': True}
2025-10-02 17:51:44,989 : INFO : EventManager : Event: ======'init_phase_1'====== Args={}
2025-10-02 17:51:45,031 : INFO : EventManager : Event: ======'drop_target_bank_three_bank_up'====== Args={}
2025-10-02 17:51:45,031 : INFO : EventManager : Event: ======'init_phase_2'====== Args={}
2025-10-02 17:51:45,032 : INFO : SwitchController : Found active switch: ('3208-0', <Platform.SmartVirtual>) <switch.s_trough1>
2025-10-02 17:51:45,032 : INFO : SwitchController : Found active switch: ('3208-1', <Platform.SmartVirtual>) <switch.s_trough2>
2025-10-02 17:51:45,032 : INFO : SwitchController : Found active switch: ('3208-2', <Platform.SmartVirtual>) <switch.s_trough3>
2025-10-02 17:51:45,032 : INFO : SwitchController : Found active switch: ('3208-3', <Platform.SmartVirtual>) <switch.s_trough4>
2025-10-02 17:51:45,032 : INFO : SwitchController : Found active switch: ('3208-4', <Platform.SmartVirtual>) <switch.s_trough5>
2025-10-02 17:51:45,032 : INFO : SwitchController : Found active switch: ('3208-5', <Platform.SmartVirtual>) <switch.s_trough6>
2025-10-02 17:51:45,038 : INFO : EventManager : Event: ======'bcp_connection_attempt'====== Args={'name': 'local_display', 'host': 'localhost', 'port': 5050}
2025-10-02 17:51:45,040 : INFO : BCPClientSocket : Connecting BCP to 'local_display' at localhost:5050...
2025-10-02 17:51:48,101 : INFO : BCPClientSocket : Connected BCP to 'local_display' localhost:5050
2025-10-02 17:51:48,103 : INFO : EventManager : Event: ======'bcp_clients_connected'====== Args={}
2025-10-02 17:51:48,267 : INFO : ball_device.bd_trough : BCH: Initial count: 6
2025-10-02 17:51:48,268 : INFO : ball_device.bd_trough : State: idle
2025-10-02 17:51:48,269 : INFO : ball_device.bd_plunger : BCH: Initial count: 0
2025-10-02 17:51:48,270 : INFO : ball_device.bd_plunger : State: idle
2025-10-02 17:51:48,270 : INFO : ball_device.bd_scoop : BCH: Initial count: 0
2025-10-02 17:51:48,271 : INFO : ball_device.bd_scoop : State: idle
2025-10-02 17:51:48,294 : INFO : EventManager : Event: ======'init_phase_3'====== Args={}
2025-10-02 17:51:48,298 : INFO : EventManager : Event: ======'init_phase_4'====== Args={}
2025-10-02 17:51:48,299 : INFO : BallController : Initial balls found: 6
2025-10-02 17:51:48,301 : INFO : EventManager : Event: ======'machine_var_audits_events_game_ended'====== Args={'value': 36, 'prev_value': None, 'change': True}
2025-10-02 17:51:48,302 : INFO : EventManager : Event: ======'machine_var_audits_events_game_started'====== Args={'value': 213, 'prev_value': None, 'change': True}
2025-10-02 17:51:48,302 : INFO : EventManager : Event: ======'machine_var_audits_missing_switches_s_captive_ball'====== Args={'value': 6, 'prev_value': None, 'change': True}
2025-10-02 17:51:48,302 : INFO : EventManager : Event: ======'machine_var_audits_missing_switches_s_center_upper_pop'====== Args={'value': 6, 'prev_value': None, 'change': True}
2025-10-02 17:51:48,302 : INFO : EventManager : Event: ======'machine_var_audits_missing_switches_s_inner_orbit'====== Args={'value': 139, 'prev_value': None, 'change': True}
2025-10-02 17:51:48,302 : INFO : EventManager : Event: ======'machine_var_audits_missing_switches_s_left_flipper'====== Args={'value': 11, 'prev_value': None, 'change': True}
2025-10-02 17:51:48,302 : INFO : EventManager : Event: ======'machine_var_audits_missing_switches_s_left_inlane'====== Args={'value': 24, 'prev_value': None, 'change': True}
2025-10-02 17:51:48,303 : INFO : EventManager : Event: ======'machine_var_audits_missing_switches_s_left_orbit'====== Args={'value': 6, 'prev_value': None, 'change': True}
2025-10-02 17:51:48,303 : INFO : EventManager : Event: ======'machine_var_audits_missing_switches_s_left_outlane'====== Args={'value': 24, 'prev_value': None, 'change': True}
2025-10-02 17:51:48,303 : INFO : EventManager : Event: ======'machine_var_audits_missing_switches_s_left_ramp'====== Args={'value': 6, 'prev_value': None, 'change': True}
2025-10-02 17:51:48,303 : INFO : EventManager : Event: ======'machine_var_audits_missing_switches_s_left_slingshot'====== Args={'value': 139, 'prev_value': None, 'change': True}
2025-10-02 17:51:48,303 : INFO : EventManager : Event: ======'machine_var_audits_missing_switches_s_left_upper_pop'====== Args={'value': 6, 'prev_value': None, 'change': True}
2025-10-02 17:51:48,304 : INFO : EventManager : Event: ======'machine_var_audits_missing_switches_s_pop_standup'====== Args={'value': 6, 'prev_value': None, 'change': True}
2025-10-02 17:51:48,304 : INFO : EventManager : Event: ======'machine_var_audits_missing_switches_s_right_flipper'====== Args={'value': 11, 'prev_value': None, 'change': True}
2025-10-02 17:51:48,304 : INFO : EventManager : Event: ======'machine_var_audits_missing_switches_s_right_inlane'====== Args={'value': 24, 'prev_value': None, 'change': True}
2025-10-02 17:51:48,304 : INFO : EventManager : Event: ======'machine_var_audits_missing_switches_s_right_lower_pop'====== Args={'value': 6, 'prev_value': None, 'change': True}
2025-10-02 17:51:48,304 : INFO : EventManager : Event: ======'machine_var_audits_missing_switches_s_right_orbit'====== Args={'value': 6, 'prev_value': None, 'change': True}
2025-10-02 17:51:48,304 : INFO : EventManager : Event: ======'machine_var_audits_missing_switches_s_right_outlane'====== Args={'value': 24, 'prev_value': None, 'change': True}
2025-10-02 17:51:48,304 : INFO : EventManager : Event: ======'machine_var_audits_missing_switches_s_right_ramp'====== Args={'value': 6, 'prev_value': None, 'change': True}
2025-10-02 17:51:48,304 : INFO : EventManager : Event: ======'machine_var_audits_missing_switches_s_right_slingshot'====== Args={'value': 139, 'prev_value': None, 'change': True}
2025-10-02 17:51:48,305 : INFO : EventManager : Event: ======'machine_var_audits_missing_switches_s_scoop'====== Args={'value': 6, 'prev_value': None, 'change': True}
2025-10-02 17:51:48,305 : INFO : EventManager : Event: ======'machine_var_audits_missing_switches_s_spinner'====== Args={'value': 45, 'prev_value': None, 'change': True}
2025-10-02 17:51:48,305 : INFO : EventManager : Event: ======'machine_var_audits_missing_switches_s_start'====== Args={'value': 8, 'prev_value': None, 'change': True}
2025-10-02 17:51:48,305 : INFO : EventManager : Event: ======'machine_var_audits_missing_switches_s_tilt_bob'====== Args={'value': 147, 'prev_value': None, 'change': True}
2025-10-02 17:51:48,305 : INFO : EventManager : Event: ======'machine_var_audits_missing_switches_s_top_right_flipper'====== Args={'value': 139, 'prev_value': None, 'change': True}
2025-10-02 17:51:48,305 : INFO : EventManager : Event: ======'machine_var_audits_missing_switches_s_trough1'====== Args={'value': 33, 'prev_value': None, 'change': True}
2025-10-02 17:51:48,305 : INFO : EventManager : Event: ======'machine_var_audits_missing_switches_s_trough2'====== Args={'value': 138, 'prev_value': None, 'change': True}
2025-10-02 17:51:48,305 : INFO : EventManager : Event: ======'machine_var_audits_missing_switches_s_trough3'====== Args={'value': 138, 'prev_value': None, 'change': True}
2025-10-02 17:51:48,305 : INFO : EventManager : Event: ======'machine_var_audits_missing_switches_s_trough4'====== Args={'value': 138, 'prev_value': None, 'change': True}
2025-10-02 17:51:48,305 : INFO : EventManager : Event: ======'machine_var_audits_missing_switches_s_trough5'====== Args={'value': 138, 'prev_value': None, 'change': True}
2025-10-02 17:51:48,305 : INFO : EventManager : Event: ======'machine_var_audits_missing_switches_s_trough6'====== Args={'value': 139, 'prev_value': None, 'change': True}
2025-10-02 17:51:48,305 : INFO : EventManager : Event: ======'machine_var_audits_missing_switches_s_trough_jam'====== Args={'value': 139, 'prev_value': None, 'change': True}
2025-10-02 17:51:48,306 : INFO : EventManager : Event: ======'machine_var_audits_missing_switches_s_tshirt_bottom_standup'====== Args={'value': 139, 'prev_value': None, 'change': True}
2025-10-02 17:51:48,306 : INFO : EventManager : Event: ======'machine_var_audits_missing_switches_s_upper_pop_standup'====== Args={'value': 139, 'prev_value': None, 'change': True}
2025-10-02 17:51:48,306 : INFO : EventManager : Event: ======'machine_var_audits_player_score'====== Args={'value': {'average': 16766, 'top': [140190, 55679, 54526, 46225, 25350, 24166, 23278, 22740, 20422, 20201], 'total': 37}, 'prev_value': None, 'change': True}
2025-10-02 17:51:48,306 : INFO : EventManager : Event: ======'machine_var_audits_shots_skill_captive'====== Args={'value': 16, 'prev_value': None, 'change': True}
2025-10-02 17:51:48,306 : INFO : EventManager : Event: ======'machine_var_audits_shots_skill_drop_targets'====== Args={'value': 9, 'prev_value': None, 'change': True}
2025-10-02 17:51:48,306 : INFO : EventManager : Event: ======'machine_var_audits_shots_skill_side_targets'====== Args={'value': 13, 'prev_value': None, 'change': True}
2025-10-02 17:51:48,306 : INFO : EventManager : Event: ======'machine_var_audits_switches_s_captive_ball'====== Args={'value': 159, 'prev_value': None, 'change': True}
2025-10-02 17:51:48,306 : INFO : EventManager : Event: ======'machine_var_audits_switches_s_center_upper_pop'====== Args={'value': 192, 'prev_value': None, 'change': True}
2025-10-02 17:51:48,307 : INFO : EventManager : Event: ======'machine_var_audits_switches_s_inner_orbit'====== Args={'value': 0, 'prev_value': None, 'change': True}
2025-10-02 17:51:48,307 : INFO : EventManager : Event: ======'machine_var_audits_switches_s_left_flipper'====== Args={'value': 1243, 'prev_value': None, 'change': True}
2025-10-02 17:51:48,307 : INFO : EventManager : Event: ======'machine_var_audits_switches_s_left_inlane'====== Args={'value': 109, 'prev_value': None, 'change': True}
2025-10-02 17:51:48,307 : INFO : EventManager : Event: ======'machine_var_audits_switches_s_left_orbit'====== Args={'value': 17, 'prev_value': None, 'change': True}
2025-10-02 17:51:48,307 : INFO : EventManager : Event: ======'machine_var_audits_switches_s_left_outlane'====== Args={'value': 55, 'prev_value': None, 'change': True}
2025-10-02 17:51:48,308 : INFO : EventManager : Event: ======'machine_var_audits_switches_s_left_ramp'====== Args={'value': 28, 'prev_value': None, 'change': True}
2025-10-02 17:51:48,308 : INFO : EventManager : Event: ======'machine_var_audits_switches_s_left_slingshot'====== Args={'value': 259, 'prev_value': None, 'change': True}
2025-10-02 17:51:48,308 : INFO : EventManager : Event: ======'machine_var_audits_switches_s_left_upper_pop'====== Args={'value': 146, 'prev_value': None, 'change': True}
2025-10-02 17:51:48,308 : INFO : EventManager : Event: ======'machine_var_audits_switches_s_plunger'====== Args={'value': 596, 'prev_value': None, 'change': True}
2025-10-02 17:51:48,309 : INFO : EventManager : Event: ======'machine_var_audits_switches_s_pop_standup'====== Args={'value': 64, 'prev_value': None, 'change': True}
2025-10-02 17:51:48,309 : INFO : EventManager : Event: ======'machine_var_audits_switches_s_right_flipper'====== Args={'value': 1515, 'prev_value': None, 'change': True}
2025-10-02 17:51:48,309 : INFO : EventManager : Event: ======'machine_var_audits_switches_s_right_inlane'====== Args={'value': 106, 'prev_value': None, 'change': True}
2025-10-02 17:51:48,309 : INFO : EventManager : Event: ======'machine_var_audits_switches_s_right_lower_pop'====== Args={'value': 425, 'prev_value': None, 'change': True}
2025-10-02 17:51:48,309 : INFO : EventManager : Event: ======'machine_var_audits_switches_s_right_orbit'====== Args={'value': 17, 'prev_value': None, 'change': True}
2025-10-02 17:51:48,310 : INFO : EventManager : Event: ======'machine_var_audits_switches_s_right_outlane'====== Args={'value': 53, 'prev_value': None, 'change': True}
2025-10-02 17:51:48,310 : INFO : EventManager : Event: ======'machine_var_audits_switches_s_right_ramp'====== Args={'value': 31, 'prev_value': None, 'change': True}
2025-10-02 17:51:48,310 : INFO : EventManager : Event: ======'machine_var_audits_switches_s_right_slingshot'====== Args={'value': 365, 'prev_value': None, 'change': True}
2025-10-02 17:51:48,310 : INFO : EventManager : Event: ======'machine_var_audits_switches_s_scoop'====== Args={'value': 154, 'prev_value': None, 'change': True}
2025-10-02 17:51:48,310 : INFO : EventManager : Event: ======'machine_var_audits_switches_s_spinner'====== Args={'value': 1371, 'prev_value': None, 'change': True}
2025-10-02 17:51:48,311 : INFO : EventManager : Event: ======'machine_var_audits_switches_s_start'====== Args={'value': 55, 'prev_value': None, 'change': True}
2025-10-02 17:51:48,311 : INFO : EventManager : Event: ======'machine_var_audits_switches_s_three_bank_bottom'====== Args={'value': 124, 'prev_value': None, 'change': True}
2025-10-02 17:51:48,311 : INFO : EventManager : Event: ======'machine_var_audits_switches_s_three_bank_middle'====== Args={'value': 123, 'prev_value': None, 'change': True}
2025-10-02 17:51:48,311 : INFO : EventManager : Event: ======'machine_var_audits_switches_s_three_bank_standup'====== Args={'value': 90, 'prev_value': None, 'change': True}
2025-10-02 17:51:48,311 : INFO : EventManager : Event: ======'machine_var_audits_switches_s_three_bank_top'====== Args={'value': 116, 'prev_value': None, 'change': True}
2025-10-02 17:51:48,312 : INFO : EventManager : Event: ======'machine_var_audits_switches_s_tilt_bob'====== Args={'value': 21, 'prev_value': None, 'change': True}
2025-10-02 17:51:48,312 : INFO : EventManager : Event: ======'machine_var_audits_switches_s_top_right_flipper'====== Args={'value': 1294, 'prev_value': None, 'change': True}
2025-10-02 17:51:48,312 : INFO : EventManager : Event: ======'machine_var_audits_switches_s_trough1'====== Args={'value': 240, 'prev_value': None, 'change': True}
2025-10-02 17:51:48,312 : INFO : EventManager : Event: ======'machine_var_audits_switches_s_trough2'====== Args={'value': 248, 'prev_value': None, 'change': True}
2025-10-02 17:51:48,312 : INFO : EventManager : Event: ======'machine_var_audits_switches_s_trough3'====== Args={'value': 178, 'prev_value': None, 'change': True}
2025-10-02 17:51:48,313 : INFO : EventManager : Event: ======'machine_var_audits_switches_s_trough4'====== Args={'value': 160, 'prev_value': None, 'change': True}
2025-10-02 17:51:48,313 : INFO : EventManager : Event: ======'machine_var_audits_switches_s_trough5'====== Args={'value': 160, 'prev_value': None, 'change': True}
2025-10-02 17:51:48,313 : INFO : EventManager : Event: ======'machine_var_audits_switches_s_trough6'====== Args={'value': 158, 'prev_value': None, 'change': True}
2025-10-02 17:51:48,313 : INFO : EventManager : Event: ======'machine_var_audits_switches_s_trough_jam'====== Args={'value': 206, 'prev_value': None, 'change': True}
2025-10-02 17:51:48,314 : INFO : EventManager : Event: ======'machine_var_audits_switches_s_tshirt_bottom_standup'====== Args={'value': 28, 'prev_value': None, 'change': True}
2025-10-02 17:51:48,314 : INFO : EventManager : Event: ======'machine_var_audits_switches_s_tshirt_top_standup'====== Args={'value': 47, 'prev_value': None, 'change': True}
2025-10-02 17:51:48,314 : INFO : EventManager : Event: ======'machine_var_audits_switches_s_upper_pop_standup'====== Args={'value': 158, 'prev_value': None, 'change': True}
2025-10-02 17:51:48,315 : INFO : EventManager : Event: ======'init_phase_5'====== Args={}
2025-10-02 17:51:48,392 : INFO : EventManager : Event: ======'init_done'====== Args={}
2025-10-02 17:51:48,393 : INFO : EventManager : Event: ======'machine_reset_phase_1'====== Args={}
2025-10-02 17:51:48,400 : INFO : EventManager : Event: ======'machine_reset_phase_2'====== Args={}
2025-10-02 17:51:48,400 : INFO : EventManager : Event: ======'machine_reset_phase_3'====== Args={}
2025-10-02 17:51:48,400 : INFO : drop_target_bank.three_bank : All targets are already up. Will not reset bank.
2025-10-02 17:51:48,400 : INFO : EventManager : Event: ======'reset_complete'====== Args={}
2025-10-02 17:51:48,400 : INFO : EventManager : Event: ======'mode_attract_will_start'====== Args={}
2025-10-02 17:51:48,401 : INFO : EventManager : Event: ======'mode_attract_starting'====== Args={}
2025-10-02 17:51:48,401 : INFO : Mode.attract : Started. Priority: 10
2025-10-02 17:51:48,402 : INFO : EventManager : Event: ======'modes_active_modes_changed'====== Args={}
2025-10-02 17:51:48,402 : INFO : EventManager : Event: ======'mode_attract_started'====== Args={}
2025-10-02 17:51:48,402 : INFO : EventManager : Event: ======'collecting_balls_complete'====== Args={}
2025-10-02 17:51:48,418 : INFO : Machine : Starting the main run loop with active modes: [<Mode.attract>]
2025-10-02 17:51:48,422 : INFO : EventManager : Event: ======'slide_loading_created'====== Args={'_from_bcp': True}
2025-10-02 17:51:48,423 : INFO : EventManager : Event: ======'slide__removed'====== Args={'_from_bcp': True}
2025-10-02 17:51:48,423 : INFO : EventManager : Event: ======'slide_loading_active'====== Args={'original_context': '_global', 'original_calling_context': 'init_done', 'priority': 0.0, 'cmd': 'slides_play', '_from_bcp': True}
2025-10-02 17:51:48,482 : INFO : EventManager : Event: ======'slide_attract_created'====== Args={'_from_bcp': True}
2025-10-02 17:51:48,482 : INFO : EventManager : Event: ======'slide_loading_inactive'====== Args={'is_removing': True, '_from_bcp': True}
2025-10-02 17:51:48,482 : INFO : EventManager : Event: ======'slide_attract_active'====== Args={'original_context': 'attract', 'original_calling_context': 'mode_attract_started', 'priority': 10.0, 'cmd': 'slides_play', '_from_bcp': True}
2025-10-02 17:51:48,483 : INFO : EventManager : Event: ======'slide_loading_removed'====== Args={'_from_bcp': True}
2025-10-02 17:51:48,523 : INFO : BcpServer : New client connected.
2025-10-02 17:51:54,594 : INFO : SwitchController : <<<<<<< 's_start' active >>>>>>>
2025-10-02 17:51:54,707 : INFO : SwitchController : <<<<<<< 's_start' inactive >>>>>>>
2025-10-02 17:51:54,707 : INFO : EventManager : Event: ======'request_to_start_game'====== Args={}
2025-10-02 17:51:54,708 : INFO : EventManager : Event: ======'game_start'====== Args={'buttons': [], 'hold_time': 0.10899999999674037}
2025-10-02 17:51:54,708 : INFO : EventManager : Event: ======'mode_game_will_start'====== Args={'buttons': [], 'hold_time': 0.10899999999674037}
2025-10-02 17:51:54,709 : INFO : EventManager : Event: ======'mode_game_starting'====== Args={'buttons': [], 'hold_time': 0.10899999999674037}
2025-10-02 17:51:54,709 : INFO : EventManager : Event: ======'mode_attract_will_stop'====== Args={}
2025-10-02 17:51:54,710 : INFO : EventManager : Event: ======'mode_attract_stopping'====== Args={}
2025-10-02 17:51:54,710 : INFO : Mode.attract : Stopped.
2025-10-02 17:51:54,710 : INFO : EventManager : Event: ======'modes_active_modes_changed'====== Args={}
2025-10-02 17:51:54,712 : INFO : EventManager : Event: ======'mode_attract_stopped'====== Args={}
2025-10-02 17:51:54,712 : INFO : EventManager : Event: ======'clear'====== Args={'key': 'attract'}
2025-10-02 17:51:54,712 : INFO : Mode.game : Started. Priority: 20
2025-10-02 17:51:54,712 : INFO : EventManager : Event: ======'modes_active_modes_changed'====== Args={}
2025-10-02 17:51:54,712 : INFO : EventManager : Event: ======'mode_game_started'====== Args={'buttons': [], 'hold_time': 0.10899999999674037}
2025-10-02 17:51:54,718 : INFO : EventManager : Event: ======'game_will_start'====== Args={}
2025-10-02 17:51:54,719 : INFO : EventManager : Event: ======'game_starting'====== Args={'game': <Mode.game>}
2025-10-02 17:51:54,721 : INFO : EventManager : Unordered handler for class <Auditor> on event game_ended with priority 1. Handlers: [RegisteredHandler(callback=<bound method Auditor.disable of <Auditor>>, priority=1, kwargs={}, key=UUID('023878fb-9b34-49bc-8a94-8524aa04d882'), condition=None, blocking_facility=None), RegisteredHandler(callback=<bound method Auditor._save_audits of <Auditor>>, priority=1, kwargs={}, key=UUID('076e03d0-2b20-485e-a47a-ed588213105c'), condition=None, blocking_facility=None)]. The order of those handlers is not defined and they will be executed in random order. This might lead to race conditions and potential bugs.
2025-10-02 17:51:54,721 : INFO : EventManager : Event: ======'player_add_request'====== Args={}
2025-10-02 17:51:54,722 : INFO : EventManager : Event: ======'player_will_add'====== Args={'number': 1}
2025-10-02 17:51:54,723 : INFO : EventManager : Event: ======'player_adding'====== Args={'player': <Player 1>, 'number': 1}
2025-10-02 17:51:54,723 : INFO : EventManager : Event: ======'player_added'====== Args={'player': <Player 1>, 'num': 1}
2025-10-02 17:51:54,723 : INFO : Mode.game : Player added successfully. Total players: 1
2025-10-02 17:51:54,724 : INFO : EventManager : Event: ======'player_index'====== Args={'value': 0, 'prev_value': 0, 'change': 0, 'player_num': 1}
2025-10-02 17:51:54,724 : INFO : EventManager : Event: ======'player_number'====== Args={'value': 1, 'prev_value': 1, 'change': 0, 'player_num': 1}
2025-10-02 17:51:54,724 : INFO : EventManager : Event: ======'player_score'====== Args={'value': 0, 'prev_value': 0, 'change': 0, 'player_num': 1}
2025-10-02 17:51:54,725 : INFO : EventManager : Event: ======'game_started'====== Args={}
2025-10-02 17:51:54,735 : INFO : EventManager : Event: ======'player_turn_will_start'====== Args={'player': <Player 1>, 'number': 1}
2025-10-02 17:51:54,741 : INFO : EventManager : Event: ======'player_turn_starting'====== Args={'player': <Player 1>, 'number': 1}
2025-10-02 17:51:54,743 : INFO : EventManager : Event: ======'player_ball'====== Args={'value': 1, 'prev_value': 0, 'change': 1, 'player_num': 1}
2025-10-02 17:51:54,744 : INFO : EventManager : Event: ======'player_turn_started'====== Args={'player': <Player 1>, 'number': 1}
2025-10-02 17:51:54,746 : INFO : EventManager : Event: ======'ball_will_start'====== Args={'player': 1, 'ball': 1, 'balls_remaining': 2, 'is_extra_ball': False}
2025-10-02 17:51:54,751 : INFO : EventManager : Event: ======'ball_starting'====== Args={'player': 1, 'ball': 1, 'balls_remaining': 2, 'is_extra_ball': False}
2025-10-02 17:51:54,752 : INFO : EventManager : Event: ======'mode_base_will_start'====== Args={'queue': <QueuedEvent>, 'player': 1, 'ball': 1, 'balls_remaining': 2, 'is_extra_ball': False}
2025-10-02 17:51:54,757 : INFO : EventManager : Event: ======'mode_base_starting'====== Args={'queue': <QueuedEvent>, 'player': 1, 'ball': 1, 'balls_remaining': 2, 'is_extra_ball': False}
2025-10-02 17:51:54,757 : INFO : drop_target_bank.three_bank : All targets are already up. Will not reset bank.
2025-10-02 17:51:54,758 : INFO : EventManager : Event: ======'balls_in_play'====== Args={'balls': 1}
2025-10-02 17:51:54,758 : INFO : EventManager : Event: ======'ball_started'====== Args={'player': 1, 'ball': 1, 'balls_remaining': 2, 'is_extra_ball': False}
2025-10-02 17:51:54,759 : INFO : EventManager : Event: ======'logicblock_qualify_chcheckitout_multiball_updated'====== Args={'value': 0, 'enabled': True}
2025-10-02 17:51:54,759 : INFO : EventManager : Event: ======'logicblock_drop_target_bank_counter_updated'====== Args={'value': 0, 'enabled': True}
2025-10-02 17:51:54,759 : INFO : EventManager : Event: ======'logicblock_qualify_chcheckitout_multiball_updated'====== Args={'value': 0, 'enabled': True}
2025-10-02 17:51:54,759 : INFO : EventManager : Event: ======'logicblock_chcheckitout_multiball_ready_updated'====== Args={'value': 0, 'enabled': False}
2025-10-02 17:51:54,759 : INFO : EventManager : Event: ======'logicblock_drop_target_bank_counter_updated'====== Args={'value': 0, 'enabled': True}
2025-10-02 17:51:54,759 : INFO : Mode.base : Started. Priority: 100
2025-10-02 17:51:54,759 : INFO : EventManager : Event: ======'modes_active_modes_changed'====== Args={}
2025-10-02 17:51:54,759 : INFO : EventManager : Event: ======'mode_base_started'====== Args={'queue': <QueuedEvent>, 'player': 1, 'ball': 1, 'balls_remaining': 2, 'is_extra_ball': False}
2025-10-02 17:51:54,759 : INFO : EventManager : Event: ======'mode_skill_shot_will_start'====== Args={'player': 1, 'ball': 1, 'balls_remaining': 2, 'is_extra_ball': False}
2025-10-02 17:51:54,760 : INFO : EventManager : Event: ======'player_shot_skill_side_targets_enabled'====== Args={'value': True, 'prev_value': 0, 'change': 1, 'player_num': 1}
2025-10-02 17:51:54,761 : INFO : EventManager : Event: ======'player_shot_skill_drop_targets_enabled'====== Args={'value': True, 'prev_value': 0, 'change': 1, 'player_num': 1}
2025-10-02 17:51:54,761 : INFO : EventManager : Event: ======'skill_shot_complete'====== Args={'state': 'unlit'}
2025-10-02 17:51:54,761 : INFO : EventManager : Event: ======'skill_shot_unlit_complete'====== Args={}
2025-10-02 17:51:54,763 : INFO : EventManager : Event: ======'player_skill_shot_skill_shot_timeout_tick'====== Args={'value': 0, 'prev_value': 0, 'change': 0, 'player_num': 1}
2025-10-02 17:51:54,764 : INFO : EventManager : Event: ======'mode_skill_shot_starting'====== Args={'player': 1, 'ball': 1, 'balls_remaining': 2, 'is_extra_ball': False}
2025-10-02 17:51:54,765 : INFO : EventManager : Event: ======'logicblock_drop_target_bank_counter_updated'====== Args={'value': 1, 'enabled': True}
2025-10-02 17:51:54,765 : INFO : EventManager : Event: ======'counter_drop_target_bank_counter_hit'====== Args={'count': 1, 'hits': 1, 'remaining': 1}
2025-10-02 17:51:54,765 : INFO : EventManager : Event: ======'logicblock_drop_target_bank_counter_hit'====== Args={'count': 1, 'hits': 1, 'remaining': 1}
2025-10-02 17:51:54,767 : INFO : EventManager : Event: ======'player_drop_target_bank_counter_count'====== Args={'value': 1, 'prev_value': 0, 'change': 1, 'player_num': 1, 'source': 'base'}
2025-10-02 17:51:54,768 : INFO : EventManager : Event: ======'player_drop_target_bank_counter_count'====== Args={'value': 0, 'prev_value': 1, 'change': -1, 'player_num': 1, 'source': 'base'}
2025-10-02 17:51:54,768 : INFO : EventManager : Event: ======'mode_carousel_will_start'====== Args={'queue': <QueuedEvent>, 'player': 1, 'ball': 1, 'balls_remaining': 2, 'is_extra_ball': False}
2025-10-02 17:51:54,769 : INFO : EventManager : Event: ======'mode_carousel_starting'====== Args={'queue': <QueuedEvent>, 'player': 1, 'ball': 1, 'balls_remaining': 2, 'is_extra_ball': False}
2025-10-02 17:51:54,769 : INFO : EventManager : Event: ======'ball_save_default_enabled'====== Args={}
2025-10-02 17:51:54,770 : INFO : Mode.carousel : Started. Priority: 200
2025-10-02 17:51:54,770 : INFO : EventManager : Event: ======'modes_active_modes_changed'====== Args={}
2025-10-02 17:51:54,771 : INFO : EventManager : Event: ======'mode_carousel_started'====== Args={'queue': <QueuedEvent>, 'player': 1, 'ball': 1, 'balls_remaining': 2, 'is_extra_ball': False}
2025-10-02 17:51:54,771 : INFO : EventManager : Event: ======'item_highlighted'====== Args={'carousel': 'carousel', 'direction': None, 'item': 'intergalactic'}
2025-10-02 17:51:54,771 : INFO : Mode.skill_shot : Started. Priority: 500
2025-10-02 17:51:54,771 : INFO : EventManager : Event: ======'modes_active_modes_changed'====== Args={}
2025-10-02 17:51:54,771 : INFO : EventManager : Event: ======'mode_skill_shot_started'====== Args={'player': 1, 'ball': 1, 'balls_remaining': 2, 'is_extra_ball': False}
2025-10-02 17:51:54,772 : INFO : EventManager : Event: ======'player_shot_skill_side_targets'====== Args={'value': 1, 'prev_value': 0, 'change': 1, 'player_num': 1}
2025-10-02 17:51:54,773 : INFO : EventManager : Event: ======'player_shot_skill_drop_targets'====== Args={'value': 1, 'prev_value': 0, 'change': 1, 'player_num': 1}
2025-10-02 17:51:54,774 : INFO : EventManager : Event: ======'skill_shot_complete'====== Args={'state': 'flashing'}
2025-10-02 17:51:54,774 : INFO : EventManager : Event: ======'skill_shot_flashing_complete'====== Args={}
2025-10-02 17:51:54,775 : INFO : EventManager : Event: ======'single_player_ball_started'====== Args={}
2025-10-02 17:51:54,794 : INFO : EventManager : Event: ======'ball_start_target'====== Args={'target': 'playfield'}
2025-10-02 17:51:54,805 : INFO : EventManager : Event: ======'slide_base_created'====== Args={'_from_bcp': True}
2025-10-02 17:51:54,810 : INFO : ball_device.bd_plunger : Setting up player-controlled eject. Balls: 1, Target: <playfield.playfield>, player_controlled_eject_event: None
2025-10-02 17:51:54,810 : INFO : EventManager : Event: ======'balldevice_balls_available'====== Args={}
2025-10-02 17:51:54,811 : INFO : EventManager : Event: ======'slide_score_overlay_created'====== Args={'_from_bcp': True}
2025-10-02 17:51:54,811 : INFO : EventManager : Event: ======'slide_attract_inactive'====== Args={'is_removing': True, '_from_bcp': True}
2025-10-02 17:51:54,811 : INFO : EventManager : Event: ======'slide_score_overlay_active'====== Args={'original_context': 'base', 'original_calling_context': 'mode_base_started', 'priority': 100.0, 'queue': '<QueuedEvent>', 'player': 1.0, 'ball': 1.0, 'balls_remaining': 2.0, 'is_extra_ball': False, 'cmd': 'slides_play', '_from_bcp': True}
2025-10-02 17:51:54,811 : INFO : EventManager : Event: ======'slide_attract_removed'====== Args={'_from_bcp': True}
2025-10-02 17:51:54,813 : INFO : EventManager : Event: ======'slide_current_mode_highlighted_created'====== Args={'_from_bcp': True}
2025-10-02 17:51:54,814 : INFO : ball_device.bd_trough : State: waiting_for_target_ready
2025-10-02 17:51:54,814 : INFO : EventManager : Event: ======'balldevice_bd_trough_ball_eject_attempt'====== Args={'balls': 1, 'target': <ball_device.bd_plunger>, 'source': <ball_device.bd_trough>, 'mechanical_eject': True, 'num_attempts': 0}
2025-10-02 17:51:54,815 : INFO : ball_device.bd_plunger : State: waiting_for_ball
2025-10-02 17:51:54,815 : INFO : ball_device.bd_trough : State: ejecting
2025-10-02 17:51:54,816 : INFO : ball_device.bd_trough : Ejecting ball to <ball_device.bd_plunger>
2025-10-02 17:51:54,816 : INFO : EventManager : Event: ======'balldevice_bd_trough_ejecting_ball'====== Args={'balls': 1, 'target': <ball_device.bd_plunger>, 'source': <ball_device.bd_trough>, 'mechanical_eject': True, 'num_attempts': 0}
2025-10-02 17:51:54,817 : INFO : ball_device.bd_trough : Wait for ball to leave device
2025-10-02 17:51:54,817 : INFO : coil.c_trough_eject : Pulsing Driver for 20ms (1.0 pulse_power)
2025-10-02 17:51:54,818 : INFO : SwitchController : <<<<<<< 's_trough1' inactive >>>>>>>
2025-10-02 17:51:54,821 : INFO : ball_device.bd_trough : State: ball_left
2025-10-02 17:51:54,822 : INFO : ball_device.bd_trough : Ball left
2025-10-02 17:51:54,822 : INFO : ball_device.bd_trough : Wait for confirm with timeout 3.0
2025-10-02 17:51:54,910 : INFO : SwitchController : <<<<<<< 's_plunger' active >>>>>>>
2025-10-02 17:51:54,910 : INFO : EventManager : Event: ======'machine_var_audits_switches_s_plunger'====== Args={'value': 597, 'prev_value': 596, 'change': 1}
2025-10-02 17:51:55,076 : INFO : EventManager : Event: ======'slide_skillshot_overlay_created'====== Args={'_from_bcp': True}
2025-10-02 17:51:55,077 : INFO : EventManager : Event: ======'slide_score_overlay_inactive'====== Args={'is_removing': False, '_from_bcp': True}
2025-10-02 17:51:55,077 : INFO : EventManager : Event: ======'slide_skillshot_overlay_active'====== Args={'original_context': 'skill_shot', 'original_calling_context': 'mode_skill_shot_started', 'priority': 500.0, 'player': 1.0, 'ball': 1.0, 'balls_remaining': 2.0, 'is_extra_ball': False, 'cmd': 'slides_play', '_from_bcp': True}
2025-10-02 17:51:55,419 : INFO : ball_device.bd_plunger : Received ball from <ball_device.bd_trough>
2025-10-02 17:51:55,419 : INFO : EventManager : Event: ======'balldevice_bd_plunger_ball_enter'====== Args={'new_balls': 1, 'unclaimed_balls': 0, 'new_available_balls': 0, 'device': <ball_device.bd_plunger>}
2025-10-02 17:51:55,420 : INFO : EventManager : Event: ======'balldevice_bd_plunger_ball_entered'====== Args={'new_balls': 0, 'device': <ball_device.bd_plunger>}
2025-10-02 17:51:55,421 : INFO : EventManager : Event: ======'balldevice_bd_plunger_ball_count_changed'====== Args={'balls': 1}
2025-10-02 17:51:55,421 : INFO : ball_device.bd_trough : Got eject confirm
2025-10-02 17:51:55,421 : INFO : ball_device.bd_trough : Eject successful
2025-10-02 17:51:55,421 : INFO : EventManager : Event: ======'balldevice_bd_trough_ball_eject_success'====== Args={'balls': 1, 'target': <ball_device.bd_plunger>}
2025-10-02 17:51:55,422 : INFO : EventManager : Event: ======'balldevice_bd_trough_ball_count_changed'====== Args={'balls': 5}
2025-10-02 17:51:55,422 : INFO : ball_device.bd_trough : State: idle
2025-10-02 17:51:55,423 : INFO : ball_device.bd_plunger : State: waiting_for_target_ready
2025-10-02 17:51:55,423 : INFO : EventManager : Event: ======'balldevice_bd_plunger_ball_eject_attempt'====== Args={'balls': 1, 'target': <playfield.playfield>, 'source': <ball_device.bd_plunger>, 'mechanical_eject': True, 'num_attempts': 0}
2025-10-02 17:51:55,424 : INFO : ball_device.bd_plunger : State: ejecting
2025-10-02 17:51:55,424 : INFO : ball_device.bd_plunger : Ejecting ball to <playfield.playfield>
2025-10-02 17:51:55,425 : INFO : EventManager : Event: ======'balldevice_bd_plunger_ejecting_ball'====== Args={'balls': 1, 'target': <playfield.playfield>, 'source': <ball_device.bd_plunger>, 'mechanical_eject': True, 'num_attempts': 0}
2025-10-02 17:51:55,426 : INFO : ball_device.bd_plunger : Wait for ball to leave device
2025-10-02 17:51:56,374 : INFO : SwitchController : <<<<<<< 's_plunger' inactive >>>>>>>
2025-10-02 17:51:56,374 : INFO : EventManager : Event: ======'ball_out'====== Args={}
2025-10-02 17:51:56,375 : INFO : EventManager : Event: ======'ball_save_default_timer_start'====== Args={}
2025-10-02 17:51:56,379 : INFO : ball_device.bd_plunger : State: ball_left
2025-10-02 17:51:56,380 : INFO : ball_device.bd_plunger : Ball left
2025-10-02 17:51:56,380 : INFO : ball_device.bd_plunger : Wait for confirm with timeout 3.0
2025-10-02 17:51:57,763 : INFO : SwitchController : <<<<<<< 's_tshirt_top_standup' active >>>>>>>
2025-10-02 17:51:57,763 : INFO : EventManager : Event: ======'playfield_active'====== Args={'source': 'skill_side_targets'}
2025-10-02 17:51:57,763 : INFO : EventManager : Event: ======'s_tshirt_top_standup_active'====== Args={}
2025-10-02 17:51:57,763 : INFO : EventManager : Event: ======'machine_var_audits_switches_s_tshirt_top_standup'====== Args={'value': 48, 'prev_value': 47, 'change': 1}
2025-10-02 17:51:57,765 : INFO : EventManager : Event: ======'player_shot_skill_side_targets'====== Args={'value': 2, 'prev_value': 1, 'change': 1, 'player_num': 1}
2025-10-02 17:51:57,766 : INFO : EventManager : Event: ======'machine_var_audits_shots_skill_side_targets'====== Args={'value': 14, 'prev_value': 13, 'change': 1}
2025-10-02 17:51:57,766 : INFO : EventManager : Event: ======'skill_side_targets_hit'====== Args={'profile': 'skill_shot_profile', 'state': 'flashing', 'advancing': True}
2025-10-02 17:51:57,767 : INFO : EventManager : Event: ======'skill_side_targets_skill_shot_profile_hit'====== Args={'profile': 'skill_shot_profile', 'state': 'flashing', 'advancing': True}
2025-10-02 17:51:57,767 : INFO : EventManager : Event: ======'skill_side_targets_skill_shot_profile_flashing_hit'====== Args={'profile': 'skill_shot_profile', 'state': 'flashing', 'advancing': True}
2025-10-02 17:51:57,767 : INFO : EventManager : Event: ======'skill_side_targets_flashing_hit'====== Args={'profile': 'skill_shot_profile', 'state': 'flashing', 'advancing': True}
2025-10-02 17:51:57,767 : INFO : EventManager : Event: ======'player_score'====== Args={'value': 5010, 'prev_value': 0, 'change': 5010, 'player_num': 1, 'source': 'base'}
2025-10-02 17:51:57,769 : INFO : EventManager : Event: ======'skill_shot_hit'====== Args={'shot': 'skill_side_targets'}
2025-10-02 17:51:57,769 : INFO : EventManager : Event: ======'skill_shot_flashing_hit'====== Args={'shot': 'skill_side_targets'}
2025-10-02 17:51:57,769 : INFO : state_machine.skill_shot_success : Transitioning from start to success
2025-10-02 17:51:57,769 : INFO : EventManager : Event: ======'skill_success'====== Args={}
2025-10-02 17:51:57,769 : INFO : EventManager : Event: ======'mode_skill_shot_will_stop'====== Args={}
2025-10-02 17:51:57,770 : INFO : EventManager : Event: ======'mode_skill_shot_stopping'====== Args={}
2025-10-02 17:51:57,770 : INFO : EventManager : Event: ======'player_score'====== Args={'value': 2005010, 'prev_value': 5010, 'change': 2000000, 'player_num': 1, 'source': 'skill_shot'}
2025-10-02 17:51:57,777 : INFO : Mode.skill_shot : Stopped.
2025-10-02 17:51:57,785 : INFO : EventManager : Event: ======'modes_active_modes_changed'====== Args={}
2025-10-02 17:51:57,785 : INFO : EventManager : Event: ======'mode_skill_shot_stopped'====== Args={}
2025-10-02 17:51:57,795 : INFO : EventManager : Event: ======'clear'====== Args={'key': 'skill_shot'}
2025-10-02 17:51:57,796 : INFO : Timer.skill_shot_timeout : Stopping Timer
2025-10-02 17:51:57,796 : INFO : EventManager : Event: ======'timer_skill_shot_timeout_stopped'====== Args={'ticks': 0, 'ticks_remaining': 0}
2025-10-02 17:51:57,831 : INFO : ball_device.bd_plunger : Got eject confirm
2025-10-02 17:51:57,831 : INFO : ball_device.bd_plunger : Eject successful
2025-10-02 17:51:57,831 : INFO : EventManager : Event: ======'balldevice_bd_plunger_ball_eject_success'====== Args={'balls': 1, 'target': <playfield.playfield>}
2025-10-02 17:51:57,832 : INFO : EventManager : Event: ======'slide_skillshot_overlay_inactive'====== Args={'is_removing': True, '_from_bcp': True}
2025-10-02 17:51:57,833 : INFO : EventManager : Event: ======'slide_score_overlay_active'====== Args={'_from_bcp': True}
2025-10-02 17:51:57,833 : INFO : EventManager : Event: ======'slide_skillshot_overlay_removed'====== Args={'_from_bcp': True}
2025-10-02 17:51:57,834 : INFO : EventManager : Event: ======'slide_skillshot_success_overlay_created'====== Args={'_from_bcp': True}
2025-10-02 17:51:57,834 : INFO : EventManager : Event: ======'slide_score_overlay_inactive'====== Args={'is_removing': False, '_from_bcp': True}
2025-10-02 17:51:57,835 : INFO : EventManager : Event: ======'slide_skillshot_success_overlay_active'====== Args={'original_context': 'base', 'original_calling_context': 'skill_success', 'priority': 100.0, 'cmd': 'slides_play', '_from_bcp': True}
2025-10-02 17:51:57,841 : INFO : EventManager : Event: ======'balldevice_playfield_ball_enter'====== Args={'new_balls': 1, 'unclaimed_balls': 1, 'device': <playfield.playfield>}
2025-10-02 17:51:57,842 : INFO : EventManager : Event: ======'playfield_ball_count_change'====== Args={'balls': 1, 'change': 1}
2025-10-02 17:51:57,843 : INFO : EventManager : Event: ======'balldevice_bd_plunger_ball_count_changed'====== Args={'balls': 0}
2025-10-02 17:51:57,843 : INFO : ball_device.bd_plunger : State: idle
2025-10-02 17:51:57,889 : INFO : SwitchController : <<<<<<< 's_tshirt_top_standup' inactive >>>>>>>
2025-10-02 17:51:59,403 : INFO : EventManager : Event: ======'ball_save_default_hurry_up'====== Args={}
2025-10-02 17:52:00,335 : INFO : SwitchController : <<<<<<< 's_three_bank_bottom' active >>>>>>>
2025-10-02 17:52:00,335 : INFO : EventManager : Event: ======'s_three_bank_bottom_active'====== Args={}
2025-10-02 17:52:00,335 : INFO : EventManager : Event: ======'drop_target_bottom_down'====== Args={'device': <drop_target.bottom>}
2025-10-02 17:52:00,335 : INFO : EventManager : Event: ======'drop_target_bank_three_bank_mixed'====== Args={'prev_value': <DropTargetBankState.UP: 'up'>, 'down': 1}
2025-10-02 17:52:00,335 : INFO : EventManager : Event: ======'machine_var_audits_switches_s_three_bank_bottom'====== Args={'value': 125, 'prev_value': 124, 'change': 1}
2025-10-02 17:52:00,336 : INFO : EventManager : Event: ======'player_score'====== Args={'value': 2007230, 'prev_value': 2005010, 'change': 2220, 'player_num': 1, 'source': 'base'}
2025-10-02 17:52:00,535 : INFO : SwitchController : <<<<<<< 's_three_bank_middle' active >>>>>>>
2025-10-02 17:52:00,535 : INFO : EventManager : Event: ======'s_three_bank_middle_active'====== Args={}
2025-10-02 17:52:00,535 : INFO : EventManager : Event: ======'drop_target_middle_down'====== Args={'device': <drop_target.middle>}
2025-10-02 17:52:00,535 : INFO : EventManager : Event: ======'drop_target_bank_three_bank_mixed'====== Args={'prev_value': <DropTargetBankState.MIXED: 'mixed'>, 'down': 2}
2025-10-02 17:52:00,535 : INFO : EventManager : Event: ======'machine_var_audits_switches_s_three_bank_middle'====== Args={'value': 124, 'prev_value': 123, 'change': 1}
2025-10-02 17:52:00,536 : INFO : EventManager : Event: ======'player_score'====== Args={'value': 2009450, 'prev_value': 2007230, 'change': 2220, 'player_num': 1, 'source': 'base'}
2025-10-02 17:52:00,768 : INFO : SwitchController : <<<<<<< 's_three_bank_top' active >>>>>>>
2025-10-02 17:52:00,768 : INFO : EventManager : Event: ======'s_three_bank_top_active'====== Args={}
2025-10-02 17:52:00,768 : INFO : EventManager : Event: ======'drop_target_top_down'====== Args={'device': <drop_target.top>}
2025-10-02 17:52:00,769 : INFO : EventManager : Event: ======'drop_target_bank_three_bank_down'====== Args={}
2025-10-02 17:52:00,769 : INFO : EventManager : Event: ======'machine_var_audits_switches_s_three_bank_top'====== Args={'value': 117, 'prev_value': 116, 'change': 1}
2025-10-02 17:52:00,770 : INFO : EventManager : Event: ======'player_score'====== Args={'value': 2011670, 'prev_value': 2009450, 'change': 2220, 'player_num': 1, 'source': 'base'}
2025-10-02 17:52:00,771 : INFO : EventManager : Event: ======'logicblock_drop_target_bank_counter_updated'====== Args={'value': 2, 'enabled': True}
2025-10-02 17:52:00,771 : INFO : EventManager : Event: ======'counter_drop_target_bank_counter_hit'====== Args={'count': 2, 'hits': 2, 'remaining': 0}
2025-10-02 17:52:00,771 : INFO : EventManager : Event: ======'logicblock_drop_target_bank_counter_hit'====== Args={'count': 2, 'hits': 2, 'remaining': 0}
2025-10-02 17:52:00,772 : INFO : EventManager : Event: ======'chcheckitout_multiball_qualified'====== Args={}
2025-10-02 17:52:00,772 : INFO : EventManager : Event: ======'player_drop_target_bank_counter_count'====== Args={'value': 2, 'prev_value': 0, 'change': 2, 'player_num': 1, 'source': 'base'}
2025-10-02 17:52:00,772 : INFO : EventManager : Event: ======'logicblock_qualify_chcheckitout_multiball_updated'====== Args={'value': 1, 'enabled': True}
2025-10-02 17:52:00,773 : INFO : EventManager : Event: ======'logicblock_qualify_chcheckitout_multiball_hit'====== Args={'step': 1}
2025-10-02 17:52:00,773 : INFO : EventManager : Event: ======'drops_standup_start_multiball'====== Args={}
2025-10-02 17:52:00,773 : INFO : EventManager : Event: ======'logicblock_qualify_chcheckitout_multiball_updated'====== Args={'value': 0, 'enabled': True}
2025-10-02 17:52:00,773 : INFO : EventManager : Event: ======'logicblock_chcheckitout_multiball_ready_updated'====== Args={'value': 0, 'enabled': True}
2025-10-02 17:52:01,395 : INFO : EventManager : Event: ======'ball_save_default_grace_period'====== Args={}
2025-10-02 17:52:01,767 : INFO : drop_target_bank.three_bank : 3 targets are down. Will reset those.
2025-10-02 17:52:01,767 : INFO : coil.c_three_bank : Pulsing Driver for 23ms (1.0 pulse_power)
2025-10-02 17:52:01,831 : INFO : SwitchController : <<<<<<< 's_three_bank_bottom' inactive (muted) >>>>>>>
2025-10-02 17:52:01,832 : INFO : SwitchController : <<<<<<< 's_three_bank_middle' inactive (muted) >>>>>>>
2025-10-02 17:52:01,832 : INFO : SwitchController : <<<<<<< 's_three_bank_top' inactive (muted) >>>>>>>
2025-10-02 17:52:02,269 : INFO : EventManager : Event: ======'drop_target_bottom_up'====== Args={'device': <drop_target.bottom>}
2025-10-02 17:52:02,269 : INFO : EventManager : Event: ======'drop_target_middle_up'====== Args={'device': <drop_target.middle>}
2025-10-02 17:52:02,271 : INFO : EventManager : Event: ======'drop_target_top_up'====== Args={'device': <drop_target.top>}
2025-10-02 17:52:02,271 : INFO : EventManager : Event: ======'drop_target_bank_three_bank_up'====== Args={}
2025-10-02 17:52:02,666 : INFO : SwitchController : <<<<<<< 's_three_bank_middle' active >>>>>>>
2025-10-02 17:52:02,666 : INFO : EventManager : Event: ======'s_three_bank_middle_active'====== Args={}
2025-10-02 17:52:02,666 : INFO : EventManager : Event: ======'drop_target_middle_down'====== Args={'device': <drop_target.middle>}
2025-10-02 17:52:02,666 : INFO : EventManager : Event: ======'drop_target_bank_three_bank_mixed'====== Args={'prev_value': <DropTargetBankState.UP: 'up'>, 'down': 1}
2025-10-02 17:52:02,668 : INFO : EventManager : Event: ======'machine_var_audits_switches_s_three_bank_middle'====== Args={'value': 125, 'prev_value': 124, 'change': 1}
2025-10-02 17:52:02,668 : INFO : EventManager : Event: ======'player_score'====== Args={'value': 2013890, 'prev_value': 2011670, 'change': 2220, 'player_num': 1, 'source': 'base'}
2025-10-02 17:52:02,833 : INFO : SwitchController : <<<<<<< 's_three_bank_top' active >>>>>>>
2025-10-02 17:52:02,833 : INFO : EventManager : Event: ======'s_three_bank_top_active'====== Args={}
2025-10-02 17:52:02,834 : INFO : EventManager : Event: ======'drop_target_top_down'====== Args={'device': <drop_target.top>}
2025-10-02 17:52:02,834 : INFO : EventManager : Event: ======'drop_target_bank_three_bank_mixed'====== Args={'prev_value': <DropTargetBankState.MIXED: 'mixed'>, 'down': 2}
2025-10-02 17:52:02,834 : INFO : EventManager : Event: ======'machine_var_audits_switches_s_three_bank_top'====== Args={'value': 118, 'prev_value': 117, 'change': 1}
2025-10-02 17:52:02,835 : INFO : EventManager : Event: ======'player_score'====== Args={'value': 2016110, 'prev_value': 2013890, 'change': 2220, 'player_num': 1, 'source': 'base'}
2025-10-02 17:52:03,377 : INFO : EventManager : Event: ======'ball_save_default_disabled'====== Args={}
2025-10-02 17:52:07,696 : INFO : SwitchController : <<<<<<< 's_three_bank_bottom' active >>>>>>>
2025-10-02 17:52:07,696 : INFO : EventManager : Event: ======'s_three_bank_bottom_active'====== Args={}
2025-10-02 17:52:07,696 : INFO : EventManager : Event: ======'drop_target_bottom_down'====== Args={'device': <drop_target.bottom>}
2025-10-02 17:52:07,696 : INFO : EventManager : Event: ======'drop_target_bank_three_bank_down'====== Args={}
2025-10-02 17:52:07,697 : INFO : EventManager : Event: ======'machine_var_audits_switches_s_three_bank_bottom'====== Args={'value': 126, 'prev_value': 125, 'change': 1}
2025-10-02 17:52:07,697 : INFO : EventManager : Event: ======'player_score'====== Args={'value': 2018330, 'prev_value': 2016110, 'change': 2220, 'player_num': 1, 'source': 'base'}
2025-10-02 17:52:07,698 : INFO : EventManager : Event: ======'logicblock_drop_target_bank_counter_updated'====== Args={'value': 3, 'enabled': True}
2025-10-02 17:52:07,698 : INFO : EventManager : Event: ======'counter_drop_target_bank_counter_hit'====== Args={'count': 3, 'hits': 3, 'remaining': -1}
2025-10-02 17:52:07,698 : INFO : EventManager : Event: ======'logicblock_drop_target_bank_counter_hit'====== Args={'count': 3, 'hits': 3, 'remaining': -1}
2025-10-02 17:52:07,698 : INFO : EventManager : Event: ======'player_drop_target_bank_counter_count'====== Args={'value': 3, 'prev_value': 2, 'change': 1, 'player_num': 1, 'source': 'base'}
2025-10-02 17:52:08,685 : INFO : drop_target_bank.three_bank : 3 targets are down. Will reset those.
2025-10-02 17:52:08,685 : INFO : coil.c_three_bank : Pulsing Driver for 23ms (1.0 pulse_power)
2025-10-02 17:52:08,747 : INFO : SwitchController : <<<<<<< 's_three_bank_bottom' inactive (muted) >>>>>>>
2025-10-02 17:52:08,747 : INFO : SwitchController : <<<<<<< 's_three_bank_middle' inactive (muted) >>>>>>>
2025-10-02 17:52:08,748 : INFO : SwitchController : <<<<<<< 's_three_bank_top' inactive (muted) >>>>>>>
2025-10-02 17:52:09,196 : INFO : EventManager : Event: ======'drop_target_bottom_up'====== Args={'device': <drop_target.bottom>}
2025-10-02 17:52:09,196 : INFO : EventManager : Event: ======'drop_target_middle_up'====== Args={'device': <drop_target.middle>}
2025-10-02 17:52:09,197 : INFO : EventManager : Event: ======'drop_target_top_up'====== Args={'device': <drop_target.top>}
2025-10-02 17:52:09,197 : INFO : EventManager : Event: ======'drop_target_bank_three_bank_up'====== Args={}
2025-10-02 17:52:10,544 : INFO : SwitchController : <<<<<<< 's_three_bank_middle' active >>>>>>>
2025-10-02 17:52:10,544 : INFO : EventManager : Event: ======'s_three_bank_middle_active'====== Args={}
2025-10-02 17:52:10,544 : INFO : EventManager : Event: ======'drop_target_middle_down'====== Args={'device': <drop_target.middle>}
2025-10-02 17:52:10,545 : INFO : EventManager : Event: ======'drop_target_bank_three_bank_mixed'====== Args={'prev_value': <DropTargetBankState.UP: 'up'>, 'down': 1}
2025-10-02 17:52:10,545 : INFO : EventManager : Event: ======'machine_var_audits_switches_s_three_bank_middle'====== Args={'value': 126, 'prev_value': 125, 'change': 1}
2025-10-02 17:52:10,546 : INFO : EventManager : Event: ======'player_score'====== Args={'value': 2020550, 'prev_value': 2018330, 'change': 2220, 'player_num': 1, 'source': 'base'}
2025-10-02 17:52:10,660 : INFO : SwitchController : <<<<<<< 's_three_bank_top' active >>>>>>>
2025-10-02 17:52:10,660 : INFO : EventManager : Event: ======'s_three_bank_top_active'====== Args={}
2025-10-02 17:52:10,661 : INFO : EventManager : Event: ======'drop_target_top_down'====== Args={'device': <drop_target.top>}
2025-10-02 17:52:10,661 : INFO : EventManager : Event: ======'drop_target_bank_three_bank_mixed'====== Args={'prev_value': <DropTargetBankState.MIXED: 'mixed'>, 'down': 2}
2025-10-02 17:52:10,661 : INFO : EventManager : Event: ======'machine_var_audits_switches_s_three_bank_top'====== Args={'value': 119, 'prev_value': 118, 'change': 1}
2025-10-02 17:52:10,662 : INFO : EventManager : Event: ======'player_score'====== Args={'value': 2022770, 'prev_value': 2020550, 'change': 2220, 'player_num': 1, 'source': 'base'}
2025-10-02 17:52:11,893 : INFO : SwitchController : <<<<<<< 's_three_bank_standup' active >>>>>>>
2025-10-02 17:52:11,893 : INFO : EventManager : Event: ======'s_three_bank_standup_active'====== Args={}
2025-10-02 17:52:11,893 : INFO : EventManager : Event: ======'machine_var_audits_switches_s_three_bank_standup'====== Args={'value': 91, 'prev_value': 90, 'change': 1}
2025-10-02 17:52:11,896 : INFO : EventManager : Event: ======'three_bank_standup_hit'====== Args={'elapsed': 0}
2025-10-02 17:52:11,896 : INFO : EventManager : Event: ======'player_score'====== Args={'value': 2042780, 'prev_value': 2022770, 'change': 20010, 'player_num': 1, 'source': 'base'}
2025-10-02 17:52:11,896 : INFO : EventManager : Event: ======'logicblock_chcheckitout_multiball_ready_updated'====== Args={'value': 1, 'enabled': True}
2025-10-02 17:52:11,897 : INFO : EventManager : Event: ======'logicblock_chcheckitout_multiball_ready_hit'====== Args={'step': 1}
2025-10-02 17:52:11,897 : INFO : EventManager : Event: ======'chcheckitout_start_multiball'====== Args={}
2025-10-02 17:52:11,897 : INFO : EventManager : Event: ======'logicblock_chcheckitout_multiball_ready_updated'====== Args={'value': 0, 'enabled': True}
2025-10-02 17:52:11,898 : INFO : EventManager : Event: ======'mode_carousel_will_stop'====== Args={}
2025-10-02 17:52:11,898 : INFO : EventManager : Event: ======'mode_carousel_stopping'====== Args={}
2025-10-02 17:52:11,898 : INFO : Mode.carousel : Stopped.
2025-10-02 17:52:11,898 : INFO : EventManager : Event: ======'modes_active_modes_changed'====== Args={}
2025-10-02 17:52:11,899 : INFO : EventManager : Event: ======'mode_carousel_stopped'====== Args={}
2025-10-02 17:52:11,899 : INFO : EventManager : Event: ======'clear'====== Args={'key': 'carousel'}
2025-10-02 17:52:12,006 : INFO : SwitchController : <<<<<<< 's_three_bank_standup' inactive >>>>>>>
2025-10-02 17:52:15,033 : INFO : SwitchController : <<<<<<< 's_three_bank_standup' active >>>>>>>
2025-10-02 17:52:15,033 : INFO : EventManager : Event: ======'s_three_bank_standup_active'====== Args={}
2025-10-02 17:52:15,033 : INFO : EventManager : Event: ======'machine_var_audits_switches_s_three_bank_standup'====== Args={'value': 92, 'prev_value': 91, 'change': 1}
2025-10-02 17:52:15,034 : INFO : EventManager : Event: ======'three_bank_standup_hit'====== Args={'elapsed': 0}
2025-10-02 17:52:15,035 : INFO : EventManager : Event: ======'player_score'====== Args={'value': 2062790, 'prev_value': 2042780, 'change': 20010, 'player_num': 1, 'source': 'base'}
2025-10-02 17:52:15,035 : INFO : EventManager : Event: ======'logicblock_chcheckitout_multiball_ready_updated'====== Args={'value': 1, 'enabled': True}
2025-10-02 17:52:15,035 : INFO : EventManager : Event: ======'logicblock_chcheckitout_multiball_ready_hit'====== Args={'step': 1}
2025-10-02 17:52:15,035 : INFO : EventManager : Event: ======'chcheckitout_start_multiball'====== Args={}
2025-10-02 17:52:15,035 : INFO : EventManager : Event: ======'logicblock_chcheckitout_multiball_ready_updated'====== Args={'value': 0, 'enabled': True}
2025-10-02 17:52:15,157 : INFO : SwitchController : <<<<<<< 's_three_bank_standup' inactive >>>>>>>
2025-10-02 17:52:32,250 : INFO : Machine : Shutting down...
2025-10-02 17:52:32,250 : INFO : EventManager : Event: ======'shutdown'====== Args={}
2025-10-02 17:52:32,253 : INFO : EventManager : Event: ======'mode_game_will_stop'====== Args={}
2025-10-02 17:52:32,253 : INFO : EventManager : Event: ======'mode_game_stopping'====== Args={}
2025-10-02 17:52:32,255 : INFO : EventManager : Event: ======'mode_base_will_stop'====== Args={}
2025-10-02 17:52:32,255 : INFO : EventManager : Event: ======'mode_base_stopping'====== Args={}
2025-10-02 17:52:32,255 : INFO : Mode.base : Stopped.
2025-10-02 17:52:32,255 : INFO : EventManager : Event: ======'modes_active_modes_changed'====== Args={}
2025-10-02 17:52:32,255 : INFO : EventManager : Event: ======'mode_base_stopped'====== Args={}
2025-10-02 17:52:32,255 : INFO : EventManager : Event: ======'clear'====== Args={'key': 'base'}
2025-10-02 17:52:32,257 : INFO : Mode.game : Stopped.
2025-10-02 17:52:32,257 : INFO : EventManager : Event: ======'modes_active_modes_changed'====== Args={}
2025-10-02 17:52:32,258 : INFO : EventManager : Event: ======'mode_game_stopped'====== Args={}
2025-10-02 17:52:32,258 : INFO : EventManager : Event: ======'clear'====== Args={'key': 'game'}
2025-10-02 17:52:32,289 : INFO : root : MPF run loop ended.
