2025-09-20 08:09:44,089 : INFO : root : Loading config.
2025-09-20 08:09:44,094 : INFO : YamlMultifileConfigLoader : Machine config file #1: config.yaml
2025-09-20 08:09:44,094 : INFO : ConfigProcessor : Loading config from cache: C:\Users\sdona\AppData\Local\Temp\19f6d0d7953982fda9d956182316b8e5.mpf_cache
2025-09-20 08:09:44,154 : INFO : ConfigProcessor : Loading config from cache: C:\Users\sdona\AppData\Local\Temp\835b5bfea4be8b279a05e96caaaffbbb.mpf_cache
2025-09-20 08:09:44,154 : INFO : ConfigProcessor : Loading config from cache: C:\Users\sdona\AppData\Local\Temp\9b0a7575388f9d9bd2f6ab87bf9fd2f7.mpf_cache
2025-09-20 08:09:44,157 : INFO : ConfigProcessor : Loading config from cache: C:\Users\sdona\AppData\Local\Temp\c340ec0033d1055cd797ffd5447ef414.mpf_cache
2025-09-20 08:09:44,158 : INFO : ConfigProcessor : Loading config from cache: C:\Users\sdona\AppData\Local\Temp\835b5bfea4be8b279a05e96caaaffbbb.mpf_cache
2025-09-20 08:09:44,159 : INFO : Machine : Mission Pinball Framework Core Engine v0.80.0.dev9
2025-09-20 08:09:44,159 : INFO : Machine : Command line arguments: {'no_load_cache': False, 'create_config_cache': True, 'bcp': True, 'configfile': ['config.yaml'], 'force_assets_load': False, 'platform_integration_test': False, 'jsonlogging': False, 'logfile': 'logs\\2025-09-20-08-09-44-mpf-PinballLaptop.log', 'pause': False, 'production': False, 'text_ui': False, 'loglevel': 15, 'consoleloglevel': 20, 'force_platform': 'virtual', 'syslog_address': None, 'full_logfile_path': 'C:\\venv\\mpf\\mmmdrop\\logs\\2025-09-20-08-09-44-mpf-PinballLaptop.log'}
2025-09-20 08:09:44,159 : INFO : Machine : MPF path: c:\venv\mpf\lib\site-packages\mpf
2025-09-20 08:09:44,159 : INFO : Machine : Machine path: C:\venv\mpf\mmmdrop
2025-09-20 08:09:44,159 : INFO : Machine : Platform: win32
2025-09-20 08:09:44,159 : INFO : Machine : Python executable location: c:\venv\mpf\Scripts\python.exe
2025-09-20 08:09:44,159 : INFO : Machine : Python version: 3.9.13 (64-bit)
2025-09-20 08:09:44,161 : INFO : Machine : Initializing MPF...
2025-09-20 08:09:44,248 : INFO : EventManager : Event: ======'machine_var_credits_string'====== Args={'value': 'FREE PLAY', 'prev_value': None, 'change': True}
2025-09-20 08:09:44,284 : INFO : EventManager : Event: ======'machine_var_fast_audio_headphones_volume'====== Args={'value': 10, 'prev_value': None, 'change': True}
2025-09-20 08:09:44,284 : INFO : EventManager : Event: ======'machine_var_fast_audio_main_volume'====== Args={'value': 44, 'prev_value': None, 'change': True}
2025-09-20 08:09:44,284 : INFO : EventManager : Event: ======'machine_var_master_volume'====== Args={'value': 0.15, 'prev_value': None, 'change': True}
2025-09-20 08:09:44,284 : INFO : EventManager : Event: ======'machine_var_player1_score'====== Args={'value': 140190, 'prev_value': None, 'change': True}
2025-09-20 08:09:44,284 : INFO : EventManager : Event: ======'machine_var_mpf_version'====== Args={'value': 'Mission Pinball Framework v0.80.0.dev9', 'prev_value': None, 'change': True}
2025-09-20 08:09:44,284 : INFO : EventManager : Event: ======'machine_var_mpf_extended_version'====== Args={'value': 'Mission Pinball Framework v0.80.0.dev9, Config version:6, Show version: 6, BCP version:1.1', 'prev_value': None, 'change': True}
2025-09-20 08:09:44,286 : INFO : EventManager : Event: ======'machine_var_python_version'====== Args={'value': '3.9.13', 'prev_value': None, 'change': True}
2025-09-20 08:09:44,684 : INFO : EventManager : Event: ======'machine_var_platform'====== Args={'value': 'Windows-10-10.0.26100-SP0', 'prev_value': None, 'change': True}
2025-09-20 08:09:44,684 : INFO : EventManager : Event: ======'machine_var_platform_system'====== Args={'value': 'Windows', 'prev_value': None, 'change': True}
2025-09-20 08:09:44,684 : INFO : EventManager : Event: ======'machine_var_platform_release'====== Args={'value': '10', 'prev_value': None, 'change': True}
2025-09-20 08:09:44,684 : INFO : EventManager : Event: ======'machine_var_platform_version'====== Args={'value': '10.0.26100', 'prev_value': None, 'change': True}
2025-09-20 08:09:44,684 : INFO : EventManager : Event: ======'machine_var_platform_machine'====== Args={'value': 'AMD64', 'prev_value': None, 'change': True}
2025-09-20 08:09:44,684 : INFO : EventManager : Event: ======'machine_var_log_file_path'====== Args={'value': 'C:\\venv\\mpf\\mmmdrop\\logs\\2025-09-20-08-09-44-mpf-PinballLaptop.log', 'prev_value': None, 'change': True}
2025-09-20 08:09:44,684 : INFO : EventManager : Event: ======'init_phase_1'====== Args={}
2025-09-20 08:09:44,707 : INFO : EventManager : Event: ======'drop_target_bank_drop_bank_up'====== Args={}
2025-09-20 08:09:44,707 : INFO : EventManager : Event: ======'drop_target_bank_three_bank_up'====== Args={}
2025-09-20 08:09:44,708 : INFO : EventManager : Event: ======'init_phase_2'====== Args={}
2025-09-20 08:09:44,708 : INFO : SwitchController : Found active switch: ('3208-0', <Platform.Virtual>) <switch.s_trough1>
2025-09-20 08:09:44,708 : INFO : SwitchController : Found active switch: ('3208-1', <Platform.Virtual>) <switch.s_trough2>
2025-09-20 08:09:44,708 : INFO : SwitchController : Found active switch: ('3208-2', <Platform.Virtual>) <switch.s_trough3>
2025-09-20 08:09:44,708 : INFO : SwitchController : Found active switch: ('3208-3', <Platform.Virtual>) <switch.s_trough4>
2025-09-20 08:09:44,708 : INFO : SwitchController : Found active switch: ('3208-4', <Platform.Virtual>) <switch.s_trough5>
2025-09-20 08:09:44,708 : INFO : SwitchController : Found active switch: ('3208-5', <Platform.Virtual>) <switch.s_trough6>
2025-09-20 08:09:44,711 : INFO : EventManager : Event: ======'bcp_connection_attempt'====== Args={'name': 'local_display', 'host': 'localhost', 'port': 5050}
2025-09-20 08:09:44,713 : INFO : BCPClientSocket : Connecting BCP to 'local_display' at localhost:5050...
2025-09-20 08:09:44,723 : INFO : BCPClientSocket : Connected BCP to 'local_display' localhost:5050
2025-09-20 08:09:44,723 : INFO : EventManager : Event: ======'bcp_clients_connected'====== Args={}
2025-09-20 08:09:44,725 : INFO : ball_device.bd_trough : BCH: Initial count: 6
2025-09-20 08:09:44,725 : INFO : ball_device.bd_trough : State: idle
2025-09-20 08:09:44,725 : INFO : ball_device.bd_plunger : BCH: Initial count: 0
2025-09-20 08:09:44,726 : INFO : ball_device.bd_plunger : State: idle
2025-09-20 08:09:44,726 : INFO : ball_device.bd_scoop : BCH: Initial count: 0
2025-09-20 08:09:44,726 : INFO : ball_device.bd_scoop : State: idle
2025-09-20 08:09:44,736 : INFO : EventManager : Event: ======'init_phase_3'====== Args={}
2025-09-20 08:09:44,738 : INFO : EventManager : Event: ======'init_phase_4'====== Args={}
2025-09-20 08:09:44,738 : INFO : BallController : Initial balls found: 6
2025-09-20 08:09:44,739 : INFO : EventManager : Event: ======'machine_var_audits_events_game_ended'====== Args={'value': 36, 'prev_value': None, 'change': True}
2025-09-20 08:09:44,740 : INFO : EventManager : Event: ======'machine_var_audits_events_game_started'====== Args={'value': 89, 'prev_value': None, 'change': True}
2025-09-20 08:09:44,740 : INFO : EventManager : Event: ======'machine_var_audits_missing_switches_s_captive_ball'====== Args={'value': 15, 'prev_value': None, 'change': True}
2025-09-20 08:09:44,740 : INFO : EventManager : Event: ======'machine_var_audits_missing_switches_s_center_upper_pop'====== Args={'value': 15, 'prev_value': None, 'change': True}
2025-09-20 08:09:44,740 : INFO : EventManager : Event: ======'machine_var_audits_missing_switches_s_inner_orbit'====== Args={'value': 15, 'prev_value': None, 'change': True}
2025-09-20 08:09:44,740 : INFO : EventManager : Event: ======'machine_var_audits_missing_switches_s_left_flipper'====== Args={'value': 15, 'prev_value': None, 'change': True}
2025-09-20 08:09:44,740 : INFO : EventManager : Event: ======'machine_var_audits_missing_switches_s_left_inlane'====== Args={'value': 15, 'prev_value': None, 'change': True}
2025-09-20 08:09:44,740 : INFO : EventManager : Event: ======'machine_var_audits_missing_switches_s_left_orbit'====== Args={'value': 15, 'prev_value': None, 'change': True}
2025-09-20 08:09:44,740 : INFO : EventManager : Event: ======'machine_var_audits_missing_switches_s_left_outlane'====== Args={'value': 15, 'prev_value': None, 'change': True}
2025-09-20 08:09:44,740 : INFO : EventManager : Event: ======'machine_var_audits_missing_switches_s_left_ramp'====== Args={'value': 15, 'prev_value': None, 'change': True}
2025-09-20 08:09:44,740 : INFO : EventManager : Event: ======'machine_var_audits_missing_switches_s_left_slingshot'====== Args={'value': 15, 'prev_value': None, 'change': True}
2025-09-20 08:09:44,740 : INFO : EventManager : Event: ======'machine_var_audits_missing_switches_s_left_upper_pop'====== Args={'value': 15, 'prev_value': None, 'change': True}
2025-09-20 08:09:44,740 : INFO : EventManager : Event: ======'machine_var_audits_missing_switches_s_pop_standup'====== Args={'value': 15, 'prev_value': None, 'change': True}
2025-09-20 08:09:44,740 : INFO : EventManager : Event: ======'machine_var_audits_missing_switches_s_right_flipper'====== Args={'value': 15, 'prev_value': None, 'change': True}
2025-09-20 08:09:44,740 : INFO : EventManager : Event: ======'machine_var_audits_missing_switches_s_right_inlane'====== Args={'value': 15, 'prev_value': None, 'change': True}
2025-09-20 08:09:44,740 : INFO : EventManager : Event: ======'machine_var_audits_missing_switches_s_right_lower_pop'====== Args={'value': 2, 'prev_value': None, 'change': True}
2025-09-20 08:09:44,740 : INFO : EventManager : Event: ======'machine_var_audits_missing_switches_s_right_orbit'====== Args={'value': 15, 'prev_value': None, 'change': True}
2025-09-20 08:09:44,740 : INFO : EventManager : Event: ======'machine_var_audits_missing_switches_s_right_outlane'====== Args={'value': 15, 'prev_value': None, 'change': True}
2025-09-20 08:09:44,740 : INFO : EventManager : Event: ======'machine_var_audits_missing_switches_s_right_ramp'====== Args={'value': 15, 'prev_value': None, 'change': True}
2025-09-20 08:09:44,740 : INFO : EventManager : Event: ======'machine_var_audits_missing_switches_s_right_slingshot'====== Args={'value': 15, 'prev_value': None, 'change': True}
2025-09-20 08:09:44,740 : INFO : EventManager : Event: ======'machine_var_audits_missing_switches_s_scoop'====== Args={'value': 5, 'prev_value': None, 'change': True}
2025-09-20 08:09:44,740 : INFO : EventManager : Event: ======'machine_var_audits_missing_switches_s_spinner'====== Args={'value': 15, 'prev_value': None, 'change': True}
2025-09-20 08:09:44,741 : INFO : EventManager : Event: ======'machine_var_audits_missing_switches_s_start'====== Args={'value': 2, 'prev_value': None, 'change': True}
2025-09-20 08:09:44,741 : INFO : EventManager : Event: ======'machine_var_audits_missing_switches_s_three_bank_bottom'====== Args={'value': 2, 'prev_value': None, 'change': True}
2025-09-20 08:09:44,741 : INFO : EventManager : Event: ======'machine_var_audits_missing_switches_s_three_bank_middle'====== Args={'value': 2, 'prev_value': None, 'change': True}
2025-09-20 08:09:44,741 : INFO : EventManager : Event: ======'machine_var_audits_missing_switches_s_three_bank_standup'====== Args={'value': 2, 'prev_value': None, 'change': True}
2025-09-20 08:09:44,741 : INFO : EventManager : Event: ======'machine_var_audits_missing_switches_s_three_bank_top'====== Args={'value': 2, 'prev_value': None, 'change': True}
2025-09-20 08:09:44,741 : INFO : EventManager : Event: ======'machine_var_audits_missing_switches_s_tilt_bob'====== Args={'value': 23, 'prev_value': None, 'change': True}
2025-09-20 08:09:44,741 : INFO : EventManager : Event: ======'machine_var_audits_missing_switches_s_top_right_flipper'====== Args={'value': 15, 'prev_value': None, 'change': True}
2025-09-20 08:09:44,741 : INFO : EventManager : Event: ======'machine_var_audits_missing_switches_s_trough1'====== Args={'value': 2, 'prev_value': None, 'change': True}
2025-09-20 08:09:44,741 : INFO : EventManager : Event: ======'machine_var_audits_missing_switches_s_trough2'====== Args={'value': 14, 'prev_value': None, 'change': True}
2025-09-20 08:09:44,741 : INFO : EventManager : Event: ======'machine_var_audits_missing_switches_s_trough3'====== Args={'value': 14, 'prev_value': None, 'change': True}
2025-09-20 08:09:44,741 : INFO : EventManager : Event: ======'machine_var_audits_missing_switches_s_trough4'====== Args={'value': 14, 'prev_value': None, 'change': True}
2025-09-20 08:09:44,741 : INFO : EventManager : Event: ======'machine_var_audits_missing_switches_s_trough5'====== Args={'value': 14, 'prev_value': None, 'change': True}
2025-09-20 08:09:44,741 : INFO : EventManager : Event: ======'machine_var_audits_missing_switches_s_trough6'====== Args={'value': 15, 'prev_value': None, 'change': True}
2025-09-20 08:09:44,741 : INFO : EventManager : Event: ======'machine_var_audits_missing_switches_s_trough_jam'====== Args={'value': 15, 'prev_value': None, 'change': True}
2025-09-20 08:09:44,741 : INFO : EventManager : Event: ======'machine_var_audits_missing_switches_s_tshirt_bottom_standup'====== Args={'value': 15, 'prev_value': None, 'change': True}
2025-09-20 08:09:44,741 : INFO : EventManager : Event: ======'machine_var_audits_missing_switches_s_tshirt_top_standup'====== Args={'value': 15, 'prev_value': None, 'change': True}
2025-09-20 08:09:44,741 : INFO : EventManager : Event: ======'machine_var_audits_missing_switches_s_upper_pop_standup'====== Args={'value': 15, 'prev_value': None, 'change': True}
2025-09-20 08:09:44,741 : INFO : EventManager : Event: ======'machine_var_audits_player_score'====== Args={'value': {'average': 16766, 'top': [140190, 55679, 54526, 46225, 25350, 24166, 23278, 22740, 20422, 20201], 'total': 37}, 'prev_value': None, 'change': True}
2025-09-20 08:09:44,741 : INFO : EventManager : Event: ======'machine_var_audits_shots_skill_captive'====== Args={'value': 16, 'prev_value': None, 'change': True}
2025-09-20 08:09:44,741 : INFO : EventManager : Event: ======'machine_var_audits_switches_s_captive_ball'====== Args={'value': 158, 'prev_value': None, 'change': True}
2025-09-20 08:09:44,741 : INFO : EventManager : Event: ======'machine_var_audits_switches_s_center_upper_pop'====== Args={'value': 182, 'prev_value': None, 'change': True}
2025-09-20 08:09:44,741 : INFO : EventManager : Event: ======'machine_var_audits_switches_s_inner_orbit'====== Args={'value': 0, 'prev_value': None, 'change': True}
2025-09-20 08:09:44,742 : INFO : EventManager : Event: ======'machine_var_audits_switches_s_left_flipper'====== Args={'value': 1240, 'prev_value': None, 'change': True}
2025-09-20 08:09:44,742 : INFO : EventManager : Event: ======'machine_var_audits_switches_s_left_inlane'====== Args={'value': 107, 'prev_value': None, 'change': True}
2025-09-20 08:09:44,742 : INFO : EventManager : Event: ======'machine_var_audits_switches_s_left_orbit'====== Args={'value': 0, 'prev_value': None, 'change': True}
2025-09-20 08:09:44,742 : INFO : EventManager : Event: ======'machine_var_audits_switches_s_left_outlane'====== Args={'value': 53, 'prev_value': None, 'change': True}
2025-09-20 08:09:44,742 : INFO : EventManager : Event: ======'machine_var_audits_switches_s_left_ramp'====== Args={'value': 0, 'prev_value': None, 'change': True}
2025-09-20 08:09:44,742 : INFO : EventManager : Event: ======'machine_var_audits_switches_s_left_slingshot'====== Args={'value': 259, 'prev_value': None, 'change': True}
2025-09-20 08:09:44,742 : INFO : EventManager : Event: ======'machine_var_audits_switches_s_left_upper_pop'====== Args={'value': 139, 'prev_value': None, 'change': True}
2025-09-20 08:09:44,742 : INFO : EventManager : Event: ======'machine_var_audits_switches_s_plunger'====== Args={'value': 465, 'prev_value': None, 'change': True}
2025-09-20 08:09:44,742 : INFO : EventManager : Event: ======'machine_var_audits_switches_s_pop_standup'====== Args={'value': 48, 'prev_value': None, 'change': True}
2025-09-20 08:09:44,742 : INFO : EventManager : Event: ======'machine_var_audits_switches_s_right_flipper'====== Args={'value': 1509, 'prev_value': None, 'change': True}
2025-09-20 08:09:44,742 : INFO : EventManager : Event: ======'machine_var_audits_switches_s_right_inlane'====== Args={'value': 104, 'prev_value': None, 'change': True}
2025-09-20 08:09:44,742 : INFO : EventManager : Event: ======'machine_var_audits_switches_s_right_lower_pop'====== Args={'value': 286, 'prev_value': None, 'change': True}
2025-09-20 08:09:44,742 : INFO : EventManager : Event: ======'machine_var_audits_switches_s_right_orbit'====== Args={'value': 0, 'prev_value': None, 'change': True}
2025-09-20 08:09:44,742 : INFO : EventManager : Event: ======'machine_var_audits_switches_s_right_outlane'====== Args={'value': 51, 'prev_value': None, 'change': True}
2025-09-20 08:09:44,742 : INFO : EventManager : Event: ======'machine_var_audits_switches_s_right_ramp'====== Args={'value': 0, 'prev_value': None, 'change': True}
2025-09-20 08:09:44,742 : INFO : EventManager : Event: ======'machine_var_audits_switches_s_right_slingshot'====== Args={'value': 365, 'prev_value': None, 'change': True}
2025-09-20 08:09:44,742 : INFO : EventManager : Event: ======'machine_var_audits_switches_s_scoop'====== Args={'value': 85, 'prev_value': None, 'change': True}
2025-09-20 08:09:44,742 : INFO : EventManager : Event: ======'machine_var_audits_switches_s_spinner'====== Args={'value': 1364, 'prev_value': None, 'change': True}
2025-09-20 08:09:44,742 : INFO : EventManager : Event: ======'machine_var_audits_switches_s_start'====== Args={'value': 9, 'prev_value': None, 'change': True}
2025-09-20 08:09:44,742 : INFO : EventManager : Event: ======'machine_var_audits_switches_s_three_bank_bottom'====== Args={'value': 71, 'prev_value': None, 'change': True}
2025-09-20 08:09:44,742 : INFO : EventManager : Event: ======'machine_var_audits_switches_s_three_bank_middle'====== Args={'value': 69, 'prev_value': None, 'change': True}
2025-09-20 08:09:44,742 : INFO : EventManager : Event: ======'machine_var_audits_switches_s_three_bank_standup'====== Args={'value': 70, 'prev_value': None, 'change': True}
2025-09-20 08:09:44,742 : INFO : EventManager : Event: ======'machine_var_audits_switches_s_three_bank_top'====== Args={'value': 65, 'prev_value': None, 'change': True}
2025-09-20 08:09:44,743 : INFO : EventManager : Event: ======'machine_var_audits_switches_s_tilt_bob'====== Args={'value': 21, 'prev_value': None, 'change': True}
2025-09-20 08:09:44,743 : INFO : EventManager : Event: ======'machine_var_audits_switches_s_top_right_flipper'====== Args={'value': 1294, 'prev_value': None, 'change': True}
2025-09-20 08:09:44,743 : INFO : EventManager : Event: ======'machine_var_audits_switches_s_trough1'====== Args={'value': 220, 'prev_value': None, 'change': True}
2025-09-20 08:09:44,743 : INFO : EventManager : Event: ======'machine_var_audits_switches_s_trough2'====== Args={'value': 248, 'prev_value': None, 'change': True}
2025-09-20 08:09:44,743 : INFO : EventManager : Event: ======'machine_var_audits_switches_s_trough3'====== Args={'value': 178, 'prev_value': None, 'change': True}
2025-09-20 08:09:44,743 : INFO : EventManager : Event: ======'machine_var_audits_switches_s_trough4'====== Args={'value': 160, 'prev_value': None, 'change': True}
2025-09-20 08:09:44,743 : INFO : EventManager : Event: ======'machine_var_audits_switches_s_trough5'====== Args={'value': 160, 'prev_value': None, 'change': True}
2025-09-20 08:09:44,743 : INFO : EventManager : Event: ======'machine_var_audits_switches_s_trough6'====== Args={'value': 158, 'prev_value': None, 'change': True}
2025-09-20 08:09:44,743 : INFO : EventManager : Event: ======'machine_var_audits_switches_s_trough_jam'====== Args={'value': 206, 'prev_value': None, 'change': True}
2025-09-20 08:09:44,743 : INFO : EventManager : Event: ======'machine_var_audits_switches_s_tshirt_bottom_standup'====== Args={'value': 28, 'prev_value': None, 'change': True}
2025-09-20 08:09:44,743 : INFO : EventManager : Event: ======'machine_var_audits_switches_s_tshirt_top_standup'====== Args={'value': 33, 'prev_value': None, 'change': True}
2025-09-20 08:09:44,743 : INFO : EventManager : Event: ======'machine_var_audits_switches_s_upper_pop_standup'====== Args={'value': 158, 'prev_value': None, 'change': True}
2025-09-20 08:09:44,743 : INFO : EventManager : Event: ======'init_phase_5'====== Args={}
2025-09-20 08:09:44,743 : INFO : EventManager : Event: ======'init_done'====== Args={}
2025-09-20 08:09:44,744 : INFO : EventManager : Event: ======'machine_reset_phase_1'====== Args={}
2025-09-20 08:09:44,755 : INFO : EventManager : Event: ======'machine_reset_phase_2'====== Args={}
2025-09-20 08:09:44,756 : INFO : EventManager : Event: ======'machine_reset_phase_3'====== Args={}
2025-09-20 08:09:44,756 : INFO : drop_target_bank.drop_bank : All targets are already up. Will not reset bank.
2025-09-20 08:09:44,756 : INFO : drop_target_bank.three_bank : All targets are already up. Will not reset bank.
2025-09-20 08:09:44,756 : INFO : EventManager : Event: ======'reset_complete'====== Args={}
2025-09-20 08:09:44,756 : INFO : EventManager : Event: ======'mode_attract_will_start'====== Args={}
2025-09-20 08:09:44,757 : INFO : EventManager : Event: ======'mode_attract_starting'====== Args={}
2025-09-20 08:09:44,757 : INFO : Mode.attract : Started. Priority: 10
2025-09-20 08:09:44,757 : INFO : EventManager : Event: ======'modes_active_modes_changed'====== Args={}
2025-09-20 08:09:44,757 : INFO : EventManager : Event: ======'mode_attract_started'====== Args={}
2025-09-20 08:09:44,757 : INFO : EventManager : Event: ======'collecting_balls_complete'====== Args={}
2025-09-20 08:09:44,758 : INFO : Machine : Starting the main run loop with active modes: [<Mode.attract>]
2025-09-20 08:09:44,777 : INFO : EventManager : Event: ======'slide_attract_created'====== Args={'_from_bcp': True}
2025-09-20 08:09:44,777 : INFO : EventManager : Event: ======'slide__removed'====== Args={'_from_bcp': True}
2025-09-20 08:09:44,778 : INFO : EventManager : Event: ======'slide_attract_active'====== Args={'original_context': 'attract', 'original_calling_context': 'mode_attract_started', 'priority': 10.0, 'cmd': 'slides_play', '_from_bcp': True}
2025-09-20 08:09:55,277 : INFO : Machine : Shutting down...
2025-09-20 08:09:55,277 : INFO : EventManager : Event: ======'shutdown'====== Args={}
2025-09-20 08:09:55,280 : INFO : root : MPF run loop ended.
