2025-10-05 16:25:09,406 : INFO : root : Loading config.
2025-10-05 16:25:09,410 : INFO : YamlMultifileConfigLoader : Machine config file #1: config.yaml
2025-10-05 16:25:09,411 : INFO : ConfigProcessor : Loading config from cache: C:\Users\sdona\AppData\Local\Temp\19f6d0d7953982fda9d956182316b8e5.mpf_cache
2025-10-05 16:25:09,511 : INFO : ConfigProcessor : Loading config from cache: C:\Users\sdona\AppData\Local\Temp\835b5bfea4be8b279a05e96caaaffbbb.mpf_cache
2025-10-05 16:25:09,512 : INFO : ConfigProcessor : Loading config from cache: C:\Users\sdona\AppData\Local\Temp\9b0a7575388f9d9bd2f6ab87bf9fd2f7.mpf_cache
2025-10-05 16:25:09,513 : INFO : ConfigProcessor : Loading config from cache: C:\Users\sdona\AppData\Local\Temp\c340ec0033d1055cd797ffd5447ef414.mpf_cache
2025-10-05 16:25:09,514 : INFO : ConfigProcessor : Loading config from cache: C:\Users\sdona\AppData\Local\Temp\835b5bfea4be8b279a05e96caaaffbbb.mpf_cache
2025-10-05 16:25:09,515 : INFO : ConfigProcessor : Loading config from cache: C:\Users\sdona\AppData\Local\Temp\8c11a28e3c38d4ad47947b6a126f2ee9.mpf_cache
2025-10-05 16:25:09,516 : INFO : ConfigProcessor : Loading config from cache: C:\Users\sdona\AppData\Local\Temp\e391083cdc9e667060411fe5838e93f2.mpf_cache
2025-10-05 16:25:09,516 : INFO : ConfigProcessor : Loading config from cache: C:\Users\sdona\AppData\Local\Temp\f0c219a993d891ee86dcb7eae47dde67.mpf_cache
2025-10-05 16:25:09,517 : WARNING : ConfigProcessor : Config file in cache changed: C:\venv\mpf\mmmdrop\modes\intergalactic\config\intergalactic.yaml
2025-10-05 16:25:09,517 : INFO : ConfigProcessor : Loading config from file C:\venv\mpf\mmmdrop\modes\intergalactic\config\intergalactic.yaml.
2025-10-05 16:25:09,520 : INFO : ConfigProcessor : Loading config: C:\venv\mpf\mmmdrop\modes\intergalactic\config\intergalactic.yaml
2025-10-05 16:25:09,521 : INFO : ConfigProcessor : Config file cache created: C:\Users\sdona\AppData\Local\Temp\96aa58108928490b129531848cd9b506.mpf_cache
2025-10-05 16:25:09,522 : WARNING : ConfigProcessor : Config file in cache changed: C:\venv\mpf\mmmdrop\modes\paulrevere\config\paulrevere.yaml
2025-10-05 16:25:09,522 : INFO : ConfigProcessor : Loading config from file C:\venv\mpf\mmmdrop\modes\paulrevere\config\paulrevere.yaml.
2025-10-05 16:25:09,524 : INFO : ConfigProcessor : Loading config: C:\venv\mpf\mmmdrop\modes\paulrevere\config\paulrevere.yaml
2025-10-05 16:25:09,525 : INFO : ConfigProcessor : Config file cache created: C:\Users\sdona\AppData\Local\Temp\567636b9d9766e3361204e954a8382da.mpf_cache
2025-10-05 16:25:09,526 : INFO : Machine : Mission Pinball Framework Core Engine v0.80.0.dev9
2025-10-05 16:25:09,526 : INFO : Machine : Command line arguments: {'no_load_cache': False, 'create_config_cache': True, 'bcp': True, 'configfile': ['config.yaml'], 'force_assets_load': False, 'platform_integration_test': False, 'jsonlogging': False, 'logfile': 'logs\\2025-10-05-16-25-09-mpf-PinballLaptop.log', 'pause': False, 'production': False, 'text_ui': True, 'loglevel': 15, 'consoleloglevel': 20, 'force_platform': 'smart_virtual', 'syslog_address': None, 'full_logfile_path': 'C:\\venv\\mpf\\mmmdrop\\logs\\2025-10-05-16-25-09-mpf-PinballLaptop.log'}
2025-10-05 16:25:09,526 : INFO : Machine : MPF path: c:\venv\mpf\lib\site-packages\mpf
2025-10-05 16:25:09,526 : INFO : Machine : Machine path: C:\venv\mpf\mmmdrop
2025-10-05 16:25:09,526 : INFO : Machine : Platform: win32
2025-10-05 16:25:09,526 : INFO : Machine : Python executable location: c:\venv\mpf\Scripts\python.exe
2025-10-05 16:25:09,526 : INFO : Machine : Python version: 3.9.13 (64-bit)
2025-10-05 16:25:09,529 : INFO : Machine : Initializing MPF...
2025-10-05 16:25:09,736 : INFO : EventManager : Event: ======'machine_var_credits_string'====== Args={'value': 'FREE PLAY', 'prev_value': None, 'change': True}
2025-10-05 16:25:09,762 : INFO : EventManager : Event: ======'machine_var_fast_audio_headphones_volume'====== Args={'value': 10, 'prev_value': None, 'change': True}
2025-10-05 16:25:09,762 : INFO : EventManager : Event: ======'machine_var_fast_audio_main_volume'====== Args={'value': 44, 'prev_value': None, 'change': True}
2025-10-05 16:25:09,762 : INFO : EventManager : Event: ======'machine_var_master_volume'====== Args={'value': 0.15, 'prev_value': None, 'change': True}
2025-10-05 16:25:09,762 : INFO : EventManager : Event: ======'machine_var_player1_score'====== Args={'value': 140190, 'prev_value': None, 'change': True}
2025-10-05 16:25:09,762 : INFO : EventManager : Event: ======'machine_var_mpf_version'====== Args={'value': 'Mission Pinball Framework v0.80.0.dev9', 'prev_value': None, 'change': True}
2025-10-05 16:25:09,762 : INFO : EventManager : Event: ======'machine_var_mpf_extended_version'====== Args={'value': 'Mission Pinball Framework v0.80.0.dev9, Config version:6, Show version: 6, BCP version:1.1', 'prev_value': None, 'change': True}
2025-10-05 16:25:09,762 : INFO : EventManager : Event: ======'machine_var_python_version'====== Args={'value': '3.9.13', 'prev_value': None, 'change': True}
2025-10-05 16:25:09,794 : INFO : EventManager : Event: ======'machine_var_platform'====== Args={'value': 'Windows-10-10.0.26100-SP0', 'prev_value': None, 'change': True}
2025-10-05 16:25:09,794 : INFO : EventManager : Event: ======'machine_var_platform_system'====== Args={'value': 'Windows', 'prev_value': None, 'change': True}
2025-10-05 16:25:09,794 : INFO : EventManager : Event: ======'machine_var_platform_release'====== Args={'value': '10', 'prev_value': None, 'change': True}
2025-10-05 16:25:09,794 : INFO : EventManager : Event: ======'machine_var_platform_version'====== Args={'value': '10.0.26100', 'prev_value': None, 'change': True}
2025-10-05 16:25:09,794 : INFO : EventManager : Event: ======'machine_var_platform_machine'====== Args={'value': 'AMD64', 'prev_value': None, 'change': True}
2025-10-05 16:25:09,794 : INFO : EventManager : Event: ======'machine_var_log_file_path'====== Args={'value': 'C:\\venv\\mpf\\mmmdrop\\logs\\2025-10-05-16-25-09-mpf-PinballLaptop.log', 'prev_value': None, 'change': True}
2025-10-05 16:25:09,794 : INFO : EventManager : Event: ======'init_phase_1'====== Args={}
2025-10-05 16:25:09,826 : INFO : EventManager : Event: ======'drop_target_bank_three_bank_up'====== Args={}
2025-10-05 16:25:09,827 : INFO : EventManager : Event: ======'init_phase_2'====== Args={}
2025-10-05 16:25:09,827 : INFO : SwitchController : Found active switch: ('3208-0', <Platform.SmartVirtual>) <switch.s_trough1>
2025-10-05 16:25:09,827 : INFO : SwitchController : Found active switch: ('3208-1', <Platform.SmartVirtual>) <switch.s_trough2>
2025-10-05 16:25:09,827 : INFO : SwitchController : Found active switch: ('3208-2', <Platform.SmartVirtual>) <switch.s_trough3>
2025-10-05 16:25:09,827 : INFO : SwitchController : Found active switch: ('3208-3', <Platform.SmartVirtual>) <switch.s_trough4>
2025-10-05 16:25:09,827 : INFO : SwitchController : Found active switch: ('3208-4', <Platform.SmartVirtual>) <switch.s_trough5>
2025-10-05 16:25:09,827 : INFO : SwitchController : Found active switch: ('3208-5', <Platform.SmartVirtual>) <switch.s_trough6>
2025-10-05 16:25:09,832 : INFO : EventManager : Event: ======'bcp_connection_attempt'====== Args={'name': 'local_display', 'host': 'localhost', 'port': 5050}
2025-10-05 16:25:09,834 : INFO : BCPClientSocket : Connecting BCP to 'local_display' at localhost:5050...
2025-10-05 16:25:16,105 : INFO : BCPClientSocket : Connected BCP to 'local_display' localhost:5050
2025-10-05 16:25:16,106 : INFO : EventManager : Event: ======'bcp_clients_connected'====== Args={}
2025-10-05 16:25:16,212 : INFO : ball_device.bd_trough : BCH: Initial count: 6
2025-10-05 16:25:16,213 : INFO : ball_device.bd_trough : State: idle
2025-10-05 16:25:16,214 : INFO : ball_device.bd_plunger : BCH: Initial count: 0
2025-10-05 16:25:16,214 : INFO : ball_device.bd_plunger : State: idle
2025-10-05 16:25:16,214 : INFO : ball_device.bd_scoop : BCH: Initial count: 0
2025-10-05 16:25:16,215 : INFO : ball_device.bd_scoop : State: idle
2025-10-05 16:25:16,233 : INFO : EventManager : Event: ======'init_phase_3'====== Args={}
2025-10-05 16:25:16,234 : INFO : EventManager : Event: ======'init_phase_4'====== Args={}
2025-10-05 16:25:16,236 : INFO : BallController : Initial balls found: 6
2025-10-05 16:25:16,238 : INFO : EventManager : Event: ======'machine_var_audits_events_game_ended'====== Args={'value': 36, 'prev_value': None, 'change': True}
2025-10-05 16:25:16,238 : INFO : EventManager : Event: ======'machine_var_audits_events_game_started'====== Args={'value': 263, 'prev_value': None, 'change': True}
2025-10-05 16:25:16,238 : INFO : EventManager : Event: ======'machine_var_audits_missing_switches_s_captive_ball'====== Args={'value': 7, 'prev_value': None, 'change': True}
2025-10-05 16:25:16,239 : INFO : EventManager : Event: ======'machine_var_audits_missing_switches_s_center_upper_pop'====== Args={'value': 7, 'prev_value': None, 'change': True}
2025-10-05 16:25:16,239 : INFO : EventManager : Event: ======'machine_var_audits_missing_switches_s_inner_orbit'====== Args={'value': 189, 'prev_value': None, 'change': True}
2025-10-05 16:25:16,239 : INFO : EventManager : Event: ======'machine_var_audits_missing_switches_s_left_flipper'====== Args={'value': 61, 'prev_value': None, 'change': True}
2025-10-05 16:25:16,239 : INFO : EventManager : Event: ======'machine_var_audits_missing_switches_s_left_inlane'====== Args={'value': 7, 'prev_value': None, 'change': True}
2025-10-05 16:25:16,239 : INFO : EventManager : Event: ======'machine_var_audits_missing_switches_s_left_orbit'====== Args={'value': 7, 'prev_value': None, 'change': True}
2025-10-05 16:25:16,239 : INFO : EventManager : Event: ======'machine_var_audits_missing_switches_s_left_outlane'====== Args={'value': 7, 'prev_value': None, 'change': True}
2025-10-05 16:25:16,239 : INFO : EventManager : Event: ======'machine_var_audits_missing_switches_s_left_ramp'====== Args={'value': 7, 'prev_value': None, 'change': True}
2025-10-05 16:25:16,239 : INFO : EventManager : Event: ======'machine_var_audits_missing_switches_s_left_slingshot'====== Args={'value': 189, 'prev_value': None, 'change': True}
2025-10-05 16:25:16,239 : INFO : EventManager : Event: ======'machine_var_audits_missing_switches_s_left_upper_pop'====== Args={'value': 7, 'prev_value': None, 'change': True}
2025-10-05 16:25:16,240 : INFO : EventManager : Event: ======'machine_var_audits_missing_switches_s_pop_standup'====== Args={'value': 7, 'prev_value': None, 'change': True}
2025-10-05 16:25:16,240 : INFO : EventManager : Event: ======'machine_var_audits_missing_switches_s_right_flipper'====== Args={'value': 61, 'prev_value': None, 'change': True}
2025-10-05 16:25:16,240 : INFO : EventManager : Event: ======'machine_var_audits_missing_switches_s_right_inlane'====== Args={'value': 74, 'prev_value': None, 'change': True}
2025-10-05 16:25:16,240 : INFO : EventManager : Event: ======'machine_var_audits_missing_switches_s_right_lower_pop'====== Args={'value': 7, 'prev_value': None, 'change': True}
2025-10-05 16:25:16,240 : INFO : EventManager : Event: ======'machine_var_audits_missing_switches_s_right_orbit'====== Args={'value': 7, 'prev_value': None, 'change': True}
2025-10-05 16:25:16,240 : INFO : EventManager : Event: ======'machine_var_audits_missing_switches_s_right_outlane'====== Args={'value': 74, 'prev_value': None, 'change': True}
2025-10-05 16:25:16,240 : INFO : EventManager : Event: ======'machine_var_audits_missing_switches_s_right_ramp'====== Args={'value': 7, 'prev_value': None, 'change': True}
2025-10-05 16:25:16,240 : INFO : EventManager : Event: ======'machine_var_audits_missing_switches_s_right_slingshot'====== Args={'value': 39, 'prev_value': None, 'change': True}
2025-10-05 16:25:16,240 : INFO : EventManager : Event: ======'machine_var_audits_missing_switches_s_spinner'====== Args={'value': 95, 'prev_value': None, 'change': True}
2025-10-05 16:25:16,241 : INFO : EventManager : Event: ======'machine_var_audits_missing_switches_s_start'====== Args={'value': 58, 'prev_value': None, 'change': True}
2025-10-05 16:25:16,241 : INFO : EventManager : Event: ======'machine_var_audits_missing_switches_s_three_bank_standup'====== Args={'value': 4, 'prev_value': None, 'change': True}
2025-10-05 16:25:16,241 : INFO : EventManager : Event: ======'machine_var_audits_missing_switches_s_tilt_bob'====== Args={'value': 197, 'prev_value': None, 'change': True}
2025-10-05 16:25:16,241 : INFO : EventManager : Event: ======'machine_var_audits_missing_switches_s_top_right_flipper'====== Args={'value': 189, 'prev_value': None, 'change': True}
2025-10-05 16:25:16,241 : INFO : EventManager : Event: ======'machine_var_audits_missing_switches_s_trough1'====== Args={'value': 7, 'prev_value': None, 'change': True}
2025-10-05 16:25:16,241 : INFO : EventManager : Event: ======'machine_var_audits_missing_switches_s_trough2'====== Args={'value': 4, 'prev_value': None, 'change': True}
2025-10-05 16:25:16,241 : INFO : EventManager : Event: ======'machine_var_audits_missing_switches_s_trough3'====== Args={'value': 4, 'prev_value': None, 'change': True}
2025-10-05 16:25:16,241 : INFO : EventManager : Event: ======'machine_var_audits_missing_switches_s_trough4'====== Args={'value': 188, 'prev_value': None, 'change': True}
2025-10-05 16:25:16,241 : INFO : EventManager : Event: ======'machine_var_audits_missing_switches_s_trough5'====== Args={'value': 188, 'prev_value': None, 'change': True}
2025-10-05 16:25:16,242 : INFO : EventManager : Event: ======'machine_var_audits_missing_switches_s_trough6'====== Args={'value': 38, 'prev_value': None, 'change': True}
2025-10-05 16:25:16,242 : INFO : EventManager : Event: ======'machine_var_audits_missing_switches_s_trough_jam'====== Args={'value': 189, 'prev_value': None, 'change': True}
2025-10-05 16:25:16,242 : INFO : EventManager : Event: ======'machine_var_audits_missing_switches_s_tshirt_bottom_standup'====== Args={'value': 35, 'prev_value': None, 'change': True}
2025-10-05 16:25:16,242 : INFO : EventManager : Event: ======'machine_var_audits_missing_switches_s_tshirt_top_standup'====== Args={'value': 14, 'prev_value': None, 'change': True}
2025-10-05 16:25:16,242 : INFO : EventManager : Event: ======'machine_var_audits_missing_switches_s_upper_pop_standup'====== Args={'value': 189, 'prev_value': None, 'change': True}
2025-10-05 16:25:16,242 : INFO : EventManager : Event: ======'machine_var_audits_player_score'====== Args={'value': {'average': 16766, 'top': [140190, 55679, 54526, 46225, 25350, 24166, 23278, 22740, 20422, 20201], 'total': 37}, 'prev_value': None, 'change': True}
2025-10-05 16:25:16,242 : INFO : EventManager : Event: ======'machine_var_audits_shots_skill_captive'====== Args={'value': 16, 'prev_value': None, 'change': True}
2025-10-05 16:25:16,242 : INFO : EventManager : Event: ======'machine_var_audits_shots_skill_drop_targets'====== Args={'value': 38, 'prev_value': None, 'change': True}
2025-10-05 16:25:16,243 : INFO : EventManager : Event: ======'machine_var_audits_shots_skill_side_targets'====== Args={'value': 27, 'prev_value': None, 'change': True}
2025-10-05 16:25:16,243 : INFO : EventManager : Event: ======'machine_var_audits_switches_s_captive_ball'====== Args={'value': 163, 'prev_value': None, 'change': True}
2025-10-05 16:25:16,243 : INFO : EventManager : Event: ======'machine_var_audits_switches_s_center_upper_pop'====== Args={'value': 196, 'prev_value': None, 'change': True}
2025-10-05 16:25:16,243 : INFO : EventManager : Event: ======'machine_var_audits_switches_s_inner_orbit'====== Args={'value': 0, 'prev_value': None, 'change': True}
2025-10-05 16:25:16,243 : INFO : EventManager : Event: ======'machine_var_audits_switches_s_left_flipper'====== Args={'value': 1243, 'prev_value': None, 'change': True}
2025-10-05 16:25:16,243 : INFO : EventManager : Event: ======'machine_var_audits_switches_s_left_inlane'====== Args={'value': 110, 'prev_value': None, 'change': True}
2025-10-05 16:25:16,243 : INFO : EventManager : Event: ======'machine_var_audits_switches_s_left_orbit'====== Args={'value': 27, 'prev_value': None, 'change': True}
2025-10-05 16:25:16,243 : INFO : EventManager : Event: ======'machine_var_audits_switches_s_left_outlane'====== Args={'value': 56, 'prev_value': None, 'change': True}
2025-10-05 16:25:16,243 : INFO : EventManager : Event: ======'machine_var_audits_switches_s_left_ramp'====== Args={'value': 41, 'prev_value': None, 'change': True}
2025-10-05 16:25:16,244 : INFO : EventManager : Event: ======'machine_var_audits_switches_s_left_slingshot'====== Args={'value': 259, 'prev_value': None, 'change': True}
2025-10-05 16:25:16,244 : INFO : EventManager : Event: ======'machine_var_audits_switches_s_left_upper_pop'====== Args={'value': 148, 'prev_value': None, 'change': True}
2025-10-05 16:25:16,244 : INFO : EventManager : Event: ======'machine_var_audits_switches_s_plunger'====== Args={'value': 708, 'prev_value': None, 'change': True}
2025-10-05 16:25:16,244 : INFO : EventManager : Event: ======'machine_var_audits_switches_s_pop_standup'====== Args={'value': 68, 'prev_value': None, 'change': True}
2025-10-05 16:25:16,245 : INFO : EventManager : Event: ======'machine_var_audits_switches_s_right_flipper'====== Args={'value': 1515, 'prev_value': None, 'change': True}
2025-10-05 16:25:16,245 : INFO : EventManager : Event: ======'machine_var_audits_switches_s_right_inlane'====== Args={'value': 106, 'prev_value': None, 'change': True}
2025-10-05 16:25:16,245 : INFO : EventManager : Event: ======'machine_var_audits_switches_s_right_lower_pop'====== Args={'value': 454, 'prev_value': None, 'change': True}
2025-10-05 16:25:16,245 : INFO : EventManager : Event: ======'machine_var_audits_switches_s_right_orbit'====== Args={'value': 27, 'prev_value': None, 'change': True}
2025-10-05 16:25:16,245 : INFO : EventManager : Event: ======'machine_var_audits_switches_s_right_outlane'====== Args={'value': 53, 'prev_value': None, 'change': True}
2025-10-05 16:25:16,245 : INFO : EventManager : Event: ======'machine_var_audits_switches_s_right_ramp'====== Args={'value': 41, 'prev_value': None, 'change': True}
2025-10-05 16:25:16,245 : INFO : EventManager : Event: ======'machine_var_audits_switches_s_right_slingshot'====== Args={'value': 366, 'prev_value': None, 'change': True}
2025-10-05 16:25:16,245 : INFO : EventManager : Event: ======'machine_var_audits_switches_s_scoop'====== Args={'value': 192, 'prev_value': None, 'change': True}
2025-10-05 16:25:16,245 : INFO : EventManager : Event: ======'machine_var_audits_switches_s_spinner'====== Args={'value': 1371, 'prev_value': None, 'change': True}
2025-10-05 16:25:16,246 : INFO : EventManager : Event: ======'machine_var_audits_switches_s_start'====== Args={'value': 55, 'prev_value': None, 'change': True}
2025-10-05 16:25:16,246 : INFO : EventManager : Event: ======'machine_var_audits_switches_s_three_bank_bottom'====== Args={'value': 188, 'prev_value': None, 'change': True}
2025-10-05 16:25:16,246 : INFO : EventManager : Event: ======'machine_var_audits_switches_s_three_bank_middle'====== Args={'value': 200, 'prev_value': None, 'change': True}
2025-10-05 16:25:16,246 : INFO : EventManager : Event: ======'machine_var_audits_switches_s_three_bank_standup'====== Args={'value': 129, 'prev_value': None, 'change': True}
2025-10-05 16:25:16,246 : INFO : EventManager : Event: ======'machine_var_audits_switches_s_three_bank_top'====== Args={'value': 193, 'prev_value': None, 'change': True}
2025-10-05 16:25:16,246 : INFO : EventManager : Event: ======'machine_var_audits_switches_s_tilt_bob'====== Args={'value': 21, 'prev_value': None, 'change': True}
2025-10-05 16:25:16,246 : INFO : EventManager : Event: ======'machine_var_audits_switches_s_top_right_flipper'====== Args={'value': 1294, 'prev_value': None, 'change': True}
2025-10-05 16:25:16,246 : INFO : EventManager : Event: ======'machine_var_audits_switches_s_trough1'====== Args={'value': 246, 'prev_value': None, 'change': True}
2025-10-05 16:25:16,247 : INFO : EventManager : Event: ======'machine_var_audits_switches_s_trough2'====== Args={'value': 256, 'prev_value': None, 'change': True}
2025-10-05 16:25:16,247 : INFO : EventManager : Event: ======'machine_var_audits_switches_s_trough3'====== Args={'value': 184, 'prev_value': None, 'change': True}
2025-10-05 16:25:16,247 : INFO : EventManager : Event: ======'machine_var_audits_switches_s_trough4'====== Args={'value': 160, 'prev_value': None, 'change': True}
2025-10-05 16:25:16,247 : INFO : EventManager : Event: ======'machine_var_audits_switches_s_trough5'====== Args={'value': 160, 'prev_value': None, 'change': True}
2025-10-05 16:25:16,247 : INFO : EventManager : Event: ======'machine_var_audits_switches_s_trough6'====== Args={'value': 161, 'prev_value': None, 'change': True}
2025-10-05 16:25:16,247 : INFO : EventManager : Event: ======'machine_var_audits_switches_s_trough_jam'====== Args={'value': 206, 'prev_value': None, 'change': True}
2025-10-05 16:25:16,247 : INFO : EventManager : Event: ======'machine_var_audits_switches_s_tshirt_bottom_standup'====== Args={'value': 31, 'prev_value': None, 'change': True}
2025-10-05 16:25:16,247 : INFO : EventManager : Event: ======'machine_var_audits_switches_s_tshirt_top_standup'====== Args={'value': 58, 'prev_value': None, 'change': True}
2025-10-05 16:25:16,248 : INFO : EventManager : Event: ======'machine_var_audits_switches_s_upper_pop_standup'====== Args={'value': 158, 'prev_value': None, 'change': True}
2025-10-05 16:25:16,248 : INFO : EventManager : Event: ======'init_phase_5'====== Args={}
2025-10-05 16:25:16,307 : INFO : EventManager : Event: ======'init_done'====== Args={}
2025-10-05 16:25:16,308 : INFO : EventManager : Event: ======'machine_reset_phase_1'====== Args={}
2025-10-05 16:25:16,316 : INFO : EventManager : Event: ======'machine_reset_phase_2'====== Args={}
2025-10-05 16:25:16,317 : INFO : EventManager : Event: ======'machine_reset_phase_3'====== Args={}
2025-10-05 16:25:16,317 : INFO : drop_target_bank.three_bank : All targets are already up. Will not reset bank.
2025-10-05 16:25:16,317 : INFO : EventManager : Event: ======'reset_complete'====== Args={}
2025-10-05 16:25:16,317 : INFO : EventManager : Event: ======'mode_attract_will_start'====== Args={}
2025-10-05 16:25:16,318 : INFO : EventManager : Event: ======'mode_attract_starting'====== Args={}
2025-10-05 16:25:16,318 : INFO : Mode.attract : Started. Priority: 10
2025-10-05 16:25:16,318 : INFO : EventManager : Event: ======'modes_active_modes_changed'====== Args={}
2025-10-05 16:25:16,318 : INFO : EventManager : Event: ======'mode_attract_started'====== Args={}
2025-10-05 16:25:16,319 : INFO : EventManager : Event: ======'collecting_balls_complete'====== Args={}
2025-10-05 16:25:16,336 : INFO : EventManager : Event: ======'slide_loading_created'====== Args={'_from_bcp': True}
2025-10-05 16:25:16,336 : INFO : EventManager : Event: ======'slide__removed'====== Args={'_from_bcp': True}
2025-10-05 16:25:16,336 : INFO : EventManager : Event: ======'slide_loading_active'====== Args={'original_context': '_global', 'original_calling_context': 'init_done', 'priority': 0.0, 'cmd': 'slides_play', '_from_bcp': True}
2025-10-05 16:25:16,337 : INFO : Machine : Starting the main run loop with active modes: [<Mode.attract>]
2025-10-05 16:25:16,390 : INFO : EventManager : Event: ======'slide_attract_created'====== Args={'_from_bcp': True}
2025-10-05 16:25:16,390 : INFO : EventManager : Event: ======'slide_loading_inactive'====== Args={'is_removing': True, '_from_bcp': True}
2025-10-05 16:25:16,390 : INFO : EventManager : Event: ======'slide_attract_active'====== Args={'original_context': 'attract', 'original_calling_context': 'mode_attract_started', 'priority': 10.0, 'cmd': 'slides_play', '_from_bcp': True}
2025-10-05 16:25:16,390 : INFO : EventManager : Event: ======'slide_loading_removed'====== Args={'_from_bcp': True}
2025-10-05 16:25:16,591 : INFO : BcpServer : New client connected.
2025-10-05 16:25:17,442 : INFO : SwitchController : <<<<<<< 's_plunger' active >>>>>>>
2025-10-05 16:25:17,709 : INFO : SwitchController : <<<<<<< 's_three_bank_bottom' active >>>>>>>
2025-10-05 16:25:17,709 : INFO : EventManager : Event: ======'playfield_active'====== Args={'source': 'skill_drop_targets'}
2025-10-05 16:25:17,709 : INFO : EventManager : Event: ======'unexpected_ball_on_playfield'====== Args={}
2025-10-05 16:25:17,709 : INFO : EventManager : Event: ======'playfield_active'====== Args={'source': 'bottom'}
2025-10-05 16:25:17,709 : INFO : EventManager : Event: ======'unexpected_ball_on_playfield'====== Args={}
2025-10-05 16:25:17,709 : INFO : EventManager : Event: ======'drop_target_bottom_down'====== Args={'device': <drop_target.bottom>}
2025-10-05 16:25:17,710 : INFO : EventManager : Event: ======'drop_target_bank_three_bank_mixed'====== Args={'prev_value': <DropTargetBankState.UP: 'up'>, 'down': 1}
2025-10-05 16:25:17,944 : INFO : EventManager : Event: ======'balldevice_bd_plunger_ball_count_changed'====== Args={'balls': 1}
2025-10-05 16:25:17,944 : INFO : ball_device.bd_plunger : Received unexpected ball
2025-10-05 16:25:17,944 : INFO : EventManager : Event: ======'balldevice_captured_from_playfield'====== Args={'balls': 1}
2025-10-05 16:25:17,944 : INFO : EventManager : Event: ======'sw_playfield_active'====== Args={'balls': 1}
2025-10-05 16:25:17,944 : INFO : EventManager : Event: ======'playfield_active'====== Args={'source': None}
2025-10-05 16:25:17,945 : INFO : EventManager : Event: ======'unexpected_ball_on_playfield'====== Args={}
2025-10-05 16:25:17,945 : INFO : EventManager : Event: ======'playfield_ball_count_change'====== Args={'balls': -1, 'change': -1}
2025-10-05 16:25:17,945 : INFO : EventManager : Event: ======'balldevice_playfield_ball_enter'====== Args={'new_balls': 1, 'unclaimed_balls': 1, 'device': <playfield.playfield>}
2025-10-05 16:25:17,946 : INFO : EventManager : Event: ======'playfield_ball_count_change'====== Args={'balls': 0, 'change': 1}
2025-10-05 16:25:17,946 : INFO : BallController : Found a new ball which was captured from playfield. Known balls: 7
2025-10-05 16:25:17,946 : INFO : EventManager : Event: ======'found_new_ball'====== Args={}
2025-10-05 16:25:17,946 : INFO : EventManager : Event: ======'balldevice_bd_plunger_ball_enter'====== Args={'new_balls': 1, 'unclaimed_balls': 1, 'new_available_balls': 1, 'device': <ball_device.bd_plunger>}
2025-10-05 16:25:17,947 : INFO : ball_device.bd_plunger : Ejecting 1 unexpected balls using path deque([<ball_device.bd_plunger>, <playfield.playfield>])
2025-10-05 16:25:17,947 : INFO : EventManager : Event: ======'balldevice_balls_available'====== Args={}
2025-10-05 16:25:17,948 : INFO : EventManager : Event: ======'balldevice_balls_available'====== Args={}
2025-10-05 16:25:17,948 : INFO : EventManager : Event: ======'balldevice_bd_plunger_ball_entered'====== Args={'new_balls': 1, 'device': <ball_device.bd_plunger>}
2025-10-05 16:25:17,950 : INFO : ball_device.bd_plunger : State: waiting_for_target_ready
2025-10-05 16:25:17,950 : INFO : EventManager : Event: ======'balldevice_bd_plunger_ball_eject_attempt'====== Args={'balls': 1, 'target': <playfield.playfield>, 'source': <ball_device.bd_plunger>, 'mechanical_eject': False, 'num_attempts': 0}
2025-10-05 16:25:17,951 : INFO : ball_device.bd_plunger : State: ejecting
2025-10-05 16:25:17,952 : INFO : ball_device.bd_plunger : Ejecting ball to <playfield.playfield>
2025-10-05 16:25:17,952 : INFO : EventManager : Event: ======'balldevice_bd_plunger_ejecting_ball'====== Args={'balls': 1, 'target': <playfield.playfield>, 'source': <ball_device.bd_plunger>, 'mechanical_eject': False, 'num_attempts': 0}
2025-10-05 16:25:17,953 : INFO : ball_device.bd_plunger : Wait for ball to leave device
2025-10-05 16:25:17,954 : INFO : coil.c_plunger : Pulsing Driver for 20ms (1.0 pulse_power)
2025-10-05 16:25:17,954 : INFO : SwitchController : <<<<<<< 's_plunger' inactive >>>>>>>
2025-10-05 16:25:17,954 : INFO : EventManager : Event: ======'ball_out'====== Args={}
2025-10-05 16:25:17,959 : INFO : ball_device.bd_plunger : State: ball_left
2025-10-05 16:25:17,960 : INFO : ball_device.bd_plunger : Ball left
2025-10-05 16:25:17,960 : INFO : ball_device.bd_plunger : Wait for confirm with timeout 3.0
2025-10-05 16:25:19,407 : INFO : SwitchController : <<<<<<< 's_start' active >>>>>>>
2025-10-05 16:25:19,556 : INFO : SwitchController : <<<<<<< 's_start' inactive >>>>>>>
2025-10-05 16:25:19,557 : INFO : EventManager : Event: ======'request_to_start_game'====== Args={}
2025-10-05 16:25:19,557 : INFO : EventManager : Event: ======'collecting_balls'====== Args={}
2025-10-05 16:25:19,558 : INFO : BallController : Known balls: 7
2025-10-05 16:25:19,558 : INFO : BallController : bd_trough contains 6 balls. Tags ['trough', 'home', 'drain']
2025-10-05 16:25:19,558 : INFO : BallController : bd_plunger contains 0 balls. Tags []
2025-10-05 16:25:19,558 : INFO : BallController : bd_scoop contains 0 balls. Tags []
2025-10-05 16:25:19,558 : INFO : BallController : playfield contains 0 balls. Tags ['default']
2025-10-05 16:25:19,558 : WARNING : BallController : BallController denies game start. Balls are not in their home positions.
2025-10-05 16:25:20,966 : INFO : ball_device.bd_plunger : State: failed_confirm
2025-10-05 16:25:20,967 : INFO : ball_device.bd_plunger : Got timeout (3.0s) before confirm from <playfield.playfield>
2025-10-05 16:25:21,061 : INFO : ball_device.bd_plunger : Confirming eject because target is playfield and ball did not return.
2025-10-05 16:25:21,061 : INFO : ball_device.bd_plunger : Eject successful
2025-10-05 16:25:21,061 : INFO : EventManager : Event: ======'balldevice_bd_plunger_ball_eject_success'====== Args={'balls': 1, 'target': <playfield.playfield>}
2025-10-05 16:25:21,062 : INFO : EventManager : Event: ======'balldevice_playfield_ball_enter'====== Args={'new_balls': 1, 'unclaimed_balls': 1, 'device': <playfield.playfield>}
2025-10-05 16:25:21,062 : INFO : EventManager : Event: ======'playfield_ball_count_change'====== Args={'balls': 1, 'change': 1}
2025-10-05 16:25:21,063 : INFO : EventManager : Event: ======'balldevice_bd_plunger_ball_count_changed'====== Args={'balls': 0}
2025-10-05 16:25:21,063 : INFO : ball_device.bd_plunger : State: idle
2025-10-05 16:25:21,322 : INFO : SwitchController : <<<<<<< 's_start' active >>>>>>>
2025-10-05 16:25:21,473 : INFO : SwitchController : <<<<<<< 's_start' inactive >>>>>>>
2025-10-05 16:25:21,473 : INFO : EventManager : Event: ======'request_to_start_game'====== Args={}
2025-10-05 16:25:21,473 : INFO : EventManager : Event: ======'collecting_balls'====== Args={}
2025-10-05 16:25:21,474 : INFO : BallController : Known balls: 7
2025-10-05 16:25:21,474 : INFO : BallController : bd_trough contains 6 balls. Tags ['trough', 'home', 'drain']
2025-10-05 16:25:21,474 : INFO : BallController : bd_plunger contains 0 balls. Tags []
2025-10-05 16:25:21,474 : INFO : BallController : bd_scoop contains 0 balls. Tags []
2025-10-05 16:25:21,474 : INFO : BallController : playfield contains 1 balls. Tags ['default']
2025-10-05 16:25:21,474 : WARNING : BallController : BallController denies game start. Balls are not in their home positions.
2025-10-05 16:25:22,788 : INFO : SwitchController : <<<<<<< 's_start' active >>>>>>>
2025-10-05 16:25:22,936 : INFO : SwitchController : <<<<<<< 's_start' inactive >>>>>>>
2025-10-05 16:25:22,938 : INFO : EventManager : Event: ======'request_to_start_game'====== Args={}
2025-10-05 16:25:22,939 : INFO : EventManager : Event: ======'collecting_balls'====== Args={}
2025-10-05 16:25:22,939 : INFO : BallController : Known balls: 7
2025-10-05 16:25:22,939 : INFO : BallController : bd_trough contains 6 balls. Tags ['trough', 'home', 'drain']
2025-10-05 16:25:22,939 : INFO : BallController : bd_plunger contains 0 balls. Tags []
2025-10-05 16:25:22,940 : INFO : BallController : bd_scoop contains 0 balls. Tags []
2025-10-05 16:25:22,940 : INFO : BallController : playfield contains 1 balls. Tags ['default']
2025-10-05 16:25:22,940 : WARNING : BallController : BallController denies game start. Balls are not in their home positions.
2025-10-05 16:25:28,064 : INFO : SwitchController : <<<<<<< 's_start' active >>>>>>>
2025-10-05 16:25:28,247 : INFO : SwitchController : <<<<<<< 's_start' inactive >>>>>>>
2025-10-05 16:25:28,247 : INFO : EventManager : Event: ======'request_to_start_game'====== Args={}
2025-10-05 16:25:28,248 : INFO : EventManager : Event: ======'collecting_balls'====== Args={}
2025-10-05 16:25:28,248 : INFO : BallController : Known balls: 7
2025-10-05 16:25:28,248 : INFO : BallController : bd_trough contains 6 balls. Tags ['trough', 'home', 'drain']
2025-10-05 16:25:28,248 : INFO : BallController : bd_plunger contains 0 balls. Tags []
2025-10-05 16:25:28,248 : INFO : BallController : bd_scoop contains 0 balls. Tags []
2025-10-05 16:25:28,248 : INFO : BallController : playfield contains 1 balls. Tags ['default']
2025-10-05 16:25:28,248 : WARNING : BallController : BallController denies game start. Balls are not in their home positions.
2025-10-05 16:25:28,563 : INFO : SwitchController : <<<<<<< 's_start' active >>>>>>>
2025-10-05 16:25:29,063 : INFO : SwitchController : <<<<<<< 's_start' inactive >>>>>>>
2025-10-05 16:25:29,063 : INFO : EventManager : Event: ======'request_to_start_game'====== Args={}
2025-10-05 16:25:29,063 : INFO : EventManager : Event: ======'collecting_balls'====== Args={}
2025-10-05 16:25:29,065 : INFO : BallController : Known balls: 7
2025-10-05 16:25:29,065 : INFO : BallController : bd_trough contains 6 balls. Tags ['trough', 'home', 'drain']
2025-10-05 16:25:29,065 : INFO : BallController : bd_plunger contains 0 balls. Tags []
2025-10-05 16:25:29,065 : INFO : BallController : bd_scoop contains 0 balls. Tags []
2025-10-05 16:25:29,065 : INFO : BallController : playfield contains 1 balls. Tags ['default']
2025-10-05 16:25:29,065 : WARNING : BallController : BallController denies game start. Balls are not in their home positions.
2025-10-05 16:25:30,287 : INFO : Machine : Shutting down...
2025-10-05 16:25:30,287 : INFO : EventManager : Event: ======'shutdown'====== Args={}
2025-10-05 16:25:30,322 : INFO : root : MPF run loop ended.
