2025-09-30 20:45:49,716 : INFO : root : Loading config.
2025-09-30 20:45:49,720 : INFO : YamlMultifileConfigLoader : Machine config file #1: config.yaml
2025-09-30 20:45:49,721 : INFO : ConfigProcessor : Loading config from cache: C:\Users\sdona\AppData\Local\Temp\19f6d0d7953982fda9d956182316b8e5.mpf_cache
2025-09-30 20:45:49,831 : INFO : ConfigProcessor : Loading config from cache: C:\Users\sdona\AppData\Local\Temp\835b5bfea4be8b279a05e96caaaffbbb.mpf_cache
2025-09-30 20:45:49,832 : INFO : ConfigProcessor : Loading config from cache: C:\Users\sdona\AppData\Local\Temp\9b0a7575388f9d9bd2f6ab87bf9fd2f7.mpf_cache
2025-09-30 20:45:49,832 : WARNING : ConfigProcessor : Config file in cache changed: C:\venv\mpf\mmmdrop\modes\base\config\base.yaml
2025-09-30 20:45:49,833 : INFO : ConfigProcessor : Loading config from file C:\venv\mpf\mmmdrop\modes\base\config\base.yaml.
2025-09-30 20:45:49,836 : INFO : ConfigProcessor : Loading config: C:\venv\mpf\mmmdrop\modes\base\config\base.yaml
2025-09-30 20:45:49,837 : INFO : ConfigProcessor : Config file cache created: C:\Users\sdona\AppData\Local\Temp\c340ec0033d1055cd797ffd5447ef414.mpf_cache
2025-09-30 20:45:49,838 : INFO : ConfigProcessor : Loading config from cache: C:\Users\sdona\AppData\Local\Temp\835b5bfea4be8b279a05e96caaaffbbb.mpf_cache
2025-09-30 20:45:49,839 : INFO : ConfigProcessor : Loading config from cache: C:\Users\sdona\AppData\Local\Temp\f0c219a993d891ee86dcb7eae47dde67.mpf_cache
2025-09-30 20:45:49,840 : WARNING : ConfigProcessor : Config file in cache changed: C:\venv\mpf\mmmdrop\modes\intergalactic\config\intergalactic.yaml
2025-09-30 20:45:49,840 : INFO : ConfigProcessor : Loading config from file C:\venv\mpf\mmmdrop\modes\intergalactic\config\intergalactic.yaml.
2025-09-30 20:45:49,842 : INFO : ConfigProcessor : Loading config: C:\venv\mpf\mmmdrop\modes\intergalactic\config\intergalactic.yaml
2025-09-30 20:45:49,843 : INFO : ConfigProcessor : Config file cache created: C:\Users\sdona\AppData\Local\Temp\96aa58108928490b129531848cd9b506.mpf_cache
2025-09-30 20:45:49,844 : INFO : Machine : Mission Pinball Framework Core Engine v0.80.0.dev9
2025-09-30 20:45:49,844 : INFO : Machine : Command line arguments: {'no_load_cache': False, 'create_config_cache': True, 'bcp': True, 'configfile': ['config.yaml'], 'force_assets_load': False, 'platform_integration_test': False, 'jsonlogging': False, 'logfile': 'logs\\2025-09-30-20-45-49-mpf-PinballLaptop.log', 'pause': False, 'production': False, 'text_ui': True, 'loglevel': 15, 'consoleloglevel': 20, 'force_platform': 'smart_virtual', 'syslog_address': None, 'full_logfile_path': 'C:\\venv\\mpf\\mmmdrop\\logs\\2025-09-30-20-45-49-mpf-PinballLaptop.log'}
2025-09-30 20:45:49,844 : INFO : Machine : MPF path: c:\venv\mpf\lib\site-packages\mpf
2025-09-30 20:45:49,844 : INFO : Machine : Machine path: C:\venv\mpf\mmmdrop
2025-09-30 20:45:49,844 : INFO : Machine : Platform: win32
2025-09-30 20:45:49,844 : INFO : Machine : Python executable location: c:\venv\mpf\Scripts\python.exe
2025-09-30 20:45:49,844 : INFO : Machine : Python version: 3.9.13 (64-bit)
2025-09-30 20:45:49,846 : INFO : Machine : Initializing MPF...
2025-09-30 20:45:50,062 : INFO : EventManager : Event: ======'machine_var_credits_string'====== Args={'value': 'FREE PLAY', 'prev_value': None, 'change': True}
2025-09-30 20:45:50,091 : INFO : EventManager : Event: ======'machine_var_fast_audio_headphones_volume'====== Args={'value': 10, 'prev_value': None, 'change': True}
2025-09-30 20:45:50,091 : INFO : EventManager : Event: ======'machine_var_fast_audio_main_volume'====== Args={'value': 44, 'prev_value': None, 'change': True}
2025-09-30 20:45:50,091 : INFO : EventManager : Event: ======'machine_var_master_volume'====== Args={'value': 0.15, 'prev_value': None, 'change': True}
2025-09-30 20:45:50,091 : INFO : EventManager : Event: ======'machine_var_player1_score'====== Args={'value': 140190, 'prev_value': None, 'change': True}
2025-09-30 20:45:50,091 : INFO : EventManager : Event: ======'machine_var_mpf_version'====== Args={'value': 'Mission Pinball Framework v0.80.0.dev9', 'prev_value': None, 'change': True}
2025-09-30 20:45:50,091 : INFO : EventManager : Event: ======'machine_var_mpf_extended_version'====== Args={'value': 'Mission Pinball Framework v0.80.0.dev9, Config version:6, Show version: 6, BCP version:1.1', 'prev_value': None, 'change': True}
2025-09-30 20:45:50,091 : INFO : EventManager : Event: ======'machine_var_python_version'====== Args={'value': '3.9.13', 'prev_value': None, 'change': True}
2025-09-30 20:45:50,120 : INFO : EventManager : Event: ======'machine_var_platform'====== Args={'value': 'Windows-10-10.0.26100-SP0', 'prev_value': None, 'change': True}
2025-09-30 20:45:50,120 : INFO : EventManager : Event: ======'machine_var_platform_system'====== Args={'value': 'Windows', 'prev_value': None, 'change': True}
2025-09-30 20:45:50,120 : INFO : EventManager : Event: ======'machine_var_platform_release'====== Args={'value': '10', 'prev_value': None, 'change': True}
2025-09-30 20:45:50,120 : INFO : EventManager : Event: ======'machine_var_platform_version'====== Args={'value': '10.0.26100', 'prev_value': None, 'change': True}
2025-09-30 20:45:50,120 : INFO : EventManager : Event: ======'machine_var_platform_machine'====== Args={'value': 'AMD64', 'prev_value': None, 'change': True}
2025-09-30 20:45:50,120 : INFO : EventManager : Event: ======'machine_var_log_file_path'====== Args={'value': 'C:\\venv\\mpf\\mmmdrop\\logs\\2025-09-30-20-45-49-mpf-PinballLaptop.log', 'prev_value': None, 'change': True}
2025-09-30 20:45:50,120 : INFO : EventManager : Event: ======'init_phase_1'====== Args={}
2025-09-30 20:45:50,149 : INFO : EventManager : Event: ======'drop_target_bank_three_bank_up'====== Args={}
2025-09-30 20:45:50,149 : INFO : EventManager : Event: ======'init_phase_2'====== Args={}
2025-09-30 20:45:50,149 : INFO : SwitchController : Found active switch: ('3208-0', <Platform.SmartVirtual>) <switch.s_trough1>
2025-09-30 20:45:50,149 : INFO : SwitchController : Found active switch: ('3208-1', <Platform.SmartVirtual>) <switch.s_trough2>
2025-09-30 20:45:50,149 : INFO : SwitchController : Found active switch: ('3208-2', <Platform.SmartVirtual>) <switch.s_trough3>
2025-09-30 20:45:50,149 : INFO : SwitchController : Found active switch: ('3208-3', <Platform.SmartVirtual>) <switch.s_trough4>
2025-09-30 20:45:50,149 : INFO : SwitchController : Found active switch: ('3208-4', <Platform.SmartVirtual>) <switch.s_trough5>
2025-09-30 20:45:50,150 : INFO : SwitchController : Found active switch: ('3208-5', <Platform.SmartVirtual>) <switch.s_trough6>
2025-09-30 20:45:50,153 : INFO : EventManager : Event: ======'bcp_connection_attempt'====== Args={'name': 'local_display', 'host': 'localhost', 'port': 5050}
2025-09-30 20:45:50,156 : INFO : BCPClientSocket : Connecting BCP to 'local_display' at localhost:5050...
2025-09-30 20:47:09,830 : INFO : BCPClientSocket : Connected BCP to 'local_display' localhost:5050
2025-09-30 20:47:09,831 : INFO : EventManager : Event: ======'bcp_clients_connected'====== Args={}
2025-09-30 20:47:09,975 : INFO : ball_device.bd_trough : BCH: Initial count: 6
2025-09-30 20:47:10,020 : INFO : ball_device.bd_trough : State: idle
2025-09-30 20:47:10,021 : INFO : ball_device.bd_plunger : BCH: Initial count: 0
2025-09-30 20:47:10,023 : INFO : ball_device.bd_plunger : State: idle
2025-09-30 20:47:10,023 : INFO : ball_device.bd_scoop : BCH: Initial count: 0
2025-09-30 20:47:10,023 : INFO : ball_device.bd_scoop : State: idle
2025-09-30 20:47:10,043 : INFO : EventManager : Event: ======'init_phase_3'====== Args={}
2025-09-30 20:47:10,046 : INFO : EventManager : Event: ======'init_phase_4'====== Args={}
2025-09-30 20:47:10,047 : INFO : BallController : Initial balls found: 6
2025-09-30 20:47:10,049 : INFO : EventManager : Event: ======'machine_var_audits_events_game_ended'====== Args={'value': 36, 'prev_value': None, 'change': True}
2025-09-30 20:47:10,049 : INFO : EventManager : Event: ======'machine_var_audits_events_game_started'====== Args={'value': 169, 'prev_value': None, 'change': True}
2025-09-30 20:47:10,049 : INFO : EventManager : Event: ======'machine_var_audits_missing_switches_s_captive_ball'====== Args={'value': 95, 'prev_value': None, 'change': True}
2025-09-30 20:47:10,050 : INFO : EventManager : Event: ======'machine_var_audits_missing_switches_s_center_upper_pop'====== Args={'value': 20, 'prev_value': None, 'change': True}
2025-09-30 20:47:10,050 : INFO : EventManager : Event: ======'machine_var_audits_missing_switches_s_inner_orbit'====== Args={'value': 95, 'prev_value': None, 'change': True}
2025-09-30 20:47:10,050 : INFO : EventManager : Event: ======'machine_var_audits_missing_switches_s_left_flipper'====== Args={'value': 95, 'prev_value': None, 'change': True}
2025-09-30 20:47:10,050 : INFO : EventManager : Event: ======'machine_var_audits_missing_switches_s_left_inlane'====== Args={'value': 20, 'prev_value': None, 'change': True}
2025-09-30 20:47:10,050 : INFO : EventManager : Event: ======'machine_var_audits_missing_switches_s_left_orbit'====== Args={'value': 1, 'prev_value': None, 'change': True}
2025-09-30 20:47:10,050 : INFO : EventManager : Event: ======'machine_var_audits_missing_switches_s_left_outlane'====== Args={'value': 20, 'prev_value': None, 'change': True}
2025-09-30 20:47:10,050 : INFO : EventManager : Event: ======'machine_var_audits_missing_switches_s_left_slingshot'====== Args={'value': 95, 'prev_value': None, 'change': True}
2025-09-30 20:47:10,050 : INFO : EventManager : Event: ======'machine_var_audits_missing_switches_s_left_upper_pop'====== Args={'value': 20, 'prev_value': None, 'change': True}
2025-09-30 20:47:10,050 : INFO : EventManager : Event: ======'machine_var_audits_missing_switches_s_right_flipper'====== Args={'value': 95, 'prev_value': None, 'change': True}
2025-09-30 20:47:10,051 : INFO : EventManager : Event: ======'machine_var_audits_missing_switches_s_right_inlane'====== Args={'value': 20, 'prev_value': None, 'change': True}
2025-09-30 20:47:10,051 : INFO : EventManager : Event: ======'machine_var_audits_missing_switches_s_right_orbit'====== Args={'value': 1, 'prev_value': None, 'change': True}
2025-09-30 20:47:10,051 : INFO : EventManager : Event: ======'machine_var_audits_missing_switches_s_right_outlane'====== Args={'value': 20, 'prev_value': None, 'change': True}
2025-09-30 20:47:10,051 : INFO : EventManager : Event: ======'machine_var_audits_missing_switches_s_right_slingshot'====== Args={'value': 95, 'prev_value': None, 'change': True}
2025-09-30 20:47:10,051 : INFO : EventManager : Event: ======'machine_var_audits_missing_switches_s_spinner'====== Args={'value': 1, 'prev_value': None, 'change': True}
2025-09-30 20:47:10,051 : INFO : EventManager : Event: ======'machine_var_audits_missing_switches_s_start'====== Args={'value': 40, 'prev_value': None, 'change': True}
2025-09-30 20:47:10,051 : INFO : EventManager : Event: ======'machine_var_audits_missing_switches_s_three_bank_bottom'====== Args={'value': 1, 'prev_value': None, 'change': True}
2025-09-30 20:47:10,051 : INFO : EventManager : Event: ======'machine_var_audits_missing_switches_s_three_bank_middle'====== Args={'value': 1, 'prev_value': None, 'change': True}
2025-09-30 20:47:10,052 : INFO : EventManager : Event: ======'machine_var_audits_missing_switches_s_three_bank_standup'====== Args={'value': 1, 'prev_value': None, 'change': True}
2025-09-30 20:47:10,052 : INFO : EventManager : Event: ======'machine_var_audits_missing_switches_s_three_bank_top'====== Args={'value': 1, 'prev_value': None, 'change': True}
2025-09-30 20:47:10,052 : INFO : EventManager : Event: ======'machine_var_audits_missing_switches_s_tilt_bob'====== Args={'value': 103, 'prev_value': None, 'change': True}
2025-09-30 20:47:10,052 : INFO : EventManager : Event: ======'machine_var_audits_missing_switches_s_top_right_flipper'====== Args={'value': 95, 'prev_value': None, 'change': True}
2025-09-30 20:47:10,052 : INFO : EventManager : Event: ======'machine_var_audits_missing_switches_s_trough1'====== Args={'value': 55, 'prev_value': None, 'change': True}
2025-09-30 20:47:10,052 : INFO : EventManager : Event: ======'machine_var_audits_missing_switches_s_trough2'====== Args={'value': 94, 'prev_value': None, 'change': True}
2025-09-30 20:47:10,052 : INFO : EventManager : Event: ======'machine_var_audits_missing_switches_s_trough3'====== Args={'value': 94, 'prev_value': None, 'change': True}
2025-09-30 20:47:10,052 : INFO : EventManager : Event: ======'machine_var_audits_missing_switches_s_trough4'====== Args={'value': 94, 'prev_value': None, 'change': True}
2025-09-30 20:47:10,052 : INFO : EventManager : Event: ======'machine_var_audits_missing_switches_s_trough5'====== Args={'value': 94, 'prev_value': None, 'change': True}
2025-09-30 20:47:10,053 : INFO : EventManager : Event: ======'machine_var_audits_missing_switches_s_trough6'====== Args={'value': 95, 'prev_value': None, 'change': True}
2025-09-30 20:47:10,053 : INFO : EventManager : Event: ======'machine_var_audits_missing_switches_s_trough_jam'====== Args={'value': 95, 'prev_value': None, 'change': True}
2025-09-30 20:47:10,053 : INFO : EventManager : Event: ======'machine_var_audits_missing_switches_s_tshirt_bottom_standup'====== Args={'value': 95, 'prev_value': None, 'change': True}
2025-09-30 20:47:10,053 : INFO : EventManager : Event: ======'machine_var_audits_missing_switches_s_tshirt_top_standup'====== Args={'value': 95, 'prev_value': None, 'change': True}
2025-09-30 20:47:10,053 : INFO : EventManager : Event: ======'machine_var_audits_missing_switches_s_upper_pop_standup'====== Args={'value': 95, 'prev_value': None, 'change': True}
2025-09-30 20:47:10,053 : INFO : EventManager : Event: ======'machine_var_audits_player_score'====== Args={'value': {'average': 16766, 'top': [140190, 55679, 54526, 46225, 25350, 24166, 23278, 22740, 20422, 20201], 'total': 37}, 'prev_value': None, 'change': True}
2025-09-30 20:47:10,053 : INFO : EventManager : Event: ======'machine_var_audits_shots_skill_captive'====== Args={'value': 16, 'prev_value': None, 'change': True}
2025-09-30 20:47:10,053 : INFO : EventManager : Event: ======'machine_var_audits_switches_s_captive_ball'====== Args={'value': 158, 'prev_value': None, 'change': True}
2025-09-30 20:47:10,054 : INFO : EventManager : Event: ======'machine_var_audits_switches_s_center_upper_pop'====== Args={'value': 183, 'prev_value': None, 'change': True}
2025-09-30 20:47:10,054 : INFO : EventManager : Event: ======'machine_var_audits_switches_s_inner_orbit'====== Args={'value': 0, 'prev_value': None, 'change': True}
2025-09-30 20:47:10,054 : INFO : EventManager : Event: ======'machine_var_audits_switches_s_left_flipper'====== Args={'value': 1240, 'prev_value': None, 'change': True}
2025-09-30 20:47:10,054 : INFO : EventManager : Event: ======'machine_var_audits_switches_s_left_inlane'====== Args={'value': 108, 'prev_value': None, 'change': True}
2025-09-30 20:47:10,055 : INFO : EventManager : Event: ======'machine_var_audits_switches_s_left_orbit'====== Args={'value': 8, 'prev_value': None, 'change': True}
2025-09-30 20:47:10,055 : INFO : EventManager : Event: ======'machine_var_audits_switches_s_left_outlane'====== Args={'value': 54, 'prev_value': None, 'change': True}
2025-09-30 20:47:10,055 : INFO : EventManager : Event: ======'machine_var_audits_switches_s_left_ramp'====== Args={'value': 11, 'prev_value': None, 'change': True}
2025-09-30 20:47:10,055 : INFO : EventManager : Event: ======'machine_var_audits_switches_s_left_slingshot'====== Args={'value': 259, 'prev_value': None, 'change': True}
2025-09-30 20:47:10,055 : INFO : EventManager : Event: ======'machine_var_audits_switches_s_left_upper_pop'====== Args={'value': 140, 'prev_value': None, 'change': True}
2025-09-30 20:47:10,055 : INFO : EventManager : Event: ======'machine_var_audits_switches_s_plunger'====== Args={'value': 549, 'prev_value': None, 'change': True}
2025-09-30 20:47:10,055 : INFO : EventManager : Event: ======'machine_var_audits_switches_s_pop_standup'====== Args={'value': 55, 'prev_value': None, 'change': True}
2025-09-30 20:47:10,055 : INFO : EventManager : Event: ======'machine_var_audits_switches_s_right_flipper'====== Args={'value': 1509, 'prev_value': None, 'change': True}
2025-09-30 20:47:10,055 : INFO : EventManager : Event: ======'machine_var_audits_switches_s_right_inlane'====== Args={'value': 105, 'prev_value': None, 'change': True}
2025-09-30 20:47:10,056 : INFO : EventManager : Event: ======'machine_var_audits_switches_s_right_lower_pop'====== Args={'value': 381, 'prev_value': None, 'change': True}
2025-09-30 20:47:10,056 : INFO : EventManager : Event: ======'machine_var_audits_switches_s_right_orbit'====== Args={'value': 7, 'prev_value': None, 'change': True}
2025-09-30 20:47:10,056 : INFO : EventManager : Event: ======'machine_var_audits_switches_s_right_outlane'====== Args={'value': 52, 'prev_value': None, 'change': True}
2025-09-30 20:47:10,056 : INFO : EventManager : Event: ======'machine_var_audits_switches_s_right_ramp'====== Args={'value': 10, 'prev_value': None, 'change': True}
2025-09-30 20:47:10,056 : INFO : EventManager : Event: ======'machine_var_audits_switches_s_right_slingshot'====== Args={'value': 365, 'prev_value': None, 'change': True}
2025-09-30 20:47:10,056 : INFO : EventManager : Event: ======'machine_var_audits_switches_s_scoop'====== Args={'value': 120, 'prev_value': None, 'change': True}
2025-09-30 20:47:10,056 : INFO : EventManager : Event: ======'machine_var_audits_switches_s_spinner'====== Args={'value': 1371, 'prev_value': None, 'change': True}
2025-09-30 20:47:10,056 : INFO : EventManager : Event: ======'machine_var_audits_switches_s_start'====== Args={'value': 52, 'prev_value': None, 'change': True}
2025-09-30 20:47:10,057 : INFO : EventManager : Event: ======'machine_var_audits_switches_s_three_bank_bottom'====== Args={'value': 97, 'prev_value': None, 'change': True}
2025-09-30 20:47:10,057 : INFO : EventManager : Event: ======'machine_var_audits_switches_s_three_bank_middle'====== Args={'value': 93, 'prev_value': None, 'change': True}
2025-09-30 20:47:10,057 : INFO : EventManager : Event: ======'machine_var_audits_switches_s_three_bank_standup'====== Args={'value': 81, 'prev_value': None, 'change': True}
2025-09-30 20:47:10,057 : INFO : EventManager : Event: ======'machine_var_audits_switches_s_three_bank_top'====== Args={'value': 87, 'prev_value': None, 'change': True}
2025-09-30 20:47:10,057 : INFO : EventManager : Event: ======'machine_var_audits_switches_s_tilt_bob'====== Args={'value': 21, 'prev_value': None, 'change': True}
2025-09-30 20:47:10,057 : INFO : EventManager : Event: ======'machine_var_audits_switches_s_top_right_flipper'====== Args={'value': 1294, 'prev_value': None, 'change': True}
2025-09-30 20:47:10,057 : INFO : EventManager : Event: ======'machine_var_audits_switches_s_trough1'====== Args={'value': 239, 'prev_value': None, 'change': True}
2025-09-30 20:47:10,057 : INFO : EventManager : Event: ======'machine_var_audits_switches_s_trough2'====== Args={'value': 248, 'prev_value': None, 'change': True}
2025-09-30 20:47:10,058 : INFO : EventManager : Event: ======'machine_var_audits_switches_s_trough3'====== Args={'value': 178, 'prev_value': None, 'change': True}
2025-09-30 20:47:10,058 : INFO : EventManager : Event: ======'machine_var_audits_switches_s_trough4'====== Args={'value': 160, 'prev_value': None, 'change': True}
2025-09-30 20:47:10,058 : INFO : EventManager : Event: ======'machine_var_audits_switches_s_trough5'====== Args={'value': 160, 'prev_value': None, 'change': True}
2025-09-30 20:47:10,058 : INFO : EventManager : Event: ======'machine_var_audits_switches_s_trough6'====== Args={'value': 158, 'prev_value': None, 'change': True}
2025-09-30 20:47:10,058 : INFO : EventManager : Event: ======'machine_var_audits_switches_s_trough_jam'====== Args={'value': 206, 'prev_value': None, 'change': True}
2025-09-30 20:47:10,058 : INFO : EventManager : Event: ======'machine_var_audits_switches_s_tshirt_bottom_standup'====== Args={'value': 28, 'prev_value': None, 'change': True}
2025-09-30 20:47:10,058 : INFO : EventManager : Event: ======'machine_var_audits_switches_s_tshirt_top_standup'====== Args={'value': 33, 'prev_value': None, 'change': True}
2025-09-30 20:47:10,058 : INFO : EventManager : Event: ======'machine_var_audits_switches_s_upper_pop_standup'====== Args={'value': 158, 'prev_value': None, 'change': True}
2025-09-30 20:47:10,059 : INFO : EventManager : Event: ======'init_phase_5'====== Args={}
2025-09-30 20:47:10,073 : INFO : EventManager : Event: ======'init_done'====== Args={}
2025-09-30 20:47:10,075 : INFO : EventManager : Event: ======'machine_reset_phase_1'====== Args={}
2025-09-30 20:47:10,075 : INFO : BcpServer : New client connected.
2025-09-30 20:47:10,095 : INFO : EventManager : Event: ======'machine_reset_phase_2'====== Args={}
2025-09-30 20:47:10,096 : INFO : EventManager : Event: ======'machine_reset_phase_3'====== Args={}
2025-09-30 20:47:10,097 : INFO : drop_target_bank.three_bank : All targets are already up. Will not reset bank.
2025-09-30 20:47:10,097 : INFO : EventManager : Event: ======'reset_complete'====== Args={}
2025-09-30 20:47:10,098 : INFO : EventManager : Event: ======'mode_attract_will_start'====== Args={}
2025-09-30 20:47:10,100 : INFO : EventManager : Event: ======'mode_attract_starting'====== Args={}
2025-09-30 20:47:10,101 : INFO : Mode.attract : Started. Priority: 10
2025-09-30 20:47:10,101 : INFO : EventManager : Event: ======'modes_active_modes_changed'====== Args={}
2025-09-30 20:47:10,101 : INFO : EventManager : Event: ======'mode_attract_started'====== Args={}
2025-09-30 20:47:10,102 : INFO : EventManager : Event: ======'collecting_balls_complete'====== Args={}
2025-09-30 20:47:10,120 : INFO : EventManager : Event: ======'slide_loading_created'====== Args={'_from_bcp': True}
2025-09-30 20:47:10,121 : INFO : EventManager : Event: ======'slide__removed'====== Args={'_from_bcp': True}
2025-09-30 20:47:10,122 : INFO : EventManager : Event: ======'slide_loading_active'====== Args={'original_context': '_global', 'original_calling_context': 'init_done', 'priority': 0.0, 'cmd': 'slides_play', '_from_bcp': True}
2025-09-30 20:47:10,124 : INFO : Machine : Starting the main run loop with active modes: [<Mode.attract>]
2025-09-30 20:47:10,133 : INFO : EventManager : Event: ======'slide_attract_created'====== Args={'_from_bcp': True}
2025-09-30 20:47:10,134 : INFO : EventManager : Event: ======'slide_loading_inactive'====== Args={'is_removing': True, '_from_bcp': True}
2025-09-30 20:47:10,134 : INFO : EventManager : Event: ======'slide_attract_active'====== Args={'original_context': 'attract', 'original_calling_context': 'mode_attract_started', 'priority': 10.0, 'cmd': 'slides_play', '_from_bcp': True}
2025-09-30 20:47:10,135 : INFO : EventManager : Event: ======'slide_loading_removed'====== Args={'_from_bcp': True}
2025-09-30 20:47:19,489 : INFO : SwitchController : <<<<<<< 's_start' active >>>>>>>
2025-09-30 20:47:19,607 : INFO : SwitchController : <<<<<<< 's_start' inactive >>>>>>>
2025-09-30 20:47:19,607 : INFO : EventManager : Event: ======'request_to_start_game'====== Args={}
2025-09-30 20:47:19,608 : INFO : EventManager : Event: ======'game_start'====== Args={'buttons': [], 'hold_time': 0.10899999993853271}
2025-09-30 20:47:19,608 : INFO : EventManager : Event: ======'mode_game_will_start'====== Args={'buttons': [], 'hold_time': 0.10899999993853271}
2025-09-30 20:47:19,609 : INFO : EventManager : Event: ======'mode_game_starting'====== Args={'buttons': [], 'hold_time': 0.10899999993853271}
2025-09-30 20:47:19,610 : INFO : EventManager : Event: ======'mode_attract_will_stop'====== Args={}
2025-09-30 20:47:19,610 : INFO : EventManager : Event: ======'mode_attract_stopping'====== Args={}
2025-09-30 20:47:19,610 : INFO : Mode.attract : Stopped.
2025-09-30 20:47:19,610 : INFO : EventManager : Event: ======'modes_active_modes_changed'====== Args={}
2025-09-30 20:47:19,610 : INFO : EventManager : Event: ======'mode_attract_stopped'====== Args={}
2025-09-30 20:47:19,611 : INFO : EventManager : Event: ======'clear'====== Args={'key': 'attract'}
2025-09-30 20:47:19,611 : INFO : Mode.game : Started. Priority: 20
2025-09-30 20:47:19,611 : INFO : EventManager : Event: ======'modes_active_modes_changed'====== Args={}
2025-09-30 20:47:19,612 : INFO : EventManager : Event: ======'mode_game_started'====== Args={'buttons': [], 'hold_time': 0.10899999993853271}
2025-09-30 20:47:19,617 : INFO : EventManager : Event: ======'game_will_start'====== Args={}
2025-09-30 20:47:19,618 : INFO : EventManager : Event: ======'game_starting'====== Args={'game': <Mode.game>}
2025-09-30 20:47:19,620 : INFO : EventManager : Unordered handler for class <Auditor> on event game_ended with priority 1. Handlers: [RegisteredHandler(callback=<bound method Auditor.disable of <Auditor>>, priority=1, kwargs={}, key=UUID('60a853bb-70f9-4cd6-99a2-7795edf6c96e'), condition=None, blocking_facility=None), RegisteredHandler(callback=<bound method Auditor._save_audits of <Auditor>>, priority=1, kwargs={}, key=UUID('5ed80ad1-51b1-4bcf-9922-b404c727ded1'), condition=None, blocking_facility=None)]. The order of those handlers is not defined and they will be executed in random order. This might lead to race conditions and potential bugs.
2025-09-30 20:47:19,620 : INFO : EventManager : Event: ======'player_add_request'====== Args={}
2025-09-30 20:47:19,621 : INFO : EventManager : Event: ======'player_will_add'====== Args={'number': 1}
2025-09-30 20:47:19,621 : INFO : EventManager : Event: ======'player_adding'====== Args={'player': <Player 1>, 'number': 1}
2025-09-30 20:47:19,621 : INFO : EventManager : Event: ======'player_added'====== Args={'player': <Player 1>, 'num': 1}
2025-09-30 20:47:19,622 : INFO : Mode.game : Player added successfully. Total players: 1
2025-09-30 20:47:19,622 : INFO : EventManager : Event: ======'player_index'====== Args={'value': 0, 'prev_value': 0, 'change': 0, 'player_num': 1}
2025-09-30 20:47:19,623 : INFO : EventManager : Event: ======'player_number'====== Args={'value': 1, 'prev_value': 1, 'change': 0, 'player_num': 1}
2025-09-30 20:47:19,623 : INFO : EventManager : Event: ======'player_score'====== Args={'value': 0, 'prev_value': 0, 'change': 0, 'player_num': 1}
2025-09-30 20:47:19,623 : INFO : EventManager : Event: ======'game_started'====== Args={}
2025-09-30 20:47:19,634 : INFO : EventManager : Event: ======'player_turn_will_start'====== Args={'player': <Player 1>, 'number': 1}
2025-09-30 20:47:19,642 : INFO : EventManager : Event: ======'player_turn_starting'====== Args={'player': <Player 1>, 'number': 1}
2025-09-30 20:47:19,643 : INFO : EventManager : Event: ======'player_ball'====== Args={'value': 1, 'prev_value': 0, 'change': 1, 'player_num': 1}
2025-09-30 20:47:19,643 : INFO : EventManager : Event: ======'player_turn_started'====== Args={'player': <Player 1>, 'number': 1}
2025-09-30 20:47:19,646 : INFO : EventManager : Event: ======'ball_will_start'====== Args={'player': 1, 'ball': 1, 'balls_remaining': 2, 'is_extra_ball': False}
2025-09-30 20:47:19,649 : INFO : EventManager : Event: ======'ball_starting'====== Args={'player': 1, 'ball': 1, 'balls_remaining': 2, 'is_extra_ball': False}
2025-09-30 20:47:19,650 : INFO : EventManager : Event: ======'mode_base_will_start'====== Args={'queue': <QueuedEvent>, 'player': 1, 'ball': 1, 'balls_remaining': 2, 'is_extra_ball': False}
2025-09-30 20:47:19,654 : INFO : EventManager : Event: ======'mode_base_starting'====== Args={'queue': <QueuedEvent>, 'player': 1, 'ball': 1, 'balls_remaining': 2, 'is_extra_ball': False}
2025-09-30 20:47:19,655 : INFO : drop_target_bank.three_bank : All targets are already up. Will not reset bank.
2025-09-30 20:47:19,655 : INFO : EventManager : Event: ======'balls_in_play'====== Args={'balls': 1}
2025-09-30 20:47:19,656 : INFO : EventManager : Event: ======'ball_started'====== Args={'player': 1, 'ball': 1, 'balls_remaining': 2, 'is_extra_ball': False}
2025-09-30 20:47:19,656 : INFO : EventManager : Event: ======'logicblock_drop_target_counter_updated'====== Args={'value': 0, 'enabled': True}
2025-09-30 20:47:19,656 : INFO : EventManager : Event: ======'mode_carousel_will_start'====== Args={'queue': <QueuedEvent>, 'player': 1, 'ball': 1, 'balls_remaining': 2, 'is_extra_ball': False}
2025-09-30 20:47:19,658 : INFO : EventManager : Event: ======'mode_carousel_starting'====== Args={'queue': <QueuedEvent>, 'player': 1, 'ball': 1, 'balls_remaining': 2, 'is_extra_ball': False}
2025-09-30 20:47:19,658 : INFO : EventManager : Event: ======'logicblock_drop_target_counter_updated'====== Args={'value': 0, 'enabled': True}
2025-09-30 20:47:19,658 : INFO : Mode.base : Started. Priority: 100
2025-09-30 20:47:19,658 : INFO : EventManager : Event: ======'modes_active_modes_changed'====== Args={}
2025-09-30 20:47:19,658 : INFO : EventManager : Event: ======'mode_base_started'====== Args={'queue': <QueuedEvent>, 'player': 1, 'ball': 1, 'balls_remaining': 2, 'is_extra_ball': False}
2025-09-30 20:47:19,660 : INFO : EventManager : Event: ======'ball_save_default_enabled'====== Args={}
2025-09-30 20:47:19,661 : INFO : Mode.carousel : Started. Priority: 200
2025-09-30 20:47:19,661 : INFO : EventManager : Event: ======'modes_active_modes_changed'====== Args={}
2025-09-30 20:47:19,661 : INFO : EventManager : Event: ======'mode_carousel_started'====== Args={'queue': <QueuedEvent>, 'player': 1, 'ball': 1, 'balls_remaining': 2, 'is_extra_ball': False}
2025-09-30 20:47:19,662 : INFO : EventManager : Event: ======'item_highlighted'====== Args={'carousel': 'carousel', 'direction': None, 'item': 'intergalactic'}
2025-09-30 20:47:19,663 : INFO : EventManager : Event: ======'single_player_ball_started'====== Args={}
2025-09-30 20:47:19,680 : INFO : EventManager : Event: ======'ball_start_target'====== Args={'target': 'playfield'}
2025-09-30 20:47:19,682 : INFO : EventManager : Event: ======'slide_base_created'====== Args={'_from_bcp': True}
2025-09-30 20:47:19,682 : INFO : EventManager : Event: ======'slide_score_overlay_created'====== Args={'_from_bcp': True}
2025-09-30 20:47:19,682 : INFO : EventManager : Event: ======'slide_attract_inactive'====== Args={'is_removing': True, '_from_bcp': True}
2025-09-30 20:47:19,683 : INFO : EventManager : Event: ======'slide_score_overlay_active'====== Args={'original_context': 'base', 'original_calling_context': 'mode_base_started', 'priority': 100.0, 'queue': '<QueuedEvent>', 'player': 1.0, 'ball': 1.0, 'balls_remaining': 2.0, 'is_extra_ball': False, 'cmd': 'slides_play', '_from_bcp': True}
2025-09-30 20:47:19,683 : INFO : EventManager : Event: ======'slide_attract_removed'====== Args={'_from_bcp': True}
2025-09-30 20:47:19,683 : INFO : ball_device.bd_plunger : Setting up player-controlled eject. Balls: 1, Target: <playfield.playfield>, player_controlled_eject_event: None
2025-09-30 20:47:19,684 : INFO : EventManager : Event: ======'balldevice_balls_available'====== Args={}
2025-09-30 20:47:19,685 : INFO : ball_device.bd_trough : State: waiting_for_target_ready
2025-09-30 20:47:19,686 : INFO : EventManager : Event: ======'balldevice_bd_trough_ball_eject_attempt'====== Args={'balls': 1, 'target': <ball_device.bd_plunger>, 'source': <ball_device.bd_trough>, 'mechanical_eject': True, 'num_attempts': 0}
2025-09-30 20:47:19,687 : INFO : ball_device.bd_plunger : State: waiting_for_ball
2025-09-30 20:47:19,688 : INFO : ball_device.bd_trough : State: ejecting
2025-09-30 20:47:19,688 : INFO : ball_device.bd_trough : Ejecting ball to <ball_device.bd_plunger>
2025-09-30 20:47:19,689 : INFO : EventManager : Event: ======'balldevice_bd_trough_ejecting_ball'====== Args={'balls': 1, 'target': <ball_device.bd_plunger>, 'source': <ball_device.bd_trough>, 'mechanical_eject': True, 'num_attempts': 0}
2025-09-30 20:47:19,690 : INFO : ball_device.bd_trough : Wait for ball to leave device
2025-09-30 20:47:19,690 : INFO : coil.c_trough_eject : Pulsing Driver for 20ms (1.0 pulse_power)
2025-09-30 20:47:19,691 : INFO : SwitchController : <<<<<<< 's_trough1' inactive >>>>>>>
2025-09-30 20:47:19,695 : INFO : ball_device.bd_trough : State: ball_left
2025-09-30 20:47:19,696 : INFO : ball_device.bd_trough : Ball left
2025-09-30 20:47:19,696 : INFO : ball_device.bd_trough : Wait for confirm with timeout 3.0
2025-09-30 20:47:19,795 : INFO : SwitchController : <<<<<<< 's_plunger' active >>>>>>>
2025-09-30 20:47:19,795 : INFO : EventManager : Event: ======'machine_var_audits_switches_s_plunger'====== Args={'value': 550, 'prev_value': 549, 'change': 1}
2025-09-30 20:47:19,983 : INFO : EventManager : Event: ======'slide_current_mode_highlighted_created'====== Args={'_from_bcp': True}
2025-09-30 20:47:20,294 : INFO : ball_device.bd_plunger : Received ball from <ball_device.bd_trough>
2025-09-30 20:47:20,294 : INFO : EventManager : Event: ======'balldevice_bd_plunger_ball_enter'====== Args={'new_balls': 1, 'unclaimed_balls': 0, 'new_available_balls': 0, 'device': <ball_device.bd_plunger>}
2025-09-30 20:47:20,295 : INFO : EventManager : Event: ======'balldevice_bd_plunger_ball_entered'====== Args={'new_balls': 0, 'device': <ball_device.bd_plunger>}
2025-09-30 20:47:20,296 : INFO : EventManager : Event: ======'balldevice_bd_plunger_ball_count_changed'====== Args={'balls': 1}
2025-09-30 20:47:20,296 : INFO : ball_device.bd_trough : Got eject confirm
2025-09-30 20:47:20,296 : INFO : ball_device.bd_trough : Eject successful
2025-09-30 20:47:20,296 : INFO : EventManager : Event: ======'balldevice_bd_trough_ball_eject_success'====== Args={'balls': 1, 'target': <ball_device.bd_plunger>}
2025-09-30 20:47:20,297 : INFO : EventManager : Event: ======'balldevice_bd_trough_ball_count_changed'====== Args={'balls': 5}
2025-09-30 20:47:20,297 : INFO : ball_device.bd_trough : State: idle
2025-09-30 20:47:20,298 : INFO : ball_device.bd_plunger : State: waiting_for_target_ready
2025-09-30 20:47:20,298 : INFO : EventManager : Event: ======'balldevice_bd_plunger_ball_eject_attempt'====== Args={'balls': 1, 'target': <playfield.playfield>, 'source': <ball_device.bd_plunger>, 'mechanical_eject': True, 'num_attempts': 0}
2025-09-30 20:47:20,299 : INFO : ball_device.bd_plunger : State: ejecting
2025-09-30 20:47:20,300 : INFO : ball_device.bd_plunger : Ejecting ball to <playfield.playfield>
2025-09-30 20:47:20,300 : INFO : EventManager : Event: ======'balldevice_bd_plunger_ejecting_ball'====== Args={'balls': 1, 'target': <playfield.playfield>, 'source': <ball_device.bd_plunger>, 'mechanical_eject': True, 'num_attempts': 0}
2025-09-30 20:47:20,302 : INFO : ball_device.bd_plunger : Wait for ball to leave device
2025-09-30 20:47:22,254 : INFO : SwitchController : <<<<<<< 's_plunger' inactive >>>>>>>
2025-09-30 20:47:22,254 : INFO : EventManager : Event: ======'ball_out'====== Args={}
2025-09-30 20:47:22,255 : INFO : EventManager : Event: ======'ball_save_default_timer_start'====== Args={}
2025-09-30 20:47:22,260 : INFO : ball_device.bd_plunger : State: ball_left
2025-09-30 20:47:22,261 : INFO : ball_device.bd_plunger : Ball left
2025-09-30 20:47:22,261 : INFO : ball_device.bd_plunger : Wait for confirm with timeout 3.0
2025-09-30 20:47:23,403 : INFO : SwitchController : <<<<<<< 's_right_lower_pop' active >>>>>>>
2025-09-30 20:47:23,403 : INFO : EventManager : Event: ======'s_right_lower_pop_active'====== Args={}
2025-09-30 20:47:23,403 : INFO : EventManager : Event: ======'playfield_active'====== Args={'source': 'right_lower_pop'}
2025-09-30 20:47:23,403 : INFO : EventManager : Event: ======'machine_var_audits_switches_s_right_lower_pop'====== Args={'value': 382, 'prev_value': 381, 'change': 1}
2025-09-30 20:47:23,404 : INFO : EventManager : Event: ======'item_highlighted'====== Args={'carousel': 'carousel', 'direction': 'backwards', 'item': 'intergalactic'}
2025-09-30 20:47:23,405 : INFO : EventManager : Event: ======'player_score'====== Args={'value': 1110, 'prev_value': 0, 'change': 1110, 'player_num': 1, 'source': 'base'}
2025-09-30 20:47:23,415 : INFO : ball_device.bd_plunger : Got eject confirm
2025-09-30 20:47:23,415 : INFO : ball_device.bd_plunger : Eject successful
2025-09-30 20:47:23,415 : INFO : EventManager : Event: ======'balldevice_bd_plunger_ball_eject_success'====== Args={'balls': 1, 'target': <playfield.playfield>}
2025-09-30 20:47:23,416 : INFO : EventManager : Event: ======'balldevice_playfield_ball_enter'====== Args={'new_balls': 1, 'unclaimed_balls': 1, 'device': <playfield.playfield>}
2025-09-30 20:47:23,416 : INFO : EventManager : Event: ======'playfield_ball_count_change'====== Args={'balls': 1, 'change': 1}
2025-09-30 20:47:23,418 : INFO : EventManager : Event: ======'balldevice_bd_plunger_ball_count_changed'====== Args={'balls': 0}
2025-09-30 20:47:23,418 : INFO : ball_device.bd_plunger : State: idle
2025-09-30 20:47:23,502 : INFO : SwitchController : <<<<<<< 's_right_lower_pop' inactive >>>>>>>
2025-09-30 20:47:25,277 : INFO : EventManager : Event: ======'ball_save_default_hurry_up'====== Args={}
2025-09-30 20:47:26,579 : INFO : SwitchController : <<<<<<< 's_scoop' active >>>>>>>
2025-09-30 20:47:26,579 : INFO : EventManager : Event: ======'s_scoop_active'====== Args={}
2025-09-30 20:47:26,580 : INFO : EventManager : Event: ======'machine_var_audits_switches_s_scoop'====== Args={'value': 121, 'prev_value': 120, 'change': 1}
2025-09-30 20:47:26,581 : INFO : EventManager : Event: ======'scoop_hit'====== Args={'elapsed': 0}
2025-09-30 20:47:26,582 : INFO : EventManager : Event: ======'carousel_intergalactic_selected'====== Args={}
2025-09-30 20:47:26,582 : INFO : EventManager : Event: ======'carousel_item_selected'====== Args={}
2025-09-30 20:47:26,582 : INFO : EventManager : Event: ======'player_score'====== Args={'value': 3420, 'prev_value': 1110, 'change': 2310, 'player_num': 1, 'source': 'base'}
2025-09-30 20:47:26,582 : INFO : EventManager : Event: ======'mode_intergalactic_will_start'====== Args={}
2025-09-30 20:47:26,584 : INFO : EventManager : Event: ======'mode_intergalactic_starting'====== Args={}
2025-09-30 20:47:26,586 : INFO : EventManager : Event: ======'player_selected_mode'====== Args={'value': 'Intergalactic', 'prev_value': 0, 'change': True, 'player_num': 1, 'source': 'carousel'}
2025-09-30 20:47:26,586 : INFO : EventManager : Event: ======'mode_carousel_will_stop'====== Args={}
2025-09-30 20:47:26,586 : INFO : EventManager : Event: ======'mode_carousel_stopping'====== Args={}
2025-09-30 20:47:26,587 : INFO : Mode.carousel : Stopped.
2025-09-30 20:47:26,587 : INFO : EventManager : Event: ======'modes_active_modes_changed'====== Args={}
2025-09-30 20:47:26,587 : INFO : EventManager : Event: ======'mode_carousel_stopped'====== Args={}
2025-09-30 20:47:26,587 : INFO : EventManager : Event: ======'clear'====== Args={'key': 'carousel'}
2025-09-30 20:47:26,610 : INFO : EventManager : Event: ======'logicblock_intergalactic_shot_1_updated'====== Args={'value': 0, 'enabled': True}
2025-09-30 20:47:26,610 : INFO : EventManager : Event: ======'logicblock_intergalactic_shot_1_updated'====== Args={'value': 0, 'enabled': True}
2025-09-30 20:47:26,610 : INFO : EventManager : Event: ======'logicblock_intergalactic_shot_2_updated'====== Args={'value': 0, 'enabled': False}
2025-09-30 20:47:26,610 : INFO : EventManager : Event: ======'logicblock_intergalactic_shot_3_updated'====== Args={'value': 0, 'enabled': False}
2025-09-30 20:47:26,610 : INFO : EventManager : Event: ======'logicblock_intergalactic_shot_4_updated'====== Args={'value': 0, 'enabled': False}
2025-09-30 20:47:26,610 : INFO : EventManager : Event: ======'logicblock_intergalactic_shot_5_updated'====== Args={'value': 0, 'enabled': False}
2025-09-30 20:47:26,610 : INFO : Mode.intergalactic : Started. Priority: 1000
2025-09-30 20:47:26,610 : INFO : EventManager : Event: ======'modes_active_modes_changed'====== Args={}
2025-09-30 20:47:26,610 : INFO : EventManager : Event: ======'mode_intergalactic_started'====== Args={}
2025-09-30 20:47:26,613 : INFO : EventManager : Event: ======'slide_current_mode_highlighted_removed'====== Args={'_from_bcp': True}
2025-09-30 20:47:26,631 : INFO : EventManager : Event: ======'slide_base_removed'====== Args={'_from_bcp': True}
2025-09-30 20:47:26,631 : INFO : EventManager : Event: ======'slide_intergalactic_created'====== Args={'_from_bcp': True}
2025-09-30 20:47:26,638 : INFO : SwitchController : <<<<<<< 's_scoop' inactive >>>>>>>
2025-09-30 20:47:27,255 : INFO : EventManager : Event: ======'ball_save_default_grace_period'====== Args={}
2025-09-30 20:47:27,915 : INFO : SwitchController : <<<<<<< 's_left_ramp' active >>>>>>>
2025-09-30 20:47:27,915 : INFO : EventManager : Event: ======'s_left_ramp_active'====== Args={}
2025-09-30 20:47:27,916 : INFO : EventManager : Event: ======'machine_var_audits_switches_s_left_ramp'====== Args={'value': 12, 'prev_value': 11, 'change': 1}
2025-09-30 20:47:27,917 : INFO : EventManager : Event: ======'left_ramp_hit'====== Args={'elapsed': 0}
2025-09-30 20:47:27,917 : INFO : EventManager : Event: ======'player_score'====== Args={'value': 6430, 'prev_value': 3420, 'change': 3010, 'player_num': 1, 'source': 'base'}
2025-09-30 20:47:27,918 : INFO : EventManager : Event: ======'logicblock_intergalactic_shot_1_updated'====== Args={'value': 1, 'enabled': True}
2025-09-30 20:47:27,918 : INFO : EventManager : Event: ======'logicblock_intergalactic_shot_1_hit'====== Args={'step': 1}
2025-09-30 20:47:27,918 : INFO : EventManager : Event: ======'intergalactic_shot_1_done'====== Args={}
2025-09-30 20:47:27,918 : INFO : EventManager : Event: ======'logicblock_intergalactic_shot_1_updated'====== Args={'value': 1, 'enabled': False}
2025-09-30 20:47:27,919 : INFO : EventManager : Event: ======'logicblock_intergalactic_shot_2_updated'====== Args={'value': 0, 'enabled': True}
2025-09-30 20:47:27,919 : INFO : EventManager : Event: ======'player_score'====== Args={'value': 1006430, 'prev_value': 6430, 'change': 1000000, 'player_num': 1, 'source': 'intergalactic'}
2025-09-30 20:47:27,986 : INFO : SwitchController : <<<<<<< 's_left_ramp' inactive >>>>>>>
2025-09-30 20:47:28,793 : INFO : SwitchController : <<<<<<< 's_right_ramp' active >>>>>>>
2025-09-30 20:47:28,793 : INFO : EventManager : Event: ======'s_right_ramp_active'====== Args={}
2025-09-30 20:47:28,793 : INFO : EventManager : Event: ======'machine_var_audits_switches_s_right_ramp'====== Args={'value': 11, 'prev_value': 10, 'change': 1}
2025-09-30 20:47:28,794 : INFO : EventManager : Event: ======'right_ramp_hit'====== Args={'elapsed': 0}
2025-09-30 20:47:28,795 : INFO : EventManager : Event: ======'player_score'====== Args={'value': 1009440, 'prev_value': 1006430, 'change': 3010, 'player_num': 1, 'source': 'base'}
2025-09-30 20:47:28,795 : INFO : EventManager : Event: ======'logicblock_intergalactic_shot_2_updated'====== Args={'value': 1, 'enabled': True}
2025-09-30 20:47:28,795 : INFO : EventManager : Event: ======'logicblock_intergalactic_shot_2_hit'====== Args={'step': 1}
2025-09-30 20:47:28,795 : INFO : EventManager : Event: ======'intergalactic_shot_2_done'====== Args={}
2025-09-30 20:47:28,795 : INFO : EventManager : Event: ======'logicblock_intergalactic_shot_2_updated'====== Args={'value': 1, 'enabled': False}
2025-09-30 20:47:28,796 : INFO : EventManager : Event: ======'logicblock_intergalactic_shot_3_updated'====== Args={'value': 0, 'enabled': True}
2025-09-30 20:47:28,796 : INFO : EventManager : Event: ======'player_score'====== Args={'value': 3009440, 'prev_value': 1009440, 'change': 2000000, 'player_num': 1, 'source': 'intergalactic'}
2025-09-30 20:47:28,851 : INFO : SwitchController : <<<<<<< 's_right_ramp' inactive >>>>>>>
2025-09-30 20:47:29,272 : INFO : EventManager : Event: ======'ball_save_default_disabled'====== Args={}
2025-09-30 20:47:29,645 : INFO : SwitchController : <<<<<<< 's_left_ramp' active >>>>>>>
2025-09-30 20:47:29,645 : INFO : EventManager : Event: ======'s_left_ramp_active'====== Args={}
2025-09-30 20:47:29,645 : INFO : EventManager : Event: ======'machine_var_audits_switches_s_left_ramp'====== Args={'value': 13, 'prev_value': 12, 'change': 1}
2025-09-30 20:47:29,646 : INFO : EventManager : Event: ======'left_ramp_hit'====== Args={'elapsed': 0}
2025-09-30 20:47:29,646 : INFO : EventManager : Event: ======'player_score'====== Args={'value': 3012450, 'prev_value': 3009440, 'change': 3010, 'player_num': 1, 'source': 'base'}
2025-09-30 20:47:29,646 : INFO : EventManager : Event: ======'logicblock_intergalactic_shot_3_updated'====== Args={'value': 1, 'enabled': True}
2025-09-30 20:47:29,646 : INFO : EventManager : Event: ======'logicblock_intergalactic_shot_3_hit'====== Args={'step': 1}
2025-09-30 20:47:29,646 : INFO : EventManager : Event: ======'intergalactic_shot_3_done'====== Args={}
2025-09-30 20:47:29,648 : INFO : EventManager : Event: ======'logicblock_intergalactic_shot_3_updated'====== Args={'value': 1, 'enabled': False}
2025-09-30 20:47:29,648 : INFO : EventManager : Event: ======'logicblock_intergalactic_shot_4_updated'====== Args={'value': 0, 'enabled': True}
2025-09-30 20:47:29,648 : INFO : EventManager : Event: ======'player_score'====== Args={'value': 6012450, 'prev_value': 3012450, 'change': 3000000, 'player_num': 1, 'source': 'intergalactic'}
2025-09-30 20:47:29,713 : INFO : SwitchController : <<<<<<< 's_left_ramp' inactive >>>>>>>
2025-09-30 20:47:30,721 : INFO : SwitchController : <<<<<<< 's_right_ramp' active >>>>>>>
2025-09-30 20:47:30,721 : INFO : EventManager : Event: ======'s_right_ramp_active'====== Args={}
2025-09-30 20:47:30,721 : INFO : EventManager : Event: ======'machine_var_audits_switches_s_right_ramp'====== Args={'value': 12, 'prev_value': 11, 'change': 1}
2025-09-30 20:47:30,722 : INFO : EventManager : Event: ======'right_ramp_hit'====== Args={'elapsed': 0}
2025-09-30 20:47:30,722 : INFO : EventManager : Event: ======'player_score'====== Args={'value': 6015460, 'prev_value': 6012450, 'change': 3010, 'player_num': 1, 'source': 'base'}
2025-09-30 20:47:30,722 : INFO : EventManager : Event: ======'logicblock_intergalactic_shot_4_updated'====== Args={'value': 1, 'enabled': True}
2025-09-30 20:47:30,722 : INFO : EventManager : Event: ======'logicblock_intergalactic_shot_4_hit'====== Args={'step': 1}
2025-09-30 20:47:30,722 : INFO : EventManager : Event: ======'intergalactic_shot_4_done'====== Args={}
2025-09-30 20:47:30,722 : INFO : EventManager : Event: ======'logicblock_intergalactic_shot_4_updated'====== Args={'value': 1, 'enabled': False}
2025-09-30 20:47:30,723 : INFO : EventManager : Event: ======'logicblock_intergalactic_shot_5_updated'====== Args={'value': 0, 'enabled': True}
2025-09-30 20:47:30,723 : INFO : EventManager : Event: ======'player_score'====== Args={'value': 11015460, 'prev_value': 6015460, 'change': 5000000, 'player_num': 1, 'source': 'intergalactic'}
2025-09-30 20:47:30,796 : INFO : SwitchController : <<<<<<< 's_right_ramp' inactive >>>>>>>
2025-09-30 20:47:34,751 : INFO : SwitchController : <<<<<<< 's_pop_standup' active >>>>>>>
2025-09-30 20:47:34,751 : INFO : EventManager : Event: ======'s_pop_standup_active'====== Args={}
2025-09-30 20:47:34,751 : INFO : EventManager : Event: ======'machine_var_audits_switches_s_pop_standup'====== Args={'value': 56, 'prev_value': 55, 'change': 1}
2025-09-30 20:47:34,752 : INFO : EventManager : Event: ======'player_score'====== Args={'value': 11020470, 'prev_value': 11015460, 'change': 5010, 'player_num': 1, 'source': 'base'}
2025-09-30 20:47:34,752 : INFO : EventManager : Event: ======'pop_standup_hit'====== Args={'elapsed': 0}
2025-09-30 20:47:34,753 : INFO : EventManager : Event: ======'logicblock_intergalactic_shot_5_updated'====== Args={'value': 1, 'enabled': True}
2025-09-30 20:47:34,753 : INFO : EventManager : Event: ======'logicblock_intergalactic_shot_5_hit'====== Args={'step': 1}
2025-09-30 20:47:34,753 : INFO : EventManager : Event: ======'intergalactic_shot_5_done'====== Args={}
2025-09-30 20:47:34,754 : INFO : EventManager : Event: ======'mode_intergalactic_stop'====== Args={}
2025-09-30 20:47:34,754 : INFO : EventManager : Event: ======'logicblock_intergalactic_shot_5_updated'====== Args={'value': 1, 'enabled': False}
2025-09-30 20:47:34,754 : INFO : EventManager : Event: ======'player_score'====== Args={'value': 21020470, 'prev_value': 11020470, 'change': 10000000, 'player_num': 1, 'source': 'intergalactic'}
2025-09-30 20:47:34,755 : INFO : EventManager : Event: ======'mode_intergalactic_will_stop'====== Args={}
2025-09-30 20:47:34,755 : INFO : EventManager : Event: ======'mode_intergalactic_stopping'====== Args={}
2025-09-30 20:47:34,755 : INFO : EventManager : Event: ======'mode_carousel_will_start'====== Args={}
2025-09-30 20:47:34,755 : INFO : EventManager : Event: ======'mode_carousel_starting'====== Args={}
2025-09-30 20:47:34,756 : INFO : Mode.carousel : Started. Priority: 200
2025-09-30 20:47:34,756 : INFO : EventManager : Event: ======'modes_active_modes_changed'====== Args={}
2025-09-30 20:47:34,756 : INFO : EventManager : Event: ======'mode_carousel_started'====== Args={}
2025-09-30 20:47:34,756 : INFO : EventManager : Event: ======'item_highlighted'====== Args={'carousel': 'carousel', 'direction': None, 'item': 'intergalactic'}
2025-09-30 20:47:34,757 : INFO : Mode.intergalactic : Stopped.
2025-09-30 20:47:34,757 : INFO : EventManager : Event: ======'modes_active_modes_changed'====== Args={}
2025-09-30 20:47:34,757 : INFO : EventManager : Event: ======'mode_intergalactic_stopped'====== Args={}
2025-09-30 20:47:34,757 : INFO : EventManager : Event: ======'clear'====== Args={'key': 'intergalactic'}
2025-09-30 20:47:34,777 : INFO : EventManager : Event: ======'slide_intergalactic_removed'====== Args={'_from_bcp': True}
2025-09-30 20:47:34,777 : INFO : EventManager : Event: ======'slide_current_mode_highlighted_created'====== Args={'_from_bcp': True}
2025-09-30 20:47:34,819 : INFO : SwitchController : <<<<<<< 's_pop_standup' inactive >>>>>>>
2025-09-30 20:47:37,917 : INFO : SwitchController : <<<<<<< 's_scoop' active >>>>>>>
2025-09-30 20:47:37,917 : INFO : EventManager : Event: ======'s_scoop_active'====== Args={}
2025-09-30 20:47:37,918 : INFO : EventManager : Event: ======'machine_var_audits_switches_s_scoop'====== Args={'value': 122, 'prev_value': 121, 'change': 1}
2025-09-30 20:47:37,919 : INFO : EventManager : Event: ======'scoop_hit'====== Args={'elapsed': 0}
2025-09-30 20:47:37,919 : INFO : EventManager : Event: ======'carousel_intergalactic_selected'====== Args={}
2025-09-30 20:47:37,919 : INFO : EventManager : Event: ======'carousel_item_selected'====== Args={}
2025-09-30 20:47:37,919 : INFO : EventManager : Event: ======'player_score'====== Args={'value': 21022780, 'prev_value': 21020470, 'change': 2310, 'player_num': 1, 'source': 'base'}
2025-09-30 20:47:37,920 : INFO : EventManager : Event: ======'mode_intergalactic_will_start'====== Args={}
2025-09-30 20:47:37,922 : INFO : EventManager : Event: ======'mode_intergalactic_starting'====== Args={}
2025-09-30 20:47:37,922 : INFO : EventManager : Event: ======'mode_carousel_will_stop'====== Args={}
2025-09-30 20:47:37,922 : INFO : EventManager : Event: ======'mode_carousel_stopping'====== Args={}
2025-09-30 20:47:37,923 : INFO : Mode.carousel : Stopped.
2025-09-30 20:47:37,923 : INFO : EventManager : Event: ======'modes_active_modes_changed'====== Args={}
2025-09-30 20:47:37,923 : INFO : EventManager : Event: ======'mode_carousel_stopped'====== Args={}
2025-09-30 20:47:37,923 : INFO : EventManager : Event: ======'clear'====== Args={'key': 'carousel'}
2025-09-30 20:47:37,948 : INFO : EventManager : Event: ======'logicblock_intergalactic_shot_1_updated'====== Args={'value': 0, 'enabled': True}
2025-09-30 20:47:37,948 : INFO : EventManager : Event: ======'logicblock_intergalactic_shot_1_updated'====== Args={'value': 0, 'enabled': True}
2025-09-30 20:47:37,948 : INFO : EventManager : Event: ======'logicblock_intergalactic_shot_2_updated'====== Args={'value': 0, 'enabled': False}
2025-09-30 20:47:37,948 : INFO : EventManager : Event: ======'logicblock_intergalactic_shot_3_updated'====== Args={'value': 0, 'enabled': False}
2025-09-30 20:47:37,948 : INFO : EventManager : Event: ======'logicblock_intergalactic_shot_4_updated'====== Args={'value': 0, 'enabled': False}
2025-09-30 20:47:37,948 : INFO : EventManager : Event: ======'logicblock_intergalactic_shot_5_updated'====== Args={'value': 0, 'enabled': False}
2025-09-30 20:47:37,949 : INFO : Mode.intergalactic : Started. Priority: 1000
2025-09-30 20:47:37,949 : INFO : EventManager : Event: ======'modes_active_modes_changed'====== Args={}
2025-09-30 20:47:37,949 : INFO : EventManager : Event: ======'mode_intergalactic_started'====== Args={}
2025-09-30 20:47:37,960 : INFO : EventManager : Event: ======'slide_current_mode_highlighted_removed'====== Args={'_from_bcp': True}
2025-09-30 20:47:37,975 : INFO : EventManager : Event: ======'slide_intergalactic_created'====== Args={'_from_bcp': True}
2025-09-30 20:47:37,999 : INFO : SwitchController : <<<<<<< 's_scoop' inactive >>>>>>>
2025-09-30 20:47:39,043 : INFO : SwitchController : <<<<<<< 's_right_ramp' active >>>>>>>
2025-09-30 20:47:39,043 : INFO : EventManager : Event: ======'s_right_ramp_active'====== Args={}
2025-09-30 20:47:39,043 : INFO : EventManager : Event: ======'machine_var_audits_switches_s_right_ramp'====== Args={'value': 13, 'prev_value': 12, 'change': 1}
2025-09-30 20:47:39,044 : INFO : EventManager : Event: ======'right_ramp_hit'====== Args={'elapsed': 0}
2025-09-30 20:47:39,046 : INFO : EventManager : Event: ======'player_score'====== Args={'value': 21025790, 'prev_value': 21022780, 'change': 3010, 'player_num': 1, 'source': 'base'}
2025-09-30 20:47:39,115 : INFO : SwitchController : <<<<<<< 's_right_ramp' inactive >>>>>>>
2025-09-30 20:47:39,854 : INFO : SwitchController : <<<<<<< 's_left_ramp' active >>>>>>>
2025-09-30 20:47:39,854 : INFO : EventManager : Event: ======'s_left_ramp_active'====== Args={}
2025-09-30 20:47:39,854 : INFO : EventManager : Event: ======'machine_var_audits_switches_s_left_ramp'====== Args={'value': 14, 'prev_value': 13, 'change': 1}
2025-09-30 20:47:39,855 : INFO : EventManager : Event: ======'left_ramp_hit'====== Args={'elapsed': 0}
2025-09-30 20:47:39,855 : INFO : EventManager : Event: ======'player_score'====== Args={'value': 21028800, 'prev_value': 21025790, 'change': 3010, 'player_num': 1, 'source': 'base'}
2025-09-30 20:47:39,856 : INFO : EventManager : Event: ======'logicblock_intergalactic_shot_1_updated'====== Args={'value': 1, 'enabled': True}
2025-09-30 20:47:39,856 : INFO : EventManager : Event: ======'logicblock_intergalactic_shot_1_hit'====== Args={'step': 1}
2025-09-30 20:47:39,856 : INFO : EventManager : Event: ======'intergalactic_shot_1_done'====== Args={}
2025-09-30 20:47:39,856 : INFO : EventManager : Event: ======'logicblock_intergalactic_shot_1_updated'====== Args={'value': 1, 'enabled': False}
2025-09-30 20:47:39,856 : INFO : EventManager : Event: ======'logicblock_intergalactic_shot_2_updated'====== Args={'value': 0, 'enabled': True}
2025-09-30 20:47:39,856 : INFO : EventManager : Event: ======'player_score'====== Args={'value': 22028800, 'prev_value': 21028800, 'change': 1000000, 'player_num': 1, 'source': 'intergalactic'}
2025-09-30 20:47:39,942 : INFO : SwitchController : <<<<<<< 's_left_ramp' inactive >>>>>>>
2025-09-30 20:47:40,690 : INFO : SwitchController : <<<<<<< 's_right_ramp' active >>>>>>>
2025-09-30 20:47:40,690 : INFO : EventManager : Event: ======'s_right_ramp_active'====== Args={}
2025-09-30 20:47:40,690 : INFO : EventManager : Event: ======'machine_var_audits_switches_s_right_ramp'====== Args={'value': 14, 'prev_value': 13, 'change': 1}
2025-09-30 20:47:40,691 : INFO : EventManager : Event: ======'right_ramp_hit'====== Args={'elapsed': 0}
2025-09-30 20:47:40,691 : INFO : EventManager : Event: ======'player_score'====== Args={'value': 22031810, 'prev_value': 22028800, 'change': 3010, 'player_num': 1, 'source': 'base'}
2025-09-30 20:47:40,691 : INFO : EventManager : Event: ======'logicblock_intergalactic_shot_2_updated'====== Args={'value': 1, 'enabled': True}
2025-09-30 20:47:40,692 : INFO : EventManager : Event: ======'logicblock_intergalactic_shot_2_hit'====== Args={'step': 1}
2025-09-30 20:47:40,692 : INFO : EventManager : Event: ======'intergalactic_shot_2_done'====== Args={}
2025-09-30 20:47:40,692 : INFO : EventManager : Event: ======'logicblock_intergalactic_shot_2_updated'====== Args={'value': 1, 'enabled': False}
2025-09-30 20:47:40,693 : INFO : EventManager : Event: ======'logicblock_intergalactic_shot_3_updated'====== Args={'value': 0, 'enabled': True}
2025-09-30 20:47:40,693 : INFO : EventManager : Event: ======'player_score'====== Args={'value': 24031810, 'prev_value': 22031810, 'change': 2000000, 'player_num': 1, 'source': 'intergalactic'}
2025-09-30 20:47:40,779 : INFO : SwitchController : <<<<<<< 's_right_ramp' inactive >>>>>>>
2025-09-30 20:47:41,505 : INFO : SwitchController : <<<<<<< 's_left_ramp' active >>>>>>>
2025-09-30 20:47:41,505 : INFO : EventManager : Event: ======'s_left_ramp_active'====== Args={}
2025-09-30 20:47:41,505 : INFO : EventManager : Event: ======'machine_var_audits_switches_s_left_ramp'====== Args={'value': 15, 'prev_value': 14, 'change': 1}
2025-09-30 20:47:41,506 : INFO : EventManager : Event: ======'left_ramp_hit'====== Args={'elapsed': 0}
2025-09-30 20:47:41,506 : INFO : EventManager : Event: ======'player_score'====== Args={'value': 24034820, 'prev_value': 24031810, 'change': 3010, 'player_num': 1, 'source': 'base'}
2025-09-30 20:47:41,506 : INFO : EventManager : Event: ======'logicblock_intergalactic_shot_3_updated'====== Args={'value': 1, 'enabled': True}
2025-09-30 20:47:41,506 : INFO : EventManager : Event: ======'logicblock_intergalactic_shot_3_hit'====== Args={'step': 1}
2025-09-30 20:47:41,506 : INFO : EventManager : Event: ======'intergalactic_shot_3_done'====== Args={}
2025-09-30 20:47:41,506 : INFO : EventManager : Event: ======'logicblock_intergalactic_shot_3_updated'====== Args={'value': 1, 'enabled': False}
2025-09-30 20:47:41,506 : INFO : EventManager : Event: ======'logicblock_intergalactic_shot_4_updated'====== Args={'value': 0, 'enabled': True}
2025-09-30 20:47:41,508 : INFO : EventManager : Event: ======'player_score'====== Args={'value': 27034820, 'prev_value': 24034820, 'change': 3000000, 'player_num': 1, 'source': 'intergalactic'}
2025-09-30 20:47:41,587 : INFO : SwitchController : <<<<<<< 's_left_ramp' inactive >>>>>>>
2025-09-30 20:47:42,268 : INFO : SwitchController : <<<<<<< 's_right_ramp' active >>>>>>>
2025-09-30 20:47:42,268 : INFO : EventManager : Event: ======'s_right_ramp_active'====== Args={}
2025-09-30 20:47:42,269 : INFO : EventManager : Event: ======'machine_var_audits_switches_s_right_ramp'====== Args={'value': 15, 'prev_value': 14, 'change': 1}
2025-09-30 20:47:42,269 : INFO : EventManager : Event: ======'right_ramp_hit'====== Args={'elapsed': 0}
2025-09-30 20:47:42,270 : INFO : EventManager : Event: ======'player_score'====== Args={'value': 27037830, 'prev_value': 27034820, 'change': 3010, 'player_num': 1, 'source': 'base'}
2025-09-30 20:47:42,271 : INFO : EventManager : Event: ======'logicblock_intergalactic_shot_4_updated'====== Args={'value': 1, 'enabled': True}
2025-09-30 20:47:42,271 : INFO : EventManager : Event: ======'logicblock_intergalactic_shot_4_hit'====== Args={'step': 1}
2025-09-30 20:47:42,271 : INFO : EventManager : Event: ======'intergalactic_shot_4_done'====== Args={}
2025-09-30 20:47:42,271 : INFO : EventManager : Event: ======'logicblock_intergalactic_shot_4_updated'====== Args={'value': 1, 'enabled': False}
2025-09-30 20:47:42,272 : INFO : EventManager : Event: ======'logicblock_intergalactic_shot_5_updated'====== Args={'value': 0, 'enabled': True}
2025-09-30 20:47:42,272 : INFO : EventManager : Event: ======'player_score'====== Args={'value': 32037830, 'prev_value': 27037830, 'change': 5000000, 'player_num': 1, 'source': 'intergalactic'}
2025-09-30 20:47:42,343 : INFO : SwitchController : <<<<<<< 's_right_ramp' inactive >>>>>>>
2025-09-30 20:47:43,475 : INFO : SwitchController : <<<<<<< 's_pop_standup' active >>>>>>>
2025-09-30 20:47:43,475 : INFO : EventManager : Event: ======'s_pop_standup_active'====== Args={}
2025-09-30 20:47:43,477 : INFO : EventManager : Event: ======'machine_var_audits_switches_s_pop_standup'====== Args={'value': 57, 'prev_value': 56, 'change': 1}
2025-09-30 20:47:43,477 : INFO : EventManager : Event: ======'player_score'====== Args={'value': 32042840, 'prev_value': 32037830, 'change': 5010, 'player_num': 1, 'source': 'base'}
2025-09-30 20:47:43,478 : INFO : EventManager : Event: ======'pop_standup_hit'====== Args={'elapsed': 0}
2025-09-30 20:47:43,478 : INFO : EventManager : Event: ======'logicblock_intergalactic_shot_5_updated'====== Args={'value': 1, 'enabled': True}
2025-09-30 20:47:43,478 : INFO : EventManager : Event: ======'logicblock_intergalactic_shot_5_hit'====== Args={'step': 1}
2025-09-30 20:47:43,479 : INFO : EventManager : Event: ======'intergalactic_shot_5_done'====== Args={}
2025-09-30 20:47:43,479 : INFO : EventManager : Event: ======'mode_intergalactic_stop'====== Args={}
2025-09-30 20:47:43,479 : INFO : EventManager : Event: ======'logicblock_intergalactic_shot_5_updated'====== Args={'value': 1, 'enabled': False}
2025-09-30 20:47:43,479 : INFO : EventManager : Event: ======'player_score'====== Args={'value': 42042840, 'prev_value': 32042840, 'change': 10000000, 'player_num': 1, 'source': 'intergalactic'}
2025-09-30 20:47:43,479 : INFO : EventManager : Event: ======'mode_intergalactic_will_stop'====== Args={}
2025-09-30 20:47:43,479 : INFO : EventManager : Event: ======'mode_intergalactic_stopping'====== Args={}
2025-09-30 20:47:43,479 : INFO : EventManager : Event: ======'mode_carousel_will_start'====== Args={}
2025-09-30 20:47:43,480 : INFO : EventManager : Event: ======'mode_carousel_starting'====== Args={}
2025-09-30 20:47:43,480 : INFO : Mode.carousel : Started. Priority: 200
2025-09-30 20:47:43,480 : INFO : EventManager : Event: ======'modes_active_modes_changed'====== Args={}
2025-09-30 20:47:43,480 : INFO : EventManager : Event: ======'mode_carousel_started'====== Args={}
2025-09-30 20:47:43,480 : INFO : EventManager : Event: ======'item_highlighted'====== Args={'carousel': 'carousel', 'direction': None, 'item': 'intergalactic'}
2025-09-30 20:47:43,481 : INFO : Mode.intergalactic : Stopped.
2025-09-30 20:47:43,481 : INFO : EventManager : Event: ======'modes_active_modes_changed'====== Args={}
2025-09-30 20:47:43,481 : INFO : EventManager : Event: ======'mode_intergalactic_stopped'====== Args={}
2025-09-30 20:47:43,481 : INFO : EventManager : Event: ======'clear'====== Args={'key': 'intergalactic'}
2025-09-30 20:47:43,503 : INFO : EventManager : Event: ======'slide_intergalactic_removed'====== Args={'_from_bcp': True}
2025-09-30 20:47:43,505 : INFO : EventManager : Event: ======'slide_current_mode_highlighted_created'====== Args={'_from_bcp': True}
2025-09-30 20:47:43,579 : INFO : SwitchController : <<<<<<< 's_pop_standup' inactive >>>>>>>
2025-09-30 20:47:45,285 : INFO : Machine : Shutting down...
2025-09-30 20:47:45,285 : INFO : EventManager : Event: ======'shutdown'====== Args={}
2025-09-30 20:47:45,288 : INFO : EventManager : Event: ======'mode_game_will_stop'====== Args={}
2025-09-30 20:47:45,288 : INFO : EventManager : Event: ======'mode_game_stopping'====== Args={}
2025-09-30 20:47:45,289 : INFO : EventManager : Event: ======'mode_carousel_will_stop'====== Args={}
2025-09-30 20:47:45,289 : INFO : EventManager : Event: ======'mode_carousel_stopping'====== Args={}
2025-09-30 20:47:45,289 : INFO : EventManager : Event: ======'mode_base_will_stop'====== Args={}
2025-09-30 20:47:45,289 : INFO : EventManager : Event: ======'mode_base_stopping'====== Args={}
2025-09-30 20:47:45,289 : INFO : Mode.base : Stopped.
2025-09-30 20:47:45,289 : INFO : EventManager : Event: ======'modes_active_modes_changed'====== Args={}
2025-09-30 20:47:45,289 : INFO : EventManager : Event: ======'mode_base_stopped'====== Args={}
2025-09-30 20:47:45,289 : INFO : EventManager : Event: ======'clear'====== Args={'key': 'base'}
2025-09-30 20:47:45,291 : INFO : Mode.carousel : Stopped.
2025-09-30 20:47:45,291 : INFO : EventManager : Event: ======'modes_active_modes_changed'====== Args={}
2025-09-30 20:47:45,291 : INFO : EventManager : Event: ======'mode_carousel_stopped'====== Args={}
2025-09-30 20:47:45,291 : INFO : EventManager : Event: ======'clear'====== Args={'key': 'carousel'}
2025-09-30 20:47:45,291 : INFO : Mode.game : Stopped.
2025-09-30 20:47:45,291 : INFO : EventManager : Event: ======'modes_active_modes_changed'====== Args={}
2025-09-30 20:47:45,291 : INFO : EventManager : Event: ======'mode_game_stopped'====== Args={}
2025-09-30 20:47:45,291 : INFO : EventManager : Event: ======'clear'====== Args={'key': 'game'}
2025-09-30 20:47:45,295 : INFO : root : MPF run loop ended.
