2026-01-19 14:55:24,542 : INFO : root : Loading config.
2026-01-19 14:55:24,548 : INFO : YamlMultifileConfigLoader : Machine config file #1: config.yaml
2026-01-19 14:55:24,548 : INFO : ConfigProcessor : Loading config from cache: C:\Users\sdona\AppData\Local\Temp\3b8fca15c900b8c5017593b227e0c010.mpf_cache
2026-01-19 14:55:24,708 : INFO : ConfigProcessor : Loading config from cache: C:\Users\sdona\AppData\Local\Temp\f6660a7d6ef93b3364a89f3863bac82d.mpf_cache
2026-01-19 14:55:24,709 : INFO : ConfigProcessor : Loading config from cache: C:\Users\sdona\AppData\Local\Temp\63a1edb72ce8f5a08e3b0bd829aa2a0d.mpf_cache
2026-01-19 14:55:24,710 : INFO : ConfigProcessor : Loading config from cache: C:\Users\sdona\AppData\Local\Temp\c340ec0033d1055cd797ffd5447ef414.mpf_cache
2026-01-19 14:55:24,713 : INFO : ConfigProcessor : Loading config from cache: C:\Users\sdona\AppData\Local\Temp\f6660a7d6ef93b3364a89f3863bac82d.mpf_cache
2026-01-19 14:55:24,714 : INFO : ConfigProcessor : Loading config from cache: C:\Users\sdona\AppData\Local\Temp\8c11a28e3c38d4ad47947b6a126f2ee9.mpf_cache
2026-01-19 14:55:24,716 : INFO : ConfigProcessor : Loading config from cache: C:\Users\sdona\AppData\Local\Temp\e391083cdc9e667060411fe5838e93f2.mpf_cache
2026-01-19 14:55:24,716 : INFO : ConfigProcessor : Loading config from cache: C:\Users\sdona\AppData\Local\Temp\f0c219a993d891ee86dcb7eae47dde67.mpf_cache
2026-01-19 14:55:24,717 : INFO : ConfigProcessor : Loading config from cache: C:\Users\sdona\AppData\Local\Temp\96aa58108928490b129531848cd9b506.mpf_cache
2026-01-19 14:55:24,718 : INFO : ConfigProcessor : Loading config from cache: C:\Users\sdona\AppData\Local\Temp\567636b9d9766e3361204e954a8382da.mpf_cache
2026-01-19 14:55:24,719 : INFO : ConfigProcessor : Loading config from cache: C:\Users\sdona\AppData\Local\Temp\8f47ddcaffd9506a6ab610332e5e93e6.mpf_cache
2026-01-19 14:55:24,736 : INFO : ConfigProcessor : Loading config from cache: C:\Users\sdona\AppData\Local\Temp\112f935d1c2002cb40d3e6e497be9e7c.mpf_cache
2026-01-19 14:55:24,737 : INFO : ConfigProcessor : Loading config from cache: C:\Users\sdona\AppData\Local\Temp\a4c67531f25fc6af6ec97b4ab4b5e0a4.mpf_cache
2026-01-19 14:55:24,738 : INFO : ConfigProcessor : Loading config from cache: C:\Users\sdona\AppData\Local\Temp\de8ed6c6d4c48d1b5b054ff74222cb35.mpf_cache
2026-01-19 14:55:24,739 : INFO : ConfigProcessor : Loading config from cache: C:\Users\sdona\AppData\Local\Temp\0511702d1aff7294933b3415dcc6bcd8.mpf_cache
2026-01-19 14:55:24,740 : INFO : ConfigProcessor : Loading config from cache: C:\Users\sdona\AppData\Local\Temp\3eebd8fc985a6907aa555c0256177d6c.mpf_cache
2026-01-19 14:55:24,741 : INFO : ConfigProcessor : Loading config from cache: C:\Users\sdona\AppData\Local\Temp\7f047f20ee2604e573d0056474eb225c.mpf_cache
2026-01-19 14:55:24,743 : INFO : ConfigProcessor : Loading config from cache: C:\Users\sdona\AppData\Local\Temp\7cbf965458447bfe6339fd0c6d804285.mpf_cache
2026-01-19 14:55:24,744 : INFO : ConfigProcessor : Loading config from cache: C:\Users\sdona\AppData\Local\Temp\c09cbc2eb967f07064f0c7aeb253df93.mpf_cache
2026-01-19 14:55:24,745 : INFO : ConfigProcessor : Loading config from cache: C:\Users\sdona\AppData\Local\Temp\3e3e819377c518a390ee259f491dfb06.mpf_cache
2026-01-19 14:55:24,745 : INFO : ConfigProcessor : Loading config from cache: C:\Users\sdona\AppData\Local\Temp\1bbdf2c973c297bc3add8824c296f9ca.mpf_cache
2026-01-19 14:55:24,746 : INFO : ConfigProcessor : Loading config from cache: C:\Users\sdona\AppData\Local\Temp\8743abc5a0185ade0d9653d9d4dd60e6.mpf_cache
2026-01-19 14:55:24,747 : INFO : ConfigProcessor : Loading config from cache: C:\Users\sdona\AppData\Local\Temp\bc1a93e04317e488751dae7b5251780b.mpf_cache
2026-01-19 14:55:24,748 : INFO : ConfigProcessor : Loading config from cache: C:\Users\sdona\AppData\Local\Temp\8a267c6d1ad3bd205388d8363e4a5749.mpf_cache
2026-01-19 14:55:24,749 : INFO : ConfigProcessor : Loading config from cache: C:\Users\sdona\AppData\Local\Temp\507fc1d02e2e92e18a6830a59c5dcf80.mpf_cache
2026-01-19 14:55:24,750 : INFO : ConfigProcessor : Loading config from cache: C:\Users\sdona\AppData\Local\Temp\1d2961d421c758b6953fd569505e4b2d.mpf_cache
2026-01-19 14:55:24,751 : INFO : ConfigProcessor : Loading config from cache: C:\Users\sdona\AppData\Local\Temp\9e72e5fa0fd05160f49186c6524c14c9.mpf_cache
2026-01-19 14:55:24,752 : INFO : ConfigProcessor : Loading config from cache: C:\Users\sdona\AppData\Local\Temp\f7ea71975115b23719e8d60bf22b5425.mpf_cache
2026-01-19 14:55:24,752 : INFO : ConfigProcessor : Loading config from cache: C:\Users\sdona\AppData\Local\Temp\56c9cddbcff0d1410386b266159a0775.mpf_cache
2026-01-19 14:55:24,753 : INFO : ConfigProcessor : Loading config from cache: C:\Users\sdona\AppData\Local\Temp\6c385f71891889a392ac696568578c7f.mpf_cache
2026-01-19 14:55:24,754 : INFO : ConfigProcessor : Loading config from cache: C:\Users\sdona\AppData\Local\Temp\8bff58349a5bdf4b88bcb50c5fc898e7.mpf_cache
2026-01-19 14:55:24,756 : INFO : ConfigProcessor : Loading config from cache: C:\Users\sdona\AppData\Local\Temp\e6b55d6a1c06b0dd6369c964181bf8d3.mpf_cache
2026-01-19 14:55:24,757 : INFO : ConfigProcessor : Loading config from cache: C:\Users\sdona\AppData\Local\Temp\c400bf69dd848f9ec4f3356496b25a78.mpf_cache
2026-01-19 14:55:24,757 : INFO : ConfigProcessor : Loading config from cache: C:\Users\sdona\AppData\Local\Temp\b5a54abfbba58cd6005650aabe85cb35.mpf_cache
2026-01-19 14:55:24,758 : INFO : ConfigProcessor : Loading config from cache: C:\Users\sdona\AppData\Local\Temp\b9cf3f1e934d5266c0035de47faec02b.mpf_cache
2026-01-19 14:55:24,759 : INFO : ConfigProcessor : Loading config from cache: C:\Users\sdona\AppData\Local\Temp\67d6cae7afaea6fe987e87f8d3a3ea21.mpf_cache
2026-01-19 14:55:24,759 : INFO : ConfigProcessor : Loading config from cache: C:\Users\sdona\AppData\Local\Temp\e4c5b832148a7d383976fcf70408e8af.mpf_cache
2026-01-19 14:55:24,760 : INFO : ConfigProcessor : Loading config from cache: C:\Users\sdona\AppData\Local\Temp\dce98d0c8129174f78168c3f3b9d3db8.mpf_cache
2026-01-19 14:55:24,761 : INFO : ConfigProcessor : Loading config from cache: C:\Users\sdona\AppData\Local\Temp\141b19e6c0168c485bbb38b6543175a8.mpf_cache
2026-01-19 14:55:24,761 : INFO : ConfigProcessor : Loading config from cache: C:\Users\sdona\AppData\Local\Temp\ada3b5b562837d919d62b9df0d0de8d3.mpf_cache
2026-01-19 14:55:24,762 : INFO : ConfigProcessor : Loading config from cache: C:\Users\sdona\AppData\Local\Temp\4e6dd3b0a361d042ad5ab93a8cc8b437.mpf_cache
2026-01-19 14:55:24,763 : INFO : ConfigProcessor : Loading config from cache: C:\Users\sdona\AppData\Local\Temp\e97c871403fe82070ff249d62d7cfe22.mpf_cache
2026-01-19 14:55:24,763 : INFO : ConfigProcessor : Loading config from cache: C:\Users\sdona\AppData\Local\Temp\64b6da5876f56fc970400d85dfe882ec.mpf_cache
2026-01-19 14:55:24,764 : INFO : ConfigProcessor : Loading config from cache: C:\Users\sdona\AppData\Local\Temp\c5a11fc9367393a964e333a780e846f7.mpf_cache
2026-01-19 14:55:24,765 : INFO : ConfigProcessor : Loading config from cache: C:\Users\sdona\AppData\Local\Temp\2816335dd466496617c9461f091e66f7.mpf_cache
2026-01-19 14:55:24,765 : INFO : ConfigProcessor : Loading config from cache: C:\Users\sdona\AppData\Local\Temp\6359f7257429add2d261e94bcafd60d5.mpf_cache
2026-01-19 14:55:24,766 : INFO : ConfigProcessor : Loading config from cache: C:\Users\sdona\AppData\Local\Temp\e1f034e230342bd5fff9d9c9df707a6d.mpf_cache
2026-01-19 14:55:24,767 : INFO : ConfigProcessor : Loading config from cache: C:\Users\sdona\AppData\Local\Temp\bed2bac5ea254e8ca98f6dd45e865fd8.mpf_cache
2026-01-19 14:55:24,767 : INFO : ConfigProcessor : Loading config from cache: C:\Users\sdona\AppData\Local\Temp\48e8797b77339ec89f8005d20046fbbb.mpf_cache
2026-01-19 14:55:24,768 : INFO : ConfigProcessor : Loading config from cache: C:\Users\sdona\AppData\Local\Temp\b0b8ed4dbd306ac2f063788d81ec6bc4.mpf_cache
2026-01-19 14:55:24,768 : INFO : ConfigProcessor : Loading config from cache: C:\Users\sdona\AppData\Local\Temp\98b42cbd2eba7845afea8d7862634639.mpf_cache
2026-01-19 14:55:24,769 : INFO : ConfigProcessor : Loading config from cache: C:\Users\sdona\AppData\Local\Temp\44893055a228bb5e0381bfc6f9c0abd7.mpf_cache
2026-01-19 14:55:24,770 : INFO : ConfigProcessor : Loading config from cache: C:\Users\sdona\AppData\Local\Temp\2042660f443afc84f0703d0905ba54ee.mpf_cache
2026-01-19 14:55:24,771 : INFO : ConfigProcessor : Loading config from cache: C:\Users\sdona\AppData\Local\Temp\dd7647dd44793170b37285bb75f4ccd8.mpf_cache
2026-01-19 14:55:24,771 : INFO : ConfigProcessor : Loading config from cache: C:\Users\sdona\AppData\Local\Temp\e2d7f53c0c71e4d0bd9bdd0119e59cc4.mpf_cache
2026-01-19 14:55:24,772 : INFO : ConfigProcessor : Loading config from cache: C:\Users\sdona\AppData\Local\Temp\8c6fac435f6ad554a9aceeec6bf90d60.mpf_cache
2026-01-19 14:55:24,773 : INFO : ConfigProcessor : Loading config from cache: C:\Users\sdona\AppData\Local\Temp\189e01913405dcf21368edf880785f17.mpf_cache
2026-01-19 14:55:24,773 : INFO : ConfigProcessor : Loading config from cache: C:\Users\sdona\AppData\Local\Temp\9c2447d5008e5c2337580412edd81bce.mpf_cache
2026-01-19 14:55:24,774 : INFO : ConfigProcessor : Loading config from cache: C:\Users\sdona\AppData\Local\Temp\ecb35127b61fe2c3f803378f52b53af8.mpf_cache
2026-01-19 14:55:24,775 : INFO : ConfigProcessor : Loading config from cache: C:\Users\sdona\AppData\Local\Temp\a453bc519324a010fc5f97d23b1d6283.mpf_cache
2026-01-19 14:55:24,775 : INFO : ConfigProcessor : Loading config from cache: C:\Users\sdona\AppData\Local\Temp\e134e8f85ba8fa9c3d7f1500ca292437.mpf_cache
2026-01-19 14:55:24,776 : INFO : ConfigProcessor : Loading config from cache: C:\Users\sdona\AppData\Local\Temp\b24b6909ee6e0520126bbce60d1ed210.mpf_cache
2026-01-19 14:55:24,777 : INFO : ConfigProcessor : Loading config from cache: C:\Users\sdona\AppData\Local\Temp\cba807ea4a81180f6dd01afffacec8ed.mpf_cache
2026-01-19 14:55:24,778 : INFO : ConfigProcessor : Loading config from cache: C:\Users\sdona\AppData\Local\Temp\1ea2aa0876194c7260510f0845fe4bfe.mpf_cache
2026-01-19 14:55:24,779 : INFO : ConfigProcessor : Loading config from cache: C:\Users\sdona\AppData\Local\Temp\a173d53041ed6761e8719c2951eee9e5.mpf_cache
2026-01-19 14:55:24,779 : INFO : ConfigProcessor : Loading config from cache: C:\Users\sdona\AppData\Local\Temp\f071e720e1ef2a753ced60502153911a.mpf_cache
2026-01-19 14:55:24,780 : INFO : ConfigProcessor : Loading config from cache: C:\Users\sdona\AppData\Local\Temp\a464c65b0880a71dbe3e02b1f7271abd.mpf_cache
2026-01-19 14:55:24,781 : INFO : ConfigProcessor : Loading config from cache: C:\Users\sdona\AppData\Local\Temp\b4bf5fa77bdb26872f42159f572a3499.mpf_cache
2026-01-19 14:55:24,782 : INFO : ConfigProcessor : Loading config from cache: C:\Users\sdona\AppData\Local\Temp\cd6f6abb19272a94675a232f8f899ac9.mpf_cache
2026-01-19 14:55:24,782 : INFO : ConfigProcessor : Loading config from cache: C:\Users\sdona\AppData\Local\Temp\5c997126cef538283363f6706780c8e5.mpf_cache
2026-01-19 14:55:24,783 : INFO : ConfigProcessor : Loading config from cache: C:\Users\sdona\AppData\Local\Temp\51c405745738281c3f5e2edc082329f1.mpf_cache
2026-01-19 14:55:24,783 : INFO : ConfigProcessor : Loading config from cache: C:\Users\sdona\AppData\Local\Temp\cbc61a9ec21d345237ebbced62572970.mpf_cache
2026-01-19 14:55:24,784 : INFO : ConfigProcessor : Loading config from cache: C:\Users\sdona\AppData\Local\Temp\c25e7c71bc90546538d4e68911be6658.mpf_cache
2026-01-19 14:55:24,785 : INFO : ConfigProcessor : Loading config from cache: C:\Users\sdona\AppData\Local\Temp\3f778658fc8e6107c1e17d48b06d7ee6.mpf_cache
2026-01-19 14:55:24,786 : INFO : ConfigProcessor : Loading config from cache: C:\Users\sdona\AppData\Local\Temp\b7a51086f1e3c926b3977a0d025a1faa.mpf_cache
2026-01-19 14:55:24,786 : INFO : ConfigProcessor : Loading config from cache: C:\Users\sdona\AppData\Local\Temp\479eb3ca656e084fa2e092204a5b8039.mpf_cache
2026-01-19 14:55:24,787 : INFO : ConfigProcessor : Loading config from cache: C:\Users\sdona\AppData\Local\Temp\bdb81eccbf19551abd8bea5fafeca7c0.mpf_cache
2026-01-19 14:55:24,788 : INFO : ConfigProcessor : Loading config from cache: C:\Users\sdona\AppData\Local\Temp\8f065719b93e886777277178babee650.mpf_cache
2026-01-19 14:55:24,789 : INFO : ConfigProcessor : Loading config from cache: C:\Users\sdona\AppData\Local\Temp\7fef0463a0df344c3146c845257ec616.mpf_cache
2026-01-19 14:55:24,789 : INFO : ConfigProcessor : Loading config from cache: C:\Users\sdona\AppData\Local\Temp\a4f333ad36a077996c49298642b6bdcf.mpf_cache
2026-01-19 14:55:24,790 : INFO : ConfigProcessor : Loading config from cache: C:\Users\sdona\AppData\Local\Temp\e8d69d74f27089cda2650299e9916804.mpf_cache
2026-01-19 14:55:24,791 : INFO : ConfigProcessor : Loading config from cache: C:\Users\sdona\AppData\Local\Temp\05530f35bd950f18d27d3fd571d96823.mpf_cache
2026-01-19 14:55:24,792 : INFO : ConfigProcessor : Loading config from cache: C:\Users\sdona\AppData\Local\Temp\fc1e3f85304c911eb844eb65d36e61be.mpf_cache
2026-01-19 14:55:24,793 : INFO : ConfigProcessor : Loading config from cache: C:\Users\sdona\AppData\Local\Temp\53223d3922288729ee504c1b2a98bb55.mpf_cache
2026-01-19 14:55:24,794 : INFO : ConfigProcessor : Loading config from cache: C:\Users\sdona\AppData\Local\Temp\8d20136ddb274338050d1d1ccc1a5e4f.mpf_cache
2026-01-19 14:55:24,794 : INFO : ConfigProcessor : Loading config from cache: C:\Users\sdona\AppData\Local\Temp\1254d50720d6d5d0da0e84e29cdbaa7a.mpf_cache
2026-01-19 14:55:24,795 : INFO : ConfigProcessor : Loading config from cache: C:\Users\sdona\AppData\Local\Temp\1a7ae31e9f779b1261e3d1eee1831b27.mpf_cache
2026-01-19 14:55:24,797 : INFO : ConfigProcessor : Loading config from cache: C:\Users\sdona\AppData\Local\Temp\8e3ea42c38f2105e0d9462648474c540.mpf_cache
2026-01-19 14:55:24,797 : INFO : ConfigProcessor : Loading config from cache: C:\Users\sdona\AppData\Local\Temp\a61b86d39bcc5a5ea0a5885549542355.mpf_cache
2026-01-19 14:55:24,798 : INFO : ConfigProcessor : Loading config from cache: C:\Users\sdona\AppData\Local\Temp\0be197154604f4b199c224fe0066296a.mpf_cache
2026-01-19 14:55:24,799 : INFO : ConfigProcessor : Loading config from cache: C:\Users\sdona\AppData\Local\Temp\8be1835d379617cb3def36e5084020f6.mpf_cache
2026-01-19 14:55:24,800 : INFO : ConfigProcessor : Loading config from cache: C:\Users\sdona\AppData\Local\Temp\600d86d9f0ce58b92a4c456466b707cc.mpf_cache
2026-01-19 14:55:24,801 : INFO : ConfigProcessor : Loading config from cache: C:\Users\sdona\AppData\Local\Temp\3b8a30babd008550b0699281f52ed27a.mpf_cache
2026-01-19 14:55:24,801 : INFO : ConfigProcessor : Loading config from cache: C:\Users\sdona\AppData\Local\Temp\1605f6efa0d082cac196fbacc374bc42.mpf_cache
2026-01-19 14:55:24,802 : INFO : ConfigProcessor : Loading config from cache: C:\Users\sdona\AppData\Local\Temp\7e2767447a32b13b699b93d64e0ad4e1.mpf_cache
2026-01-19 14:55:24,803 : INFO : ConfigProcessor : Loading config from cache: C:\Users\sdona\AppData\Local\Temp\2afc3d032f598172139245ac02c70f84.mpf_cache
2026-01-19 14:55:24,804 : INFO : ConfigProcessor : Loading config from cache: C:\Users\sdona\AppData\Local\Temp\ec387031d703ca01cd1e512f54ea45a6.mpf_cache
2026-01-19 14:55:24,804 : INFO : ConfigProcessor : Loading config from cache: C:\Users\sdona\AppData\Local\Temp\6060c5cf25a8bbaedfcd18b580aef368.mpf_cache
2026-01-19 14:55:24,805 : INFO : ConfigProcessor : Loading config from cache: C:\Users\sdona\AppData\Local\Temp\62ef5d872b70fca48f955a2e25312807.mpf_cache
2026-01-19 14:55:24,805 : INFO : ConfigProcessor : Loading config from cache: C:\Users\sdona\AppData\Local\Temp\c52aca253ccfb6abe708ff6ee9d67c14.mpf_cache
2026-01-19 14:55:24,806 : INFO : ConfigProcessor : Loading config from cache: C:\Users\sdona\AppData\Local\Temp\f4a78d1a7bce952f8a932d586083fdd8.mpf_cache
2026-01-19 14:55:24,807 : INFO : ConfigProcessor : Loading config from cache: C:\Users\sdona\AppData\Local\Temp\bb94c9c1e15d87765c90f1ffc77705c9.mpf_cache
2026-01-19 14:55:24,808 : INFO : ConfigProcessor : Loading config from cache: C:\Users\sdona\AppData\Local\Temp\9d4ee1bead7c17d1b5b361b9a86c5113.mpf_cache
2026-01-19 14:55:24,808 : INFO : ConfigProcessor : Loading config from cache: C:\Users\sdona\AppData\Local\Temp\9eeb681ca391f55fc1b328483a35afc6.mpf_cache
2026-01-19 14:55:24,809 : INFO : ConfigProcessor : Loading config from cache: C:\Users\sdona\AppData\Local\Temp\019a5133c8eb0a0be84c7200575a8bf2.mpf_cache
2026-01-19 14:55:24,810 : INFO : ConfigProcessor : Loading config from cache: C:\Users\sdona\AppData\Local\Temp\ce0801e7c3c55e24fe9cf2e243ba629e.mpf_cache
2026-01-19 14:55:24,811 : INFO : ConfigProcessor : Loading config from cache: C:\Users\sdona\AppData\Local\Temp\1ecbcaf9f778e10bebb5864384a052b1.mpf_cache
2026-01-19 14:55:24,812 : INFO : ConfigProcessor : Loading config from cache: C:\Users\sdona\AppData\Local\Temp\9b344eb280fe382fefe59edea2f1176a.mpf_cache
2026-01-19 14:55:24,813 : INFO : ConfigProcessor : Loading config from cache: C:\Users\sdona\AppData\Local\Temp\ac821f52899dc68030dd952fdacc88a6.mpf_cache
2026-01-19 14:55:24,814 : INFO : ConfigProcessor : Loading config from cache: C:\Users\sdona\AppData\Local\Temp\6ba912a63b7c348f0f92fd7751916e09.mpf_cache
2026-01-19 14:55:24,815 : INFO : ConfigProcessor : Loading config from cache: C:\Users\sdona\AppData\Local\Temp\dd9dffa1d18960178033f021f1e04e5f.mpf_cache
2026-01-19 14:55:24,815 : INFO : ConfigProcessor : Loading config from cache: C:\Users\sdona\AppData\Local\Temp\5405df938f7ef9af99b1c654cacd899d.mpf_cache
2026-01-19 14:55:24,816 : INFO : ConfigProcessor : Loading config from cache: C:\Users\sdona\AppData\Local\Temp\856582d286ed2569cf4ebe5e0a18a6ab.mpf_cache
2026-01-19 14:55:24,817 : INFO : Machine : Mission Pinball Framework Core Engine v0.80.0.dev11
2026-01-19 14:55:24,817 : INFO : Machine : Command line arguments: {'no_load_cache': False, 'create_config_cache': True, 'bcp': True, 'configfile': ['config.yaml'], 'force_assets_load': False, 'platform_integration_test': False, 'jsonlogging': False, 'logfile': 'logs\\2026-01-19-14-55-24-mpf-PinballLaptop.log', 'pause': False, 'production': False, 'text_ui': True, 'loglevel': 15, 'consoleloglevel': 20, 'force_platform': 'smart_virtual', 'syslog_address': None, 'full_logfile_path': 'C:\\venv\\mpf\\mmmdrop\\logs\\2026-01-19-14-55-24-mpf-PinballLaptop.log'}
2026-01-19 14:55:24,818 : INFO : Machine : MPF path: c:\venv\mpf\Lib\site-packages\mpf
2026-01-19 14:55:24,818 : INFO : Machine : Machine path: C:\venv\mpf\mmmdrop
2026-01-19 14:55:24,818 : INFO : Machine : Platform: win32
2026-01-19 14:55:24,818 : INFO : Machine : Python executable location: c:\venv\mpf\Scripts\python.exe
2026-01-19 14:55:24,818 : INFO : Machine : Python version: 3.13.11 (64-bit)
2026-01-19 14:55:24,820 : INFO : Machine : Initializing MPF...
2026-01-19 14:55:24,911 : INFO : EventManager : Event: ======'machine_var_credits_string'====== Args={'value': 'FREE PLAY', 'prev_value': None, 'change': True}
2026-01-19 14:55:24,958 : INFO : EventManager : Event: ======'machine_var_fast_audio_headphones_volume'====== Args={'value': 10, 'prev_value': None, 'change': True}
2026-01-19 14:55:24,958 : INFO : EventManager : Event: ======'machine_var_fast_audio_main_volume'====== Args={'value': 44, 'prev_value': None, 'change': True}
2026-01-19 14:55:24,959 : INFO : EventManager : Event: ======'machine_var_master_volume'====== Args={'value': 0.65, 'prev_value': None, 'change': True}
2026-01-19 14:55:24,959 : INFO : EventManager : Event: ======'machine_var_player1_score'====== Args={'value': 47395830, 'prev_value': None, 'change': True}
2026-01-19 14:55:24,959 : INFO : EventManager : Event: ======'machine_var_game_just_played'====== Args={'value': 0, 'prev_value': None, 'change': True}
2026-01-19 14:55:24,959 : INFO : EventManager : Event: ======'machine_var_mpf_version'====== Args={'value': 'Mission Pinball Framework v0.80.0.dev11', 'prev_value': None, 'change': True}
2026-01-19 14:55:24,959 : INFO : EventManager : Event: ======'machine_var_mpf_extended_version'====== Args={'value': 'Mission Pinball Framework v0.80.0.dev11, Config version:6, Show version: 6, BCP version:1.1', 'prev_value': None, 'change': True}
2026-01-19 14:55:24,959 : INFO : EventManager : Event: ======'machine_var_python_version'====== Args={'value': '3.13.11', 'prev_value': None, 'change': True}
2026-01-19 14:55:25,004 : INFO : EventManager : Event: ======'machine_var_platform'====== Args={'value': 'Windows-11-10.0.26200-SP0', 'prev_value': None, 'change': True}
2026-01-19 14:55:25,005 : INFO : EventManager : Event: ======'machine_var_platform_system'====== Args={'value': 'Windows', 'prev_value': None, 'change': True}
2026-01-19 14:55:25,005 : INFO : EventManager : Event: ======'machine_var_platform_release'====== Args={'value': '11', 'prev_value': None, 'change': True}
2026-01-19 14:55:25,005 : INFO : EventManager : Event: ======'machine_var_platform_version'====== Args={'value': '10.0.26200', 'prev_value': None, 'change': True}
2026-01-19 14:55:25,005 : INFO : EventManager : Event: ======'machine_var_platform_machine'====== Args={'value': 'AMD64', 'prev_value': None, 'change': True}
2026-01-19 14:55:25,005 : INFO : EventManager : Event: ======'machine_var_log_file_path'====== Args={'value': 'C:\\venv\\mpf\\mmmdrop\\logs\\2026-01-19-14-55-24-mpf-PinballLaptop.log', 'prev_value': None, 'change': True}
2026-01-19 14:55:25,005 : INFO : EventManager : Event: ======'init_phase_1'====== Args={}
2026-01-19 14:55:25,126 : INFO : EventManager : Event: ======'drop_target_bank_three_bank_up'====== Args={}
2026-01-19 14:55:25,127 : INFO : EventManager : Event: ======'init_phase_2'====== Args={}
2026-01-19 14:55:25,128 : INFO : SwitchController : Found active switch: ('3208-0', <Platform.SmartVirtual>) <switch.s_trough1>
2026-01-19 14:55:25,128 : INFO : SwitchController : Found active switch: ('3208-1', <Platform.SmartVirtual>) <switch.s_trough2>
2026-01-19 14:55:25,128 : INFO : SwitchController : Found active switch: ('3208-2', <Platform.SmartVirtual>) <switch.s_trough3>
2026-01-19 14:55:25,128 : INFO : SwitchController : Found active switch: ('3208-3', <Platform.SmartVirtual>) <switch.s_trough4>
2026-01-19 14:55:25,128 : INFO : SwitchController : Found active switch: ('3208-4', <Platform.SmartVirtual>) <switch.s_trough5>
2026-01-19 14:55:25,128 : INFO : SwitchController : Found active switch: ('3208-5', <Platform.SmartVirtual>) <switch.s_trough6>
2026-01-19 14:55:25,212 : INFO : EventManager : Event: ======'machine_var_score1_label'====== Args={'value': 'GRAND CHAMPION', 'prev_value': None, 'change': True}
2026-01-19 14:55:25,213 : INFO : EventManager : Event: ======'machine_var_score1_name'====== Args={'value': 'MCA', 'prev_value': None, 'change': True}
2026-01-19 14:55:25,213 : INFO : EventManager : Event: ======'machine_var_score1_value'====== Args={'value': 300000000, 'prev_value': None, 'change': True}
2026-01-19 14:55:25,213 : INFO : EventManager : Event: ======'machine_var_score2_label'====== Args={'value': 'HIGH SCORE 1', 'prev_value': None, 'change': True}
2026-01-19 14:55:25,213 : INFO : EventManager : Event: ======'machine_var_score2_name'====== Args={'value': 'ADR', 'prev_value': None, 'change': True}
2026-01-19 14:55:25,213 : INFO : EventManager : Event: ======'machine_var_score2_value'====== Args={'value': 250000000, 'prev_value': None, 'change': True}
2026-01-19 14:55:25,213 : INFO : EventManager : Event: ======'machine_var_score3_label'====== Args={'value': 'HIGH SCORE 2', 'prev_value': None, 'change': True}
2026-01-19 14:55:25,213 : INFO : EventManager : Event: ======'machine_var_score3_name'====== Args={'value': 'MIK', 'prev_value': None, 'change': True}
2026-01-19 14:55:25,213 : INFO : EventManager : Event: ======'machine_var_score3_value'====== Args={'value': 200000000, 'prev_value': None, 'change': True}
2026-01-19 14:55:25,213 : INFO : EventManager : Event: ======'machine_var_score4_label'====== Args={'value': 'HIGH SCORE 3', 'prev_value': None, 'change': True}
2026-01-19 14:55:25,213 : INFO : EventManager : Event: ======'machine_var_score4_name'====== Args={'value': 'MMM', 'prev_value': None, 'change': True}
2026-01-19 14:55:25,213 : INFO : EventManager : Event: ======'machine_var_score4_value'====== Args={'value': 150000000, 'prev_value': None, 'change': True}
2026-01-19 14:55:25,213 : INFO : EventManager : Event: ======'machine_var_score5_label'====== Args={'value': 'HIGH SCORE 4', 'prev_value': None, 'change': True}
2026-01-19 14:55:25,213 : INFO : EventManager : Event: ======'machine_var_score5_name'====== Args={'value': 'DJH', 'prev_value': None, 'change': True}
2026-01-19 14:55:25,213 : INFO : EventManager : Event: ======'machine_var_score5_value'====== Args={'value': 100000000, 'prev_value': None, 'change': True}
2026-01-19 14:55:25,214 : INFO : EventManager : Event: ======'machine_var_multiball_chcheckitout_score1_label'====== Args={'value': 'CH-CHECK IT OUT MULTIBALL CHAMPION', 'prev_value': None, 'change': True}
2026-01-19 14:55:25,214 : INFO : EventManager : Event: ======'machine_var_multiball_chcheckitout_score1_name'====== Args={'value': 'MCA', 'prev_value': None, 'change': True}
2026-01-19 14:55:25,214 : INFO : EventManager : Event: ======'machine_var_multiball_chcheckitout_score1_value'====== Args={'value': 10000000, 'prev_value': None, 'change': True}
2026-01-19 14:55:25,214 : INFO : EventManager : Event: ======'machine_var_multiball_bodymovin_score1_label'====== Args={'value': "BODY MOVIN' MULTIBALL CHAMPION", 'prev_value': None, 'change': True}
2026-01-19 14:55:25,214 : INFO : EventManager : Event: ======'machine_var_multiball_bodymovin_score1_name'====== Args={'value': 'MIK', 'prev_value': None, 'change': True}
2026-01-19 14:55:25,214 : INFO : EventManager : Event: ======'machine_var_multiball_bodymovin_score1_value'====== Args={'value': 10000000, 'prev_value': None, 'change': True}
2026-01-19 14:55:25,214 : INFO : EventManager : Event: ======'machine_var_mode_fingerlickingood_score1_label'====== Args={'value': "FINGER LICKIN' GOOD CHAMPION", 'prev_value': None, 'change': True}
2026-01-19 14:55:25,214 : INFO : EventManager : Event: ======'machine_var_mode_fingerlickingood_score1_name'====== Args={'value': 'DJH', 'prev_value': None, 'change': True}
2026-01-19 14:55:25,214 : INFO : EventManager : Event: ======'machine_var_mode_fingerlickingood_score1_value'====== Args={'value': 5000000, 'prev_value': None, 'change': True}
2026-01-19 14:55:25,214 : INFO : EventManager : Event: ======'machine_var_mode_highplainsdrifter_score1_label'====== Args={'value': 'HIGH PLAINS DRIFTER CHAMPION', 'prev_value': None, 'change': True}
2026-01-19 14:55:25,214 : INFO : EventManager : Event: ======'machine_var_mode_highplainsdrifter_score1_name'====== Args={'value': 'SLDZZ', 'prev_value': None, 'change': True}
2026-01-19 14:55:25,214 : INFO : EventManager : Event: ======'machine_var_mode_highplainsdrifter_score1_value'====== Args={'value': 13500000, 'prev_value': None, 'change': True}
2026-01-19 14:55:25,214 : INFO : EventManager : Event: ======'machine_var_mode_intergalactic_score1_label'====== Args={'value': 'INTERGALACTIC CHAMPION', 'prev_value': None, 'change': True}
2026-01-19 14:55:25,214 : INFO : EventManager : Event: ======'machine_var_mode_intergalactic_score1_name'====== Args={'value': 'MIK', 'prev_value': None, 'change': True}
2026-01-19 14:55:25,214 : INFO : EventManager : Event: ======'machine_var_mode_intergalactic_score1_value'====== Args={'value': 5000000, 'prev_value': None, 'change': True}
2026-01-19 14:55:25,214 : INFO : EventManager : Event: ======'machine_var_mode_paulrevere_score1_label'====== Args={'value': 'PAUL REVERE CHAMPION', 'prev_value': None, 'change': True}
2026-01-19 14:55:25,214 : INFO : EventManager : Event: ======'machine_var_mode_paulrevere_score1_name'====== Args={'value': 'AAA', 'prev_value': None, 'change': True}
2026-01-19 14:55:25,214 : INFO : EventManager : Event: ======'machine_var_mode_paulrevere_score1_value'====== Args={'value': 26000000, 'prev_value': None, 'change': True}
2026-01-19 14:55:25,215 : INFO : EventManager : Event: ======'machine_var_mode_sabotage_score1_label'====== Args={'value': 'SABOTAGE CHAMPION', 'prev_value': None, 'change': True}
2026-01-19 14:55:25,215 : INFO : EventManager : Event: ======'machine_var_mode_sabotage_score1_name'====== Args={'value': 'MIK', 'prev_value': None, 'change': True}
2026-01-19 14:55:25,215 : INFO : EventManager : Event: ======'machine_var_mode_sabotage_score1_value'====== Args={'value': 5000000, 'prev_value': None, 'change': True}
2026-01-19 14:55:25,215 : INFO : EventManager : Event: ======'machine_var_mode_threemcsand1dj_score1_label'====== Args={'value': "3 MC'S AND 1 DJ CHAMPION", 'prev_value': None, 'change': True}
2026-01-19 14:55:25,215 : INFO : EventManager : Event: ======'machine_var_mode_threemcsand1dj_score1_name'====== Args={'value': 'MMM', 'prev_value': None, 'change': True}
2026-01-19 14:55:25,215 : INFO : EventManager : Event: ======'machine_var_mode_threemcsand1dj_score1_value'====== Args={'value': 5000000, 'prev_value': None, 'change': True}
2026-01-19 14:55:25,215 : INFO : EventManager : Event: ======'machine_var_mode_toomanyrappers_score1_label'====== Args={'value': 'TOO MANY RAPPERS CHAMPION', 'prev_value': None, 'change': True}
2026-01-19 14:55:25,215 : INFO : EventManager : Event: ======'machine_var_mode_toomanyrappers_score1_name'====== Args={'value': 'SLD', 'prev_value': None, 'change': True}
2026-01-19 14:55:25,215 : INFO : EventManager : Event: ======'machine_var_mode_toomanyrappers_score1_value'====== Args={'value': 40800000, 'prev_value': None, 'change': True}
2026-01-19 14:55:25,215 : INFO : EventManager : Event: ======'machine_var_mode_tripletrouble_score1_label'====== Args={'value': 'TRIPLE TROUBLE CHAMPION', 'prev_value': None, 'change': True}
2026-01-19 14:55:25,215 : INFO : EventManager : Event: ======'machine_var_mode_tripletrouble_score1_name'====== Args={'value': 'MCA', 'prev_value': None, 'change': True}
2026-01-19 14:55:25,215 : INFO : EventManager : Event: ======'machine_var_mode_tripletrouble_score1_value'====== Args={'value': 5000000, 'prev_value': None, 'change': True}
2026-01-19 14:55:25,215 : INFO : EventManager : Event: ======'machine_var_mode_makesomenoise_score1_label'====== Args={'value': 'MAKE SOME NOISE CHAMPION', 'prev_value': None, 'change': True}
2026-01-19 14:55:25,215 : INFO : EventManager : Event: ======'machine_var_mode_makesomenoise_score1_name'====== Args={'value': 'MIK', 'prev_value': None, 'change': True}
2026-01-19 14:55:25,215 : INFO : EventManager : Event: ======'machine_var_mode_makesomenoise_score1_value'====== Args={'value': 5000000, 'prev_value': None, 'change': True}
2026-01-19 14:55:25,216 : INFO : EventManager : Event: ======'bcp_connection_attempt'====== Args={'name': 'local_display', 'host': 'localhost', 'port': 5050}
2026-01-19 14:55:25,218 : INFO : BCPClientSocket : Connecting BCP to 'local_display' at localhost:5050...
2026-01-19 14:55:29,928 : INFO : BCPClientSocket : Connected BCP to 'local_display' localhost:5050
2026-01-19 14:55:29,929 : INFO : EventManager : Event: ======'bcp_clients_connected'====== Args={}
2026-01-19 14:55:29,929 : INFO : ball_device.bd_trough : BCH: Initial count: 6
2026-01-19 14:55:29,930 : INFO : ball_device.bd_trough : State: idle
2026-01-19 14:55:29,930 : INFO : ball_device.bd_plunger : BCH: Initial count: 0
2026-01-19 14:55:29,930 : INFO : ball_device.bd_plunger : State: idle
2026-01-19 14:55:29,931 : INFO : ball_device.bd_scoop : BCH: Initial count: 0
2026-01-19 14:55:29,931 : INFO : ball_device.bd_scoop : State: idle
2026-01-19 14:55:29,973 : INFO : EventManager : Event: ======'init_phase_3'====== Args={}
2026-01-19 14:55:30,021 : INFO : EventManager : Event: ======'init_phase_4'====== Args={}
2026-01-19 14:55:30,022 : INFO : BallController : Initial balls found: 6
2026-01-19 14:55:30,024 : INFO : EventManager : Event: ======'machine_var_audits_events_game_ended'====== Args={'value': 71, 'prev_value': None, 'change': True}
2026-01-19 14:55:30,024 : INFO : EventManager : Event: ======'machine_var_audits_events_game_started'====== Args={'value': 938, 'prev_value': None, 'change': True}
2026-01-19 14:55:30,024 : INFO : EventManager : Event: ======'machine_var_audits_missing_switches_s_captive_ball'====== Args={'value': 12, 'prev_value': None, 'change': True}
2026-01-19 14:55:30,024 : INFO : EventManager : Event: ======'machine_var_audits_missing_switches_s_center_upper_pop'====== Args={'value': 79, 'prev_value': None, 'change': True}
2026-01-19 14:55:30,024 : INFO : EventManager : Event: ======'machine_var_audits_missing_switches_s_inner_orbit'====== Args={'value': 11, 'prev_value': None, 'change': True}
2026-01-19 14:55:30,024 : INFO : EventManager : Event: ======'machine_var_audits_missing_switches_s_left_flipper'====== Args={'value': 1, 'prev_value': None, 'change': True}
2026-01-19 14:55:30,024 : INFO : EventManager : Event: ======'machine_var_audits_missing_switches_s_left_inlane'====== Args={'value': 18, 'prev_value': None, 'change': True}
2026-01-19 14:55:30,024 : INFO : EventManager : Event: ======'machine_var_audits_missing_switches_s_left_orbit'====== Args={'value': 1, 'prev_value': None, 'change': True}
2026-01-19 14:55:30,024 : INFO : EventManager : Event: ======'machine_var_audits_missing_switches_s_left_outlane'====== Args={'value': 104, 'prev_value': None, 'change': True}
2026-01-19 14:55:30,024 : INFO : EventManager : Event: ======'machine_var_audits_missing_switches_s_left_ramp'====== Args={'value': 2, 'prev_value': None, 'change': True}
2026-01-19 14:55:30,024 : INFO : EventManager : Event: ======'machine_var_audits_missing_switches_s_left_slingshot'====== Args={'value': 176, 'prev_value': None, 'change': True}
2026-01-19 14:55:30,024 : INFO : EventManager : Event: ======'machine_var_audits_missing_switches_s_left_upper_pop'====== Args={'value': 79, 'prev_value': None, 'change': True}
2026-01-19 14:55:30,024 : INFO : EventManager : Event: ======'machine_var_audits_missing_switches_s_pop_standup'====== Args={'value': 29, 'prev_value': None, 'change': True}
2026-01-19 14:55:30,025 : INFO : EventManager : Event: ======'machine_var_audits_missing_switches_s_right_flipper'====== Args={'value': 1, 'prev_value': None, 'change': True}
2026-01-19 14:55:30,025 : INFO : EventManager : Event: ======'machine_var_audits_missing_switches_s_right_inlane'====== Args={'value': 104, 'prev_value': None, 'change': True}
2026-01-19 14:55:30,025 : INFO : EventManager : Event: ======'machine_var_audits_missing_switches_s_right_lower_pop'====== Args={'value': 1, 'prev_value': None, 'change': True}
2026-01-19 14:55:30,025 : INFO : EventManager : Event: ======'machine_var_audits_missing_switches_s_right_orbit'====== Args={'value': 1, 'prev_value': None, 'change': True}
2026-01-19 14:55:30,025 : INFO : EventManager : Event: ======'machine_var_audits_missing_switches_s_right_outlane'====== Args={'value': 248, 'prev_value': None, 'change': True}
2026-01-19 14:55:30,025 : INFO : EventManager : Event: ======'machine_var_audits_missing_switches_s_right_ramp'====== Args={'value': 1, 'prev_value': None, 'change': True}
2026-01-19 14:55:30,025 : INFO : EventManager : Event: ======'machine_var_audits_missing_switches_s_right_slingshot'====== Args={'value': 714, 'prev_value': None, 'change': True}
2026-01-19 14:55:30,025 : INFO : EventManager : Event: ======'machine_var_audits_missing_switches_s_scoop'====== Args={'value': 1, 'prev_value': None, 'change': True}
2026-01-19 14:55:30,025 : INFO : EventManager : Event: ======'machine_var_audits_missing_switches_s_service_down'====== Args={'value': 583, 'prev_value': None, 'change': True}
2026-01-19 14:55:30,025 : INFO : EventManager : Event: ======'machine_var_audits_missing_switches_s_service_esc'====== Args={'value': 583, 'prev_value': None, 'change': True}
2026-01-19 14:55:30,025 : INFO : EventManager : Event: ======'machine_var_audits_missing_switches_s_service_up'====== Args={'value': 151, 'prev_value': None, 'change': True}
2026-01-19 14:55:30,025 : INFO : EventManager : Event: ======'machine_var_audits_missing_switches_s_spinner'====== Args={'value': 16, 'prev_value': None, 'change': True}
2026-01-19 14:55:30,025 : INFO : EventManager : Event: ======'machine_var_audits_missing_switches_s_three_bank_bottom'====== Args={'value': 11, 'prev_value': None, 'change': True}
2026-01-19 14:55:30,025 : INFO : EventManager : Event: ======'machine_var_audits_missing_switches_s_three_bank_middle'====== Args={'value': 11, 'prev_value': None, 'change': True}
2026-01-19 14:55:30,025 : INFO : EventManager : Event: ======'machine_var_audits_missing_switches_s_three_bank_standup'====== Args={'value': 11, 'prev_value': None, 'change': True}
2026-01-19 14:55:30,025 : INFO : EventManager : Event: ======'machine_var_audits_missing_switches_s_three_bank_top'====== Args={'value': 1, 'prev_value': None, 'change': True}
2026-01-19 14:55:30,025 : INFO : EventManager : Event: ======'machine_var_audits_missing_switches_s_tilt_bob'====== Args={'value': 26, 'prev_value': None, 'change': True}
2026-01-19 14:55:30,026 : INFO : EventManager : Event: ======'machine_var_audits_missing_switches_s_top_right_flipper'====== Args={'value': 864, 'prev_value': None, 'change': True}
2026-01-19 14:55:30,026 : INFO : EventManager : Event: ======'machine_var_audits_missing_switches_s_trough1'====== Args={'value': 1, 'prev_value': None, 'change': True}
2026-01-19 14:55:30,026 : INFO : EventManager : Event: ======'machine_var_audits_missing_switches_s_trough2'====== Args={'value': 11, 'prev_value': None, 'change': True}
2026-01-19 14:55:30,026 : INFO : EventManager : Event: ======'machine_var_audits_missing_switches_s_trough3'====== Args={'value': 11, 'prev_value': None, 'change': True}
2026-01-19 14:55:30,026 : INFO : EventManager : Event: ======'machine_var_audits_missing_switches_s_trough4'====== Args={'value': 96, 'prev_value': None, 'change': True}
2026-01-19 14:55:30,026 : INFO : EventManager : Event: ======'machine_var_audits_missing_switches_s_trough5'====== Args={'value': 181, 'prev_value': None, 'change': True}
2026-01-19 14:55:30,026 : INFO : EventManager : Event: ======'machine_var_audits_missing_switches_s_trough6'====== Args={'value': 713, 'prev_value': None, 'change': True}
2026-01-19 14:55:30,026 : INFO : EventManager : Event: ======'machine_var_audits_missing_switches_s_trough_jam'====== Args={'value': 864, 'prev_value': None, 'change': True}
2026-01-19 14:55:30,026 : INFO : EventManager : Event: ======'machine_var_audits_missing_switches_s_tshirt_bottom_standup'====== Args={'value': 2, 'prev_value': None, 'change': True}
2026-01-19 14:55:30,026 : INFO : EventManager : Event: ======'machine_var_audits_missing_switches_s_tshirt_top_standup'====== Args={'value': 2, 'prev_value': None, 'change': True}
2026-01-19 14:55:30,026 : INFO : EventManager : Event: ======'machine_var_audits_missing_switches_s_upper_pop_standup'====== Args={'value': 132, 'prev_value': None, 'change': True}
2026-01-19 14:55:30,026 : INFO : EventManager : Event: ======'machine_var_audits_missing_switches_service_esc'====== Args={'value': 1, 'prev_value': None, 'change': True}
2026-01-19 14:55:30,026 : INFO : EventManager : Event: ======'machine_var_audits_player_score'====== Args={'value': {'average': 12398814, 'top': [179589170, 147275560, 142237180, 85092890, 47395830, 38155360, 33548870, 32035610, 27846870, 25030460], 'total': 75}, 'prev_value': None, 'change': True}
2026-01-19 14:55:30,026 : INFO : EventManager : Event: ======'machine_var_audits_shots_bottom_drop'====== Args={'value': 174, 'prev_value': None, 'change': True}
2026-01-19 14:55:30,026 : INFO : EventManager : Event: ======'machine_var_audits_shots_captive_ball'====== Args={'value': 96, 'prev_value': None, 'change': True}
2026-01-19 14:55:30,026 : INFO : EventManager : Event: ======'machine_var_audits_shots_inner_loop'====== Args={'value': 85, 'prev_value': None, 'change': True}
2026-01-19 14:55:30,026 : INFO : EventManager : Event: ======'machine_var_audits_shots_inner_loop_backdoor'====== Args={'value': 1, 'prev_value': None, 'change': True}
2026-01-19 14:55:30,026 : INFO : EventManager : Event: ======'machine_var_audits_shots_left_inlane'====== Args={'value': 44, 'prev_value': None, 'change': True}
2026-01-19 14:55:30,027 : INFO : EventManager : Event: ======'machine_var_audits_shots_left_orbit'====== Args={'value': 164, 'prev_value': None, 'change': True}
2026-01-19 14:55:30,027 : INFO : EventManager : Event: ======'machine_var_audits_shots_left_orbit_backdoor'====== Args={'value': 11, 'prev_value': None, 'change': True}
2026-01-19 14:55:30,027 : INFO : EventManager : Event: ======'machine_var_audits_shots_left_outlane'====== Args={'value': 31, 'prev_value': None, 'change': True}
2026-01-19 14:55:30,027 : INFO : EventManager : Event: ======'machine_var_audits_shots_left_ramp'====== Args={'value': 481, 'prev_value': None, 'change': True}
2026-01-19 14:55:30,027 : INFO : EventManager : Event: ======'machine_var_audits_shots_middle_drop'====== Args={'value': 195, 'prev_value': None, 'change': True}
2026-01-19 14:55:30,027 : INFO : EventManager : Event: ======'machine_var_audits_shots_pop1'====== Args={'value': 38, 'prev_value': None, 'change': True}
2026-01-19 14:55:30,027 : INFO : EventManager : Event: ======'machine_var_audits_shots_pop2'====== Args={'value': 77, 'prev_value': None, 'change': True}
2026-01-19 14:55:30,027 : INFO : EventManager : Event: ======'machine_var_audits_shots_pop3'====== Args={'value': 1124, 'prev_value': None, 'change': True}
2026-01-19 14:55:30,027 : INFO : EventManager : Event: ======'machine_var_audits_shots_pop_standup'====== Args={'value': 491, 'prev_value': None, 'change': True}
2026-01-19 14:55:30,027 : INFO : EventManager : Event: ======'machine_var_audits_shots_right_inlane'====== Args={'value': 36, 'prev_value': None, 'change': True}
2026-01-19 14:55:30,027 : INFO : EventManager : Event: ======'machine_var_audits_shots_right_orbit'====== Args={'value': 175, 'prev_value': None, 'change': True}
2026-01-19 14:55:30,028 : INFO : EventManager : Event: ======'machine_var_audits_shots_right_orbit_backdoor'====== Args={'value': 6, 'prev_value': None, 'change': True}
2026-01-19 14:55:30,028 : INFO : EventManager : Event: ======'machine_var_audits_shots_right_outlane'====== Args={'value': 22, 'prev_value': None, 'change': True}
2026-01-19 14:55:30,028 : INFO : EventManager : Event: ======'machine_var_audits_shots_right_ramp'====== Args={'value': 773, 'prev_value': None, 'change': True}
2026-01-19 14:55:30,028 : INFO : EventManager : Event: ======'machine_var_audits_shots_scoop'====== Args={'value': 665, 'prev_value': None, 'change': True}
2026-01-19 14:55:30,028 : INFO : EventManager : Event: ======'machine_var_audits_shots_skill_captive'====== Args={'value': 16, 'prev_value': None, 'change': True}
2026-01-19 14:55:30,028 : INFO : EventManager : Event: ======'machine_var_audits_shots_skill_drop_targets'====== Args={'value': 240, 'prev_value': None, 'change': True}
2026-01-19 14:55:30,028 : INFO : EventManager : Event: ======'machine_var_audits_shots_skill_side_targets'====== Args={'value': 27, 'prev_value': None, 'change': True}
2026-01-19 14:55:30,028 : INFO : EventManager : Event: ======'machine_var_audits_shots_skillshot_drop_targets'====== Args={'value': 517, 'prev_value': None, 'change': True}
2026-01-19 14:55:30,028 : INFO : EventManager : Event: ======'machine_var_audits_shots_skillshot_hideout_plunge'====== Args={'value': 1, 'prev_value': None, 'change': True}
2026-01-19 14:55:30,028 : INFO : EventManager : Event: ======'machine_var_audits_shots_skillshot_left_outlane'====== Args={'value': 3, 'prev_value': None, 'change': True}
2026-01-19 14:55:30,028 : INFO : EventManager : Event: ======'machine_var_audits_shots_skillshot_lower_pop'====== Args={'value': 1, 'prev_value': None, 'change': True}
2026-01-19 14:55:30,028 : INFO : EventManager : Event: ======'machine_var_audits_shots_skillshot_side_targets'====== Args={'value': 11, 'prev_value': None, 'change': True}
2026-01-19 14:55:30,028 : INFO : EventManager : Event: ======'machine_var_audits_shots_skillshot_super'====== Args={'value': 5, 'prev_value': None, 'change': True}
2026-01-19 14:55:30,028 : INFO : EventManager : Event: ======'machine_var_audits_shots_spinner'====== Args={'value': 2333, 'prev_value': None, 'change': True}
2026-01-19 14:55:30,028 : INFO : EventManager : Event: ======'machine_var_audits_shots_three_bank_standup'====== Args={'value': 88, 'prev_value': None, 'change': True}
2026-01-19 14:55:30,028 : INFO : EventManager : Event: ======'machine_var_audits_shots_toomanyrappers_captiveball'====== Args={'value': 3, 'prev_value': None, 'change': True}
2026-01-19 14:55:30,028 : INFO : EventManager : Event: ======'machine_var_audits_shots_toomanyrappers_leftorbit'====== Args={'value': 8, 'prev_value': None, 'change': True}
2026-01-19 14:55:30,029 : INFO : EventManager : Event: ======'machine_var_audits_shots_toomanyrappers_leftramp'====== Args={'value': 2, 'prev_value': None, 'change': True}
2026-01-19 14:55:30,029 : INFO : EventManager : Event: ======'machine_var_audits_shots_toomanyrappers_rightorbit'====== Args={'value': 33, 'prev_value': None, 'change': True}
2026-01-19 14:55:30,029 : INFO : EventManager : Event: ======'machine_var_audits_shots_toomanyrappers_rightramp'====== Args={'value': 72, 'prev_value': None, 'change': True}
2026-01-19 14:55:30,029 : INFO : EventManager : Event: ======'machine_var_audits_shots_toomanyrappers_scoop'====== Args={'value': 22, 'prev_value': None, 'change': True}
2026-01-19 14:55:30,029 : INFO : EventManager : Event: ======'machine_var_audits_shots_top_drop'====== Args={'value': 573, 'prev_value': None, 'change': True}
2026-01-19 14:55:30,029 : INFO : EventManager : Event: ======'machine_var_audits_shots_tshirt_bottom_standup'====== Args={'value': 118, 'prev_value': None, 'change': True}
2026-01-19 14:55:30,029 : INFO : EventManager : Event: ======'machine_var_audits_shots_tshirt_top_standup'====== Args={'value': 123, 'prev_value': None, 'change': True}
2026-01-19 14:55:30,029 : INFO : EventManager : Event: ======'machine_var_audits_shots_upper_pop_standup'====== Args={'value': 38, 'prev_value': None, 'change': True}
2026-01-19 14:55:30,029 : INFO : EventManager : Event: ======'machine_var_audits_switches_s_captive_ball'====== Args={'value': 303, 'prev_value': None, 'change': True}
2026-01-19 14:55:30,029 : INFO : EventManager : Event: ======'machine_var_audits_switches_s_center_upper_pop'====== Args={'value': 314, 'prev_value': None, 'change': True}
2026-01-19 14:55:30,029 : INFO : EventManager : Event: ======'machine_var_audits_switches_s_inner_orbit'====== Args={'value': 98, 'prev_value': None, 'change': True}
2026-01-19 14:55:30,029 : INFO : EventManager : Event: ======'machine_var_audits_switches_s_left_flipper'====== Args={'value': 1756, 'prev_value': None, 'change': True}
2026-01-19 14:55:30,029 : INFO : EventManager : Event: ======'machine_var_audits_switches_s_left_inlane'====== Args={'value': 155, 'prev_value': None, 'change': True}
2026-01-19 14:55:30,029 : INFO : EventManager : Event: ======'machine_var_audits_switches_s_left_orbit'====== Args={'value': 367, 'prev_value': None, 'change': True}
2026-01-19 14:55:30,029 : INFO : EventManager : Event: ======'machine_var_audits_switches_s_left_outlane'====== Args={'value': 88, 'prev_value': None, 'change': True}
2026-01-19 14:55:30,029 : INFO : EventManager : Event: ======'machine_var_audits_switches_s_left_ramp'====== Args={'value': 621, 'prev_value': None, 'change': True}
2026-01-19 14:55:30,030 : INFO : EventManager : Event: ======'machine_var_audits_switches_s_left_slingshot'====== Args={'value': 260, 'prev_value': None, 'change': True}
2026-01-19 14:55:30,030 : INFO : EventManager : Event: ======'machine_var_audits_switches_s_left_upper_pop'====== Args={'value': 211, 'prev_value': None, 'change': True}
2026-01-19 14:55:30,030 : INFO : EventManager : Event: ======'machine_var_audits_switches_s_plunger'====== Args={'value': 2069, 'prev_value': None, 'change': True}
2026-01-19 14:55:30,030 : INFO : EventManager : Event: ======'machine_var_audits_switches_s_pop_standup'====== Args={'value': 615, 'prev_value': None, 'change': True}
2026-01-19 14:55:30,030 : INFO : EventManager : Event: ======'machine_var_audits_switches_s_right_flipper'====== Args={'value': 2641, 'prev_value': None, 'change': True}
2026-01-19 14:55:30,030 : INFO : EventManager : Event: ======'machine_var_audits_switches_s_right_inlane'====== Args={'value': 144, 'prev_value': None, 'change': True}
2026-01-19 14:55:30,030 : INFO : EventManager : Event: ======'machine_var_audits_switches_s_right_lower_pop'====== Args={'value': 1907, 'prev_value': None, 'change': True}
2026-01-19 14:55:30,030 : INFO : EventManager : Event: ======'machine_var_audits_switches_s_right_orbit'====== Args={'value': 460, 'prev_value': None, 'change': True}
2026-01-19 14:55:30,030 : INFO : EventManager : Event: ======'machine_var_audits_switches_s_right_outlane'====== Args={'value': 75, 'prev_value': None, 'change': True}
2026-01-19 14:55:30,030 : INFO : EventManager : Event: ======'machine_var_audits_switches_s_right_ramp'====== Args={'value': 943, 'prev_value': None, 'change': True}
2026-01-19 14:55:30,030 : INFO : EventManager : Event: ======'machine_var_audits_switches_s_right_slingshot'====== Args={'value': 366, 'prev_value': None, 'change': True}
2026-01-19 14:55:30,030 : INFO : EventManager : Event: ======'machine_var_audits_switches_s_scoop'====== Args={'value': 1010, 'prev_value': None, 'change': True}
2026-01-19 14:55:30,030 : INFO : EventManager : Event: ======'machine_var_audits_switches_s_service_down'====== Args={'value': 0, 'prev_value': None, 'change': True}
2026-01-19 14:55:30,030 : INFO : EventManager : Event: ======'machine_var_audits_switches_s_service_enter'====== Args={'value': 6, 'prev_value': None, 'change': True}
2026-01-19 14:55:30,030 : INFO : EventManager : Event: ======'machine_var_audits_switches_s_service_esc'====== Args={'value': 0, 'prev_value': None, 'change': True}
2026-01-19 14:55:30,030 : INFO : EventManager : Event: ======'machine_var_audits_switches_s_service_up'====== Args={'value': 3, 'prev_value': None, 'change': True}
2026-01-19 14:55:30,030 : INFO : EventManager : Event: ======'machine_var_audits_switches_s_spinner'====== Args={'value': 4393, 'prev_value': None, 'change': True}
2026-01-19 14:55:30,030 : INFO : EventManager : Event: ======'machine_var_audits_switches_s_start'====== Args={'value': 107, 'prev_value': None, 'change': True}
2026-01-19 14:55:30,031 : INFO : EventManager : Event: ======'machine_var_audits_switches_s_three_bank_bottom'====== Args={'value': 668, 'prev_value': None, 'change': True}
2026-01-19 14:55:30,035 : INFO : EventManager : Event: ======'machine_var_audits_switches_s_three_bank_middle'====== Args={'value': 730, 'prev_value': None, 'change': True}
2026-01-19 14:55:30,035 : INFO : EventManager : Event: ======'machine_var_audits_switches_s_three_bank_standup'====== Args={'value': 330, 'prev_value': None, 'change': True}
2026-01-19 14:55:30,035 : INFO : EventManager : Event: ======'machine_var_audits_switches_s_three_bank_top'====== Args={'value': 1112, 'prev_value': None, 'change': True}
2026-01-19 14:55:30,035 : INFO : EventManager : Event: ======'machine_var_audits_switches_s_tilt_bob'====== Args={'value': 62, 'prev_value': None, 'change': True}
2026-01-19 14:55:30,036 : INFO : EventManager : Event: ======'machine_var_audits_switches_s_top_right_flipper'====== Args={'value': 1294, 'prev_value': None, 'change': True}
2026-01-19 14:55:30,036 : INFO : EventManager : Event: ======'machine_var_audits_switches_s_trough1'====== Args={'value': 557, 'prev_value': None, 'change': True}
2026-01-19 14:55:30,036 : INFO : EventManager : Event: ======'machine_var_audits_switches_s_trough2'====== Args={'value': 380, 'prev_value': None, 'change': True}
2026-01-19 14:55:30,036 : INFO : EventManager : Event: ======'machine_var_audits_switches_s_trough3'====== Args={'value': 304, 'prev_value': None, 'change': True}
2026-01-19 14:55:30,036 : INFO : EventManager : Event: ======'machine_var_audits_switches_s_trough4'====== Args={'value': 189, 'prev_value': None, 'change': True}
2026-01-19 14:55:30,036 : INFO : EventManager : Event: ======'machine_var_audits_switches_s_trough5'====== Args={'value': 162, 'prev_value': None, 'change': True}
2026-01-19 14:55:30,036 : INFO : EventManager : Event: ======'machine_var_audits_switches_s_trough6'====== Args={'value': 161, 'prev_value': None, 'change': True}
2026-01-19 14:55:30,036 : INFO : EventManager : Event: ======'machine_var_audits_switches_s_trough_jam'====== Args={'value': 206, 'prev_value': None, 'change': True}
2026-01-19 14:55:30,036 : INFO : EventManager : Event: ======'machine_var_audits_switches_s_tshirt_bottom_standup'====== Args={'value': 170, 'prev_value': None, 'change': True}
2026-01-19 14:55:30,036 : INFO : EventManager : Event: ======'machine_var_audits_switches_s_tshirt_top_standup'====== Args={'value': 204, 'prev_value': None, 'change': True}
2026-01-19 14:55:30,036 : INFO : EventManager : Event: ======'machine_var_audits_switches_s_upper_pop_standup'====== Args={'value': 212, 'prev_value': None, 'change': True}
2026-01-19 14:55:30,036 : INFO : EventManager : Event: ======'machine_var_audits_switches_service_down'====== Args={'value': 1, 'prev_value': None, 'change': True}
2026-01-19 14:55:30,037 : INFO : EventManager : Event: ======'machine_var_audits_switches_service_enter'====== Args={'value': 2, 'prev_value': None, 'change': True}
2026-01-19 14:55:30,037 : INFO : EventManager : Event: ======'machine_var_audits_switches_service_esc'====== Args={'value': 0, 'prev_value': None, 'change': True}
2026-01-19 14:55:30,037 : INFO : EventManager : Event: ======'machine_var_audits_switches_service_up'====== Args={'value': 2, 'prev_value': None, 'change': True}
2026-01-19 14:55:30,037 : INFO : EventManager : Event: ======'init_phase_5'====== Args={}
2026-01-19 14:55:30,038 : INFO : EventManager : Event: ======'init_done'====== Args={}
2026-01-19 14:55:30,039 : INFO : EventManager : Event: ======'machine_reset_phase_1'====== Args={}
2026-01-19 14:55:30,052 : INFO : EventManager : Event: ======'machine_reset_phase_2'====== Args={}
2026-01-19 14:55:30,053 : INFO : EventManager : Event: ======'game_just_played'====== Args={'priority': 0, 'action': 'set_machine', 'int': 0}
2026-01-19 14:55:30,053 : INFO : EventManager : Event: ======'machine_reset_phase_3'====== Args={}
2026-01-19 14:55:30,053 : INFO : drop_target_bank.three_bank : All targets are already up. Will not reset bank.
2026-01-19 14:55:30,053 : INFO : EventManager : Event: ======'reset_complete'====== Args={}
2026-01-19 14:55:30,053 : INFO : EventManager : Event: ======'mode_service_will_start'====== Args={}
2026-01-19 14:55:30,055 : INFO : EventManager : Event: ======'mode_service_starting'====== Args={}
2026-01-19 14:55:30,055 : INFO : EventManager : Event: ======'mode_attract_will_start'====== Args={}
2026-01-19 14:55:30,057 : INFO : Timer.attract_intro_timer : Starting Timer.
2026-01-19 14:55:30,057 : INFO : EventManager : Event: ======'timer_attract_intro_timer_started'====== Args={'ticks': 0, 'ticks_remaining': 16}
2026-01-19 14:55:30,057 : INFO : EventManager : Event: ======'timer_attract_intro_timer_tick'====== Args={'ticks': 0, 'ticks_remaining': 16}
2026-01-19 14:55:30,068 : INFO : EventManager : Event: ======'mode_attract_starting'====== Args={}
2026-01-19 14:55:30,068 : INFO : Mode.service : Started. Priority: 100000
2026-01-19 14:55:30,068 : INFO : EventManager : Event: ======'modes_active_modes_changed'====== Args={}
2026-01-19 14:55:30,068 : INFO : EventManager : Event: ======'mode_service_started'====== Args={}
2026-01-19 14:55:30,069 : INFO : EventManager : Event: ======'logicblock_mca_sequence_updated'====== Args={'value': 0, 'enabled': True}
2026-01-19 14:55:30,069 : INFO : EventManager : Event: ======'logicblock_adr_sequence_updated'====== Args={'value': 0, 'enabled': True}
2026-01-19 14:55:30,069 : INFO : EventManager : Event: ======'logicblock_christmas_sequence_updated'====== Args={'value': 0, 'enabled': True}
2026-01-19 14:55:30,069 : INFO : EventManager : Event: ======'logicblock_mca_sequence_updated'====== Args={'value': 0, 'enabled': True}
2026-01-19 14:55:30,070 : INFO : EventManager : Event: ======'logicblock_adr_sequence_updated'====== Args={'value': 0, 'enabled': True}
2026-01-19 14:55:30,070 : INFO : EventManager : Event: ======'logicblock_christmas_sequence_updated'====== Args={'value': 0, 'enabled': True}
2026-01-19 14:55:30,070 : INFO : Mode.attract : Started. Priority: 10
2026-01-19 14:55:30,070 : INFO : EventManager : Event: ======'modes_active_modes_changed'====== Args={}
2026-01-19 14:55:30,070 : INFO : EventManager : Event: ======'mode_attract_started'====== Args={}
2026-01-19 14:55:30,070 : INFO : EventManager : Event: ======'logicblock_mca_sequence_updated'====== Args={'value': 0, 'enabled': True}
2026-01-19 14:55:30,070 : INFO : EventManager : Event: ======'logicblock_mca_sequence_updated'====== Args={'value': 0, 'enabled': True}
2026-01-19 14:55:30,070 : INFO : EventManager : Event: ======'logicblock_adr_sequence_updated'====== Args={'value': 0, 'enabled': True}
2026-01-19 14:55:30,070 : INFO : EventManager : Event: ======'logicblock_adr_sequence_updated'====== Args={'value': 0, 'enabled': True}
2026-01-19 14:55:30,070 : INFO : EventManager : Event: ======'logicblock_christmas_sequence_updated'====== Args={'value': 0, 'enabled': True}
2026-01-19 14:55:30,071 : INFO : EventManager : Event: ======'logicblock_christmas_sequence_updated'====== Args={'value': 0, 'enabled': True}
2026-01-19 14:55:30,072 : INFO : EventManager : Event: ======'timer_attract_intro_timer_tick'====== Args={'ticks': 0, 'ticks_remaining': 16}
2026-01-19 14:55:30,072 : INFO : EventManager : Event: ======'collecting_balls_complete'====== Args={}
2026-01-19 14:55:30,073 : INFO : EventManager : Event: ======'carousel_item_highlighted'====== Args={'carousel': 'attract', 'direction': None, 'item': 'mpf_logo'}
2026-01-19 14:55:30,076 : INFO : Timer.attract_carousel_timer : Starting Timer.
2026-01-19 14:55:30,076 : INFO : EventManager : Event: ======'timer_attract_carousel_timer_started'====== Args={'ticks': 0, 'ticks_remaining': 5}
2026-01-19 14:55:30,076 : INFO : EventManager : Event: ======'timer_attract_carousel_timer_tick'====== Args={'ticks': 0, 'ticks_remaining': 5}
2026-01-19 14:55:30,080 : INFO : EventManager : Event: ======'slide_loading_created'====== Args={'_from_bcp': True}
2026-01-19 14:55:30,080 : INFO : EventManager : Event: ======'slide__removed'====== Args={'_from_bcp': True}
2026-01-19 14:55:30,080 : INFO : EventManager : Event: ======'slide_loading_active'====== Args={'original_context': '_global', 'original_calling_context': 'init_done', 'priority': 0.0, 'cmd': 'slides_play', '_from_bcp': True}
2026-01-19 14:55:30,081 : INFO : Machine : Starting the main run loop with active modes: [<Mode.service>, <Mode.attract>]
2026-01-19 14:55:30,169 : INFO : EventManager : Event: ======'slide_attract_load_created'====== Args={'_from_bcp': True}
2026-01-19 14:55:30,170 : INFO : EventManager : Event: ======'slide_loading_inactive'====== Args={'is_removing': True, '_from_bcp': True}
2026-01-19 14:55:30,170 : INFO : EventManager : Event: ======'slide_attract_load_active'====== Args={'original_context': 'attract', 'original_calling_context': 'mode_attract_started{machine.game_just_played==0}', 'priority': 10.0, 'cmd': 'slides_play', '_from_bcp': True}
2026-01-19 14:55:30,171 : INFO : EventManager : Event: ======'slide_loading_removed'====== Args={'_from_bcp': True}
2026-01-19 14:55:30,522 : INFO : BcpServer : New client connected.
2026-01-19 14:55:31,083 : INFO : EventManager : Event: ======'timer_attract_intro_timer_tick'====== Args={'ticks': 1, 'ticks_remaining': 15}
2026-01-19 14:55:31,084 : INFO : EventManager : Event: ======'timer_attract_carousel_timer_tick'====== Args={'ticks': 1, 'ticks_remaining': 4}
2026-01-19 14:55:31,633 : INFO : SwitchController : <<<<<<< 's_service_enter' active >>>>>>>
2026-01-19 14:55:31,633 : INFO : EventManager : Event: ======'sw_service_enter_active'====== Args={}
2026-01-19 14:55:31,634 : INFO : service : Entered service mode. Resetting game if running. Resetting hardware interface now.
2026-01-19 14:55:31,634 : INFO : EventManager : Event: ======'mode_attract_will_stop'====== Args={}
2026-01-19 14:55:31,635 : INFO : EventManager : Event: ======'mode_attract_stopping'====== Args={}
2026-01-19 14:55:31,635 : INFO : EventManager : Event: ======'service_mode_entered'====== Args={}
2026-01-19 14:55:31,636 : INFO : EventManager : Event: ======'service_main_menu'====== Args={}
2026-01-19 14:55:31,639 : INFO : Mode.attract : Stopped.
2026-01-19 14:55:31,640 : INFO : EventManager : Event: ======'modes_active_modes_changed'====== Args={}
2026-01-19 14:55:31,641 : INFO : EventManager : Event: ======'mode_attract_stopped'====== Args={}
2026-01-19 14:55:31,641 : INFO : EventManager : Event: ======'clear'====== Args={'key': 'attract'}
2026-01-19 14:55:31,642 : INFO : Timer.attract_carousel_timer : Stopping Timer
2026-01-19 14:55:31,643 : INFO : EventManager : Event: ======'timer_attract_carousel_timer_stopped'====== Args={'ticks': 1, 'ticks_remaining': 4}
2026-01-19 14:55:31,643 : INFO : Timer.adr_attract_video_timer : Stopping Timer
2026-01-19 14:55:31,643 : INFO : EventManager : Event: ======'timer_adr_attract_video_timer_stopped'====== Args={'ticks': 0, 'ticks_remaining': 0}
2026-01-19 14:55:31,643 : INFO : Timer.attract_intro_timer : Stopping Timer
2026-01-19 14:55:31,643 : INFO : EventManager : Event: ======'timer_attract_intro_timer_stopped'====== Args={'ticks': 1, 'ticks_remaining': 15}
2026-01-19 14:55:31,644 : INFO : Timer.christmas_attract_video_timer : Stopping Timer
2026-01-19 14:55:31,644 : INFO : EventManager : Event: ======'timer_christmas_attract_video_timer_stopped'====== Args={'ticks': 0, 'ticks_remaining': 0}
2026-01-19 14:55:31,644 : INFO : Timer.mca_attract_video_timer : Stopping Timer
2026-01-19 14:55:31,644 : INFO : EventManager : Event: ======'timer_mca_attract_video_timer_stopped'====== Args={'ticks': 0, 'ticks_remaining': 0}
2026-01-19 14:55:31,768 : INFO : EventManager : Event: ======'slide_service_created'====== Args={'_from_bcp': True}
2026-01-19 14:55:31,769 : INFO : EventManager : Event: ======'slide_attract_load_inactive'====== Args={'is_removing': True, '_from_bcp': True}
2026-01-19 14:55:31,769 : INFO : EventManager : Event: ======'slide_service_active'====== Args={'original_context': 'service', 'original_calling_context': 'service_mode_entered', 'priority': 100000.0, 'cmd': 'slides_play', '_from_bcp': True}
2026-01-19 14:55:31,781 : INFO : EventManager : Event: ======'slide_attract_load_removed'====== Args={'_from_bcp': True}
2026-01-19 14:55:31,791 : INFO : SwitchController : <<<<<<< 's_service_enter' inactive >>>>>>>
2026-01-19 14:55:35,212 : INFO : SwitchController : <<<<<<< 's_service_enter' active >>>>>>>
2026-01-19 14:55:35,212 : INFO : EventManager : Event: ======'sw_service_enter_active'====== Args={}
2026-01-19 14:55:35,213 : INFO : EventManager : Event: ======'service_button'====== Args={'button': 'ENTER'}
2026-01-19 14:55:35,329 : INFO : SwitchController : <<<<<<< 's_service_enter' inactive >>>>>>>
2026-01-19 14:55:35,911 : INFO : SwitchController : <<<<<<< 's_service_enter' active >>>>>>>
2026-01-19 14:55:35,912 : INFO : EventManager : Event: ======'sw_service_enter_active'====== Args={}
2026-01-19 14:55:35,912 : INFO : EventManager : Event: ======'service_button'====== Args={'button': 'ENTER'}
2026-01-19 14:55:36,046 : INFO : SwitchController : <<<<<<< 's_service_enter' inactive >>>>>>>
2026-01-19 14:55:36,427 : INFO : SwitchController : <<<<<<< 's_service_enter' active >>>>>>>
2026-01-19 14:55:36,427 : INFO : EventManager : Event: ======'sw_service_enter_active'====== Args={}
2026-01-19 14:55:36,428 : INFO : EventManager : Event: ======'service_button'====== Args={'button': 'ENTER'}
2026-01-19 14:55:36,594 : INFO : SwitchController : <<<<<<< 's_service_enter' inactive >>>>>>>
2026-01-19 14:55:36,910 : INFO : SwitchController : <<<<<<< 's_service_enter' active >>>>>>>
2026-01-19 14:55:36,910 : INFO : EventManager : Event: ======'sw_service_enter_active'====== Args={}
2026-01-19 14:55:36,911 : INFO : EventManager : Event: ======'service_button'====== Args={'button': 'ENTER'}
2026-01-19 14:55:37,045 : INFO : SwitchController : <<<<<<< 's_service_enter' inactive >>>>>>>
2026-01-19 14:55:37,211 : INFO : SwitchController : <<<<<<< 's_start' active >>>>>>>
2026-01-19 14:55:37,344 : INFO : SwitchController : <<<<<<< 's_start' inactive >>>>>>>
2026-01-19 14:55:37,344 : INFO : EventManager : Event: ======'sw_start_inactive'====== Args={}
2026-01-19 14:55:37,346 : INFO : EventManager : Event: ======'service_button'====== Args={'button': 'START'}
2026-01-19 14:55:37,377 : INFO : EventManager : Event: ======'service_trigger'====== Args={'action': 'service_exit', '_from_bcp': True}
2026-01-19 14:55:37,379 : INFO : EventManager : Event: ======'service_mode_exited'====== Args={}
2026-01-19 14:55:37,380 : INFO : EventManager : Event: ======'machine_reset_phase_1'====== Args={}
2026-01-19 14:55:37,392 : INFO : EventManager : Event: ======'machine_reset_phase_2'====== Args={}
2026-01-19 14:55:37,393 : INFO : EventManager : Event: ======'game_just_played'====== Args={'priority': 0, 'action': 'set_machine', 'int': 0}
2026-01-19 14:55:37,394 : INFO : EventManager : Event: ======'machine_reset_phase_3'====== Args={}
2026-01-19 14:55:37,394 : INFO : drop_target_bank.three_bank : All targets are already up. Will not reset bank.
2026-01-19 14:55:37,394 : INFO : EventManager : Event: ======'reset_complete'====== Args={}
2026-01-19 14:55:37,395 : INFO : EventManager : Event: ======'mode_attract_will_start'====== Args={}
2026-01-19 14:55:37,397 : INFO : Timer.attract_intro_timer : Starting Timer.
2026-01-19 14:55:37,397 : INFO : EventManager : Event: ======'timer_attract_intro_timer_started'====== Args={'ticks': 0, 'ticks_remaining': 16}
2026-01-19 14:55:37,397 : INFO : EventManager : Event: ======'timer_attract_intro_timer_tick'====== Args={'ticks': 0, 'ticks_remaining': 16}
2026-01-19 14:55:37,407 : INFO : EventManager : Event: ======'mode_attract_starting'====== Args={}
2026-01-19 14:55:37,409 : INFO : EventManager : Event: ======'logicblock_mca_sequence_updated'====== Args={'value': 0, 'enabled': True}
2026-01-19 14:55:37,410 : INFO : EventManager : Event: ======'logicblock_adr_sequence_updated'====== Args={'value': 0, 'enabled': True}
2026-01-19 14:55:37,410 : INFO : EventManager : Event: ======'logicblock_christmas_sequence_updated'====== Args={'value': 0, 'enabled': True}
2026-01-19 14:55:37,410 : INFO : EventManager : Event: ======'logicblock_mca_sequence_updated'====== Args={'value': 0, 'enabled': True}
2026-01-19 14:55:37,411 : INFO : EventManager : Event: ======'logicblock_adr_sequence_updated'====== Args={'value': 0, 'enabled': True}
2026-01-19 14:55:37,411 : INFO : EventManager : Event: ======'logicblock_christmas_sequence_updated'====== Args={'value': 0, 'enabled': True}
2026-01-19 14:55:37,411 : INFO : Mode.attract : Started. Priority: 10
2026-01-19 14:55:37,411 : INFO : EventManager : Event: ======'modes_active_modes_changed'====== Args={}
2026-01-19 14:55:37,411 : INFO : EventManager : Event: ======'mode_attract_started'====== Args={}
2026-01-19 14:55:37,416 : INFO : EventManager : Event: ======'logicblock_mca_sequence_updated'====== Args={'value': 0, 'enabled': True}
2026-01-19 14:55:37,416 : INFO : EventManager : Event: ======'logicblock_mca_sequence_updated'====== Args={'value': 0, 'enabled': True}
2026-01-19 14:55:37,416 : INFO : EventManager : Event: ======'logicblock_adr_sequence_updated'====== Args={'value': 0, 'enabled': True}
2026-01-19 14:55:37,416 : INFO : EventManager : Event: ======'logicblock_adr_sequence_updated'====== Args={'value': 0, 'enabled': True}
2026-01-19 14:55:37,417 : INFO : EventManager : Event: ======'logicblock_christmas_sequence_updated'====== Args={'value': 0, 'enabled': True}
2026-01-19 14:55:37,417 : INFO : EventManager : Event: ======'logicblock_christmas_sequence_updated'====== Args={'value': 0, 'enabled': True}
2026-01-19 14:55:37,419 : INFO : EventManager : Event: ======'timer_attract_intro_timer_tick'====== Args={'ticks': 0, 'ticks_remaining': 16}
2026-01-19 14:55:37,420 : INFO : EventManager : Event: ======'collecting_balls_complete'====== Args={}
2026-01-19 14:55:37,421 : INFO : EventManager : Event: ======'carousel_item_highlighted'====== Args={'carousel': 'attract', 'direction': None, 'item': 'mpf_logo'}
2026-01-19 14:55:37,425 : INFO : Timer.attract_carousel_timer : Starting Timer.
2026-01-19 14:55:37,425 : INFO : EventManager : Event: ======'timer_attract_carousel_timer_started'====== Args={'ticks': 0, 'ticks_remaining': 5}
2026-01-19 14:55:37,425 : INFO : EventManager : Event: ======'timer_attract_carousel_timer_tick'====== Args={'ticks': 0, 'ticks_remaining': 5}
2026-01-19 14:55:37,472 : INFO : EventManager : Event: ======'slide_attract_load_created'====== Args={'_from_bcp': True}
2026-01-19 14:55:37,473 : INFO : EventManager : Event: ======'slide_service_inactive'====== Args={'is_removing': True, '_from_bcp': True}
2026-01-19 14:55:37,474 : INFO : EventManager : Event: ======'slide_attract_load_active'====== Args={'original_context': 'attract', 'original_calling_context': 'mode_attract_started{machine.game_just_played==0}', 'priority': 10.0, 'cmd': 'slides_play', '_from_bcp': True}
2026-01-19 14:55:37,475 : INFO : EventManager : Event: ======'slide_service_removed'====== Args={'_from_bcp': True}
2026-01-19 14:55:38,431 : INFO : EventManager : Event: ======'timer_attract_intro_timer_tick'====== Args={'ticks': 1, 'ticks_remaining': 15}
2026-01-19 14:55:38,431 : INFO : EventManager : Event: ======'timer_attract_carousel_timer_tick'====== Args={'ticks': 1, 'ticks_remaining': 4}
2026-01-19 14:55:39,426 : INFO : EventManager : Event: ======'timer_attract_intro_timer_tick'====== Args={'ticks': 2, 'ticks_remaining': 14}
2026-01-19 14:55:39,427 : INFO : EventManager : Event: ======'timer_attract_carousel_timer_tick'====== Args={'ticks': 2, 'ticks_remaining': 3}
2026-01-19 14:55:39,430 : INFO : Machine : Shutting down...
2026-01-19 14:55:39,430 : INFO : EventManager : Event: ======'shutdown'====== Args={}
2026-01-19 14:55:39,431 : INFO : EventManager : Event: ======'mode_service_will_stop'====== Args={}
2026-01-19 14:55:39,432 : INFO : EventManager : Event: ======'mode_service_stopping'====== Args={}
2026-01-19 14:55:39,433 : INFO : Mode.service : Stopped.
2026-01-19 14:55:39,433 : INFO : EventManager : Event: ======'modes_active_modes_changed'====== Args={}
2026-01-19 14:55:39,433 : INFO : EventManager : Event: ======'mode_service_stopped'====== Args={}
2026-01-19 14:55:39,433 : INFO : EventManager : Event: ======'clear'====== Args={'key': 'service'}
2026-01-19 14:55:39,463 : INFO : root : MPF run loop ended.
