2026-01-19 15:35:34,820 : INFO : root : Loading config.
2026-01-19 15:35:34,826 : INFO : YamlMultifileConfigLoader : Machine config file #1: config.yaml
2026-01-19 15:35:34,827 : INFO : ConfigProcessor : Loading config from cache: C:\Users\sdona\AppData\Local\Temp\3b8fca15c900b8c5017593b227e0c010.mpf_cache
2026-01-19 15:35:34,977 : DEBUG : YamlMultifileConfigLoader : Loading mode attract from c:\venv\mpf\Lib\site-packages\mpf\modes\attract\config\attract.yaml
2026-01-19 15:35:34,978 : DEBUG : YamlMultifileConfigLoader : Loading mode attract from c:\venv\mpf\Lib\site-packages\mpf\modes\attract\config\attract.yaml
2026-01-19 15:35:34,978 : INFO : ConfigProcessor : Loading config from cache: C:\Users\sdona\AppData\Local\Temp\f6660a7d6ef93b3364a89f3863bac82d.mpf_cache
2026-01-19 15:35:34,979 : DEBUG : YamlMultifileConfigLoader : Loading mode game from c:\venv\mpf\Lib\site-packages\mpf\modes\game\config\game.yaml
2026-01-19 15:35:34,980 : INFO : ConfigProcessor : Loading config from cache: C:\Users\sdona\AppData\Local\Temp\63a1edb72ce8f5a08e3b0bd829aa2a0d.mpf_cache
2026-01-19 15:35:34,981 : DEBUG : YamlMultifileConfigLoader : Loading mode base from c:\venv\mpf\Lib\site-packages\mpf\modes\base\config\base.yaml
2026-01-19 15:35:34,981 : INFO : ConfigProcessor : Loading config from cache: C:\Users\sdona\AppData\Local\Temp\c340ec0033d1055cd797ffd5447ef414.mpf_cache
2026-01-19 15:35:34,983 : DEBUG : YamlMultifileConfigLoader : Loading mode attract from c:\venv\mpf\Lib\site-packages\mpf\modes\attract\config\attract.yaml
2026-01-19 15:35:34,984 : DEBUG : YamlMultifileConfigLoader : Loading mode attract from c:\venv\mpf\Lib\site-packages\mpf\modes\attract\config\attract.yaml
2026-01-19 15:35:34,984 : INFO : ConfigProcessor : Loading config from cache: C:\Users\sdona\AppData\Local\Temp\f6660a7d6ef93b3364a89f3863bac82d.mpf_cache
2026-01-19 15:35:34,985 : DEBUG : YamlMultifileConfigLoader : Loading mode skill_shot from c:\venv\mpf\Lib\site-packages\mpf\modes\skill_shot\config\skill_shot.yaml
2026-01-19 15:35:34,986 : INFO : ConfigProcessor : Loading config from cache: C:\Users\sdona\AppData\Local\Temp\8c11a28e3c38d4ad47947b6a126f2ee9.mpf_cache
2026-01-19 15:35:34,987 : DEBUG : YamlMultifileConfigLoader : Loading mode multiball from c:\venv\mpf\Lib\site-packages\mpf\modes\multiball\config\multiball.yaml
2026-01-19 15:35:34,987 : INFO : ConfigProcessor : Loading config from cache: C:\Users\sdona\AppData\Local\Temp\e391083cdc9e667060411fe5838e93f2.mpf_cache
2026-01-19 15:35:34,988 : DEBUG : YamlMultifileConfigLoader : Loading mode carousel from c:\venv\mpf\Lib\site-packages\mpf\modes\carousel\config\carousel.yaml
2026-01-19 15:35:34,988 : INFO : ConfigProcessor : Loading config from cache: C:\Users\sdona\AppData\Local\Temp\f0c219a993d891ee86dcb7eae47dde67.mpf_cache
2026-01-19 15:35:34,989 : DEBUG : YamlMultifileConfigLoader : Loading mode intergalactic from c:\venv\mpf\Lib\site-packages\mpf\modes\intergalactic\config\intergalactic.yaml
2026-01-19 15:35:34,990 : INFO : ConfigProcessor : Loading config from cache: C:\Users\sdona\AppData\Local\Temp\96aa58108928490b129531848cd9b506.mpf_cache
2026-01-19 15:35:34,990 : DEBUG : YamlMultifileConfigLoader : Loading mode paulrevere from c:\venv\mpf\Lib\site-packages\mpf\modes\paulrevere\config\paulrevere.yaml
2026-01-19 15:35:34,991 : INFO : ConfigProcessor : Loading config from cache: C:\Users\sdona\AppData\Local\Temp\567636b9d9766e3361204e954a8382da.mpf_cache
2026-01-19 15:35:34,992 : DEBUG : YamlMultifileConfigLoader : Loading mode service from c:\venv\mpf\Lib\site-packages\mpf\modes\service\config\service.yaml
2026-01-19 15:35:34,992 : DEBUG : YamlMultifileConfigLoader : Loading mode service from c:\venv\mpf\Lib\site-packages\mpf\modes\service\config\service.yaml
2026-01-19 15:35:34,993 : INFO : ConfigProcessor : Loading config from cache: C:\Users\sdona\AppData\Local\Temp\8f47ddcaffd9506a6ab610332e5e93e6.mpf_cache
2026-01-19 15:35:34,995 : DEBUG : YamlMultifileConfigLoader : Loading mode makesomenoise from c:\venv\mpf\Lib\site-packages\mpf\modes\makesomenoise\config\makesomenoise.yaml
2026-01-19 15:35:34,995 : INFO : ConfigProcessor : Loading config from cache: C:\Users\sdona\AppData\Local\Temp\112f935d1c2002cb40d3e6e497be9e7c.mpf_cache
2026-01-19 15:35:34,996 : DEBUG : YamlMultifileConfigLoader : Loading mode tilt from c:\venv\mpf\Lib\site-packages\mpf\modes\tilt\config\tilt.yaml
2026-01-19 15:35:34,996 : DEBUG : YamlMultifileConfigLoader : Loading mode tilt from c:\venv\mpf\Lib\site-packages\mpf\modes\tilt\config\tilt.yaml
2026-01-19 15:35:34,997 : INFO : ConfigProcessor : Loading config from cache: C:\Users\sdona\AppData\Local\Temp\a4c67531f25fc6af6ec97b4ab4b5e0a4.mpf_cache
2026-01-19 15:35:34,998 : DEBUG : YamlMultifileConfigLoader : Loading mode tripletrouble from c:\venv\mpf\Lib\site-packages\mpf\modes\tripletrouble\config\tripletrouble.yaml
2026-01-19 15:35:34,999 : INFO : ConfigProcessor : Loading config from cache: C:\Users\sdona\AppData\Local\Temp\de8ed6c6d4c48d1b5b054ff74222cb35.mpf_cache
2026-01-19 15:35:35,000 : DEBUG : YamlMultifileConfigLoader : Loading mode bonus from c:\venv\mpf\Lib\site-packages\mpf\modes\bonus\config\bonus.yaml
2026-01-19 15:35:35,000 : DEBUG : YamlMultifileConfigLoader : Loading mode bonus from c:\venv\mpf\Lib\site-packages\mpf\modes\bonus\config\bonus.yaml
2026-01-19 15:35:35,001 : INFO : ConfigProcessor : Loading config from cache: C:\Users\sdona\AppData\Local\Temp\0511702d1aff7294933b3415dcc6bcd8.mpf_cache
2026-01-19 15:35:35,002 : DEBUG : YamlMultifileConfigLoader : Loading mode combos from c:\venv\mpf\Lib\site-packages\mpf\modes\combos\config\combos.yaml
2026-01-19 15:35:35,003 : INFO : ConfigProcessor : Loading config from cache: C:\Users\sdona\AppData\Local\Temp\3eebd8fc985a6907aa555c0256177d6c.mpf_cache
2026-01-19 15:35:35,005 : DEBUG : YamlMultifileConfigLoader : Loading mode batterycharger from c:\venv\mpf\Lib\site-packages\mpf\modes\batterycharger\config\batterycharger.yaml
2026-01-19 15:35:35,006 : INFO : ConfigProcessor : Loading config from cache: C:\Users\sdona\AppData\Local\Temp\7f047f20ee2604e573d0056474eb225c.mpf_cache
2026-01-19 15:35:35,007 : DEBUG : YamlMultifileConfigLoader : Loading mode sabotage from c:\venv\mpf\Lib\site-packages\mpf\modes\sabotage\config\sabotage.yaml
2026-01-19 15:35:35,008 : INFO : ConfigProcessor : Loading config from cache: C:\Users\sdona\AppData\Local\Temp\7cbf965458447bfe6339fd0c6d804285.mpf_cache
2026-01-19 15:35:35,009 : DEBUG : YamlMultifileConfigLoader : Loading mode fingerlickingood from c:\venv\mpf\Lib\site-packages\mpf\modes\fingerlickingood\config\fingerlickingood.yaml
2026-01-19 15:35:35,010 : INFO : ConfigProcessor : Loading config from cache: C:\Users\sdona\AppData\Local\Temp\c09cbc2eb967f07064f0c7aeb253df93.mpf_cache
2026-01-19 15:35:35,011 : DEBUG : YamlMultifileConfigLoader : Loading mode toomanyrappers from c:\venv\mpf\Lib\site-packages\mpf\modes\toomanyrappers\config\toomanyrappers.yaml
2026-01-19 15:35:35,012 : INFO : ConfigProcessor : Loading config from cache: C:\Users\sdona\AppData\Local\Temp\3e3e819377c518a390ee259f491dfb06.mpf_cache
2026-01-19 15:35:35,013 : DEBUG : YamlMultifileConfigLoader : Loading mode threemcsand1dj from c:\venv\mpf\Lib\site-packages\mpf\modes\threemcsand1dj\config\threemcsand1dj.yaml
2026-01-19 15:35:35,013 : INFO : ConfigProcessor : Loading config from cache: C:\Users\sdona\AppData\Local\Temp\1bbdf2c973c297bc3add8824c296f9ca.mpf_cache
2026-01-19 15:35:35,014 : DEBUG : YamlMultifileConfigLoader : Loading mode chcheckitout from c:\venv\mpf\Lib\site-packages\mpf\modes\chcheckitout\config\chcheckitout.yaml
2026-01-19 15:35:35,015 : INFO : ConfigProcessor : Loading config from cache: C:\Users\sdona\AppData\Local\Temp\8743abc5a0185ade0d9653d9d4dd60e6.mpf_cache
2026-01-19 15:35:35,016 : DEBUG : YamlMultifileConfigLoader : Loading mode bodymovin from c:\venv\mpf\Lib\site-packages\mpf\modes\bodymovin\config\bodymovin.yaml
2026-01-19 15:35:35,016 : INFO : ConfigProcessor : Loading config from cache: C:\Users\sdona\AppData\Local\Temp\bc1a93e04317e488751dae7b5251780b.mpf_cache
2026-01-19 15:35:35,017 : DEBUG : YamlMultifileConfigLoader : Loading mode highplainsdrifter from c:\venv\mpf\Lib\site-packages\mpf\modes\highplainsdrifter\config\highplainsdrifter.yaml
2026-01-19 15:35:35,018 : INFO : ConfigProcessor : Loading config from cache: C:\Users\sdona\AppData\Local\Temp\8a267c6d1ad3bd205388d8363e4a5749.mpf_cache
2026-01-19 15:35:35,019 : DEBUG : YamlMultifileConfigLoader : Loading mode superpops from c:\venv\mpf\Lib\site-packages\mpf\modes\superpops\config\superpops.yaml
2026-01-19 15:35:35,019 : INFO : ConfigProcessor : Loading config from cache: C:\Users\sdona\AppData\Local\Temp\507fc1d02e2e92e18a6830a59c5dcf80.mpf_cache
2026-01-19 15:35:35,020 : DEBUG : YamlMultifileConfigLoader : Loading mode superdrops from c:\venv\mpf\Lib\site-packages\mpf\modes\superdrops\config\superdrops.yaml
2026-01-19 15:35:35,020 : INFO : ConfigProcessor : Loading config from cache: C:\Users\sdona\AppData\Local\Temp\1d2961d421c758b6953fd569505e4b2d.mpf_cache
2026-01-19 15:35:35,021 : DEBUG : YamlMultifileConfigLoader : Loading mode superspins from c:\venv\mpf\Lib\site-packages\mpf\modes\superspins\config\superspins.yaml
2026-01-19 15:35:35,022 : INFO : ConfigProcessor : Loading config from cache: C:\Users\sdona\AppData\Local\Temp\9e72e5fa0fd05160f49186c6524c14c9.mpf_cache
2026-01-19 15:35:35,023 : DEBUG : YamlMultifileConfigLoader : Loading mode superstandups from c:\venv\mpf\Lib\site-packages\mpf\modes\superstandups\config\superstandups.yaml
2026-01-19 15:35:35,023 : INFO : ConfigProcessor : Loading config from cache: C:\Users\sdona\AppData\Local\Temp\f7ea71975115b23719e8d60bf22b5425.mpf_cache
2026-01-19 15:35:35,024 : DEBUG : YamlMultifileConfigLoader : Loading mode supercombos from c:\venv\mpf\Lib\site-packages\mpf\modes\supercombos\config\supercombos.yaml
2026-01-19 15:35:35,024 : INFO : ConfigProcessor : Loading config from cache: C:\Users\sdona\AppData\Local\Temp\56c9cddbcff0d1410386b266159a0775.mpf_cache
2026-01-19 15:35:35,025 : DEBUG : YamlMultifileConfigLoader : Loading mode girls from c:\venv\mpf\Lib\site-packages\mpf\modes\girls\config\girls.yaml
2026-01-19 15:35:35,026 : INFO : ConfigProcessor : Loading config from cache: C:\Users\sdona\AppData\Local\Temp\6c385f71891889a392ac696568578c7f.mpf_cache
2026-01-19 15:35:35,027 : DEBUG : YamlMultifileConfigLoader : Loading mode highscore from c:\venv\mpf\Lib\site-packages\mpf\modes\highscore\config\highscore.yaml
2026-01-19 15:35:35,028 : INFO : ConfigProcessor : Loading config from cache: C:\Users\sdona\AppData\Local\Temp\8bff58349a5bdf4b88bcb50c5fc898e7.mpf_cache
2026-01-19 15:35:35,029 : INFO : ConfigProcessor : Loading config from cache: C:\Users\sdona\AppData\Local\Temp\e6b55d6a1c06b0dd6369c964181bf8d3.mpf_cache
2026-01-19 15:35:35,031 : INFO : ConfigProcessor : Loading config from cache: C:\Users\sdona\AppData\Local\Temp\c400bf69dd848f9ec4f3356496b25a78.mpf_cache
2026-01-19 15:35:35,032 : INFO : ConfigProcessor : Loading config from cache: C:\Users\sdona\AppData\Local\Temp\b5a54abfbba58cd6005650aabe85cb35.mpf_cache
2026-01-19 15:35:35,032 : INFO : ConfigProcessor : Loading config from cache: C:\Users\sdona\AppData\Local\Temp\b9cf3f1e934d5266c0035de47faec02b.mpf_cache
2026-01-19 15:35:35,033 : INFO : ConfigProcessor : Loading config from cache: C:\Users\sdona\AppData\Local\Temp\67d6cae7afaea6fe987e87f8d3a3ea21.mpf_cache
2026-01-19 15:35:35,034 : INFO : ConfigProcessor : Loading config from cache: C:\Users\sdona\AppData\Local\Temp\e4c5b832148a7d383976fcf70408e8af.mpf_cache
2026-01-19 15:35:35,035 : INFO : ConfigProcessor : Loading config from cache: C:\Users\sdona\AppData\Local\Temp\dce98d0c8129174f78168c3f3b9d3db8.mpf_cache
2026-01-19 15:35:35,035 : INFO : ConfigProcessor : Loading config from cache: C:\Users\sdona\AppData\Local\Temp\141b19e6c0168c485bbb38b6543175a8.mpf_cache
2026-01-19 15:35:35,036 : INFO : ConfigProcessor : Loading config from cache: C:\Users\sdona\AppData\Local\Temp\ada3b5b562837d919d62b9df0d0de8d3.mpf_cache
2026-01-19 15:35:35,038 : INFO : ConfigProcessor : Loading config from cache: C:\Users\sdona\AppData\Local\Temp\4e6dd3b0a361d042ad5ab93a8cc8b437.mpf_cache
2026-01-19 15:35:35,038 : INFO : ConfigProcessor : Loading config from cache: C:\Users\sdona\AppData\Local\Temp\e97c871403fe82070ff249d62d7cfe22.mpf_cache
2026-01-19 15:35:35,039 : INFO : ConfigProcessor : Loading config from cache: C:\Users\sdona\AppData\Local\Temp\64b6da5876f56fc970400d85dfe882ec.mpf_cache
2026-01-19 15:35:35,040 : INFO : ConfigProcessor : Loading config from cache: C:\Users\sdona\AppData\Local\Temp\c5a11fc9367393a964e333a780e846f7.mpf_cache
2026-01-19 15:35:35,041 : INFO : ConfigProcessor : Loading config from cache: C:\Users\sdona\AppData\Local\Temp\2816335dd466496617c9461f091e66f7.mpf_cache
2026-01-19 15:35:35,041 : INFO : ConfigProcessor : Loading config from cache: C:\Users\sdona\AppData\Local\Temp\6359f7257429add2d261e94bcafd60d5.mpf_cache
2026-01-19 15:35:35,042 : INFO : ConfigProcessor : Loading config from cache: C:\Users\sdona\AppData\Local\Temp\e1f034e230342bd5fff9d9c9df707a6d.mpf_cache
2026-01-19 15:35:35,043 : INFO : ConfigProcessor : Loading config from cache: C:\Users\sdona\AppData\Local\Temp\bed2bac5ea254e8ca98f6dd45e865fd8.mpf_cache
2026-01-19 15:35:35,044 : INFO : ConfigProcessor : Loading config from cache: C:\Users\sdona\AppData\Local\Temp\48e8797b77339ec89f8005d20046fbbb.mpf_cache
2026-01-19 15:35:35,045 : INFO : ConfigProcessor : Loading config from cache: C:\Users\sdona\AppData\Local\Temp\b0b8ed4dbd306ac2f063788d81ec6bc4.mpf_cache
2026-01-19 15:35:35,046 : INFO : ConfigProcessor : Loading config from cache: C:\Users\sdona\AppData\Local\Temp\98b42cbd2eba7845afea8d7862634639.mpf_cache
2026-01-19 15:35:35,047 : INFO : ConfigProcessor : Loading config from cache: C:\Users\sdona\AppData\Local\Temp\44893055a228bb5e0381bfc6f9c0abd7.mpf_cache
2026-01-19 15:35:35,048 : INFO : ConfigProcessor : Loading config from cache: C:\Users\sdona\AppData\Local\Temp\2042660f443afc84f0703d0905ba54ee.mpf_cache
2026-01-19 15:35:35,048 : INFO : ConfigProcessor : Loading config from cache: C:\Users\sdona\AppData\Local\Temp\dd7647dd44793170b37285bb75f4ccd8.mpf_cache
2026-01-19 15:35:35,049 : INFO : ConfigProcessor : Loading config from cache: C:\Users\sdona\AppData\Local\Temp\e2d7f53c0c71e4d0bd9bdd0119e59cc4.mpf_cache
2026-01-19 15:35:35,050 : INFO : ConfigProcessor : Loading config from cache: C:\Users\sdona\AppData\Local\Temp\8c6fac435f6ad554a9aceeec6bf90d60.mpf_cache
2026-01-19 15:35:35,050 : INFO : ConfigProcessor : Loading config from cache: C:\Users\sdona\AppData\Local\Temp\189e01913405dcf21368edf880785f17.mpf_cache
2026-01-19 15:35:35,051 : INFO : ConfigProcessor : Loading config from cache: C:\Users\sdona\AppData\Local\Temp\9c2447d5008e5c2337580412edd81bce.mpf_cache
2026-01-19 15:35:35,052 : INFO : ConfigProcessor : Loading config from cache: C:\Users\sdona\AppData\Local\Temp\ecb35127b61fe2c3f803378f52b53af8.mpf_cache
2026-01-19 15:35:35,053 : INFO : ConfigProcessor : Loading config from cache: C:\Users\sdona\AppData\Local\Temp\a453bc519324a010fc5f97d23b1d6283.mpf_cache
2026-01-19 15:35:35,054 : INFO : ConfigProcessor : Loading config from cache: C:\Users\sdona\AppData\Local\Temp\e134e8f85ba8fa9c3d7f1500ca292437.mpf_cache
2026-01-19 15:35:35,054 : INFO : ConfigProcessor : Loading config from cache: C:\Users\sdona\AppData\Local\Temp\b24b6909ee6e0520126bbce60d1ed210.mpf_cache
2026-01-19 15:35:35,055 : INFO : ConfigProcessor : Loading config from cache: C:\Users\sdona\AppData\Local\Temp\cba807ea4a81180f6dd01afffacec8ed.mpf_cache
2026-01-19 15:35:35,057 : INFO : ConfigProcessor : Loading config from cache: C:\Users\sdona\AppData\Local\Temp\1ea2aa0876194c7260510f0845fe4bfe.mpf_cache
2026-01-19 15:35:35,057 : INFO : ConfigProcessor : Loading config from cache: C:\Users\sdona\AppData\Local\Temp\a173d53041ed6761e8719c2951eee9e5.mpf_cache
2026-01-19 15:35:35,058 : INFO : ConfigProcessor : Loading config from cache: C:\Users\sdona\AppData\Local\Temp\f071e720e1ef2a753ced60502153911a.mpf_cache
2026-01-19 15:35:35,059 : INFO : ConfigProcessor : Loading config from cache: C:\Users\sdona\AppData\Local\Temp\a464c65b0880a71dbe3e02b1f7271abd.mpf_cache
2026-01-19 15:35:35,060 : INFO : ConfigProcessor : Loading config from cache: C:\Users\sdona\AppData\Local\Temp\b4bf5fa77bdb26872f42159f572a3499.mpf_cache
2026-01-19 15:35:35,061 : INFO : ConfigProcessor : Loading config from cache: C:\Users\sdona\AppData\Local\Temp\cd6f6abb19272a94675a232f8f899ac9.mpf_cache
2026-01-19 15:35:35,062 : INFO : ConfigProcessor : Loading config from cache: C:\Users\sdona\AppData\Local\Temp\5c997126cef538283363f6706780c8e5.mpf_cache
2026-01-19 15:35:35,062 : INFO : ConfigProcessor : Loading config from cache: C:\Users\sdona\AppData\Local\Temp\51c405745738281c3f5e2edc082329f1.mpf_cache
2026-01-19 15:35:35,063 : INFO : ConfigProcessor : Loading config from cache: C:\Users\sdona\AppData\Local\Temp\cbc61a9ec21d345237ebbced62572970.mpf_cache
2026-01-19 15:35:35,064 : INFO : ConfigProcessor : Loading config from cache: C:\Users\sdona\AppData\Local\Temp\c25e7c71bc90546538d4e68911be6658.mpf_cache
2026-01-19 15:35:35,065 : INFO : ConfigProcessor : Loading config from cache: C:\Users\sdona\AppData\Local\Temp\3f778658fc8e6107c1e17d48b06d7ee6.mpf_cache
2026-01-19 15:35:35,066 : INFO : ConfigProcessor : Loading config from cache: C:\Users\sdona\AppData\Local\Temp\b7a51086f1e3c926b3977a0d025a1faa.mpf_cache
2026-01-19 15:35:35,066 : INFO : ConfigProcessor : Loading config from cache: C:\Users\sdona\AppData\Local\Temp\479eb3ca656e084fa2e092204a5b8039.mpf_cache
2026-01-19 15:35:35,067 : INFO : ConfigProcessor : Loading config from cache: C:\Users\sdona\AppData\Local\Temp\bdb81eccbf19551abd8bea5fafeca7c0.mpf_cache
2026-01-19 15:35:35,068 : INFO : ConfigProcessor : Loading config from cache: C:\Users\sdona\AppData\Local\Temp\8f065719b93e886777277178babee650.mpf_cache
2026-01-19 15:35:35,069 : INFO : ConfigProcessor : Loading config from cache: C:\Users\sdona\AppData\Local\Temp\7fef0463a0df344c3146c845257ec616.mpf_cache
2026-01-19 15:35:35,070 : INFO : ConfigProcessor : Loading config from cache: C:\Users\sdona\AppData\Local\Temp\a4f333ad36a077996c49298642b6bdcf.mpf_cache
2026-01-19 15:35:35,071 : INFO : ConfigProcessor : Loading config from cache: C:\Users\sdona\AppData\Local\Temp\e8d69d74f27089cda2650299e9916804.mpf_cache
2026-01-19 15:35:35,071 : INFO : ConfigProcessor : Loading config from cache: C:\Users\sdona\AppData\Local\Temp\05530f35bd950f18d27d3fd571d96823.mpf_cache
2026-01-19 15:35:35,073 : INFO : ConfigProcessor : Loading config from cache: C:\Users\sdona\AppData\Local\Temp\fc1e3f85304c911eb844eb65d36e61be.mpf_cache
2026-01-19 15:35:35,073 : INFO : ConfigProcessor : Loading config from cache: C:\Users\sdona\AppData\Local\Temp\53223d3922288729ee504c1b2a98bb55.mpf_cache
2026-01-19 15:35:35,074 : INFO : ConfigProcessor : Loading config from cache: C:\Users\sdona\AppData\Local\Temp\8d20136ddb274338050d1d1ccc1a5e4f.mpf_cache
2026-01-19 15:35:35,075 : INFO : ConfigProcessor : Loading config from cache: C:\Users\sdona\AppData\Local\Temp\1254d50720d6d5d0da0e84e29cdbaa7a.mpf_cache
2026-01-19 15:35:35,075 : INFO : ConfigProcessor : Loading config from cache: C:\Users\sdona\AppData\Local\Temp\1a7ae31e9f779b1261e3d1eee1831b27.mpf_cache
2026-01-19 15:35:35,077 : INFO : ConfigProcessor : Loading config from cache: C:\Users\sdona\AppData\Local\Temp\8e3ea42c38f2105e0d9462648474c540.mpf_cache
2026-01-19 15:35:35,078 : INFO : ConfigProcessor : Loading config from cache: C:\Users\sdona\AppData\Local\Temp\a61b86d39bcc5a5ea0a5885549542355.mpf_cache
2026-01-19 15:35:35,079 : INFO : ConfigProcessor : Loading config from cache: C:\Users\sdona\AppData\Local\Temp\0be197154604f4b199c224fe0066296a.mpf_cache
2026-01-19 15:35:35,080 : INFO : ConfigProcessor : Loading config from cache: C:\Users\sdona\AppData\Local\Temp\8be1835d379617cb3def36e5084020f6.mpf_cache
2026-01-19 15:35:35,080 : INFO : ConfigProcessor : Loading config from cache: C:\Users\sdona\AppData\Local\Temp\600d86d9f0ce58b92a4c456466b707cc.mpf_cache
2026-01-19 15:35:35,081 : INFO : ConfigProcessor : Loading config from cache: C:\Users\sdona\AppData\Local\Temp\3b8a30babd008550b0699281f52ed27a.mpf_cache
2026-01-19 15:35:35,082 : INFO : ConfigProcessor : Loading config from cache: C:\Users\sdona\AppData\Local\Temp\1605f6efa0d082cac196fbacc374bc42.mpf_cache
2026-01-19 15:35:35,083 : INFO : ConfigProcessor : Loading config from cache: C:\Users\sdona\AppData\Local\Temp\7e2767447a32b13b699b93d64e0ad4e1.mpf_cache
2026-01-19 15:35:35,084 : INFO : ConfigProcessor : Loading config from cache: C:\Users\sdona\AppData\Local\Temp\2afc3d032f598172139245ac02c70f84.mpf_cache
2026-01-19 15:35:35,085 : INFO : ConfigProcessor : Loading config from cache: C:\Users\sdona\AppData\Local\Temp\ec387031d703ca01cd1e512f54ea45a6.mpf_cache
2026-01-19 15:35:35,086 : INFO : ConfigProcessor : Loading config from cache: C:\Users\sdona\AppData\Local\Temp\6060c5cf25a8bbaedfcd18b580aef368.mpf_cache
2026-01-19 15:35:35,087 : INFO : ConfigProcessor : Loading config from cache: C:\Users\sdona\AppData\Local\Temp\62ef5d872b70fca48f955a2e25312807.mpf_cache
2026-01-19 15:35:35,088 : INFO : ConfigProcessor : Loading config from cache: C:\Users\sdona\AppData\Local\Temp\c52aca253ccfb6abe708ff6ee9d67c14.mpf_cache
2026-01-19 15:35:35,088 : INFO : ConfigProcessor : Loading config from cache: C:\Users\sdona\AppData\Local\Temp\f4a78d1a7bce952f8a932d586083fdd8.mpf_cache
2026-01-19 15:35:35,089 : INFO : ConfigProcessor : Loading config from cache: C:\Users\sdona\AppData\Local\Temp\bb94c9c1e15d87765c90f1ffc77705c9.mpf_cache
2026-01-19 15:35:35,090 : INFO : ConfigProcessor : Loading config from cache: C:\Users\sdona\AppData\Local\Temp\9d4ee1bead7c17d1b5b361b9a86c5113.mpf_cache
2026-01-19 15:35:35,091 : INFO : ConfigProcessor : Loading config from cache: C:\Users\sdona\AppData\Local\Temp\9eeb681ca391f55fc1b328483a35afc6.mpf_cache
2026-01-19 15:35:35,092 : INFO : ConfigProcessor : Loading config from cache: C:\Users\sdona\AppData\Local\Temp\019a5133c8eb0a0be84c7200575a8bf2.mpf_cache
2026-01-19 15:35:35,093 : INFO : ConfigProcessor : Loading config from cache: C:\Users\sdona\AppData\Local\Temp\ce0801e7c3c55e24fe9cf2e243ba629e.mpf_cache
2026-01-19 15:35:35,094 : INFO : ConfigProcessor : Loading config from cache: C:\Users\sdona\AppData\Local\Temp\1ecbcaf9f778e10bebb5864384a052b1.mpf_cache
2026-01-19 15:35:35,096 : INFO : ConfigProcessor : Loading config from cache: C:\Users\sdona\AppData\Local\Temp\9b344eb280fe382fefe59edea2f1176a.mpf_cache
2026-01-19 15:35:35,098 : INFO : ConfigProcessor : Loading config from cache: C:\Users\sdona\AppData\Local\Temp\ac821f52899dc68030dd952fdacc88a6.mpf_cache
2026-01-19 15:35:35,098 : INFO : ConfigProcessor : Loading config from cache: C:\Users\sdona\AppData\Local\Temp\6ba912a63b7c348f0f92fd7751916e09.mpf_cache
2026-01-19 15:35:35,099 : INFO : ConfigProcessor : Loading config from cache: C:\Users\sdona\AppData\Local\Temp\dd9dffa1d18960178033f021f1e04e5f.mpf_cache
2026-01-19 15:35:35,100 : INFO : ConfigProcessor : Loading config from cache: C:\Users\sdona\AppData\Local\Temp\5405df938f7ef9af99b1c654cacd899d.mpf_cache
2026-01-19 15:35:35,101 : INFO : ConfigProcessor : Loading config from cache: C:\Users\sdona\AppData\Local\Temp\856582d286ed2569cf4ebe5e0a18a6ab.mpf_cache
2026-01-19 15:35:35,102 : INFO : Machine : Mission Pinball Framework Core Engine v0.80.0.dev11
2026-01-19 15:35:35,102 : INFO : Machine : Command line arguments: {'no_load_cache': False, 'create_config_cache': True, 'bcp': True, 'configfile': ['config.yaml'], 'force_assets_load': False, 'platform_integration_test': False, 'jsonlogging': False, 'logfile': 'logs\\2026-01-19-15-35-34-mpf-PinballLaptop.log', 'pause': False, 'production': False, 'text_ui': False, 'loglevel': 10, 'consoleloglevel': 10, 'force_platform': 'smart_virtual', 'syslog_address': None, 'full_logfile_path': 'C:\\venv\\mpf\\mmmdrop\\logs\\2026-01-19-15-35-34-mpf-PinballLaptop.log'}
2026-01-19 15:35:35,103 : INFO : Machine : MPF path: c:\venv\mpf\Lib\site-packages\mpf
2026-01-19 15:35:35,103 : INFO : Machine : Machine path: C:\venv\mpf\mmmdrop
2026-01-19 15:35:35,103 : INFO : Machine : Platform: win32
2026-01-19 15:35:35,103 : INFO : Machine : Python executable location: c:\venv\mpf\Scripts\python.exe
2026-01-19 15:35:35,103 : INFO : Machine : Python version: 3.13.11 (64-bit)
2026-01-19 15:35:35,105 : DEBUG : asyncio : Using proactor: IocpProactor
2026-01-19 15:35:35,106 : INFO : Machine : Initializing MPF...
2026-01-19 15:35:35,172 : DEBUG : TextUi : Text UI is disabled. TUI option setting: False, Asciimatics loaded: None
2026-01-19 15:35:35,198 : INFO : EventManager : Event: ======'machine_var_credits_string'====== Args={'value': 'FREE PLAY', 'prev_value': None, 'change': True}
2026-01-19 15:35:35,235 : DEBUG : YAML File Interface : Loading file: C:\venv\mpf\mmmdrop\data/machine_vars.yaml
2026-01-19 15:35:35,241 : INFO : EventManager : Event: ======'machine_var_fast_audio_headphones_volume'====== Args={'value': 10, 'prev_value': None, 'change': True}
2026-01-19 15:35:35,242 : INFO : EventManager : Event: ======'machine_var_fast_audio_main_volume'====== Args={'value': 44, 'prev_value': None, 'change': True}
2026-01-19 15:35:35,242 : INFO : EventManager : Event: ======'machine_var_master_volume'====== Args={'value': 0.65, 'prev_value': None, 'change': True}
2026-01-19 15:35:35,242 : INFO : EventManager : Event: ======'machine_var_player1_score'====== Args={'value': 47395830, 'prev_value': None, 'change': True}
2026-01-19 15:35:35,242 : INFO : EventManager : Event: ======'machine_var_game_just_played'====== Args={'value': 0, 'prev_value': None, 'change': True}
2026-01-19 15:35:35,242 : INFO : EventManager : Event: ======'machine_var_mpf_version'====== Args={'value': 'Mission Pinball Framework v0.80.0.dev11', 'prev_value': None, 'change': True}
2026-01-19 15:35:35,242 : INFO : EventManager : Event: ======'machine_var_mpf_extended_version'====== Args={'value': 'Mission Pinball Framework v0.80.0.dev11, Config version:6, Show version: 6, BCP version:1.1', 'prev_value': None, 'change': True}
2026-01-19 15:35:35,242 : INFO : EventManager : Event: ======'machine_var_python_version'====== Args={'value': '3.13.11', 'prev_value': None, 'change': True}
2026-01-19 15:35:35,287 : INFO : EventManager : Event: ======'machine_var_platform'====== Args={'value': 'Windows-11-10.0.26200-SP0', 'prev_value': None, 'change': True}
2026-01-19 15:35:35,287 : INFO : EventManager : Event: ======'machine_var_platform_system'====== Args={'value': 'Windows', 'prev_value': None, 'change': True}
2026-01-19 15:35:35,287 : INFO : EventManager : Event: ======'machine_var_platform_release'====== Args={'value': '11', 'prev_value': None, 'change': True}
2026-01-19 15:35:35,288 : INFO : EventManager : Event: ======'machine_var_platform_version'====== Args={'value': '10.0.26200', 'prev_value': None, 'change': True}
2026-01-19 15:35:35,288 : INFO : EventManager : Event: ======'machine_var_platform_machine'====== Args={'value': 'AMD64', 'prev_value': None, 'change': True}
2026-01-19 15:35:35,288 : INFO : EventManager : Event: ======'machine_var_log_file_path'====== Args={'value': 'C:\\venv\\mpf\\mmmdrop\\logs\\2026-01-19-15-35-34-mpf-PinballLaptop.log', 'prev_value': None, 'change': True}
2026-01-19 15:35:35,288 : INFO : EventManager : Event: ======'init_phase_1'====== Args={}
2026-01-19 15:35:35,289 : DEBUG : ModeController : Loaded mode threemcsand1dj
2026-01-19 15:35:35,289 : DEBUG : ModeController : Loaded mode highplainsdrifter
2026-01-19 15:35:35,298 : DEBUG : ModeController : Loaded mode game
2026-01-19 15:35:35,305 : DEBUG : ModeController : Loaded mode service
2026-01-19 15:35:35,305 : DEBUG : ModeController : Loaded mode tripletrouble
2026-01-19 15:35:35,306 : DEBUG : ModeController : Loaded mode girls
2026-01-19 15:35:35,306 : DEBUG : ModeController : Loaded mode fingerlickingood
2026-01-19 15:35:35,306 : DEBUG : ModeController : Loaded mode superspins
2026-01-19 15:35:35,306 : DEBUG : ModeController : Loaded mode sabotage
2026-01-19 15:35:35,307 : DEBUG : ModeController : Loaded mode superdrops
2026-01-19 15:35:35,312 : DEBUG : ModeController : Loaded mode tilt
2026-01-19 15:35:35,313 : DEBUG : ModeController : Loaded mode paulrevere
2026-01-19 15:35:35,313 : DEBUG : ModeController : Loaded mode toomanyrappers
2026-01-19 15:35:35,313 : DEBUG : ModeController : Loaded mode combos
2026-01-19 15:35:35,314 : DEBUG : ModeController : Loaded mode supercombos
2026-01-19 15:35:35,314 : DEBUG : ModeController : Loaded mode superstandups
2026-01-19 15:35:35,314 : DEBUG : ModeController : Loaded mode superpops
2026-01-19 15:35:35,315 : DEBUG : ModeController : Loaded mode makesomenoise
2026-01-19 15:35:35,315 : DEBUG : ModeController : Loaded mode intergalactic
2026-01-19 15:35:35,315 : DEBUG : ModeController : Loaded mode base
2026-01-19 15:35:35,316 : DEBUG : ModeController : Loaded mode batterycharger
2026-01-19 15:35:35,316 : DEBUG : ModeController : Loaded mode multiball
2026-01-19 15:35:35,322 : DEBUG : ModeController : Loaded mode carousel
2026-01-19 15:35:35,322 : DEBUG : ModeController : Loaded mode bodymovin
2026-01-19 15:35:35,323 : DEBUG : ModeController : Loaded mode skill_shot
2026-01-19 15:35:35,328 : DEBUG : ModeController : Loaded mode highscore
2026-01-19 15:35:35,333 : DEBUG : ModeController : Loaded mode bonus
2026-01-19 15:35:35,338 : DEBUG : ModeController : Loaded mode attract
2026-01-19 15:35:35,338 : DEBUG : ModeController : Loaded mode chcheckitout
2026-01-19 15:35:35,426 : INFO : EventManager : Event: ======'drop_target_bank_three_bank_up'====== Args={}
2026-01-19 15:35:35,428 : INFO : EventManager : Event: ======'init_phase_2'====== Args={}
2026-01-19 15:35:35,428 : INFO : SwitchController : Found active switch: ('3208-0', <Platform.SmartVirtual>) <switch.s_trough1>
2026-01-19 15:35:35,428 : INFO : SwitchController : Found active switch: ('3208-1', <Platform.SmartVirtual>) <switch.s_trough2>
2026-01-19 15:35:35,429 : INFO : SwitchController : Found active switch: ('3208-2', <Platform.SmartVirtual>) <switch.s_trough3>
2026-01-19 15:35:35,429 : INFO : SwitchController : Found active switch: ('3208-3', <Platform.SmartVirtual>) <switch.s_trough4>
2026-01-19 15:35:35,429 : INFO : SwitchController : Found active switch: ('3208-4', <Platform.SmartVirtual>) <switch.s_trough5>
2026-01-19 15:35:35,429 : INFO : SwitchController : Found active switch: ('3208-5', <Platform.SmartVirtual>) <switch.s_trough6>
2026-01-19 15:35:35,510 : INFO : EventManager : Event: ======'machine_var_score1_label'====== Args={'value': 'GRAND CHAMPION', 'prev_value': None, 'change': True}
2026-01-19 15:35:35,510 : INFO : EventManager : Event: ======'machine_var_score1_name'====== Args={'value': 'MCA', 'prev_value': None, 'change': True}
2026-01-19 15:35:35,510 : INFO : EventManager : Event: ======'machine_var_score1_value'====== Args={'value': 300000000, 'prev_value': None, 'change': True}
2026-01-19 15:35:35,510 : INFO : EventManager : Event: ======'machine_var_score2_label'====== Args={'value': 'HIGH SCORE 1', 'prev_value': None, 'change': True}
2026-01-19 15:35:35,510 : INFO : EventManager : Event: ======'machine_var_score2_name'====== Args={'value': 'ADR', 'prev_value': None, 'change': True}
2026-01-19 15:35:35,510 : INFO : EventManager : Event: ======'machine_var_score2_value'====== Args={'value': 250000000, 'prev_value': None, 'change': True}
2026-01-19 15:35:35,510 : INFO : EventManager : Event: ======'machine_var_score3_label'====== Args={'value': 'HIGH SCORE 2', 'prev_value': None, 'change': True}
2026-01-19 15:35:35,510 : INFO : EventManager : Event: ======'machine_var_score3_name'====== Args={'value': 'MIK', 'prev_value': None, 'change': True}
2026-01-19 15:35:35,510 : INFO : EventManager : Event: ======'machine_var_score3_value'====== Args={'value': 200000000, 'prev_value': None, 'change': True}
2026-01-19 15:35:35,510 : INFO : EventManager : Event: ======'machine_var_score4_label'====== Args={'value': 'HIGH SCORE 3', 'prev_value': None, 'change': True}
2026-01-19 15:35:35,510 : INFO : EventManager : Event: ======'machine_var_score4_name'====== Args={'value': 'MMM', 'prev_value': None, 'change': True}
2026-01-19 15:35:35,510 : INFO : EventManager : Event: ======'machine_var_score4_value'====== Args={'value': 150000000, 'prev_value': None, 'change': True}
2026-01-19 15:35:35,510 : INFO : EventManager : Event: ======'machine_var_score5_label'====== Args={'value': 'HIGH SCORE 4', 'prev_value': None, 'change': True}
2026-01-19 15:35:35,510 : INFO : EventManager : Event: ======'machine_var_score5_name'====== Args={'value': 'DJH', 'prev_value': None, 'change': True}
2026-01-19 15:35:35,511 : INFO : EventManager : Event: ======'machine_var_score5_value'====== Args={'value': 100000000, 'prev_value': None, 'change': True}
2026-01-19 15:35:35,511 : INFO : EventManager : Event: ======'machine_var_multiball_chcheckitout_score1_label'====== Args={'value': 'CH-CHECK IT OUT MULTIBALL CHAMPION', 'prev_value': None, 'change': True}
2026-01-19 15:35:35,511 : INFO : EventManager : Event: ======'machine_var_multiball_chcheckitout_score1_name'====== Args={'value': 'MCA', 'prev_value': None, 'change': True}
2026-01-19 15:35:35,511 : INFO : EventManager : Event: ======'machine_var_multiball_chcheckitout_score1_value'====== Args={'value': 10000000, 'prev_value': None, 'change': True}
2026-01-19 15:35:35,511 : INFO : EventManager : Event: ======'machine_var_multiball_bodymovin_score1_label'====== Args={'value': "BODY MOVIN' MULTIBALL CHAMPION", 'prev_value': None, 'change': True}
2026-01-19 15:35:35,511 : INFO : EventManager : Event: ======'machine_var_multiball_bodymovin_score1_name'====== Args={'value': 'MIK', 'prev_value': None, 'change': True}
2026-01-19 15:35:35,511 : INFO : EventManager : Event: ======'machine_var_multiball_bodymovin_score1_value'====== Args={'value': 10000000, 'prev_value': None, 'change': True}
2026-01-19 15:35:35,511 : INFO : EventManager : Event: ======'machine_var_mode_fingerlickingood_score1_label'====== Args={'value': "FINGER LICKIN' GOOD CHAMPION", 'prev_value': None, 'change': True}
2026-01-19 15:35:35,511 : INFO : EventManager : Event: ======'machine_var_mode_fingerlickingood_score1_name'====== Args={'value': 'DJH', 'prev_value': None, 'change': True}
2026-01-19 15:35:35,511 : INFO : EventManager : Event: ======'machine_var_mode_fingerlickingood_score1_value'====== Args={'value': 5000000, 'prev_value': None, 'change': True}
2026-01-19 15:35:35,511 : INFO : EventManager : Event: ======'machine_var_mode_highplainsdrifter_score1_label'====== Args={'value': 'HIGH PLAINS DRIFTER CHAMPION', 'prev_value': None, 'change': True}
2026-01-19 15:35:35,511 : INFO : EventManager : Event: ======'machine_var_mode_highplainsdrifter_score1_name'====== Args={'value': 'MCA', 'prev_value': None, 'change': True}
2026-01-19 15:35:35,511 : INFO : EventManager : Event: ======'machine_var_mode_highplainsdrifter_score1_value'====== Args={'value': 5000000, 'prev_value': None, 'change': True}
2026-01-19 15:35:35,511 : INFO : EventManager : Event: ======'machine_var_mode_intergalactic_score1_label'====== Args={'value': 'INTERGALACTIC CHAMPION', 'prev_value': None, 'change': True}
2026-01-19 15:35:35,511 : INFO : EventManager : Event: ======'machine_var_mode_intergalactic_score1_name'====== Args={'value': 'MIK', 'prev_value': None, 'change': True}
2026-01-19 15:35:35,511 : INFO : EventManager : Event: ======'machine_var_mode_intergalactic_score1_value'====== Args={'value': 5000000, 'prev_value': None, 'change': True}
2026-01-19 15:35:35,511 : INFO : EventManager : Event: ======'machine_var_mode_paulrevere_score1_label'====== Args={'value': 'PAUL REVERE CHAMPION', 'prev_value': None, 'change': True}
2026-01-19 15:35:35,511 : INFO : EventManager : Event: ======'machine_var_mode_paulrevere_score1_name'====== Args={'value': 'ADR', 'prev_value': None, 'change': True}
2026-01-19 15:35:35,512 : INFO : EventManager : Event: ======'machine_var_mode_paulrevere_score1_value'====== Args={'value': 5000000, 'prev_value': None, 'change': True}
2026-01-19 15:35:35,512 : INFO : EventManager : Event: ======'machine_var_mode_sabotage_score1_label'====== Args={'value': 'SABOTAGE CHAMPION', 'prev_value': None, 'change': True}
2026-01-19 15:35:35,512 : INFO : EventManager : Event: ======'machine_var_mode_sabotage_score1_name'====== Args={'value': 'MIK', 'prev_value': None, 'change': True}
2026-01-19 15:35:35,512 : INFO : EventManager : Event: ======'machine_var_mode_sabotage_score1_value'====== Args={'value': 5000000, 'prev_value': None, 'change': True}
2026-01-19 15:35:35,512 : INFO : EventManager : Event: ======'machine_var_mode_threemcsand1dj_score1_label'====== Args={'value': "3 MC'S AND 1 DJ CHAMPION", 'prev_value': None, 'change': True}
2026-01-19 15:35:35,512 : INFO : EventManager : Event: ======'machine_var_mode_threemcsand1dj_score1_name'====== Args={'value': 'MMM', 'prev_value': None, 'change': True}
2026-01-19 15:35:35,512 : INFO : EventManager : Event: ======'machine_var_mode_threemcsand1dj_score1_value'====== Args={'value': 5000000, 'prev_value': None, 'change': True}
2026-01-19 15:35:35,512 : INFO : EventManager : Event: ======'machine_var_mode_toomanyrappers_score1_label'====== Args={'value': 'TOO MANY RAPPERS CHAMPION', 'prev_value': None, 'change': True}
2026-01-19 15:35:35,512 : INFO : EventManager : Event: ======'machine_var_mode_toomanyrappers_score1_name'====== Args={'value': 'DJH', 'prev_value': None, 'change': True}
2026-01-19 15:35:35,512 : INFO : EventManager : Event: ======'machine_var_mode_toomanyrappers_score1_value'====== Args={'value': 5000000, 'prev_value': None, 'change': True}
2026-01-19 15:35:35,512 : INFO : EventManager : Event: ======'machine_var_mode_tripletrouble_score1_label'====== Args={'value': 'TRIPLE TROUBLE CHAMPION', 'prev_value': None, 'change': True}
2026-01-19 15:35:35,512 : INFO : EventManager : Event: ======'machine_var_mode_tripletrouble_score1_name'====== Args={'value': 'MCA', 'prev_value': None, 'change': True}
2026-01-19 15:35:35,512 : INFO : EventManager : Event: ======'machine_var_mode_tripletrouble_score1_value'====== Args={'value': 5000000, 'prev_value': None, 'change': True}
2026-01-19 15:35:35,512 : INFO : EventManager : Event: ======'machine_var_mode_makesomenoise_score1_label'====== Args={'value': 'MAKE SOME NOISE CHAMPION', 'prev_value': None, 'change': True}
2026-01-19 15:35:35,512 : INFO : EventManager : Event: ======'machine_var_mode_makesomenoise_score1_name'====== Args={'value': 'MIK', 'prev_value': None, 'change': True}
2026-01-19 15:35:35,512 : INFO : EventManager : Event: ======'machine_var_mode_makesomenoise_score1_value'====== Args={'value': 5000000, 'prev_value': None, 'change': True}
2026-01-19 15:35:35,513 : INFO : EventManager : Event: ======'bcp_connection_attempt'====== Args={'name': 'local_display', 'host': 'localhost', 'port': 5050}
2026-01-19 15:35:35,516 : INFO : BCPClientSocket : Connecting BCP to 'local_display' at localhost:5050...
2026-01-19 15:36:11,252 : INFO : Machine : Starting the main run loop with active modes: []
2026-01-19 15:36:11,252 : WARNING : Machine : Attract mode is not active, game will not be playable. Please check your attract mode configuration.
2026-01-19 15:36:11,252 : INFO : Machine : Shutting down...
2026-01-19 15:36:11,253 : INFO : EventManager : Event: ======'shutdown'====== Args={}
2026-01-19 15:36:12,261 : INFO : root : MPF run loop ended.
